[0.003s][info][gc,init] Initializing The Z Garbage Collector
[0.003s][info][gc,init] Version: 21+35-LTS (release)
[0.003s][info][gc,init] Using legacy single-generation mode
[0.003s][info][gc,init] NUMA Support: Disabled
[0.003s][info][gc,init] CPUs: 12 total, 12 available
[0.003s][info][gc,init] Memory: 65536M
[0.003s][info][gc,init] Large Page Support: Disabled
[0.003s][info][gc,init] GC Workers: 3 (dynamic)
[0.003s][info][gc,init] Address Space Type: Contiguous/Unrestricted/Complete
[0.003s][info][gc,init] Address Space Size: 131072M x 3 = 393216M
[0.004s][info][gc,init] Min Capacity: 8192M
[0.004s][info][gc,init] Initial Capacity: 8192M
[0.004s][info][gc,init] Max Capacity: 8192M
[0.004s][info][gc,init] Medium Page Size: 32M
[0.004s][info][gc,init] Pre-touch: Disabled
[0.004s][info][gc,init] Uncommit: Implicitly Disabled (-Xms equals -Xmx)
[0.004s][info][gc,init] Runtime Workers: 8
[0.004s][info][gc     ] Using The Z Garbage Collector
[0.007s][info][gc,metaspace] CDS archive(s) mapped at: [0x0000007000000000-0x0000007000ca4000-0x0000007000ca4000), size 13254656, SharedBaseAddress: 0x0000007000000000, ArchiveRelocationMode: 1.
[0.007s][info][gc,metaspace] Compressed class space mapped at: 0x0000007001000000-0x0000007041000000, reserved size: 1073741824
[0.007s][info][gc,metaspace] Narrow klass base: 0x0000007000000000, Narrow klass shift: 0, Narrow klass range: 0x100000000
[0.023s][info][gc,start    ] GC(0) Garbage Collection (System.gc())
[0.023s][info][gc,task     ] GC(0) Using 3 workers
[0.023s][info][gc,phases   ] GC(0) Pause Mark Start 0.005ms
[0.025s][info][gc,phases   ] GC(0) Concurrent Mark 1.496ms
[0.025s][info][gc,phases   ] GC(0) Pause Mark End 0.004ms
[0.025s][info][gc,phases   ] GC(0) Concurrent Mark Free 0.000ms
[0.025s][info][gc,phases   ] GC(0) Concurrent Process Non-Strong References 0.094ms
[0.025s][info][gc,phases   ] GC(0) Concurrent Reset Relocation Set 0.000ms
[0.029s][info][gc,phases   ] GC(0) Concurrent Select Relocation Set 4.192ms
[0.029s][info][gc,phases   ] GC(0) Pause Relocate Start 0.003ms
[0.029s][info][gc,phases   ] GC(0) Concurrent Relocate 0.008ms
[0.029s][info][gc,load     ] GC(0) Load: 1.39/1.37/1.59
[0.029s][info][gc,mmu      ] GC(0) MMU: 2ms/99.5%, 5ms/99.8%, 10ms/99.9%, 20ms/99.9%, 50ms/100.0%, 100ms/100.0%
[0.029s][info][gc,marking  ] GC(0) Mark: 2 stripe(s), 1 proactive flush(es), 1 terminate flush(es), 0 completion(s), 0 continuation(s) 
[0.029s][info][gc,marking  ] GC(0) Mark Stack Usage: 32M
[0.029s][info][gc,nmethod  ] GC(0) NMethods: 64 registered, 2 unregistered
[0.029s][info][gc,metaspace] GC(0) Metaspace: 0M used, 0M committed, 1088M reserved
[0.029s][info][gc,ref      ] GC(0) Soft: 2 encountered, 0 discovered, 0 enqueued
[0.029s][info][gc,ref      ] GC(0) Weak: 9 encountered, 0 discovered, 0 enqueued
[0.029s][info][gc,ref      ] GC(0) Final: 0 encountered, 0 discovered, 0 enqueued
[0.029s][info][gc,ref      ] GC(0) Phantom: 3 encountered, 2 discovered, 0 enqueued
[0.029s][info][gc,reloc    ] GC(0) Small Pages: 1 / 2M, Empty: 0M, Relocated: 0M, In-Place: 0
[0.029s][info][gc,reloc    ] GC(0) Medium Pages: 0 / 0M, Empty: 0M, Relocated: 0M, In-Place: 0
[0.029s][info][gc,reloc    ] GC(0) Large Pages: 0 / 0M, Empty: 0M, Relocated: 0M, In-Place: 0
[0.029s][info][gc,reloc    ] GC(0) Forwarding Usage: 0M
[0.029s][info][gc,heap     ] GC(0) Min Capacity: 8192M(100%)
[0.029s][info][gc,heap     ] GC(0) Max Capacity: 8192M(100%)
[0.029s][info][gc,heap     ] GC(0) Soft Max Capacity: 8192M(100%)
[0.029s][info][gc,heap     ] GC(0)                Mark Start          Mark End        Relocate Start      Relocate End           High               Low         
[0.029s][info][gc,heap     ] GC(0)  Capacity:     8192M (100%)       8192M (100%)       8192M (100%)       8192M (100%)       8192M (100%)       8192M (100%)   
[0.029s][info][gc,heap     ] GC(0)      Free:     8190M (100%)       8190M (100%)       8190M (100%)       8190M (100%)       8190M (100%)       8190M (100%)   
[0.029s][info][gc,heap     ] GC(0)      Used:        2M (0%)            2M (0%)            2M (0%)            2M (0%)            2M (0%)            2M (0%)     
[0.029s][info][gc,heap     ] GC(0)      Live:         -                 0M (0%)            0M (0%)            0M (0%)             -                  -          
[0.029s][info][gc,heap     ] GC(0) Allocated:         -                 0M (0%)            0M (0%)            0M (0%)             -                  -          
[0.029s][info][gc,heap     ] GC(0)   Garbage:         -                 1M (0%)            1M (0%)            1M (0%)             -                  -          
[0.029s][info][gc,heap     ] GC(0) Reclaimed:         -                  -                 0M (0%)            0M (0%)             -                  -          
[0.029s][info][gc          ] GC(0) Garbage Collection (System.gc()) 2M(0%)->2M(0%)
[0.485s][info][gc,start    ] GC(1) Garbage Collection (System.gc())
[0.485s][info][gc,task     ] GC(1) Using 3 workers
[0.485s][info][gc,phases   ] GC(1) Pause Mark Start 0.011ms
[0.487s][info][gc,phases   ] GC(1) Concurrent Mark 2.307ms
[0.487s][info][gc,phases   ] GC(1) Pause Mark End 0.015ms
[0.487s][info][gc,phases   ] GC(1) Concurrent Mark Free 0.001ms
[0.488s][info][gc,phases   ] GC(1) Concurrent Process Non-Strong References 0.192ms
[0.488s][info][gc,phases   ] GC(1) Concurrent Reset Relocation Set 0.001ms
[0.494s][info][gc,phases   ] GC(1) Concurrent Select Relocation Set 6.275ms
[0.494s][info][gc,phases   ] GC(1) Pause Relocate Start 0.010ms
[0.495s][info][gc,phases   ] GC(1) Concurrent Relocate 0.965ms
[0.495s][info][gc,load     ] GC(1) Load: 1.39/1.37/1.59
[0.495s][info][gc,mmu      ] GC(1) MMU: 2ms/99.2%, 5ms/99.5%, 10ms/99.6%, 20ms/99.8%, 50ms/99.9%, 100ms/100.0%
[0.495s][info][gc,marking  ] GC(1) Mark: 2 stripe(s), 1 proactive flush(es), 1 terminate flush(es), 0 completion(s), 0 continuation(s) 
[0.495s][info][gc,marking  ] GC(1) Mark Stack Usage: 32M
[0.495s][info][gc,nmethod  ] GC(1) NMethods: 66 registered, 2 unregistered
[0.495s][info][gc,metaspace] GC(1) Metaspace: 0M used, 0M committed, 1088M reserved
[0.495s][info][gc,ref      ] GC(1) Soft: 2 encountered, 0 discovered, 0 enqueued
[0.495s][info][gc,ref      ] GC(1) Weak: 9 encountered, 0 discovered, 0 enqueued
[0.495s][info][gc,ref      ] GC(1) Final: 0 encountered, 0 discovered, 0 enqueued
[0.495s][info][gc,ref      ] GC(1) Phantom: 3 encountered, 2 discovered, 0 enqueued
[0.495s][info][gc,reloc    ] GC(1) Small Pages: 2 / 4M, Empty: 0M, Relocated: 0M, In-Place: 0
[0.495s][info][gc,reloc    ] GC(1) Medium Pages: 0 / 0M, Empty: 0M, Relocated: 0M, In-Place: 0
[0.495s][info][gc,reloc    ] GC(1) Large Pages: 0 / 0M, Empty: 0M, Relocated: 0M, In-Place: 0
[0.495s][info][gc,reloc    ] GC(1) Forwarding Usage: 0M
[0.495s][info][gc,heap     ] GC(1) Min Capacity: 8192M(100%)
[0.495s][info][gc,heap     ] GC(1) Max Capacity: 8192M(100%)
[0.495s][info][gc,heap     ] GC(1) Soft Max Capacity: 8192M(100%)
[0.495s][info][gc,heap     ] GC(1)                Mark Start          Mark End        Relocate Start      Relocate End           High               Low         
[0.495s][info][gc,heap     ] GC(1)  Capacity:     8192M (100%)       8192M (100%)       8192M (100%)       8192M (100%)       8192M (100%)       8192M (100%)   
[0.495s][info][gc,heap     ] GC(1)      Free:     8188M (100%)       8188M (100%)       8188M (100%)       8188M (100%)       8188M (100%)       8184M (100%)   
[0.495s][info][gc,heap     ] GC(1)      Used:        4M (0%)            4M (0%)            4M (0%)            4M (0%)            8M (0%)            4M (0%)     
[0.495s][info][gc,heap     ] GC(1)      Live:         -                 0M (0%)            0M (0%)            0M (0%)             -                  -          
[0.495s][info][gc,heap     ] GC(1) Allocated:         -                 0M (0%)            0M (0%)            0M (0%)             -                  -          
[0.495s][info][gc,heap     ] GC(1)   Garbage:         -                 3M (0%)            3M (0%)            3M (0%)             -                  -          
[0.495s][info][gc,heap     ] GC(1) Reclaimed:         -                  -                 0M (0%)            0M (0%)             -                  -          
[0.495s][info][gc          ] GC(1) Garbage Collection (System.gc()) 4M(0%)->4M(0%)
[0.952s][info][gc,start    ] GC(2) Garbage Collection (System.gc())
[0.952s][info][gc,task     ] GC(2) Using 3 workers
[0.952s][info][gc,phases   ] GC(2) Pause Mark Start 0.018ms
[0.955s][info][gc,phases   ] GC(2) Concurrent Mark 2.667ms
[0.955s][info][gc,phases   ] GC(2) Pause Mark End 0.019ms
[0.955s][info][gc,phases   ] GC(2) Concurrent Mark Free 0.001ms
[0.956s][info][gc,phases   ] GC(2) Concurrent Process Non-Strong References 1.190ms
[0.956s][info][gc,phases   ] GC(2) Concurrent Reset Relocation Set 0.002ms
[0.961s][info][gc,phases   ] GC(2) Concurrent Select Relocation Set 5.241ms
[0.962s][info][gc,phases   ] GC(2) Pause Relocate Start 0.009ms
[0.963s][info][gc,phases   ] GC(2) Concurrent Relocate 0.925ms
[0.963s][info][gc,load     ] GC(2) Load: 1.39/1.37/1.59
[0.963s][info][gc,mmu      ] GC(2) MMU: 2ms/99.1%, 5ms/99.3%, 10ms/99.5%, 20ms/99.8%, 50ms/99.9%, 100ms/100.0%
[0.963s][info][gc,marking  ] GC(2) Mark: 2 stripe(s), 1 proactive flush(es), 1 terminate flush(es), 0 completion(s), 0 continuation(s) 
[0.963s][info][gc,marking  ] GC(2) Mark Stack Usage: 32M
[0.963s][info][gc,nmethod  ] GC(2) NMethods: 67 registered, 2 unregistered
[0.963s][info][gc,metaspace] GC(2) Metaspace: 0M used, 0M committed, 1088M reserved
[0.963s][info][gc,ref      ] GC(2) Soft: 2 encountered, 0 discovered, 0 enqueued
[0.963s][info][gc,ref      ] GC(2) Weak: 9 encountered, 0 discovered, 0 enqueued
[0.963s][info][gc,ref      ] GC(2) Final: 0 encountered, 0 discovered, 0 enqueued
[0.963s][info][gc,ref      ] GC(2) Phantom: 3 encountered, 2 discovered, 0 enqueued
[0.963s][info][gc,reloc    ] GC(2) Small Pages: 3 / 6M, Empty: 0M, Relocated: 0M, In-Place: 0
[0.963s][info][gc,reloc    ] GC(2) Medium Pages: 0 / 0M, Empty: 0M, Relocated: 0M, In-Place: 0
[0.963s][info][gc,reloc    ] GC(2) Large Pages: 0 / 0M, Empty: 0M, Relocated: 0M, In-Place: 0
[0.963s][info][gc,reloc    ] GC(2) Forwarding Usage: 0M
[0.963s][info][gc,heap     ] GC(2) Min Capacity: 8192M(100%)
[0.963s][info][gc,heap     ] GC(2) Max Capacity: 8192M(100%)
[0.963s][info][gc,heap     ] GC(2) Soft Max Capacity: 8192M(100%)
[0.963s][info][gc,heap     ] GC(2)                Mark Start          Mark End        Relocate Start      Relocate End           High               Low         
[0.963s][info][gc,heap     ] GC(2)  Capacity:     8192M (100%)       8192M (100%)       8192M (100%)       8192M (100%)       8192M (100%)       8192M (100%)   
[0.963s][info][gc,heap     ] GC(2)      Free:     8186M (100%)       8186M (100%)       8186M (100%)       8186M (100%)       8186M (100%)       8180M (100%)   
[0.963s][info][gc,heap     ] GC(2)      Used:        6M (0%)            6M (0%)            6M (0%)            6M (0%)           12M (0%)            6M (0%)     
[0.963s][info][gc,heap     ] GC(2)      Live:         -                 0M (0%)            0M (0%)            0M (0%)             -                  -          
[0.963s][info][gc,heap     ] GC(2) Allocated:         -                 0M (0%)            0M (0%)            0M (0%)             -                  -          
[0.963s][info][gc,heap     ] GC(2)   Garbage:         -                 5M (0%)            5M (0%)            5M (0%)             -                  -          
[0.963s][info][gc,heap     ] GC(2) Reclaimed:         -                  -                 0M (0%)            0M (0%)             -                  -          
[0.963s][info][gc          ] GC(2) Garbage Collection (System.gc()) 6M(0%)->6M(0%)
[1.419s][info][gc,start    ] GC(3) Garbage Collection (System.gc())
[1.419s][info][gc,task     ] GC(3) Using 3 workers
[1.420s][info][gc,phases   ] GC(3) Pause Mark Start 0.005ms
[1.422s][info][gc,phases   ] GC(3) Concurrent Mark 2.143ms
[1.422s][info][gc,phases   ] GC(3) Pause Mark End 0.010ms
[1.422s][info][gc,phases   ] GC(3) Concurrent Mark Free 0.000ms
[1.422s][info][gc,phases   ] GC(3) Concurrent Process Non-Strong References 0.607ms
[1.422s][info][gc,phases   ] GC(3) Concurrent Reset Relocation Set 0.001ms
[1.428s][info][gc,phases   ] GC(3) Concurrent Select Relocation Set 5.117ms
[1.428s][info][gc,phases   ] GC(3) Pause Relocate Start 0.006ms
[1.428s][info][gc,phases   ] GC(3) Concurrent Relocate 0.715ms
[1.428s][info][gc,load     ] GC(3) Load: 1.39/1.37/1.59
[1.428s][info][gc,mmu      ] GC(3) MMU: 2ms/99.1%, 5ms/99.3%, 10ms/99.5%, 20ms/99.8%, 50ms/99.9%, 100ms/100.0%
[1.428s][info][gc,marking  ] GC(3) Mark: 2 stripe(s), 1 proactive flush(es), 1 terminate flush(es), 0 completion(s), 0 continuation(s) 
[1.428s][info][gc,marking  ] GC(3) Mark Stack Usage: 32M
[1.428s][info][gc,nmethod  ] GC(3) NMethods: 69 registered, 2 unregistered
[1.428s][info][gc,metaspace] GC(3) Metaspace: 0M used, 0M committed, 1088M reserved
[1.428s][info][gc,ref      ] GC(3) Soft: 2 encountered, 0 discovered, 0 enqueued
[1.428s][info][gc,ref      ] GC(3) Weak: 9 encountered, 0 discovered, 0 enqueued
[1.428s][info][gc,ref      ] GC(3) Final: 0 encountered, 0 discovered, 0 enqueued
[1.428s][info][gc,ref      ] GC(3) Phantom: 3 encountered, 2 discovered, 0 enqueued
[1.429s][info][gc,reloc    ] GC(3) Small Pages: 4 / 8M, Empty: 0M, Relocated: 0M, In-Place: 0
[1.429s][info][gc,reloc    ] GC(3) Medium Pages: 0 / 0M, Empty: 0M, Relocated: 0M, In-Place: 0
[1.429s][info][gc,reloc    ] GC(3) Large Pages: 0 / 0M, Empty: 0M, Relocated: 0M, In-Place: 0
[1.429s][info][gc,reloc    ] GC(3) Forwarding Usage: 0M
[1.429s][info][gc,heap     ] GC(3) Min Capacity: 8192M(100%)
[1.429s][info][gc,heap     ] GC(3) Max Capacity: 8192M(100%)
[1.429s][info][gc,heap     ] GC(3) Soft Max Capacity: 8192M(100%)
[1.429s][info][gc,heap     ] GC(3)                Mark Start          Mark End        Relocate Start      Relocate End           High               Low         
[1.429s][info][gc,heap     ] GC(3)  Capacity:     8192M (100%)       8192M (100%)       8192M (100%)       8192M (100%)       8192M (100%)       8192M (100%)   
[1.429s][info][gc,heap     ] GC(3)      Free:     8184M (100%)       8184M (100%)       8184M (100%)       8188M (100%)       8188M (100%)       8180M (100%)   
[1.429s][info][gc,heap     ] GC(3)      Used:        8M (0%)            8M (0%)            8M (0%)            4M (0%)           12M (0%)            4M (0%)     
[1.429s][info][gc,heap     ] GC(3)      Live:         -                 0M (0%)            0M (0%)            0M (0%)             -                  -          
[1.429s][info][gc,heap     ] GC(3) Allocated:         -                 0M (0%)            0M (0%)            0M (0%)             -                  -          
[1.429s][info][gc,heap     ] GC(3)   Garbage:         -                 7M (0%)            7M (0%)            3M (0%)             -                  -          
[1.429s][info][gc,heap     ] GC(3) Reclaimed:         -                  -                 0M (0%)            4M (0%)             -                  -          
[1.429s][info][gc          ] GC(3) Garbage Collection (System.gc()) 8M(0%)->4M(0%)
[1.882s][info][gc,start    ] GC(4) Garbage Collection (System.gc())
[1.882s][info][gc,task     ] GC(4) Using 3 workers
[1.882s][info][gc,phases   ] GC(4) Pause Mark Start 0.007ms
[1.884s][info][gc,phases   ] GC(4) Concurrent Mark 2.039ms
[1.884s][info][gc,phases   ] GC(4) Pause Mark End 0.010ms
[1.884s][info][gc,phases   ] GC(4) Concurrent Mark Free 0.001ms
[1.885s][info][gc,phases   ] GC(4) Concurrent Process Non-Strong References 0.161ms
[1.885s][info][gc,phases   ] GC(4) Concurrent Reset Relocation Set 0.002ms
[1.888s][info][gc,phases   ] GC(4) Concurrent Select Relocation Set 3.735ms
[1.888s][info][gc,phases   ] GC(4) Pause Relocate Start 0.019ms
[1.889s][info][gc,phases   ] GC(4) Concurrent Relocate 0.331ms
[1.889s][info][gc,load     ] GC(4) Load: 1.39/1.37/1.59
[1.889s][info][gc,mmu      ] GC(4) MMU: 2ms/99.0%, 5ms/99.3%, 10ms/99.5%, 20ms/99.8%, 50ms/99.9%, 100ms/100.0%
[1.889s][info][gc,marking  ] GC(4) Mark: 2 stripe(s), 1 proactive flush(es), 1 terminate flush(es), 0 completion(s), 0 continuation(s) 
[1.889s][info][gc,marking  ] GC(4) Mark Stack Usage: 32M
[1.889s][info][gc,nmethod  ] GC(4) NMethods: 69 registered, 2 unregistered
[1.889s][info][gc,metaspace] GC(4) Metaspace: 0M used, 0M committed, 1088M reserved
[1.889s][info][gc,ref      ] GC(4) Soft: 2 encountered, 0 discovered, 0 enqueued
[1.889s][info][gc,ref      ] GC(4) Weak: 9 encountered, 0 discovered, 0 enqueued
[1.889s][info][gc,ref      ] GC(4) Final: 0 encountered, 0 discovered, 0 enqueued
[1.889s][info][gc,ref      ] GC(4) Phantom: 3 encountered, 2 discovered, 0 enqueued
[1.889s][info][gc,reloc    ] GC(4) Small Pages: 3 / 6M, Empty: 0M, Relocated: 0M, In-Place: 0
[1.889s][info][gc,reloc    ] GC(4) Medium Pages: 0 / 0M, Empty: 0M, Relocated: 0M, In-Place: 0
[1.889s][info][gc,reloc    ] GC(4) Large Pages: 0 / 0M, Empty: 0M, Relocated: 0M, In-Place: 0
[1.889s][info][gc,reloc    ] GC(4) Forwarding Usage: 0M
[1.889s][info][gc,heap     ] GC(4) Min Capacity: 8192M(100%)
[1.889s][info][gc,heap     ] GC(4) Max Capacity: 8192M(100%)
[1.889s][info][gc,heap     ] GC(4) Soft Max Capacity: 8192M(100%)
[1.889s][info][gc,heap     ] GC(4)                Mark Start          Mark End        Relocate Start      Relocate End           High               Low         
[1.889s][info][gc,heap     ] GC(4)  Capacity:     8192M (100%)       8192M (100%)       8192M (100%)       8192M (100%)       8192M (100%)       8192M (100%)   
[1.889s][info][gc,heap     ] GC(4)      Free:     8186M (100%)       8186M (100%)       8186M (100%)       8186M (100%)       8186M (100%)       8180M (100%)   
[1.889s][info][gc,heap     ] GC(4)      Used:        6M (0%)            6M (0%)            6M (0%)            6M (0%)           12M (0%)            6M (0%)     
[1.889s][info][gc,heap     ] GC(4)      Live:         -                 0M (0%)            0M (0%)            0M (0%)             -                  -          
[1.889s][info][gc,heap     ] GC(4) Allocated:         -                 0M (0%)            0M (0%)            0M (0%)             -                  -          
[1.889s][info][gc,heap     ] GC(4)   Garbage:         -                 5M (0%)            5M (0%)            5M (0%)             -                  -          
[1.889s][info][gc,heap     ] GC(4) Reclaimed:         -                  -                 0M (0%)            0M (0%)             -                  -          
[1.889s][info][gc          ] GC(4) Garbage Collection (System.gc()) 6M(0%)->6M(0%)
[2.346s][info][gc,start    ] GC(5) Garbage Collection (System.gc())
[2.346s][info][gc,task     ] GC(5) Using 3 workers
[2.347s][info][gc,phases   ] GC(5) Pause Mark Start 0.015ms
[2.350s][info][gc,phases   ] GC(5) Concurrent Mark 3.179ms
[2.350s][info][gc,phases   ] GC(5) Pause Mark End 0.018ms
[2.350s][info][gc,phases   ] GC(5) Concurrent Mark Free 0.001ms
[2.350s][info][gc,phases   ] GC(5) Concurrent Process Non-Strong References 0.244ms
[2.350s][info][gc,phases   ] GC(5) Concurrent Reset Relocation Set 0.002ms
[2.356s][info][gc,phases   ] GC(5) Concurrent Select Relocation Set 5.362ms
[2.356s][info][gc,phases   ] GC(5) Pause Relocate Start 0.008ms
[2.356s][info][gc,phases   ] GC(5) Concurrent Relocate 0.634ms
[2.356s][info][gc,load     ] GC(5) Load: 1.39/1.37/1.59
[2.356s][info][gc,mmu      ] GC(5) MMU: 2ms/99.0%, 5ms/99.3%, 10ms/99.5%, 20ms/99.8%, 50ms/99.9%, 100ms/100.0%
[2.356s][info][gc,marking  ] GC(5) Mark: 2 stripe(s), 1 proactive flush(es), 1 terminate flush(es), 0 completion(s), 0 continuation(s) 
[2.356s][info][gc,marking  ] GC(5) Mark Stack Usage: 32M
[2.356s][info][gc,nmethod  ] GC(5) NMethods: 73 registered, 2 unregistered
[2.356s][info][gc,metaspace] GC(5) Metaspace: 0M used, 0M committed, 1088M reserved
[2.356s][info][gc,ref      ] GC(5) Soft: 2 encountered, 0 discovered, 0 enqueued
[2.356s][info][gc,ref      ] GC(5) Weak: 9 encountered, 0 discovered, 0 enqueued
[2.356s][info][gc,ref      ] GC(5) Final: 0 encountered, 0 discovered, 0 enqueued
[2.356s][info][gc,ref      ] GC(5) Phantom: 3 encountered, 2 discovered, 0 enqueued
[2.356s][info][gc,reloc    ] GC(5) Small Pages: 4 / 8M, Empty: 0M, Relocated: 0M, In-Place: 0
[2.356s][info][gc,reloc    ] GC(5) Medium Pages: 0 / 0M, Empty: 0M, Relocated: 0M, In-Place: 0
[2.356s][info][gc,reloc    ] GC(5) Large Pages: 0 / 0M, Empty: 0M, Relocated: 0M, In-Place: 0
[2.356s][info][gc,reloc    ] GC(5) Forwarding Usage: 0M
[2.357s][info][gc,heap     ] GC(5) Min Capacity: 8192M(100%)
[2.357s][info][gc,heap     ] GC(5) Max Capacity: 8192M(100%)
[2.357s][info][gc,heap     ] GC(5) Soft Max Capacity: 8192M(100%)
[2.357s][info][gc,heap     ] GC(5)                Mark Start          Mark End        Relocate Start      Relocate End           High               Low         
[2.357s][info][gc,heap     ] GC(5)  Capacity:     8192M (100%)       8192M (100%)       8192M (100%)       8192M (100%)       8192M (100%)       8192M (100%)   
[2.357s][info][gc,heap     ] GC(5)      Free:     8184M (100%)       8184M (100%)       8184M (100%)       8186M (100%)       8186M (100%)       8178M (100%)   
[2.357s][info][gc,heap     ] GC(5)      Used:        8M (0%)            8M (0%)            8M (0%)            6M (0%)           14M (0%)            6M (0%)     
[2.357s][info][gc,heap     ] GC(5)      Live:         -                 0M (0%)            0M (0%)            0M (0%)             -                  -          
[2.357s][info][gc,heap     ] GC(5) Allocated:         -                 0M (0%)            0M (0%)            0M (0%)             -                  -          
[2.357s][info][gc,heap     ] GC(5)   Garbage:         -                 7M (0%)            7M (0%)            5M (0%)             -                  -          
[2.357s][info][gc,heap     ] GC(5) Reclaimed:         -                  -                 0M (0%)            2M (0%)             -                  -          
[2.357s][info][gc          ] GC(5) Garbage Collection (System.gc()) 8M(0%)->6M(0%)
[2.814s][info][gc,start    ] GC(6) Garbage Collection (System.gc())
[2.814s][info][gc,task     ] GC(6) Using 3 workers
[2.814s][info][gc,phases   ] GC(6) Pause Mark Start 0.012ms
[2.816s][info][gc,phases   ] GC(6) Concurrent Mark 2.475ms
[2.816s][info][gc,phases   ] GC(6) Pause Mark End 0.013ms
[2.816s][info][gc,phases   ] GC(6) Concurrent Mark Free 0.000ms
[2.817s][info][gc,phases   ] GC(6) Concurrent Process Non-Strong References 0.668ms
[2.817s][info][gc,phases   ] GC(6) Concurrent Reset Relocation Set 0.001ms
[2.822s][info][gc,phases   ] GC(6) Concurrent Select Relocation Set 4.472ms
[2.822s][info][gc,phases   ] GC(6) Pause Relocate Start 0.010ms
[2.822s][info][gc,phases   ] GC(6) Concurrent Relocate 0.802ms
[2.823s][info][gc,load     ] GC(6) Load: 1.39/1.37/1.59
[2.823s][info][gc,mmu      ] GC(6) MMU: 2ms/99.0%, 5ms/99.3%, 10ms/99.5%, 20ms/99.8%, 50ms/99.9%, 100ms/100.0%
[2.823s][info][gc,marking  ] GC(6) Mark: 2 stripe(s), 1 proactive flush(es), 1 terminate flush(es), 0 completion(s), 0 continuation(s) 
[2.823s][info][gc,marking  ] GC(6) Mark Stack Usage: 32M
[2.823s][info][gc,nmethod  ] GC(6) NMethods: 77 registered, 2 unregistered
[2.823s][info][gc,metaspace] GC(6) Metaspace: 0M used, 0M committed, 1088M reserved
[2.823s][info][gc,ref      ] GC(6) Soft: 2 encountered, 0 discovered, 0 enqueued
[2.823s][info][gc,ref      ] GC(6) Weak: 9 encountered, 0 discovered, 0 enqueued
[2.823s][info][gc,ref      ] GC(6) Final: 0 encountered, 0 discovered, 0 enqueued
[2.823s][info][gc,ref      ] GC(6) Phantom: 3 encountered, 2 discovered, 0 enqueued
[2.823s][info][gc,reloc    ] GC(6) Small Pages: 4 / 8M, Empty: 0M, Relocated: 0M, In-Place: 0
[2.823s][info][gc,reloc    ] GC(6) Medium Pages: 0 / 0M, Empty: 0M, Relocated: 0M, In-Place: 0
[2.823s][info][gc,reloc    ] GC(6) Large Pages: 0 / 0M, Empty: 0M, Relocated: 0M, In-Place: 0
[2.823s][info][gc,reloc    ] GC(6) Forwarding Usage: 0M
[2.823s][info][gc,heap     ] GC(6) Min Capacity: 8192M(100%)
[2.823s][info][gc,heap     ] GC(6) Max Capacity: 8192M(100%)
[2.823s][info][gc,heap     ] GC(6) Soft Max Capacity: 8192M(100%)
[2.823s][info][gc,heap     ] GC(6)                Mark Start          Mark End        Relocate Start      Relocate End           High               Low         
[2.823s][info][gc,heap     ] GC(6)  Capacity:     8192M (100%)       8192M (100%)       8192M (100%)       8192M (100%)       8192M (100%)       8192M (100%)   
[2.823s][info][gc,heap     ] GC(6)      Free:     8184M (100%)       8184M (100%)       8184M (100%)       8186M (100%)       8186M (100%)       8178M (100%)   
[2.823s][info][gc,heap     ] GC(6)      Used:        8M (0%)            8M (0%)            8M (0%)            6M (0%)           14M (0%)            6M (0%)     
[2.823s][info][gc,heap     ] GC(6)      Live:         -                 0M (0%)            0M (0%)            0M (0%)             -                  -          
[2.823s][info][gc,heap     ] GC(6) Allocated:         -                 0M (0%)            0M (0%)            0M (0%)             -                  -          
[2.823s][info][gc,heap     ] GC(6)   Garbage:         -                 7M (0%)            7M (0%)            5M (0%)             -                  -          
[2.823s][info][gc,heap     ] GC(6) Reclaimed:         -                  -                 0M (0%)            2M (0%)             -                  -          
[2.823s][info][gc          ] GC(6) Garbage Collection (System.gc()) 8M(0%)->6M(0%)
[3.278s][info][gc,start    ] GC(7) Garbage Collection (System.gc())
[3.278s][info][gc,task     ] GC(7) Using 3 workers
[3.278s][info][gc,phases   ] GC(7) Pause Mark Start 0.013ms
[3.280s][info][gc,phases   ] GC(7) Concurrent Mark 2.561ms
[3.281s][info][gc,phases   ] GC(7) Pause Mark End 0.017ms
[3.281s][info][gc,phases   ] GC(7) Concurrent Mark Free 0.001ms
[3.282s][info][gc,phases   ] GC(7) Concurrent Process Non-Strong References 1.179ms
[3.282s][info][gc,phases   ] GC(7) Concurrent Reset Relocation Set 0.002ms
[3.287s][info][gc,phases   ] GC(7) Concurrent Select Relocation Set 4.704ms
[3.287s][info][gc,phases   ] GC(7) Pause Relocate Start 0.015ms
[3.288s][info][gc,phases   ] GC(7) Concurrent Relocate 0.812ms
[3.288s][info][gc,load     ] GC(7) Load: 1.39/1.37/1.59
[3.288s][info][gc,mmu      ] GC(7) MMU: 2ms/99.0%, 5ms/99.3%, 10ms/99.5%, 20ms/99.8%, 50ms/99.9%, 100ms/100.0%
[3.288s][info][gc,marking  ] GC(7) Mark: 2 stripe(s), 1 proactive flush(es), 1 terminate flush(es), 0 completion(s), 0 continuation(s) 
[3.288s][info][gc,marking  ] GC(7) Mark Stack Usage: 32M
[3.288s][info][gc,nmethod  ] GC(7) NMethods: 79 registered, 2 unregistered
[3.288s][info][gc,metaspace] GC(7) Metaspace: 0M used, 0M committed, 1088M reserved
[3.288s][info][gc,ref      ] GC(7) Soft: 2 encountered, 0 discovered, 0 enqueued
[3.288s][info][gc,ref      ] GC(7) Weak: 9 encountered, 0 discovered, 0 enqueued
[3.288s][info][gc,ref      ] GC(7) Final: 0 encountered, 0 discovered, 0 enqueued
[3.288s][info][gc,ref      ] GC(7) Phantom: 3 encountered, 2 discovered, 0 enqueued
[3.288s][info][gc,reloc    ] GC(7) Small Pages: 4 / 8M, Empty: 0M, Relocated: 0M, In-Place: 0
[3.288s][info][gc,reloc    ] GC(7) Medium Pages: 0 / 0M, Empty: 0M, Relocated: 0M, In-Place: 0
[3.288s][info][gc,reloc    ] GC(7) Large Pages: 0 / 0M, Empty: 0M, Relocated: 0M, In-Place: 0
[3.288s][info][gc,reloc    ] GC(7) Forwarding Usage: 0M
[3.288s][info][gc,heap     ] GC(7) Min Capacity: 8192M(100%)
[3.288s][info][gc,heap     ] GC(7) Max Capacity: 8192M(100%)
[3.288s][info][gc,heap     ] GC(7) Soft Max Capacity: 8192M(100%)
[3.288s][info][gc,heap     ] GC(7)                Mark Start          Mark End        Relocate Start      Relocate End           High               Low         
[3.288s][info][gc,heap     ] GC(7)  Capacity:     8192M (100%)       8192M (100%)       8192M (100%)       8192M (100%)       8192M (100%)       8192M (100%)   
[3.288s][info][gc,heap     ] GC(7)      Free:     8184M (100%)       8184M (100%)       8184M (100%)       8186M (100%)       8186M (100%)       8178M (100%)   
[3.288s][info][gc,heap     ] GC(7)      Used:        8M (0%)            8M (0%)            8M (0%)            6M (0%)           14M (0%)            6M (0%)     
[3.288s][info][gc,heap     ] GC(7)      Live:         -                 0M (0%)            0M (0%)            0M (0%)             -                  -          
[3.288s][info][gc,heap     ] GC(7) Allocated:         -                 0M (0%)            0M (0%)            0M (0%)             -                  -          
[3.288s][info][gc,heap     ] GC(7)   Garbage:         -                 7M (0%)            7M (0%)            5M (0%)             -                  -          
[3.288s][info][gc,heap     ] GC(7) Reclaimed:         -                  -                 0M (0%)            2M (0%)             -                  -          
[3.288s][info][gc          ] GC(7) Garbage Collection (System.gc()) 8M(0%)->6M(0%)
[3.741s][info][gc,start    ] GC(8) Garbage Collection (System.gc())
[3.741s][info][gc,task     ] GC(8) Using 3 workers
[3.741s][info][gc,phases   ] GC(8) Pause Mark Start 0.003ms
[3.742s][info][gc,phases   ] GC(8) Concurrent Mark 1.609ms
[3.742s][info][gc,phases   ] GC(8) Pause Mark End 0.004ms
[3.742s][info][gc,phases   ] GC(8) Concurrent Mark Free 0.000ms
[3.743s][info][gc,phases   ] GC(8) Concurrent Process Non-Strong References 0.109ms
[3.743s][info][gc,phases   ] GC(8) Concurrent Reset Relocation Set 0.002ms
[3.744s][info][gc,phases   ] GC(8) Concurrent Select Relocation Set 1.729ms
[3.744s][info][gc,phases   ] GC(8) Pause Relocate Start 0.003ms
[3.745s][info][gc,phases   ] GC(8) Concurrent Relocate 0.368ms
[3.745s][info][gc,load     ] GC(8) Load: 1.39/1.37/1.59
[3.745s][info][gc,mmu      ] GC(8) MMU: 2ms/99.0%, 5ms/99.3%, 10ms/99.5%, 20ms/99.8%, 50ms/99.9%, 100ms/100.0%
[3.745s][info][gc,marking  ] GC(8) Mark: 2 stripe(s), 1 proactive flush(es), 1 terminate flush(es), 0 completion(s), 0 continuation(s) 
[3.745s][info][gc,marking  ] GC(8) Mark Stack Usage: 32M
[3.745s][info][gc,nmethod  ] GC(8) NMethods: 80 registered, 2 unregistered
[3.745s][info][gc,metaspace] GC(8) Metaspace: 0M used, 0M committed, 1088M reserved
[3.745s][info][gc,ref      ] GC(8) Soft: 2 encountered, 0 discovered, 0 enqueued
[3.745s][info][gc,ref      ] GC(8) Weak: 9 encountered, 0 discovered, 0 enqueued
[3.745s][info][gc,ref      ] GC(8) Final: 0 encountered, 0 discovered, 0 enqueued
[3.745s][info][gc,ref      ] GC(8) Phantom: 3 encountered, 2 discovered, 0 enqueued
[3.745s][info][gc,reloc    ] GC(8) Small Pages: 4 / 8M, Empty: 0M, Relocated: 0M, In-Place: 0
[3.745s][info][gc,reloc    ] GC(8) Medium Pages: 0 / 0M, Empty: 0M, Relocated: 0M, In-Place: 0
[3.745s][info][gc,reloc    ] GC(8) Large Pages: 0 / 0M, Empty: 0M, Relocated: 0M, In-Place: 0
[3.745s][info][gc,reloc    ] GC(8) Forwarding Usage: 0M
[3.745s][info][gc,heap     ] GC(8) Min Capacity: 8192M(100%)
[3.745s][info][gc,heap     ] GC(8) Max Capacity: 8192M(100%)
[3.745s][info][gc,heap     ] GC(8) Soft Max Capacity: 8192M(100%)
[3.745s][info][gc,heap     ] GC(8)                Mark Start          Mark End        Relocate Start      Relocate End           High               Low         
[3.745s][info][gc,heap     ] GC(8)  Capacity:     8192M (100%)       8192M (100%)       8192M (100%)       8192M (100%)       8192M (100%)       8192M (100%)   
[3.745s][info][gc,heap     ] GC(8)      Free:     8184M (100%)       8184M (100%)       8184M (100%)       8188M (100%)       8188M (100%)       8180M (100%)   
[3.745s][info][gc,heap     ] GC(8)      Used:        8M (0%)            8M (0%)            8M (0%)            4M (0%)           12M (0%)            4M (0%)     
[3.745s][info][gc,heap     ] GC(8)      Live:         -                 0M (0%)            0M (0%)            0M (0%)             -                  -          
[3.745s][info][gc,heap     ] GC(8) Allocated:         -                 0M (0%)            0M (0%)            0M (0%)             -                  -          
[3.745s][info][gc,heap     ] GC(8)   Garbage:         -                 7M (0%)            7M (0%)            3M (0%)             -                  -          
[3.745s][info][gc,heap     ] GC(8) Reclaimed:         -                  -                 0M (0%)            4M (0%)             -                  -          
[3.745s][info][gc          ] GC(8) Garbage Collection (System.gc()) 8M(0%)->4M(0%)
[4.202s][info][gc,start    ] GC(9) Garbage Collection (System.gc())
[4.202s][info][gc,task     ] GC(9) Using 3 workers
[4.202s][info][gc,phases   ] GC(9) Pause Mark Start 0.009ms
[4.205s][info][gc,phases   ] GC(9) Concurrent Mark 2.624ms
[4.205s][info][gc,phases   ] GC(9) Pause Mark End 0.013ms
[4.205s][info][gc,phases   ] GC(9) Concurrent Mark Free 0.001ms
[4.205s][info][gc,phases   ] GC(9) Concurrent Process Non-Strong References 0.206ms
[4.205s][info][gc,phases   ] GC(9) Concurrent Reset Relocation Set 0.002ms
[4.209s][info][gc,phases   ] GC(9) Concurrent Select Relocation Set 3.425ms
[4.209s][info][gc,phases   ] GC(9) Pause Relocate Start 0.011ms
[4.210s][info][gc,phases   ] GC(9) Concurrent Relocate 0.671ms
[4.210s][info][gc,load     ] GC(9) Load: 1.39/1.37/1.59
[4.210s][info][gc,mmu      ] GC(9) MMU: 2ms/99.0%, 5ms/99.3%, 10ms/99.5%, 20ms/99.8%, 50ms/99.9%, 100ms/100.0%
[4.210s][info][gc,marking  ] GC(9) Mark: 2 stripe(s), 1 proactive flush(es), 1 terminate flush(es), 0 completion(s), 0 continuation(s) 
[4.210s][info][gc,marking  ] GC(9) Mark Stack Usage: 32M
[4.210s][info][gc,nmethod  ] GC(9) NMethods: 84 registered, 2 unregistered
[4.210s][info][gc,metaspace] GC(9) Metaspace: 0M used, 0M committed, 1088M reserved
[4.210s][info][gc,ref      ] GC(9) Soft: 2 encountered, 0 discovered, 0 enqueued
[4.210s][info][gc,ref      ] GC(9) Weak: 9 encountered, 0 discovered, 0 enqueued
[4.210s][info][gc,ref      ] GC(9) Final: 0 encountered, 0 discovered, 0 enqueued
[4.210s][info][gc,ref      ] GC(9) Phantom: 3 encountered, 2 discovered, 0 enqueued
[4.210s][info][gc,reloc    ] GC(9) Small Pages: 3 / 6M, Empty: 0M, Relocated: 0M, In-Place: 0
[4.210s][info][gc,reloc    ] GC(9) Medium Pages: 0 / 0M, Empty: 0M, Relocated: 0M, In-Place: 0
[4.210s][info][gc,reloc    ] GC(9) Large Pages: 0 / 0M, Empty: 0M, Relocated: 0M, In-Place: 0
[4.210s][info][gc,reloc    ] GC(9) Forwarding Usage: 0M
[4.210s][info][gc,heap     ] GC(9) Min Capacity: 8192M(100%)
[4.210s][info][gc,heap     ] GC(9) Max Capacity: 8192M(100%)
[4.210s][info][gc,heap     ] GC(9) Soft Max Capacity: 8192M(100%)
[4.210s][info][gc,heap     ] GC(9)                Mark Start          Mark End        Relocate Start      Relocate End           High               Low         
[4.210s][info][gc,heap     ] GC(9)  Capacity:     8192M (100%)       8192M (100%)       8192M (100%)       8192M (100%)       8192M (100%)       8192M (100%)   
[4.210s][info][gc,heap     ] GC(9)      Free:     8186M (100%)       8186M (100%)       8186M (100%)       8186M (100%)       8186M (100%)       8180M (100%)   
[4.210s][info][gc,heap     ] GC(9)      Used:        6M (0%)            6M (0%)            6M (0%)            6M (0%)           12M (0%)            6M (0%)     
[4.210s][info][gc,heap     ] GC(9)      Live:         -                 0M (0%)            0M (0%)            0M (0%)             -                  -          
[4.210s][info][gc,heap     ] GC(9) Allocated:         -                 0M (0%)            0M (0%)            0M (0%)             -                  -          
[4.210s][info][gc,heap     ] GC(9)   Garbage:         -                 5M (0%)            5M (0%)            5M (0%)             -                  -          
[4.210s][info][gc,heap     ] GC(9) Reclaimed:         -                  -                 0M (0%)            0M (0%)             -                  -          
[4.210s][info][gc          ] GC(9) Garbage Collection (System.gc()) 6M(0%)->6M(0%)
[4.667s][info][gc,start    ] GC(10) Garbage Collection (System.gc())
[4.667s][info][gc,task     ] GC(10) Using 3 workers
[4.668s][info][gc,phases   ] GC(10) Pause Mark Start 0.012ms
[4.670s][info][gc,phases   ] GC(10) Concurrent Mark 2.641ms
[4.670s][info][gc,phases   ] GC(10) Pause Mark End 0.021ms
[4.670s][info][gc,phases   ] GC(10) Concurrent Mark Free 0.001ms
[4.672s][info][gc,phases   ] GC(10) Concurrent Process Non-Strong References 1.316ms
[4.672s][info][gc,phases   ] GC(10) Concurrent Reset Relocation Set 0.003ms
[4.677s][info][gc,phases   ] GC(10) Concurrent Select Relocation Set 4.873ms
[4.677s][info][gc,phases   ] GC(10) Pause Relocate Start 0.006ms
[4.678s][info][gc,phases   ] GC(10) Concurrent Relocate 0.792ms
[4.678s][info][gc,load     ] GC(10) Load: 1.39/1.37/1.59
[4.678s][info][gc,mmu      ] GC(10) MMU: 2ms/99.0%, 5ms/99.3%, 10ms/99.5%, 20ms/99.8%, 50ms/99.9%, 100ms/100.0%
[4.678s][info][gc,marking  ] GC(10) Mark: 2 stripe(s), 1 proactive flush(es), 1 terminate flush(es), 0 completion(s), 0 continuation(s) 
[4.678s][info][gc,marking  ] GC(10) Mark Stack Usage: 32M
[4.678s][info][gc,nmethod  ] GC(10) NMethods: 89 registered, 2 unregistered
[4.678s][info][gc,metaspace] GC(10) Metaspace: 0M used, 0M committed, 1088M reserved
[4.678s][info][gc,ref      ] GC(10) Soft: 2 encountered, 0 discovered, 0 enqueued
[4.678s][info][gc,ref      ] GC(10) Weak: 9 encountered, 0 discovered, 0 enqueued
[4.678s][info][gc,ref      ] GC(10) Final: 0 encountered, 0 discovered, 0 enqueued
[4.678s][info][gc,ref      ] GC(10) Phantom: 3 encountered, 2 discovered, 0 enqueued
[4.678s][info][gc,reloc    ] GC(10) Small Pages: 4 / 8M, Empty: 0M, Relocated: 0M, In-Place: 0
[4.678s][info][gc,reloc    ] GC(10) Medium Pages: 0 / 0M, Empty: 0M, Relocated: 0M, In-Place: 0
[4.678s][info][gc,reloc    ] GC(10) Large Pages: 0 / 0M, Empty: 0M, Relocated: 0M, In-Place: 0
[4.678s][info][gc,reloc    ] GC(10) Forwarding Usage: 0M
[4.678s][info][gc,heap     ] GC(10) Min Capacity: 8192M(100%)
[4.678s][info][gc,heap     ] GC(10) Max Capacity: 8192M(100%)
[4.678s][info][gc,heap     ] GC(10) Soft Max Capacity: 8192M(100%)
[4.678s][info][gc,heap     ] GC(10)                Mark Start          Mark End        Relocate Start      Relocate End           High               Low         
[4.678s][info][gc,heap     ] GC(10)  Capacity:     8192M (100%)       8192M (100%)       8192M (100%)       8192M (100%)       8192M (100%)       8192M (100%)   
[4.678s][info][gc,heap     ] GC(10)      Free:     8184M (100%)       8184M (100%)       8184M (100%)       8186M (100%)       8186M (100%)       8178M (100%)   
[4.678s][info][gc,heap     ] GC(10)      Used:        8M (0%)            8M (0%)            8M (0%)            6M (0%)           14M (0%)            6M (0%)     
[4.678s][info][gc,heap     ] GC(10)      Live:         -                 0M (0%)            0M (0%)            0M (0%)             -                  -          
[4.678s][info][gc,heap     ] GC(10) Allocated:         -                 0M (0%)            0M (0%)            0M (0%)             -                  -          
[4.678s][info][gc,heap     ] GC(10)   Garbage:         -                 7M (0%)            7M (0%)            5M (0%)             -                  -          
[4.678s][info][gc,heap     ] GC(10) Reclaimed:         -                  -                 0M (0%)            2M (0%)             -                  -          
[4.678s][info][gc          ] GC(10) Garbage Collection (System.gc()) 8M(0%)->6M(0%)
[5.135s][info][gc,start    ] GC(11) Garbage Collection (System.gc())
[5.135s][info][gc,task     ] GC(11) Using 3 workers
[5.135s][info][gc,phases   ] GC(11) Pause Mark Start 0.013ms
[5.138s][info][gc,phases   ] GC(11) Concurrent Mark 2.355ms
[5.138s][info][gc,phases   ] GC(11) Pause Mark End 0.012ms
[5.138s][info][gc,phases   ] GC(11) Concurrent Mark Free 0.001ms
[5.139s][info][gc,phases   ] GC(11) Concurrent Process Non-Strong References 0.916ms
[5.139s][info][gc,phases   ] GC(11) Concurrent Reset Relocation Set 0.001ms
[5.143s][info][gc,phases   ] GC(11) Concurrent Select Relocation Set 4.177ms
[5.143s][info][gc,phases   ] GC(11) Pause Relocate Start 0.013ms
[5.144s][info][gc,phases   ] GC(11) Concurrent Relocate 0.510ms
[5.144s][info][gc,load     ] GC(11) Load: 1.36/1.37/1.59
[5.144s][info][gc,mmu      ] GC(11) MMU: 2ms/99.0%, 5ms/99.3%, 10ms/99.5%, 20ms/99.8%, 50ms/99.9%, 100ms/100.0%
[5.144s][info][gc,marking  ] GC(11) Mark: 2 stripe(s), 2 proactive flush(es), 1 terminate flush(es), 0 completion(s), 0 continuation(s) 
[5.144s][info][gc,marking  ] GC(11) Mark Stack Usage: 32M
[5.144s][info][gc,nmethod  ] GC(11) NMethods: 93 registered, 2 unregistered
[5.144s][info][gc,metaspace] GC(11) Metaspace: 0M used, 0M committed, 1088M reserved
[5.144s][info][gc,ref      ] GC(11) Soft: 2 encountered, 0 discovered, 0 enqueued
[5.144s][info][gc,ref      ] GC(11) Weak: 9 encountered, 0 discovered, 0 enqueued
[5.144s][info][gc,ref      ] GC(11) Final: 0 encountered, 0 discovered, 0 enqueued
[5.144s][info][gc,ref      ] GC(11) Phantom: 3 encountered, 2 discovered, 0 enqueued
[5.144s][info][gc,reloc    ] GC(11) Small Pages: 4 / 8M, Empty: 0M, Relocated: 0M, In-Place: 0
[5.144s][info][gc,reloc    ] GC(11) Medium Pages: 0 / 0M, Empty: 0M, Relocated: 0M, In-Place: 0
[5.144s][info][gc,reloc    ] GC(11) Large Pages: 0 / 0M, Empty: 0M, Relocated: 0M, In-Place: 0
[5.144s][info][gc,reloc    ] GC(11) Forwarding Usage: 0M
[5.144s][info][gc,heap     ] GC(11) Min Capacity: 8192M(100%)
[5.144s][info][gc,heap     ] GC(11) Max Capacity: 8192M(100%)
[5.144s][info][gc,heap     ] GC(11) Soft Max Capacity: 8192M(100%)
[5.144s][info][gc,heap     ] GC(11)                Mark Start          Mark End        Relocate Start      Relocate End           High               Low         
[5.144s][info][gc,heap     ] GC(11)  Capacity:     8192M (100%)       8192M (100%)       8192M (100%)       8192M (100%)       8192M (100%)       8192M (100%)   
[5.144s][info][gc,heap     ] GC(11)      Free:     8184M (100%)       8184M (100%)       8184M (100%)       8186M (100%)       8186M (100%)       8178M (100%)   
[5.144s][info][gc,heap     ] GC(11)      Used:        8M (0%)            8M (0%)            8M (0%)            6M (0%)           14M (0%)            6M (0%)     
[5.144s][info][gc,heap     ] GC(11)      Live:         -                 0M (0%)            0M (0%)            0M (0%)             -                  -          
[5.144s][info][gc,heap     ] GC(11) Allocated:         -                 0M (0%)            0M (0%)            0M (0%)             -                  -          
[5.144s][info][gc,heap     ] GC(11)   Garbage:         -                 7M (0%)            7M (0%)            5M (0%)             -                  -          
[5.144s][info][gc,heap     ] GC(11) Reclaimed:         -                  -                 0M (0%)            2M (0%)             -                  -          
[5.144s][info][gc          ] GC(11) Garbage Collection (System.gc()) 8M(0%)->6M(0%)
[5.600s][info][gc,start    ] GC(12) Garbage Collection (System.gc())
[5.600s][info][gc,task     ] GC(12) Using 3 workers
[5.601s][info][gc,phases   ] GC(12) Pause Mark Start 0.014ms
[5.603s][info][gc,phases   ] GC(12) Concurrent Mark 2.546ms
[5.603s][info][gc,phases   ] GC(12) Pause Mark End 0.017ms
[5.603s][info][gc,phases   ] GC(12) Concurrent Mark Free 0.001ms
[5.605s][info][gc,phases   ] GC(12) Concurrent Process Non-Strong References 1.233ms
[5.605s][info][gc,phases   ] GC(12) Concurrent Reset Relocation Set 0.003ms
[5.609s][info][gc,phases   ] GC(12) Concurrent Select Relocation Set 4.432ms
[5.609s][info][gc,phases   ] GC(12) Pause Relocate Start 0.011ms
[5.610s][info][gc,phases   ] GC(12) Concurrent Relocate 0.790ms
[5.610s][info][gc,load     ] GC(12) Load: 1.36/1.37/1.59
[5.610s][info][gc,mmu      ] GC(12) MMU: 2ms/99.0%, 5ms/99.3%, 10ms/99.5%, 20ms/99.8%, 50ms/99.9%, 100ms/100.0%
[5.610s][info][gc,marking  ] GC(12) Mark: 2 stripe(s), 1 proactive flush(es), 1 terminate flush(es), 0 completion(s), 0 continuation(s) 
[5.610s][info][gc,marking  ] GC(12) Mark Stack Usage: 32M
[5.610s][info][gc,nmethod  ] GC(12) NMethods: 95 registered, 2 unregistered
[5.610s][info][gc,metaspace] GC(12) Metaspace: 0M used, 0M committed, 1088M reserved
[5.610s][info][gc,ref      ] GC(12) Soft: 2 encountered, 0 discovered, 0 enqueued
[5.610s][info][gc,ref      ] GC(12) Weak: 9 encountered, 0 discovered, 0 enqueued
[5.610s][info][gc,ref      ] GC(12) Final: 0 encountered, 0 discovered, 0 enqueued
[5.610s][info][gc,ref      ] GC(12) Phantom: 3 encountered, 2 discovered, 0 enqueued
[5.610s][info][gc,reloc    ] GC(12) Small Pages: 4 / 8M, Empty: 0M, Relocated: 0M, In-Place: 0
[5.610s][info][gc,reloc    ] GC(12) Medium Pages: 0 / 0M, Empty: 0M, Relocated: 0M, In-Place: 0
[5.610s][info][gc,reloc    ] GC(12) Large Pages: 0 / 0M, Empty: 0M, Relocated: 0M, In-Place: 0
[5.610s][info][gc,reloc    ] GC(12) Forwarding Usage: 0M
[5.610s][info][gc,heap     ] GC(12) Min Capacity: 8192M(100%)
[5.610s][info][gc,heap     ] GC(12) Max Capacity: 8192M(100%)
[5.610s][info][gc,heap     ] GC(12) Soft Max Capacity: 8192M(100%)
[5.610s][info][gc,heap     ] GC(12)                Mark Start          Mark End        Relocate Start      Relocate End           High               Low         
[5.610s][info][gc,heap     ] GC(12)  Capacity:     8192M (100%)       8192M (100%)       8192M (100%)       8192M (100%)       8192M (100%)       8192M (100%)   
[5.610s][info][gc,heap     ] GC(12)      Free:     8184M (100%)       8184M (100%)       8184M (100%)       8186M (100%)       8186M (100%)       8178M (100%)   
[5.610s][info][gc,heap     ] GC(12)      Used:        8M (0%)            8M (0%)            8M (0%)            6M (0%)           14M (0%)            6M (0%)     
[5.610s][info][gc,heap     ] GC(12)      Live:         -                 0M (0%)            0M (0%)            0M (0%)             -                  -          
[5.610s][info][gc,heap     ] GC(12) Allocated:         -                 0M (0%)            0M (0%)            0M (0%)             -                  -          
[5.610s][info][gc,heap     ] GC(12)   Garbage:         -                 7M (0%)            7M (0%)            5M (0%)             -                  -          
[5.610s][info][gc,heap     ] GC(12) Reclaimed:         -                  -                 0M (0%)            2M (0%)             -                  -          
[5.610s][info][gc          ] GC(12) Garbage Collection (System.gc()) 8M(0%)->6M(0%)
[6.066s][info][gc,start    ] GC(13) Garbage Collection (System.gc())
[6.066s][info][gc,task     ] GC(13) Using 3 workers
[6.066s][info][gc,phases   ] GC(13) Pause Mark Start 0.021ms
[6.069s][info][gc,phases   ] GC(13) Concurrent Mark 2.673ms
[6.069s][info][gc,phases   ] GC(13) Pause Mark End 0.017ms
[6.069s][info][gc,phases   ] GC(13) Concurrent Mark Free 0.001ms
[6.070s][info][gc,phases   ] GC(13) Concurrent Process Non-Strong References 1.338ms
[6.070s][info][gc,phases   ] GC(13) Concurrent Reset Relocation Set 0.003ms
[6.075s][info][gc,phases   ] GC(13) Concurrent Select Relocation Set 4.747ms
[6.075s][info][gc,phases   ] GC(13) Pause Relocate Start 0.009ms
[6.076s][info][gc,phases   ] GC(13) Concurrent Relocate 0.792ms
[6.076s][info][gc,load     ] GC(13) Load: 1.36/1.37/1.59
[6.076s][info][gc,mmu      ] GC(13) MMU: 2ms/98.9%, 5ms/99.2%, 10ms/99.5%, 20ms/99.8%, 50ms/99.9%, 100ms/100.0%
[6.076s][info][gc,marking  ] GC(13) Mark: 2 stripe(s), 2 proactive flush(es), 1 terminate flush(es), 0 completion(s), 0 continuation(s) 
[6.076s][info][gc,marking  ] GC(13) Mark Stack Usage: 32M
[6.076s][info][gc,nmethod  ] GC(13) NMethods: 98 registered, 2 unregistered
[6.076s][info][gc,metaspace] GC(13) Metaspace: 0M used, 0M committed, 1088M reserved
[6.076s][info][gc,ref      ] GC(13) Soft: 2 encountered, 0 discovered, 0 enqueued
[6.076s][info][gc,ref      ] GC(13) Weak: 9 encountered, 0 discovered, 0 enqueued
[6.076s][info][gc,ref      ] GC(13) Final: 0 encountered, 0 discovered, 0 enqueued
[6.076s][info][gc,ref      ] GC(13) Phantom: 3 encountered, 1 discovered, 0 enqueued
[6.076s][info][gc,reloc    ] GC(13) Small Pages: 4 / 8M, Empty: 0M, Relocated: 0M, In-Place: 0
[6.076s][info][gc,reloc    ] GC(13) Medium Pages: 0 / 0M, Empty: 0M, Relocated: 0M, In-Place: 0
[6.076s][info][gc,reloc    ] GC(13) Large Pages: 0 / 0M, Empty: 0M, Relocated: 0M, In-Place: 0
[6.076s][info][gc,reloc    ] GC(13) Forwarding Usage: 0M
[6.076s][info][gc,heap     ] GC(13) Min Capacity: 8192M(100%)
[6.076s][info][gc,heap     ] GC(13) Max Capacity: 8192M(100%)
[6.076s][info][gc,heap     ] GC(13) Soft Max Capacity: 8192M(100%)
[6.076s][info][gc,heap     ] GC(13)                Mark Start          Mark End        Relocate Start      Relocate End           High               Low         
[6.076s][info][gc,heap     ] GC(13)  Capacity:     8192M (100%)       8192M (100%)       8192M (100%)       8192M (100%)       8192M (100%)       8192M (100%)   
[6.076s][info][gc,heap     ] GC(13)      Free:     8184M (100%)       8184M (100%)       8184M (100%)       8186M (100%)       8186M (100%)       8178M (100%)   
[6.076s][info][gc,heap     ] GC(13)      Used:        8M (0%)            8M (0%)            8M (0%)            6M (0%)           14M (0%)            6M (0%)     
[6.076s][info][gc,heap     ] GC(13)      Live:         -                 0M (0%)            0M (0%)            0M (0%)             -                  -          
[6.076s][info][gc,heap     ] GC(13) Allocated:         -                 0M (0%)            0M (0%)            0M (0%)             -                  -          
[6.076s][info][gc,heap     ] GC(13)   Garbage:         -                 7M (0%)            7M (0%)            5M (0%)             -                  -          
[6.076s][info][gc,heap     ] GC(13) Reclaimed:         -                  -                 0M (0%)            2M (0%)             -                  -          
[6.076s][info][gc          ] GC(13) Garbage Collection (System.gc()) 8M(0%)->6M(0%)
[6.533s][info][gc,start    ] GC(14) Garbage Collection (System.gc())
[6.533s][info][gc,task     ] GC(14) Using 3 workers
[6.533s][info][gc,phases   ] GC(14) Pause Mark Start 0.006ms
[6.535s][info][gc,phases   ] GC(14) Concurrent Mark 1.876ms
[6.535s][info][gc,phases   ] GC(14) Pause Mark End 0.008ms
[6.535s][info][gc,phases   ] GC(14) Concurrent Mark Free 0.000ms
[6.535s][info][gc,phases   ] GC(14) Concurrent Process Non-Strong References 0.142ms
[6.535s][info][gc,phases   ] GC(14) Concurrent Reset Relocation Set 0.001ms
[6.538s][info][gc,phases   ] GC(14) Concurrent Select Relocation Set 3.075ms
[6.538s][info][gc,phases   ] GC(14) Pause Relocate Start 0.006ms
[6.539s][info][gc,phases   ] GC(14) Concurrent Relocate 0.465ms
[6.539s][info][gc,load     ] GC(14) Load: 1.36/1.37/1.59
[6.539s][info][gc,mmu      ] GC(14) MMU: 2ms/98.9%, 5ms/99.2%, 10ms/99.5%, 20ms/99.8%, 50ms/99.9%, 100ms/100.0%
[6.539s][info][gc,marking  ] GC(14) Mark: 2 stripe(s), 1 proactive flush(es), 1 terminate flush(es), 0 completion(s), 0 continuation(s) 
[6.539s][info][gc,marking  ] GC(14) Mark Stack Usage: 32M
[6.539s][info][gc,nmethod  ] GC(14) NMethods: 102 registered, 2 unregistered
[6.539s][info][gc,metaspace] GC(14) Metaspace: 0M used, 0M committed, 1088M reserved
[6.539s][info][gc,ref      ] GC(14) Soft: 2 encountered, 0 discovered, 0 enqueued
[6.539s][info][gc,ref      ] GC(14) Weak: 9 encountered, 0 discovered, 0 enqueued
[6.539s][info][gc,ref      ] GC(14) Final: 0 encountered, 0 discovered, 0 enqueued
[6.539s][info][gc,ref      ] GC(14) Phantom: 3 encountered, 2 discovered, 0 enqueued
[6.539s][info][gc,reloc    ] GC(14) Small Pages: 4 / 8M, Empty: 0M, Relocated: 0M, In-Place: 0
[6.539s][info][gc,reloc    ] GC(14) Medium Pages: 0 / 0M, Empty: 0M, Relocated: 0M, In-Place: 0
[6.539s][info][gc,reloc    ] GC(14) Large Pages: 0 / 0M, Empty: 0M, Relocated: 0M, In-Place: 0
[6.539s][info][gc,reloc    ] GC(14) Forwarding Usage: 0M
[6.539s][info][gc,heap     ] GC(14) Min Capacity: 8192M(100%)
[6.539s][info][gc,heap     ] GC(14) Max Capacity: 8192M(100%)
[6.539s][info][gc,heap     ] GC(14) Soft Max Capacity: 8192M(100%)
[6.539s][info][gc,heap     ] GC(14)                Mark Start          Mark End        Relocate Start      Relocate End           High               Low         
[6.539s][info][gc,heap     ] GC(14)  Capacity:     8192M (100%)       8192M (100%)       8192M (100%)       8192M (100%)       8192M (100%)       8192M (100%)   
[6.539s][info][gc,heap     ] GC(14)      Free:     8184M (100%)       8184M (100%)       8184M (100%)       8186M (100%)       8186M (100%)       8178M (100%)   
[6.539s][info][gc,heap     ] GC(14)      Used:        8M (0%)            8M (0%)            8M (0%)            6M (0%)           14M (0%)            6M (0%)     
[6.539s][info][gc,heap     ] GC(14)      Live:         -                 0M (0%)            0M (0%)            0M (0%)             -                  -          
[6.539s][info][gc,heap     ] GC(14) Allocated:         -                 0M (0%)            0M (0%)            0M (0%)             -                  -          
[6.539s][info][gc,heap     ] GC(14)   Garbage:         -                 7M (0%)            7M (0%)            5M (0%)             -                  -          
[6.539s][info][gc,heap     ] GC(14) Reclaimed:         -                  -                 0M (0%)            2M (0%)             -                  -          
[6.539s][info][gc          ] GC(14) Garbage Collection (System.gc()) 8M(0%)->6M(0%)
[6.994s][info][gc,start    ] GC(15) Garbage Collection (System.gc())
[6.994s][info][gc,task     ] GC(15) Using 3 workers
[6.994s][info][gc,phases   ] GC(15) Pause Mark Start 0.014ms
[6.997s][info][gc,phases   ] GC(15) Concurrent Mark 2.735ms
[6.997s][info][gc,phases   ] GC(15) Pause Mark End 0.023ms
[6.997s][info][gc,phases   ] GC(15) Concurrent Mark Free 0.001ms
[6.999s][info][gc,phases   ] GC(15) Concurrent Process Non-Strong References 1.508ms
[6.999s][info][gc,phases   ] GC(15) Concurrent Reset Relocation Set 0.003ms
[7.003s][info][gc,phases   ] GC(15) Concurrent Select Relocation Set 4.362ms
[7.003s][info][gc,phases   ] GC(15) Pause Relocate Start 0.006ms
[7.004s][info][gc,phases   ] GC(15) Concurrent Relocate 0.685ms
[7.004s][info][gc,load     ] GC(15) Load: 1.36/1.37/1.59
[7.004s][info][gc,mmu      ] GC(15) MMU: 2ms/98.9%, 5ms/99.2%, 10ms/99.5%, 20ms/99.8%, 50ms/99.9%, 100ms/100.0%
[7.004s][info][gc,marking  ] GC(15) Mark: 2 stripe(s), 1 proactive flush(es), 1 terminate flush(es), 0 completion(s), 0 continuation(s) 
[7.004s][info][gc,marking  ] GC(15) Mark Stack Usage: 32M
[7.004s][info][gc,nmethod  ] GC(15) NMethods: 110 registered, 2 unregistered
[7.004s][info][gc,metaspace] GC(15) Metaspace: 0M used, 0M committed, 1088M reserved
[7.004s][info][gc,ref      ] GC(15) Soft: 2 encountered, 0 discovered, 0 enqueued
[7.004s][info][gc,ref      ] GC(15) Weak: 9 encountered, 1 discovered, 0 enqueued
[7.004s][info][gc,ref      ] GC(15) Final: 0 encountered, 0 discovered, 0 enqueued
[7.004s][info][gc,ref      ] GC(15) Phantom: 3 encountered, 2 discovered, 0 enqueued
[7.004s][info][gc,reloc    ] GC(15) Small Pages: 4 / 8M, Empty: 0M, Relocated: 0M, In-Place: 0
[7.004s][info][gc,reloc    ] GC(15) Medium Pages: 0 / 0M, Empty: 0M, Relocated: 0M, In-Place: 0
[7.004s][info][gc,reloc    ] GC(15) Large Pages: 0 / 0M, Empty: 0M, Relocated: 0M, In-Place: 0
[7.004s][info][gc,reloc    ] GC(15) Forwarding Usage: 0M
[7.004s][info][gc,heap     ] GC(15) Min Capacity: 8192M(100%)
[7.004s][info][gc,heap     ] GC(15) Max Capacity: 8192M(100%)
[7.004s][info][gc,heap     ] GC(15) Soft Max Capacity: 8192M(100%)
[7.004s][info][gc,heap     ] GC(15)                Mark Start          Mark End        Relocate Start      Relocate End           High               Low         
[7.004s][info][gc,heap     ] GC(15)  Capacity:     8192M (100%)       8192M (100%)       8192M (100%)       8192M (100%)       8192M (100%)       8192M (100%)   
[7.004s][info][gc,heap     ] GC(15)      Free:     8184M (100%)       8184M (100%)       8184M (100%)       8186M (100%)       8186M (100%)       8178M (100%)   
[7.004s][info][gc,heap     ] GC(15)      Used:        8M (0%)            8M (0%)            8M (0%)            6M (0%)           14M (0%)            6M (0%)     
[7.004s][info][gc,heap     ] GC(15)      Live:         -                 0M (0%)            0M (0%)            0M (0%)             -                  -          
[7.004s][info][gc,heap     ] GC(15) Allocated:         -                 0M (0%)            0M (0%)            0M (0%)             -                  -          
[7.004s][info][gc,heap     ] GC(15)   Garbage:         -                 7M (0%)            7M (0%)            5M (0%)             -                  -          
[7.004s][info][gc,heap     ] GC(15) Reclaimed:         -                  -                 0M (0%)            2M (0%)             -                  -          
[7.004s][info][gc          ] GC(15) Garbage Collection (System.gc()) 8M(0%)->6M(0%)
[7.458s][info][gc,start    ] GC(16) Garbage Collection (System.gc())
[7.458s][info][gc,task     ] GC(16) Using 3 workers
[7.458s][info][gc,phases   ] GC(16) Pause Mark Start 0.014ms
[7.461s][info][gc,phases   ] GC(16) Concurrent Mark 2.575ms
[7.461s][info][gc,phases   ] GC(16) Pause Mark End 0.034ms
[7.461s][info][gc,phases   ] GC(16) Concurrent Mark Free 0.001ms
[7.463s][info][gc,phases   ] GC(16) Concurrent Process Non-Strong References 1.523ms
[7.463s][info][gc,phases   ] GC(16) Concurrent Reset Relocation Set 0.003ms
[7.467s][info][gc,phases   ] GC(16) Concurrent Select Relocation Set 4.589ms
[7.467s][info][gc,phases   ] GC(16) Pause Relocate Start 0.008ms
[7.468s][info][gc,phases   ] GC(16) Concurrent Relocate 0.924ms
[7.469s][info][gc,load     ] GC(16) Load: 1.36/1.37/1.59
[7.469s][info][gc,mmu      ] GC(16) MMU: 2ms/98.3%, 5ms/99.0%, 10ms/99.4%, 20ms/99.7%, 50ms/99.9%, 100ms/99.9%
[7.469s][info][gc,marking  ] GC(16) Mark: 2 stripe(s), 1 proactive flush(es), 1 terminate flush(es), 0 completion(s), 0 continuation(s) 
[7.469s][info][gc,marking  ] GC(16) Mark Stack Usage: 32M
[7.469s][info][gc,nmethod  ] GC(16) NMethods: 113 registered, 2 unregistered
[7.469s][info][gc,metaspace] GC(16) Metaspace: 0M used, 0M committed, 1088M reserved
[7.469s][info][gc,ref      ] GC(16) Soft: 2 encountered, 0 discovered, 0 enqueued
[7.469s][info][gc,ref      ] GC(16) Weak: 9 encountered, 0 discovered, 0 enqueued
[7.469s][info][gc,ref      ] GC(16) Final: 0 encountered, 0 discovered, 0 enqueued
[7.469s][info][gc,ref      ] GC(16) Phantom: 3 encountered, 2 discovered, 0 enqueued
[7.469s][info][gc,reloc    ] GC(16) Small Pages: 4 / 8M, Empty: 0M, Relocated: 0M, In-Place: 0
[7.469s][info][gc,reloc    ] GC(16) Medium Pages: 0 / 0M, Empty: 0M, Relocated: 0M, In-Place: 0
[7.469s][info][gc,reloc    ] GC(16) Large Pages: 0 / 0M, Empty: 0M, Relocated: 0M, In-Place: 0
[7.469s][info][gc,reloc    ] GC(16) Forwarding Usage: 0M
[7.469s][info][gc,heap     ] GC(16) Min Capacity: 8192M(100%)
[7.469s][info][gc,heap     ] GC(16) Max Capacity: 8192M(100%)
[7.469s][info][gc,heap     ] GC(16) Soft Max Capacity: 8192M(100%)
[7.469s][info][gc,heap     ] GC(16)                Mark Start          Mark End        Relocate Start      Relocate End           High               Low         
[7.469s][info][gc,heap     ] GC(16)  Capacity:     8192M (100%)       8192M (100%)       8192M (100%)       8192M (100%)       8192M (100%)       8192M (100%)   
[7.469s][info][gc,heap     ] GC(16)      Free:     8184M (100%)       8184M (100%)       8184M (100%)       8186M (100%)       8186M (100%)       8178M (100%)   
[7.469s][info][gc,heap     ] GC(16)      Used:        8M (0%)            8M (0%)            8M (0%)            6M (0%)           14M (0%)            6M (0%)     
[7.469s][info][gc,heap     ] GC(16)      Live:         -                 0M (0%)            0M (0%)            0M (0%)             -                  -          
[7.469s][info][gc,heap     ] GC(16) Allocated:         -                 0M (0%)            0M (0%)            0M (0%)             -                  -          
[7.469s][info][gc,heap     ] GC(16)   Garbage:         -                 7M (0%)            7M (0%)            5M (0%)             -                  -          
[7.469s][info][gc,heap     ] GC(16) Reclaimed:         -                  -                 0M (0%)            2M (0%)             -                  -          
[7.469s][info][gc          ] GC(16) Garbage Collection (System.gc()) 8M(0%)->6M(0%)
[7.924s][info][gc,start    ] GC(17) Garbage Collection (System.gc())
[7.925s][info][gc,task     ] GC(17) Using 3 workers
[7.925s][info][gc,phases   ] GC(17) Pause Mark Start 0.012ms
[7.927s][info][gc,phases   ] GC(17) Concurrent Mark 2.569ms
[7.927s][info][gc,phases   ] GC(17) Pause Mark End 0.015ms
[7.927s][info][gc,phases   ] GC(17) Concurrent Mark Free 0.001ms
[7.929s][info][gc,phases   ] GC(17) Concurrent Process Non-Strong References 1.306ms
[7.929s][info][gc,phases   ] GC(17) Concurrent Reset Relocation Set 0.003ms
[7.933s][info][gc,phases   ] GC(17) Concurrent Select Relocation Set 4.386ms
[7.933s][info][gc,phases   ] GC(17) Pause Relocate Start 0.011ms
[7.934s][info][gc,phases   ] GC(17) Concurrent Relocate 0.867ms
[7.934s][info][gc,load     ] GC(17) Load: 1.36/1.37/1.59
[7.934s][info][gc,mmu      ] GC(17) MMU: 2ms/98.3%, 5ms/99.0%, 10ms/99.4%, 20ms/99.7%, 50ms/99.9%, 100ms/99.9%
[7.934s][info][gc,marking  ] GC(17) Mark: 2 stripe(s), 1 proactive flush(es), 1 terminate flush(es), 0 completion(s), 0 continuation(s) 
[7.934s][info][gc,marking  ] GC(17) Mark Stack Usage: 32M
[7.934s][info][gc,nmethod  ] GC(17) NMethods: 114 registered, 2 unregistered
[7.934s][info][gc,metaspace] GC(17) Metaspace: 0M used, 0M committed, 1088M reserved
[7.934s][info][gc,ref      ] GC(17) Soft: 2 encountered, 0 discovered, 0 enqueued
[7.934s][info][gc,ref      ] GC(17) Weak: 9 encountered, 0 discovered, 0 enqueued
[7.934s][info][gc,ref      ] GC(17) Final: 0 encountered, 0 discovered, 0 enqueued
[7.934s][info][gc,ref      ] GC(17) Phantom: 3 encountered, 2 discovered, 0 enqueued
[7.934s][info][gc,reloc    ] GC(17) Small Pages: 4 / 8M, Empty: 0M, Relocated: 0M, In-Place: 0
[7.934s][info][gc,reloc    ] GC(17) Medium Pages: 0 / 0M, Empty: 0M, Relocated: 0M, In-Place: 0
[7.934s][info][gc,reloc    ] GC(17) Large Pages: 0 / 0M, Empty: 0M, Relocated: 0M, In-Place: 0
[7.934s][info][gc,reloc    ] GC(17) Forwarding Usage: 0M
[7.934s][info][gc,heap     ] GC(17) Min Capacity: 8192M(100%)
[7.934s][info][gc,heap     ] GC(17) Max Capacity: 8192M(100%)
[7.934s][info][gc,heap     ] GC(17) Soft Max Capacity: 8192M(100%)
[7.934s][info][gc,heap     ] GC(17)                Mark Start          Mark End        Relocate Start      Relocate End           High               Low         
[7.934s][info][gc,heap     ] GC(17)  Capacity:     8192M (100%)       8192M (100%)       8192M (100%)       8192M (100%)       8192M (100%)       8192M (100%)   
[7.934s][info][gc,heap     ] GC(17)      Free:     8184M (100%)       8184M (100%)       8184M (100%)       8186M (100%)       8186M (100%)       8178M (100%)   
[7.934s][info][gc,heap     ] GC(17)      Used:        8M (0%)            8M (0%)            8M (0%)            6M (0%)           14M (0%)            6M (0%)     
[7.934s][info][gc,heap     ] GC(17)      Live:         -                 0M (0%)            0M (0%)            0M (0%)             -                  -          
[7.934s][info][gc,heap     ] GC(17) Allocated:         -                 0M (0%)            0M (0%)            0M (0%)             -                  -          
[7.934s][info][gc,heap     ] GC(17)   Garbage:         -                 7M (0%)            7M (0%)            5M (0%)             -                  -          
[7.934s][info][gc,heap     ] GC(17) Reclaimed:         -                  -                 0M (0%)            2M (0%)             -                  -          
[7.934s][info][gc          ] GC(17) Garbage Collection (System.gc()) 8M(0%)->6M(0%)
[8.388s][info][gc,start    ] GC(18) Garbage Collection (System.gc())
[8.388s][info][gc,task     ] GC(18) Using 3 workers
[8.388s][info][gc,phases   ] GC(18) Pause Mark Start 0.014ms
[8.391s][info][gc,phases   ] GC(18) Concurrent Mark 2.802ms
[8.391s][info][gc,phases   ] GC(18) Pause Mark End 0.016ms
[8.391s][info][gc,phases   ] GC(18) Concurrent Mark Free 0.001ms
[8.393s][info][gc,phases   ] GC(18) Concurrent Process Non-Strong References 1.171ms
[8.393s][info][gc,phases   ] GC(18) Concurrent Reset Relocation Set 0.002ms
[8.397s][info][gc,phases   ] GC(18) Concurrent Select Relocation Set 4.487ms
[8.397s][info][gc,phases   ] GC(18) Pause Relocate Start 0.008ms
[8.398s][info][gc,phases   ] GC(18) Concurrent Relocate 0.741ms
[8.398s][info][gc,load     ] GC(18) Load: 1.36/1.37/1.59
[8.398s][info][gc,mmu      ] GC(18) MMU: 2ms/98.3%, 5ms/99.0%, 10ms/99.4%, 20ms/99.7%, 50ms/99.9%, 100ms/99.9%
[8.398s][info][gc,marking  ] GC(18) Mark: 2 stripe(s), 1 proactive flush(es), 1 terminate flush(es), 0 completion(s), 0 continuation(s) 
[8.398s][info][gc,marking  ] GC(18) Mark Stack Usage: 32M
[8.398s][info][gc,nmethod  ] GC(18) NMethods: 115 registered, 2 unregistered
[8.398s][info][gc,metaspace] GC(18) Metaspace: 0M used, 0M committed, 1088M reserved
[8.398s][info][gc,ref      ] GC(18) Soft: 2 encountered, 0 discovered, 0 enqueued
[8.398s][info][gc,ref      ] GC(18) Weak: 9 encountered, 0 discovered, 0 enqueued
[8.398s][info][gc,ref      ] GC(18) Final: 0 encountered, 0 discovered, 0 enqueued
[8.398s][info][gc,ref      ] GC(18) Phantom: 3 encountered, 2 discovered, 0 enqueued
[8.398s][info][gc,reloc    ] GC(18) Small Pages: 4 / 8M, Empty: 0M, Relocated: 0M, In-Place: 0
[8.398s][info][gc,reloc    ] GC(18) Medium Pages: 0 / 0M, Empty: 0M, Relocated: 0M, In-Place: 0
[8.398s][info][gc,reloc    ] GC(18) Large Pages: 0 / 0M, Empty: 0M, Relocated: 0M, In-Place: 0
[8.398s][info][gc,reloc    ] GC(18) Forwarding Usage: 0M
[8.398s][info][gc,heap     ] GC(18) Min Capacity: 8192M(100%)
[8.398s][info][gc,heap     ] GC(18) Max Capacity: 8192M(100%)
[8.398s][info][gc,heap     ] GC(18) Soft Max Capacity: 8192M(100%)
[8.398s][info][gc,heap     ] GC(18)                Mark Start          Mark End        Relocate Start      Relocate End           High               Low         
[8.398s][info][gc,heap     ] GC(18)  Capacity:     8192M (100%)       8192M (100%)       8192M (100%)       8192M (100%)       8192M (100%)       8192M (100%)   
[8.398s][info][gc,heap     ] GC(18)      Free:     8184M (100%)       8184M (100%)       8184M (100%)       8186M (100%)       8186M (100%)       8178M (100%)   
[8.398s][info][gc,heap     ] GC(18)      Used:        8M (0%)            8M (0%)            8M (0%)            6M (0%)           14M (0%)            6M (0%)     
[8.398s][info][gc,heap     ] GC(18)      Live:         -                 0M (0%)            0M (0%)            0M (0%)             -                  -          
[8.398s][info][gc,heap     ] GC(18) Allocated:         -                 0M (0%)            0M (0%)            0M (0%)             -                  -          
[8.398s][info][gc,heap     ] GC(18)   Garbage:         -                 7M (0%)            7M (0%)            5M (0%)             -                  -          
[8.398s][info][gc,heap     ] GC(18) Reclaimed:         -                  -                 0M (0%)            2M (0%)             -                  -          
[8.398s][info][gc          ] GC(18) Garbage Collection (System.gc()) 8M(0%)->6M(0%)
[8.857s][info][gc,start    ] GC(19) Garbage Collection (System.gc())
[8.857s][info][gc,task     ] GC(19) Using 3 workers
[8.857s][info][gc,phases   ] GC(19) Pause Mark Start 0.015ms
[8.860s][info][gc,phases   ] GC(19) Concurrent Mark 2.866ms
[8.860s][info][gc,phases   ] GC(19) Pause Mark End 0.015ms
[8.860s][info][gc,phases   ] GC(19) Concurrent Mark Free 0.001ms
[8.861s][info][gc,phases   ] GC(19) Concurrent Process Non-Strong References 1.225ms
[8.861s][info][gc,phases   ] GC(19) Concurrent Reset Relocation Set 0.002ms
[8.866s][info][gc,phases   ] GC(19) Concurrent Select Relocation Set 4.227ms
[8.866s][info][gc,phases   ] GC(19) Pause Relocate Start 0.011ms
[8.866s][info][gc,phases   ] GC(19) Concurrent Relocate 0.705ms
[8.866s][info][gc,load     ] GC(19) Load: 1.36/1.37/1.59
[8.866s][info][gc,mmu      ] GC(19) MMU: 2ms/98.3%, 5ms/99.0%, 10ms/99.4%, 20ms/99.7%, 50ms/99.9%, 100ms/99.9%
[8.866s][info][gc,marking  ] GC(19) Mark: 2 stripe(s), 1 proactive flush(es), 1 terminate flush(es), 0 completion(s), 0 continuation(s) 
[8.866s][info][gc,marking  ] GC(19) Mark Stack Usage: 32M
[8.867s][info][gc,nmethod  ] GC(19) NMethods: 116 registered, 2 unregistered
[8.867s][info][gc,metaspace] GC(19) Metaspace: 0M used, 0M committed, 1088M reserved
[8.867s][info][gc,ref      ] GC(19) Soft: 2 encountered, 0 discovered, 0 enqueued
[8.867s][info][gc,ref      ] GC(19) Weak: 9 encountered, 0 discovered, 0 enqueued
[8.867s][info][gc,ref      ] GC(19) Final: 0 encountered, 0 discovered, 0 enqueued
[8.867s][info][gc,ref      ] GC(19) Phantom: 3 encountered, 2 discovered, 0 enqueued
[8.867s][info][gc,reloc    ] GC(19) Small Pages: 4 / 8M, Empty: 0M, Relocated: 0M, In-Place: 0
[8.867s][info][gc,reloc    ] GC(19) Medium Pages: 0 / 0M, Empty: 0M, Relocated: 0M, In-Place: 0
[8.867s][info][gc,reloc    ] GC(19) Large Pages: 0 / 0M, Empty: 0M, Relocated: 0M, In-Place: 0
[8.867s][info][gc,reloc    ] GC(19) Forwarding Usage: 0M
[8.867s][info][gc,heap     ] GC(19) Min Capacity: 8192M(100%)
[8.867s][info][gc,heap     ] GC(19) Max Capacity: 8192M(100%)
[8.867s][info][gc,heap     ] GC(19) Soft Max Capacity: 8192M(100%)
[8.867s][info][gc,heap     ] GC(19)                Mark Start          Mark End        Relocate Start      Relocate End           High               Low         
[8.867s][info][gc,heap     ] GC(19)  Capacity:     8192M (100%)       8192M (100%)       8192M (100%)       8192M (100%)       8192M (100%)       8192M (100%)   
[8.867s][info][gc,heap     ] GC(19)      Free:     8184M (100%)       8184M (100%)       8184M (100%)       8186M (100%)       8186M (100%)       8178M (100%)   
[8.867s][info][gc,heap     ] GC(19)      Used:        8M (0%)            8M (0%)            8M (0%)            6M (0%)           14M (0%)            6M (0%)     
[8.867s][info][gc,heap     ] GC(19)      Live:         -                 0M (0%)            0M (0%)            0M (0%)             -                  -          
[8.867s][info][gc,heap     ] GC(19) Allocated:         -                 0M (0%)            0M (0%)            0M (0%)             -                  -          
[8.867s][info][gc,heap     ] GC(19)   Garbage:         -                 7M (0%)            7M (0%)            5M (0%)             -                  -          
[8.867s][info][gc,heap     ] GC(19) Reclaimed:         -                  -                 0M (0%)            2M (0%)             -                  -          
[8.867s][info][gc          ] GC(19) Garbage Collection (System.gc()) 8M(0%)->6M(0%)
[9.322s][info][gc,start    ] GC(20) Garbage Collection (System.gc())
[9.322s][info][gc,task     ] GC(20) Using 3 workers
[9.322s][info][gc,phases   ] GC(20) Pause Mark Start 0.014ms
[9.325s][info][gc,phases   ] GC(20) Concurrent Mark 3.097ms
[9.325s][info][gc,phases   ] GC(20) Pause Mark End 0.018ms
[9.326s][info][gc,phases   ] GC(20) Concurrent Mark Free 0.001ms
[9.327s][info][gc,phases   ] GC(20) Concurrent Process Non-Strong References 1.481ms
[9.327s][info][gc,phases   ] GC(20) Concurrent Reset Relocation Set 0.002ms
[9.331s][info][gc,phases   ] GC(20) Concurrent Select Relocation Set 4.403ms
[9.332s][info][gc,phases   ] GC(20) Pause Relocate Start 0.009ms
[9.332s][info][gc,phases   ] GC(20) Concurrent Relocate 0.701ms
[9.332s][info][gc,load     ] GC(20) Load: 1.36/1.37/1.59
[9.332s][info][gc,mmu      ] GC(20) MMU: 2ms/98.3%, 5ms/99.0%, 10ms/99.4%, 20ms/99.7%, 50ms/99.9%, 100ms/99.9%
[9.332s][info][gc,marking  ] GC(20) Mark: 2 stripe(s), 1 proactive flush(es), 1 terminate flush(es), 0 completion(s), 0 continuation(s) 
[9.332s][info][gc,marking  ] GC(20) Mark Stack Usage: 32M
[9.332s][info][gc,nmethod  ] GC(20) NMethods: 119 registered, 2 unregistered
[9.333s][info][gc,metaspace] GC(20) Metaspace: 0M used, 0M committed, 1088M reserved
[9.333s][info][gc,ref      ] GC(20) Soft: 2 encountered, 0 discovered, 0 enqueued
[9.333s][info][gc,ref      ] GC(20) Weak: 9 encountered, 1 discovered, 0 enqueued
[9.333s][info][gc,ref      ] GC(20) Final: 0 encountered, 0 discovered, 0 enqueued
[9.333s][info][gc,ref      ] GC(20) Phantom: 3 encountered, 2 discovered, 0 enqueued
[9.333s][info][gc,reloc    ] GC(20) Small Pages: 4 / 8M, Empty: 0M, Relocated: 0M, In-Place: 0
[9.333s][info][gc,reloc    ] GC(20) Medium Pages: 0 / 0M, Empty: 0M, Relocated: 0M, In-Place: 0
[9.333s][info][gc,reloc    ] GC(20) Large Pages: 0 / 0M, Empty: 0M, Relocated: 0M, In-Place: 0
[9.333s][info][gc,reloc    ] GC(20) Forwarding Usage: 0M
[9.333s][info][gc,heap     ] GC(20) Min Capacity: 8192M(100%)
[9.333s][info][gc,heap     ] GC(20) Max Capacity: 8192M(100%)
[9.333s][info][gc,heap     ] GC(20) Soft Max Capacity: 8192M(100%)
[9.333s][info][gc,heap     ] GC(20)                Mark Start          Mark End        Relocate Start      Relocate End           High               Low         
[9.333s][info][gc,heap     ] GC(20)  Capacity:     8192M (100%)       8192M (100%)       8192M (100%)       8192M (100%)       8192M (100%)       8192M (100%)   
[9.333s][info][gc,heap     ] GC(20)      Free:     8184M (100%)       8184M (100%)       8184M (100%)       8186M (100%)       8186M (100%)       8178M (100%)   
[9.333s][info][gc,heap     ] GC(20)      Used:        8M (0%)            8M (0%)            8M (0%)            6M (0%)           14M (0%)            6M (0%)     
[9.333s][info][gc,heap     ] GC(20)      Live:         -                 0M (0%)            0M (0%)            0M (0%)             -                  -          
[9.333s][info][gc,heap     ] GC(20) Allocated:         -                 0M (0%)            0M (0%)            0M (0%)             -                  -          
[9.333s][info][gc,heap     ] GC(20)   Garbage:         -                 7M (0%)            7M (0%)            5M (0%)             -                  -          
[9.333s][info][gc,heap     ] GC(20) Reclaimed:         -                  -                 0M (0%)            2M (0%)             -                  -          
[9.333s][info][gc          ] GC(20) Garbage Collection (System.gc()) 8M(0%)->6M(0%)
[9.790s][info][gc,start    ] GC(21) Garbage Collection (System.gc())
[9.791s][info][gc,task     ] GC(21) Using 3 workers
[9.791s][info][gc,phases   ] GC(21) Pause Mark Start 0.015ms
[9.793s][info][gc,phases   ] GC(21) Concurrent Mark 2.435ms
[9.793s][info][gc,phases   ] GC(21) Pause Mark End 0.014ms
[9.793s][info][gc,phases   ] GC(21) Concurrent Mark Free 0.001ms
[9.795s][info][gc,phases   ] GC(21) Concurrent Process Non-Strong References 1.238ms
[9.795s][info][gc,phases   ] GC(21) Concurrent Reset Relocation Set 0.002ms
[9.798s][info][gc,phases   ] GC(21) Concurrent Select Relocation Set 3.821ms
[9.799s][info][gc,phases   ] GC(21) Pause Relocate Start 0.012ms
[9.799s][info][gc,phases   ] GC(21) Concurrent Relocate 0.683ms
[9.800s][info][gc,load     ] GC(21) Load: 1.36/1.37/1.59
[9.800s][info][gc,mmu      ] GC(21) MMU: 2ms/98.3%, 5ms/99.0%, 10ms/99.4%, 20ms/99.7%, 50ms/99.9%, 100ms/99.9%
[9.800s][info][gc,marking  ] GC(21) Mark: 2 stripe(s), 2 proactive flush(es), 1 terminate flush(es), 0 completion(s), 0 continuation(s) 
[9.800s][info][gc,marking  ] GC(21) Mark Stack Usage: 32M
[9.800s][info][gc,nmethod  ] GC(21) NMethods: 126 registered, 2 unregistered
[9.800s][info][gc,metaspace] GC(21) Metaspace: 0M used, 0M committed, 1088M reserved
[9.800s][info][gc,ref      ] GC(21) Soft: 2 encountered, 0 discovered, 0 enqueued
[9.800s][info][gc,ref      ] GC(21) Weak: 9 encountered, 1 discovered, 0 enqueued
[9.800s][info][gc,ref      ] GC(21) Final: 0 encountered, 0 discovered, 0 enqueued
[9.800s][info][gc,ref      ] GC(21) Phantom: 3 encountered, 2 discovered, 0 enqueued
[9.800s][info][gc,reloc    ] GC(21) Small Pages: 4 / 8M, Empty: 4M, Relocated: 0M, In-Place: 0
[9.800s][info][gc,reloc    ] GC(21) Medium Pages: 0 / 0M, Empty: 0M, Relocated: 0M, In-Place: 0
[9.800s][info][gc,reloc    ] GC(21) Large Pages: 0 / 0M, Empty: 0M, Relocated: 0M, In-Place: 0
[9.800s][info][gc,reloc    ] GC(21) Forwarding Usage: 0M
[9.800s][info][gc,heap     ] GC(21) Min Capacity: 8192M(100%)
[9.800s][info][gc,heap     ] GC(21) Max Capacity: 8192M(100%)
[9.800s][info][gc,heap     ] GC(21) Soft Max Capacity: 8192M(100%)
[9.800s][info][gc,heap     ] GC(21)                Mark Start          Mark End        Relocate Start      Relocate End           High               Low         
[9.800s][info][gc,heap     ] GC(21)  Capacity:     8192M (100%)       8192M (100%)       8192M (100%)       8192M (100%)       8192M (100%)       8192M (100%)   
[9.800s][info][gc,heap     ] GC(21)      Free:     8184M (100%)       8184M (100%)       8188M (100%)       8188M (100%)       8188M (100%)       8184M (100%)   
[9.800s][info][gc,heap     ] GC(21)      Used:        8M (0%)            8M (0%)            4M (0%)            4M (0%)            8M (0%)            4M (0%)     
[9.800s][info][gc,heap     ] GC(21)      Live:         -                 0M (0%)            0M (0%)            0M (0%)             -                  -          
[9.800s][info][gc,heap     ] GC(21) Allocated:         -                 0M (0%)            0M (0%)            0M (0%)             -                  -          
[9.800s][info][gc,heap     ] GC(21)   Garbage:         -                 7M (0%)            3M (0%)            3M (0%)             -                  -          
[9.800s][info][gc,heap     ] GC(21) Reclaimed:         -                  -                 4M (0%)            4M (0%)             -                  -          
[9.800s][info][gc          ] GC(21) Garbage Collection (System.gc()) 8M(0%)->4M(0%)
[10.015s][info][gc,stats    ] === Garbage Collection Statistics =======================================================================================================================
[10.015s][info][gc,stats    ]                                                              Last 10s              Last 10m              Last 10h                Total
[10.015s][info][gc,stats    ]                                                              Avg / Max             Avg / Max             Avg / Max             Avg / Max
[10.015s][info][gc,stats    ]   Collector: Garbage Collection Cycle                      9.003 / 10.790        9.003 / 10.790        9.003 / 10.790        9.003 / 10.790      ms
[10.015s][info][gc,stats    ]  Contention: Mark Segment Reset Contention                     2 / 4                 2 / 4                 2 / 4                 2 / 4           ops/s
[10.015s][info][gc,stats    ]  Contention: Mark SeqNum Reset Contention                      1 / 3                 1 / 3                 1 / 3                 1 / 3           ops/s
[10.015s][info][gc,stats    ]    Critical: Allocation Stall                                  0 / 0                 0 / 0                 0 / 0                 0 / 0           ops/s
[10.015s][info][gc,stats    ]    Critical: Allocation Stall                              0.000 / 0.000         0.000 / 0.000         0.000 / 0.000         0.000 / 0.000       ms
[10.015s][info][gc,stats    ]    Critical: GC Locker Stall                                   0 / 0                 0 / 0                 0 / 0                 0 / 0           ops/s
[10.015s][info][gc,stats    ]    Critical: GC Locker Stall                               0.000 / 0.000         0.000 / 0.000         0.000 / 0.000         0.000 / 0.000       ms
[10.015s][info][gc,stats    ]    Critical: Relocation Stall                                  0 / 0                 0 / 0                 0 / 0                 0 / 0           ops/s
[10.015s][info][gc,stats    ]    Critical: Relocation Stall                              0.000 / 0.000         0.000 / 0.000         0.000 / 0.000         0.000 / 0.000       ms
[10.015s][info][gc,stats    ]      Memory: Allocation Rate                                   4 / 6                 4 / 6                 4 / 6                 4 / 6           MB/s
[10.015s][info][gc,stats    ]      Memory: Defragment                                        0 / 0                 0 / 0                 0 / 0                 0 / 0           ops/s
[10.015s][info][gc,stats    ]      Memory: Out Of Memory                                     0 / 0                 0 / 0                 0 / 0                 0 / 0           ops/s
[10.015s][info][gc,stats    ]      Memory: Page Cache Flush                                  0 / 0                 0 / 0                 0 / 0                 0 / 0           MB/s
[10.015s][info][gc,stats    ]      Memory: Page Cache Hit L1                                 7 / 12                7 / 12                7 / 12                7 / 12          ops/s
[10.015s][info][gc,stats    ]      Memory: Page Cache Hit L2                                 0 / 0                 0 / 0                 0 / 0                 0 / 0           ops/s
[10.015s][info][gc,stats    ]      Memory: Page Cache Hit L3                                 0 / 6                 0 / 6                 0 / 6                 0 / 6           ops/s
[10.015s][info][gc,stats    ]      Memory: Page Cache Miss                                   0 / 1                 0 / 1                 0 / 1                 0 / 1           ops/s
[10.015s][info][gc,stats    ]      Memory: Uncommit                                          0 / 0                 0 / 0                 0 / 0                 0 / 0           MB/s
[10.015s][info][gc,stats    ]      Memory: Undo Object Allocation Failed                     0 / 0                 0 / 0                 0 / 0                 0 / 0           ops/s
[10.015s][info][gc,stats    ]      Memory: Undo Object Allocation Succeeded                  0 / 0                 0 / 0                 0 / 0                 0 / 0           ops/s
[10.015s][info][gc,stats    ]      Memory: Undo Page Allocation                              0 / 0                 0 / 0                 0 / 0                 0 / 0           ops/s
[10.015s][info][gc,stats    ]       Phase: Concurrent Mark                               2.467 / 3.179         2.467 / 3.179         2.467 / 3.179         2.467 / 3.179       ms
[10.015s][info][gc,stats    ]       Phase: Concurrent Mark Continue                      0.000 / 0.000         0.000 / 0.000         0.000 / 0.000         0.000 / 0.000       ms
[10.015s][info][gc,stats    ]       Phase: Concurrent Mark Free                          0.001 / 0.001         0.001 / 0.001         0.001 / 0.001         0.001 / 0.001       ms
[10.015s][info][gc,stats    ]       Phase: Concurrent Process Non-Strong References      0.866 / 1.523         0.866 / 1.523         0.866 / 1.523         0.866 / 1.523       ms
[10.015s][info][gc,stats    ]       Phase: Concurrent Relocate                           0.677 / 0.965         0.677 / 0.965         0.677 / 0.965         0.677 / 0.965       ms
[10.015s][info][gc,stats    ]       Phase: Concurrent Reset Relocation Set               0.002 / 0.003         0.002 / 0.003         0.002 / 0.003         0.002 / 0.003       ms
[10.015s][info][gc,stats    ]       Phase: Concurrent Select Relocation Set              4.356 / 6.275         4.356 / 6.275         4.356 / 6.275         4.356 / 6.275       ms
[10.015s][info][gc,stats    ]       Phase: Pause Mark End                                0.015 / 0.034         0.015 / 0.034         0.015 / 0.034         0.015 / 0.034       ms
[10.015s][info][gc,stats    ]       Phase: Pause Mark Start                              0.012 / 0.021         0.012 / 0.021         0.012 / 0.021         0.012 / 0.021       ms
[10.015s][info][gc,stats    ]       Phase: Pause Relocate Start                          0.009 / 0.019         0.009 / 0.019         0.009 / 0.019         0.009 / 0.019       ms
[10.015s][info][gc,stats    ]    Subphase: Concurrent Classes Purge                      0.045 / 0.287         0.045 / 0.287         0.045 / 0.287         0.045 / 0.287       ms
[10.015s][info][gc,stats    ]    Subphase: Concurrent Classes Unlink                     0.704 / 1.284         0.704 / 1.284         0.704 / 1.284         0.704 / 1.284       ms
[10.015s][info][gc,stats    ]    Subphase: Concurrent Mark                               1.668 / 2.545         1.668 / 2.545         1.668 / 2.545         1.668 / 2.545       ms
[10.015s][info][gc,stats    ]    Subphase: Concurrent Mark Try Flush                     0.028 / 0.070         0.028 / 0.070         0.028 / 0.070         0.028 / 0.070       ms
[10.015s][info][gc,stats    ]    Subphase: Concurrent Mark Try Terminate                 0.629 / 1.355         0.629 / 1.355         0.629 / 1.355         0.629 / 1.355       ms
[10.015s][info][gc,stats    ]    Subphase: Concurrent References Enqueue                 0.000 / 0.001         0.000 / 0.001         0.000 / 0.001         0.000 / 0.001       ms
[10.015s][info][gc,stats    ]    Subphase: Concurrent References Process                 0.020 / 0.029         0.020 / 0.029         0.020 / 0.029         0.020 / 0.029       ms
[10.015s][info][gc,stats    ]    Subphase: Concurrent Roots ClassLoaderDataGraph         0.114 / 0.761         0.114 / 0.761         0.114 / 0.761         0.114 / 0.761       ms
[10.015s][info][gc,stats    ]    Subphase: Concurrent Roots CodeCache                    0.000 / 0.000         0.000 / 0.000         0.000 / 0.000         0.000 / 0.000       ms
[10.015s][info][gc,stats    ]    Subphase: Concurrent Roots JavaThreads                  0.170 / 0.603         0.170 / 0.603         0.170 / 0.603         0.170 / 0.603       ms
[10.015s][info][gc,stats    ]    Subphase: Concurrent Roots OopStorageSet                0.015 / 0.058         0.015 / 0.058         0.015 / 0.058         0.015 / 0.058       ms
[10.015s][info][gc,stats    ]    Subphase: Concurrent Weak Roots OopStorageSet           0.036 / 0.109         0.036 / 0.109         0.036 / 0.109         0.036 / 0.109       ms
[10.015s][info][gc,stats    ]    Subphase: Pause Mark Try Complete                       0.000 / 0.000         0.000 / 0.000         0.000 / 0.000         0.000 / 0.000       ms
[10.015s][info][gc,stats    ]      System: Java Threads                                     10 / 10               10 / 10               10 / 10               10 / 10          threads
[10.015s][info][gc,stats    ] =========================================================================================================================================================
[10.256s][info][gc,start    ] GC(22) Garbage Collection (System.gc())
[10.256s][info][gc,task     ] GC(22) Using 3 workers
[10.256s][info][gc,phases   ] GC(22) Pause Mark Start 0.013ms
[10.259s][info][gc,phases   ] GC(22) Concurrent Mark 2.845ms
[10.259s][info][gc,phases   ] GC(22) Pause Mark End 0.016ms
[10.259s][info][gc,phases   ] GC(22) Concurrent Mark Free 0.001ms
[10.260s][info][gc,phases   ] GC(22) Concurrent Process Non-Strong References 1.171ms
[10.260s][info][gc,phases   ] GC(22) Concurrent Reset Relocation Set 0.002ms
[10.264s][info][gc,phases   ] GC(22) Concurrent Select Relocation Set 3.793ms
[10.264s][info][gc,phases   ] GC(22) Pause Relocate Start 0.010ms
[10.265s][info][gc,phases   ] GC(22) Concurrent Relocate 0.669ms
[10.265s][info][gc,load     ] GC(22) Load: 1.57/1.41/1.60
[10.265s][info][gc,mmu      ] GC(22) MMU: 2ms/98.3%, 5ms/99.0%, 10ms/99.4%, 20ms/99.7%, 50ms/99.9%, 100ms/99.9%
[10.265s][info][gc,marking  ] GC(22) Mark: 2 stripe(s), 2 proactive flush(es), 1 terminate flush(es), 0 completion(s), 0 continuation(s) 
[10.265s][info][gc,marking  ] GC(22) Mark Stack Usage: 32M
[10.265s][info][gc,nmethod  ] GC(22) NMethods: 128 registered, 2 unregistered
[10.265s][info][gc,metaspace] GC(22) Metaspace: 0M used, 0M committed, 1088M reserved
[10.265s][info][gc,ref      ] GC(22) Soft: 2 encountered, 0 discovered, 0 enqueued
[10.265s][info][gc,ref      ] GC(22) Weak: 9 encountered, 0 discovered, 0 enqueued
[10.265s][info][gc,ref      ] GC(22) Final: 0 encountered, 0 discovered, 0 enqueued
[10.265s][info][gc,ref      ] GC(22) Phantom: 3 encountered, 2 discovered, 0 enqueued
[10.265s][info][gc,reloc    ] GC(22) Small Pages: 3 / 6M, Empty: 0M, Relocated: 0M, In-Place: 0
[10.265s][info][gc,reloc    ] GC(22) Medium Pages: 0 / 0M, Empty: 0M, Relocated: 0M, In-Place: 0
[10.265s][info][gc,reloc    ] GC(22) Large Pages: 0 / 0M, Empty: 0M, Relocated: 0M, In-Place: 0
[10.265s][info][gc,reloc    ] GC(22) Forwarding Usage: 0M
[10.265s][info][gc,heap     ] GC(22) Min Capacity: 8192M(100%)
[10.265s][info][gc,heap     ] GC(22) Max Capacity: 8192M(100%)
[10.265s][info][gc,heap     ] GC(22) Soft Max Capacity: 8192M(100%)
[10.265s][info][gc,heap     ] GC(22)                Mark Start          Mark End        Relocate Start      Relocate End           High               Low         
[10.265s][info][gc,heap     ] GC(22)  Capacity:     8192M (100%)       8192M (100%)       8192M (100%)       8192M (100%)       8192M (100%)       8192M (100%)   
[10.265s][info][gc,heap     ] GC(22)      Free:     8186M (100%)       8184M (100%)       8184M (100%)       8184M (100%)       8186M (100%)       8178M (100%)   
[10.265s][info][gc,heap     ] GC(22)      Used:        6M (0%)            8M (0%)            8M (0%)            8M (0%)           14M (0%)            6M (0%)     
[10.265s][info][gc,heap     ] GC(22)      Live:         -                 0M (0%)            0M (0%)            0M (0%)             -                  -          
[10.265s][info][gc,heap     ] GC(22) Allocated:         -                 2M (0%)            2M (0%)            2M (0%)             -                  -          
[10.265s][info][gc,heap     ] GC(22)   Garbage:         -                 5M (0%)            5M (0%)            5M (0%)             -                  -          
[10.265s][info][gc,heap     ] GC(22) Reclaimed:         -                  -                 0M (0%)            0M (0%)             -                  -          
[10.265s][info][gc          ] GC(22) Garbage Collection (System.gc()) 6M(0%)->8M(0%)
[10.723s][info][gc,start    ] GC(23) Garbage Collection (System.gc())
[10.724s][info][gc,task     ] GC(23) Using 3 workers
[10.724s][info][gc,phases   ] GC(23) Pause Mark Start 0.014ms
[10.726s][info][gc,phases   ] GC(23) Concurrent Mark 2.343ms
[10.726s][info][gc,phases   ] GC(23) Pause Mark End 0.012ms
[10.726s][info][gc,phases   ] GC(23) Concurrent Mark Free 0.001ms
[10.726s][info][gc,phases   ] GC(23) Concurrent Process Non-Strong References 0.224ms
[10.726s][info][gc,phases   ] GC(23) Concurrent Reset Relocation Set 0.002ms
[10.731s][info][gc,phases   ] GC(23) Concurrent Select Relocation Set 4.320ms
[10.731s][info][gc,phases   ] GC(23) Pause Relocate Start 0.013ms
[10.732s][info][gc,phases   ] GC(23) Concurrent Relocate 0.666ms
[10.732s][info][gc,load     ] GC(23) Load: 1.57/1.41/1.60
[10.732s][info][gc,mmu      ] GC(23) MMU: 2ms/98.3%, 5ms/99.0%, 10ms/99.4%, 20ms/99.7%, 50ms/99.9%, 100ms/99.9%
[10.732s][info][gc,marking  ] GC(23) Mark: 2 stripe(s), 1 proactive flush(es), 1 terminate flush(es), 0 completion(s), 0 continuation(s) 
[10.732s][info][gc,marking  ] GC(23) Mark Stack Usage: 32M
[10.732s][info][gc,nmethod  ] GC(23) NMethods: 128 registered, 2 unregistered
[10.732s][info][gc,metaspace] GC(23) Metaspace: 0M used, 0M committed, 1088M reserved
[10.732s][info][gc,ref      ] GC(23) Soft: 2 encountered, 0 discovered, 0 enqueued
[10.732s][info][gc,ref      ] GC(23) Weak: 9 encountered, 0 discovered, 0 enqueued
[10.732s][info][gc,ref      ] GC(23) Final: 0 encountered, 0 discovered, 0 enqueued
[10.732s][info][gc,ref      ] GC(23) Phantom: 3 encountered, 1 discovered, 0 enqueued
[10.732s][info][gc,reloc    ] GC(23) Small Pages: 4 / 8M, Empty: 0M, Relocated: 0M, In-Place: 0
[10.732s][info][gc,reloc    ] GC(23) Medium Pages: 0 / 0M, Empty: 0M, Relocated: 0M, In-Place: 0
[10.732s][info][gc,reloc    ] GC(23) Large Pages: 0 / 0M, Empty: 0M, Relocated: 0M, In-Place: 0
[10.732s][info][gc,reloc    ] GC(23) Forwarding Usage: 0M
[10.732s][info][gc,heap     ] GC(23) Min Capacity: 8192M(100%)
[10.732s][info][gc,heap     ] GC(23) Max Capacity: 8192M(100%)
[10.732s][info][gc,heap     ] GC(23) Soft Max Capacity: 8192M(100%)
[10.732s][info][gc,heap     ] GC(23)                Mark Start          Mark End        Relocate Start      Relocate End           High               Low         
[10.732s][info][gc,heap     ] GC(23)  Capacity:     8192M (100%)       8192M (100%)       8192M (100%)       8192M (100%)       8192M (100%)       8192M (100%)   
[10.732s][info][gc,heap     ] GC(23)      Free:     8184M (100%)       8184M (100%)       8184M (100%)       8186M (100%)       8186M (100%)       8180M (100%)   
[10.732s][info][gc,heap     ] GC(23)      Used:        8M (0%)            8M (0%)            8M (0%)            6M (0%)           12M (0%)            6M (0%)     
[10.732s][info][gc,heap     ] GC(23)      Live:         -                 0M (0%)            0M (0%)            0M (0%)             -                  -          
[10.732s][info][gc,heap     ] GC(23) Allocated:         -                 0M (0%)            0M (0%)            0M (0%)             -                  -          
[10.732s][info][gc,heap     ] GC(23)   Garbage:         -                 7M (0%)            7M (0%)            5M (0%)             -                  -          
[10.732s][info][gc,heap     ] GC(23) Reclaimed:         -                  -                 0M (0%)            2M (0%)             -                  -          
[10.732s][info][gc          ] GC(23) Garbage Collection (System.gc()) 8M(0%)->6M(0%)
[11.189s][info][gc,start    ] GC(24) Garbage Collection (System.gc())
[11.189s][info][gc,task     ] GC(24) Using 3 workers
[11.189s][info][gc,phases   ] GC(24) Pause Mark Start 0.013ms
[11.192s][info][gc,phases   ] GC(24) Concurrent Mark 2.531ms
[11.192s][info][gc,phases   ] GC(24) Pause Mark End 0.015ms
[11.192s][info][gc,phases   ] GC(24) Concurrent Mark Free 0.001ms
[11.192s][info][gc,phases   ] GC(24) Concurrent Process Non-Strong References 0.216ms
[11.192s][info][gc,phases   ] GC(24) Concurrent Reset Relocation Set 0.003ms
[11.196s][info][gc,phases   ] GC(24) Concurrent Select Relocation Set 4.132ms
[11.196s][info][gc,phases   ] GC(24) Pause Relocate Start 0.008ms
[11.197s][info][gc,phases   ] GC(24) Concurrent Relocate 0.693ms
[11.197s][info][gc,load     ] GC(24) Load: 1.57/1.41/1.60
[11.197s][info][gc,mmu      ] GC(24) MMU: 2ms/98.3%, 5ms/99.0%, 10ms/99.4%, 20ms/99.7%, 50ms/99.9%, 100ms/99.9%
[11.197s][info][gc,marking  ] GC(24) Mark: 2 stripe(s), 2 proactive flush(es), 1 terminate flush(es), 0 completion(s), 0 continuation(s) 
[11.197s][info][gc,marking  ] GC(24) Mark Stack Usage: 32M
[11.197s][info][gc,nmethod  ] GC(24) NMethods: 131 registered, 2 unregistered
[11.197s][info][gc,metaspace] GC(24) Metaspace: 0M used, 0M committed, 1088M reserved
[11.197s][info][gc,ref      ] GC(24) Soft: 2 encountered, 0 discovered, 0 enqueued
[11.197s][info][gc,ref      ] GC(24) Weak: 9 encountered, 0 discovered, 0 enqueued
[11.197s][info][gc,ref      ] GC(24) Final: 0 encountered, 0 discovered, 0 enqueued
[11.197s][info][gc,ref      ] GC(24) Phantom: 3 encountered, 2 discovered, 0 enqueued
[11.197s][info][gc,reloc    ] GC(24) Small Pages: 4 / 8M, Empty: 0M, Relocated: 0M, In-Place: 0
[11.197s][info][gc,reloc    ] GC(24) Medium Pages: 0 / 0M, Empty: 0M, Relocated: 0M, In-Place: 0
[11.197s][info][gc,reloc    ] GC(24) Large Pages: 0 / 0M, Empty: 0M, Relocated: 0M, In-Place: 0
[11.197s][info][gc,reloc    ] GC(24) Forwarding Usage: 0M
[11.197s][info][gc,heap     ] GC(24) Min Capacity: 8192M(100%)
[11.197s][info][gc,heap     ] GC(24) Max Capacity: 8192M(100%)
[11.197s][info][gc,heap     ] GC(24) Soft Max Capacity: 8192M(100%)
[11.197s][info][gc,heap     ] GC(24)                Mark Start          Mark End        Relocate Start      Relocate End           High               Low         
[11.197s][info][gc,heap     ] GC(24)  Capacity:     8192M (100%)       8192M (100%)       8192M (100%)       8192M (100%)       8192M (100%)       8192M (100%)   
[11.197s][info][gc,heap     ] GC(24)      Free:     8184M (100%)       8184M (100%)       8184M (100%)       8186M (100%)       8186M (100%)       8178M (100%)   
[11.197s][info][gc,heap     ] GC(24)      Used:        8M (0%)            8M (0%)            8M (0%)            6M (0%)           14M (0%)            6M (0%)     
[11.197s][info][gc,heap     ] GC(24)      Live:         -                 0M (0%)            0M (0%)            0M (0%)             -                  -          
[11.197s][info][gc,heap     ] GC(24) Allocated:         -                 0M (0%)            0M (0%)            0M (0%)             -                  -          
[11.197s][info][gc,heap     ] GC(24)   Garbage:         -                 7M (0%)            7M (0%)            5M (0%)             -                  -          
[11.197s][info][gc,heap     ] GC(24) Reclaimed:         -                  -                 0M (0%)            2M (0%)             -                  -          
[11.197s][info][gc          ] GC(24) Garbage Collection (System.gc()) 8M(0%)->6M(0%)
[11.655s][info][gc,start    ] GC(25) Garbage Collection (System.gc())
[11.655s][info][gc,task     ] GC(25) Using 3 workers
[11.655s][info][gc,phases   ] GC(25) Pause Mark Start 0.012ms
[11.658s][info][gc,phases   ] GC(25) Concurrent Mark 2.470ms
[11.658s][info][gc,phases   ] GC(25) Pause Mark End 0.013ms
[11.658s][info][gc,phases   ] GC(25) Concurrent Mark Free 0.001ms
[11.659s][info][gc,phases   ] GC(25) Concurrent Process Non-Strong References 1.258ms
[11.659s][info][gc,phases   ] GC(25) Concurrent Reset Relocation Set 0.002ms
[11.664s][info][gc,phases   ] GC(25) Concurrent Select Relocation Set 4.596ms
[11.664s][info][gc,phases   ] GC(25) Pause Relocate Start 0.007ms
[11.665s][info][gc,phases   ] GC(25) Concurrent Relocate 0.610ms
[11.665s][info][gc,load     ] GC(25) Load: 1.57/1.41/1.60
[11.665s][info][gc,mmu      ] GC(25) MMU: 2ms/98.3%, 5ms/99.0%, 10ms/99.4%, 20ms/99.7%, 50ms/99.9%, 100ms/99.9%
[11.665s][info][gc,marking  ] GC(25) Mark: 2 stripe(s), 1 proactive flush(es), 1 terminate flush(es), 0 completion(s), 0 continuation(s) 
[11.665s][info][gc,marking  ] GC(25) Mark Stack Usage: 32M
[11.665s][info][gc,nmethod  ] GC(25) NMethods: 133 registered, 2 unregistered
[11.665s][info][gc,metaspace] GC(25) Metaspace: 0M used, 0M committed, 1088M reserved
[11.665s][info][gc,ref      ] GC(25) Soft: 2 encountered, 0 discovered, 0 enqueued
[11.665s][info][gc,ref      ] GC(25) Weak: 9 encountered, 0 discovered, 0 enqueued
[11.665s][info][gc,ref      ] GC(25) Final: 0 encountered, 0 discovered, 0 enqueued
[11.665s][info][gc,ref      ] GC(25) Phantom: 3 encountered, 2 discovered, 0 enqueued
[11.665s][info][gc,reloc    ] GC(25) Small Pages: 4 / 8M, Empty: 0M, Relocated: 0M, In-Place: 0
[11.665s][info][gc,reloc    ] GC(25) Medium Pages: 0 / 0M, Empty: 0M, Relocated: 0M, In-Place: 0
[11.665s][info][gc,reloc    ] GC(25) Large Pages: 0 / 0M, Empty: 0M, Relocated: 0M, In-Place: 0
[11.665s][info][gc,reloc    ] GC(25) Forwarding Usage: 0M
[11.665s][info][gc,heap     ] GC(25) Min Capacity: 8192M(100%)
[11.665s][info][gc,heap     ] GC(25) Max Capacity: 8192M(100%)
[11.665s][info][gc,heap     ] GC(25) Soft Max Capacity: 8192M(100%)
[11.665s][info][gc,heap     ] GC(25)                Mark Start          Mark End        Relocate Start      Relocate End           High               Low         
[11.665s][info][gc,heap     ] GC(25)  Capacity:     8192M (100%)       8192M (100%)       8192M (100%)       8192M (100%)       8192M (100%)       8192M (100%)   
[11.665s][info][gc,heap     ] GC(25)      Free:     8184M (100%)       8184M (100%)       8184M (100%)       8186M (100%)       8186M (100%)       8180M (100%)   
[11.665s][info][gc,heap     ] GC(25)      Used:        8M (0%)            8M (0%)            8M (0%)            6M (0%)           12M (0%)            6M (0%)     
[11.665s][info][gc,heap     ] GC(25)      Live:         -                 0M (0%)            0M (0%)            0M (0%)             -                  -          
[11.665s][info][gc,heap     ] GC(25) Allocated:         -                 0M (0%)            0M (0%)            0M (0%)             -                  -          
[11.665s][info][gc,heap     ] GC(25)   Garbage:         -                 7M (0%)            7M (0%)            5M (0%)             -                  -          
[11.665s][info][gc,heap     ] GC(25) Reclaimed:         -                  -                 0M (0%)            2M (0%)             -                  -          
[11.665s][info][gc          ] GC(25) Garbage Collection (System.gc()) 8M(0%)->6M(0%)
[12.119s][info][gc,start    ] GC(26) Garbage Collection (System.gc())
[12.119s][info][gc,task     ] GC(26) Using 3 workers
[12.119s][info][gc,phases   ] GC(26) Pause Mark Start 0.015ms
[12.123s][info][gc,phases   ] GC(26) Concurrent Mark 3.107ms
[12.123s][info][gc,phases   ] GC(26) Pause Mark End 0.014ms
[12.123s][info][gc,phases   ] GC(26) Concurrent Mark Free 0.000ms
[12.124s][info][gc,phases   ] GC(26) Concurrent Process Non-Strong References 1.230ms
[12.124s][info][gc,phases   ] GC(26) Concurrent Reset Relocation Set 0.003ms
[12.128s][info][gc,phases   ] GC(26) Concurrent Select Relocation Set 4.143ms
[12.128s][info][gc,phases   ] GC(26) Pause Relocate Start 0.010ms
[12.129s][info][gc,phases   ] GC(26) Concurrent Relocate 0.679ms
[12.129s][info][gc,load     ] GC(26) Load: 1.57/1.41/1.60
[12.129s][info][gc,mmu      ] GC(26) MMU: 2ms/98.3%, 5ms/99.0%, 10ms/99.4%, 20ms/99.7%, 50ms/99.9%, 100ms/99.9%
[12.129s][info][gc,marking  ] GC(26) Mark: 2 stripe(s), 1 proactive flush(es), 1 terminate flush(es), 0 completion(s), 0 continuation(s) 
[12.129s][info][gc,marking  ] GC(26) Mark Stack Usage: 32M
[12.129s][info][gc,nmethod  ] GC(26) NMethods: 134 registered, 2 unregistered
[12.129s][info][gc,metaspace] GC(26) Metaspace: 0M used, 0M committed, 1088M reserved
[12.129s][info][gc,ref      ] GC(26) Soft: 2 encountered, 0 discovered, 0 enqueued
[12.129s][info][gc,ref      ] GC(26) Weak: 9 encountered, 0 discovered, 0 enqueued
[12.129s][info][gc,ref      ] GC(26) Final: 0 encountered, 0 discovered, 0 enqueued
[12.129s][info][gc,ref      ] GC(26) Phantom: 3 encountered, 2 discovered, 0 enqueued
[12.129s][info][gc,reloc    ] GC(26) Small Pages: 4 / 8M, Empty: 0M, Relocated: 0M, In-Place: 0
[12.129s][info][gc,reloc    ] GC(26) Medium Pages: 0 / 0M, Empty: 0M, Relocated: 0M, In-Place: 0
[12.129s][info][gc,reloc    ] GC(26) Large Pages: 0 / 0M, Empty: 0M, Relocated: 0M, In-Place: 0
[12.129s][info][gc,reloc    ] GC(26) Forwarding Usage: 0M
[12.129s][info][gc,heap     ] GC(26) Min Capacity: 8192M(100%)
[12.129s][info][gc,heap     ] GC(26) Max Capacity: 8192M(100%)
[12.129s][info][gc,heap     ] GC(26) Soft Max Capacity: 8192M(100%)
[12.129s][info][gc,heap     ] GC(26)                Mark Start          Mark End        Relocate Start      Relocate End           High               Low         
[12.129s][info][gc,heap     ] GC(26)  Capacity:     8192M (100%)       8192M (100%)       8192M (100%)       8192M (100%)       8192M (100%)       8192M (100%)   
[12.129s][info][gc,heap     ] GC(26)      Free:     8184M (100%)       8184M (100%)       8184M (100%)       8186M (100%)       8186M (100%)       8178M (100%)   
[12.129s][info][gc,heap     ] GC(26)      Used:        8M (0%)            8M (0%)            8M (0%)            6M (0%)           14M (0%)            6M (0%)     
[12.129s][info][gc,heap     ] GC(26)      Live:         -                 0M (0%)            0M (0%)            0M (0%)             -                  -          
[12.129s][info][gc,heap     ] GC(26) Allocated:         -                 0M (0%)            0M (0%)            0M (0%)             -                  -          
[12.129s][info][gc,heap     ] GC(26)   Garbage:         -                 7M (0%)            7M (0%)            5M (0%)             -                  -          
[12.129s][info][gc,heap     ] GC(26) Reclaimed:         -                  -                 0M (0%)            2M (0%)             -                  -          
[12.129s][info][gc          ] GC(26) Garbage Collection (System.gc()) 8M(0%)->6M(0%)
[12.584s][info][gc,start    ] GC(27) Garbage Collection (System.gc())
[12.584s][info][gc,task     ] GC(27) Using 3 workers
[12.584s][info][gc,phases   ] GC(27) Pause Mark Start 0.014ms
[12.587s][info][gc,phases   ] GC(27) Concurrent Mark 3.095ms
[12.588s][info][gc,phases   ] GC(27) Pause Mark End 0.020ms
[12.588s][info][gc,phases   ] GC(27) Concurrent Mark Free 0.001ms
[12.589s][info][gc,phases   ] GC(27) Concurrent Process Non-Strong References 1.434ms
[12.589s][info][gc,phases   ] GC(27) Concurrent Reset Relocation Set 0.002ms
[12.594s][info][gc,phases   ] GC(27) Concurrent Select Relocation Set 4.414ms
[12.594s][info][gc,phases   ] GC(27) Pause Relocate Start 0.010ms
[12.594s][info][gc,phases   ] GC(27) Concurrent Relocate 0.675ms
[12.595s][info][gc,load     ] GC(27) Load: 1.57/1.41/1.60
[12.595s][info][gc,mmu      ] GC(27) MMU: 2ms/98.3%, 5ms/99.0%, 10ms/99.4%, 20ms/99.7%, 50ms/99.9%, 100ms/99.9%
[12.595s][info][gc,marking  ] GC(27) Mark: 2 stripe(s), 1 proactive flush(es), 1 terminate flush(es), 0 completion(s), 0 continuation(s) 
[12.595s][info][gc,marking  ] GC(27) Mark Stack Usage: 32M
[12.595s][info][gc,nmethod  ] GC(27) NMethods: 134 registered, 2 unregistered
[12.595s][info][gc,metaspace] GC(27) Metaspace: 0M used, 0M committed, 1088M reserved
[12.595s][info][gc,ref      ] GC(27) Soft: 2 encountered, 0 discovered, 0 enqueued
[12.595s][info][gc,ref      ] GC(27) Weak: 9 encountered, 3 discovered, 0 enqueued
[12.595s][info][gc,ref      ] GC(27) Final: 0 encountered, 0 discovered, 0 enqueued
[12.595s][info][gc,ref      ] GC(27) Phantom: 3 encountered, 2 discovered, 0 enqueued
[12.595s][info][gc,reloc    ] GC(27) Small Pages: 4 / 8M, Empty: 0M, Relocated: 0M, In-Place: 0
[12.595s][info][gc,reloc    ] GC(27) Medium Pages: 0 / 0M, Empty: 0M, Relocated: 0M, In-Place: 0
[12.595s][info][gc,reloc    ] GC(27) Large Pages: 0 / 0M, Empty: 0M, Relocated: 0M, In-Place: 0
[12.595s][info][gc,reloc    ] GC(27) Forwarding Usage: 0M
[12.595s][info][gc,heap     ] GC(27) Min Capacity: 8192M(100%)
[12.595s][info][gc,heap     ] GC(27) Max Capacity: 8192M(100%)
[12.595s][info][gc,heap     ] GC(27) Soft Max Capacity: 8192M(100%)
[12.595s][info][gc,heap     ] GC(27)                Mark Start          Mark End        Relocate Start      Relocate End           High               Low         
[12.595s][info][gc,heap     ] GC(27)  Capacity:     8192M (100%)       8192M (100%)       8192M (100%)       8192M (100%)       8192M (100%)       8192M (100%)   
[12.595s][info][gc,heap     ] GC(27)      Free:     8184M (100%)       8184M (100%)       8184M (100%)       8186M (100%)       8186M (100%)       8178M (100%)   
[12.595s][info][gc,heap     ] GC(27)      Used:        8M (0%)            8M (0%)            8M (0%)            6M (0%)           14M (0%)            6M (0%)     
[12.595s][info][gc,heap     ] GC(27)      Live:         -                 0M (0%)            0M (0%)            0M (0%)             -                  -          
[12.595s][info][gc,heap     ] GC(27) Allocated:         -                 0M (0%)            0M (0%)            0M (0%)             -                  -          
[12.595s][info][gc,heap     ] GC(27)   Garbage:         -                 7M (0%)            7M (0%)            5M (0%)             -                  -          
[12.595s][info][gc,heap     ] GC(27) Reclaimed:         -                  -                 0M (0%)            2M (0%)             -                  -          
[12.595s][info][gc          ] GC(27) Garbage Collection (System.gc()) 8M(0%)->6M(0%)
[13.052s][info][gc,start    ] GC(28) Garbage Collection (System.gc())
[13.052s][info][gc,task     ] GC(28) Using 3 workers
[13.052s][info][gc,phases   ] GC(28) Pause Mark Start 0.014ms
[13.055s][info][gc,phases   ] GC(28) Concurrent Mark 2.839ms
[13.055s][info][gc,phases   ] GC(28) Pause Mark End 0.020ms
[13.055s][info][gc,phases   ] GC(28) Concurrent Mark Free 0.001ms
[13.056s][info][gc,phases   ] GC(28) Concurrent Process Non-Strong References 1.301ms
[13.057s][info][gc,phases   ] GC(28) Concurrent Reset Relocation Set 0.002ms
[13.061s][info][gc,phases   ] GC(28) Concurrent Select Relocation Set 4.323ms
[13.061s][info][gc,phases   ] GC(28) Pause Relocate Start 0.009ms
[13.062s][info][gc,phases   ] GC(28) Concurrent Relocate 0.743ms
[13.062s][info][gc,load     ] GC(28) Load: 1.57/1.41/1.60
[13.062s][info][gc,mmu      ] GC(28) MMU: 2ms/98.3%, 5ms/99.0%, 10ms/99.4%, 20ms/99.7%, 50ms/99.9%, 100ms/99.9%
[13.062s][info][gc,marking  ] GC(28) Mark: 2 stripe(s), 2 proactive flush(es), 1 terminate flush(es), 0 completion(s), 0 continuation(s) 
[13.062s][info][gc,marking  ] GC(28) Mark Stack Usage: 32M
[13.062s][info][gc,nmethod  ] GC(28) NMethods: 137 registered, 2 unregistered
[13.062s][info][gc,metaspace] GC(28) Metaspace: 0M used, 0M committed, 1088M reserved
[13.062s][info][gc,ref      ] GC(28) Soft: 2 encountered, 0 discovered, 0 enqueued
[13.062s][info][gc,ref      ] GC(28) Weak: 9 encountered, 0 discovered, 0 enqueued
[13.062s][info][gc,ref      ] GC(28) Final: 0 encountered, 0 discovered, 0 enqueued
[13.062s][info][gc,ref      ] GC(28) Phantom: 3 encountered, 2 discovered, 0 enqueued
[13.062s][info][gc,reloc    ] GC(28) Small Pages: 4 / 8M, Empty: 0M, Relocated: 0M, In-Place: 0
[13.062s][info][gc,reloc    ] GC(28) Medium Pages: 0 / 0M, Empty: 0M, Relocated: 0M, In-Place: 0
[13.062s][info][gc,reloc    ] GC(28) Large Pages: 0 / 0M, Empty: 0M, Relocated: 0M, In-Place: 0
[13.062s][info][gc,reloc    ] GC(28) Forwarding Usage: 0M
[13.062s][info][gc,heap     ] GC(28) Min Capacity: 8192M(100%)
[13.062s][info][gc,heap     ] GC(28) Max Capacity: 8192M(100%)
[13.062s][info][gc,heap     ] GC(28) Soft Max Capacity: 8192M(100%)
[13.062s][info][gc,heap     ] GC(28)                Mark Start          Mark End        Relocate Start      Relocate End           High               Low         
[13.062s][info][gc,heap     ] GC(28)  Capacity:     8192M (100%)       8192M (100%)       8192M (100%)       8192M (100%)       8192M (100%)       8192M (100%)   
[13.062s][info][gc,heap     ] GC(28)      Free:     8184M (100%)       8184M (100%)       8184M (100%)       8186M (100%)       8186M (100%)       8180M (100%)   
[13.062s][info][gc,heap     ] GC(28)      Used:        8M (0%)            8M (0%)            8M (0%)            6M (0%)           12M (0%)            6M (0%)     
[13.062s][info][gc,heap     ] GC(28)      Live:         -                 0M (0%)            0M (0%)            0M (0%)             -                  -          
[13.062s][info][gc,heap     ] GC(28) Allocated:         -                 0M (0%)            0M (0%)            0M (0%)             -                  -          
[13.062s][info][gc,heap     ] GC(28)   Garbage:         -                 7M (0%)            7M (0%)            5M (0%)             -                  -          
[13.062s][info][gc,heap     ] GC(28) Reclaimed:         -                  -                 0M (0%)            2M (0%)             -                  -          
[13.062s][info][gc          ] GC(28) Garbage Collection (System.gc()) 8M(0%)->6M(0%)
[13.518s][info][gc,start    ] GC(29) Garbage Collection (System.gc())
[13.518s][info][gc,task     ] GC(29) Using 3 workers
[13.518s][info][gc,phases   ] GC(29) Pause Mark Start 0.015ms
[13.522s][info][gc,phases   ] GC(29) Concurrent Mark 3.964ms
[13.523s][info][gc,phases   ] GC(29) Pause Mark End 0.015ms
[13.523s][info][gc,phases   ] GC(29) Concurrent Mark Free 0.001ms
[13.524s][info][gc,phases   ] GC(29) Concurrent Process Non-Strong References 1.390ms
[13.524s][info][gc,phases   ] GC(29) Concurrent Reset Relocation Set 0.002ms
[13.529s][info][gc,phases   ] GC(29) Concurrent Select Relocation Set 4.555ms
[13.529s][info][gc,phases   ] GC(29) Pause Relocate Start 0.007ms
[13.529s][info][gc,phases   ] GC(29) Concurrent Relocate 0.556ms
[13.529s][info][gc,load     ] GC(29) Load: 1.57/1.41/1.60
[13.529s][info][gc,mmu      ] GC(29) MMU: 2ms/98.3%, 5ms/99.0%, 10ms/99.4%, 20ms/99.7%, 50ms/99.9%, 100ms/99.9%
[13.529s][info][gc,marking  ] GC(29) Mark: 2 stripe(s), 1 proactive flush(es), 1 terminate flush(es), 0 completion(s), 0 continuation(s) 
[13.529s][info][gc,marking  ] GC(29) Mark Stack Usage: 32M
[13.529s][info][gc,nmethod  ] GC(29) NMethods: 139 registered, 2 unregistered
[13.529s][info][gc,metaspace] GC(29) Metaspace: 0M used, 0M committed, 1088M reserved
[13.529s][info][gc,ref      ] GC(29) Soft: 2 encountered, 0 discovered, 0 enqueued
[13.529s][info][gc,ref      ] GC(29) Weak: 9 encountered, 0 discovered, 0 enqueued
[13.529s][info][gc,ref      ] GC(29) Final: 0 encountered, 0 discovered, 0 enqueued
[13.530s][info][gc,ref      ] GC(29) Phantom: 3 encountered, 1 discovered, 0 enqueued
[13.530s][info][gc,reloc    ] GC(29) Small Pages: 4 / 8M, Empty: 0M, Relocated: 0M, In-Place: 0
[13.530s][info][gc,reloc    ] GC(29) Medium Pages: 0 / 0M, Empty: 0M, Relocated: 0M, In-Place: 0
[13.530s][info][gc,reloc    ] GC(29) Large Pages: 0 / 0M, Empty: 0M, Relocated: 0M, In-Place: 0
[13.530s][info][gc,reloc    ] GC(29) Forwarding Usage: 0M
[13.530s][info][gc,heap     ] GC(29) Min Capacity: 8192M(100%)
[13.530s][info][gc,heap     ] GC(29) Max Capacity: 8192M(100%)
[13.530s][info][gc,heap     ] GC(29) Soft Max Capacity: 8192M(100%)
[13.530s][info][gc,heap     ] GC(29)                Mark Start          Mark End        Relocate Start      Relocate End           High               Low         
[13.530s][info][gc,heap     ] GC(29)  Capacity:     8192M (100%)       8192M (100%)       8192M (100%)       8192M (100%)       8192M (100%)       8192M (100%)   
[13.530s][info][gc,heap     ] GC(29)      Free:     8184M (100%)       8184M (100%)       8184M (100%)       8186M (100%)       8186M (100%)       8178M (100%)   
[13.530s][info][gc,heap     ] GC(29)      Used:        8M (0%)            8M (0%)            8M (0%)            6M (0%)           14M (0%)            6M (0%)     
[13.530s][info][gc,heap     ] GC(29)      Live:         -                 0M (0%)            0M (0%)            0M (0%)             -                  -          
[13.530s][info][gc,heap     ] GC(29) Allocated:         -                 0M (0%)            0M (0%)            0M (0%)             -                  -          
[13.530s][info][gc,heap     ] GC(29)   Garbage:         -                 7M (0%)            7M (0%)            5M (0%)             -                  -          
[13.530s][info][gc,heap     ] GC(29) Reclaimed:         -                  -                 0M (0%)            2M (0%)             -                  -          
[13.530s][info][gc          ] GC(29) Garbage Collection (System.gc()) 8M(0%)->6M(0%)
[13.985s][info][gc,start    ] GC(30) Garbage Collection (System.gc())
[13.986s][info][gc,task     ] GC(30) Using 3 workers
[13.986s][info][gc,phases   ] GC(30) Pause Mark Start 0.012ms
[13.988s][info][gc,phases   ] GC(30) Concurrent Mark 2.246ms
[13.988s][info][gc,phases   ] GC(30) Pause Mark End 0.011ms
[13.988s][info][gc,phases   ] GC(30) Concurrent Mark Free 0.001ms
[13.989s][info][gc,phases   ] GC(30) Concurrent Process Non-Strong References 0.722ms
[13.989s][info][gc,phases   ] GC(30) Concurrent Reset Relocation Set 0.001ms
[13.993s][info][gc,phases   ] GC(30) Concurrent Select Relocation Set 4.244ms
[13.993s][info][gc,phases   ] GC(30) Pause Relocate Start 0.006ms
[13.994s][info][gc,phases   ] GC(30) Concurrent Relocate 0.569ms
[13.994s][info][gc,load     ] GC(30) Load: 1.57/1.41/1.60
[13.994s][info][gc,mmu      ] GC(30) MMU: 2ms/98.3%, 5ms/99.0%, 10ms/99.4%, 20ms/99.7%, 50ms/99.9%, 100ms/99.9%
[13.994s][info][gc,marking  ] GC(30) Mark: 2 stripe(s), 1 proactive flush(es), 1 terminate flush(es), 0 completion(s), 0 continuation(s) 
[13.994s][info][gc,marking  ] GC(30) Mark Stack Usage: 32M
[13.994s][info][gc,nmethod  ] GC(30) NMethods: 139 registered, 2 unregistered
[13.994s][info][gc,metaspace] GC(30) Metaspace: 0M used, 0M committed, 1088M reserved
[13.994s][info][gc,ref      ] GC(30) Soft: 2 encountered, 0 discovered, 0 enqueued
[13.994s][info][gc,ref      ] GC(30) Weak: 9 encountered, 0 discovered, 0 enqueued
[13.994s][info][gc,ref      ] GC(30) Final: 0 encountered, 0 discovered, 0 enqueued
[13.994s][info][gc,ref      ] GC(30) Phantom: 3 encountered, 2 discovered, 0 enqueued
[13.994s][info][gc,reloc    ] GC(30) Small Pages: 4 / 8M, Empty: 0M, Relocated: 0M, In-Place: 0
[13.994s][info][gc,reloc    ] GC(30) Medium Pages: 0 / 0M, Empty: 0M, Relocated: 0M, In-Place: 0
[13.994s][info][gc,reloc    ] GC(30) Large Pages: 0 / 0M, Empty: 0M, Relocated: 0M, In-Place: 0
[13.994s][info][gc,reloc    ] GC(30) Forwarding Usage: 0M
[13.994s][info][gc,heap     ] GC(30) Min Capacity: 8192M(100%)
[13.994s][info][gc,heap     ] GC(30) Max Capacity: 8192M(100%)
[13.994s][info][gc,heap     ] GC(30) Soft Max Capacity: 8192M(100%)
[13.994s][info][gc,heap     ] GC(30)                Mark Start          Mark End        Relocate Start      Relocate End           High               Low         
[13.994s][info][gc,heap     ] GC(30)  Capacity:     8192M (100%)       8192M (100%)       8192M (100%)       8192M (100%)       8192M (100%)       8192M (100%)   
[13.994s][info][gc,heap     ] GC(30)      Free:     8184M (100%)       8184M (100%)       8184M (100%)       8186M (100%)       8186M (100%)       8178M (100%)   
[13.994s][info][gc,heap     ] GC(30)      Used:        8M (0%)            8M (0%)            8M (0%)            6M (0%)           14M (0%)            6M (0%)     
[13.994s][info][gc,heap     ] GC(30)      Live:         -                 0M (0%)            0M (0%)            0M (0%)             -                  -          
[13.994s][info][gc,heap     ] GC(30) Allocated:         -                 0M (0%)            0M (0%)            0M (0%)             -                  -          
[13.994s][info][gc,heap     ] GC(30)   Garbage:         -                 7M (0%)            7M (0%)            5M (0%)             -                  -          
[13.994s][info][gc,heap     ] GC(30) Reclaimed:         -                  -                 0M (0%)            2M (0%)             -                  -          
[13.994s][info][gc          ] GC(30) Garbage Collection (System.gc()) 8M(0%)->6M(0%)
[14.450s][info][gc,start    ] GC(31) Garbage Collection (System.gc())
[14.450s][info][gc,task     ] GC(31) Using 3 workers
[14.450s][info][gc,phases   ] GC(31) Pause Mark Start 0.006ms
[14.452s][info][gc,phases   ] GC(31) Concurrent Mark 2.120ms
[14.452s][info][gc,phases   ] GC(31) Pause Mark End 0.011ms
[14.452s][info][gc,phases   ] GC(31) Concurrent Mark Free 0.000ms
[14.453s][info][gc,phases   ] GC(31) Concurrent Process Non-Strong References 0.619ms
[14.453s][info][gc,phases   ] GC(31) Concurrent Reset Relocation Set 0.003ms
[14.457s][info][gc,phases   ] GC(31) Concurrent Select Relocation Set 4.257ms
[14.457s][info][gc,phases   ] GC(31) Pause Relocate Start 0.013ms
[14.458s][info][gc,phases   ] GC(31) Concurrent Relocate 0.745ms
[14.458s][info][gc,load     ] GC(31) Load: 1.57/1.41/1.60
[14.458s][info][gc,mmu      ] GC(31) MMU: 2ms/98.3%, 5ms/99.0%, 10ms/99.4%, 20ms/99.7%, 50ms/99.9%, 100ms/99.9%
[14.458s][info][gc,marking  ] GC(31) Mark: 2 stripe(s), 1 proactive flush(es), 1 terminate flush(es), 0 completion(s), 0 continuation(s) 
[14.458s][info][gc,marking  ] GC(31) Mark Stack Usage: 32M
[14.458s][info][gc,nmethod  ] GC(31) NMethods: 140 registered, 2 unregistered
[14.458s][info][gc,metaspace] GC(31) Metaspace: 0M used, 0M committed, 1088M reserved
[14.458s][info][gc,ref      ] GC(31) Soft: 2 encountered, 0 discovered, 0 enqueued
[14.458s][info][gc,ref      ] GC(31) Weak: 9 encountered, 0 discovered, 0 enqueued
[14.458s][info][gc,ref      ] GC(31) Final: 0 encountered, 0 discovered, 0 enqueued
[14.458s][info][gc,ref      ] GC(31) Phantom: 3 encountered, 2 discovered, 0 enqueued
[14.458s][info][gc,reloc    ] GC(31) Small Pages: 4 / 8M, Empty: 0M, Relocated: 0M, In-Place: 0
[14.458s][info][gc,reloc    ] GC(31) Medium Pages: 0 / 0M, Empty: 0M, Relocated: 0M, In-Place: 0
[14.458s][info][gc,reloc    ] GC(31) Large Pages: 0 / 0M, Empty: 0M, Relocated: 0M, In-Place: 0
[14.458s][info][gc,reloc    ] GC(31) Forwarding Usage: 0M
[14.458s][info][gc,heap     ] GC(31) Min Capacity: 8192M(100%)
[14.458s][info][gc,heap     ] GC(31) Max Capacity: 8192M(100%)
[14.458s][info][gc,heap     ] GC(31) Soft Max Capacity: 8192M(100%)
[14.458s][info][gc,heap     ] GC(31)                Mark Start          Mark End        Relocate Start      Relocate End           High               Low         
[14.458s][info][gc,heap     ] GC(31)  Capacity:     8192M (100%)       8192M (100%)       8192M (100%)       8192M (100%)       8192M (100%)       8192M (100%)   
[14.458s][info][gc,heap     ] GC(31)      Free:     8184M (100%)       8184M (100%)       8184M (100%)       8186M (100%)       8186M (100%)       8178M (100%)   
[14.458s][info][gc,heap     ] GC(31)      Used:        8M (0%)            8M (0%)            8M (0%)            6M (0%)           14M (0%)            6M (0%)     
[14.458s][info][gc,heap     ] GC(31)      Live:         -                 0M (0%)            0M (0%)            0M (0%)             -                  -          
[14.458s][info][gc,heap     ] GC(31) Allocated:         -                 0M (0%)            0M (0%)            0M (0%)             -                  -          
[14.458s][info][gc,heap     ] GC(31)   Garbage:         -                 7M (0%)            7M (0%)            5M (0%)             -                  -          
[14.458s][info][gc,heap     ] GC(31) Reclaimed:         -                  -                 0M (0%)            2M (0%)             -                  -          
[14.458s][info][gc          ] GC(31) Garbage Collection (System.gc()) 8M(0%)->6M(0%)
[14.912s][info][gc,start    ] GC(32) Garbage Collection (System.gc())
[14.912s][info][gc,task     ] GC(32) Using 3 workers
[14.912s][info][gc,phases   ] GC(32) Pause Mark Start 0.006ms
[14.914s][info][gc,phases   ] GC(32) Concurrent Mark 2.071ms
[14.914s][info][gc,phases   ] GC(32) Pause Mark End 0.012ms
[14.914s][info][gc,phases   ] GC(32) Concurrent Mark Free 0.000ms
[14.915s][info][gc,phases   ] GC(32) Concurrent Process Non-Strong References 0.588ms
[14.915s][info][gc,phases   ] GC(32) Concurrent Reset Relocation Set 0.001ms
[14.919s][info][gc,phases   ] GC(32) Concurrent Select Relocation Set 4.375ms
[14.919s][info][gc,phases   ] GC(32) Pause Relocate Start 0.005ms
[14.920s][info][gc,phases   ] GC(32) Concurrent Relocate 0.630ms
[14.920s][info][gc,load     ] GC(32) Load: 1.52/1.40/1.60
[14.920s][info][gc,mmu      ] GC(32) MMU: 2ms/98.3%, 5ms/99.0%, 10ms/99.4%, 20ms/99.7%, 50ms/99.9%, 100ms/99.9%
[14.920s][info][gc,marking  ] GC(32) Mark: 2 stripe(s), 1 proactive flush(es), 1 terminate flush(es), 0 completion(s), 0 continuation(s) 
[14.920s][info][gc,marking  ] GC(32) Mark Stack Usage: 32M
[14.920s][info][gc,nmethod  ] GC(32) NMethods: 142 registered, 2 unregistered
[14.920s][info][gc,metaspace] GC(32) Metaspace: 0M used, 0M committed, 1088M reserved
[14.920s][info][gc,ref      ] GC(32) Soft: 2 encountered, 0 discovered, 0 enqueued
[14.920s][info][gc,ref      ] GC(32) Weak: 9 encountered, 0 discovered, 0 enqueued
[14.920s][info][gc,ref      ] GC(32) Final: 0 encountered, 0 discovered, 0 enqueued
[14.920s][info][gc,ref      ] GC(32) Phantom: 3 encountered, 2 discovered, 0 enqueued
[14.920s][info][gc,reloc    ] GC(32) Small Pages: 4 / 8M, Empty: 0M, Relocated: 0M, In-Place: 0
[14.920s][info][gc,reloc    ] GC(32) Medium Pages: 0 / 0M, Empty: 0M, Relocated: 0M, In-Place: 0
[14.920s][info][gc,reloc    ] GC(32) Large Pages: 0 / 0M, Empty: 0M, Relocated: 0M, In-Place: 0
[14.920s][info][gc,reloc    ] GC(32) Forwarding Usage: 0M
[14.920s][info][gc,heap     ] GC(32) Min Capacity: 8192M(100%)
[14.920s][info][gc,heap     ] GC(32) Max Capacity: 8192M(100%)
[14.920s][info][gc,heap     ] GC(32) Soft Max Capacity: 8192M(100%)
[14.920s][info][gc,heap     ] GC(32)                Mark Start          Mark End        Relocate Start      Relocate End           High               Low         
[14.920s][info][gc,heap     ] GC(32)  Capacity:     8192M (100%)       8192M (100%)       8192M (100%)       8192M (100%)       8192M (100%)       8192M (100%)   
[14.920s][info][gc,heap     ] GC(32)      Free:     8184M (100%)       8184M (100%)       8184M (100%)       8186M (100%)       8186M (100%)       8180M (100%)   
[14.920s][info][gc,heap     ] GC(32)      Used:        8M (0%)            8M (0%)            8M (0%)            6M (0%)           12M (0%)            6M (0%)     
[14.920s][info][gc,heap     ] GC(32)      Live:         -                 0M (0%)            0M (0%)            0M (0%)             -                  -          
[14.920s][info][gc,heap     ] GC(32) Allocated:         -                 0M (0%)            0M (0%)            0M (0%)             -                  -          
[14.921s][info][gc,heap     ] GC(32)   Garbage:         -                 7M (0%)            7M (0%)            5M (0%)             -                  -          
[14.921s][info][gc,heap     ] GC(32) Reclaimed:         -                  -                 0M (0%)            2M (0%)             -                  -          
[14.921s][info][gc          ] GC(32) Garbage Collection (System.gc()) 8M(0%)->6M(0%)
[15.373s][info][gc,start    ] GC(33) Garbage Collection (System.gc())
[15.373s][info][gc,task     ] GC(33) Using 3 workers
[15.373s][info][gc,phases   ] GC(33) Pause Mark Start 0.006ms
[15.376s][info][gc,phases   ] GC(33) Concurrent Mark 2.421ms
[15.376s][info][gc,phases   ] GC(33) Pause Mark End 0.019ms
[15.376s][info][gc,phases   ] GC(33) Concurrent Mark Free 0.001ms
[15.377s][info][gc,phases   ] GC(33) Concurrent Process Non-Strong References 1.119ms
[15.377s][info][gc,phases   ] GC(33) Concurrent Reset Relocation Set 0.001ms
[15.381s][info][gc,phases   ] GC(33) Concurrent Select Relocation Set 3.908ms
[15.381s][info][gc,phases   ] GC(33) Pause Relocate Start 0.006ms
[15.382s][info][gc,phases   ] GC(33) Concurrent Relocate 0.599ms
[15.382s][info][gc,load     ] GC(33) Load: 1.52/1.40/1.60
[15.382s][info][gc,mmu      ] GC(33) MMU: 2ms/98.3%, 5ms/99.0%, 10ms/99.4%, 20ms/99.7%, 50ms/99.9%, 100ms/99.9%
[15.382s][info][gc,marking  ] GC(33) Mark: 2 stripe(s), 1 proactive flush(es), 1 terminate flush(es), 0 completion(s), 0 continuation(s) 
[15.382s][info][gc,marking  ] GC(33) Mark Stack Usage: 32M
[15.382s][info][gc,nmethod  ] GC(33) NMethods: 142 registered, 2 unregistered
[15.382s][info][gc,metaspace] GC(33) Metaspace: 0M used, 0M committed, 1088M reserved
[15.382s][info][gc,ref      ] GC(33) Soft: 2 encountered, 0 discovered, 0 enqueued
[15.382s][info][gc,ref      ] GC(33) Weak: 9 encountered, 0 discovered, 0 enqueued
[15.382s][info][gc,ref      ] GC(33) Final: 0 encountered, 0 discovered, 0 enqueued
[15.382s][info][gc,ref      ] GC(33) Phantom: 3 encountered, 2 discovered, 0 enqueued
[15.382s][info][gc,reloc    ] GC(33) Small Pages: 4 / 8M, Empty: 0M, Relocated: 0M, In-Place: 0
[15.382s][info][gc,reloc    ] GC(33) Medium Pages: 0 / 0M, Empty: 0M, Relocated: 0M, In-Place: 0
[15.382s][info][gc,reloc    ] GC(33) Large Pages: 0 / 0M, Empty: 0M, Relocated: 0M, In-Place: 0
[15.382s][info][gc,reloc    ] GC(33) Forwarding Usage: 0M
[15.382s][info][gc,heap     ] GC(33) Min Capacity: 8192M(100%)
[15.382s][info][gc,heap     ] GC(33) Max Capacity: 8192M(100%)
[15.382s][info][gc,heap     ] GC(33) Soft Max Capacity: 8192M(100%)
[15.382s][info][gc,heap     ] GC(33)                Mark Start          Mark End        Relocate Start      Relocate End           High               Low         
[15.382s][info][gc,heap     ] GC(33)  Capacity:     8192M (100%)       8192M (100%)       8192M (100%)       8192M (100%)       8192M (100%)       8192M (100%)   
[15.382s][info][gc,heap     ] GC(33)      Free:     8184M (100%)       8184M (100%)       8184M (100%)       8186M (100%)       8186M (100%)       8178M (100%)   
[15.382s][info][gc,heap     ] GC(33)      Used:        8M (0%)            8M (0%)            8M (0%)            6M (0%)           14M (0%)            6M (0%)     
[15.382s][info][gc,heap     ] GC(33)      Live:         -                 0M (0%)            0M (0%)            0M (0%)             -                  -          
[15.382s][info][gc,heap     ] GC(33) Allocated:         -                 0M (0%)            0M (0%)            0M (0%)             -                  -          
[15.382s][info][gc,heap     ] GC(33)   Garbage:         -                 7M (0%)            7M (0%)            5M (0%)             -                  -          
[15.382s][info][gc,heap     ] GC(33) Reclaimed:         -                  -                 0M (0%)            2M (0%)             -                  -          
[15.382s][info][gc          ] GC(33) Garbage Collection (System.gc()) 8M(0%)->6M(0%)
[15.833s][info][gc,start    ] GC(34) Garbage Collection (System.gc())
[15.833s][info][gc,task     ] GC(34) Using 3 workers
[15.833s][info][gc,phases   ] GC(34) Pause Mark Start 0.004ms
[15.835s][info][gc,phases   ] GC(34) Concurrent Mark 1.899ms
[15.835s][info][gc,phases   ] GC(34) Pause Mark End 0.008ms
[15.835s][info][gc,phases   ] GC(34) Concurrent Mark Free 0.000ms
[15.836s][info][gc,phases   ] GC(34) Concurrent Process Non-Strong References 0.521ms
[15.836s][info][gc,phases   ] GC(34) Concurrent Reset Relocation Set 0.001ms
[15.839s][info][gc,phases   ] GC(34) Concurrent Select Relocation Set 2.847ms
[15.839s][info][gc,phases   ] GC(34) Pause Relocate Start 0.004ms
[15.839s][info][gc,phases   ] GC(34) Concurrent Relocate 0.369ms
[15.839s][info][gc,load     ] GC(34) Load: 1.52/1.40/1.60
[15.839s][info][gc,mmu      ] GC(34) MMU: 2ms/98.3%, 5ms/99.0%, 10ms/99.4%, 20ms/99.7%, 50ms/99.9%, 100ms/99.9%
[15.839s][info][gc,marking  ] GC(34) Mark: 2 stripe(s), 1 proactive flush(es), 1 terminate flush(es), 0 completion(s), 0 continuation(s) 
[15.839s][info][gc,marking  ] GC(34) Mark Stack Usage: 32M
[15.839s][info][gc,nmethod  ] GC(34) NMethods: 142 registered, 2 unregistered
[15.839s][info][gc,metaspace] GC(34) Metaspace: 0M used, 0M committed, 1088M reserved
[15.839s][info][gc,ref      ] GC(34) Soft: 2 encountered, 0 discovered, 0 enqueued
[15.839s][info][gc,ref      ] GC(34) Weak: 9 encountered, 0 discovered, 0 enqueued
[15.839s][info][gc,ref      ] GC(34) Final: 0 encountered, 0 discovered, 0 enqueued
[15.839s][info][gc,ref      ] GC(34) Phantom: 3 encountered, 1 discovered, 0 enqueued
[15.839s][info][gc,reloc    ] GC(34) Small Pages: 4 / 8M, Empty: 0M, Relocated: 0M, In-Place: 0
[15.839s][info][gc,reloc    ] GC(34) Medium Pages: 0 / 0M, Empty: 0M, Relocated: 0M, In-Place: 0
[15.839s][info][gc,reloc    ] GC(34) Large Pages: 0 / 0M, Empty: 0M, Relocated: 0M, In-Place: 0
[15.839s][info][gc,reloc    ] GC(34) Forwarding Usage: 0M
[15.839s][info][gc,heap     ] GC(34) Min Capacity: 8192M(100%)
[15.839s][info][gc,heap     ] GC(34) Max Capacity: 8192M(100%)
[15.839s][info][gc,heap     ] GC(34) Soft Max Capacity: 8192M(100%)
[15.839s][info][gc,heap     ] GC(34)                Mark Start          Mark End        Relocate Start      Relocate End           High               Low         
[15.839s][info][gc,heap     ] GC(34)  Capacity:     8192M (100%)       8192M (100%)       8192M (100%)       8192M (100%)       8192M (100%)       8192M (100%)   
[15.839s][info][gc,heap     ] GC(34)      Free:     8184M (100%)       8184M (100%)       8184M (100%)       8186M (100%)       8186M (100%)       8178M (100%)   
[15.839s][info][gc,heap     ] GC(34)      Used:        8M (0%)            8M (0%)            8M (0%)            6M (0%)           14M (0%)            6M (0%)     
[15.839s][info][gc,heap     ] GC(34)      Live:         -                 0M (0%)            0M (0%)            0M (0%)             -                  -          
[15.839s][info][gc,heap     ] GC(34) Allocated:         -                 0M (0%)            0M (0%)            0M (0%)             -                  -          
[15.839s][info][gc,heap     ] GC(34)   Garbage:         -                 7M (0%)            7M (0%)            5M (0%)             -                  -          
[15.839s][info][gc,heap     ] GC(34) Reclaimed:         -                  -                 0M (0%)            2M (0%)             -                  -          
[15.839s][info][gc          ] GC(34) Garbage Collection (System.gc()) 8M(0%)->6M(0%)
[16.294s][info][gc,start    ] GC(35) Garbage Collection (System.gc())
[16.294s][info][gc,task     ] GC(35) Using 3 workers
[16.294s][info][gc,phases   ] GC(35) Pause Mark Start 0.005ms
[16.296s][info][gc,phases   ] GC(35) Concurrent Mark 2.130ms
[16.296s][info][gc,phases   ] GC(35) Pause Mark End 0.008ms
[16.296s][info][gc,phases   ] GC(35) Concurrent Mark Free 0.000ms
[16.297s][info][gc,phases   ] GC(35) Concurrent Process Non-Strong References 0.209ms
[16.297s][info][gc,phases   ] GC(35) Concurrent Reset Relocation Set 0.005ms
[16.300s][info][gc,phases   ] GC(35) Concurrent Select Relocation Set 3.830ms
[16.300s][info][gc,phases   ] GC(35) Pause Relocate Start 0.006ms
[16.301s][info][gc,phases   ] GC(35) Concurrent Relocate 0.573ms
[16.301s][info][gc,load     ] GC(35) Load: 1.52/1.40/1.60
[16.301s][info][gc,mmu      ] GC(35) MMU: 2ms/98.3%, 5ms/99.0%, 10ms/99.4%, 20ms/99.7%, 50ms/99.9%, 100ms/99.9%
[16.301s][info][gc,marking  ] GC(35) Mark: 2 stripe(s), 2 proactive flush(es), 1 terminate flush(es), 0 completion(s), 0 continuation(s) 
[16.301s][info][gc,marking  ] GC(35) Mark Stack Usage: 32M
[16.301s][info][gc,nmethod  ] GC(35) NMethods: 144 registered, 2 unregistered
[16.301s][info][gc,metaspace] GC(35) Metaspace: 0M used, 0M committed, 1088M reserved
[16.301s][info][gc,ref      ] GC(35) Soft: 2 encountered, 0 discovered, 0 enqueued
[16.301s][info][gc,ref      ] GC(35) Weak: 9 encountered, 0 discovered, 0 enqueued
[16.301s][info][gc,ref      ] GC(35) Final: 0 encountered, 0 discovered, 0 enqueued
[16.301s][info][gc,ref      ] GC(35) Phantom: 3 encountered, 2 discovered, 0 enqueued
[16.301s][info][gc,reloc    ] GC(35) Small Pages: 4 / 8M, Empty: 0M, Relocated: 0M, In-Place: 0
[16.301s][info][gc,reloc    ] GC(35) Medium Pages: 0 / 0M, Empty: 0M, Relocated: 0M, In-Place: 0
[16.301s][info][gc,reloc    ] GC(35) Large Pages: 0 / 0M, Empty: 0M, Relocated: 0M, In-Place: 0
[16.301s][info][gc,reloc    ] GC(35) Forwarding Usage: 0M
[16.301s][info][gc,heap     ] GC(35) Min Capacity: 8192M(100%)
[16.301s][info][gc,heap     ] GC(35) Max Capacity: 8192M(100%)
[16.301s][info][gc,heap     ] GC(35) Soft Max Capacity: 8192M(100%)
[16.301s][info][gc,heap     ] GC(35)                Mark Start          Mark End        Relocate Start      Relocate End           High               Low         
[16.301s][info][gc,heap     ] GC(35)  Capacity:     8192M (100%)       8192M (100%)       8192M (100%)       8192M (100%)       8192M (100%)       8192M (100%)   
[16.301s][info][gc,heap     ] GC(35)      Free:     8184M (100%)       8184M (100%)       8184M (100%)       8186M (100%)       8186M (100%)       8178M (100%)   
[16.301s][info][gc,heap     ] GC(35)      Used:        8M (0%)            8M (0%)            8M (0%)            6M (0%)           14M (0%)            6M (0%)     
[16.301s][info][gc,heap     ] GC(35)      Live:         -                 0M (0%)            0M (0%)            0M (0%)             -                  -          
[16.301s][info][gc,heap     ] GC(35) Allocated:         -                 0M (0%)            0M (0%)            0M (0%)             -                  -          
[16.301s][info][gc,heap     ] GC(35)   Garbage:         -                 7M (0%)            7M (0%)            5M (0%)             -                  -          
[16.301s][info][gc,heap     ] GC(35) Reclaimed:         -                  -                 0M (0%)            2M (0%)             -                  -          
[16.301s][info][gc          ] GC(35) Garbage Collection (System.gc()) 8M(0%)->6M(0%)
[16.754s][info][gc,start    ] GC(36) Garbage Collection (System.gc())
[16.754s][info][gc,task     ] GC(36) Using 3 workers
[16.754s][info][gc,phases   ] GC(36) Pause Mark Start 0.005ms
[16.756s][info][gc,phases   ] GC(36) Concurrent Mark 1.963ms
[16.756s][info][gc,phases   ] GC(36) Pause Mark End 0.007ms
[16.756s][info][gc,phases   ] GC(36) Concurrent Mark Free 0.000ms
[16.756s][info][gc,phases   ] GC(36) Concurrent Process Non-Strong References 0.159ms
[16.756s][info][gc,phases   ] GC(36) Concurrent Reset Relocation Set 0.001ms
[16.759s][info][gc,phases   ] GC(36) Concurrent Select Relocation Set 3.565ms
[16.759s][info][gc,phases   ] GC(36) Pause Relocate Start 0.005ms
[16.760s][info][gc,phases   ] GC(36) Concurrent Relocate 0.529ms
[16.760s][info][gc,load     ] GC(36) Load: 1.52/1.40/1.60
[16.760s][info][gc,mmu      ] GC(36) MMU: 2ms/98.3%, 5ms/99.0%, 10ms/99.4%, 20ms/99.7%, 50ms/99.9%, 100ms/99.9%
[16.760s][info][gc,marking  ] GC(36) Mark: 2 stripe(s), 2 proactive flush(es), 1 terminate flush(es), 0 completion(s), 0 continuation(s) 
[16.760s][info][gc,marking  ] GC(36) Mark Stack Usage: 32M
[16.760s][info][gc,nmethod  ] GC(36) NMethods: 146 registered, 2 unregistered
[16.760s][info][gc,metaspace] GC(36) Metaspace: 0M used, 0M committed, 1088M reserved
[16.760s][info][gc,ref      ] GC(36) Soft: 2 encountered, 0 discovered, 0 enqueued
[16.760s][info][gc,ref      ] GC(36) Weak: 9 encountered, 1 discovered, 0 enqueued
[16.760s][info][gc,ref      ] GC(36) Final: 0 encountered, 0 discovered, 0 enqueued
[16.760s][info][gc,ref      ] GC(36) Phantom: 3 encountered, 2 discovered, 0 enqueued
[16.760s][info][gc,reloc    ] GC(36) Small Pages: 4 / 8M, Empty: 0M, Relocated: 0M, In-Place: 0
[16.760s][info][gc,reloc    ] GC(36) Medium Pages: 0 / 0M, Empty: 0M, Relocated: 0M, In-Place: 0
[16.760s][info][gc,reloc    ] GC(36) Large Pages: 0 / 0M, Empty: 0M, Relocated: 0M, In-Place: 0
[16.760s][info][gc,reloc    ] GC(36) Forwarding Usage: 0M
[16.760s][info][gc,heap     ] GC(36) Min Capacity: 8192M(100%)
[16.760s][info][gc,heap     ] GC(36) Max Capacity: 8192M(100%)
[16.760s][info][gc,heap     ] GC(36) Soft Max Capacity: 8192M(100%)
[16.760s][info][gc,heap     ] GC(36)                Mark Start          Mark End        Relocate Start      Relocate End           High               Low         
[16.760s][info][gc,heap     ] GC(36)  Capacity:     8192M (100%)       8192M (100%)       8192M (100%)       8192M (100%)       8192M (100%)       8192M (100%)   
[16.760s][info][gc,heap     ] GC(36)      Free:     8184M (100%)       8184M (100%)       8184M (100%)       8186M (100%)       8186M (100%)       8178M (100%)   
[16.760s][info][gc,heap     ] GC(36)      Used:        8M (0%)            8M (0%)            8M (0%)            6M (0%)           14M (0%)            6M (0%)     
[16.760s][info][gc,heap     ] GC(36)      Live:         -                 0M (0%)            0M (0%)            0M (0%)             -                  -          
[16.760s][info][gc,heap     ] GC(36) Allocated:         -                 0M (0%)            0M (0%)            0M (0%)             -                  -          
[16.760s][info][gc,heap     ] GC(36)   Garbage:         -                 7M (0%)            7M (0%)            5M (0%)             -                  -          
[16.760s][info][gc,heap     ] GC(36) Reclaimed:         -                  -                 0M (0%)            2M (0%)             -                  -          
[16.760s][info][gc          ] GC(36) Garbage Collection (System.gc()) 8M(0%)->6M(0%)
[17.214s][info][gc,start    ] GC(37) Garbage Collection (System.gc())
[17.214s][info][gc,task     ] GC(37) Using 3 workers
[17.214s][info][gc,phases   ] GC(37) Pause Mark Start 0.005ms
[17.216s][info][gc,phases   ] GC(37) Concurrent Mark 1.966ms
[17.216s][info][gc,phases   ] GC(37) Pause Mark End 0.009ms
[17.216s][info][gc,phases   ] GC(37) Concurrent Mark Free 0.000ms
[17.216s][info][gc,phases   ] GC(37) Concurrent Process Non-Strong References 0.604ms
[17.216s][info][gc,phases   ] GC(37) Concurrent Reset Relocation Set 0.001ms
[17.220s][info][gc,phases   ] GC(37) Concurrent Select Relocation Set 3.794ms
[17.220s][info][gc,phases   ] GC(37) Pause Relocate Start 0.007ms
[17.221s][info][gc,phases   ] GC(37) Concurrent Relocate 0.496ms
[17.221s][info][gc,load     ] GC(37) Load: 1.52/1.40/1.60
[17.221s][info][gc,mmu      ] GC(37) MMU: 2ms/98.3%, 5ms/99.0%, 10ms/99.4%, 20ms/99.7%, 50ms/99.9%, 100ms/99.9%
[17.221s][info][gc,marking  ] GC(37) Mark: 2 stripe(s), 2 proactive flush(es), 1 terminate flush(es), 0 completion(s), 0 continuation(s) 
[17.221s][info][gc,marking  ] GC(37) Mark Stack Usage: 32M
[17.221s][info][gc,nmethod  ] GC(37) NMethods: 147 registered, 3 unregistered
[17.221s][info][gc,metaspace] GC(37) Metaspace: 0M used, 0M committed, 1088M reserved
[17.221s][info][gc,ref      ] GC(37) Soft: 2 encountered, 0 discovered, 0 enqueued
[17.221s][info][gc,ref      ] GC(37) Weak: 9 encountered, 0 discovered, 0 enqueued
[17.221s][info][gc,ref      ] GC(37) Final: 0 encountered, 0 discovered, 0 enqueued
[17.221s][info][gc,ref      ] GC(37) Phantom: 3 encountered, 3 discovered, 0 enqueued
[17.221s][info][gc,reloc    ] GC(37) Small Pages: 4 / 8M, Empty: 0M, Relocated: 0M, In-Place: 0
[17.221s][info][gc,reloc    ] GC(37) Medium Pages: 0 / 0M, Empty: 0M, Relocated: 0M, In-Place: 0
[17.221s][info][gc,reloc    ] GC(37) Large Pages: 0 / 0M, Empty: 0M, Relocated: 0M, In-Place: 0
[17.221s][info][gc,reloc    ] GC(37) Forwarding Usage: 0M
[17.221s][info][gc,heap     ] GC(37) Min Capacity: 8192M(100%)
[17.221s][info][gc,heap     ] GC(37) Max Capacity: 8192M(100%)
[17.221s][info][gc,heap     ] GC(37) Soft Max Capacity: 8192M(100%)
[17.221s][info][gc,heap     ] GC(37)                Mark Start          Mark End        Relocate Start      Relocate End           High               Low         
[17.221s][info][gc,heap     ] GC(37)  Capacity:     8192M (100%)       8192M (100%)       8192M (100%)       8192M (100%)       8192M (100%)       8192M (100%)   
[17.221s][info][gc,heap     ] GC(37)      Free:     8184M (100%)       8184M (100%)       8184M (100%)       8186M (100%)       8186M (100%)       8178M (100%)   
[17.221s][info][gc,heap     ] GC(37)      Used:        8M (0%)            8M (0%)            8M (0%)            6M (0%)           14M (0%)            6M (0%)     
[17.221s][info][gc,heap     ] GC(37)      Live:         -                 0M (0%)            0M (0%)            0M (0%)             -                  -          
[17.221s][info][gc,heap     ] GC(37) Allocated:         -                 0M (0%)            0M (0%)            0M (0%)             -                  -          
[17.221s][info][gc,heap     ] GC(37)   Garbage:         -                 7M (0%)            7M (0%)            5M (0%)             -                  -          
[17.221s][info][gc,heap     ] GC(37) Reclaimed:         -                  -                 0M (0%)            2M (0%)             -                  -          
[17.221s][info][gc          ] GC(37) Garbage Collection (System.gc()) 8M(0%)->6M(0%)
[17.674s][info][gc,start    ] GC(38) Garbage Collection (System.gc())
[17.674s][info][gc,task     ] GC(38) Using 3 workers
[17.674s][info][gc,phases   ] GC(38) Pause Mark Start 0.004ms
[17.676s][info][gc,phases   ] GC(38) Concurrent Mark 1.899ms
[17.676s][info][gc,phases   ] GC(38) Pause Mark End 0.009ms
[17.676s][info][gc,phases   ] GC(38) Concurrent Mark Free 0.000ms
[17.677s][info][gc,phases   ] GC(38) Concurrent Process Non-Strong References 0.635ms
[17.677s][info][gc,phases   ] GC(38) Concurrent Reset Relocation Set 0.001ms
[17.681s][info][gc,phases   ] GC(38) Concurrent Select Relocation Set 3.695ms
[17.681s][info][gc,phases   ] GC(38) Pause Relocate Start 0.007ms
[17.681s][info][gc,phases   ] GC(38) Concurrent Relocate 0.436ms
[17.681s][info][gc,load     ] GC(38) Load: 1.52/1.40/1.60
[17.681s][info][gc,mmu      ] GC(38) MMU: 2ms/98.3%, 5ms/99.0%, 10ms/99.4%, 20ms/99.7%, 50ms/99.9%, 100ms/99.9%
[17.681s][info][gc,marking  ] GC(38) Mark: 2 stripe(s), 1 proactive flush(es), 1 terminate flush(es), 0 completion(s), 0 continuation(s) 
[17.681s][info][gc,marking  ] GC(38) Mark Stack Usage: 32M
[17.681s][info][gc,nmethod  ] GC(38) NMethods: 147 registered, 3 unregistered
[17.681s][info][gc,metaspace] GC(38) Metaspace: 0M used, 0M committed, 1088M reserved
[17.681s][info][gc,ref      ] GC(38) Soft: 2 encountered, 0 discovered, 0 enqueued
[17.681s][info][gc,ref      ] GC(38) Weak: 9 encountered, 0 discovered, 0 enqueued
[17.681s][info][gc,ref      ] GC(38) Final: 0 encountered, 0 discovered, 0 enqueued
[17.681s][info][gc,ref      ] GC(38) Phantom: 3 encountered, 2 discovered, 0 enqueued
[17.681s][info][gc,reloc    ] GC(38) Small Pages: 4 / 8M, Empty: 2M, Relocated: 0M, In-Place: 0
[17.681s][info][gc,reloc    ] GC(38) Medium Pages: 0 / 0M, Empty: 0M, Relocated: 0M, In-Place: 0
[17.681s][info][gc,reloc    ] GC(38) Large Pages: 0 / 0M, Empty: 0M, Relocated: 0M, In-Place: 0
[17.681s][info][gc,reloc    ] GC(38) Forwarding Usage: 0M
[17.681s][info][gc,heap     ] GC(38) Min Capacity: 8192M(100%)
[17.681s][info][gc,heap     ] GC(38) Max Capacity: 8192M(100%)
[17.681s][info][gc,heap     ] GC(38) Soft Max Capacity: 8192M(100%)
[17.681s][info][gc,heap     ] GC(38)                Mark Start          Mark End        Relocate Start      Relocate End           High               Low         
[17.681s][info][gc,heap     ] GC(38)  Capacity:     8192M (100%)       8192M (100%)       8192M (100%)       8192M (100%)       8192M (100%)       8192M (100%)   
[17.681s][info][gc,heap     ] GC(38)      Free:     8184M (100%)       8184M (100%)       8186M (100%)       8186M (100%)       8186M (100%)       8180M (100%)   
[17.681s][info][gc,heap     ] GC(38)      Used:        8M (0%)            8M (0%)            6M (0%)            6M (0%)           12M (0%)            6M (0%)     
[17.681s][info][gc,heap     ] GC(38)      Live:         -                 0M (0%)            0M (0%)            0M (0%)             -                  -          
[17.681s][info][gc,heap     ] GC(38) Allocated:         -                 0M (0%)            0M (0%)            0M (0%)             -                  -          
[17.681s][info][gc,heap     ] GC(38)   Garbage:         -                 7M (0%)            5M (0%)            5M (0%)             -                  -          
[17.681s][info][gc,heap     ] GC(38) Reclaimed:         -                  -                 2M (0%)            2M (0%)             -                  -          
[17.681s][info][gc          ] GC(38) Garbage Collection (System.gc()) 8M(0%)->6M(0%)
[18.132s][info][gc,start    ] GC(39) Garbage Collection (System.gc())
[18.132s][info][gc,task     ] GC(39) Using 3 workers
[18.132s][info][gc,phases   ] GC(39) Pause Mark Start 0.003ms
[18.134s][info][gc,phases   ] GC(39) Concurrent Mark 1.621ms
[18.134s][info][gc,phases   ] GC(39) Pause Mark End 0.007ms
[18.134s][info][gc,phases   ] GC(39) Concurrent Mark Free 0.000ms
[18.135s][info][gc,phases   ] GC(39) Concurrent Process Non-Strong References 0.561ms
[18.135s][info][gc,phases   ] GC(39) Concurrent Reset Relocation Set 0.001ms
[18.137s][info][gc,phases   ] GC(39) Concurrent Select Relocation Set 2.415ms
[18.137s][info][gc,phases   ] GC(39) Pause Relocate Start 0.003ms
[18.137s][info][gc,phases   ] GC(39) Concurrent Relocate 0.263ms
[18.137s][info][gc,load     ] GC(39) Load: 1.52/1.40/1.60
[18.137s][info][gc,mmu      ] GC(39) MMU: 2ms/98.3%, 5ms/99.0%, 10ms/99.4%, 20ms/99.7%, 50ms/99.9%, 100ms/99.9%
[18.137s][info][gc,marking  ] GC(39) Mark: 2 stripe(s), 2 proactive flush(es), 1 terminate flush(es), 0 completion(s), 0 continuation(s) 
[18.137s][info][gc,marking  ] GC(39) Mark Stack Usage: 32M
[18.137s][info][gc,nmethod  ] GC(39) NMethods: 151 registered, 3 unregistered
[18.137s][info][gc,metaspace] GC(39) Metaspace: 0M used, 0M committed, 1088M reserved
[18.138s][info][gc,ref      ] GC(39) Soft: 2 encountered, 0 discovered, 0 enqueued
[18.138s][info][gc,ref      ] GC(39) Weak: 9 encountered, 1 discovered, 0 enqueued
[18.138s][info][gc,ref      ] GC(39) Final: 0 encountered, 0 discovered, 0 enqueued
[18.138s][info][gc,ref      ] GC(39) Phantom: 3 encountered, 2 discovered, 0 enqueued
[18.138s][info][gc,reloc    ] GC(39) Small Pages: 4 / 8M, Empty: 0M, Relocated: 0M, In-Place: 0
[18.138s][info][gc,reloc    ] GC(39) Medium Pages: 0 / 0M, Empty: 0M, Relocated: 0M, In-Place: 0
[18.138s][info][gc,reloc    ] GC(39) Large Pages: 0 / 0M, Empty: 0M, Relocated: 0M, In-Place: 0
[18.138s][info][gc,reloc    ] GC(39) Forwarding Usage: 0M
[18.138s][info][gc,heap     ] GC(39) Min Capacity: 8192M(100%)
[18.138s][info][gc,heap     ] GC(39) Max Capacity: 8192M(100%)
[18.138s][info][gc,heap     ] GC(39) Soft Max Capacity: 8192M(100%)
[18.138s][info][gc,heap     ] GC(39)                Mark Start          Mark End        Relocate Start      Relocate End           High               Low         
[18.138s][info][gc,heap     ] GC(39)  Capacity:     8192M (100%)       8192M (100%)       8192M (100%)       8192M (100%)       8192M (100%)       8192M (100%)   
[18.138s][info][gc,heap     ] GC(39)      Free:     8184M (100%)       8184M (100%)       8184M (100%)       8186M (100%)       8186M (100%)       8178M (100%)   
[18.138s][info][gc,heap     ] GC(39)      Used:        8M (0%)            8M (0%)            8M (0%)            6M (0%)           14M (0%)            6M (0%)     
[18.138s][info][gc,heap     ] GC(39)      Live:         -                 0M (0%)            0M (0%)            0M (0%)             -                  -          
[18.138s][info][gc,heap     ] GC(39) Allocated:         -                 0M (0%)            0M (0%)            0M (0%)             -                  -          
[18.138s][info][gc,heap     ] GC(39)   Garbage:         -                 7M (0%)            7M (0%)            5M (0%)             -                  -          
[18.138s][info][gc,heap     ] GC(39) Reclaimed:         -                  -                 0M (0%)            2M (0%)             -                  -          
[18.138s][info][gc          ] GC(39) Garbage Collection (System.gc()) 8M(0%)->6M(0%)
[18.594s][info][gc,start    ] GC(40) Garbage Collection (System.gc())
[18.594s][info][gc,task     ] GC(40) Using 3 workers
[18.594s][info][gc,phases   ] GC(40) Pause Mark Start 0.006ms
[18.596s][info][gc,phases   ] GC(40) Concurrent Mark 1.814ms
[18.596s][info][gc,phases   ] GC(40) Pause Mark End 0.008ms
[18.596s][info][gc,phases   ] GC(40) Concurrent Mark Free 0.000ms
[18.596s][info][gc,phases   ] GC(40) Concurrent Process Non-Strong References 0.153ms
[18.596s][info][gc,phases   ] GC(40) Concurrent Reset Relocation Set 0.001ms
[18.599s][info][gc,phases   ] GC(40) Concurrent Select Relocation Set 2.949ms
[18.599s][info][gc,phases   ] GC(40) Pause Relocate Start 0.003ms
[18.599s][info][gc,phases   ] GC(40) Concurrent Relocate 0.353ms
[18.599s][info][gc,load     ] GC(40) Load: 1.52/1.40/1.60
[18.599s][info][gc,mmu      ] GC(40) MMU: 2ms/98.3%, 5ms/99.0%, 10ms/99.4%, 20ms/99.7%, 50ms/99.9%, 100ms/99.9%
[18.599s][info][gc,marking  ] GC(40) Mark: 2 stripe(s), 2 proactive flush(es), 1 terminate flush(es), 0 completion(s), 0 continuation(s) 
[18.599s][info][gc,marking  ] GC(40) Mark Stack Usage: 32M
[18.599s][info][gc,nmethod  ] GC(40) NMethods: 156 registered, 3 unregistered
[18.599s][info][gc,metaspace] GC(40) Metaspace: 0M used, 0M committed, 1088M reserved
[18.599s][info][gc,ref      ] GC(40) Soft: 2 encountered, 0 discovered, 0 enqueued
[18.599s][info][gc,ref      ] GC(40) Weak: 9 encountered, 0 discovered, 0 enqueued
[18.599s][info][gc,ref      ] GC(40) Final: 0 encountered, 0 discovered, 0 enqueued
[18.599s][info][gc,ref      ] GC(40) Phantom: 3 encountered, 1 discovered, 0 enqueued
[18.599s][info][gc,reloc    ] GC(40) Small Pages: 4 / 8M, Empty: 0M, Relocated: 0M, In-Place: 0
[18.599s][info][gc,reloc    ] GC(40) Medium Pages: 0 / 0M, Empty: 0M, Relocated: 0M, In-Place: 0
[18.599s][info][gc,reloc    ] GC(40) Large Pages: 0 / 0M, Empty: 0M, Relocated: 0M, In-Place: 0
[18.599s][info][gc,reloc    ] GC(40) Forwarding Usage: 0M
[18.599s][info][gc,heap     ] GC(40) Min Capacity: 8192M(100%)
[18.599s][info][gc,heap     ] GC(40) Max Capacity: 8192M(100%)
[18.599s][info][gc,heap     ] GC(40) Soft Max Capacity: 8192M(100%)
[18.599s][info][gc,heap     ] GC(40)                Mark Start          Mark End        Relocate Start      Relocate End           High               Low         
[18.599s][info][gc,heap     ] GC(40)  Capacity:     8192M (100%)       8192M (100%)       8192M (100%)       8192M (100%)       8192M (100%)       8192M (100%)   
[18.599s][info][gc,heap     ] GC(40)      Free:     8184M (100%)       8184M (100%)       8184M (100%)       8186M (100%)       8186M (100%)       8178M (100%)   
[18.599s][info][gc,heap     ] GC(40)      Used:        8M (0%)            8M (0%)            8M (0%)            6M (0%)           14M (0%)            6M (0%)     
[18.599s][info][gc,heap     ] GC(40)      Live:         -                 0M (0%)            0M (0%)            0M (0%)             -                  -          
[18.599s][info][gc,heap     ] GC(40) Allocated:         -                 0M (0%)            0M (0%)            0M (0%)             -                  -          
[18.599s][info][gc,heap     ] GC(40)   Garbage:         -                 7M (0%)            7M (0%)            5M (0%)             -                  -          
[18.599s][info][gc,heap     ] GC(40) Reclaimed:         -                  -                 0M (0%)            2M (0%)             -                  -          
[18.599s][info][gc          ] GC(40) Garbage Collection (System.gc()) 8M(0%)->6M(0%)
[19.056s][info][gc,start    ] GC(41) Garbage Collection (System.gc())
[19.056s][info][gc,task     ] GC(41) Using 3 workers
[19.056s][info][gc,phases   ] GC(41) Pause Mark Start 0.005ms
[19.058s][info][gc,phases   ] GC(41) Concurrent Mark 2.109ms
[19.058s][info][gc,phases   ] GC(41) Pause Mark End 0.017ms
[19.058s][info][gc,phases   ] GC(41) Concurrent Mark Free 0.001ms
[19.058s][info][gc,phases   ] GC(41) Concurrent Process Non-Strong References 0.226ms
[19.058s][info][gc,phases   ] GC(41) Concurrent Reset Relocation Set 0.002ms
[19.063s][info][gc,phases   ] GC(41) Concurrent Select Relocation Set 4.886ms
[19.063s][info][gc,phases   ] GC(41) Pause Relocate Start 0.007ms
[19.064s][info][gc,phases   ] GC(41) Concurrent Relocate 0.565ms
[19.064s][info][gc,load     ] GC(41) Load: 1.52/1.40/1.60
[19.064s][info][gc,mmu      ] GC(41) MMU: 2ms/98.3%, 5ms/99.0%, 10ms/99.4%, 20ms/99.7%, 50ms/99.9%, 100ms/99.9%
[19.064s][info][gc,marking  ] GC(41) Mark: 2 stripe(s), 2 proactive flush(es), 1 terminate flush(es), 0 completion(s), 0 continuation(s) 
[19.064s][info][gc,marking  ] GC(41) Mark Stack Usage: 32M
[19.064s][info][gc,nmethod  ] GC(41) NMethods: 160 registered, 3 unregistered
[19.064s][info][gc,metaspace] GC(41) Metaspace: 0M used, 0M committed, 1088M reserved
[19.064s][info][gc,ref      ] GC(41) Soft: 2 encountered, 0 discovered, 0 enqueued
[19.064s][info][gc,ref      ] GC(41) Weak: 9 encountered, 0 discovered, 0 enqueued
[19.064s][info][gc,ref      ] GC(41) Final: 0 encountered, 0 discovered, 0 enqueued
[19.064s][info][gc,ref      ] GC(41) Phantom: 3 encountered, 3 discovered, 0 enqueued
[19.064s][info][gc,reloc    ] GC(41) Small Pages: 4 / 8M, Empty: 0M, Relocated: 0M, In-Place: 0
[19.064s][info][gc,reloc    ] GC(41) Medium Pages: 0 / 0M, Empty: 0M, Relocated: 0M, In-Place: 0
[19.064s][info][gc,reloc    ] GC(41) Large Pages: 0 / 0M, Empty: 0M, Relocated: 0M, In-Place: 0
[19.064s][info][gc,reloc    ] GC(41) Forwarding Usage: 0M
[19.064s][info][gc,heap     ] GC(41) Min Capacity: 8192M(100%)
[19.064s][info][gc,heap     ] GC(41) Max Capacity: 8192M(100%)
[19.064s][info][gc,heap     ] GC(41) Soft Max Capacity: 8192M(100%)
[19.064s][info][gc,heap     ] GC(41)                Mark Start          Mark End        Relocate Start      Relocate End           High               Low         
[19.064s][info][gc,heap     ] GC(41)  Capacity:     8192M (100%)       8192M (100%)       8192M (100%)       8192M (100%)       8192M (100%)       8192M (100%)   
[19.064s][info][gc,heap     ] GC(41)      Free:     8184M (100%)       8184M (100%)       8184M (100%)       8186M (100%)       8186M (100%)       8178M (100%)   
[19.064s][info][gc,heap     ] GC(41)      Used:        8M (0%)            8M (0%)            8M (0%)            6M (0%)           14M (0%)            6M (0%)     
[19.064s][info][gc,heap     ] GC(41)      Live:         -                 0M (0%)            0M (0%)            0M (0%)             -                  -          
[19.064s][info][gc,heap     ] GC(41) Allocated:         -                 0M (0%)            0M (0%)            0M (0%)             -                  -          
[19.064s][info][gc,heap     ] GC(41)   Garbage:         -                 7M (0%)            7M (0%)            5M (0%)             -                  -          
[19.064s][info][gc,heap     ] GC(41) Reclaimed:         -                  -                 0M (0%)            2M (0%)             -                  -          
[19.064s][info][gc          ] GC(41) Garbage Collection (System.gc()) 8M(0%)->6M(0%)
[19.518s][info][gc,start    ] GC(42) Garbage Collection (System.gc())
[19.518s][info][gc,task     ] GC(42) Using 3 workers
[19.518s][info][gc,phases   ] GC(42) Pause Mark Start 0.006ms
[19.520s][info][gc,phases   ] GC(42) Concurrent Mark 2.100ms
[19.520s][info][gc,phases   ] GC(42) Pause Mark End 0.007ms
[19.520s][info][gc,phases   ] GC(42) Concurrent Mark Free 0.000ms
[19.521s][info][gc,phases   ] GC(42) Concurrent Process Non-Strong References 0.642ms
[19.521s][info][gc,phases   ] GC(42) Concurrent Reset Relocation Set 0.001ms
[19.526s][info][gc,phases   ] GC(42) Concurrent Select Relocation Set 4.484ms
[19.526s][info][gc,phases   ] GC(42) Pause Relocate Start 0.005ms
[19.526s][info][gc,phases   ] GC(42) Concurrent Relocate 0.564ms
[19.526s][info][gc,load     ] GC(42) Load: 1.52/1.40/1.60
[19.526s][info][gc,mmu      ] GC(42) MMU: 2ms/98.3%, 5ms/99.0%, 10ms/99.4%, 20ms/99.7%, 50ms/99.9%, 100ms/99.9%
[19.526s][info][gc,marking  ] GC(42) Mark: 2 stripe(s), 2 proactive flush(es), 1 terminate flush(es), 0 completion(s), 0 continuation(s) 
[19.526s][info][gc,marking  ] GC(42) Mark Stack Usage: 32M
[19.526s][info][gc,nmethod  ] GC(42) NMethods: 173 registered, 3 unregistered
[19.526s][info][gc,metaspace] GC(42) Metaspace: 0M used, 0M committed, 1088M reserved
[19.526s][info][gc,ref      ] GC(42) Soft: 2 encountered, 0 discovered, 0 enqueued
[19.526s][info][gc,ref      ] GC(42) Weak: 9 encountered, 0 discovered, 0 enqueued
[19.526s][info][gc,ref      ] GC(42) Final: 0 encountered, 0 discovered, 0 enqueued
[19.526s][info][gc,ref      ] GC(42) Phantom: 3 encountered, 2 discovered, 0 enqueued
[19.526s][info][gc,reloc    ] GC(42) Small Pages: 4 / 8M, Empty: 0M, Relocated: 0M, In-Place: 0
[19.526s][info][gc,reloc    ] GC(42) Medium Pages: 0 / 0M, Empty: 0M, Relocated: 0M, In-Place: 0
[19.526s][info][gc,reloc    ] GC(42) Large Pages: 0 / 0M, Empty: 0M, Relocated: 0M, In-Place: 0
[19.526s][info][gc,reloc    ] GC(42) Forwarding Usage: 0M
[19.526s][info][gc,heap     ] GC(42) Min Capacity: 8192M(100%)
[19.526s][info][gc,heap     ] GC(42) Max Capacity: 8192M(100%)
[19.526s][info][gc,heap     ] GC(42) Soft Max Capacity: 8192M(100%)
[19.526s][info][gc,heap     ] GC(42)                Mark Start          Mark End        Relocate Start      Relocate End           High               Low         
[19.526s][info][gc,heap     ] GC(42)  Capacity:     8192M (100%)       8192M (100%)       8192M (100%)       8192M (100%)       8192M (100%)       8192M (100%)   
[19.526s][info][gc,heap     ] GC(42)      Free:     8184M (100%)       8184M (100%)       8184M (100%)       8186M (100%)       8186M (100%)       8178M (100%)   
[19.526s][info][gc,heap     ] GC(42)      Used:        8M (0%)            8M (0%)            8M (0%)            6M (0%)           14M (0%)            6M (0%)     
[19.526s][info][gc,heap     ] GC(42)      Live:         -                 0M (0%)            0M (0%)            0M (0%)             -                  -          
[19.526s][info][gc,heap     ] GC(42) Allocated:         -                 0M (0%)            0M (0%)            0M (0%)             -                  -          
[19.526s][info][gc,heap     ] GC(42)   Garbage:         -                 7M (0%)            7M (0%)            5M (0%)             -                  -          
[19.526s][info][gc,heap     ] GC(42) Reclaimed:         -                  -                 0M (0%)            2M (0%)             -                  -          
[19.526s][info][gc          ] GC(42) Garbage Collection (System.gc()) 8M(0%)->6M(0%)
[19.983s][info][gc,start    ] GC(43) Garbage Collection (System.gc())
[19.983s][info][gc,task     ] GC(43) Using 3 workers
[19.983s][info][gc,phases   ] GC(43) Pause Mark Start 0.006ms
[19.985s][info][gc,phases   ] GC(43) Concurrent Mark 2.084ms
[19.985s][info][gc,phases   ] GC(43) Pause Mark End 0.008ms
[19.985s][info][gc,phases   ] GC(43) Concurrent Mark Free 0.000ms
[19.986s][info][gc,phases   ] GC(43) Concurrent Process Non-Strong References 0.658ms
[19.986s][info][gc,phases   ] GC(43) Concurrent Reset Relocation Set 0.002ms
[19.991s][info][gc,phases   ] GC(43) Concurrent Select Relocation Set 5.021ms
[19.991s][info][gc,phases   ] GC(43) Pause Relocate Start 0.006ms
[19.992s][info][gc,phases   ] GC(43) Concurrent Relocate 0.678ms
[19.992s][info][gc,load     ] GC(43) Load: 1.40/1.38/1.59
[19.992s][info][gc,mmu      ] GC(43) MMU: 2ms/98.3%, 5ms/99.0%, 10ms/99.4%, 20ms/99.7%, 50ms/99.9%, 100ms/99.9%
[19.992s][info][gc,marking  ] GC(43) Mark: 2 stripe(s), 1 proactive flush(es), 1 terminate flush(es), 0 completion(s), 0 continuation(s) 
[19.992s][info][gc,marking  ] GC(43) Mark Stack Usage: 32M
[19.992s][info][gc,nmethod  ] GC(43) NMethods: 175 registered, 3 unregistered
[19.992s][info][gc,metaspace] GC(43) Metaspace: 0M used, 0M committed, 1088M reserved
[19.992s][info][gc,ref      ] GC(43) Soft: 2 encountered, 0 discovered, 0 enqueued
[19.992s][info][gc,ref      ] GC(43) Weak: 9 encountered, 0 discovered, 0 enqueued
[19.992s][info][gc,ref      ] GC(43) Final: 0 encountered, 0 discovered, 0 enqueued
[19.992s][info][gc,ref      ] GC(43) Phantom: 3 encountered, 2 discovered, 0 enqueued
[19.992s][info][gc,reloc    ] GC(43) Small Pages: 4 / 8M, Empty: 0M, Relocated: 0M, In-Place: 0
[19.992s][info][gc,reloc    ] GC(43) Medium Pages: 0 / 0M, Empty: 0M, Relocated: 0M, In-Place: 0
[19.992s][info][gc,reloc    ] GC(43) Large Pages: 0 / 0M, Empty: 0M, Relocated: 0M, In-Place: 0
[19.992s][info][gc,reloc    ] GC(43) Forwarding Usage: 0M
[19.992s][info][gc,heap     ] GC(43) Min Capacity: 8192M(100%)
[19.992s][info][gc,heap     ] GC(43) Max Capacity: 8192M(100%)
[19.992s][info][gc,heap     ] GC(43) Soft Max Capacity: 8192M(100%)
[19.992s][info][gc,heap     ] GC(43)                Mark Start          Mark End        Relocate Start      Relocate End           High               Low         
[19.992s][info][gc,heap     ] GC(43)  Capacity:     8192M (100%)       8192M (100%)       8192M (100%)       8192M (100%)       8192M (100%)       8192M (100%)   
[19.992s][info][gc,heap     ] GC(43)      Free:     8184M (100%)       8184M (100%)       8184M (100%)       8186M (100%)       8186M (100%)       8178M (100%)   
[19.992s][info][gc,heap     ] GC(43)      Used:        8M (0%)            8M (0%)            8M (0%)            6M (0%)           14M (0%)            6M (0%)     
[19.992s][info][gc,heap     ] GC(43)      Live:         -                 0M (0%)            0M (0%)            0M (0%)             -                  -          
[19.992s][info][gc,heap     ] GC(43) Allocated:         -                 0M (0%)            0M (0%)            0M (0%)             -                  -          
[19.992s][info][gc,heap     ] GC(43)   Garbage:         -                 7M (0%)            7M (0%)            5M (0%)             -                  -          
[19.992s][info][gc,heap     ] GC(43) Reclaimed:         -                  -                 0M (0%)            2M (0%)             -                  -          
[19.992s][info][gc          ] GC(43) Garbage Collection (System.gc()) 8M(0%)->6M(0%)
[20.014s][info][gc,stats    ] === Garbage Collection Statistics =======================================================================================================================
[20.014s][info][gc,stats    ]                                                              Last 10s              Last 10m              Last 10h                Total
[20.014s][info][gc,stats    ]                                                              Avg / Max             Avg / Max             Avg / Max             Avg / Max
[20.014s][info][gc,stats    ]   Collector: Garbage Collection Cycle                      8.219 / 11.500        8.611 / 11.500        8.611 / 11.500        8.611 / 11.500      ms
[20.014s][info][gc,stats    ]  Contention: Mark Segment Reset Contention                     1 / 4                 1 / 4                 1 / 4                 1 / 4           ops/s
[20.014s][info][gc,stats    ]  Contention: Mark SeqNum Reset Contention                      1 / 2                 1 / 3                 1 / 3                 1 / 3           ops/s
[20.014s][info][gc,stats    ]    Critical: Allocation Stall                                  0 / 0                 0 / 0                 0 / 0                 0 / 0           ops/s
[20.014s][info][gc,stats    ]    Critical: Allocation Stall                              0.000 / 0.000         0.000 / 0.000         0.000 / 0.000         0.000 / 0.000       ms
[20.014s][info][gc,stats    ]    Critical: GC Locker Stall                                   0 / 0                 0 / 0                 0 / 0                 0 / 0           ops/s
[20.014s][info][gc,stats    ]    Critical: GC Locker Stall                               0.000 / 0.000         0.000 / 0.000         0.000 / 0.000         0.000 / 0.000       ms
[20.014s][info][gc,stats    ]    Critical: Relocation Stall                                  0 / 0                 0 / 0                 0 / 0                 0 / 0           ops/s
[20.014s][info][gc,stats    ]    Critical: Relocation Stall                              0.000 / 0.000         0.000 / 0.000         0.000 / 0.000         0.000 / 0.000       ms
[20.014s][info][gc,stats    ]      Memory: Allocation Rate                                   4 / 6                 4 / 6                 4 / 6                 4 / 6           MB/s
[20.014s][info][gc,stats    ]      Memory: Defragment                                        0 / 0                 0 / 0                 0 / 0                 0 / 0           ops/s
[20.014s][info][gc,stats    ]      Memory: Out Of Memory                                     0 / 0                 0 / 0                 0 / 0                 0 / 0           ops/s
[20.014s][info][gc,stats    ]      Memory: Page Cache Flush                                  0 / 0                 0 / 0                 0 / 0                 0 / 0           MB/s
[20.014s][info][gc,stats    ]      Memory: Page Cache Hit L1                                 8 / 12                8 / 12                8 / 12                8 / 12          ops/s
[20.014s][info][gc,stats    ]      Memory: Page Cache Hit L2                                 0 / 0                 0 / 0                 0 / 0                 0 / 0           ops/s
[20.014s][info][gc,stats    ]      Memory: Page Cache Hit L3                                 0 / 0                 0 / 6                 0 / 6                 0 / 6           ops/s
[20.014s][info][gc,stats    ]      Memory: Page Cache Miss                                   0 / 0                 0 / 1                 0 / 1                 0 / 1           ops/s
[20.014s][info][gc,stats    ]      Memory: Uncommit                                          0 / 0                 0 / 0                 0 / 0                 0 / 0           MB/s
[20.014s][info][gc,stats    ]      Memory: Undo Object Allocation Failed                     0 / 0                 0 / 0                 0 / 0                 0 / 0           ops/s
[20.014s][info][gc,stats    ]      Memory: Undo Object Allocation Succeeded                  0 / 0                 0 / 0                 0 / 0                 0 / 0           ops/s
[20.014s][info][gc,stats    ]      Memory: Undo Page Allocation                              0 / 0                 0 / 0                 0 / 0                 0 / 0           ops/s
[20.014s][info][gc,stats    ]       Phase: Concurrent Mark                               2.347 / 3.964         2.407 / 3.964         2.407 / 3.964         2.407 / 3.964       ms
[20.014s][info][gc,stats    ]       Phase: Concurrent Mark Continue                      0.000 / 0.000         0.000 / 0.000         0.000 / 0.000         0.000 / 0.000       ms
[20.014s][info][gc,stats    ]       Phase: Concurrent Mark Free                          0.000 / 0.001         0.001 / 0.001         0.001 / 0.001         0.001 / 0.001       ms
[20.014s][info][gc,stats    ]       Phase: Concurrent Process Non-Strong References      0.711 / 1.434         0.788 / 1.523         0.788 / 1.523         0.788 / 1.523       ms
[20.014s][info][gc,stats    ]       Phase: Concurrent Relocate                           0.575 / 0.745         0.626 / 0.965         0.626 / 0.965         0.626 / 0.965       ms
[20.014s][info][gc,stats    ]       Phase: Concurrent Reset Relocation Set               0.002 / 0.005         0.002 / 0.005         0.002 / 0.005         0.002 / 0.005       ms
[20.014s][info][gc,stats    ]       Phase: Concurrent Select Relocation Set              4.025 / 5.021         4.190 / 6.275         4.190 / 6.275         4.190 / 6.275       ms
[20.014s][info][gc,stats    ]       Phase: Pause Mark End                                0.012 / 0.020         0.014 / 0.034         0.014 / 0.034         0.014 / 0.034       ms
[20.014s][info][gc,stats    ]       Phase: Pause Mark Start                              0.009 / 0.015         0.010 / 0.021         0.010 / 0.021         0.010 / 0.021       ms
[20.014s][info][gc,stats    ]       Phase: Pause Relocate Start                          0.007 / 0.013         0.008 / 0.019         0.008 / 0.019         0.008 / 0.019       ms
[20.014s][info][gc,stats    ]    Subphase: Concurrent Classes Purge                      0.025 / 0.079         0.035 / 0.287         0.035 / 0.287         0.035 / 0.287       ms
[20.014s][info][gc,stats    ]    Subphase: Concurrent Classes Unlink                     0.570 / 1.266         0.637 / 1.284         0.637 / 1.284         0.637 / 1.284       ms
[20.014s][info][gc,stats    ]    Subphase: Concurrent Mark                               1.572 / 3.062         1.620 / 3.062         1.620 / 3.062         1.620 / 3.062       ms
[20.014s][info][gc,stats    ]    Subphase: Concurrent Mark Try Flush                     0.027 / 0.073         0.027 / 0.073         0.027 / 0.073         0.027 / 0.073       ms
[20.014s][info][gc,stats    ]    Subphase: Concurrent Mark Try Terminate                 0.634 / 1.290         0.632 / 1.355         0.632 / 1.355         0.632 / 1.355       ms
[20.014s][info][gc,stats    ]    Subphase: Concurrent References Enqueue                 0.000 / 0.001         0.000 / 0.001         0.000 / 0.001         0.000 / 0.001       ms
[20.014s][info][gc,stats    ]    Subphase: Concurrent References Process                 0.022 / 0.053         0.021 / 0.053         0.021 / 0.053         0.021 / 0.053       ms
[20.014s][info][gc,stats    ]    Subphase: Concurrent Roots ClassLoaderDataGraph         0.077 / 0.429         0.094 / 0.761         0.094 / 0.761         0.094 / 0.761       ms
[20.014s][info][gc,stats    ]    Subphase: Concurrent Roots CodeCache                    0.000 / 0.000         0.000 / 0.000         0.000 / 0.000         0.000 / 0.000       ms
[20.014s][info][gc,stats    ]    Subphase: Concurrent Roots JavaThreads                  0.146 / 0.535         0.157 / 0.603         0.157 / 0.603         0.157 / 0.603       ms
[20.014s][info][gc,stats    ]    Subphase: Concurrent Roots OopStorageSet                0.014 / 0.307         0.014 / 0.307         0.014 / 0.307         0.014 / 0.307       ms
[20.014s][info][gc,stats    ]    Subphase: Concurrent Weak Roots OopStorageSet           0.035 / 0.156         0.035 / 0.156         0.035 / 0.156         0.035 / 0.156       ms
[20.014s][info][gc,stats    ]    Subphase: Pause Mark Try Complete                       0.000 / 0.000         0.000 / 0.000         0.000 / 0.000         0.000 / 0.000       ms
[20.014s][info][gc,stats    ]      System: Java Threads                                     10 / 10               10 / 10               10 / 10               10 / 10          threads
[20.014s][info][gc,stats    ] =========================================================================================================================================================
[20.449s][info][gc,start    ] GC(44) Garbage Collection (System.gc())
[20.449s][info][gc,task     ] GC(44) Using 3 workers
[20.449s][info][gc,phases   ] GC(44) Pause Mark Start 0.006ms
[20.451s][info][gc,phases   ] GC(44) Concurrent Mark 2.097ms
[20.451s][info][gc,phases   ] GC(44) Pause Mark End 0.009ms
[20.451s][info][gc,phases   ] GC(44) Concurrent Mark Free 0.001ms
[20.452s][info][gc,phases   ] GC(44) Concurrent Process Non-Strong References 0.683ms
[20.452s][info][gc,phases   ] GC(44) Concurrent Reset Relocation Set 0.002ms
[20.456s][info][gc,phases   ] GC(44) Concurrent Select Relocation Set 4.718ms
[20.456s][info][gc,phases   ] GC(44) Pause Relocate Start 0.006ms
[20.457s][info][gc,phases   ] GC(44) Concurrent Relocate 0.723ms
[20.457s][info][gc,load     ] GC(44) Load: 1.40/1.38/1.59
[20.457s][info][gc,mmu      ] GC(44) MMU: 2ms/98.3%, 5ms/99.0%, 10ms/99.4%, 20ms/99.7%, 50ms/99.9%, 100ms/99.9%
[20.457s][info][gc,marking  ] GC(44) Mark: 2 stripe(s), 1 proactive flush(es), 1 terminate flush(es), 0 completion(s), 0 continuation(s) 
[20.457s][info][gc,marking  ] GC(44) Mark Stack Usage: 32M
[20.457s][info][gc,nmethod  ] GC(44) NMethods: 176 registered, 3 unregistered
[20.457s][info][gc,metaspace] GC(44) Metaspace: 0M used, 0M committed, 1088M reserved
[20.457s][info][gc,ref      ] GC(44) Soft: 2 encountered, 0 discovered, 0 enqueued
[20.457s][info][gc,ref      ] GC(44) Weak: 9 encountered, 0 discovered, 0 enqueued
[20.457s][info][gc,ref      ] GC(44) Final: 0 encountered, 0 discovered, 0 enqueued
[20.457s][info][gc,ref      ] GC(44) Phantom: 3 encountered, 2 discovered, 0 enqueued
[20.457s][info][gc,reloc    ] GC(44) Small Pages: 4 / 8M, Empty: 0M, Relocated: 0M, In-Place: 0
[20.457s][info][gc,reloc    ] GC(44) Medium Pages: 0 / 0M, Empty: 0M, Relocated: 0M, In-Place: 0
[20.457s][info][gc,reloc    ] GC(44) Large Pages: 0 / 0M, Empty: 0M, Relocated: 0M, In-Place: 0
[20.457s][info][gc,reloc    ] GC(44) Forwarding Usage: 0M
[20.457s][info][gc,heap     ] GC(44) Min Capacity: 8192M(100%)
[20.457s][info][gc,heap     ] GC(44) Max Capacity: 8192M(100%)
[20.457s][info][gc,heap     ] GC(44) Soft Max Capacity: 8192M(100%)
[20.457s][info][gc,heap     ] GC(44)                Mark Start          Mark End        Relocate Start      Relocate End           High               Low         
[20.457s][info][gc,heap     ] GC(44)  Capacity:     8192M (100%)       8192M (100%)       8192M (100%)       8192M (100%)       8192M (100%)       8192M (100%)   
[20.457s][info][gc,heap     ] GC(44)      Free:     8184M (100%)       8184M (100%)       8184M (100%)       8186M (100%)       8186M (100%)       8178M (100%)   
[20.457s][info][gc,heap     ] GC(44)      Used:        8M (0%)            8M (0%)            8M (0%)            6M (0%)           14M (0%)            6M (0%)     
[20.457s][info][gc,heap     ] GC(44)      Live:         -                 0M (0%)            0M (0%)            0M (0%)             -                  -          
[20.457s][info][gc,heap     ] GC(44) Allocated:         -                 0M (0%)            0M (0%)            0M (0%)             -                  -          
[20.457s][info][gc,heap     ] GC(44)   Garbage:         -                 7M (0%)            7M (0%)            5M (0%)             -                  -          
[20.457s][info][gc,heap     ] GC(44) Reclaimed:         -                  -                 0M (0%)            2M (0%)             -                  -          
[20.457s][info][gc          ] GC(44) Garbage Collection (System.gc()) 8M(0%)->6M(0%)
[20.914s][info][gc,start    ] GC(45) Garbage Collection (System.gc())
[20.914s][info][gc,task     ] GC(45) Using 3 workers
[20.914s][info][gc,phases   ] GC(45) Pause Mark Start 0.016ms
[20.917s][info][gc,phases   ] GC(45) Concurrent Mark 2.459ms
[20.917s][info][gc,phases   ] GC(45) Pause Mark End 0.012ms
[20.917s][info][gc,phases   ] GC(45) Concurrent Mark Free 0.000ms
[20.918s][info][gc,phases   ] GC(45) Concurrent Process Non-Strong References 0.808ms
[20.918s][info][gc,phases   ] GC(45) Concurrent Reset Relocation Set 0.001ms
[20.923s][info][gc,phases   ] GC(45) Concurrent Select Relocation Set 4.828ms
[20.923s][info][gc,phases   ] GC(45) Pause Relocate Start 0.004ms
[20.923s][info][gc,phases   ] GC(45) Concurrent Relocate 0.560ms
[20.923s][info][gc,load     ] GC(45) Load: 1.40/1.38/1.59
[20.923s][info][gc,mmu      ] GC(45) MMU: 2ms/98.3%, 5ms/99.0%, 10ms/99.4%, 20ms/99.7%, 50ms/99.9%, 100ms/99.9%
[20.923s][info][gc,marking  ] GC(45) Mark: 2 stripe(s), 1 proactive flush(es), 1 terminate flush(es), 0 completion(s), 0 continuation(s) 
[20.923s][info][gc,marking  ] GC(45) Mark Stack Usage: 32M
[20.923s][info][gc,nmethod  ] GC(45) NMethods: 176 registered, 3 unregistered
[20.923s][info][gc,metaspace] GC(45) Metaspace: 0M used, 0M committed, 1088M reserved
[20.923s][info][gc,ref      ] GC(45) Soft: 2 encountered, 0 discovered, 0 enqueued
[20.923s][info][gc,ref      ] GC(45) Weak: 9 encountered, 0 discovered, 0 enqueued
[20.923s][info][gc,ref      ] GC(45) Final: 0 encountered, 0 discovered, 0 enqueued
[20.923s][info][gc,ref      ] GC(45) Phantom: 3 encountered, 2 discovered, 0 enqueued
[20.923s][info][gc,reloc    ] GC(45) Small Pages: 4 / 8M, Empty: 0M, Relocated: 0M, In-Place: 0
[20.923s][info][gc,reloc    ] GC(45) Medium Pages: 0 / 0M, Empty: 0M, Relocated: 0M, In-Place: 0
[20.923s][info][gc,reloc    ] GC(45) Large Pages: 0 / 0M, Empty: 0M, Relocated: 0M, In-Place: 0
[20.923s][info][gc,reloc    ] GC(45) Forwarding Usage: 0M
[20.923s][info][gc,heap     ] GC(45) Min Capacity: 8192M(100%)
[20.923s][info][gc,heap     ] GC(45) Max Capacity: 8192M(100%)
[20.923s][info][gc,heap     ] GC(45) Soft Max Capacity: 8192M(100%)
[20.923s][info][gc,heap     ] GC(45)                Mark Start          Mark End        Relocate Start      Relocate End           High               Low         
[20.923s][info][gc,heap     ] GC(45)  Capacity:     8192M (100%)       8192M (100%)       8192M (100%)       8192M (100%)       8192M (100%)       8192M (100%)   
[20.923s][info][gc,heap     ] GC(45)      Free:     8184M (100%)       8184M (100%)       8184M (100%)       8186M (100%)       8186M (100%)       8178M (100%)   
[20.923s][info][gc,heap     ] GC(45)      Used:        8M (0%)            8M (0%)            8M (0%)            6M (0%)           14M (0%)            6M (0%)     
[20.923s][info][gc,heap     ] GC(45)      Live:         -                 0M (0%)            0M (0%)            0M (0%)             -                  -          
[20.923s][info][gc,heap     ] GC(45) Allocated:         -                 0M (0%)            0M (0%)            0M (0%)             -                  -          
[20.923s][info][gc,heap     ] GC(45)   Garbage:         -                 7M (0%)            7M (0%)            5M (0%)             -                  -          
[20.923s][info][gc,heap     ] GC(45) Reclaimed:         -                  -                 0M (0%)            2M (0%)             -                  -          
[20.923s][info][gc          ] GC(45) Garbage Collection (System.gc()) 8M(0%)->6M(0%)
[21.376s][info][gc,start    ] GC(46) Garbage Collection (System.gc())
[21.376s][info][gc,task     ] GC(46) Using 3 workers
[21.376s][info][gc,phases   ] GC(46) Pause Mark Start 0.017ms
[21.379s][info][gc,phases   ] GC(46) Concurrent Mark 2.553ms
[21.379s][info][gc,phases   ] GC(46) Pause Mark End 0.015ms
[21.379s][info][gc,phases   ] GC(46) Concurrent Mark Free 0.001ms
[21.379s][info][gc,phases   ] GC(46) Concurrent Process Non-Strong References 0.246ms
[21.379s][info][gc,phases   ] GC(46) Concurrent Reset Relocation Set 0.002ms
[21.384s][info][gc,phases   ] GC(46) Concurrent Select Relocation Set 4.119ms
[21.384s][info][gc,phases   ] GC(46) Pause Relocate Start 0.007ms
[21.384s][info][gc,phases   ] GC(46) Concurrent Relocate 0.723ms
[21.384s][info][gc,load     ] GC(46) Load: 1.40/1.38/1.59
[21.384s][info][gc,mmu      ] GC(46) MMU: 2ms/98.3%, 5ms/99.0%, 10ms/99.4%, 20ms/99.7%, 50ms/99.9%, 100ms/99.9%
[21.385s][info][gc,marking  ] GC(46) Mark: 2 stripe(s), 1 proactive flush(es), 1 terminate flush(es), 0 completion(s), 0 continuation(s) 
[21.385s][info][gc,marking  ] GC(46) Mark Stack Usage: 32M
[21.385s][info][gc,nmethod  ] GC(46) NMethods: 176 registered, 3 unregistered
[21.385s][info][gc,metaspace] GC(46) Metaspace: 0M used, 0M committed, 1088M reserved
[21.385s][info][gc,ref      ] GC(46) Soft: 2 encountered, 0 discovered, 0 enqueued
[21.385s][info][gc,ref      ] GC(46) Weak: 9 encountered, 0 discovered, 0 enqueued
[21.385s][info][gc,ref      ] GC(46) Final: 0 encountered, 0 discovered, 0 enqueued
[21.385s][info][gc,ref      ] GC(46) Phantom: 3 encountered, 2 discovered, 0 enqueued
[21.385s][info][gc,reloc    ] GC(46) Small Pages: 4 / 8M, Empty: 0M, Relocated: 0M, In-Place: 0
[21.385s][info][gc,reloc    ] GC(46) Medium Pages: 0 / 0M, Empty: 0M, Relocated: 0M, In-Place: 0
[21.385s][info][gc,reloc    ] GC(46) Large Pages: 0 / 0M, Empty: 0M, Relocated: 0M, In-Place: 0
[21.385s][info][gc,reloc    ] GC(46) Forwarding Usage: 0M
[21.385s][info][gc,heap     ] GC(46) Min Capacity: 8192M(100%)
[21.385s][info][gc,heap     ] GC(46) Max Capacity: 8192M(100%)
[21.385s][info][gc,heap     ] GC(46) Soft Max Capacity: 8192M(100%)
[21.385s][info][gc,heap     ] GC(46)                Mark Start          Mark End        Relocate Start      Relocate End           High               Low         
[21.385s][info][gc,heap     ] GC(46)  Capacity:     8192M (100%)       8192M (100%)       8192M (100%)       8192M (100%)       8192M (100%)       8192M (100%)   
[21.385s][info][gc,heap     ] GC(46)      Free:     8184M (100%)       8184M (100%)       8184M (100%)       8186M (100%)       8186M (100%)       8178M (100%)   
[21.385s][info][gc,heap     ] GC(46)      Used:        8M (0%)            8M (0%)            8M (0%)            6M (0%)           14M (0%)            6M (0%)     
[21.385s][info][gc,heap     ] GC(46)      Live:         -                 0M (0%)            0M (0%)            0M (0%)             -                  -          
[21.385s][info][gc,heap     ] GC(46) Allocated:         -                 0M (0%)            0M (0%)            0M (0%)             -                  -          
[21.385s][info][gc,heap     ] GC(46)   Garbage:         -                 7M (0%)            7M (0%)            5M (0%)             -                  -          
[21.385s][info][gc,heap     ] GC(46) Reclaimed:         -                  -                 0M (0%)            2M (0%)             -                  -          
[21.385s][info][gc          ] GC(46) Garbage Collection (System.gc()) 8M(0%)->6M(0%)
[21.838s][info][gc,start    ] GC(47) Garbage Collection (System.gc())
[21.839s][info][gc,task     ] GC(47) Using 3 workers
[21.839s][info][gc,phases   ] GC(47) Pause Mark Start 0.006ms
[21.841s][info][gc,phases   ] GC(47) Concurrent Mark 2.093ms
[21.841s][info][gc,phases   ] GC(47) Pause Mark End 0.007ms
[21.841s][info][gc,phases   ] GC(47) Concurrent Mark Free 0.000ms
[21.841s][info][gc,phases   ] GC(47) Concurrent Process Non-Strong References 0.271ms
[21.841s][info][gc,phases   ] GC(47) Concurrent Reset Relocation Set 0.001ms
[21.846s][info][gc,phases   ] GC(47) Concurrent Select Relocation Set 5.001ms
[21.846s][info][gc,phases   ] GC(47) Pause Relocate Start 0.007ms
[21.847s][info][gc,phases   ] GC(47) Concurrent Relocate 0.587ms
[21.847s][info][gc,load     ] GC(47) Load: 1.40/1.38/1.59
[21.847s][info][gc,mmu      ] GC(47) MMU: 2ms/98.3%, 5ms/99.0%, 10ms/99.4%, 20ms/99.7%, 50ms/99.9%, 100ms/99.9%
[21.847s][info][gc,marking  ] GC(47) Mark: 2 stripe(s), 1 proactive flush(es), 1 terminate flush(es), 0 completion(s), 0 continuation(s) 
[21.847s][info][gc,marking  ] GC(47) Mark Stack Usage: 32M
[21.847s][info][gc,nmethod  ] GC(47) NMethods: 176 registered, 3 unregistered
[21.847s][info][gc,metaspace] GC(47) Metaspace: 0M used, 0M committed, 1088M reserved
[21.847s][info][gc,ref      ] GC(47) Soft: 2 encountered, 0 discovered, 0 enqueued
[21.847s][info][gc,ref      ] GC(47) Weak: 9 encountered, 0 discovered, 0 enqueued
[21.847s][info][gc,ref      ] GC(47) Final: 0 encountered, 0 discovered, 0 enqueued
[21.847s][info][gc,ref      ] GC(47) Phantom: 3 encountered, 2 discovered, 0 enqueued
[21.847s][info][gc,reloc    ] GC(47) Small Pages: 4 / 8M, Empty: 0M, Relocated: 0M, In-Place: 0
[21.847s][info][gc,reloc    ] GC(47) Medium Pages: 0 / 0M, Empty: 0M, Relocated: 0M, In-Place: 0
[21.847s][info][gc,reloc    ] GC(47) Large Pages: 0 / 0M, Empty: 0M, Relocated: 0M, In-Place: 0
[21.847s][info][gc,reloc    ] GC(47) Forwarding Usage: 0M
[21.847s][info][gc,heap     ] GC(47) Min Capacity: 8192M(100%)
[21.847s][info][gc,heap     ] GC(47) Max Capacity: 8192M(100%)
[21.847s][info][gc,heap     ] GC(47) Soft Max Capacity: 8192M(100%)
[21.847s][info][gc,heap     ] GC(47)                Mark Start          Mark End        Relocate Start      Relocate End           High               Low         
[21.847s][info][gc,heap     ] GC(47)  Capacity:     8192M (100%)       8192M (100%)       8192M (100%)       8192M (100%)       8192M (100%)       8192M (100%)   
[21.847s][info][gc,heap     ] GC(47)      Free:     8184M (100%)       8184M (100%)       8184M (100%)       8186M (100%)       8186M (100%)       8178M (100%)   
[21.847s][info][gc,heap     ] GC(47)      Used:        8M (0%)            8M (0%)            8M (0%)            6M (0%)           14M (0%)            6M (0%)     
[21.847s][info][gc,heap     ] GC(47)      Live:         -                 0M (0%)            0M (0%)            0M (0%)             -                  -          
[21.847s][info][gc,heap     ] GC(47) Allocated:         -                 0M (0%)            0M (0%)            0M (0%)             -                  -          
[21.847s][info][gc,heap     ] GC(47)   Garbage:         -                 7M (0%)            7M (0%)            5M (0%)             -                  -          
[21.847s][info][gc,heap     ] GC(47) Reclaimed:         -                  -                 0M (0%)            2M (0%)             -                  -          
[21.847s][info][gc          ] GC(47) Garbage Collection (System.gc()) 8M(0%)->6M(0%)
[22.301s][info][gc,start    ] GC(48) Garbage Collection (System.gc())
[22.302s][info][gc,task     ] GC(48) Using 3 workers
[22.302s][info][gc,phases   ] GC(48) Pause Mark Start 0.012ms
[22.304s][info][gc,phases   ] GC(48) Concurrent Mark 2.134ms
[22.304s][info][gc,phases   ] GC(48) Pause Mark End 0.008ms
[22.304s][info][gc,phases   ] GC(48) Concurrent Mark Free 0.000ms
[22.304s][info][gc,phases   ] GC(48) Concurrent Process Non-Strong References 0.243ms
[22.304s][info][gc,phases   ] GC(48) Concurrent Reset Relocation Set 0.002ms
[22.309s][info][gc,phases   ] GC(48) Concurrent Select Relocation Set 4.654ms
[22.309s][info][gc,phases   ] GC(48) Pause Relocate Start 0.006ms
[22.309s][info][gc,phases   ] GC(48) Concurrent Relocate 0.575ms
[22.310s][info][gc,load     ] GC(48) Load: 1.40/1.38/1.59
[22.310s][info][gc,mmu      ] GC(48) MMU: 2ms/98.3%, 5ms/99.0%, 10ms/99.4%, 20ms/99.7%, 50ms/99.9%, 100ms/99.9%
[22.310s][info][gc,marking  ] GC(48) Mark: 2 stripe(s), 1 proactive flush(es), 1 terminate flush(es), 0 completion(s), 0 continuation(s) 
[22.310s][info][gc,marking  ] GC(48) Mark Stack Usage: 32M
[22.310s][info][gc,nmethod  ] GC(48) NMethods: 176 registered, 3 unregistered
[22.310s][info][gc,metaspace] GC(48) Metaspace: 0M used, 0M committed, 1088M reserved
[22.310s][info][gc,ref      ] GC(48) Soft: 2 encountered, 0 discovered, 0 enqueued
[22.310s][info][gc,ref      ] GC(48) Weak: 9 encountered, 0 discovered, 0 enqueued
[22.310s][info][gc,ref      ] GC(48) Final: 0 encountered, 0 discovered, 0 enqueued
[22.310s][info][gc,ref      ] GC(48) Phantom: 3 encountered, 2 discovered, 0 enqueued
[22.310s][info][gc,reloc    ] GC(48) Small Pages: 4 / 8M, Empty: 0M, Relocated: 0M, In-Place: 0
[22.310s][info][gc,reloc    ] GC(48) Medium Pages: 0 / 0M, Empty: 0M, Relocated: 0M, In-Place: 0
[22.310s][info][gc,reloc    ] GC(48) Large Pages: 0 / 0M, Empty: 0M, Relocated: 0M, In-Place: 0
[22.310s][info][gc,reloc    ] GC(48) Forwarding Usage: 0M
[22.310s][info][gc,heap     ] GC(48) Min Capacity: 8192M(100%)
[22.310s][info][gc,heap     ] GC(48) Max Capacity: 8192M(100%)
[22.310s][info][gc,heap     ] GC(48) Soft Max Capacity: 8192M(100%)
[22.310s][info][gc,heap     ] GC(48)                Mark Start          Mark End        Relocate Start      Relocate End           High               Low         
[22.310s][info][gc,heap     ] GC(48)  Capacity:     8192M (100%)       8192M (100%)       8192M (100%)       8192M (100%)       8192M (100%)       8192M (100%)   
[22.310s][info][gc,heap     ] GC(48)      Free:     8184M (100%)       8184M (100%)       8184M (100%)       8186M (100%)       8186M (100%)       8178M (100%)   
[22.310s][info][gc,heap     ] GC(48)      Used:        8M (0%)            8M (0%)            8M (0%)            6M (0%)           14M (0%)            6M (0%)     
[22.310s][info][gc,heap     ] GC(48)      Live:         -                 0M (0%)            0M (0%)            0M (0%)             -                  -          
[22.310s][info][gc,heap     ] GC(48) Allocated:         -                 0M (0%)            0M (0%)            0M (0%)             -                  -          
[22.310s][info][gc,heap     ] GC(48)   Garbage:         -                 7M (0%)            7M (0%)            5M (0%)             -                  -          
[22.310s][info][gc,heap     ] GC(48) Reclaimed:         -                  -                 0M (0%)            2M (0%)             -                  -          
[22.310s][info][gc          ] GC(48) Garbage Collection (System.gc()) 8M(0%)->6M(0%)
[22.766s][info][gc,start    ] GC(49) Garbage Collection (System.gc())
[22.766s][info][gc,task     ] GC(49) Using 3 workers
[22.766s][info][gc,phases   ] GC(49) Pause Mark Start 0.005ms
[22.768s][info][gc,phases   ] GC(49) Concurrent Mark 1.959ms
[22.768s][info][gc,phases   ] GC(49) Pause Mark End 0.006ms
[22.768s][info][gc,phases   ] GC(49) Concurrent Mark Free 0.000ms
[22.768s][info][gc,phases   ] GC(49) Concurrent Process Non-Strong References 0.194ms
[22.768s][info][gc,phases   ] GC(49) Concurrent Reset Relocation Set 0.001ms
[22.772s][info][gc,phases   ] GC(49) Concurrent Select Relocation Set 4.009ms
[22.772s][info][gc,phases   ] GC(49) Pause Relocate Start 0.009ms
[22.773s][info][gc,phases   ] GC(49) Concurrent Relocate 0.561ms
[22.773s][info][gc,load     ] GC(49) Load: 1.40/1.38/1.59
[22.773s][info][gc,mmu      ] GC(49) MMU: 2ms/98.3%, 5ms/99.0%, 10ms/99.4%, 20ms/99.7%, 50ms/99.9%, 100ms/99.9%
[22.773s][info][gc,marking  ] GC(49) Mark: 2 stripe(s), 1 proactive flush(es), 1 terminate flush(es), 0 completion(s), 0 continuation(s) 
[22.773s][info][gc,marking  ] GC(49) Mark Stack Usage: 32M
[22.773s][info][gc,nmethod  ] GC(49) NMethods: 176 registered, 3 unregistered
[22.773s][info][gc,metaspace] GC(49) Metaspace: 0M used, 0M committed, 1088M reserved
[22.773s][info][gc,ref      ] GC(49) Soft: 2 encountered, 0 discovered, 0 enqueued
[22.773s][info][gc,ref      ] GC(49) Weak: 9 encountered, 0 discovered, 0 enqueued
[22.773s][info][gc,ref      ] GC(49) Final: 0 encountered, 0 discovered, 0 enqueued
[22.773s][info][gc,ref      ] GC(49) Phantom: 3 encountered, 3 discovered, 0 enqueued
[22.773s][info][gc,reloc    ] GC(49) Small Pages: 4 / 8M, Empty: 0M, Relocated: 0M, In-Place: 0
[22.773s][info][gc,reloc    ] GC(49) Medium Pages: 0 / 0M, Empty: 0M, Relocated: 0M, In-Place: 0
[22.773s][info][gc,reloc    ] GC(49) Large Pages: 0 / 0M, Empty: 0M, Relocated: 0M, In-Place: 0
[22.773s][info][gc,reloc    ] GC(49) Forwarding Usage: 0M
[22.773s][info][gc,heap     ] GC(49) Min Capacity: 8192M(100%)
[22.773s][info][gc,heap     ] GC(49) Max Capacity: 8192M(100%)
[22.773s][info][gc,heap     ] GC(49) Soft Max Capacity: 8192M(100%)
[22.773s][info][gc,heap     ] GC(49)                Mark Start          Mark End        Relocate Start      Relocate End           High               Low         
[22.773s][info][gc,heap     ] GC(49)  Capacity:     8192M (100%)       8192M (100%)       8192M (100%)       8192M (100%)       8192M (100%)       8192M (100%)   
[22.773s][info][gc,heap     ] GC(49)      Free:     8184M (100%)       8184M (100%)       8184M (100%)       8186M (100%)       8186M (100%)       8178M (100%)   
[22.773s][info][gc,heap     ] GC(49)      Used:        8M (0%)            8M (0%)            8M (0%)            6M (0%)           14M (0%)            6M (0%)     
[22.773s][info][gc,heap     ] GC(49)      Live:         -                 0M (0%)            0M (0%)            0M (0%)             -                  -          
[22.773s][info][gc,heap     ] GC(49) Allocated:         -                 0M (0%)            0M (0%)            0M (0%)             -                  -          
[22.773s][info][gc,heap     ] GC(49)   Garbage:         -                 7M (0%)            7M (0%)            5M (0%)             -                  -          
[22.773s][info][gc,heap     ] GC(49) Reclaimed:         -                  -                 0M (0%)            2M (0%)             -                  -          
[22.773s][info][gc          ] GC(49) Garbage Collection (System.gc()) 8M(0%)->6M(0%)
[23.230s][info][gc,start    ] GC(50) Garbage Collection (System.gc())
[23.230s][info][gc,task     ] GC(50) Using 3 workers
[23.230s][info][gc,phases   ] GC(50) Pause Mark Start 0.013ms
[23.233s][info][gc,phases   ] GC(50) Concurrent Mark 2.849ms
[23.233s][info][gc,phases   ] GC(50) Pause Mark End 0.021ms
[23.233s][info][gc,phases   ] GC(50) Concurrent Mark Free 0.001ms
[23.233s][info][gc,phases   ] GC(50) Concurrent Process Non-Strong References 0.310ms
[23.233s][info][gc,phases   ] GC(50) Concurrent Reset Relocation Set 0.003ms
[23.238s][info][gc,phases   ] GC(50) Concurrent Select Relocation Set 4.358ms
[23.238s][info][gc,phases   ] GC(50) Pause Relocate Start 0.007ms
[23.238s][info][gc,phases   ] GC(50) Concurrent Relocate 0.677ms
[23.238s][info][gc,load     ] GC(50) Load: 1.40/1.38/1.59
[23.239s][info][gc,mmu      ] GC(50) MMU: 2ms/98.3%, 5ms/99.0%, 10ms/99.4%, 20ms/99.7%, 50ms/99.9%, 100ms/99.9%
[23.239s][info][gc,marking  ] GC(50) Mark: 2 stripe(s), 1 proactive flush(es), 1 terminate flush(es), 0 completion(s), 0 continuation(s) 
[23.239s][info][gc,marking  ] GC(50) Mark Stack Usage: 32M
[23.239s][info][gc,nmethod  ] GC(50) NMethods: 176 registered, 3 unregistered
[23.239s][info][gc,metaspace] GC(50) Metaspace: 0M used, 0M committed, 1088M reserved
[23.239s][info][gc,ref      ] GC(50) Soft: 2 encountered, 0 discovered, 0 enqueued
[23.239s][info][gc,ref      ] GC(50) Weak: 9 encountered, 0 discovered, 0 enqueued
[23.239s][info][gc,ref      ] GC(50) Final: 0 encountered, 0 discovered, 0 enqueued
[23.239s][info][gc,ref      ] GC(50) Phantom: 3 encountered, 1 discovered, 0 enqueued
[23.239s][info][gc,reloc    ] GC(50) Small Pages: 4 / 8M, Empty: 0M, Relocated: 0M, In-Place: 0
[23.239s][info][gc,reloc    ] GC(50) Medium Pages: 0 / 0M, Empty: 0M, Relocated: 0M, In-Place: 0
[23.239s][info][gc,reloc    ] GC(50) Large Pages: 0 / 0M, Empty: 0M, Relocated: 0M, In-Place: 0
[23.239s][info][gc,reloc    ] GC(50) Forwarding Usage: 0M
[23.239s][info][gc,heap     ] GC(50) Min Capacity: 8192M(100%)
[23.239s][info][gc,heap     ] GC(50) Max Capacity: 8192M(100%)
[23.239s][info][gc,heap     ] GC(50) Soft Max Capacity: 8192M(100%)
[23.239s][info][gc,heap     ] GC(50)                Mark Start          Mark End        Relocate Start      Relocate End           High               Low         
[23.239s][info][gc,heap     ] GC(50)  Capacity:     8192M (100%)       8192M (100%)       8192M (100%)       8192M (100%)       8192M (100%)       8192M (100%)   
[23.239s][info][gc,heap     ] GC(50)      Free:     8184M (100%)       8184M (100%)       8184M (100%)       8186M (100%)       8186M (100%)       8178M (100%)   
[23.239s][info][gc,heap     ] GC(50)      Used:        8M (0%)            8M (0%)            8M (0%)            6M (0%)           14M (0%)            6M (0%)     
[23.239s][info][gc,heap     ] GC(50)      Live:         -                 0M (0%)            0M (0%)            0M (0%)             -                  -          
[23.239s][info][gc,heap     ] GC(50) Allocated:         -                 0M (0%)            0M (0%)            0M (0%)             -                  -          
[23.239s][info][gc,heap     ] GC(50)   Garbage:         -                 7M (0%)            7M (0%)            5M (0%)             -                  -          
[23.239s][info][gc,heap     ] GC(50) Reclaimed:         -                  -                 0M (0%)            2M (0%)             -                  -          
[23.239s][info][gc          ] GC(50) Garbage Collection (System.gc()) 8M(0%)->6M(0%)
[23.694s][info][gc,start    ] GC(51) Garbage Collection (System.gc())
[23.694s][info][gc,task     ] GC(51) Using 3 workers
[23.694s][info][gc,phases   ] GC(51) Pause Mark Start 0.021ms
[23.697s][info][gc,phases   ] GC(51) Concurrent Mark 2.526ms
[23.697s][info][gc,phases   ] GC(51) Pause Mark End 0.014ms
[23.697s][info][gc,phases   ] GC(51) Concurrent Mark Free 0.001ms
[23.698s][info][gc,phases   ] GC(51) Concurrent Process Non-Strong References 0.292ms
[23.698s][info][gc,phases   ] GC(51) Concurrent Reset Relocation Set 0.002ms
[23.702s][info][gc,phases   ] GC(51) Concurrent Select Relocation Set 4.421ms
[23.702s][info][gc,phases   ] GC(51) Pause Relocate Start 0.134ms
[23.703s][info][gc,phases   ] GC(51) Concurrent Relocate 0.778ms
[23.703s][info][gc,load     ] GC(51) Load: 1.40/1.38/1.59
[23.703s][info][gc,mmu      ] GC(51) MMU: 2ms/93.3%, 5ms/97.3%, 10ms/98.3%, 20ms/99.2%, 50ms/99.7%, 100ms/99.8%
[23.703s][info][gc,marking  ] GC(51) Mark: 2 stripe(s), 1 proactive flush(es), 1 terminate flush(es), 0 completion(s), 0 continuation(s) 
[23.703s][info][gc,marking  ] GC(51) Mark Stack Usage: 32M
[23.703s][info][gc,nmethod  ] GC(51) NMethods: 176 registered, 3 unregistered
[23.703s][info][gc,metaspace] GC(51) Metaspace: 0M used, 0M committed, 1088M reserved
[23.703s][info][gc,ref      ] GC(51) Soft: 2 encountered, 0 discovered, 0 enqueued
[23.703s][info][gc,ref      ] GC(51) Weak: 9 encountered, 0 discovered, 0 enqueued
[23.704s][info][gc,ref      ] GC(51) Final: 0 encountered, 0 discovered, 0 enqueued
[23.704s][info][gc,ref      ] GC(51) Phantom: 3 encountered, 1 discovered, 0 enqueued
[23.704s][info][gc,reloc    ] GC(51) Small Pages: 4 / 8M, Empty: 0M, Relocated: 0M, In-Place: 0
[23.704s][info][gc,reloc    ] GC(51) Medium Pages: 0 / 0M, Empty: 0M, Relocated: 0M, In-Place: 0
[23.704s][info][gc,reloc    ] GC(51) Large Pages: 0 / 0M, Empty: 0M, Relocated: 0M, In-Place: 0
[23.704s][info][gc,reloc    ] GC(51) Forwarding Usage: 0M
[23.704s][info][gc,heap     ] GC(51) Min Capacity: 8192M(100%)
[23.704s][info][gc,heap     ] GC(51) Max Capacity: 8192M(100%)
[23.704s][info][gc,heap     ] GC(51) Soft Max Capacity: 8192M(100%)
[23.704s][info][gc,heap     ] GC(51)                Mark Start          Mark End        Relocate Start      Relocate End           High               Low         
[23.704s][info][gc,heap     ] GC(51)  Capacity:     8192M (100%)       8192M (100%)       8192M (100%)       8192M (100%)       8192M (100%)       8192M (100%)   
[23.704s][info][gc,heap     ] GC(51)      Free:     8184M (100%)       8184M (100%)       8184M (100%)       8186M (100%)       8186M (100%)       8178M (100%)   
[23.704s][info][gc,heap     ] GC(51)      Used:        8M (0%)            8M (0%)            8M (0%)            6M (0%)           14M (0%)            6M (0%)     
[23.704s][info][gc,heap     ] GC(51)      Live:         -                 0M (0%)            0M (0%)            0M (0%)             -                  -          
[23.704s][info][gc,heap     ] GC(51) Allocated:         -                 0M (0%)            0M (0%)            0M (0%)             -                  -          
[23.704s][info][gc,heap     ] GC(51)   Garbage:         -                 7M (0%)            7M (0%)            5M (0%)             -                  -          
[23.704s][info][gc,heap     ] GC(51) Reclaimed:         -                  -                 0M (0%)            2M (0%)             -                  -          
[23.704s][info][gc          ] GC(51) Garbage Collection (System.gc()) 8M(0%)->6M(0%)
[24.162s][info][gc,start    ] GC(52) Garbage Collection (System.gc())
[24.162s][info][gc,task     ] GC(52) Using 3 workers
[24.162s][info][gc,phases   ] GC(52) Pause Mark Start 0.014ms
[24.166s][info][gc,phases   ] GC(52) Concurrent Mark 3.655ms
[24.166s][info][gc,phases   ] GC(52) Pause Mark End 0.021ms
[24.166s][info][gc,phases   ] GC(52) Concurrent Mark Free 0.001ms
[24.167s][info][gc,phases   ] GC(52) Concurrent Process Non-Strong References 1.589ms
[24.167s][info][gc,phases   ] GC(52) Concurrent Reset Relocation Set 0.004ms
[24.173s][info][gc,phases   ] GC(52) Concurrent Select Relocation Set 5.097ms
[24.173s][info][gc,phases   ] GC(52) Pause Relocate Start 0.024ms
[24.174s][info][gc,phases   ] GC(52) Concurrent Relocate 0.751ms
[24.174s][info][gc,load     ] GC(52) Load: 1.40/1.38/1.59
[24.174s][info][gc,mmu      ] GC(52) MMU: 2ms/93.3%, 5ms/97.3%, 10ms/98.3%, 20ms/99.2%, 50ms/99.7%, 100ms/99.8%
[24.174s][info][gc,marking  ] GC(52) Mark: 2 stripe(s), 1 proactive flush(es), 1 terminate flush(es), 0 completion(s), 0 continuation(s) 
[24.174s][info][gc,marking  ] GC(52) Mark Stack Usage: 32M
[24.174s][info][gc,nmethod  ] GC(52) NMethods: 176 registered, 4 unregistered
[24.174s][info][gc,metaspace] GC(52) Metaspace: 0M used, 0M committed, 1088M reserved
[24.174s][info][gc,ref      ] GC(52) Soft: 2 encountered, 0 discovered, 0 enqueued
[24.174s][info][gc,ref      ] GC(52) Weak: 9 encountered, 0 discovered, 0 enqueued
[24.174s][info][gc,ref      ] GC(52) Final: 0 encountered, 0 discovered, 0 enqueued
[24.174s][info][gc,ref      ] GC(52) Phantom: 3 encountered, 2 discovered, 0 enqueued
[24.174s][info][gc,reloc    ] GC(52) Small Pages: 4 / 8M, Empty: 0M, Relocated: 0M, In-Place: 0
[24.174s][info][gc,reloc    ] GC(52) Medium Pages: 0 / 0M, Empty: 0M, Relocated: 0M, In-Place: 0
[24.174s][info][gc,reloc    ] GC(52) Large Pages: 0 / 0M, Empty: 0M, Relocated: 0M, In-Place: 0
[24.174s][info][gc,reloc    ] GC(52) Forwarding Usage: 0M
[24.174s][info][gc,heap     ] GC(52) Min Capacity: 8192M(100%)
[24.174s][info][gc,heap     ] GC(52) Max Capacity: 8192M(100%)
[24.174s][info][gc,heap     ] GC(52) Soft Max Capacity: 8192M(100%)
[24.174s][info][gc,heap     ] GC(52)                Mark Start          Mark End        Relocate Start      Relocate End           High               Low         
[24.174s][info][gc,heap     ] GC(52)  Capacity:     8192M (100%)       8192M (100%)       8192M (100%)       8192M (100%)       8192M (100%)       8192M (100%)   
[24.174s][info][gc,heap     ] GC(52)      Free:     8184M (100%)       8184M (100%)       8184M (100%)       8186M (100%)       8186M (100%)       8178M (100%)   
[24.174s][info][gc,heap     ] GC(52)      Used:        8M (0%)            8M (0%)            8M (0%)            6M (0%)           14M (0%)            6M (0%)     
[24.174s][info][gc,heap     ] GC(52)      Live:         -                 0M (0%)            0M (0%)            0M (0%)             -                  -          
[24.174s][info][gc,heap     ] GC(52) Allocated:         -                 0M (0%)            0M (0%)            0M (0%)             -                  -          
[24.174s][info][gc,heap     ] GC(52)   Garbage:         -                 7M (0%)            7M (0%)            5M (0%)             -                  -          
[24.174s][info][gc,heap     ] GC(52) Reclaimed:         -                  -                 0M (0%)            2M (0%)             -                  -          
[24.174s][info][gc          ] GC(52) Garbage Collection (System.gc()) 8M(0%)->6M(0%)
[24.629s][info][gc,start    ] GC(53) Garbage Collection (System.gc())
[24.629s][info][gc,task     ] GC(53) Using 3 workers
[24.629s][info][gc,phases   ] GC(53) Pause Mark Start 0.008ms
[24.632s][info][gc,phases   ] GC(53) Concurrent Mark 2.983ms
[24.632s][info][gc,phases   ] GC(53) Pause Mark End 0.011ms
[24.632s][info][gc,phases   ] GC(53) Concurrent Mark Free 0.001ms
[24.633s][info][gc,phases   ] GC(53) Concurrent Process Non-Strong References 0.704ms
[24.633s][info][gc,phases   ] GC(53) Concurrent Reset Relocation Set 0.001ms
[24.637s][info][gc,phases   ] GC(53) Concurrent Select Relocation Set 4.559ms
[24.637s][info][gc,phases   ] GC(53) Pause Relocate Start 0.008ms
[24.638s][info][gc,phases   ] GC(53) Concurrent Relocate 0.668ms
[24.638s][info][gc,load     ] GC(53) Load: 1.40/1.38/1.59
[24.638s][info][gc,mmu      ] GC(53) MMU: 2ms/93.3%, 5ms/97.3%, 10ms/98.3%, 20ms/99.2%, 50ms/99.7%, 100ms/99.8%
[24.638s][info][gc,marking  ] GC(53) Mark: 2 stripe(s), 1 proactive flush(es), 1 terminate flush(es), 0 completion(s), 0 continuation(s) 
[24.638s][info][gc,marking  ] GC(53) Mark Stack Usage: 32M
[24.638s][info][gc,nmethod  ] GC(53) NMethods: 176 registered, 4 unregistered
[24.638s][info][gc,metaspace] GC(53) Metaspace: 0M used, 0M committed, 1088M reserved
[24.638s][info][gc,ref      ] GC(53) Soft: 2 encountered, 0 discovered, 0 enqueued
[24.638s][info][gc,ref      ] GC(53) Weak: 9 encountered, 0 discovered, 0 enqueued
[24.638s][info][gc,ref      ] GC(53) Final: 0 encountered, 0 discovered, 0 enqueued
[24.638s][info][gc,ref      ] GC(53) Phantom: 3 encountered, 2 discovered, 0 enqueued
[24.638s][info][gc,reloc    ] GC(53) Small Pages: 4 / 8M, Empty: 0M, Relocated: 0M, In-Place: 0
[24.638s][info][gc,reloc    ] GC(53) Medium Pages: 0 / 0M, Empty: 0M, Relocated: 0M, In-Place: 0
[24.638s][info][gc,reloc    ] GC(53) Large Pages: 0 / 0M, Empty: 0M, Relocated: 0M, In-Place: 0
[24.638s][info][gc,reloc    ] GC(53) Forwarding Usage: 0M
[24.638s][info][gc,heap     ] GC(53) Min Capacity: 8192M(100%)
[24.638s][info][gc,heap     ] GC(53) Max Capacity: 8192M(100%)
[24.638s][info][gc,heap     ] GC(53) Soft Max Capacity: 8192M(100%)
[24.638s][info][gc,heap     ] GC(53)                Mark Start          Mark End        Relocate Start      Relocate End           High               Low         
[24.638s][info][gc,heap     ] GC(53)  Capacity:     8192M (100%)       8192M (100%)       8192M (100%)       8192M (100%)       8192M (100%)       8192M (100%)   
[24.638s][info][gc,heap     ] GC(53)      Free:     8184M (100%)       8184M (100%)       8184M (100%)       8186M (100%)       8186M (100%)       8180M (100%)   
[24.638s][info][gc,heap     ] GC(53)      Used:        8M (0%)            8M (0%)            8M (0%)            6M (0%)           12M (0%)            6M (0%)     
[24.638s][info][gc,heap     ] GC(53)      Live:         -                 0M (0%)            0M (0%)            0M (0%)             -                  -          
[24.638s][info][gc,heap     ] GC(53) Allocated:         -                 0M (0%)            0M (0%)            0M (0%)             -                  -          
[24.638s][info][gc,heap     ] GC(53)   Garbage:         -                 7M (0%)            7M (0%)            5M (0%)             -                  -          
[24.638s][info][gc,heap     ] GC(53) Reclaimed:         -                  -                 0M (0%)            2M (0%)             -                  -          
[24.638s][info][gc          ] GC(53) Garbage Collection (System.gc()) 8M(0%)->6M(0%)
[25.095s][info][gc,start    ] GC(54) Garbage Collection (System.gc())
[25.095s][info][gc,task     ] GC(54) Using 3 workers
[25.095s][info][gc,phases   ] GC(54) Pause Mark Start 0.011ms
[25.098s][info][gc,phases   ] GC(54) Concurrent Mark 2.478ms
[25.098s][info][gc,phases   ] GC(54) Pause Mark End 0.010ms
[25.098s][info][gc,phases   ] GC(54) Concurrent Mark Free 0.001ms
[25.099s][info][gc,phases   ] GC(54) Concurrent Process Non-Strong References 0.969ms
[25.099s][info][gc,phases   ] GC(54) Concurrent Reset Relocation Set 0.001ms
[25.102s][info][gc,phases   ] GC(54) Concurrent Select Relocation Set 3.557ms
[25.102s][info][gc,phases   ] GC(54) Pause Relocate Start 0.007ms
[25.103s][info][gc,phases   ] GC(54) Concurrent Relocate 0.544ms
[25.103s][info][gc,load     ] GC(54) Load: 1.53/1.41/1.60
[25.103s][info][gc,mmu      ] GC(54) MMU: 2ms/93.3%, 5ms/97.3%, 10ms/98.3%, 20ms/99.2%, 50ms/99.7%, 100ms/99.8%
[25.103s][info][gc,marking  ] GC(54) Mark: 2 stripe(s), 1 proactive flush(es), 1 terminate flush(es), 0 completion(s), 0 continuation(s) 
[25.103s][info][gc,marking  ] GC(54) Mark Stack Usage: 32M
[25.103s][info][gc,nmethod  ] GC(54) NMethods: 178 registered, 4 unregistered
[25.103s][info][gc,metaspace] GC(54) Metaspace: 0M used, 0M committed, 1088M reserved
[25.103s][info][gc,ref      ] GC(54) Soft: 2 encountered, 0 discovered, 0 enqueued
[25.103s][info][gc,ref      ] GC(54) Weak: 9 encountered, 0 discovered, 0 enqueued
[25.103s][info][gc,ref      ] GC(54) Final: 0 encountered, 0 discovered, 0 enqueued
[25.103s][info][gc,ref      ] GC(54) Phantom: 3 encountered, 2 discovered, 0 enqueued
[25.103s][info][gc,reloc    ] GC(54) Small Pages: 4 / 8M, Empty: 0M, Relocated: 0M, In-Place: 0
[25.103s][info][gc,reloc    ] GC(54) Medium Pages: 0 / 0M, Empty: 0M, Relocated: 0M, In-Place: 0
[25.103s][info][gc,reloc    ] GC(54) Large Pages: 0 / 0M, Empty: 0M, Relocated: 0M, In-Place: 0
[25.103s][info][gc,reloc    ] GC(54) Forwarding Usage: 0M
[25.103s][info][gc,heap     ] GC(54) Min Capacity: 8192M(100%)
[25.103s][info][gc,heap     ] GC(54) Max Capacity: 8192M(100%)
[25.103s][info][gc,heap     ] GC(54) Soft Max Capacity: 8192M(100%)
[25.103s][info][gc,heap     ] GC(54)                Mark Start          Mark End        Relocate Start      Relocate End           High               Low         
[25.103s][info][gc,heap     ] GC(54)  Capacity:     8192M (100%)       8192M (100%)       8192M (100%)       8192M (100%)       8192M (100%)       8192M (100%)   
[25.103s][info][gc,heap     ] GC(54)      Free:     8184M (100%)       8184M (100%)       8184M (100%)       8186M (100%)       8186M (100%)       8178M (100%)   
[25.103s][info][gc,heap     ] GC(54)      Used:        8M (0%)            8M (0%)            8M (0%)            6M (0%)           14M (0%)            6M (0%)     
[25.103s][info][gc,heap     ] GC(54)      Live:         -                 0M (0%)            0M (0%)            0M (0%)             -                  -          
[25.103s][info][gc,heap     ] GC(54) Allocated:         -                 0M (0%)            0M (0%)            0M (0%)             -                  -          
[25.103s][info][gc,heap     ] GC(54)   Garbage:         -                 7M (0%)            7M (0%)            5M (0%)             -                  -          
[25.103s][info][gc,heap     ] GC(54) Reclaimed:         -                  -                 0M (0%)            2M (0%)             -                  -          
[25.103s][info][gc          ] GC(54) Garbage Collection (System.gc()) 8M(0%)->6M(0%)
[25.557s][info][gc,start    ] GC(55) Garbage Collection (System.gc())
[25.557s][info][gc,task     ] GC(55) Using 3 workers
[25.557s][info][gc,phases   ] GC(55) Pause Mark Start 0.006ms
[25.559s][info][gc,phases   ] GC(55) Concurrent Mark 1.936ms
[25.559s][info][gc,phases   ] GC(55) Pause Mark End 0.008ms
[25.559s][info][gc,phases   ] GC(55) Concurrent Mark Free 0.000ms
[25.559s][info][gc,phases   ] GC(55) Concurrent Process Non-Strong References 0.201ms
[25.559s][info][gc,phases   ] GC(55) Concurrent Reset Relocation Set 0.001ms
[25.563s][info][gc,phases   ] GC(55) Concurrent Select Relocation Set 3.491ms
[25.563s][info][gc,phases   ] GC(55) Pause Relocate Start 0.005ms
[25.564s][info][gc,phases   ] GC(55) Concurrent Relocate 0.493ms
[25.564s][info][gc,load     ] GC(55) Load: 1.53/1.41/1.60
[25.564s][info][gc,mmu      ] GC(55) MMU: 2ms/93.3%, 5ms/97.3%, 10ms/98.3%, 20ms/99.2%, 50ms/99.7%, 100ms/99.8%
[25.564s][info][gc,marking  ] GC(55) Mark: 2 stripe(s), 1 proactive flush(es), 1 terminate flush(es), 0 completion(s), 0 continuation(s) 
[25.564s][info][gc,marking  ] GC(55) Mark Stack Usage: 32M
[25.564s][info][gc,nmethod  ] GC(55) NMethods: 178 registered, 5 unregistered
[25.564s][info][gc,metaspace] GC(55) Metaspace: 0M used, 0M committed, 1088M reserved
[25.564s][info][gc,ref      ] GC(55) Soft: 2 encountered, 0 discovered, 0 enqueued
[25.564s][info][gc,ref      ] GC(55) Weak: 9 encountered, 0 discovered, 0 enqueued
[25.564s][info][gc,ref      ] GC(55) Final: 0 encountered, 0 discovered, 0 enqueued
[25.564s][info][gc,ref      ] GC(55) Phantom: 3 encountered, 2 discovered, 0 enqueued
[25.564s][info][gc,reloc    ] GC(55) Small Pages: 4 / 8M, Empty: 0M, Relocated: 0M, In-Place: 0
[25.564s][info][gc,reloc    ] GC(55) Medium Pages: 0 / 0M, Empty: 0M, Relocated: 0M, In-Place: 0
[25.564s][info][gc,reloc    ] GC(55) Large Pages: 0 / 0M, Empty: 0M, Relocated: 0M, In-Place: 0
[25.564s][info][gc,reloc    ] GC(55) Forwarding Usage: 0M
[25.564s][info][gc,heap     ] GC(55) Min Capacity: 8192M(100%)
[25.564s][info][gc,heap     ] GC(55) Max Capacity: 8192M(100%)
[25.564s][info][gc,heap     ] GC(55) Soft Max Capacity: 8192M(100%)
[25.564s][info][gc,heap     ] GC(55)                Mark Start          Mark End        Relocate Start      Relocate End           High               Low         
[25.564s][info][gc,heap     ] GC(55)  Capacity:     8192M (100%)       8192M (100%)       8192M (100%)       8192M (100%)       8192M (100%)       8192M (100%)   
[25.564s][info][gc,heap     ] GC(55)      Free:     8184M (100%)       8184M (100%)       8184M (100%)       8186M (100%)       8186M (100%)       8178M (100%)   
[25.564s][info][gc,heap     ] GC(55)      Used:        8M (0%)            8M (0%)            8M (0%)            6M (0%)           14M (0%)            6M (0%)     
[25.564s][info][gc,heap     ] GC(55)      Live:         -                 0M (0%)            0M (0%)            0M (0%)             -                  -          
[25.564s][info][gc,heap     ] GC(55) Allocated:         -                 0M (0%)            0M (0%)            0M (0%)             -                  -          
[25.564s][info][gc,heap     ] GC(55)   Garbage:         -                 7M (0%)            7M (0%)            5M (0%)             -                  -          
[25.564s][info][gc,heap     ] GC(55) Reclaimed:         -                  -                 0M (0%)            2M (0%)             -                  -          
[25.564s][info][gc          ] GC(55) Garbage Collection (System.gc()) 8M(0%)->6M(0%)
[26.019s][info][gc,start    ] GC(56) Garbage Collection (System.gc())
[26.019s][info][gc,task     ] GC(56) Using 3 workers
[26.019s][info][gc,phases   ] GC(56) Pause Mark Start 0.004ms
[26.021s][info][gc,phases   ] GC(56) Concurrent Mark 1.868ms
[26.023s][info][gc,phases   ] GC(56) Pause Mark End 0.008ms
[26.023s][info][gc,phases   ] GC(56) Concurrent Mark Free 0.001ms
[26.024s][info][gc,phases   ] GC(56) Concurrent Process Non-Strong References 0.675ms
[26.024s][info][gc,phases   ] GC(56) Concurrent Reset Relocation Set 0.001ms
[26.028s][info][gc,phases   ] GC(56) Concurrent Select Relocation Set 3.478ms
[26.028s][info][gc,phases   ] GC(56) Pause Relocate Start 0.006ms
[26.028s][info][gc,phases   ] GC(56) Concurrent Relocate 0.515ms
[26.028s][info][gc,load     ] GC(56) Load: 1.53/1.41/1.60
[26.028s][info][gc,mmu      ] GC(56) MMU: 2ms/93.3%, 5ms/97.3%, 10ms/98.3%, 20ms/99.2%, 50ms/99.7%, 100ms/99.8%
[26.028s][info][gc,marking  ] GC(56) Mark: 2 stripe(s), 2 proactive flush(es), 1 terminate flush(es), 0 completion(s), 0 continuation(s) 
[26.028s][info][gc,marking  ] GC(56) Mark Stack Usage: 32M
[26.028s][info][gc,nmethod  ] GC(56) NMethods: 184 registered, 5 unregistered
[26.028s][info][gc,metaspace] GC(56) Metaspace: 0M used, 0M committed, 1088M reserved
[26.028s][info][gc,ref      ] GC(56) Soft: 2 encountered, 0 discovered, 0 enqueued
[26.028s][info][gc,ref      ] GC(56) Weak: 9 encountered, 0 discovered, 0 enqueued
[26.028s][info][gc,ref      ] GC(56) Final: 0 encountered, 0 discovered, 0 enqueued
[26.028s][info][gc,ref      ] GC(56) Phantom: 3 encountered, 2 discovered, 0 enqueued
[26.028s][info][gc,reloc    ] GC(56) Small Pages: 4 / 8M, Empty: 0M, Relocated: 0M, In-Place: 0
[26.028s][info][gc,reloc    ] GC(56) Medium Pages: 0 / 0M, Empty: 0M, Relocated: 0M, In-Place: 0
[26.028s][info][gc,reloc    ] GC(56) Large Pages: 0 / 0M, Empty: 0M, Relocated: 0M, In-Place: 0
[26.028s][info][gc,reloc    ] GC(56) Forwarding Usage: 0M
[26.028s][info][gc,heap     ] GC(56) Min Capacity: 8192M(100%)
[26.028s][info][gc,heap     ] GC(56) Max Capacity: 8192M(100%)
[26.028s][info][gc,heap     ] GC(56) Soft Max Capacity: 8192M(100%)
[26.028s][info][gc,heap     ] GC(56)                Mark Start          Mark End        Relocate Start      Relocate End           High               Low         
[26.028s][info][gc,heap     ] GC(56)  Capacity:     8192M (100%)       8192M (100%)       8192M (100%)       8192M (100%)       8192M (100%)       8192M (100%)   
[26.028s][info][gc,heap     ] GC(56)      Free:     8184M (100%)       8184M (100%)       8184M (100%)       8186M (100%)       8186M (100%)       8178M (100%)   
[26.028s][info][gc,heap     ] GC(56)      Used:        8M (0%)            8M (0%)            8M (0%)            6M (0%)           14M (0%)            6M (0%)     
[26.028s][info][gc,heap     ] GC(56)      Live:         -                 0M (0%)            0M (0%)            0M (0%)             -                  -          
[26.028s][info][gc,heap     ] GC(56) Allocated:         -                 0M (0%)            0M (0%)            0M (0%)             -                  -          
[26.028s][info][gc,heap     ] GC(56)   Garbage:         -                 7M (0%)            7M (0%)            5M (0%)             -                  -          
[26.028s][info][gc,heap     ] GC(56) Reclaimed:         -                  -                 0M (0%)            2M (0%)             -                  -          
[26.028s][info][gc          ] GC(56) Garbage Collection (System.gc()) 8M(0%)->6M(0%)
[26.482s][info][gc,start    ] GC(57) Garbage Collection (System.gc())
[26.482s][info][gc,task     ] GC(57) Using 3 workers
[26.482s][info][gc,phases   ] GC(57) Pause Mark Start 0.005ms
[26.484s][info][gc,phases   ] GC(57) Concurrent Mark 1.869ms
[26.484s][info][gc,phases   ] GC(57) Pause Mark End 0.007ms
[26.484s][info][gc,phases   ] GC(57) Concurrent Mark Free 0.000ms
[26.485s][info][gc,phases   ] GC(57) Concurrent Process Non-Strong References 0.569ms
[26.485s][info][gc,phases   ] GC(57) Concurrent Reset Relocation Set 0.001ms
[26.488s][info][gc,phases   ] GC(57) Concurrent Select Relocation Set 3.497ms
[26.488s][info][gc,phases   ] GC(57) Pause Relocate Start 0.007ms
[26.489s][info][gc,phases   ] GC(57) Concurrent Relocate 0.513ms
[26.489s][info][gc,load     ] GC(57) Load: 1.53/1.41/1.60
[26.489s][info][gc,mmu      ] GC(57) MMU: 2ms/93.3%, 5ms/97.3%, 10ms/98.3%, 20ms/99.2%, 50ms/99.7%, 100ms/99.8%
[26.489s][info][gc,marking  ] GC(57) Mark: 2 stripe(s), 1 proactive flush(es), 1 terminate flush(es), 0 completion(s), 0 continuation(s) 
[26.489s][info][gc,marking  ] GC(57) Mark Stack Usage: 32M
[26.489s][info][gc,nmethod  ] GC(57) NMethods: 187 registered, 5 unregistered
[26.489s][info][gc,metaspace] GC(57) Metaspace: 0M used, 0M committed, 1088M reserved
[26.489s][info][gc,ref      ] GC(57) Soft: 2 encountered, 0 discovered, 0 enqueued
[26.489s][info][gc,ref      ] GC(57) Weak: 9 encountered, 0 discovered, 0 enqueued
[26.489s][info][gc,ref      ] GC(57) Final: 0 encountered, 0 discovered, 0 enqueued
[26.489s][info][gc,ref      ] GC(57) Phantom: 3 encountered, 2 discovered, 0 enqueued
[26.489s][info][gc,reloc    ] GC(57) Small Pages: 4 / 8M, Empty: 0M, Relocated: 0M, In-Place: 0
[26.489s][info][gc,reloc    ] GC(57) Medium Pages: 0 / 0M, Empty: 0M, Relocated: 0M, In-Place: 0
[26.489s][info][gc,reloc    ] GC(57) Large Pages: 0 / 0M, Empty: 0M, Relocated: 0M, In-Place: 0
[26.489s][info][gc,reloc    ] GC(57) Forwarding Usage: 0M
[26.489s][info][gc,heap     ] GC(57) Min Capacity: 8192M(100%)
[26.489s][info][gc,heap     ] GC(57) Max Capacity: 8192M(100%)
[26.489s][info][gc,heap     ] GC(57) Soft Max Capacity: 8192M(100%)
[26.489s][info][gc,heap     ] GC(57)                Mark Start          Mark End        Relocate Start      Relocate End           High               Low         
[26.489s][info][gc,heap     ] GC(57)  Capacity:     8192M (100%)       8192M (100%)       8192M (100%)       8192M (100%)       8192M (100%)       8192M (100%)   
[26.489s][info][gc,heap     ] GC(57)      Free:     8184M (100%)       8184M (100%)       8184M (100%)       8186M (100%)       8186M (100%)       8178M (100%)   
[26.489s][info][gc,heap     ] GC(57)      Used:        8M (0%)            8M (0%)            8M (0%)            6M (0%)           14M (0%)            6M (0%)     
[26.489s][info][gc,heap     ] GC(57)      Live:         -                 0M (0%)            0M (0%)            0M (0%)             -                  -          
[26.489s][info][gc,heap     ] GC(57) Allocated:         -                 0M (0%)            0M (0%)            0M (0%)             -                  -          
[26.489s][info][gc,heap     ] GC(57)   Garbage:         -                 7M (0%)            7M (0%)            5M (0%)             -                  -          
[26.489s][info][gc,heap     ] GC(57) Reclaimed:         -                  -                 0M (0%)            2M (0%)             -                  -          
[26.489s][info][gc          ] GC(57) Garbage Collection (System.gc()) 8M(0%)->6M(0%)
[26.941s][info][gc,start    ] GC(58) Garbage Collection (System.gc())
[26.941s][info][gc,task     ] GC(58) Using 3 workers
[26.941s][info][gc,phases   ] GC(58) Pause Mark Start 0.009ms
[26.944s][info][gc,phases   ] GC(58) Concurrent Mark 2.656ms
[26.944s][info][gc,phases   ] GC(58) Pause Mark End 0.014ms
[26.944s][info][gc,phases   ] GC(58) Concurrent Mark Free 0.000ms
[26.945s][info][gc,phases   ] GC(58) Concurrent Process Non-Strong References 0.928ms
[26.945s][info][gc,phases   ] GC(58) Concurrent Reset Relocation Set 0.002ms
[26.949s][info][gc,phases   ] GC(58) Concurrent Select Relocation Set 4.272ms
[26.949s][info][gc,phases   ] GC(58) Pause Relocate Start 0.005ms
[26.950s][info][gc,phases   ] GC(58) Concurrent Relocate 0.518ms
[26.950s][info][gc,load     ] GC(58) Load: 1.53/1.41/1.60
[26.950s][info][gc,mmu      ] GC(58) MMU: 2ms/93.3%, 5ms/97.3%, 10ms/98.3%, 20ms/99.2%, 50ms/99.7%, 100ms/99.8%
[26.950s][info][gc,marking  ] GC(58) Mark: 2 stripe(s), 1 proactive flush(es), 1 terminate flush(es), 0 completion(s), 0 continuation(s) 
[26.950s][info][gc,marking  ] GC(58) Mark Stack Usage: 32M
[26.950s][info][gc,nmethod  ] GC(58) NMethods: 189 registered, 5 unregistered
[26.950s][info][gc,metaspace] GC(58) Metaspace: 0M used, 0M committed, 1088M reserved
[26.950s][info][gc,ref      ] GC(58) Soft: 2 encountered, 0 discovered, 0 enqueued
[26.950s][info][gc,ref      ] GC(58) Weak: 9 encountered, 0 discovered, 0 enqueued
[26.950s][info][gc,ref      ] GC(58) Final: 0 encountered, 0 discovered, 0 enqueued
[26.950s][info][gc,ref      ] GC(58) Phantom: 3 encountered, 1 discovered, 0 enqueued
[26.950s][info][gc,reloc    ] GC(58) Small Pages: 4 / 8M, Empty: 0M, Relocated: 0M, In-Place: 0
[26.950s][info][gc,reloc    ] GC(58) Medium Pages: 0 / 0M, Empty: 0M, Relocated: 0M, In-Place: 0
[26.950s][info][gc,reloc    ] GC(58) Large Pages: 0 / 0M, Empty: 0M, Relocated: 0M, In-Place: 0
[26.950s][info][gc,reloc    ] GC(58) Forwarding Usage: 0M
[26.950s][info][gc,heap     ] GC(58) Min Capacity: 8192M(100%)
[26.950s][info][gc,heap     ] GC(58) Max Capacity: 8192M(100%)
[26.950s][info][gc,heap     ] GC(58) Soft Max Capacity: 8192M(100%)
[26.950s][info][gc,heap     ] GC(58)                Mark Start          Mark End        Relocate Start      Relocate End           High               Low         
[26.950s][info][gc,heap     ] GC(58)  Capacity:     8192M (100%)       8192M (100%)       8192M (100%)       8192M (100%)       8192M (100%)       8192M (100%)   
[26.950s][info][gc,heap     ] GC(58)      Free:     8184M (100%)       8184M (100%)       8184M (100%)       8186M (100%)       8186M (100%)       8178M (100%)   
[26.950s][info][gc,heap     ] GC(58)      Used:        8M (0%)            8M (0%)            8M (0%)            6M (0%)           14M (0%)            6M (0%)     
[26.950s][info][gc,heap     ] GC(58)      Live:         -                 0M (0%)            0M (0%)            0M (0%)             -                  -          
[26.950s][info][gc,heap     ] GC(58) Allocated:         -                 0M (0%)            0M (0%)            0M (0%)             -                  -          
[26.950s][info][gc,heap     ] GC(58)   Garbage:         -                 7M (0%)            7M (0%)            5M (0%)             -                  -          
[26.950s][info][gc,heap     ] GC(58) Reclaimed:         -                  -                 0M (0%)            2M (0%)             -                  -          
[26.950s][info][gc          ] GC(58) Garbage Collection (System.gc()) 8M(0%)->6M(0%)
[27.403s][info][gc,start    ] GC(59) Garbage Collection (System.gc())
[27.403s][info][gc,task     ] GC(59) Using 3 workers
[27.403s][info][gc,phases   ] GC(59) Pause Mark Start 0.005ms
[27.405s][info][gc,phases   ] GC(59) Concurrent Mark 2.237ms
[27.405s][info][gc,phases   ] GC(59) Pause Mark End 0.015ms
[27.405s][info][gc,phases   ] GC(59) Concurrent Mark Free 0.002ms
[27.406s][info][gc,phases   ] GC(59) Concurrent Process Non-Strong References 0.783ms
[27.406s][info][gc,phases   ] GC(59) Concurrent Reset Relocation Set 0.001ms
[27.410s][info][gc,phases   ] GC(59) Concurrent Select Relocation Set 4.036ms
[27.410s][info][gc,phases   ] GC(59) Pause Relocate Start 0.009ms
[27.411s][info][gc,phases   ] GC(59) Concurrent Relocate 0.514ms
[27.411s][info][gc,load     ] GC(59) Load: 1.53/1.41/1.60
[27.411s][info][gc,mmu      ] GC(59) MMU: 2ms/93.3%, 5ms/97.3%, 10ms/98.3%, 20ms/99.2%, 50ms/99.7%, 100ms/99.8%
[27.411s][info][gc,marking  ] GC(59) Mark: 2 stripe(s), 1 proactive flush(es), 1 terminate flush(es), 0 completion(s), 0 continuation(s) 
[27.411s][info][gc,marking  ] GC(59) Mark Stack Usage: 32M
[27.411s][info][gc,nmethod  ] GC(59) NMethods: 189 registered, 5 unregistered
[27.411s][info][gc,metaspace] GC(59) Metaspace: 0M used, 0M committed, 1088M reserved
[27.411s][info][gc,ref      ] GC(59) Soft: 2 encountered, 0 discovered, 0 enqueued
[27.411s][info][gc,ref      ] GC(59) Weak: 9 encountered, 0 discovered, 0 enqueued
[27.411s][info][gc,ref      ] GC(59) Final: 0 encountered, 0 discovered, 0 enqueued
[27.411s][info][gc,ref      ] GC(59) Phantom: 3 encountered, 2 discovered, 0 enqueued
[27.411s][info][gc,reloc    ] GC(59) Small Pages: 4 / 8M, Empty: 0M, Relocated: 0M, In-Place: 0
[27.411s][info][gc,reloc    ] GC(59) Medium Pages: 0 / 0M, Empty: 0M, Relocated: 0M, In-Place: 0
[27.411s][info][gc,reloc    ] GC(59) Large Pages: 0 / 0M, Empty: 0M, Relocated: 0M, In-Place: 0
[27.411s][info][gc,reloc    ] GC(59) Forwarding Usage: 0M
[27.411s][info][gc,heap     ] GC(59) Min Capacity: 8192M(100%)
[27.411s][info][gc,heap     ] GC(59) Max Capacity: 8192M(100%)
[27.411s][info][gc,heap     ] GC(59) Soft Max Capacity: 8192M(100%)
[27.411s][info][gc,heap     ] GC(59)                Mark Start          Mark End        Relocate Start      Relocate End           High               Low         
[27.411s][info][gc,heap     ] GC(59)  Capacity:     8192M (100%)       8192M (100%)       8192M (100%)       8192M (100%)       8192M (100%)       8192M (100%)   
[27.411s][info][gc,heap     ] GC(59)      Free:     8184M (100%)       8184M (100%)       8184M (100%)       8186M (100%)       8186M (100%)       8178M (100%)   
[27.411s][info][gc,heap     ] GC(59)      Used:        8M (0%)            8M (0%)            8M (0%)            6M (0%)           14M (0%)            6M (0%)     
[27.411s][info][gc,heap     ] GC(59)      Live:         -                 0M (0%)            0M (0%)            0M (0%)             -                  -          
[27.411s][info][gc,heap     ] GC(59) Allocated:         -                 0M (0%)            0M (0%)            0M (0%)             -                  -          
[27.411s][info][gc,heap     ] GC(59)   Garbage:         -                 7M (0%)            7M (0%)            5M (0%)             -                  -          
[27.411s][info][gc,heap     ] GC(59) Reclaimed:         -                  -                 0M (0%)            2M (0%)             -                  -          
[27.411s][info][gc          ] GC(59) Garbage Collection (System.gc()) 8M(0%)->6M(0%)
[27.866s][info][gc,start    ] GC(60) Garbage Collection (System.gc())
[27.866s][info][gc,task     ] GC(60) Using 3 workers
[27.866s][info][gc,phases   ] GC(60) Pause Mark Start 0.006ms
[27.868s][info][gc,phases   ] GC(60) Concurrent Mark 2.400ms
[27.868s][info][gc,phases   ] GC(60) Pause Mark End 0.015ms
[27.868s][info][gc,phases   ] GC(60) Concurrent Mark Free 0.000ms
[27.869s][info][gc,phases   ] GC(60) Concurrent Process Non-Strong References 1.115ms
[27.869s][info][gc,phases   ] GC(60) Concurrent Reset Relocation Set 0.001ms
[27.873s][info][gc,phases   ] GC(60) Concurrent Select Relocation Set 3.910ms
[27.873s][info][gc,phases   ] GC(60) Pause Relocate Start 0.005ms
[27.874s][info][gc,phases   ] GC(60) Concurrent Relocate 0.536ms
[27.874s][info][gc,load     ] GC(60) Load: 1.53/1.41/1.60
[27.874s][info][gc,mmu      ] GC(60) MMU: 2ms/93.3%, 5ms/97.3%, 10ms/98.3%, 20ms/99.2%, 50ms/99.7%, 100ms/99.8%
[27.874s][info][gc,marking  ] GC(60) Mark: 2 stripe(s), 1 proactive flush(es), 1 terminate flush(es), 0 completion(s), 0 continuation(s) 
[27.874s][info][gc,marking  ] GC(60) Mark Stack Usage: 32M
[27.874s][info][gc,nmethod  ] GC(60) NMethods: 189 registered, 5 unregistered
[27.874s][info][gc,metaspace] GC(60) Metaspace: 0M used, 0M committed, 1088M reserved
[27.874s][info][gc,ref      ] GC(60) Soft: 2 encountered, 0 discovered, 0 enqueued
[27.874s][info][gc,ref      ] GC(60) Weak: 9 encountered, 0 discovered, 0 enqueued
[27.874s][info][gc,ref      ] GC(60) Final: 0 encountered, 0 discovered, 0 enqueued
[27.874s][info][gc,ref      ] GC(60) Phantom: 3 encountered, 2 discovered, 0 enqueued
[27.874s][info][gc,reloc    ] GC(60) Small Pages: 4 / 8M, Empty: 0M, Relocated: 0M, In-Place: 0
[27.874s][info][gc,reloc    ] GC(60) Medium Pages: 0 / 0M, Empty: 0M, Relocated: 0M, In-Place: 0
[27.874s][info][gc,reloc    ] GC(60) Large Pages: 0 / 0M, Empty: 0M, Relocated: 0M, In-Place: 0
[27.874s][info][gc,reloc    ] GC(60) Forwarding Usage: 0M
[27.874s][info][gc,heap     ] GC(60) Min Capacity: 8192M(100%)
[27.874s][info][gc,heap     ] GC(60) Max Capacity: 8192M(100%)
[27.874s][info][gc,heap     ] GC(60) Soft Max Capacity: 8192M(100%)
[27.874s][info][gc,heap     ] GC(60)                Mark Start          Mark End        Relocate Start      Relocate End           High               Low         
[27.874s][info][gc,heap     ] GC(60)  Capacity:     8192M (100%)       8192M (100%)       8192M (100%)       8192M (100%)       8192M (100%)       8192M (100%)   
[27.874s][info][gc,heap     ] GC(60)      Free:     8184M (100%)       8184M (100%)       8184M (100%)       8186M (100%)       8186M (100%)       8178M (100%)   
[27.874s][info][gc,heap     ] GC(60)      Used:        8M (0%)            8M (0%)            8M (0%)            6M (0%)           14M (0%)            6M (0%)     
[27.874s][info][gc,heap     ] GC(60)      Live:         -                 0M (0%)            0M (0%)            0M (0%)             -                  -          
[27.874s][info][gc,heap     ] GC(60) Allocated:         -                 0M (0%)            0M (0%)            0M (0%)             -                  -          
[27.874s][info][gc,heap     ] GC(60)   Garbage:         -                 7M (0%)            7M (0%)            5M (0%)             -                  -          
[27.874s][info][gc,heap     ] GC(60) Reclaimed:         -                  -                 0M (0%)            2M (0%)             -                  -          
[27.874s][info][gc          ] GC(60) Garbage Collection (System.gc()) 8M(0%)->6M(0%)
[28.331s][info][gc,start    ] GC(61) Garbage Collection (System.gc())
[28.331s][info][gc,task     ] GC(61) Using 3 workers
[28.331s][info][gc,phases   ] GC(61) Pause Mark Start 0.010ms
[28.333s][info][gc,phases   ] GC(61) Concurrent Mark 1.921ms
[28.333s][info][gc,phases   ] GC(61) Pause Mark End 0.007ms
[28.333s][info][gc,phases   ] GC(61) Concurrent Mark Free 0.000ms
[28.334s][info][gc,phases   ] GC(61) Concurrent Process Non-Strong References 0.555ms
[28.334s][info][gc,phases   ] GC(61) Concurrent Reset Relocation Set 0.001ms
[28.337s][info][gc,phases   ] GC(61) Concurrent Select Relocation Set 3.110ms
[28.337s][info][gc,phases   ] GC(61) Pause Relocate Start 0.006ms
[28.337s][info][gc,phases   ] GC(61) Concurrent Relocate 0.447ms
[28.337s][info][gc,load     ] GC(61) Load: 1.53/1.41/1.60
[28.337s][info][gc,mmu      ] GC(61) MMU: 2ms/93.3%, 5ms/97.3%, 10ms/98.3%, 20ms/99.2%, 50ms/99.7%, 100ms/99.8%
[28.337s][info][gc,marking  ] GC(61) Mark: 2 stripe(s), 1 proactive flush(es), 1 terminate flush(es), 0 completion(s), 0 continuation(s) 
[28.337s][info][gc,marking  ] GC(61) Mark Stack Usage: 32M
[28.337s][info][gc,nmethod  ] GC(61) NMethods: 189 registered, 5 unregistered
[28.337s][info][gc,metaspace] GC(61) Metaspace: 0M used, 0M committed, 1088M reserved
[28.337s][info][gc,ref      ] GC(61) Soft: 2 encountered, 0 discovered, 0 enqueued
[28.337s][info][gc,ref      ] GC(61) Weak: 9 encountered, 0 discovered, 0 enqueued
[28.337s][info][gc,ref      ] GC(61) Final: 0 encountered, 0 discovered, 0 enqueued
[28.337s][info][gc,ref      ] GC(61) Phantom: 3 encountered, 2 discovered, 0 enqueued
[28.337s][info][gc,reloc    ] GC(61) Small Pages: 4 / 8M, Empty: 0M, Relocated: 0M, In-Place: 0
[28.337s][info][gc,reloc    ] GC(61) Medium Pages: 0 / 0M, Empty: 0M, Relocated: 0M, In-Place: 0
[28.337s][info][gc,reloc    ] GC(61) Large Pages: 0 / 0M, Empty: 0M, Relocated: 0M, In-Place: 0
[28.337s][info][gc,reloc    ] GC(61) Forwarding Usage: 0M
[28.337s][info][gc,heap     ] GC(61) Min Capacity: 8192M(100%)
[28.337s][info][gc,heap     ] GC(61) Max Capacity: 8192M(100%)
[28.337s][info][gc,heap     ] GC(61) Soft Max Capacity: 8192M(100%)
[28.337s][info][gc,heap     ] GC(61)                Mark Start          Mark End        Relocate Start      Relocate End           High               Low         
[28.337s][info][gc,heap     ] GC(61)  Capacity:     8192M (100%)       8192M (100%)       8192M (100%)       8192M (100%)       8192M (100%)       8192M (100%)   
[28.337s][info][gc,heap     ] GC(61)      Free:     8184M (100%)       8184M (100%)       8184M (100%)       8186M (100%)       8186M (100%)       8178M (100%)   
[28.338s][info][gc,heap     ] GC(61)      Used:        8M (0%)            8M (0%)            8M (0%)            6M (0%)           14M (0%)            6M (0%)     
[28.338s][info][gc,heap     ] GC(61)      Live:         -                 0M (0%)            0M (0%)            0M (0%)             -                  -          
[28.338s][info][gc,heap     ] GC(61) Allocated:         -                 0M (0%)            0M (0%)            0M (0%)             -                  -          
[28.338s][info][gc,heap     ] GC(61)   Garbage:         -                 7M (0%)            7M (0%)            5M (0%)             -                  -          
[28.338s][info][gc,heap     ] GC(61) Reclaimed:         -                  -                 0M (0%)            2M (0%)             -                  -          
[28.338s][info][gc          ] GC(61) Garbage Collection (System.gc()) 8M(0%)->6M(0%)
[28.794s][info][gc,start    ] GC(62) Garbage Collection (System.gc())
[28.794s][info][gc,task     ] GC(62) Using 3 workers
[28.794s][info][gc,phases   ] GC(62) Pause Mark Start 0.010ms
[28.796s][info][gc,phases   ] GC(62) Concurrent Mark 2.267ms
[28.796s][info][gc,phases   ] GC(62) Pause Mark End 0.011ms
[28.796s][info][gc,phases   ] GC(62) Concurrent Mark Free 0.000ms
[28.797s][info][gc,phases   ] GC(62) Concurrent Process Non-Strong References 0.284ms
[28.797s][info][gc,phases   ] GC(62) Concurrent Reset Relocation Set 0.002ms
[28.800s][info][gc,phases   ] GC(62) Concurrent Select Relocation Set 3.824ms
[28.800s][info][gc,phases   ] GC(62) Pause Relocate Start 0.005ms
[28.801s][info][gc,phases   ] GC(62) Concurrent Relocate 0.507ms
[28.801s][info][gc,load     ] GC(62) Load: 1.53/1.41/1.60
[28.801s][info][gc,mmu      ] GC(62) MMU: 2ms/93.3%, 5ms/97.3%, 10ms/98.3%, 20ms/99.2%, 50ms/99.7%, 100ms/99.8%
[28.801s][info][gc,marking  ] GC(62) Mark: 2 stripe(s), 1 proactive flush(es), 1 terminate flush(es), 0 completion(s), 0 continuation(s) 
[28.801s][info][gc,marking  ] GC(62) Mark Stack Usage: 32M
[28.801s][info][gc,nmethod  ] GC(62) NMethods: 189 registered, 6 unregistered
[28.801s][info][gc,metaspace] GC(62) Metaspace: 0M used, 0M committed, 1088M reserved
[28.801s][info][gc,ref      ] GC(62) Soft: 2 encountered, 0 discovered, 0 enqueued
[28.801s][info][gc,ref      ] GC(62) Weak: 9 encountered, 0 discovered, 0 enqueued
[28.801s][info][gc,ref      ] GC(62) Final: 0 encountered, 0 discovered, 0 enqueued
[28.801s][info][gc,ref      ] GC(62) Phantom: 3 encountered, 2 discovered, 0 enqueued
[28.801s][info][gc,reloc    ] GC(62) Small Pages: 4 / 8M, Empty: 0M, Relocated: 0M, In-Place: 0
[28.801s][info][gc,reloc    ] GC(62) Medium Pages: 0 / 0M, Empty: 0M, Relocated: 0M, In-Place: 0
[28.801s][info][gc,reloc    ] GC(62) Large Pages: 0 / 0M, Empty: 0M, Relocated: 0M, In-Place: 0
[28.801s][info][gc,reloc    ] GC(62) Forwarding Usage: 0M
[28.801s][info][gc,heap     ] GC(62) Min Capacity: 8192M(100%)
[28.801s][info][gc,heap     ] GC(62) Max Capacity: 8192M(100%)
[28.801s][info][gc,heap     ] GC(62) Soft Max Capacity: 8192M(100%)
[28.801s][info][gc,heap     ] GC(62)                Mark Start          Mark End        Relocate Start      Relocate End           High               Low         
[28.801s][info][gc,heap     ] GC(62)  Capacity:     8192M (100%)       8192M (100%)       8192M (100%)       8192M (100%)       8192M (100%)       8192M (100%)   
[28.801s][info][gc,heap     ] GC(62)      Free:     8184M (100%)       8184M (100%)       8184M (100%)       8186M (100%)       8186M (100%)       8178M (100%)   
[28.801s][info][gc,heap     ] GC(62)      Used:        8M (0%)            8M (0%)            8M (0%)            6M (0%)           14M (0%)            6M (0%)     
[28.801s][info][gc,heap     ] GC(62)      Live:         -                 0M (0%)            0M (0%)            0M (0%)             -                  -          
[28.801s][info][gc,heap     ] GC(62) Allocated:         -                 0M (0%)            0M (0%)            0M (0%)             -                  -          
[28.801s][info][gc,heap     ] GC(62)   Garbage:         -                 7M (0%)            7M (0%)            5M (0%)             -                  -          
[28.801s][info][gc,heap     ] GC(62) Reclaimed:         -                  -                 0M (0%)            2M (0%)             -                  -          
[28.801s][info][gc          ] GC(62) Garbage Collection (System.gc()) 8M(0%)->6M(0%)
[29.257s][info][gc,start    ] GC(63) Garbage Collection (System.gc())
[29.257s][info][gc,task     ] GC(63) Using 3 workers
[29.257s][info][gc,phases   ] GC(63) Pause Mark Start 0.008ms
[29.260s][info][gc,phases   ] GC(63) Concurrent Mark 2.545ms
[29.260s][info][gc,phases   ] GC(63) Pause Mark End 0.024ms
[29.260s][info][gc,phases   ] GC(63) Concurrent Mark Free 0.000ms
[29.260s][info][gc,phases   ] GC(63) Concurrent Process Non-Strong References 0.251ms
[29.260s][info][gc,phases   ] GC(63) Concurrent Reset Relocation Set 0.001ms
[29.264s][info][gc,phases   ] GC(63) Concurrent Select Relocation Set 4.081ms
[29.264s][info][gc,phases   ] GC(63) Pause Relocate Start 0.006ms
[29.265s][info][gc,phases   ] GC(63) Concurrent Relocate 0.549ms
[29.265s][info][gc,load     ] GC(63) Load: 1.53/1.41/1.60
[29.265s][info][gc,mmu      ] GC(63) MMU: 2ms/93.3%, 5ms/97.3%, 10ms/98.3%, 20ms/99.2%, 50ms/99.7%, 100ms/99.8%
[29.265s][info][gc,marking  ] GC(63) Mark: 2 stripe(s), 2 proactive flush(es), 1 terminate flush(es), 0 completion(s), 0 continuation(s) 
[29.265s][info][gc,marking  ] GC(63) Mark Stack Usage: 32M
[29.265s][info][gc,nmethod  ] GC(63) NMethods: 196 registered, 6 unregistered
[29.265s][info][gc,metaspace] GC(63) Metaspace: 0M used, 0M committed, 1088M reserved
[29.265s][info][gc,ref      ] GC(63) Soft: 2 encountered, 0 discovered, 0 enqueued
[29.265s][info][gc,ref      ] GC(63) Weak: 9 encountered, 0 discovered, 0 enqueued
[29.265s][info][gc,ref      ] GC(63) Final: 0 encountered, 0 discovered, 0 enqueued
[29.265s][info][gc,ref      ] GC(63) Phantom: 3 encountered, 2 discovered, 0 enqueued
[29.265s][info][gc,reloc    ] GC(63) Small Pages: 4 / 8M, Empty: 0M, Relocated: 0M, In-Place: 0
[29.265s][info][gc,reloc    ] GC(63) Medium Pages: 0 / 0M, Empty: 0M, Relocated: 0M, In-Place: 0
[29.265s][info][gc,reloc    ] GC(63) Large Pages: 0 / 0M, Empty: 0M, Relocated: 0M, In-Place: 0
[29.265s][info][gc,reloc    ] GC(63) Forwarding Usage: 0M
[29.265s][info][gc,heap     ] GC(63) Min Capacity: 8192M(100%)
[29.265s][info][gc,heap     ] GC(63) Max Capacity: 8192M(100%)
[29.265s][info][gc,heap     ] GC(63) Soft Max Capacity: 8192M(100%)
[29.265s][info][gc,heap     ] GC(63)                Mark Start          Mark End        Relocate Start      Relocate End           High               Low         
[29.265s][info][gc,heap     ] GC(63)  Capacity:     8192M (100%)       8192M (100%)       8192M (100%)       8192M (100%)       8192M (100%)       8192M (100%)   
[29.265s][info][gc,heap     ] GC(63)      Free:     8184M (100%)       8184M (100%)       8184M (100%)       8186M (100%)       8186M (100%)       8178M (100%)   
[29.265s][info][gc,heap     ] GC(63)      Used:        8M (0%)            8M (0%)            8M (0%)            6M (0%)           14M (0%)            6M (0%)     
[29.265s][info][gc,heap     ] GC(63)      Live:         -                 0M (0%)            0M (0%)            0M (0%)             -                  -          
[29.265s][info][gc,heap     ] GC(63) Allocated:         -                 0M (0%)            0M (0%)            0M (0%)             -                  -          
[29.265s][info][gc,heap     ] GC(63)   Garbage:         -                 7M (0%)            7M (0%)            5M (0%)             -                  -          
[29.265s][info][gc,heap     ] GC(63) Reclaimed:         -                  -                 0M (0%)            2M (0%)             -                  -          
[29.265s][info][gc          ] GC(63) Garbage Collection (System.gc()) 8M(0%)->6M(0%)
[29.718s][info][gc,start    ] GC(64) Garbage Collection (System.gc())
[29.718s][info][gc,task     ] GC(64) Using 3 workers
[29.718s][info][gc,phases   ] GC(64) Pause Mark Start 0.009ms
[29.721s][info][gc,phases   ] GC(64) Concurrent Mark 2.351ms
[29.721s][info][gc,phases   ] GC(64) Pause Mark End 0.013ms
[29.721s][info][gc,phases   ] GC(64) Concurrent Mark Free 0.001ms
[29.721s][info][gc,phases   ] GC(64) Concurrent Process Non-Strong References 0.431ms
[29.721s][info][gc,phases   ] GC(64) Concurrent Reset Relocation Set 0.001ms
[29.725s][info][gc,phases   ] GC(64) Concurrent Select Relocation Set 4.118ms
[29.725s][info][gc,phases   ] GC(64) Pause Relocate Start 0.005ms
[29.726s][info][gc,phases   ] GC(64) Concurrent Relocate 0.594ms
[29.726s][info][gc,load     ] GC(64) Load: 1.53/1.41/1.60
[29.726s][info][gc,mmu      ] GC(64) MMU: 2ms/93.3%, 5ms/97.3%, 10ms/98.3%, 20ms/99.2%, 50ms/99.7%, 100ms/99.8%
[29.726s][info][gc,marking  ] GC(64) Mark: 2 stripe(s), 1 proactive flush(es), 1 terminate flush(es), 0 completion(s), 0 continuation(s) 
[29.726s][info][gc,marking  ] GC(64) Mark Stack Usage: 32M
[29.726s][info][gc,nmethod  ] GC(64) NMethods: 206 registered, 6 unregistered
[29.726s][info][gc,metaspace] GC(64) Metaspace: 0M used, 0M committed, 1088M reserved
[29.726s][info][gc,ref      ] GC(64) Soft: 2 encountered, 0 discovered, 0 enqueued
[29.726s][info][gc,ref      ] GC(64) Weak: 9 encountered, 0 discovered, 0 enqueued
[29.726s][info][gc,ref      ] GC(64) Final: 0 encountered, 0 discovered, 0 enqueued
[29.726s][info][gc,ref      ] GC(64) Phantom: 3 encountered, 2 discovered, 0 enqueued
[29.726s][info][gc,reloc    ] GC(64) Small Pages: 4 / 8M, Empty: 0M, Relocated: 0M, In-Place: 0
[29.726s][info][gc,reloc    ] GC(64) Medium Pages: 0 / 0M, Empty: 0M, Relocated: 0M, In-Place: 0
[29.726s][info][gc,reloc    ] GC(64) Large Pages: 0 / 0M, Empty: 0M, Relocated: 0M, In-Place: 0
[29.726s][info][gc,reloc    ] GC(64) Forwarding Usage: 0M
[29.726s][info][gc,heap     ] GC(64) Min Capacity: 8192M(100%)
[29.726s][info][gc,heap     ] GC(64) Max Capacity: 8192M(100%)
[29.726s][info][gc,heap     ] GC(64) Soft Max Capacity: 8192M(100%)
[29.726s][info][gc,heap     ] GC(64)                Mark Start          Mark End        Relocate Start      Relocate End           High               Low         
[29.726s][info][gc,heap     ] GC(64)  Capacity:     8192M (100%)       8192M (100%)       8192M (100%)       8192M (100%)       8192M (100%)       8192M (100%)   
[29.726s][info][gc,heap     ] GC(64)      Free:     8184M (100%)       8184M (100%)       8184M (100%)       8186M (100%)       8186M (100%)       8178M (100%)   
[29.726s][info][gc,heap     ] GC(64)      Used:        8M (0%)            8M (0%)            8M (0%)            6M (0%)           14M (0%)            6M (0%)     
[29.726s][info][gc,heap     ] GC(64)      Live:         -                 0M (0%)            0M (0%)            0M (0%)             -                  -          
[29.726s][info][gc,heap     ] GC(64) Allocated:         -                 0M (0%)            0M (0%)            0M (0%)             -                  -          
[29.726s][info][gc,heap     ] GC(64)   Garbage:         -                 7M (0%)            7M (0%)            5M (0%)             -                  -          
[29.726s][info][gc,heap     ] GC(64) Reclaimed:         -                  -                 0M (0%)            2M (0%)             -                  -          
[29.726s][info][gc          ] GC(64) Garbage Collection (System.gc()) 8M(0%)->6M(0%)
[30.018s][info][gc,stats    ] === Garbage Collection Statistics =======================================================================================================================
[30.018s][info][gc,stats    ]                                                              Last 10s              Last 10m              Last 10h                Total
[30.018s][info][gc,stats    ]                                                              Avg / Max             Avg / Max             Avg / Max             Avg / Max
[30.018s][info][gc,stats    ]   Collector: Garbage Collection Cycle                      8.290 / 12.108        8.507 / 12.108        8.507 / 12.108        8.507 / 12.108      ms
[30.018s][info][gc,stats    ]  Contention: Mark Segment Reset Contention                     1 / 4                 1 / 4                 1 / 4                 1 / 4           ops/s
[30.018s][info][gc,stats    ]  Contention: Mark SeqNum Reset Contention                      1 / 3                 1 / 3                 1 / 3                 1 / 3           ops/s
[30.018s][info][gc,stats    ]    Critical: Allocation Stall                                  0 / 0                 0 / 0                 0 / 0                 0 / 0           ops/s
[30.018s][info][gc,stats    ]    Critical: Allocation Stall                              0.000 / 0.000         0.000 / 0.000         0.000 / 0.000         0.000 / 0.000       ms
[30.018s][info][gc,stats    ]    Critical: GC Locker Stall                                   0 / 0                 0 / 0                 0 / 0                 0 / 0           ops/s
[30.018s][info][gc,stats    ]    Critical: GC Locker Stall                               0.000 / 0.000         0.000 / 0.000         0.000 / 0.000         0.000 / 0.000       ms
[30.018s][info][gc,stats    ]    Critical: Relocation Stall                                  0 / 0                 0 / 0                 0 / 0                 0 / 0           ops/s
[30.018s][info][gc,stats    ]    Critical: Relocation Stall                              0.000 / 0.000         0.000 / 0.000         0.000 / 0.000         0.000 / 0.000       ms
[30.018s][info][gc,stats    ]      Memory: Allocation Rate                                   4 / 6                 4 / 6                 4 / 6                 4 / 6           MB/s
[30.018s][info][gc,stats    ]      Memory: Defragment                                        0 / 0                 0 / 0                 0 / 0                 0 / 0           ops/s
[30.018s][info][gc,stats    ]      Memory: Out Of Memory                                     0 / 0                 0 / 0                 0 / 0                 0 / 0           ops/s
[30.018s][info][gc,stats    ]      Memory: Page Cache Flush                                  0 / 0                 0 / 0                 0 / 0                 0 / 0           MB/s
[30.018s][info][gc,stats    ]      Memory: Page Cache Hit L1                                 8 / 12                8 / 12                8 / 12                8 / 12          ops/s
[30.018s][info][gc,stats    ]      Memory: Page Cache Hit L2                                 0 / 0                 0 / 0                 0 / 0                 0 / 0           ops/s
[30.018s][info][gc,stats    ]      Memory: Page Cache Hit L3                                 0 / 0                 0 / 6                 0 / 6                 0 / 6           ops/s
[30.018s][info][gc,stats    ]      Memory: Page Cache Miss                                   0 / 0                 0 / 1                 0 / 1                 0 / 1           ops/s
[30.018s][info][gc,stats    ]      Memory: Uncommit                                          0 / 0                 0 / 0                 0 / 0                 0 / 0           MB/s
[30.018s][info][gc,stats    ]      Memory: Undo Object Allocation Failed                     0 / 0                 0 / 0                 0 / 0                 0 / 0           ops/s
[30.018s][info][gc,stats    ]      Memory: Undo Object Allocation Succeeded                  0 / 0                 0 / 0                 0 / 0                 0 / 0           ops/s
[30.018s][info][gc,stats    ]      Memory: Undo Page Allocation                              0 / 0                 0 / 0                 0 / 0                 0 / 0           ops/s
[30.018s][info][gc,stats    ]       Phase: Concurrent Mark                               2.373 / 3.655         2.396 / 3.964         2.396 / 3.964         2.396 / 3.964       ms
[30.018s][info][gc,stats    ]       Phase: Concurrent Mark Continue                      0.000 / 0.000         0.000 / 0.000         0.000 / 0.000         0.000 / 0.000       ms
[30.018s][info][gc,stats    ]       Phase: Concurrent Mark Free                          0.001 / 0.002         0.001 / 0.002         0.001 / 0.002         0.001 / 0.002       ms
[30.018s][info][gc,stats    ]       Phase: Concurrent Process Non-Strong References      0.576 / 1.589         0.720 / 1.589         0.720 / 1.589         0.720 / 1.589       ms
[30.018s][info][gc,stats    ]       Phase: Concurrent Relocate                           0.587 / 0.778         0.614 / 0.965         0.614 / 0.965         0.614 / 0.965       ms
[30.018s][info][gc,stats    ]       Phase: Concurrent Reset Relocation Set               0.002 / 0.004         0.002 / 0.005         0.002 / 0.005         0.002 / 0.005       ms
[30.018s][info][gc,stats    ]       Phase: Concurrent Select Relocation Set              4.149 / 5.097         4.177 / 6.275         4.177 / 6.275         4.177 / 6.275       ms
[30.018s][info][gc,stats    ]       Phase: Pause Mark End                                0.012 / 0.024         0.013 / 0.034         0.013 / 0.034         0.013 / 0.034       ms
[30.018s][info][gc,stats    ]       Phase: Pause Mark Start                              0.010 / 0.021         0.010 / 0.021         0.010 / 0.021         0.010 / 0.021       ms
[30.018s][info][gc,stats    ]       Phase: Pause Relocate Start                          0.013 / 0.134         0.010 / 0.134         0.010 / 0.134         0.010 / 0.134       ms
[30.018s][info][gc,stats    ]    Subphase: Concurrent Classes Purge                      0.023 / 0.111         0.031 / 0.287         0.031 / 0.287         0.031 / 0.287       ms
[30.018s][info][gc,stats    ]    Subphase: Concurrent Classes Unlink                     0.433 / 1.288         0.571 / 1.288         0.571 / 1.288         0.571 / 1.288       ms
[30.018s][info][gc,stats    ]    Subphase: Concurrent Mark                               1.636 / 3.022         1.625 / 3.062         1.625 / 3.062         1.625 / 3.062       ms
[30.018s][info][gc,stats    ]    Subphase: Concurrent Mark Try Flush                     0.039 / 0.129         0.031 / 0.129         0.031 / 0.129         0.031 / 0.129       ms
[30.018s][info][gc,stats    ]    Subphase: Concurrent Mark Try Terminate                 0.638 / 1.278         0.634 / 1.355         0.634 / 1.355         0.634 / 1.355       ms
[30.018s][info][gc,stats    ]    Subphase: Concurrent References Enqueue                 0.000 / 0.001         0.000 / 0.001         0.000 / 0.001         0.000 / 0.001       ms
[30.018s][info][gc,stats    ]    Subphase: Concurrent References Process                 0.026 / 0.047         0.023 / 0.053         0.023 / 0.053         0.023 / 0.053       ms
[30.018s][info][gc,stats    ]    Subphase: Concurrent Roots ClassLoaderDataGraph         0.061 / 0.364         0.083 / 0.761         0.083 / 0.761         0.083 / 0.761       ms
[30.018s][info][gc,stats    ]    Subphase: Concurrent Roots CodeCache                    0.000 / 0.000         0.000 / 0.000         0.000 / 0.000         0.000 / 0.000       ms
[30.019s][info][gc,stats    ]    Subphase: Concurrent Roots JavaThreads                  0.143 / 0.532         0.153 / 0.603         0.153 / 0.603         0.153 / 0.603       ms
[30.019s][info][gc,stats    ]    Subphase: Concurrent Roots OopStorageSet                0.009 / 0.022         0.012 / 0.307         0.012 / 0.307         0.012 / 0.307       ms
[30.019s][info][gc,stats    ]    Subphase: Concurrent Weak Roots OopStorageSet           0.032 / 0.105         0.034 / 0.156         0.034 / 0.156         0.034 / 0.156       ms
[30.019s][info][gc,stats    ]    Subphase: Pause Mark Try Complete                       0.000 / 0.000         0.000 / 0.000         0.000 / 0.000         0.000 / 0.000       ms
[30.019s][info][gc,stats    ]      System: Java Threads                                     10 / 10               10 / 10               10 / 10               10 / 10          threads
[30.019s][info][gc,stats    ] =========================================================================================================================================================
[30.182s][info][gc,start    ] GC(65) Garbage Collection (System.gc())
[30.182s][info][gc,task     ] GC(65) Using 3 workers
[30.182s][info][gc,phases   ] GC(65) Pause Mark Start 0.011ms
[30.184s][info][gc,phases   ] GC(65) Concurrent Mark 2.393ms
[30.184s][info][gc,phases   ] GC(65) Pause Mark End 0.011ms
[30.184s][info][gc,phases   ] GC(65) Concurrent Mark Free 0.000ms
[30.185s][info][gc,phases   ] GC(65) Concurrent Process Non-Strong References 0.844ms
[30.185s][info][gc,phases   ] GC(65) Concurrent Reset Relocation Set 0.002ms
[30.189s][info][gc,phases   ] GC(65) Concurrent Select Relocation Set 3.497ms
[30.189s][info][gc,phases   ] GC(65) Pause Relocate Start 0.006ms
[30.189s][info][gc,phases   ] GC(65) Concurrent Relocate 0.504ms
[30.189s][info][gc,load     ] GC(65) Load: 1.48/1.40/1.59
[30.189s][info][gc,mmu      ] GC(65) MMU: 2ms/93.3%, 5ms/97.3%, 10ms/98.3%, 20ms/99.2%, 50ms/99.7%, 100ms/99.8%
[30.189s][info][gc,marking  ] GC(65) Mark: 2 stripe(s), 1 proactive flush(es), 1 terminate flush(es), 0 completion(s), 0 continuation(s) 
[30.189s][info][gc,marking  ] GC(65) Mark Stack Usage: 32M
[30.189s][info][gc,nmethod  ] GC(65) NMethods: 206 registered, 6 unregistered
[30.189s][info][gc,metaspace] GC(65) Metaspace: 0M used, 0M committed, 1088M reserved
[30.189s][info][gc,ref      ] GC(65) Soft: 2 encountered, 0 discovered, 0 enqueued
[30.189s][info][gc,ref      ] GC(65) Weak: 9 encountered, 0 discovered, 0 enqueued
[30.189s][info][gc,ref      ] GC(65) Final: 0 encountered, 0 discovered, 0 enqueued
[30.189s][info][gc,ref      ] GC(65) Phantom: 3 encountered, 2 discovered, 0 enqueued
[30.189s][info][gc,reloc    ] GC(65) Small Pages: 4 / 8M, Empty: 0M, Relocated: 0M, In-Place: 0
[30.189s][info][gc,reloc    ] GC(65) Medium Pages: 0 / 0M, Empty: 0M, Relocated: 0M, In-Place: 0
[30.189s][info][gc,reloc    ] GC(65) Large Pages: 0 / 0M, Empty: 0M, Relocated: 0M, In-Place: 0
[30.189s][info][gc,reloc    ] GC(65) Forwarding Usage: 0M
[30.190s][info][gc,heap     ] GC(65) Min Capacity: 8192M(100%)
[30.190s][info][gc,heap     ] GC(65) Max Capacity: 8192M(100%)
[30.190s][info][gc,heap     ] GC(65) Soft Max Capacity: 8192M(100%)
[30.190s][info][gc,heap     ] GC(65)                Mark Start          Mark End        Relocate Start      Relocate End           High               Low         
[30.190s][info][gc,heap     ] GC(65)  Capacity:     8192M (100%)       8192M (100%)       8192M (100%)       8192M (100%)       8192M (100%)       8192M (100%)   
[30.190s][info][gc,heap     ] GC(65)      Free:     8184M (100%)       8184M (100%)       8184M (100%)       8186M (100%)       8186M (100%)       8178M (100%)   
[30.190s][info][gc,heap     ] GC(65)      Used:        8M (0%)            8M (0%)            8M (0%)            6M (0%)           14M (0%)            6M (0%)     
[30.190s][info][gc,heap     ] GC(65)      Live:         -                 0M (0%)            0M (0%)            0M (0%)             -                  -          
[30.190s][info][gc,heap     ] GC(65) Allocated:         -                 0M (0%)            0M (0%)            0M (0%)             -                  -          
[30.190s][info][gc,heap     ] GC(65)   Garbage:         -                 7M (0%)            7M (0%)            5M (0%)             -                  -          
[30.190s][info][gc,heap     ] GC(65) Reclaimed:         -                  -                 0M (0%)            2M (0%)             -                  -          
[30.190s][info][gc          ] GC(65) Garbage Collection (System.gc()) 8M(0%)->6M(0%)
[30.642s][info][gc,start    ] GC(66) Garbage Collection (System.gc())
[30.642s][info][gc,task     ] GC(66) Using 3 workers
[30.642s][info][gc,phases   ] GC(66) Pause Mark Start 0.007ms
[30.645s][info][gc,phases   ] GC(66) Concurrent Mark 2.240ms
[30.645s][info][gc,phases   ] GC(66) Pause Mark End 0.011ms
[30.645s][info][gc,phases   ] GC(66) Concurrent Mark Free 0.000ms
[30.648s][info][gc,phases   ] GC(66) Concurrent Process Non-Strong References 3.282ms
[30.648s][info][gc,phases   ] GC(66) Concurrent Reset Relocation Set 0.002ms
[30.652s][info][gc,phases   ] GC(66) Concurrent Select Relocation Set 3.749ms
[30.652s][info][gc,phases   ] GC(66) Pause Relocate Start 0.007ms
[30.652s][info][gc,phases   ] GC(66) Concurrent Relocate 0.532ms
[30.652s][info][gc,load     ] GC(66) Load: 1.48/1.40/1.59
[30.652s][info][gc,mmu      ] GC(66) MMU: 2ms/93.3%, 5ms/97.3%, 10ms/98.3%, 20ms/99.2%, 50ms/99.7%, 100ms/99.8%
[30.652s][info][gc,marking  ] GC(66) Mark: 2 stripe(s), 1 proactive flush(es), 1 terminate flush(es), 0 completion(s), 0 continuation(s) 
[30.652s][info][gc,marking  ] GC(66) Mark Stack Usage: 32M
[30.652s][info][gc,nmethod  ] GC(66) NMethods: 206 registered, 6 unregistered
[30.652s][info][gc,metaspace] GC(66) Metaspace: 0M used, 0M committed, 1088M reserved
[30.652s][info][gc,ref      ] GC(66) Soft: 2 encountered, 0 discovered, 0 enqueued
[30.652s][info][gc,ref      ] GC(66) Weak: 9 encountered, 0 discovered, 0 enqueued
[30.652s][info][gc,ref      ] GC(66) Final: 0 encountered, 0 discovered, 0 enqueued
[30.652s][info][gc,ref      ] GC(66) Phantom: 3 encountered, 2 discovered, 0 enqueued
[30.652s][info][gc,reloc    ] GC(66) Small Pages: 4 / 8M, Empty: 0M, Relocated: 0M, In-Place: 0
[30.652s][info][gc,reloc    ] GC(66) Medium Pages: 0 / 0M, Empty: 0M, Relocated: 0M, In-Place: 0
[30.652s][info][gc,reloc    ] GC(66) Large Pages: 0 / 0M, Empty: 0M, Relocated: 0M, In-Place: 0
[30.652s][info][gc,reloc    ] GC(66) Forwarding Usage: 0M
[30.653s][info][gc,heap     ] GC(66) Min Capacity: 8192M(100%)
[30.653s][info][gc,heap     ] GC(66) Max Capacity: 8192M(100%)
[30.653s][info][gc,heap     ] GC(66) Soft Max Capacity: 8192M(100%)
[30.653s][info][gc,heap     ] GC(66)                Mark Start          Mark End        Relocate Start      Relocate End           High               Low         
[30.653s][info][gc,heap     ] GC(66)  Capacity:     8192M (100%)       8192M (100%)       8192M (100%)       8192M (100%)       8192M (100%)       8192M (100%)   
[30.653s][info][gc,heap     ] GC(66)      Free:     8184M (100%)       8184M (100%)       8184M (100%)       8186M (100%)       8186M (100%)       8178M (100%)   
[30.653s][info][gc,heap     ] GC(66)      Used:        8M (0%)            8M (0%)            8M (0%)            6M (0%)           14M (0%)            6M (0%)     
[30.653s][info][gc,heap     ] GC(66)      Live:         -                 0M (0%)            0M (0%)            0M (0%)             -                  -          
[30.653s][info][gc,heap     ] GC(66) Allocated:         -                 0M (0%)            0M (0%)            0M (0%)             -                  -          
[30.653s][info][gc,heap     ] GC(66)   Garbage:         -                 7M (0%)            7M (0%)            5M (0%)             -                  -          
[30.653s][info][gc,heap     ] GC(66) Reclaimed:         -                  -                 0M (0%)            2M (0%)             -                  -          
[30.653s][info][gc          ] GC(66) Garbage Collection (System.gc()) 8M(0%)->6M(0%)
[31.107s][info][gc,start    ] GC(67) Garbage Collection (System.gc())
[31.107s][info][gc,task     ] GC(67) Using 3 workers
[31.107s][info][gc,phases   ] GC(67) Pause Mark Start 0.008ms
[31.110s][info][gc,phases   ] GC(67) Concurrent Mark 2.439ms
[31.110s][info][gc,phases   ] GC(67) Pause Mark End 0.014ms
[31.110s][info][gc,phases   ] GC(67) Concurrent Mark Free 0.001ms
[31.111s][info][gc,phases   ] GC(67) Concurrent Process Non-Strong References 1.107ms
[31.111s][info][gc,phases   ] GC(67) Concurrent Reset Relocation Set 0.001ms
[31.115s][info][gc,phases   ] GC(67) Concurrent Select Relocation Set 3.796ms
[31.115s][info][gc,phases   ] GC(67) Pause Relocate Start 0.006ms
[31.115s][info][gc,phases   ] GC(67) Concurrent Relocate 0.522ms
[31.116s][info][gc,load     ] GC(67) Load: 1.48/1.40/1.59
[31.116s][info][gc,mmu      ] GC(67) MMU: 2ms/93.3%, 5ms/97.3%, 10ms/98.3%, 20ms/99.2%, 50ms/99.7%, 100ms/99.8%
[31.116s][info][gc,marking  ] GC(67) Mark: 2 stripe(s), 2 proactive flush(es), 1 terminate flush(es), 0 completion(s), 0 continuation(s) 
[31.116s][info][gc,marking  ] GC(67) Mark Stack Usage: 32M
[31.116s][info][gc,nmethod  ] GC(67) NMethods: 207 registered, 6 unregistered
[31.116s][info][gc,metaspace] GC(67) Metaspace: 0M used, 0M committed, 1088M reserved
[31.116s][info][gc,ref      ] GC(67) Soft: 2 encountered, 0 discovered, 0 enqueued
[31.116s][info][gc,ref      ] GC(67) Weak: 9 encountered, 0 discovered, 0 enqueued
[31.116s][info][gc,ref      ] GC(67) Final: 0 encountered, 0 discovered, 0 enqueued
[31.116s][info][gc,ref      ] GC(67) Phantom: 3 encountered, 1 discovered, 0 enqueued
[31.116s][info][gc,reloc    ] GC(67) Small Pages: 4 / 8M, Empty: 0M, Relocated: 0M, In-Place: 0
[31.116s][info][gc,reloc    ] GC(67) Medium Pages: 0 / 0M, Empty: 0M, Relocated: 0M, In-Place: 0
[31.116s][info][gc,reloc    ] GC(67) Large Pages: 0 / 0M, Empty: 0M, Relocated: 0M, In-Place: 0
[31.116s][info][gc,reloc    ] GC(67) Forwarding Usage: 0M
[31.116s][info][gc,heap     ] GC(67) Min Capacity: 8192M(100%)
[31.116s][info][gc,heap     ] GC(67) Max Capacity: 8192M(100%)
[31.116s][info][gc,heap     ] GC(67) Soft Max Capacity: 8192M(100%)
[31.116s][info][gc,heap     ] GC(67)                Mark Start          Mark End        Relocate Start      Relocate End           High               Low         
[31.116s][info][gc,heap     ] GC(67)  Capacity:     8192M (100%)       8192M (100%)       8192M (100%)       8192M (100%)       8192M (100%)       8192M (100%)   
[31.116s][info][gc,heap     ] GC(67)      Free:     8184M (100%)       8184M (100%)       8184M (100%)       8186M (100%)       8186M (100%)       8180M (100%)   
[31.116s][info][gc,heap     ] GC(67)      Used:        8M (0%)            8M (0%)            8M (0%)            6M (0%)           12M (0%)            6M (0%)     
[31.116s][info][gc,heap     ] GC(67)      Live:         -                 0M (0%)            0M (0%)            0M (0%)             -                  -          
[31.116s][info][gc,heap     ] GC(67) Allocated:         -                 0M (0%)            0M (0%)            0M (0%)             -                  -          
[31.116s][info][gc,heap     ] GC(67)   Garbage:         -                 7M (0%)            7M (0%)            5M (0%)             -                  -          
[31.116s][info][gc,heap     ] GC(67) Reclaimed:         -                  -                 0M (0%)            2M (0%)             -                  -          
[31.116s][info][gc          ] GC(67) Garbage Collection (System.gc()) 8M(0%)->6M(0%)
[31.568s][info][gc,start    ] GC(68) Garbage Collection (System.gc())
[31.568s][info][gc,task     ] GC(68) Using 3 workers
[31.568s][info][gc,phases   ] GC(68) Pause Mark Start 0.007ms
[31.571s][info][gc,phases   ] GC(68) Concurrent Mark 2.437ms
[31.571s][info][gc,phases   ] GC(68) Pause Mark End 0.012ms
[31.571s][info][gc,phases   ] GC(68) Concurrent Mark Free 0.001ms
[31.572s][info][gc,phases   ] GC(68) Concurrent Process Non-Strong References 1.004ms
[31.572s][info][gc,phases   ] GC(68) Concurrent Reset Relocation Set 0.001ms
[31.576s][info][gc,phases   ] GC(68) Concurrent Select Relocation Set 4.214ms
[31.576s][info][gc,phases   ] GC(68) Pause Relocate Start 0.007ms
[31.577s][info][gc,phases   ] GC(68) Concurrent Relocate 0.508ms
[31.577s][info][gc,load     ] GC(68) Load: 1.48/1.40/1.59
[31.577s][info][gc,mmu      ] GC(68) MMU: 2ms/93.3%, 5ms/97.3%, 10ms/98.3%, 20ms/99.2%, 50ms/99.7%, 100ms/99.8%
[31.577s][info][gc,marking  ] GC(68) Mark: 2 stripe(s), 1 proactive flush(es), 1 terminate flush(es), 0 completion(s), 0 continuation(s) 
[31.577s][info][gc,marking  ] GC(68) Mark Stack Usage: 32M
[31.577s][info][gc,nmethod  ] GC(68) NMethods: 207 registered, 6 unregistered
[31.577s][info][gc,metaspace] GC(68) Metaspace: 0M used, 0M committed, 1088M reserved
[31.577s][info][gc,ref      ] GC(68) Soft: 2 encountered, 0 discovered, 0 enqueued
[31.577s][info][gc,ref      ] GC(68) Weak: 9 encountered, 1 discovered, 0 enqueued
[31.577s][info][gc,ref      ] GC(68) Final: 0 encountered, 0 discovered, 0 enqueued
[31.577s][info][gc,ref      ] GC(68) Phantom: 3 encountered, 1 discovered, 0 enqueued
[31.577s][info][gc,reloc    ] GC(68) Small Pages: 4 / 8M, Empty: 0M, Relocated: 0M, In-Place: 0
[31.577s][info][gc,reloc    ] GC(68) Medium Pages: 0 / 0M, Empty: 0M, Relocated: 0M, In-Place: 0
[31.577s][info][gc,reloc    ] GC(68) Large Pages: 0 / 0M, Empty: 0M, Relocated: 0M, In-Place: 0
[31.577s][info][gc,reloc    ] GC(68) Forwarding Usage: 0M
[31.577s][info][gc,heap     ] GC(68) Min Capacity: 8192M(100%)
[31.577s][info][gc,heap     ] GC(68) Max Capacity: 8192M(100%)
[31.577s][info][gc,heap     ] GC(68) Soft Max Capacity: 8192M(100%)
[31.577s][info][gc,heap     ] GC(68)                Mark Start          Mark End        Relocate Start      Relocate End           High               Low         
[31.577s][info][gc,heap     ] GC(68)  Capacity:     8192M (100%)       8192M (100%)       8192M (100%)       8192M (100%)       8192M (100%)       8192M (100%)   
[31.577s][info][gc,heap     ] GC(68)      Free:     8184M (100%)       8184M (100%)       8184M (100%)       8186M (100%)       8186M (100%)       8178M (100%)   
[31.577s][info][gc,heap     ] GC(68)      Used:        8M (0%)            8M (0%)            8M (0%)            6M (0%)           14M (0%)            6M (0%)     
[31.577s][info][gc,heap     ] GC(68)      Live:         -                 0M (0%)            0M (0%)            0M (0%)             -                  -          
[31.577s][info][gc,heap     ] GC(68) Allocated:         -                 0M (0%)            0M (0%)            0M (0%)             -                  -          
[31.577s][info][gc,heap     ] GC(68)   Garbage:         -                 7M (0%)            7M (0%)            5M (0%)             -                  -          
[31.577s][info][gc,heap     ] GC(68) Reclaimed:         -                  -                 0M (0%)            2M (0%)             -                  -          
[31.577s][info][gc          ] GC(68) Garbage Collection (System.gc()) 8M(0%)->6M(0%)
[32.033s][info][gc,start    ] GC(69) Garbage Collection (System.gc())
[32.033s][info][gc,task     ] GC(69) Using 3 workers
[32.033s][info][gc,phases   ] GC(69) Pause Mark Start 0.005ms
[32.035s][info][gc,phases   ] GC(69) Concurrent Mark 2.236ms
[32.035s][info][gc,phases   ] GC(69) Pause Mark End 0.015ms
[32.035s][info][gc,phases   ] GC(69) Concurrent Mark Free 0.001ms
[32.037s][info][gc,phases   ] GC(69) Concurrent Process Non-Strong References 1.103ms
[32.037s][info][gc,phases   ] GC(69) Concurrent Reset Relocation Set 0.002ms
[32.041s][info][gc,phases   ] GC(69) Concurrent Select Relocation Set 4.216ms
[32.041s][info][gc,phases   ] GC(69) Pause Relocate Start 0.008ms
[32.041s][info][gc,phases   ] GC(69) Concurrent Relocate 0.552ms
[32.042s][info][gc,load     ] GC(69) Load: 1.48/1.40/1.59
[32.042s][info][gc,mmu      ] GC(69) MMU: 2ms/93.3%, 5ms/97.3%, 10ms/98.3%, 20ms/99.2%, 50ms/99.7%, 100ms/99.8%
[32.042s][info][gc,marking  ] GC(69) Mark: 2 stripe(s), 1 proactive flush(es), 1 terminate flush(es), 0 completion(s), 0 continuation(s) 
[32.042s][info][gc,marking  ] GC(69) Mark Stack Usage: 32M
[32.042s][info][gc,nmethod  ] GC(69) NMethods: 207 registered, 6 unregistered
[32.042s][info][gc,metaspace] GC(69) Metaspace: 0M used, 0M committed, 1088M reserved
[32.042s][info][gc,ref      ] GC(69) Soft: 2 encountered, 0 discovered, 0 enqueued
[32.042s][info][gc,ref      ] GC(69) Weak: 9 encountered, 0 discovered, 0 enqueued
[32.042s][info][gc,ref      ] GC(69) Final: 0 encountered, 0 discovered, 0 enqueued
[32.042s][info][gc,ref      ] GC(69) Phantom: 3 encountered, 2 discovered, 0 enqueued
[32.042s][info][gc,reloc    ] GC(69) Small Pages: 4 / 8M, Empty: 0M, Relocated: 0M, In-Place: 0
[32.042s][info][gc,reloc    ] GC(69) Medium Pages: 0 / 0M, Empty: 0M, Relocated: 0M, In-Place: 0
[32.042s][info][gc,reloc    ] GC(69) Large Pages: 0 / 0M, Empty: 0M, Relocated: 0M, In-Place: 0
[32.042s][info][gc,reloc    ] GC(69) Forwarding Usage: 0M
[32.042s][info][gc,heap     ] GC(69) Min Capacity: 8192M(100%)
[32.042s][info][gc,heap     ] GC(69) Max Capacity: 8192M(100%)
[32.042s][info][gc,heap     ] GC(69) Soft Max Capacity: 8192M(100%)
[32.042s][info][gc,heap     ] GC(69)                Mark Start          Mark End        Relocate Start      Relocate End           High               Low         
[32.042s][info][gc,heap     ] GC(69)  Capacity:     8192M (100%)       8192M (100%)       8192M (100%)       8192M (100%)       8192M (100%)       8192M (100%)   
[32.042s][info][gc,heap     ] GC(69)      Free:     8184M (100%)       8184M (100%)       8184M (100%)       8186M (100%)       8186M (100%)       8178M (100%)   
[32.042s][info][gc,heap     ] GC(69)      Used:        8M (0%)            8M (0%)            8M (0%)            6M (0%)           14M (0%)            6M (0%)     
[32.042s][info][gc,heap     ] GC(69)      Live:         -                 0M (0%)            0M (0%)            0M (0%)             -                  -          
[32.042s][info][gc,heap     ] GC(69) Allocated:         -                 0M (0%)            0M (0%)            0M (0%)             -                  -          
[32.042s][info][gc,heap     ] GC(69)   Garbage:         -                 7M (0%)            7M (0%)            5M (0%)             -                  -          
[32.042s][info][gc,heap     ] GC(69) Reclaimed:         -                  -                 0M (0%)            2M (0%)             -                  -          
[32.042s][info][gc          ] GC(69) Garbage Collection (System.gc()) 8M(0%)->6M(0%)
[32.496s][info][gc,start    ] GC(70) Garbage Collection (System.gc())
[32.496s][info][gc,task     ] GC(70) Using 3 workers
[32.496s][info][gc,phases   ] GC(70) Pause Mark Start 0.006ms
[32.498s][info][gc,phases   ] GC(70) Concurrent Mark 2.417ms
[32.498s][info][gc,phases   ] GC(70) Pause Mark End 0.020ms
[32.498s][info][gc,phases   ] GC(70) Concurrent Mark Free 0.000ms
[32.499s][info][gc,phases   ] GC(70) Concurrent Process Non-Strong References 0.403ms
[32.499s][info][gc,phases   ] GC(70) Concurrent Reset Relocation Set 0.001ms
[32.503s][info][gc,phases   ] GC(70) Concurrent Select Relocation Set 4.115ms
[32.503s][info][gc,phases   ] GC(70) Pause Relocate Start 0.004ms
[32.504s][info][gc,phases   ] GC(70) Concurrent Relocate 0.528ms
[32.504s][info][gc,load     ] GC(70) Load: 1.48/1.40/1.59
[32.504s][info][gc,mmu      ] GC(70) MMU: 2ms/93.3%, 5ms/97.3%, 10ms/98.3%, 20ms/99.2%, 50ms/99.7%, 100ms/99.8%
[32.504s][info][gc,marking  ] GC(70) Mark: 2 stripe(s), 1 proactive flush(es), 1 terminate flush(es), 0 completion(s), 0 continuation(s) 
[32.504s][info][gc,marking  ] GC(70) Mark Stack Usage: 32M
[32.504s][info][gc,nmethod  ] GC(70) NMethods: 207 registered, 6 unregistered
[32.504s][info][gc,metaspace] GC(70) Metaspace: 0M used, 0M committed, 1088M reserved
[32.504s][info][gc,ref      ] GC(70) Soft: 2 encountered, 0 discovered, 0 enqueued
[32.504s][info][gc,ref      ] GC(70) Weak: 9 encountered, 0 discovered, 0 enqueued
[32.504s][info][gc,ref      ] GC(70) Final: 0 encountered, 0 discovered, 0 enqueued
[32.504s][info][gc,ref      ] GC(70) Phantom: 3 encountered, 2 discovered, 0 enqueued
[32.504s][info][gc,reloc    ] GC(70) Small Pages: 4 / 8M, Empty: 0M, Relocated: 0M, In-Place: 0
[32.504s][info][gc,reloc    ] GC(70) Medium Pages: 0 / 0M, Empty: 0M, Relocated: 0M, In-Place: 0
[32.504s][info][gc,reloc    ] GC(70) Large Pages: 0 / 0M, Empty: 0M, Relocated: 0M, In-Place: 0
[32.504s][info][gc,reloc    ] GC(70) Forwarding Usage: 0M
[32.504s][info][gc,heap     ] GC(70) Min Capacity: 8192M(100%)
[32.504s][info][gc,heap     ] GC(70) Max Capacity: 8192M(100%)
[32.504s][info][gc,heap     ] GC(70) Soft Max Capacity: 8192M(100%)
[32.504s][info][gc,heap     ] GC(70)                Mark Start          Mark End        Relocate Start      Relocate End           High               Low         
[32.504s][info][gc,heap     ] GC(70)  Capacity:     8192M (100%)       8192M (100%)       8192M (100%)       8192M (100%)       8192M (100%)       8192M (100%)   
[32.504s][info][gc,heap     ] GC(70)      Free:     8184M (100%)       8184M (100%)       8184M (100%)       8186M (100%)       8186M (100%)       8178M (100%)   
[32.504s][info][gc,heap     ] GC(70)      Used:        8M (0%)            8M (0%)            8M (0%)            6M (0%)           14M (0%)            6M (0%)     
[32.504s][info][gc,heap     ] GC(70)      Live:         -                 0M (0%)            0M (0%)            0M (0%)             -                  -          
[32.504s][info][gc,heap     ] GC(70) Allocated:         -                 0M (0%)            0M (0%)            0M (0%)             -                  -          
[32.504s][info][gc,heap     ] GC(70)   Garbage:         -                 7M (0%)            7M (0%)            5M (0%)             -                  -          
[32.504s][info][gc,heap     ] GC(70) Reclaimed:         -                  -                 0M (0%)            2M (0%)             -                  -          
[32.504s][info][gc          ] GC(70) Garbage Collection (System.gc()) 8M(0%)->6M(0%)
[32.958s][info][gc,start    ] GC(71) Garbage Collection (System.gc())
[32.959s][info][gc,task     ] GC(71) Using 3 workers
[32.959s][info][gc,phases   ] GC(71) Pause Mark Start 0.007ms
[32.961s][info][gc,phases   ] GC(71) Concurrent Mark 2.381ms
[32.961s][info][gc,phases   ] GC(71) Pause Mark End 0.017ms
[32.961s][info][gc,phases   ] GC(71) Concurrent Mark Free 0.001ms
[32.962s][info][gc,phases   ] GC(71) Concurrent Process Non-Strong References 0.430ms
[32.962s][info][gc,phases   ] GC(71) Concurrent Reset Relocation Set 0.001ms
[32.966s][info][gc,phases   ] GC(71) Concurrent Select Relocation Set 4.071ms
[32.966s][info][gc,phases   ] GC(71) Pause Relocate Start 0.004ms
[32.966s][info][gc,phases   ] GC(71) Concurrent Relocate 0.565ms
[32.966s][info][gc,load     ] GC(71) Load: 1.48/1.40/1.59
[32.966s][info][gc,mmu      ] GC(71) MMU: 2ms/93.3%, 5ms/97.3%, 10ms/98.3%, 20ms/99.2%, 50ms/99.7%, 100ms/99.8%
[32.966s][info][gc,marking  ] GC(71) Mark: 2 stripe(s), 1 proactive flush(es), 1 terminate flush(es), 0 completion(s), 0 continuation(s) 
[32.966s][info][gc,marking  ] GC(71) Mark Stack Usage: 32M
[32.966s][info][gc,nmethod  ] GC(71) NMethods: 207 registered, 6 unregistered
[32.966s][info][gc,metaspace] GC(71) Metaspace: 0M used, 0M committed, 1088M reserved
[32.966s][info][gc,ref      ] GC(71) Soft: 2 encountered, 0 discovered, 0 enqueued
[32.966s][info][gc,ref      ] GC(71) Weak: 9 encountered, 0 discovered, 0 enqueued
[32.966s][info][gc,ref      ] GC(71) Final: 0 encountered, 0 discovered, 0 enqueued
[32.966s][info][gc,ref      ] GC(71) Phantom: 3 encountered, 2 discovered, 0 enqueued
[32.967s][info][gc,reloc    ] GC(71) Small Pages: 4 / 8M, Empty: 0M, Relocated: 0M, In-Place: 0
[32.967s][info][gc,reloc    ] GC(71) Medium Pages: 0 / 0M, Empty: 0M, Relocated: 0M, In-Place: 0
[32.967s][info][gc,reloc    ] GC(71) Large Pages: 0 / 0M, Empty: 0M, Relocated: 0M, In-Place: 0
[32.967s][info][gc,reloc    ] GC(71) Forwarding Usage: 0M
[32.967s][info][gc,heap     ] GC(71) Min Capacity: 8192M(100%)
[32.967s][info][gc,heap     ] GC(71) Max Capacity: 8192M(100%)
[32.967s][info][gc,heap     ] GC(71) Soft Max Capacity: 8192M(100%)
[32.967s][info][gc,heap     ] GC(71)                Mark Start          Mark End        Relocate Start      Relocate End           High               Low         
[32.967s][info][gc,heap     ] GC(71)  Capacity:     8192M (100%)       8192M (100%)       8192M (100%)       8192M (100%)       8192M (100%)       8192M (100%)   
[32.967s][info][gc,heap     ] GC(71)      Free:     8184M (100%)       8184M (100%)       8184M (100%)       8186M (100%)       8186M (100%)       8178M (100%)   
[32.967s][info][gc,heap     ] GC(71)      Used:        8M (0%)            8M (0%)            8M (0%)            6M (0%)           14M (0%)            6M (0%)     
[32.967s][info][gc,heap     ] GC(71)      Live:         -                 0M (0%)            0M (0%)            0M (0%)             -                  -          
[32.967s][info][gc,heap     ] GC(71) Allocated:         -                 0M (0%)            0M (0%)            0M (0%)             -                  -          
[32.967s][info][gc,heap     ] GC(71)   Garbage:         -                 7M (0%)            7M (0%)            5M (0%)             -                  -          
[32.967s][info][gc,heap     ] GC(71) Reclaimed:         -                  -                 0M (0%)            2M (0%)             -                  -          
[32.967s][info][gc          ] GC(71) Garbage Collection (System.gc()) 8M(0%)->6M(0%)
[33.422s][info][gc,start    ] GC(72) Garbage Collection (System.gc())
[33.422s][info][gc,task     ] GC(72) Using 3 workers
[33.422s][info][gc,phases   ] GC(72) Pause Mark Start 0.011ms
[33.426s][info][gc,phases   ] GC(72) Concurrent Mark 2.756ms
[33.426s][info][gc,phases   ] GC(72) Pause Mark End 0.015ms
[33.426s][info][gc,phases   ] GC(72) Concurrent Mark Free 0.000ms
[33.427s][info][gc,phases   ] GC(72) Concurrent Process Non-Strong References 0.534ms
[33.427s][info][gc,phases   ] GC(72) Concurrent Reset Relocation Set 0.002ms
[33.431s][info][gc,phases   ] GC(72) Concurrent Select Relocation Set 4.464ms
[33.431s][info][gc,phases   ] GC(72) Pause Relocate Start 0.005ms
[33.432s][info][gc,phases   ] GC(72) Concurrent Relocate 0.577ms
[33.432s][info][gc,load     ] GC(72) Load: 1.48/1.40/1.59
[33.432s][info][gc,mmu      ] GC(72) MMU: 2ms/93.3%, 5ms/97.3%, 10ms/98.3%, 20ms/99.2%, 50ms/99.7%, 100ms/99.8%
[33.432s][info][gc,marking  ] GC(72) Mark: 2 stripe(s), 1 proactive flush(es), 1 terminate flush(es), 0 completion(s), 0 continuation(s) 
[33.432s][info][gc,marking  ] GC(72) Mark Stack Usage: 32M
[33.432s][info][gc,nmethod  ] GC(72) NMethods: 207 registered, 6 unregistered
[33.432s][info][gc,metaspace] GC(72) Metaspace: 0M used, 0M committed, 1088M reserved
[33.432s][info][gc,ref      ] GC(72) Soft: 2 encountered, 0 discovered, 0 enqueued
[33.432s][info][gc,ref      ] GC(72) Weak: 9 encountered, 0 discovered, 0 enqueued
[33.432s][info][gc,ref      ] GC(72) Final: 0 encountered, 0 discovered, 0 enqueued
[33.432s][info][gc,ref      ] GC(72) Phantom: 3 encountered, 1 discovered, 0 enqueued
[33.432s][info][gc,reloc    ] GC(72) Small Pages: 4 / 8M, Empty: 0M, Relocated: 0M, In-Place: 0
[33.432s][info][gc,reloc    ] GC(72) Medium Pages: 0 / 0M, Empty: 0M, Relocated: 0M, In-Place: 0
[33.432s][info][gc,reloc    ] GC(72) Large Pages: 0 / 0M, Empty: 0M, Relocated: 0M, In-Place: 0
[33.432s][info][gc,reloc    ] GC(72) Forwarding Usage: 0M
[33.432s][info][gc,heap     ] GC(72) Min Capacity: 8192M(100%)
[33.432s][info][gc,heap     ] GC(72) Max Capacity: 8192M(100%)
[33.432s][info][gc,heap     ] GC(72) Soft Max Capacity: 8192M(100%)
[33.432s][info][gc,heap     ] GC(72)                Mark Start          Mark End        Relocate Start      Relocate End           High               Low         
[33.432s][info][gc,heap     ] GC(72)  Capacity:     8192M (100%)       8192M (100%)       8192M (100%)       8192M (100%)       8192M (100%)       8192M (100%)   
[33.432s][info][gc,heap     ] GC(72)      Free:     8184M (100%)       8184M (100%)       8184M (100%)       8186M (100%)       8186M (100%)       8180M (100%)   
[33.432s][info][gc,heap     ] GC(72)      Used:        8M (0%)            8M (0%)            8M (0%)            6M (0%)           12M (0%)            6M (0%)     
[33.432s][info][gc,heap     ] GC(72)      Live:         -                 0M (0%)            0M (0%)            0M (0%)             -                  -          
[33.432s][info][gc,heap     ] GC(72) Allocated:         -                 0M (0%)            0M (0%)            0M (0%)             -                  -          
[33.432s][info][gc,heap     ] GC(72)   Garbage:         -                 7M (0%)            7M (0%)            5M (0%)             -                  -          
[33.432s][info][gc,heap     ] GC(72) Reclaimed:         -                  -                 0M (0%)            2M (0%)             -                  -          
[33.432s][info][gc          ] GC(72) Garbage Collection (System.gc()) 8M(0%)->6M(0%)
[33.888s][info][gc,start    ] GC(73) Garbage Collection (System.gc())
[33.889s][info][gc,task     ] GC(73) Using 3 workers
[33.889s][info][gc,phases   ] GC(73) Pause Mark Start 0.014ms
[33.893s][info][gc,phases   ] GC(73) Concurrent Mark 4.580ms
[33.893s][info][gc,phases   ] GC(73) Pause Mark End 0.019ms
[33.893s][info][gc,phases   ] GC(73) Concurrent Mark Free 0.001ms
[33.894s][info][gc,phases   ] GC(73) Concurrent Process Non-Strong References 0.330ms
[33.894s][info][gc,phases   ] GC(73) Concurrent Reset Relocation Set 0.003ms
[33.903s][info][gc,phases   ] GC(73) Concurrent Select Relocation Set 9.641ms
[33.904s][info][gc,phases   ] GC(73) Pause Relocate Start 0.010ms
[33.904s][info][gc,phases   ] GC(73) Concurrent Relocate 0.559ms
[33.904s][info][gc,load     ] GC(73) Load: 1.48/1.40/1.59
[33.904s][info][gc,mmu      ] GC(73) MMU: 2ms/93.3%, 5ms/97.3%, 10ms/98.3%, 20ms/99.2%, 50ms/99.7%, 100ms/99.8%
[33.904s][info][gc,marking  ] GC(73) Mark: 2 stripe(s), 2 proactive flush(es), 1 terminate flush(es), 0 completion(s), 0 continuation(s) 
[33.904s][info][gc,marking  ] GC(73) Mark Stack Usage: 32M
[33.904s][info][gc,nmethod  ] GC(73) NMethods: 208 registered, 6 unregistered
[33.904s][info][gc,metaspace] GC(73) Metaspace: 0M used, 0M committed, 1088M reserved
[33.904s][info][gc,ref      ] GC(73) Soft: 2 encountered, 0 discovered, 0 enqueued
[33.904s][info][gc,ref      ] GC(73) Weak: 9 encountered, 0 discovered, 0 enqueued
[33.904s][info][gc,ref      ] GC(73) Final: 0 encountered, 0 discovered, 0 enqueued
[33.904s][info][gc,ref      ] GC(73) Phantom: 3 encountered, 1 discovered, 0 enqueued
[33.904s][info][gc,reloc    ] GC(73) Small Pages: 4 / 8M, Empty: 0M, Relocated: 0M, In-Place: 0
[33.904s][info][gc,reloc    ] GC(73) Medium Pages: 0 / 0M, Empty: 0M, Relocated: 0M, In-Place: 0
[33.904s][info][gc,reloc    ] GC(73) Large Pages: 0 / 0M, Empty: 0M, Relocated: 0M, In-Place: 0
[33.904s][info][gc,reloc    ] GC(73) Forwarding Usage: 0M
[33.904s][info][gc,heap     ] GC(73) Min Capacity: 8192M(100%)
[33.904s][info][gc,heap     ] GC(73) Max Capacity: 8192M(100%)
[33.904s][info][gc,heap     ] GC(73) Soft Max Capacity: 8192M(100%)
[33.904s][info][gc,heap     ] GC(73)                Mark Start          Mark End        Relocate Start      Relocate End           High               Low         
[33.904s][info][gc,heap     ] GC(73)  Capacity:     8192M (100%)       8192M (100%)       8192M (100%)       8192M (100%)       8192M (100%)       8192M (100%)   
[33.904s][info][gc,heap     ] GC(73)      Free:     8184M (100%)       8184M (100%)       8184M (100%)       8186M (100%)       8186M (100%)       8178M (100%)   
[33.904s][info][gc,heap     ] GC(73)      Used:        8M (0%)            8M (0%)            8M (0%)            6M (0%)           14M (0%)            6M (0%)     
[33.904s][info][gc,heap     ] GC(73)      Live:         -                 0M (0%)            0M (0%)            0M (0%)             -                  -          
[33.904s][info][gc,heap     ] GC(73) Allocated:         -                 0M (0%)            0M (0%)            0M (0%)             -                  -          
[33.904s][info][gc,heap     ] GC(73)   Garbage:         -                 7M (0%)            7M (0%)            5M (0%)             -                  -          
[33.904s][info][gc,heap     ] GC(73) Reclaimed:         -                  -                 0M (0%)            2M (0%)             -                  -          
[33.904s][info][gc          ] GC(73) Garbage Collection (System.gc()) 8M(0%)->6M(0%)
[34.358s][info][gc,start    ] GC(74) Garbage Collection (System.gc())
[34.359s][info][gc,task     ] GC(74) Using 3 workers
[34.359s][info][gc,phases   ] GC(74) Pause Mark Start 0.013ms
[34.362s][info][gc,phases   ] GC(74) Concurrent Mark 3.723ms
[34.362s][info][gc,phases   ] GC(74) Pause Mark End 0.013ms
[34.362s][info][gc,phases   ] GC(74) Concurrent Mark Free 0.000ms
[34.363s][info][gc,phases   ] GC(74) Concurrent Process Non-Strong References 0.866ms
[34.363s][info][gc,phases   ] GC(74) Concurrent Reset Relocation Set 0.002ms
[34.368s][info][gc,phases   ] GC(74) Concurrent Select Relocation Set 4.270ms
[34.368s][info][gc,phases   ] GC(74) Pause Relocate Start 0.006ms
[34.368s][info][gc,phases   ] GC(74) Concurrent Relocate 0.568ms
[34.368s][info][gc,load     ] GC(74) Load: 1.48/1.40/1.59
[34.368s][info][gc,mmu      ] GC(74) MMU: 2ms/93.3%, 5ms/97.3%, 10ms/98.3%, 20ms/99.2%, 50ms/99.7%, 100ms/99.8%
[34.368s][info][gc,marking  ] GC(74) Mark: 2 stripe(s), 1 proactive flush(es), 1 terminate flush(es), 0 completion(s), 0 continuation(s) 
[34.368s][info][gc,marking  ] GC(74) Mark Stack Usage: 32M
[34.368s][info][gc,nmethod  ] GC(74) NMethods: 208 registered, 6 unregistered
[34.368s][info][gc,metaspace] GC(74) Metaspace: 0M used, 0M committed, 1088M reserved
[34.368s][info][gc,ref      ] GC(74) Soft: 2 encountered, 0 discovered, 0 enqueued
[34.368s][info][gc,ref      ] GC(74) Weak: 9 encountered, 0 discovered, 0 enqueued
[34.368s][info][gc,ref      ] GC(74) Final: 0 encountered, 0 discovered, 0 enqueued
[34.368s][info][gc,ref      ] GC(74) Phantom: 3 encountered, 2 discovered, 0 enqueued
[34.368s][info][gc,reloc    ] GC(74) Small Pages: 4 / 8M, Empty: 0M, Relocated: 0M, In-Place: 0
[34.368s][info][gc,reloc    ] GC(74) Medium Pages: 0 / 0M, Empty: 0M, Relocated: 0M, In-Place: 0
[34.368s][info][gc,reloc    ] GC(74) Large Pages: 0 / 0M, Empty: 0M, Relocated: 0M, In-Place: 0
[34.368s][info][gc,reloc    ] GC(74) Forwarding Usage: 0M
[34.368s][info][gc,heap     ] GC(74) Min Capacity: 8192M(100%)
[34.369s][info][gc,heap     ] GC(74) Max Capacity: 8192M(100%)
[34.369s][info][gc,heap     ] GC(74) Soft Max Capacity: 8192M(100%)
[34.369s][info][gc,heap     ] GC(74)                Mark Start          Mark End        Relocate Start      Relocate End           High               Low         
[34.369s][info][gc,heap     ] GC(74)  Capacity:     8192M (100%)       8192M (100%)       8192M (100%)       8192M (100%)       8192M (100%)       8192M (100%)   
[34.369s][info][gc,heap     ] GC(74)      Free:     8184M (100%)       8184M (100%)       8184M (100%)       8186M (100%)       8186M (100%)       8178M (100%)   
[34.369s][info][gc,heap     ] GC(74)      Used:        8M (0%)            8M (0%)            8M (0%)            6M (0%)           14M (0%)            6M (0%)     
[34.369s][info][gc,heap     ] GC(74)      Live:         -                 0M (0%)            0M (0%)            0M (0%)             -                  -          
[34.369s][info][gc,heap     ] GC(74) Allocated:         -                 0M (0%)            0M (0%)            0M (0%)             -                  -          
[34.369s][info][gc,heap     ] GC(74)   Garbage:         -                 7M (0%)            7M (0%)            5M (0%)             -                  -          
[34.369s][info][gc,heap     ] GC(74) Reclaimed:         -                  -                 0M (0%)            2M (0%)             -                  -          
[34.369s][info][gc          ] GC(74) Garbage Collection (System.gc()) 8M(0%)->6M(0%)
[34.826s][info][gc,start    ] GC(75) Garbage Collection (System.gc())
[34.826s][info][gc,task     ] GC(75) Using 3 workers
[34.827s][info][gc,phases   ] GC(75) Pause Mark Start 0.012ms
[34.830s][info][gc,phases   ] GC(75) Concurrent Mark 2.973ms
[34.830s][info][gc,phases   ] GC(75) Pause Mark End 0.015ms
[34.830s][info][gc,phases   ] GC(75) Concurrent Mark Free 0.000ms
[34.831s][info][gc,phases   ] GC(75) Concurrent Process Non-Strong References 1.166ms
[34.831s][info][gc,phases   ] GC(75) Concurrent Reset Relocation Set 0.002ms
[34.835s][info][gc,phases   ] GC(75) Concurrent Select Relocation Set 4.410ms
[34.835s][info][gc,phases   ] GC(75) Pause Relocate Start 0.006ms
[34.836s][info][gc,phases   ] GC(75) Concurrent Relocate 0.594ms
[34.836s][info][gc,load     ] GC(75) Load: 1.48/1.40/1.59
[34.836s][info][gc,mmu      ] GC(75) MMU: 2ms/93.3%, 5ms/97.3%, 10ms/98.3%, 20ms/99.2%, 50ms/99.7%, 100ms/99.8%
[34.836s][info][gc,marking  ] GC(75) Mark: 2 stripe(s), 2 proactive flush(es), 1 terminate flush(es), 0 completion(s), 0 continuation(s) 
[34.836s][info][gc,marking  ] GC(75) Mark Stack Usage: 32M
[34.836s][info][gc,nmethod  ] GC(75) NMethods: 209 registered, 6 unregistered
[34.836s][info][gc,metaspace] GC(75) Metaspace: 0M used, 0M committed, 1088M reserved
[34.836s][info][gc,ref      ] GC(75) Soft: 2 encountered, 0 discovered, 0 enqueued
[34.836s][info][gc,ref      ] GC(75) Weak: 9 encountered, 0 discovered, 0 enqueued
[34.836s][info][gc,ref      ] GC(75) Final: 0 encountered, 0 discovered, 0 enqueued
[34.836s][info][gc,ref      ] GC(75) Phantom: 3 encountered, 1 discovered, 0 enqueued
[34.836s][info][gc,reloc    ] GC(75) Small Pages: 4 / 8M, Empty: 0M, Relocated: 0M, In-Place: 0
[34.836s][info][gc,reloc    ] GC(75) Medium Pages: 0 / 0M, Empty: 0M, Relocated: 0M, In-Place: 0
[34.836s][info][gc,reloc    ] GC(75) Large Pages: 0 / 0M, Empty: 0M, Relocated: 0M, In-Place: 0
[34.836s][info][gc,reloc    ] GC(75) Forwarding Usage: 0M
[34.836s][info][gc,heap     ] GC(75) Min Capacity: 8192M(100%)
[34.836s][info][gc,heap     ] GC(75) Max Capacity: 8192M(100%)
[34.836s][info][gc,heap     ] GC(75) Soft Max Capacity: 8192M(100%)
[34.836s][info][gc,heap     ] GC(75)                Mark Start          Mark End        Relocate Start      Relocate End           High               Low         
[34.836s][info][gc,heap     ] GC(75)  Capacity:     8192M (100%)       8192M (100%)       8192M (100%)       8192M (100%)       8192M (100%)       8192M (100%)   
[34.836s][info][gc,heap     ] GC(75)      Free:     8184M (100%)       8184M (100%)       8184M (100%)       8186M (100%)       8186M (100%)       8178M (100%)   
[34.836s][info][gc,heap     ] GC(75)      Used:        8M (0%)            8M (0%)            8M (0%)            6M (0%)           14M (0%)            6M (0%)     
[34.836s][info][gc,heap     ] GC(75)      Live:         -                 0M (0%)            0M (0%)            0M (0%)             -                  -          
[34.836s][info][gc,heap     ] GC(75) Allocated:         -                 0M (0%)            0M (0%)            0M (0%)             -                  -          
[34.836s][info][gc,heap     ] GC(75)   Garbage:         -                 7M (0%)            7M (0%)            5M (0%)             -                  -          
[34.836s][info][gc,heap     ] GC(75) Reclaimed:         -                  -                 0M (0%)            2M (0%)             -                  -          
[34.836s][info][gc          ] GC(75) Garbage Collection (System.gc()) 8M(0%)->6M(0%)
[35.290s][info][gc,start    ] GC(76) Garbage Collection (System.gc())
[35.290s][info][gc,task     ] GC(76) Using 3 workers
[35.290s][info][gc,phases   ] GC(76) Pause Mark Start 0.012ms
[35.294s][info][gc,phases   ] GC(76) Concurrent Mark 3.751ms
[35.294s][info][gc,phases   ] GC(76) Pause Mark End 0.015ms
[35.294s][info][gc,phases   ] GC(76) Concurrent Mark Free 0.001ms
[35.296s][info][gc,phases   ] GC(76) Concurrent Process Non-Strong References 2.034ms
[35.296s][info][gc,phases   ] GC(76) Concurrent Reset Relocation Set 0.002ms
[35.300s][info][gc,phases   ] GC(76) Concurrent Select Relocation Set 4.384ms
[35.301s][info][gc,phases   ] GC(76) Pause Relocate Start 0.007ms
[35.301s][info][gc,phases   ] GC(76) Concurrent Relocate 0.659ms
[35.301s][info][gc,load     ] GC(76) Load: 1.37/1.38/1.58
[35.301s][info][gc,mmu      ] GC(76) MMU: 2ms/93.3%, 5ms/97.3%, 10ms/98.3%, 20ms/99.2%, 50ms/99.7%, 100ms/99.8%
[35.301s][info][gc,marking  ] GC(76) Mark: 2 stripe(s), 1 proactive flush(es), 1 terminate flush(es), 0 completion(s), 0 continuation(s) 
[35.301s][info][gc,marking  ] GC(76) Mark Stack Usage: 32M
[35.301s][info][gc,nmethod  ] GC(76) NMethods: 209 registered, 6 unregistered
[35.301s][info][gc,metaspace] GC(76) Metaspace: 0M used, 0M committed, 1088M reserved
[35.301s][info][gc,ref      ] GC(76) Soft: 2 encountered, 0 discovered, 0 enqueued
[35.301s][info][gc,ref      ] GC(76) Weak: 9 encountered, 0 discovered, 0 enqueued
[35.301s][info][gc,ref      ] GC(76) Final: 0 encountered, 0 discovered, 0 enqueued
[35.301s][info][gc,ref      ] GC(76) Phantom: 3 encountered, 1 discovered, 0 enqueued
[35.301s][info][gc,reloc    ] GC(76) Small Pages: 4 / 8M, Empty: 0M, Relocated: 0M, In-Place: 0
[35.301s][info][gc,reloc    ] GC(76) Medium Pages: 0 / 0M, Empty: 0M, Relocated: 0M, In-Place: 0
[35.301s][info][gc,reloc    ] GC(76) Large Pages: 0 / 0M, Empty: 0M, Relocated: 0M, In-Place: 0
[35.301s][info][gc,reloc    ] GC(76) Forwarding Usage: 0M
[35.301s][info][gc,heap     ] GC(76) Min Capacity: 8192M(100%)
[35.301s][info][gc,heap     ] GC(76) Max Capacity: 8192M(100%)
[35.301s][info][gc,heap     ] GC(76) Soft Max Capacity: 8192M(100%)
[35.301s][info][gc,heap     ] GC(76)                Mark Start          Mark End        Relocate Start      Relocate End           High               Low         
[35.301s][info][gc,heap     ] GC(76)  Capacity:     8192M (100%)       8192M (100%)       8192M (100%)       8192M (100%)       8192M (100%)       8192M (100%)   
[35.301s][info][gc,heap     ] GC(76)      Free:     8184M (100%)       8184M (100%)       8184M (100%)       8186M (100%)       8186M (100%)       8178M (100%)   
[35.301s][info][gc,heap     ] GC(76)      Used:        8M (0%)            8M (0%)            8M (0%)            6M (0%)           14M (0%)            6M (0%)     
[35.301s][info][gc,heap     ] GC(76)      Live:         -                 0M (0%)            0M (0%)            0M (0%)             -                  -          
[35.301s][info][gc,heap     ] GC(76) Allocated:         -                 0M (0%)            0M (0%)            0M (0%)             -                  -          
[35.301s][info][gc,heap     ] GC(76)   Garbage:         -                 7M (0%)            7M (0%)            5M (0%)             -                  -          
[35.301s][info][gc,heap     ] GC(76) Reclaimed:         -                  -                 0M (0%)            2M (0%)             -                  -          
[35.301s][info][gc          ] GC(76) Garbage Collection (System.gc()) 8M(0%)->6M(0%)
[35.760s][info][gc,start    ] GC(77) Garbage Collection (System.gc())
[35.760s][info][gc,task     ] GC(77) Using 3 workers
[35.760s][info][gc,phases   ] GC(77) Pause Mark Start 0.015ms
[35.763s][info][gc,phases   ] GC(77) Concurrent Mark 2.632ms
[35.763s][info][gc,phases   ] GC(77) Pause Mark End 0.012ms
[35.763s][info][gc,phases   ] GC(77) Concurrent Mark Free 0.000ms
[35.764s][info][gc,phases   ] GC(77) Concurrent Process Non-Strong References 0.991ms
[35.764s][info][gc,phases   ] GC(77) Concurrent Reset Relocation Set 0.002ms
[35.768s][info][gc,phases   ] GC(77) Concurrent Select Relocation Set 4.197ms
[35.768s][info][gc,phases   ] GC(77) Pause Relocate Start 0.008ms
[35.769s][info][gc,phases   ] GC(77) Concurrent Relocate 0.573ms
[35.769s][info][gc,load     ] GC(77) Load: 1.37/1.38/1.58
[35.769s][info][gc,mmu      ] GC(77) MMU: 2ms/93.3%, 5ms/97.3%, 10ms/98.3%, 20ms/99.2%, 50ms/99.7%, 100ms/99.8%
[35.769s][info][gc,marking  ] GC(77) Mark: 2 stripe(s), 1 proactive flush(es), 1 terminate flush(es), 0 completion(s), 0 continuation(s) 
[35.769s][info][gc,marking  ] GC(77) Mark Stack Usage: 32M
[35.769s][info][gc,nmethod  ] GC(77) NMethods: 209 registered, 6 unregistered
[35.769s][info][gc,metaspace] GC(77) Metaspace: 0M used, 0M committed, 1088M reserved
[35.769s][info][gc,ref      ] GC(77) Soft: 2 encountered, 0 discovered, 0 enqueued
[35.769s][info][gc,ref      ] GC(77) Weak: 9 encountered, 0 discovered, 0 enqueued
[35.769s][info][gc,ref      ] GC(77) Final: 0 encountered, 0 discovered, 0 enqueued
[35.769s][info][gc,ref      ] GC(77) Phantom: 3 encountered, 2 discovered, 0 enqueued
[35.769s][info][gc,reloc    ] GC(77) Small Pages: 4 / 8M, Empty: 0M, Relocated: 0M, In-Place: 0
[35.769s][info][gc,reloc    ] GC(77) Medium Pages: 0 / 0M, Empty: 0M, Relocated: 0M, In-Place: 0
[35.769s][info][gc,reloc    ] GC(77) Large Pages: 0 / 0M, Empty: 0M, Relocated: 0M, In-Place: 0
[35.769s][info][gc,reloc    ] GC(77) Forwarding Usage: 0M
[35.769s][info][gc,heap     ] GC(77) Min Capacity: 8192M(100%)
[35.769s][info][gc,heap     ] GC(77) Max Capacity: 8192M(100%)
[35.769s][info][gc,heap     ] GC(77) Soft Max Capacity: 8192M(100%)
[35.769s][info][gc,heap     ] GC(77)                Mark Start          Mark End        Relocate Start      Relocate End           High               Low         
[35.769s][info][gc,heap     ] GC(77)  Capacity:     8192M (100%)       8192M (100%)       8192M (100%)       8192M (100%)       8192M (100%)       8192M (100%)   
[35.769s][info][gc,heap     ] GC(77)      Free:     8184M (100%)       8184M (100%)       8184M (100%)       8186M (100%)       8186M (100%)       8178M (100%)   
[35.769s][info][gc,heap     ] GC(77)      Used:        8M (0%)            8M (0%)            8M (0%)            6M (0%)           14M (0%)            6M (0%)     
[35.769s][info][gc,heap     ] GC(77)      Live:         -                 0M (0%)            0M (0%)            0M (0%)             -                  -          
[35.769s][info][gc,heap     ] GC(77) Allocated:         -                 0M (0%)            0M (0%)            0M (0%)             -                  -          
[35.769s][info][gc,heap     ] GC(77)   Garbage:         -                 7M (0%)            7M (0%)            5M (0%)             -                  -          
[35.769s][info][gc,heap     ] GC(77) Reclaimed:         -                  -                 0M (0%)            2M (0%)             -                  -          
[35.769s][info][gc          ] GC(77) Garbage Collection (System.gc()) 8M(0%)->6M(0%)
[36.226s][info][gc,start    ] GC(78) Garbage Collection (System.gc())
[36.226s][info][gc,task     ] GC(78) Using 3 workers
[36.226s][info][gc,phases   ] GC(78) Pause Mark Start 0.007ms
[36.229s][info][gc,phases   ] GC(78) Concurrent Mark 2.498ms
[36.229s][info][gc,phases   ] GC(78) Pause Mark End 0.012ms
[36.229s][info][gc,phases   ] GC(78) Concurrent Mark Free 0.001ms
[36.229s][info][gc,phases   ] GC(78) Concurrent Process Non-Strong References 0.382ms
[36.229s][info][gc,phases   ] GC(78) Concurrent Reset Relocation Set 0.002ms
[36.233s][info][gc,phases   ] GC(78) Concurrent Select Relocation Set 4.066ms
[36.233s][info][gc,phases   ] GC(78) Pause Relocate Start 0.006ms
[36.234s][info][gc,phases   ] GC(78) Concurrent Relocate 0.572ms
[36.234s][info][gc,load     ] GC(78) Load: 1.37/1.38/1.58
[36.234s][info][gc,mmu      ] GC(78) MMU: 2ms/93.3%, 5ms/97.3%, 10ms/98.3%, 20ms/99.2%, 50ms/99.7%, 100ms/99.8%
[36.234s][info][gc,marking  ] GC(78) Mark: 2 stripe(s), 1 proactive flush(es), 1 terminate flush(es), 0 completion(s), 0 continuation(s) 
[36.234s][info][gc,marking  ] GC(78) Mark Stack Usage: 32M
[36.234s][info][gc,nmethod  ] GC(78) NMethods: 211 registered, 6 unregistered
[36.234s][info][gc,metaspace] GC(78) Metaspace: 0M used, 0M committed, 1088M reserved
[36.234s][info][gc,ref      ] GC(78) Soft: 2 encountered, 0 discovered, 0 enqueued
[36.234s][info][gc,ref      ] GC(78) Weak: 9 encountered, 0 discovered, 0 enqueued
[36.234s][info][gc,ref      ] GC(78) Final: 0 encountered, 0 discovered, 0 enqueued
[36.234s][info][gc,ref      ] GC(78) Phantom: 3 encountered, 2 discovered, 0 enqueued
[36.234s][info][gc,reloc    ] GC(78) Small Pages: 4 / 8M, Empty: 0M, Relocated: 0M, In-Place: 0
[36.234s][info][gc,reloc    ] GC(78) Medium Pages: 0 / 0M, Empty: 0M, Relocated: 0M, In-Place: 0
[36.234s][info][gc,reloc    ] GC(78) Large Pages: 0 / 0M, Empty: 0M, Relocated: 0M, In-Place: 0
[36.234s][info][gc,reloc    ] GC(78) Forwarding Usage: 0M
[36.234s][info][gc,heap     ] GC(78) Min Capacity: 8192M(100%)
[36.234s][info][gc,heap     ] GC(78) Max Capacity: 8192M(100%)
[36.234s][info][gc,heap     ] GC(78) Soft Max Capacity: 8192M(100%)
[36.234s][info][gc,heap     ] GC(78)                Mark Start          Mark End        Relocate Start      Relocate End           High               Low         
[36.234s][info][gc,heap     ] GC(78)  Capacity:     8192M (100%)       8192M (100%)       8192M (100%)       8192M (100%)       8192M (100%)       8192M (100%)   
[36.234s][info][gc,heap     ] GC(78)      Free:     8184M (100%)       8184M (100%)       8184M (100%)       8186M (100%)       8186M (100%)       8178M (100%)   
[36.234s][info][gc,heap     ] GC(78)      Used:        8M (0%)            8M (0%)            8M (0%)            6M (0%)           14M (0%)            6M (0%)     
[36.234s][info][gc,heap     ] GC(78)      Live:         -                 0M (0%)            0M (0%)            0M (0%)             -                  -          
[36.234s][info][gc,heap     ] GC(78) Allocated:         -                 0M (0%)            0M (0%)            0M (0%)             -                  -          
[36.234s][info][gc,heap     ] GC(78)   Garbage:         -                 7M (0%)            7M (0%)            5M (0%)             -                  -          
[36.234s][info][gc,heap     ] GC(78) Reclaimed:         -                  -                 0M (0%)            2M (0%)             -                  -          
[36.234s][info][gc          ] GC(78) Garbage Collection (System.gc()) 8M(0%)->6M(0%)
[36.687s][info][gc,start    ] GC(79) Garbage Collection (System.gc())
[36.687s][info][gc,task     ] GC(79) Using 3 workers
[36.687s][info][gc,phases   ] GC(79) Pause Mark Start 0.013ms
[36.692s][info][gc,phases   ] GC(79) Concurrent Mark 4.572ms
[36.692s][info][gc,phases   ] GC(79) Pause Mark End 0.022ms
[36.692s][info][gc,phases   ] GC(79) Concurrent Mark Free 0.002ms
[36.693s][info][gc,phases   ] GC(79) Concurrent Process Non-Strong References 1.284ms
[36.693s][info][gc,phases   ] GC(79) Concurrent Reset Relocation Set 0.002ms
[36.697s][info][gc,phases   ] GC(79) Concurrent Select Relocation Set 4.117ms
[36.697s][info][gc,phases   ] GC(79) Pause Relocate Start 0.007ms
[36.698s][info][gc,phases   ] GC(79) Concurrent Relocate 0.637ms
[36.698s][info][gc,load     ] GC(79) Load: 1.37/1.38/1.58
[36.698s][info][gc,mmu      ] GC(79) MMU: 2ms/93.3%, 5ms/97.3%, 10ms/98.3%, 20ms/99.2%, 50ms/99.7%, 100ms/99.8%
[36.698s][info][gc,marking  ] GC(79) Mark: 2 stripe(s), 2 proactive flush(es), 1 terminate flush(es), 0 completion(s), 0 continuation(s) 
[36.698s][info][gc,marking  ] GC(79) Mark Stack Usage: 32M
[36.698s][info][gc,nmethod  ] GC(79) NMethods: 213 registered, 6 unregistered
[36.698s][info][gc,metaspace] GC(79) Metaspace: 0M used, 0M committed, 1088M reserved
[36.698s][info][gc,ref      ] GC(79) Soft: 2 encountered, 0 discovered, 0 enqueued
[36.698s][info][gc,ref      ] GC(79) Weak: 9 encountered, 0 discovered, 0 enqueued
[36.698s][info][gc,ref      ] GC(79) Final: 0 encountered, 0 discovered, 0 enqueued
[36.698s][info][gc,ref      ] GC(79) Phantom: 3 encountered, 2 discovered, 0 enqueued
[36.698s][info][gc,reloc    ] GC(79) Small Pages: 4 / 8M, Empty: 0M, Relocated: 0M, In-Place: 0
[36.698s][info][gc,reloc    ] GC(79) Medium Pages: 0 / 0M, Empty: 0M, Relocated: 0M, In-Place: 0
[36.698s][info][gc,reloc    ] GC(79) Large Pages: 0 / 0M, Empty: 0M, Relocated: 0M, In-Place: 0
[36.698s][info][gc,reloc    ] GC(79) Forwarding Usage: 0M
[36.698s][info][gc,heap     ] GC(79) Min Capacity: 8192M(100%)
[36.698s][info][gc,heap     ] GC(79) Max Capacity: 8192M(100%)
[36.698s][info][gc,heap     ] GC(79) Soft Max Capacity: 8192M(100%)
[36.698s][info][gc,heap     ] GC(79)                Mark Start          Mark End        Relocate Start      Relocate End           High               Low         
[36.698s][info][gc,heap     ] GC(79)  Capacity:     8192M (100%)       8192M (100%)       8192M (100%)       8192M (100%)       8192M (100%)       8192M (100%)   
[36.698s][info][gc,heap     ] GC(79)      Free:     8184M (100%)       8184M (100%)       8184M (100%)       8186M (100%)       8186M (100%)       8178M (100%)   
[36.698s][info][gc,heap     ] GC(79)      Used:        8M (0%)            8M (0%)            8M (0%)            6M (0%)           14M (0%)            6M (0%)     
[36.698s][info][gc,heap     ] GC(79)      Live:         -                 0M (0%)            0M (0%)            0M (0%)             -                  -          
[36.698s][info][gc,heap     ] GC(79) Allocated:         -                 0M (0%)            0M (0%)            0M (0%)             -                  -          
[36.698s][info][gc,heap     ] GC(79)   Garbage:         -                 7M (0%)            7M (0%)            5M (0%)             -                  -          
[36.698s][info][gc,heap     ] GC(79) Reclaimed:         -                  -                 0M (0%)            2M (0%)             -                  -          
[36.698s][info][gc          ] GC(79) Garbage Collection (System.gc()) 8M(0%)->6M(0%)
[37.154s][info][gc,start    ] GC(80) Garbage Collection (System.gc())
[37.154s][info][gc,task     ] GC(80) Using 3 workers
[37.154s][info][gc,phases   ] GC(80) Pause Mark Start 0.006ms
[37.156s][info][gc,phases   ] GC(80) Concurrent Mark 2.656ms
[37.157s][info][gc,phases   ] GC(80) Pause Mark End 0.017ms
[37.157s][info][gc,phases   ] GC(80) Concurrent Mark Free 0.000ms
[37.158s][info][gc,phases   ] GC(80) Concurrent Process Non-Strong References 1.147ms
[37.158s][info][gc,phases   ] GC(80) Concurrent Reset Relocation Set 0.001ms
[37.162s][info][gc,phases   ] GC(80) Concurrent Select Relocation Set 4.197ms
[37.162s][info][gc,phases   ] GC(80) Pause Relocate Start 0.007ms
[37.163s][info][gc,phases   ] GC(80) Concurrent Relocate 0.517ms
[37.163s][info][gc,load     ] GC(80) Load: 1.37/1.38/1.58
[37.163s][info][gc,mmu      ] GC(80) MMU: 2ms/93.3%, 5ms/97.3%, 10ms/98.3%, 20ms/99.2%, 50ms/99.7%, 100ms/99.8%
[37.163s][info][gc,marking  ] GC(80) Mark: 2 stripe(s), 1 proactive flush(es), 1 terminate flush(es), 0 completion(s), 0 continuation(s) 
[37.163s][info][gc,marking  ] GC(80) Mark Stack Usage: 32M
[37.163s][info][gc,nmethod  ] GC(80) NMethods: 217 registered, 6 unregistered
[37.163s][info][gc,metaspace] GC(80) Metaspace: 0M used, 0M committed, 1088M reserved
[37.163s][info][gc,ref      ] GC(80) Soft: 2 encountered, 0 discovered, 0 enqueued
[37.163s][info][gc,ref      ] GC(80) Weak: 9 encountered, 0 discovered, 0 enqueued
[37.163s][info][gc,ref      ] GC(80) Final: 0 encountered, 0 discovered, 0 enqueued
[37.163s][info][gc,ref      ] GC(80) Phantom: 3 encountered, 1 discovered, 0 enqueued
[37.163s][info][gc,reloc    ] GC(80) Small Pages: 4 / 8M, Empty: 0M, Relocated: 0M, In-Place: 0
[37.163s][info][gc,reloc    ] GC(80) Medium Pages: 0 / 0M, Empty: 0M, Relocated: 0M, In-Place: 0
[37.163s][info][gc,reloc    ] GC(80) Large Pages: 0 / 0M, Empty: 0M, Relocated: 0M, In-Place: 0
[37.163s][info][gc,reloc    ] GC(80) Forwarding Usage: 0M
[37.163s][info][gc,heap     ] GC(80) Min Capacity: 8192M(100%)
[37.163s][info][gc,heap     ] GC(80) Max Capacity: 8192M(100%)
[37.163s][info][gc,heap     ] GC(80) Soft Max Capacity: 8192M(100%)
[37.163s][info][gc,heap     ] GC(80)                Mark Start          Mark End        Relocate Start      Relocate End           High               Low         
[37.163s][info][gc,heap     ] GC(80)  Capacity:     8192M (100%)       8192M (100%)       8192M (100%)       8192M (100%)       8192M (100%)       8192M (100%)   
[37.163s][info][gc,heap     ] GC(80)      Free:     8184M (100%)       8184M (100%)       8184M (100%)       8186M (100%)       8186M (100%)       8180M (100%)   
[37.163s][info][gc,heap     ] GC(80)      Used:        8M (0%)            8M (0%)            8M (0%)            6M (0%)           12M (0%)            6M (0%)     
[37.163s][info][gc,heap     ] GC(80)      Live:         -                 0M (0%)            0M (0%)            0M (0%)             -                  -          
[37.163s][info][gc,heap     ] GC(80) Allocated:         -                 0M (0%)            0M (0%)            0M (0%)             -                  -          
[37.163s][info][gc,heap     ] GC(80)   Garbage:         -                 7M (0%)            7M (0%)            5M (0%)             -                  -          
[37.163s][info][gc,heap     ] GC(80) Reclaimed:         -                  -                 0M (0%)            2M (0%)             -                  -          
[37.163s][info][gc          ] GC(80) Garbage Collection (System.gc()) 8M(0%)->6M(0%)
[37.627s][info][gc,start    ] GC(81) Garbage Collection (System.gc())
[37.627s][info][gc,task     ] GC(81) Using 3 workers
[37.627s][info][gc,phases   ] GC(81) Pause Mark Start 0.007ms
[37.629s][info][gc,phases   ] GC(81) Concurrent Mark 2.114ms
[37.629s][info][gc,phases   ] GC(81) Pause Mark End 0.011ms
[37.629s][info][gc,phases   ] GC(81) Concurrent Mark Free 0.001ms
[37.630s][info][gc,phases   ] GC(81) Concurrent Process Non-Strong References 0.689ms
[37.630s][info][gc,phases   ] GC(81) Concurrent Reset Relocation Set 0.001ms
[37.634s][info][gc,phases   ] GC(81) Concurrent Select Relocation Set 4.063ms
[37.634s][info][gc,phases   ] GC(81) Pause Relocate Start 0.005ms
[37.634s][info][gc,phases   ] GC(81) Concurrent Relocate 0.585ms
[37.634s][info][gc,load     ] GC(81) Load: 1.37/1.38/1.58
[37.634s][info][gc,mmu      ] GC(81) MMU: 2ms/93.3%, 5ms/97.3%, 10ms/98.3%, 20ms/99.2%, 50ms/99.7%, 100ms/99.8%
[37.634s][info][gc,marking  ] GC(81) Mark: 2 stripe(s), 1 proactive flush(es), 1 terminate flush(es), 0 completion(s), 0 continuation(s) 
[37.634s][info][gc,marking  ] GC(81) Mark Stack Usage: 32M
[37.634s][info][gc,nmethod  ] GC(81) NMethods: 219 registered, 6 unregistered
[37.634s][info][gc,metaspace] GC(81) Metaspace: 0M used, 0M committed, 1088M reserved
[37.634s][info][gc,ref      ] GC(81) Soft: 2 encountered, 0 discovered, 0 enqueued
[37.634s][info][gc,ref      ] GC(81) Weak: 9 encountered, 0 discovered, 0 enqueued
[37.634s][info][gc,ref      ] GC(81) Final: 0 encountered, 0 discovered, 0 enqueued
[37.634s][info][gc,ref      ] GC(81) Phantom: 3 encountered, 3 discovered, 0 enqueued
[37.634s][info][gc,reloc    ] GC(81) Small Pages: 4 / 8M, Empty: 0M, Relocated: 0M, In-Place: 0
[37.634s][info][gc,reloc    ] GC(81) Medium Pages: 0 / 0M, Empty: 0M, Relocated: 0M, In-Place: 0
[37.634s][info][gc,reloc    ] GC(81) Large Pages: 0 / 0M, Empty: 0M, Relocated: 0M, In-Place: 0
[37.634s][info][gc,reloc    ] GC(81) Forwarding Usage: 0M
[37.634s][info][gc,heap     ] GC(81) Min Capacity: 8192M(100%)
[37.634s][info][gc,heap     ] GC(81) Max Capacity: 8192M(100%)
[37.634s][info][gc,heap     ] GC(81) Soft Max Capacity: 8192M(100%)
[37.634s][info][gc,heap     ] GC(81)                Mark Start          Mark End        Relocate Start      Relocate End           High               Low         
[37.634s][info][gc,heap     ] GC(81)  Capacity:     8192M (100%)       8192M (100%)       8192M (100%)       8192M (100%)       8192M (100%)       8192M (100%)   
[37.634s][info][gc,heap     ] GC(81)      Free:     8184M (100%)       8184M (100%)       8184M (100%)       8186M (100%)       8186M (100%)       8178M (100%)   
[37.634s][info][gc,heap     ] GC(81)      Used:        8M (0%)            8M (0%)            8M (0%)            6M (0%)           14M (0%)            6M (0%)     
[37.634s][info][gc,heap     ] GC(81)      Live:         -                 0M (0%)            0M (0%)            0M (0%)             -                  -          
[37.634s][info][gc,heap     ] GC(81) Allocated:         -                 0M (0%)            0M (0%)            0M (0%)             -                  -          
[37.634s][info][gc,heap     ] GC(81)   Garbage:         -                 7M (0%)            7M (0%)            5M (0%)             -                  -          
[37.634s][info][gc,heap     ] GC(81) Reclaimed:         -                  -                 0M (0%)            2M (0%)             -                  -          
[37.634s][info][gc          ] GC(81) Garbage Collection (System.gc()) 8M(0%)->6M(0%)
[38.091s][info][gc,start    ] GC(82) Garbage Collection (System.gc())
[38.091s][info][gc,task     ] GC(82) Using 3 workers
[38.091s][info][gc,phases   ] GC(82) Pause Mark Start 0.009ms
[38.094s][info][gc,phases   ] GC(82) Concurrent Mark 2.167ms
[38.094s][info][gc,phases   ] GC(82) Pause Mark End 0.009ms
[38.094s][info][gc,phases   ] GC(82) Concurrent Mark Free 0.000ms
[38.094s][info][gc,phases   ] GC(82) Concurrent Process Non-Strong References 0.665ms
[38.094s][info][gc,phases   ] GC(82) Concurrent Reset Relocation Set 0.001ms
[38.098s][info][gc,phases   ] GC(82) Concurrent Select Relocation Set 3.508ms
[38.098s][info][gc,phases   ] GC(82) Pause Relocate Start 0.002ms
[38.098s][info][gc,phases   ] GC(82) Concurrent Relocate 0.449ms
[38.098s][info][gc,load     ] GC(82) Load: 1.37/1.38/1.58
[38.098s][info][gc,mmu      ] GC(82) MMU: 2ms/93.3%, 5ms/97.3%, 10ms/98.3%, 20ms/99.2%, 50ms/99.7%, 100ms/99.8%
[38.098s][info][gc,marking  ] GC(82) Mark: 2 stripe(s), 2 proactive flush(es), 1 terminate flush(es), 0 completion(s), 0 continuation(s) 
[38.098s][info][gc,marking  ] GC(82) Mark Stack Usage: 32M
[38.098s][info][gc,nmethod  ] GC(82) NMethods: 223 registered, 7 unregistered
[38.098s][info][gc,metaspace] GC(82) Metaspace: 0M used, 0M committed, 1088M reserved
[38.098s][info][gc,ref      ] GC(82) Soft: 2 encountered, 0 discovered, 0 enqueued
[38.098s][info][gc,ref      ] GC(82) Weak: 9 encountered, 0 discovered, 0 enqueued
[38.098s][info][gc,ref      ] GC(82) Final: 0 encountered, 0 discovered, 0 enqueued
[38.098s][info][gc,ref      ] GC(82) Phantom: 3 encountered, 2 discovered, 0 enqueued
[38.098s][info][gc,reloc    ] GC(82) Small Pages: 4 / 8M, Empty: 0M, Relocated: 0M, In-Place: 0
[38.098s][info][gc,reloc    ] GC(82) Medium Pages: 0 / 0M, Empty: 0M, Relocated: 0M, In-Place: 0
[38.098s][info][gc,reloc    ] GC(82) Large Pages: 0 / 0M, Empty: 0M, Relocated: 0M, In-Place: 0
[38.098s][info][gc,reloc    ] GC(82) Forwarding Usage: 0M
[38.098s][info][gc,heap     ] GC(82) Min Capacity: 8192M(100%)
[38.098s][info][gc,heap     ] GC(82) Max Capacity: 8192M(100%)
[38.098s][info][gc,heap     ] GC(82) Soft Max Capacity: 8192M(100%)
[38.098s][info][gc,heap     ] GC(82)                Mark Start          Mark End        Relocate Start      Relocate End           High               Low         
[38.099s][info][gc,heap     ] GC(82)  Capacity:     8192M (100%)       8192M (100%)       8192M (100%)       8192M (100%)       8192M (100%)       8192M (100%)   
[38.099s][info][gc,heap     ] GC(82)      Free:     8184M (100%)       8184M (100%)       8184M (100%)       8186M (100%)       8186M (100%)       8180M (100%)   
[38.099s][info][gc,heap     ] GC(82)      Used:        8M (0%)            8M (0%)            8M (0%)            6M (0%)           12M (0%)            6M (0%)     
[38.099s][info][gc,heap     ] GC(82)      Live:         -                 0M (0%)            0M (0%)            0M (0%)             -                  -          
[38.099s][info][gc,heap     ] GC(82) Allocated:         -                 0M (0%)            0M (0%)            0M (0%)             -                  -          
[38.099s][info][gc,heap     ] GC(82)   Garbage:         -                 7M (0%)            7M (0%)            5M (0%)             -                  -          
[38.099s][info][gc,heap     ] GC(82) Reclaimed:         -                  -                 0M (0%)            2M (0%)             -                  -          
[38.099s][info][gc          ] GC(82) Garbage Collection (System.gc()) 8M(0%)->6M(0%)
[38.555s][info][gc,start    ] GC(83) Garbage Collection (System.gc())
[38.555s][info][gc,task     ] GC(83) Using 3 workers
[38.555s][info][gc,phases   ] GC(83) Pause Mark Start 0.012ms
[38.558s][info][gc,phases   ] GC(83) Concurrent Mark 2.602ms
[38.558s][info][gc,phases   ] GC(83) Pause Mark End 0.015ms
[38.558s][info][gc,phases   ] GC(83) Concurrent Mark Free 0.001ms
[38.559s][info][gc,phases   ] GC(83) Concurrent Process Non-Strong References 0.520ms
[38.559s][info][gc,phases   ] GC(83) Concurrent Reset Relocation Set 0.002ms
[38.563s][info][gc,phases   ] GC(83) Concurrent Select Relocation Set 4.139ms
[38.563s][info][gc,phases   ] GC(83) Pause Relocate Start 0.006ms
[38.563s][info][gc,phases   ] GC(83) Concurrent Relocate 0.597ms
[38.563s][info][gc,load     ] GC(83) Load: 1.37/1.38/1.58
[38.564s][info][gc,mmu      ] GC(83) MMU: 2ms/93.3%, 5ms/97.3%, 10ms/98.3%, 20ms/99.2%, 50ms/99.7%, 100ms/99.8%
[38.564s][info][gc,marking  ] GC(83) Mark: 2 stripe(s), 2 proactive flush(es), 1 terminate flush(es), 0 completion(s), 0 continuation(s) 
[38.564s][info][gc,marking  ] GC(83) Mark Stack Usage: 32M
[38.564s][info][gc,nmethod  ] GC(83) NMethods: 231 registered, 7 unregistered
[38.564s][info][gc,metaspace] GC(83) Metaspace: 0M used, 0M committed, 1088M reserved
[38.564s][info][gc,ref      ] GC(83) Soft: 2 encountered, 0 discovered, 0 enqueued
[38.564s][info][gc,ref      ] GC(83) Weak: 9 encountered, 0 discovered, 0 enqueued
[38.564s][info][gc,ref      ] GC(83) Final: 0 encountered, 0 discovered, 0 enqueued
[38.564s][info][gc,ref      ] GC(83) Phantom: 3 encountered, 2 discovered, 0 enqueued
[38.564s][info][gc,reloc    ] GC(83) Small Pages: 4 / 8M, Empty: 0M, Relocated: 0M, In-Place: 0
[38.564s][info][gc,reloc    ] GC(83) Medium Pages: 0 / 0M, Empty: 0M, Relocated: 0M, In-Place: 0
[38.564s][info][gc,reloc    ] GC(83) Large Pages: 0 / 0M, Empty: 0M, Relocated: 0M, In-Place: 0
[38.564s][info][gc,reloc    ] GC(83) Forwarding Usage: 0M
[38.564s][info][gc,heap     ] GC(83) Min Capacity: 8192M(100%)
[38.564s][info][gc,heap     ] GC(83) Max Capacity: 8192M(100%)
[38.564s][info][gc,heap     ] GC(83) Soft Max Capacity: 8192M(100%)
[38.564s][info][gc,heap     ] GC(83)                Mark Start          Mark End        Relocate Start      Relocate End           High               Low         
[38.564s][info][gc,heap     ] GC(83)  Capacity:     8192M (100%)       8192M (100%)       8192M (100%)       8192M (100%)       8192M (100%)       8192M (100%)   
[38.564s][info][gc,heap     ] GC(83)      Free:     8184M (100%)       8184M (100%)       8184M (100%)       8186M (100%)       8186M (100%)       8178M (100%)   
[38.564s][info][gc,heap     ] GC(83)      Used:        8M (0%)            8M (0%)            8M (0%)            6M (0%)           14M (0%)            6M (0%)     
[38.564s][info][gc,heap     ] GC(83)      Live:         -                 0M (0%)            0M (0%)            0M (0%)             -                  -          
[38.564s][info][gc,heap     ] GC(83) Allocated:         -                 0M (0%)            0M (0%)            0M (0%)             -                  -          
[38.564s][info][gc,heap     ] GC(83)   Garbage:         -                 7M (0%)            7M (0%)            5M (0%)             -                  -          
[38.564s][info][gc,heap     ] GC(83) Reclaimed:         -                  -                 0M (0%)            2M (0%)             -                  -          
[38.564s][info][gc          ] GC(83) Garbage Collection (System.gc()) 8M(0%)->6M(0%)
[39.017s][info][gc,start    ] GC(84) Garbage Collection (System.gc())
[39.017s][info][gc,task     ] GC(84) Using 3 workers
[39.017s][info][gc,phases   ] GC(84) Pause Mark Start 0.012ms
[39.021s][info][gc,phases   ] GC(84) Concurrent Mark 3.250ms
[39.021s][info][gc,phases   ] GC(84) Pause Mark End 0.015ms
[39.021s][info][gc,phases   ] GC(84) Concurrent Mark Free 0.000ms
[39.021s][info][gc,phases   ] GC(84) Concurrent Process Non-Strong References 0.372ms
[39.021s][info][gc,phases   ] GC(84) Concurrent Reset Relocation Set 0.002ms
[39.026s][info][gc,phases   ] GC(84) Concurrent Select Relocation Set 4.664ms
[39.026s][info][gc,phases   ] GC(84) Pause Relocate Start 0.007ms
[39.027s][info][gc,phases   ] GC(84) Concurrent Relocate 0.661ms
[39.027s][info][gc,load     ] GC(84) Load: 1.37/1.38/1.58
[39.027s][info][gc,mmu      ] GC(84) MMU: 2ms/93.3%, 5ms/97.3%, 10ms/98.3%, 20ms/99.2%, 50ms/99.7%, 100ms/99.8%
[39.027s][info][gc,marking  ] GC(84) Mark: 2 stripe(s), 2 proactive flush(es), 1 terminate flush(es), 0 completion(s), 0 continuation(s) 
[39.027s][info][gc,marking  ] GC(84) Mark Stack Usage: 32M
[39.027s][info][gc,nmethod  ] GC(84) NMethods: 235 registered, 7 unregistered
[39.027s][info][gc,metaspace] GC(84) Metaspace: 0M used, 0M committed, 1088M reserved
[39.027s][info][gc,ref      ] GC(84) Soft: 2 encountered, 0 discovered, 0 enqueued
[39.027s][info][gc,ref      ] GC(84) Weak: 9 encountered, 0 discovered, 0 enqueued
[39.027s][info][gc,ref      ] GC(84) Final: 0 encountered, 0 discovered, 0 enqueued
[39.027s][info][gc,ref      ] GC(84) Phantom: 3 encountered, 2 discovered, 0 enqueued
[39.027s][info][gc,reloc    ] GC(84) Small Pages: 4 / 8M, Empty: 0M, Relocated: 0M, In-Place: 0
[39.027s][info][gc,reloc    ] GC(84) Medium Pages: 0 / 0M, Empty: 0M, Relocated: 0M, In-Place: 0
[39.027s][info][gc,reloc    ] GC(84) Large Pages: 0 / 0M, Empty: 0M, Relocated: 0M, In-Place: 0
[39.027s][info][gc,reloc    ] GC(84) Forwarding Usage: 0M
[39.027s][info][gc,heap     ] GC(84) Min Capacity: 8192M(100%)
[39.027s][info][gc,heap     ] GC(84) Max Capacity: 8192M(100%)
[39.027s][info][gc,heap     ] GC(84) Soft Max Capacity: 8192M(100%)
[39.027s][info][gc,heap     ] GC(84)                Mark Start          Mark End        Relocate Start      Relocate End           High               Low         
[39.027s][info][gc,heap     ] GC(84)  Capacity:     8192M (100%)       8192M (100%)       8192M (100%)       8192M (100%)       8192M (100%)       8192M (100%)   
[39.027s][info][gc,heap     ] GC(84)      Free:     8184M (100%)       8184M (100%)       8184M (100%)       8186M (100%)       8186M (100%)       8178M (100%)   
[39.027s][info][gc,heap     ] GC(84)      Used:        8M (0%)            8M (0%)            8M (0%)            6M (0%)           14M (0%)            6M (0%)     
[39.027s][info][gc,heap     ] GC(84)      Live:         -                 0M (0%)            0M (0%)            0M (0%)             -                  -          
[39.027s][info][gc,heap     ] GC(84) Allocated:         -                 0M (0%)            0M (0%)            0M (0%)             -                  -          
[39.027s][info][gc,heap     ] GC(84)   Garbage:         -                 7M (0%)            7M (0%)            5M (0%)             -                  -          
[39.027s][info][gc,heap     ] GC(84) Reclaimed:         -                  -                 0M (0%)            2M (0%)             -                  -          
[39.027s][info][gc          ] GC(84) Garbage Collection (System.gc()) 8M(0%)->6M(0%)
[39.482s][info][gc,start    ] GC(85) Garbage Collection (System.gc())
[39.482s][info][gc,task     ] GC(85) Using 3 workers
[39.482s][info][gc,phases   ] GC(85) Pause Mark Start 0.013ms
[39.486s][info][gc,phases   ] GC(85) Concurrent Mark 2.808ms
[39.486s][info][gc,phases   ] GC(85) Pause Mark End 0.015ms
[39.486s][info][gc,phases   ] GC(85) Concurrent Mark Free 0.000ms
[39.487s][info][gc,phases   ] GC(85) Concurrent Process Non-Strong References 0.503ms
[39.487s][info][gc,phases   ] GC(85) Concurrent Reset Relocation Set 0.001ms
[39.491s][info][gc,phases   ] GC(85) Concurrent Select Relocation Set 4.345ms
[39.491s][info][gc,phases   ] GC(85) Pause Relocate Start 0.006ms
[39.492s][info][gc,phases   ] GC(85) Concurrent Relocate 0.692ms
[39.492s][info][gc,load     ] GC(85) Load: 1.37/1.38/1.58
[39.492s][info][gc,mmu      ] GC(85) MMU: 2ms/93.3%, 5ms/97.3%, 10ms/98.3%, 20ms/99.2%, 50ms/99.7%, 100ms/99.8%
[39.492s][info][gc,marking  ] GC(85) Mark: 2 stripe(s), 2 proactive flush(es), 1 terminate flush(es), 0 completion(s), 0 continuation(s) 
[39.492s][info][gc,marking  ] GC(85) Mark Stack Usage: 32M
[39.492s][info][gc,nmethod  ] GC(85) NMethods: 249 registered, 7 unregistered
[39.492s][info][gc,metaspace] GC(85) Metaspace: 0M used, 0M committed, 1088M reserved
[39.492s][info][gc,ref      ] GC(85) Soft: 2 encountered, 0 discovered, 0 enqueued
[39.492s][info][gc,ref      ] GC(85) Weak: 9 encountered, 0 discovered, 0 enqueued
[39.492s][info][gc,ref      ] GC(85) Final: 0 encountered, 0 discovered, 0 enqueued
[39.492s][info][gc,ref      ] GC(85) Phantom: 3 encountered, 2 discovered, 0 enqueued
[39.492s][info][gc,reloc    ] GC(85) Small Pages: 4 / 8M, Empty: 0M, Relocated: 0M, In-Place: 0
[39.492s][info][gc,reloc    ] GC(85) Medium Pages: 0 / 0M, Empty: 0M, Relocated: 0M, In-Place: 0
[39.492s][info][gc,reloc    ] GC(85) Large Pages: 0 / 0M, Empty: 0M, Relocated: 0M, In-Place: 0
[39.492s][info][gc,reloc    ] GC(85) Forwarding Usage: 0M
[39.492s][info][gc,heap     ] GC(85) Min Capacity: 8192M(100%)
[39.492s][info][gc,heap     ] GC(85) Max Capacity: 8192M(100%)
[39.492s][info][gc,heap     ] GC(85) Soft Max Capacity: 8192M(100%)
[39.492s][info][gc,heap     ] GC(85)                Mark Start          Mark End        Relocate Start      Relocate End           High               Low         
[39.492s][info][gc,heap     ] GC(85)  Capacity:     8192M (100%)       8192M (100%)       8192M (100%)       8192M (100%)       8192M (100%)       8192M (100%)   
[39.492s][info][gc,heap     ] GC(85)      Free:     8184M (100%)       8182M (100%)       8182M (100%)       8184M (100%)       8184M (100%)       8176M (100%)   
[39.492s][info][gc,heap     ] GC(85)      Used:        8M (0%)           10M (0%)           10M (0%)            8M (0%)           16M (0%)            8M (0%)     
[39.492s][info][gc,heap     ] GC(85)      Live:         -                 0M (0%)            0M (0%)            0M (0%)             -                  -          
[39.492s][info][gc,heap     ] GC(85) Allocated:         -                 2M (0%)            2M (0%)            2M (0%)             -                  -          
[39.492s][info][gc,heap     ] GC(85)   Garbage:         -                 7M (0%)            7M (0%)            5M (0%)             -                  -          
[39.492s][info][gc,heap     ] GC(85) Reclaimed:         -                  -                 0M (0%)            2M (0%)             -                  -          
[39.492s][info][gc          ] GC(85) Garbage Collection (System.gc()) 8M(0%)->8M(0%)
[39.948s][info][gc,start    ] GC(86) Garbage Collection (System.gc())
[39.948s][info][gc,task     ] GC(86) Using 3 workers
[39.948s][info][gc,phases   ] GC(86) Pause Mark Start 0.023ms
[39.953s][info][gc,phases   ] GC(86) Concurrent Mark 5.038ms
[39.953s][info][gc,phases   ] GC(86) Pause Mark End 0.013ms
[39.953s][info][gc,phases   ] GC(86) Concurrent Mark Free 0.000ms
[39.954s][info][gc,phases   ] GC(86) Concurrent Process Non-Strong References 0.553ms
[39.954s][info][gc,phases   ] GC(86) Concurrent Reset Relocation Set 0.002ms
[39.958s][info][gc,phases   ] GC(86) Concurrent Select Relocation Set 4.159ms
[39.958s][info][gc,phases   ] GC(86) Pause Relocate Start 0.007ms
[39.959s][info][gc,phases   ] GC(86) Concurrent Relocate 0.698ms
[39.959s][info][gc,load     ] GC(86) Load: 1.34/1.37/1.58
[39.959s][info][gc,mmu      ] GC(86) MMU: 2ms/93.3%, 5ms/97.3%, 10ms/98.3%, 20ms/99.2%, 50ms/99.7%, 100ms/99.8%
[39.959s][info][gc,marking  ] GC(86) Mark: 2 stripe(s), 1 proactive flush(es), 1 terminate flush(es), 0 completion(s), 0 continuation(s) 
[39.959s][info][gc,marking  ] GC(86) Mark Stack Usage: 32M
[39.959s][info][gc,nmethod  ] GC(86) NMethods: 252 registered, 7 unregistered
[39.959s][info][gc,metaspace] GC(86) Metaspace: 0M used, 0M committed, 1088M reserved
[39.959s][info][gc,ref      ] GC(86) Soft: 2 encountered, 0 discovered, 0 enqueued
[39.959s][info][gc,ref      ] GC(86) Weak: 9 encountered, 0 discovered, 0 enqueued
[39.959s][info][gc,ref      ] GC(86) Final: 0 encountered, 0 discovered, 0 enqueued
[39.959s][info][gc,ref      ] GC(86) Phantom: 3 encountered, 2 discovered, 0 enqueued
[39.959s][info][gc,reloc    ] GC(86) Small Pages: 4 / 8M, Empty: 0M, Relocated: 0M, In-Place: 0
[39.959s][info][gc,reloc    ] GC(86) Medium Pages: 0 / 0M, Empty: 0M, Relocated: 0M, In-Place: 0
[39.959s][info][gc,reloc    ] GC(86) Large Pages: 0 / 0M, Empty: 0M, Relocated: 0M, In-Place: 0
[39.959s][info][gc,reloc    ] GC(86) Forwarding Usage: 0M
[39.959s][info][gc,heap     ] GC(86) Min Capacity: 8192M(100%)
[39.959s][info][gc,heap     ] GC(86) Max Capacity: 8192M(100%)
[39.959s][info][gc,heap     ] GC(86) Soft Max Capacity: 8192M(100%)
[39.959s][info][gc,heap     ] GC(86)                Mark Start          Mark End        Relocate Start      Relocate End           High               Low         
[39.959s][info][gc,heap     ] GC(86)  Capacity:     8192M (100%)       8192M (100%)       8192M (100%)       8192M (100%)       8192M (100%)       8192M (100%)   
[39.959s][info][gc,heap     ] GC(86)      Free:     8184M (100%)       8184M (100%)       8184M (100%)       8186M (100%)       8186M (100%)       8180M (100%)   
[39.959s][info][gc,heap     ] GC(86)      Used:        8M (0%)            8M (0%)            8M (0%)            6M (0%)           12M (0%)            6M (0%)     
[39.959s][info][gc,heap     ] GC(86)      Live:         -                 0M (0%)            0M (0%)            0M (0%)             -                  -          
[39.959s][info][gc,heap     ] GC(86) Allocated:         -                 0M (0%)            0M (0%)            0M (0%)             -                  -          
[39.959s][info][gc,heap     ] GC(86)   Garbage:         -                 7M (0%)            7M (0%)            5M (0%)             -                  -          
[39.959s][info][gc,heap     ] GC(86) Reclaimed:         -                  -                 0M (0%)            2M (0%)             -                  -          
[39.959s][info][gc          ] GC(86) Garbage Collection (System.gc()) 8M(0%)->6M(0%)
[40.015s][info][gc,stats    ] === Garbage Collection Statistics =======================================================================================================================
[40.015s][info][gc,stats    ]                                                              Last 10s              Last 10m              Last 10h                Total
[40.015s][info][gc,stats    ]                                                              Avg / Max             Avg / Max             Avg / Max             Avg / Max
[40.015s][info][gc,stats    ]   Collector: Garbage Collection Cycle                      9.394 / 15.718        8.731 / 15.718        8.731 / 15.718        8.731 / 15.718      ms
[40.015s][info][gc,stats    ]  Contention: Mark Segment Reset Contention                     0 / 3                 1 / 4                 1 / 4                 1 / 4           ops/s
[40.015s][info][gc,stats    ]  Contention: Mark SeqNum Reset Contention                      0 / 2                 1 / 3                 1 / 3                 1 / 3           ops/s
[40.015s][info][gc,stats    ]    Critical: Allocation Stall                                  0 / 0                 0 / 0                 0 / 0                 0 / 0           ops/s
[40.015s][info][gc,stats    ]    Critical: Allocation Stall                              0.000 / 0.000         0.000 / 0.000         0.000 / 0.000         0.000 / 0.000       ms
[40.015s][info][gc,stats    ]    Critical: GC Locker Stall                                   0 / 0                 0 / 0                 0 / 0                 0 / 0           ops/s
[40.015s][info][gc,stats    ]    Critical: GC Locker Stall                               0.000 / 0.000         0.000 / 0.000         0.000 / 0.000         0.000 / 0.000       ms
[40.015s][info][gc,stats    ]    Critical: Relocation Stall                                  0 / 0                 0 / 0                 0 / 0                 0 / 0           ops/s
[40.015s][info][gc,stats    ]    Critical: Relocation Stall                              0.000 / 0.000         0.000 / 0.000         0.000 / 0.000         0.000 / 0.000       ms
[40.015s][info][gc,stats    ]      Memory: Allocation Rate                                   4 / 6                 4 / 6                 4 / 6                 4 / 6           MB/s
[40.015s][info][gc,stats    ]      Memory: Defragment                                        0 / 0                 0 / 0                 0 / 0                 0 / 0           ops/s
[40.015s][info][gc,stats    ]      Memory: Out Of Memory                                     0 / 0                 0 / 0                 0 / 0                 0 / 0           ops/s
[40.015s][info][gc,stats    ]      Memory: Page Cache Flush                                  0 / 0                 0 / 0                 0 / 0                 0 / 0           MB/s
[40.015s][info][gc,stats    ]      Memory: Page Cache Hit L1                                 8 / 12                8 / 12                8 / 12                8 / 12          ops/s
[40.015s][info][gc,stats    ]      Memory: Page Cache Hit L2                                 0 / 0                 0 / 0                 0 / 0                 0 / 0           ops/s
[40.015s][info][gc,stats    ]      Memory: Page Cache Hit L3                                 0 / 1                 0 / 6                 0 / 6                 0 / 6           ops/s
[40.015s][info][gc,stats    ]      Memory: Page Cache Miss                                   0 / 0                 0 / 1                 0 / 1                 0 / 1           ops/s
[40.015s][info][gc,stats    ]      Memory: Uncommit                                          0 / 0                 0 / 0                 0 / 0                 0 / 0           MB/s
[40.015s][info][gc,stats    ]      Memory: Undo Object Allocation Failed                     0 / 0                 0 / 0                 0 / 0                 0 / 0           ops/s
[40.015s][info][gc,stats    ]      Memory: Undo Object Allocation Succeeded                  0 / 0                 0 / 0                 0 / 0                 0 / 0           ops/s
[40.015s][info][gc,stats    ]      Memory: Undo Page Allocation                              0 / 0                 0 / 0                 0 / 0                 0 / 0           ops/s
[40.015s][info][gc,stats    ]       Phase: Concurrent Mark                               2.939 / 5.038         2.533 / 5.038         2.533 / 5.038         2.533 / 5.038       ms
[40.015s][info][gc,stats    ]       Phase: Concurrent Mark Continue                      0.000 / 0.000         0.000 / 0.000         0.000 / 0.000         0.000 / 0.000       ms
[40.015s][info][gc,stats    ]       Phase: Concurrent Mark Free                          0.001 / 0.002         0.001 / 0.002         0.001 / 0.002         0.001 / 0.002       ms
[40.015s][info][gc,stats    ]       Phase: Concurrent Process Non-Strong References      0.918 / 3.282         0.770 / 3.282         0.770 / 3.282         0.770 / 3.282       ms
[40.015s][info][gc,stats    ]       Phase: Concurrent Relocate                           0.575 / 0.698         0.604 / 0.965         0.604 / 0.965         0.604 / 0.965       ms
[40.015s][info][gc,stats    ]       Phase: Concurrent Reset Relocation Set               0.002 / 0.003         0.002 / 0.005         0.002 / 0.005         0.002 / 0.005       ms
[40.015s][info][gc,stats    ]       Phase: Concurrent Select Relocation Set              4.377 / 9.641         4.228 / 9.641         4.228 / 9.641         4.228 / 9.641       ms
[40.015s][info][gc,stats    ]       Phase: Pause Mark End                                0.014 / 0.022         0.013 / 0.034         0.013 / 0.034         0.013 / 0.034       ms
[40.015s][info][gc,stats    ]       Phase: Pause Mark Start                              0.011 / 0.023         0.010 / 0.023         0.010 / 0.023         0.010 / 0.023       ms
[40.015s][info][gc,stats    ]       Phase: Pause Relocate Start                          0.006 / 0.010         0.009 / 0.134         0.009 / 0.134         0.009 / 0.134       ms
[40.015s][info][gc,stats    ]    Subphase: Concurrent Classes Purge                      0.032 / 0.181         0.031 / 0.287         0.031 / 0.287         0.031 / 0.287       ms
[40.015s][info][gc,stats    ]    Subphase: Concurrent Classes Unlink                     0.709 / 2.893         0.606 / 2.893         0.606 / 2.893         0.606 / 2.893       ms
[40.015s][info][gc,stats    ]    Subphase: Concurrent Mark                               1.743 / 2.615         1.655 / 3.062         1.655 / 3.062         1.655 / 3.062       ms
[40.015s][info][gc,stats    ]    Subphase: Concurrent Mark Try Flush                     0.057 / 0.275         0.038 / 0.275         0.038 / 0.275         0.038 / 0.275       ms
[40.015s][info][gc,stats    ]    Subphase: Concurrent Mark Try Terminate                 0.643 / 1.288         0.636 / 1.355         0.636 / 1.355         0.636 / 1.355       ms
[40.015s][info][gc,stats    ]    Subphase: Concurrent References Enqueue                 0.000 / 0.001         0.000 / 0.001         0.000 / 0.001         0.000 / 0.001       ms
[40.015s][info][gc,stats    ]    Subphase: Concurrent References Process                 0.044 / 0.058         0.028 / 0.058         0.028 / 0.058         0.028 / 0.058       ms
[40.015s][info][gc,stats    ]    Subphase: Concurrent Roots ClassLoaderDataGraph         0.121 / 2.288         0.092 / 2.288         0.092 / 2.288         0.092 / 2.288       ms
[40.015s][info][gc,stats    ]    Subphase: Concurrent Roots CodeCache                    0.000 / 0.000         0.000 / 0.000         0.000 / 0.000         0.000 / 0.000       ms
[40.015s][info][gc,stats    ]    Subphase: Concurrent Roots JavaThreads                  0.161 / 0.715         0.155 / 0.715         0.155 / 0.715         0.155 / 0.715       ms
[40.015s][info][gc,stats    ]    Subphase: Concurrent Roots OopStorageSet                0.012 / 0.033         0.012 / 0.307         0.012 / 0.307         0.012 / 0.307       ms
[40.015s][info][gc,stats    ]    Subphase: Concurrent Weak Roots OopStorageSet           0.041 / 0.091         0.036 / 0.156         0.036 / 0.156         0.036 / 0.156       ms
[40.015s][info][gc,stats    ]    Subphase: Pause Mark Try Complete                       0.000 / 0.000         0.000 / 0.000         0.000 / 0.000         0.000 / 0.000       ms
[40.015s][info][gc,stats    ]      System: Java Threads                                     10 / 10               10 / 10               10 / 10               10 / 10          threads
[40.015s][info][gc,stats    ] =========================================================================================================================================================
[40.415s][info][gc,start    ] GC(87) Garbage Collection (System.gc())
[40.415s][info][gc,task     ] GC(87) Using 3 workers
[40.415s][info][gc,phases   ] GC(87) Pause Mark Start 0.014ms
[40.421s][info][gc,phases   ] GC(87) Concurrent Mark 3.479ms
[40.421s][info][gc,phases   ] GC(87) Pause Mark End 0.017ms
[40.421s][info][gc,phases   ] GC(87) Concurrent Mark Free 0.001ms
[40.427s][info][gc,phases   ] GC(87) Concurrent Process Non-Strong References 5.941ms
[40.427s][info][gc,phases   ] GC(87) Concurrent Reset Relocation Set 0.002ms
[40.431s][info][gc,phases   ] GC(87) Concurrent Select Relocation Set 3.969ms
[40.431s][info][gc,phases   ] GC(87) Pause Relocate Start 0.011ms
[40.432s][info][gc,phases   ] GC(87) Concurrent Relocate 0.745ms
[40.432s][info][gc,load     ] GC(87) Load: 1.34/1.37/1.58
[40.432s][info][gc,mmu      ] GC(87) MMU: 2ms/93.3%, 5ms/97.3%, 10ms/98.3%, 20ms/99.2%, 50ms/99.7%, 100ms/99.8%
[40.432s][info][gc,marking  ] GC(87) Mark: 2 stripe(s), 1 proactive flush(es), 1 terminate flush(es), 0 completion(s), 0 continuation(s) 
[40.432s][info][gc,marking  ] GC(87) Mark Stack Usage: 32M
[40.432s][info][gc,nmethod  ] GC(87) NMethods: 253 registered, 7 unregistered
[40.432s][info][gc,metaspace] GC(87) Metaspace: 0M used, 0M committed, 1088M reserved
[40.432s][info][gc,ref      ] GC(87) Soft: 2 encountered, 0 discovered, 0 enqueued
[40.432s][info][gc,ref      ] GC(87) Weak: 9 encountered, 0 discovered, 0 enqueued
[40.432s][info][gc,ref      ] GC(87) Final: 0 encountered, 0 discovered, 0 enqueued
[40.432s][info][gc,ref      ] GC(87) Phantom: 3 encountered, 2 discovered, 0 enqueued
[40.432s][info][gc,reloc    ] GC(87) Small Pages: 4 / 8M, Empty: 0M, Relocated: 0M, In-Place: 0
[40.432s][info][gc,reloc    ] GC(87) Medium Pages: 0 / 0M, Empty: 0M, Relocated: 0M, In-Place: 0
[40.432s][info][gc,reloc    ] GC(87) Large Pages: 0 / 0M, Empty: 0M, Relocated: 0M, In-Place: 0
[40.432s][info][gc,reloc    ] GC(87) Forwarding Usage: 0M
[40.432s][info][gc,heap     ] GC(87) Min Capacity: 8192M(100%)
[40.432s][info][gc,heap     ] GC(87) Max Capacity: 8192M(100%)
[40.432s][info][gc,heap     ] GC(87) Soft Max Capacity: 8192M(100%)
[40.432s][info][gc,heap     ] GC(87)                Mark Start          Mark End        Relocate Start      Relocate End           High               Low         
[40.432s][info][gc,heap     ] GC(87)  Capacity:     8192M (100%)       8192M (100%)       8192M (100%)       8192M (100%)       8192M (100%)       8192M (100%)   
[40.432s][info][gc,heap     ] GC(87)      Free:     8184M (100%)       8184M (100%)       8184M (100%)       8186M (100%)       8186M (100%)       8178M (100%)   
[40.432s][info][gc,heap     ] GC(87)      Used:        8M (0%)            8M (0%)            8M (0%)            6M (0%)           14M (0%)            6M (0%)     
[40.432s][info][gc,heap     ] GC(87)      Live:         -                 0M (0%)            0M (0%)            0M (0%)             -                  -          
[40.432s][info][gc,heap     ] GC(87) Allocated:         -                 0M (0%)            0M (0%)            0M (0%)             -                  -          
[40.432s][info][gc,heap     ] GC(87)   Garbage:         -                 7M (0%)            7M (0%)            5M (0%)             -                  -          
[40.432s][info][gc,heap     ] GC(87) Reclaimed:         -                  -                 0M (0%)            2M (0%)             -                  -          
[40.432s][info][gc          ] GC(87) Garbage Collection (System.gc()) 8M(0%)->6M(0%)
[40.887s][info][gc,start    ] GC(88) Garbage Collection (System.gc())
[40.888s][info][gc,task     ] GC(88) Using 3 workers
[40.888s][info][gc,phases   ] GC(88) Pause Mark Start 0.010ms
[40.890s][info][gc,phases   ] GC(88) Concurrent Mark 2.657ms
[40.890s][info][gc,phases   ] GC(88) Pause Mark End 0.007ms
[40.890s][info][gc,phases   ] GC(88) Concurrent Mark Free 0.000ms
[40.892s][info][gc,phases   ] GC(88) Concurrent Process Non-Strong References 1.176ms
[40.892s][info][gc,phases   ] GC(88) Concurrent Reset Relocation Set 0.002ms
[40.896s][info][gc,phases   ] GC(88) Concurrent Select Relocation Set 4.163ms
[40.896s][info][gc,phases   ] GC(88) Pause Relocate Start 0.009ms
[40.896s][info][gc,phases   ] GC(88) Concurrent Relocate 0.553ms
[40.896s][info][gc,load     ] GC(88) Load: 1.34/1.37/1.58
[40.896s][info][gc,mmu      ] GC(88) MMU: 2ms/93.3%, 5ms/97.3%, 10ms/98.3%, 20ms/99.2%, 50ms/99.7%, 100ms/99.8%
[40.896s][info][gc,marking  ] GC(88) Mark: 2 stripe(s), 1 proactive flush(es), 1 terminate flush(es), 0 completion(s), 0 continuation(s) 
[40.897s][info][gc,marking  ] GC(88) Mark Stack Usage: 32M
[40.897s][info][gc,nmethod  ] GC(88) NMethods: 253 registered, 7 unregistered
[40.897s][info][gc,metaspace] GC(88) Metaspace: 0M used, 0M committed, 1088M reserved
[40.897s][info][gc,ref      ] GC(88) Soft: 2 encountered, 0 discovered, 0 enqueued
[40.897s][info][gc,ref      ] GC(88) Weak: 9 encountered, 0 discovered, 0 enqueued
[40.897s][info][gc,ref      ] GC(88) Final: 0 encountered, 0 discovered, 0 enqueued
[40.897s][info][gc,ref      ] GC(88) Phantom: 3 encountered, 2 discovered, 0 enqueued
[40.897s][info][gc,reloc    ] GC(88) Small Pages: 4 / 8M, Empty: 0M, Relocated: 0M, In-Place: 0
[40.897s][info][gc,reloc    ] GC(88) Medium Pages: 0 / 0M, Empty: 0M, Relocated: 0M, In-Place: 0
[40.897s][info][gc,reloc    ] GC(88) Large Pages: 0 / 0M, Empty: 0M, Relocated: 0M, In-Place: 0
[40.897s][info][gc,reloc    ] GC(88) Forwarding Usage: 0M
[40.897s][info][gc,heap     ] GC(88) Min Capacity: 8192M(100%)
[40.897s][info][gc,heap     ] GC(88) Max Capacity: 8192M(100%)
[40.897s][info][gc,heap     ] GC(88) Soft Max Capacity: 8192M(100%)
[40.897s][info][gc,heap     ] GC(88)                Mark Start          Mark End        Relocate Start      Relocate End           High               Low         
[40.897s][info][gc,heap     ] GC(88)  Capacity:     8192M (100%)       8192M (100%)       8192M (100%)       8192M (100%)       8192M (100%)       8192M (100%)   
[40.897s][info][gc,heap     ] GC(88)      Free:     8184M (100%)       8184M (100%)       8184M (100%)       8186M (100%)       8186M (100%)       8178M (100%)   
[40.897s][info][gc,heap     ] GC(88)      Used:        8M (0%)            8M (0%)            8M (0%)            6M (0%)           14M (0%)            6M (0%)     
[40.897s][info][gc,heap     ] GC(88)      Live:         -                 0M (0%)            0M (0%)            0M (0%)             -                  -          
[40.897s][info][gc,heap     ] GC(88) Allocated:         -                 0M (0%)            0M (0%)            0M (0%)             -                  -          
[40.897s][info][gc,heap     ] GC(88)   Garbage:         -                 7M (0%)            7M (0%)            5M (0%)             -                  -          
[40.897s][info][gc,heap     ] GC(88) Reclaimed:         -                  -                 0M (0%)            2M (0%)             -                  -          
[40.897s][info][gc          ] GC(88) Garbage Collection (System.gc()) 8M(0%)->6M(0%)
[41.353s][info][gc,start    ] GC(89) Garbage Collection (System.gc())
[41.353s][info][gc,task     ] GC(89) Using 3 workers
[41.353s][info][gc,phases   ] GC(89) Pause Mark Start 0.007ms
[41.355s][info][gc,phases   ] GC(89) Concurrent Mark 1.982ms
[41.355s][info][gc,phases   ] GC(89) Pause Mark End 0.013ms
[41.355s][info][gc,phases   ] GC(89) Concurrent Mark Free 0.000ms
[41.356s][info][gc,phases   ] GC(89) Concurrent Process Non-Strong References 1.055ms
[41.356s][info][gc,phases   ] GC(89) Concurrent Reset Relocation Set 0.005ms
[41.360s][info][gc,phases   ] GC(89) Concurrent Select Relocation Set 3.809ms
[41.360s][info][gc,phases   ] GC(89) Pause Relocate Start 0.011ms
[41.361s][info][gc,phases   ] GC(89) Concurrent Relocate 0.545ms
[41.361s][info][gc,load     ] GC(89) Load: 1.34/1.37/1.58
[41.361s][info][gc,mmu      ] GC(89) MMU: 2ms/93.3%, 5ms/97.3%, 10ms/98.3%, 20ms/99.2%, 50ms/99.7%, 100ms/99.8%
[41.361s][info][gc,marking  ] GC(89) Mark: 2 stripe(s), 1 proactive flush(es), 1 terminate flush(es), 0 completion(s), 0 continuation(s) 
[41.361s][info][gc,marking  ] GC(89) Mark Stack Usage: 32M
[41.361s][info][gc,nmethod  ] GC(89) NMethods: 253 registered, 7 unregistered
[41.361s][info][gc,metaspace] GC(89) Metaspace: 0M used, 0M committed, 1088M reserved
[41.361s][info][gc,ref      ] GC(89) Soft: 2 encountered, 0 discovered, 0 enqueued
[41.361s][info][gc,ref      ] GC(89) Weak: 9 encountered, 0 discovered, 0 enqueued
[41.361s][info][gc,ref      ] GC(89) Final: 0 encountered, 0 discovered, 0 enqueued
[41.361s][info][gc,ref      ] GC(89) Phantom: 3 encountered, 2 discovered, 0 enqueued
[41.361s][info][gc,reloc    ] GC(89) Small Pages: 4 / 8M, Empty: 0M, Relocated: 0M, In-Place: 0
[41.361s][info][gc,reloc    ] GC(89) Medium Pages: 0 / 0M, Empty: 0M, Relocated: 0M, In-Place: 0
[41.361s][info][gc,reloc    ] GC(89) Large Pages: 0 / 0M, Empty: 0M, Relocated: 0M, In-Place: 0
[41.361s][info][gc,reloc    ] GC(89) Forwarding Usage: 0M
[41.361s][info][gc,heap     ] GC(89) Min Capacity: 8192M(100%)
[41.361s][info][gc,heap     ] GC(89) Max Capacity: 8192M(100%)
[41.361s][info][gc,heap     ] GC(89) Soft Max Capacity: 8192M(100%)
[41.361s][info][gc,heap     ] GC(89)                Mark Start          Mark End        Relocate Start      Relocate End           High               Low         
[41.361s][info][gc,heap     ] GC(89)  Capacity:     8192M (100%)       8192M (100%)       8192M (100%)       8192M (100%)       8192M (100%)       8192M (100%)   
[41.361s][info][gc,heap     ] GC(89)      Free:     8184M (100%)       8184M (100%)       8184M (100%)       8186M (100%)       8186M (100%)       8178M (100%)   
[41.361s][info][gc,heap     ] GC(89)      Used:        8M (0%)            8M (0%)            8M (0%)            6M (0%)           14M (0%)            6M (0%)     
[41.361s][info][gc,heap     ] GC(89)      Live:         -                 0M (0%)            0M (0%)            0M (0%)             -                  -          
[41.361s][info][gc,heap     ] GC(89) Allocated:         -                 0M (0%)            0M (0%)            0M (0%)             -                  -          
[41.361s][info][gc,heap     ] GC(89)   Garbage:         -                 7M (0%)            7M (0%)            5M (0%)             -                  -          
[41.361s][info][gc,heap     ] GC(89) Reclaimed:         -                  -                 0M (0%)            2M (0%)             -                  -          
[41.361s][info][gc          ] GC(89) Garbage Collection (System.gc()) 8M(0%)->6M(0%)
[41.817s][info][gc,start    ] GC(90) Garbage Collection (System.gc())
[41.817s][info][gc,task     ] GC(90) Using 3 workers
[41.817s][info][gc,phases   ] GC(90) Pause Mark Start 0.012ms
[41.824s][info][gc,phases   ] GC(90) Concurrent Mark 7.055ms
[41.824s][info][gc,phases   ] GC(90) Pause Mark End 0.023ms
[41.824s][info][gc,phases   ] GC(90) Concurrent Mark Free 0.001ms
[41.825s][info][gc,phases   ] GC(90) Concurrent Process Non-Strong References 0.985ms
[41.825s][info][gc,phases   ] GC(90) Concurrent Reset Relocation Set 0.001ms
[41.829s][info][gc,phases   ] GC(90) Concurrent Select Relocation Set 4.014ms
[41.830s][info][gc,phases   ] GC(90) Pause Relocate Start 0.007ms
[41.830s][info][gc,phases   ] GC(90) Concurrent Relocate 0.486ms
[41.830s][info][gc,load     ] GC(90) Load: 1.34/1.37/1.58
[41.830s][info][gc,mmu      ] GC(90) MMU: 2ms/93.3%, 5ms/97.3%, 10ms/98.3%, 20ms/99.2%, 50ms/99.7%, 100ms/99.8%
[41.830s][info][gc,marking  ] GC(90) Mark: 2 stripe(s), 1 proactive flush(es), 1 terminate flush(es), 0 completion(s), 0 continuation(s) 
[41.830s][info][gc,marking  ] GC(90) Mark Stack Usage: 32M
[41.830s][info][gc,nmethod  ] GC(90) NMethods: 253 registered, 7 unregistered
[41.830s][info][gc,metaspace] GC(90) Metaspace: 0M used, 0M committed, 1088M reserved
[41.830s][info][gc,ref      ] GC(90) Soft: 2 encountered, 0 discovered, 0 enqueued
[41.830s][info][gc,ref      ] GC(90) Weak: 9 encountered, 0 discovered, 0 enqueued
[41.830s][info][gc,ref      ] GC(90) Final: 0 encountered, 0 discovered, 0 enqueued
[41.830s][info][gc,ref      ] GC(90) Phantom: 3 encountered, 2 discovered, 0 enqueued
[41.830s][info][gc,reloc    ] GC(90) Small Pages: 4 / 8M, Empty: 0M, Relocated: 0M, In-Place: 0
[41.830s][info][gc,reloc    ] GC(90) Medium Pages: 0 / 0M, Empty: 0M, Relocated: 0M, In-Place: 0
[41.830s][info][gc,reloc    ] GC(90) Large Pages: 0 / 0M, Empty: 0M, Relocated: 0M, In-Place: 0
[41.830s][info][gc,reloc    ] GC(90) Forwarding Usage: 0M
[41.830s][info][gc,heap     ] GC(90) Min Capacity: 8192M(100%)
[41.830s][info][gc,heap     ] GC(90) Max Capacity: 8192M(100%)
[41.830s][info][gc,heap     ] GC(90) Soft Max Capacity: 8192M(100%)
[41.830s][info][gc,heap     ] GC(90)                Mark Start          Mark End        Relocate Start      Relocate End           High               Low         
[41.830s][info][gc,heap     ] GC(90)  Capacity:     8192M (100%)       8192M (100%)       8192M (100%)       8192M (100%)       8192M (100%)       8192M (100%)   
[41.830s][info][gc,heap     ] GC(90)      Free:     8184M (100%)       8184M (100%)       8184M (100%)       8186M (100%)       8186M (100%)       8178M (100%)   
[41.830s][info][gc,heap     ] GC(90)      Used:        8M (0%)            8M (0%)            8M (0%)            6M (0%)           14M (0%)            6M (0%)     
[41.830s][info][gc,heap     ] GC(90)      Live:         -                 0M (0%)            0M (0%)            0M (0%)             -                  -          
[41.830s][info][gc,heap     ] GC(90) Allocated:         -                 0M (0%)            0M (0%)            0M (0%)             -                  -          
[41.830s][info][gc,heap     ] GC(90)   Garbage:         -                 7M (0%)            7M (0%)            5M (0%)             -                  -          
[41.830s][info][gc,heap     ] GC(90) Reclaimed:         -                  -                 0M (0%)            2M (0%)             -                  -          
[41.830s][info][gc          ] GC(90) Garbage Collection (System.gc()) 8M(0%)->6M(0%)
[42.285s][info][gc,start    ] GC(91) Garbage Collection (System.gc())
[42.285s][info][gc,task     ] GC(91) Using 3 workers
[42.286s][info][gc,phases   ] GC(91) Pause Mark Start 0.007ms
[42.288s][info][gc,phases   ] GC(91) Concurrent Mark 2.062ms
[42.288s][info][gc,phases   ] GC(91) Pause Mark End 0.009ms
[42.288s][info][gc,phases   ] GC(91) Concurrent Mark Free 0.000ms
[42.288s][info][gc,phases   ] GC(91) Concurrent Process Non-Strong References 0.733ms
[42.288s][info][gc,phases   ] GC(91) Concurrent Reset Relocation Set 0.001ms
[42.292s][info][gc,phases   ] GC(91) Concurrent Select Relocation Set 3.996ms
[42.292s][info][gc,phases   ] GC(91) Pause Relocate Start 0.006ms
[42.293s][info][gc,phases   ] GC(91) Concurrent Relocate 0.539ms
[42.293s][info][gc,load     ] GC(91) Load: 1.34/1.37/1.58
[42.293s][info][gc,mmu      ] GC(91) MMU: 2ms/93.3%, 5ms/97.3%, 10ms/98.3%, 20ms/99.2%, 50ms/99.7%, 100ms/99.8%
[42.293s][info][gc,marking  ] GC(91) Mark: 2 stripe(s), 1 proactive flush(es), 1 terminate flush(es), 0 completion(s), 0 continuation(s) 
[42.293s][info][gc,marking  ] GC(91) Mark Stack Usage: 32M
[42.293s][info][gc,nmethod  ] GC(91) NMethods: 253 registered, 7 unregistered
[42.293s][info][gc,metaspace] GC(91) Metaspace: 0M used, 0M committed, 1088M reserved
[42.293s][info][gc,ref      ] GC(91) Soft: 2 encountered, 0 discovered, 0 enqueued
[42.293s][info][gc,ref      ] GC(91) Weak: 9 encountered, 0 discovered, 0 enqueued
[42.293s][info][gc,ref      ] GC(91) Final: 0 encountered, 0 discovered, 0 enqueued
[42.293s][info][gc,ref      ] GC(91) Phantom: 3 encountered, 2 discovered, 0 enqueued
[42.293s][info][gc,reloc    ] GC(91) Small Pages: 4 / 8M, Empty: 0M, Relocated: 0M, In-Place: 0
[42.293s][info][gc,reloc    ] GC(91) Medium Pages: 0 / 0M, Empty: 0M, Relocated: 0M, In-Place: 0
[42.293s][info][gc,reloc    ] GC(91) Large Pages: 0 / 0M, Empty: 0M, Relocated: 0M, In-Place: 0
[42.293s][info][gc,reloc    ] GC(91) Forwarding Usage: 0M
[42.293s][info][gc,heap     ] GC(91) Min Capacity: 8192M(100%)
[42.293s][info][gc,heap     ] GC(91) Max Capacity: 8192M(100%)
[42.293s][info][gc,heap     ] GC(91) Soft Max Capacity: 8192M(100%)
[42.293s][info][gc,heap     ] GC(91)                Mark Start          Mark End        Relocate Start      Relocate End           High               Low         
[42.293s][info][gc,heap     ] GC(91)  Capacity:     8192M (100%)       8192M (100%)       8192M (100%)       8192M (100%)       8192M (100%)       8192M (100%)   
[42.293s][info][gc,heap     ] GC(91)      Free:     8184M (100%)       8184M (100%)       8184M (100%)       8186M (100%)       8186M (100%)       8178M (100%)   
[42.293s][info][gc,heap     ] GC(91)      Used:        8M (0%)            8M (0%)            8M (0%)            6M (0%)           14M (0%)            6M (0%)     
[42.293s][info][gc,heap     ] GC(91)      Live:         -                 0M (0%)            0M (0%)            0M (0%)             -                  -          
[42.293s][info][gc,heap     ] GC(91) Allocated:         -                 0M (0%)            0M (0%)            0M (0%)             -                  -          
[42.293s][info][gc,heap     ] GC(91)   Garbage:         -                 7M (0%)            7M (0%)            5M (0%)             -                  -          
[42.293s][info][gc,heap     ] GC(91) Reclaimed:         -                  -                 0M (0%)            2M (0%)             -                  -          
[42.293s][info][gc          ] GC(91) Garbage Collection (System.gc()) 8M(0%)->6M(0%)
[42.750s][info][gc,start    ] GC(92) Garbage Collection (System.gc())
[42.750s][info][gc,task     ] GC(92) Using 3 workers
[42.750s][info][gc,phases   ] GC(92) Pause Mark Start 0.012ms
[42.753s][info][gc,phases   ] GC(92) Concurrent Mark 2.966ms
[42.753s][info][gc,phases   ] GC(92) Pause Mark End 0.015ms
[42.753s][info][gc,phases   ] GC(92) Concurrent Mark Free 0.000ms
[42.754s][info][gc,phases   ] GC(92) Concurrent Process Non-Strong References 1.019ms
[42.754s][info][gc,phases   ] GC(92) Concurrent Reset Relocation Set 0.001ms
[42.758s][info][gc,phases   ] GC(92) Concurrent Select Relocation Set 4.170ms
[42.759s][info][gc,phases   ] GC(92) Pause Relocate Start 0.011ms
[42.759s][info][gc,phases   ] GC(92) Concurrent Relocate 0.612ms
[42.759s][info][gc,load     ] GC(92) Load: 1.34/1.37/1.58
[42.759s][info][gc,mmu      ] GC(92) MMU: 2ms/93.3%, 5ms/97.3%, 10ms/98.3%, 20ms/99.2%, 50ms/99.7%, 100ms/99.8%
[42.759s][info][gc,marking  ] GC(92) Mark: 2 stripe(s), 1 proactive flush(es), 1 terminate flush(es), 0 completion(s), 0 continuation(s) 
[42.759s][info][gc,marking  ] GC(92) Mark Stack Usage: 32M
[42.759s][info][gc,nmethod  ] GC(92) NMethods: 253 registered, 7 unregistered
[42.759s][info][gc,metaspace] GC(92) Metaspace: 0M used, 0M committed, 1088M reserved
[42.759s][info][gc,ref      ] GC(92) Soft: 2 encountered, 0 discovered, 0 enqueued
[42.759s][info][gc,ref      ] GC(92) Weak: 9 encountered, 0 discovered, 0 enqueued
[42.759s][info][gc,ref      ] GC(92) Final: 0 encountered, 0 discovered, 0 enqueued
[42.759s][info][gc,ref      ] GC(92) Phantom: 3 encountered, 2 discovered, 0 enqueued
[42.759s][info][gc,reloc    ] GC(92) Small Pages: 4 / 8M, Empty: 0M, Relocated: 0M, In-Place: 0
[42.759s][info][gc,reloc    ] GC(92) Medium Pages: 0 / 0M, Empty: 0M, Relocated: 0M, In-Place: 0
[42.759s][info][gc,reloc    ] GC(92) Large Pages: 0 / 0M, Empty: 0M, Relocated: 0M, In-Place: 0
[42.759s][info][gc,reloc    ] GC(92) Forwarding Usage: 0M
[42.759s][info][gc,heap     ] GC(92) Min Capacity: 8192M(100%)
[42.759s][info][gc,heap     ] GC(92) Max Capacity: 8192M(100%)
[42.759s][info][gc,heap     ] GC(92) Soft Max Capacity: 8192M(100%)
[42.759s][info][gc,heap     ] GC(92)                Mark Start          Mark End        Relocate Start      Relocate End           High               Low         
[42.759s][info][gc,heap     ] GC(92)  Capacity:     8192M (100%)       8192M (100%)       8192M (100%)       8192M (100%)       8192M (100%)       8192M (100%)   
[42.759s][info][gc,heap     ] GC(92)      Free:     8184M (100%)       8184M (100%)       8184M (100%)       8186M (100%)       8186M (100%)       8178M (100%)   
[42.759s][info][gc,heap     ] GC(92)      Used:        8M (0%)            8M (0%)            8M (0%)            6M (0%)           14M (0%)            6M (0%)     
[42.759s][info][gc,heap     ] GC(92)      Live:         -                 0M (0%)            0M (0%)            0M (0%)             -                  -          
[42.759s][info][gc,heap     ] GC(92) Allocated:         -                 0M (0%)            0M (0%)            0M (0%)             -                  -          
[42.759s][info][gc,heap     ] GC(92)   Garbage:         -                 7M (0%)            7M (0%)            5M (0%)             -                  -          
[42.759s][info][gc,heap     ] GC(92) Reclaimed:         -                  -                 0M (0%)            2M (0%)             -                  -          
[42.759s][info][gc          ] GC(92) Garbage Collection (System.gc()) 8M(0%)->6M(0%)
[43.214s][info][gc,start    ] GC(93) Garbage Collection (System.gc())
[43.214s][info][gc,task     ] GC(93) Using 3 workers
[43.214s][info][gc,phases   ] GC(93) Pause Mark Start 0.014ms
[43.218s][info][gc,phases   ] GC(93) Concurrent Mark 3.882ms
[43.218s][info][gc,phases   ] GC(93) Pause Mark End 0.018ms
[43.218s][info][gc,phases   ] GC(93) Concurrent Mark Free 0.000ms
[43.220s][info][gc,phases   ] GC(93) Concurrent Process Non-Strong References 1.430ms
[43.220s][info][gc,phases   ] GC(93) Concurrent Reset Relocation Set 0.002ms
[43.224s][info][gc,phases   ] GC(93) Concurrent Select Relocation Set 4.309ms
[43.224s][info][gc,phases   ] GC(93) Pause Relocate Start 0.007ms
[43.225s][info][gc,phases   ] GC(93) Concurrent Relocate 0.626ms
[43.225s][info][gc,load     ] GC(93) Load: 1.34/1.37/1.58
[43.225s][info][gc,mmu      ] GC(93) MMU: 2ms/93.3%, 5ms/97.3%, 10ms/98.3%, 20ms/99.2%, 50ms/99.7%, 100ms/99.8%
[43.225s][info][gc,marking  ] GC(93) Mark: 2 stripe(s), 1 proactive flush(es), 1 terminate flush(es), 0 completion(s), 0 continuation(s) 
[43.225s][info][gc,marking  ] GC(93) Mark Stack Usage: 32M
[43.225s][info][gc,nmethod  ] GC(93) NMethods: 253 registered, 7 unregistered
[43.225s][info][gc,metaspace] GC(93) Metaspace: 0M used, 0M committed, 1088M reserved
[43.225s][info][gc,ref      ] GC(93) Soft: 2 encountered, 0 discovered, 0 enqueued
[43.225s][info][gc,ref      ] GC(93) Weak: 9 encountered, 0 discovered, 0 enqueued
[43.225s][info][gc,ref      ] GC(93) Final: 0 encountered, 0 discovered, 0 enqueued
[43.225s][info][gc,ref      ] GC(93) Phantom: 3 encountered, 1 discovered, 0 enqueued
[43.225s][info][gc,reloc    ] GC(93) Small Pages: 4 / 8M, Empty: 0M, Relocated: 0M, In-Place: 0
[43.225s][info][gc,reloc    ] GC(93) Medium Pages: 0 / 0M, Empty: 0M, Relocated: 0M, In-Place: 0
[43.225s][info][gc,reloc    ] GC(93) Large Pages: 0 / 0M, Empty: 0M, Relocated: 0M, In-Place: 0
[43.225s][info][gc,reloc    ] GC(93) Forwarding Usage: 0M
[43.225s][info][gc,heap     ] GC(93) Min Capacity: 8192M(100%)
[43.225s][info][gc,heap     ] GC(93) Max Capacity: 8192M(100%)
[43.225s][info][gc,heap     ] GC(93) Soft Max Capacity: 8192M(100%)
[43.225s][info][gc,heap     ] GC(93)                Mark Start          Mark End        Relocate Start      Relocate End           High               Low         
[43.225s][info][gc,heap     ] GC(93)  Capacity:     8192M (100%)       8192M (100%)       8192M (100%)       8192M (100%)       8192M (100%)       8192M (100%)   
[43.225s][info][gc,heap     ] GC(93)      Free:     8184M (100%)       8184M (100%)       8184M (100%)       8186M (100%)       8186M (100%)       8178M (100%)   
[43.225s][info][gc,heap     ] GC(93)      Used:        8M (0%)            8M (0%)            8M (0%)            6M (0%)           14M (0%)            6M (0%)     
[43.225s][info][gc,heap     ] GC(93)      Live:         -                 0M (0%)            0M (0%)            0M (0%)             -                  -          
[43.225s][info][gc,heap     ] GC(93) Allocated:         -                 0M (0%)            0M (0%)            0M (0%)             -                  -          
[43.225s][info][gc,heap     ] GC(93)   Garbage:         -                 7M (0%)            7M (0%)            5M (0%)             -                  -          
[43.225s][info][gc,heap     ] GC(93) Reclaimed:         -                  -                 0M (0%)            2M (0%)             -                  -          
[43.225s][info][gc          ] GC(93) Garbage Collection (System.gc()) 8M(0%)->6M(0%)
[43.682s][info][gc,start    ] GC(94) Garbage Collection (System.gc())
[43.683s][info][gc,task     ] GC(94) Using 3 workers
[43.683s][info][gc,phases   ] GC(94) Pause Mark Start 0.011ms
[43.685s][info][gc,phases   ] GC(94) Concurrent Mark 2.437ms
[43.685s][info][gc,phases   ] GC(94) Pause Mark End 0.016ms
[43.685s][info][gc,phases   ] GC(94) Concurrent Mark Free 0.000ms
[43.686s][info][gc,phases   ] GC(94) Concurrent Process Non-Strong References 0.915ms
[43.686s][info][gc,phases   ] GC(94) Concurrent Reset Relocation Set 0.002ms
[43.690s][info][gc,phases   ] GC(94) Concurrent Select Relocation Set 3.781ms
[43.690s][info][gc,phases   ] GC(94) Pause Relocate Start 0.007ms
[43.691s][info][gc,phases   ] GC(94) Concurrent Relocate 0.535ms
[43.691s][info][gc,load     ] GC(94) Load: 1.34/1.37/1.58
[43.691s][info][gc,mmu      ] GC(94) MMU: 2ms/93.3%, 5ms/97.3%, 10ms/98.3%, 20ms/99.2%, 50ms/99.7%, 100ms/99.8%
[43.691s][info][gc,marking  ] GC(94) Mark: 2 stripe(s), 2 proactive flush(es), 1 terminate flush(es), 0 completion(s), 0 continuation(s) 
[43.691s][info][gc,marking  ] GC(94) Mark Stack Usage: 32M
[43.691s][info][gc,nmethod  ] GC(94) NMethods: 253 registered, 7 unregistered
[43.691s][info][gc,metaspace] GC(94) Metaspace: 0M used, 0M committed, 1088M reserved
[43.691s][info][gc,ref      ] GC(94) Soft: 2 encountered, 0 discovered, 0 enqueued
[43.691s][info][gc,ref      ] GC(94) Weak: 9 encountered, 0 discovered, 0 enqueued
[43.691s][info][gc,ref      ] GC(94) Final: 0 encountered, 0 discovered, 0 enqueued
[43.691s][info][gc,ref      ] GC(94) Phantom: 3 encountered, 2 discovered, 0 enqueued
[43.691s][info][gc,reloc    ] GC(94) Small Pages: 4 / 8M, Empty: 0M, Relocated: 0M, In-Place: 0
[43.691s][info][gc,reloc    ] GC(94) Medium Pages: 0 / 0M, Empty: 0M, Relocated: 0M, In-Place: 0
[43.691s][info][gc,reloc    ] GC(94) Large Pages: 0 / 0M, Empty: 0M, Relocated: 0M, In-Place: 0
[43.691s][info][gc,reloc    ] GC(94) Forwarding Usage: 0M
[43.691s][info][gc,heap     ] GC(94) Min Capacity: 8192M(100%)
[43.691s][info][gc,heap     ] GC(94) Max Capacity: 8192M(100%)
[43.691s][info][gc,heap     ] GC(94) Soft Max Capacity: 8192M(100%)
[43.691s][info][gc,heap     ] GC(94)                Mark Start          Mark End        Relocate Start      Relocate End           High               Low         
[43.691s][info][gc,heap     ] GC(94)  Capacity:     8192M (100%)       8192M (100%)       8192M (100%)       8192M (100%)       8192M (100%)       8192M (100%)   
[43.691s][info][gc,heap     ] GC(94)      Free:     8184M (100%)       8184M (100%)       8184M (100%)       8186M (100%)       8186M (100%)       8178M (100%)   
[43.691s][info][gc,heap     ] GC(94)      Used:        8M (0%)            8M (0%)            8M (0%)            6M (0%)           14M (0%)            6M (0%)     
[43.691s][info][gc,heap     ] GC(94)      Live:         -                 0M (0%)            0M (0%)            0M (0%)             -                  -          
[43.691s][info][gc,heap     ] GC(94) Allocated:         -                 0M (0%)            0M (0%)            0M (0%)             -                  -          
[43.691s][info][gc,heap     ] GC(94)   Garbage:         -                 7M (0%)            7M (0%)            5M (0%)             -                  -          
[43.691s][info][gc,heap     ] GC(94) Reclaimed:         -                  -                 0M (0%)            2M (0%)             -                  -          
[43.691s][info][gc          ] GC(94) Garbage Collection (System.gc()) 8M(0%)->6M(0%)
[44.144s][info][gc,start    ] GC(95) Garbage Collection (System.gc())
[44.144s][info][gc,task     ] GC(95) Using 3 workers
[44.144s][info][gc,phases   ] GC(95) Pause Mark Start 0.008ms
[44.146s][info][gc,phases   ] GC(95) Concurrent Mark 2.462ms
[44.146s][info][gc,phases   ] GC(95) Pause Mark End 0.012ms
[44.146s][info][gc,phases   ] GC(95) Concurrent Mark Free 0.000ms
[44.147s][info][gc,phases   ] GC(95) Concurrent Process Non-Strong References 0.512ms
[44.147s][info][gc,phases   ] GC(95) Concurrent Reset Relocation Set 0.002ms
[44.151s][info][gc,phases   ] GC(95) Concurrent Select Relocation Set 4.026ms
[44.151s][info][gc,phases   ] GC(95) Pause Relocate Start 0.005ms
[44.152s][info][gc,phases   ] GC(95) Concurrent Relocate 0.581ms
[44.152s][info][gc,load     ] GC(95) Load: 1.34/1.37/1.58
[44.152s][info][gc,mmu      ] GC(95) MMU: 2ms/93.3%, 5ms/97.3%, 10ms/98.3%, 20ms/99.2%, 50ms/99.7%, 100ms/99.8%
[44.152s][info][gc,marking  ] GC(95) Mark: 2 stripe(s), 1 proactive flush(es), 1 terminate flush(es), 0 completion(s), 0 continuation(s) 
[44.152s][info][gc,marking  ] GC(95) Mark Stack Usage: 32M
[44.152s][info][gc,nmethod  ] GC(95) NMethods: 253 registered, 7 unregistered
[44.152s][info][gc,metaspace] GC(95) Metaspace: 0M used, 0M committed, 1088M reserved
[44.152s][info][gc,ref      ] GC(95) Soft: 2 encountered, 0 discovered, 0 enqueued
[44.152s][info][gc,ref      ] GC(95) Weak: 9 encountered, 0 discovered, 0 enqueued
[44.152s][info][gc,ref      ] GC(95) Final: 0 encountered, 0 discovered, 0 enqueued
[44.152s][info][gc,ref      ] GC(95) Phantom: 3 encountered, 2 discovered, 0 enqueued
[44.152s][info][gc,reloc    ] GC(95) Small Pages: 4 / 8M, Empty: 0M, Relocated: 0M, In-Place: 0
[44.152s][info][gc,reloc    ] GC(95) Medium Pages: 0 / 0M, Empty: 0M, Relocated: 0M, In-Place: 0
[44.152s][info][gc,reloc    ] GC(95) Large Pages: 0 / 0M, Empty: 0M, Relocated: 0M, In-Place: 0
[44.152s][info][gc,reloc    ] GC(95) Forwarding Usage: 0M
[44.152s][info][gc,heap     ] GC(95) Min Capacity: 8192M(100%)
[44.152s][info][gc,heap     ] GC(95) Max Capacity: 8192M(100%)
[44.152s][info][gc,heap     ] GC(95) Soft Max Capacity: 8192M(100%)
[44.152s][info][gc,heap     ] GC(95)                Mark Start          Mark End        Relocate Start      Relocate End           High               Low         
[44.152s][info][gc,heap     ] GC(95)  Capacity:     8192M (100%)       8192M (100%)       8192M (100%)       8192M (100%)       8192M (100%)       8192M (100%)   
[44.152s][info][gc,heap     ] GC(95)      Free:     8184M (100%)       8184M (100%)       8184M (100%)       8186M (100%)       8186M (100%)       8178M (100%)   
[44.152s][info][gc,heap     ] GC(95)      Used:        8M (0%)            8M (0%)            8M (0%)            6M (0%)           14M (0%)            6M (0%)     
[44.152s][info][gc,heap     ] GC(95)      Live:         -                 0M (0%)            0M (0%)            0M (0%)             -                  -          
[44.152s][info][gc,heap     ] GC(95) Allocated:         -                 0M (0%)            0M (0%)            0M (0%)             -                  -          
[44.152s][info][gc,heap     ] GC(95)   Garbage:         -                 7M (0%)            7M (0%)            5M (0%)             -                  -          
[44.152s][info][gc,heap     ] GC(95) Reclaimed:         -                  -                 0M (0%)            2M (0%)             -                  -          
[44.152s][info][gc          ] GC(95) Garbage Collection (System.gc()) 8M(0%)->6M(0%)
[44.607s][info][gc,start    ] GC(96) Garbage Collection (System.gc())
[44.607s][info][gc,task     ] GC(96) Using 3 workers
[44.607s][info][gc,phases   ] GC(96) Pause Mark Start 0.013ms
[44.609s][info][gc,phases   ] GC(96) Concurrent Mark 2.385ms
[44.610s][info][gc,phases   ] GC(96) Pause Mark End 0.018ms
[44.610s][info][gc,phases   ] GC(96) Concurrent Mark Free 0.000ms
[44.610s][info][gc,phases   ] GC(96) Concurrent Process Non-Strong References 0.514ms
[44.610s][info][gc,phases   ] GC(96) Concurrent Reset Relocation Set 0.002ms
[44.614s][info][gc,phases   ] GC(96) Concurrent Select Relocation Set 4.015ms
[44.614s][info][gc,phases   ] GC(96) Pause Relocate Start 0.011ms
[44.615s][info][gc,phases   ] GC(96) Concurrent Relocate 0.702ms
[44.615s][info][gc,load     ] GC(96) Load: 1.34/1.37/1.58
[44.615s][info][gc,mmu      ] GC(96) MMU: 2ms/93.3%, 5ms/97.3%, 10ms/98.3%, 20ms/99.2%, 50ms/99.7%, 100ms/99.8%
[44.615s][info][gc,marking  ] GC(96) Mark: 2 stripe(s), 1 proactive flush(es), 1 terminate flush(es), 0 completion(s), 0 continuation(s) 
[44.615s][info][gc,marking  ] GC(96) Mark Stack Usage: 32M
[44.615s][info][gc,nmethod  ] GC(96) NMethods: 259 registered, 7 unregistered
[44.615s][info][gc,metaspace] GC(96) Metaspace: 0M used, 0M committed, 1088M reserved
[44.615s][info][gc,ref      ] GC(96) Soft: 2 encountered, 0 discovered, 0 enqueued
[44.615s][info][gc,ref      ] GC(96) Weak: 9 encountered, 0 discovered, 0 enqueued
[44.615s][info][gc,ref      ] GC(96) Final: 0 encountered, 0 discovered, 0 enqueued
[44.615s][info][gc,ref      ] GC(96) Phantom: 3 encountered, 2 discovered, 0 enqueued
[44.615s][info][gc,reloc    ] GC(96) Small Pages: 4 / 8M, Empty: 0M, Relocated: 0M, In-Place: 0
[44.615s][info][gc,reloc    ] GC(96) Medium Pages: 0 / 0M, Empty: 0M, Relocated: 0M, In-Place: 0
[44.615s][info][gc,reloc    ] GC(96) Large Pages: 0 / 0M, Empty: 0M, Relocated: 0M, In-Place: 0
[44.615s][info][gc,reloc    ] GC(96) Forwarding Usage: 0M
[44.615s][info][gc,heap     ] GC(96) Min Capacity: 8192M(100%)
[44.615s][info][gc,heap     ] GC(96) Max Capacity: 8192M(100%)
[44.615s][info][gc,heap     ] GC(96) Soft Max Capacity: 8192M(100%)
[44.615s][info][gc,heap     ] GC(96)                Mark Start          Mark End        Relocate Start      Relocate End           High               Low         
[44.615s][info][gc,heap     ] GC(96)  Capacity:     8192M (100%)       8192M (100%)       8192M (100%)       8192M (100%)       8192M (100%)       8192M (100%)   
[44.615s][info][gc,heap     ] GC(96)      Free:     8184M (100%)       8184M (100%)       8184M (100%)       8186M (100%)       8186M (100%)       8180M (100%)   
[44.615s][info][gc,heap     ] GC(96)      Used:        8M (0%)            8M (0%)            8M (0%)            6M (0%)           12M (0%)            6M (0%)     
[44.615s][info][gc,heap     ] GC(96)      Live:         -                 0M (0%)            0M (0%)            0M (0%)             -                  -          
[44.615s][info][gc,heap     ] GC(96) Allocated:         -                 0M (0%)            0M (0%)            0M (0%)             -                  -          
[44.615s][info][gc,heap     ] GC(96)   Garbage:         -                 7M (0%)            7M (0%)            5M (0%)             -                  -          
[44.615s][info][gc,heap     ] GC(96) Reclaimed:         -                  -                 0M (0%)            2M (0%)             -                  -          
[44.615s][info][gc          ] GC(96) Garbage Collection (System.gc()) 8M(0%)->6M(0%)
[45.071s][info][gc,start    ] GC(97) Garbage Collection (System.gc())
[45.071s][info][gc,task     ] GC(97) Using 3 workers
[45.071s][info][gc,phases   ] GC(97) Pause Mark Start 0.010ms
[45.075s][info][gc,phases   ] GC(97) Concurrent Mark 3.791ms
[45.075s][info][gc,phases   ] GC(97) Pause Mark End 0.012ms
[45.075s][info][gc,phases   ] GC(97) Concurrent Mark Free 0.000ms
[45.077s][info][gc,phases   ] GC(97) Concurrent Process Non-Strong References 1.191ms
[45.077s][info][gc,phases   ] GC(97) Concurrent Reset Relocation Set 0.001ms
[45.081s][info][gc,phases   ] GC(97) Concurrent Select Relocation Set 4.449ms
[45.081s][info][gc,phases   ] GC(97) Pause Relocate Start 0.005ms
[45.081s][info][gc,phases   ] GC(97) Concurrent Relocate 0.331ms
[45.081s][info][gc,load     ] GC(97) Load: 1.31/1.36/1.58
[45.081s][info][gc,mmu      ] GC(97) MMU: 2ms/93.3%, 5ms/97.3%, 10ms/98.3%, 20ms/99.2%, 50ms/99.7%, 100ms/99.8%
[45.081s][info][gc,marking  ] GC(97) Mark: 2 stripe(s), 1 proactive flush(es), 1 terminate flush(es), 0 completion(s), 0 continuation(s) 
[45.082s][info][gc,marking  ] GC(97) Mark Stack Usage: 32M
[45.082s][info][gc,nmethod  ] GC(97) NMethods: 259 registered, 7 unregistered
[45.082s][info][gc,metaspace] GC(97) Metaspace: 0M used, 0M committed, 1088M reserved
[45.082s][info][gc,ref      ] GC(97) Soft: 2 encountered, 0 discovered, 0 enqueued
[45.082s][info][gc,ref      ] GC(97) Weak: 9 encountered, 0 discovered, 0 enqueued
[45.082s][info][gc,ref      ] GC(97) Final: 0 encountered, 0 discovered, 0 enqueued
[45.082s][info][gc,ref      ] GC(97) Phantom: 3 encountered, 3 discovered, 0 enqueued
[45.082s][info][gc,reloc    ] GC(97) Small Pages: 4 / 8M, Empty: 0M, Relocated: 0M, In-Place: 0
[45.082s][info][gc,reloc    ] GC(97) Medium Pages: 0 / 0M, Empty: 0M, Relocated: 0M, In-Place: 0
[45.082s][info][gc,reloc    ] GC(97) Large Pages: 0 / 0M, Empty: 0M, Relocated: 0M, In-Place: 0
[45.082s][info][gc,reloc    ] GC(97) Forwarding Usage: 0M
[45.082s][info][gc,heap     ] GC(97) Min Capacity: 8192M(100%)
[45.082s][info][gc,heap     ] GC(97) Max Capacity: 8192M(100%)
[45.082s][info][gc,heap     ] GC(97) Soft Max Capacity: 8192M(100%)
[45.082s][info][gc,heap     ] GC(97)                Mark Start          Mark End        Relocate Start      Relocate End           High               Low         
[45.082s][info][gc,heap     ] GC(97)  Capacity:     8192M (100%)       8192M (100%)       8192M (100%)       8192M (100%)       8192M (100%)       8192M (100%)   
[45.082s][info][gc,heap     ] GC(97)      Free:     8184M (100%)       8184M (100%)       8184M (100%)       8186M (100%)       8186M (100%)       8178M (100%)   
[45.082s][info][gc,heap     ] GC(97)      Used:        8M (0%)            8M (0%)            8M (0%)            6M (0%)           14M (0%)            6M (0%)     
[45.082s][info][gc,heap     ] GC(97)      Live:         -                 0M (0%)            0M (0%)            0M (0%)             -                  -          
[45.082s][info][gc,heap     ] GC(97) Allocated:         -                 0M (0%)            0M (0%)            0M (0%)             -                  -          
[45.082s][info][gc,heap     ] GC(97)   Garbage:         -                 7M (0%)            7M (0%)            5M (0%)             -                  -          
[45.082s][info][gc,heap     ] GC(97) Reclaimed:         -                  -                 0M (0%)            2M (0%)             -                  -          
[45.082s][info][gc          ] GC(97) Garbage Collection (System.gc()) 8M(0%)->6M(0%)
[45.537s][info][gc,start    ] GC(98) Garbage Collection (System.gc())
[45.537s][info][gc,task     ] GC(98) Using 3 workers
[45.537s][info][gc,phases   ] GC(98) Pause Mark Start 0.012ms
[45.541s][info][gc,phases   ] GC(98) Concurrent Mark 3.882ms
[45.541s][info][gc,phases   ] GC(98) Pause Mark End 0.018ms
[45.541s][info][gc,phases   ] GC(98) Concurrent Mark Free 0.001ms
[45.543s][info][gc,phases   ] GC(98) Concurrent Process Non-Strong References 1.685ms
[45.543s][info][gc,phases   ] GC(98) Concurrent Reset Relocation Set 0.002ms
[45.547s][info][gc,phases   ] GC(98) Concurrent Select Relocation Set 4.273ms
[45.548s][info][gc,phases   ] GC(98) Pause Relocate Start 0.010ms
[45.548s][info][gc,phases   ] GC(98) Concurrent Relocate 0.663ms
[45.548s][info][gc,load     ] GC(98) Load: 1.31/1.36/1.58
[45.548s][info][gc,mmu      ] GC(98) MMU: 2ms/93.3%, 5ms/97.3%, 10ms/98.3%, 20ms/99.2%, 50ms/99.7%, 100ms/99.8%
[45.548s][info][gc,marking  ] GC(98) Mark: 2 stripe(s), 1 proactive flush(es), 1 terminate flush(es), 0 completion(s), 0 continuation(s) 
[45.548s][info][gc,marking  ] GC(98) Mark Stack Usage: 32M
[45.548s][info][gc,nmethod  ] GC(98) NMethods: 259 registered, 7 unregistered
[45.548s][info][gc,metaspace] GC(98) Metaspace: 0M used, 0M committed, 1088M reserved
[45.548s][info][gc,ref      ] GC(98) Soft: 2 encountered, 0 discovered, 0 enqueued
[45.548s][info][gc,ref      ] GC(98) Weak: 9 encountered, 0 discovered, 0 enqueued
[45.548s][info][gc,ref      ] GC(98) Final: 0 encountered, 0 discovered, 0 enqueued
[45.548s][info][gc,ref      ] GC(98) Phantom: 3 encountered, 2 discovered, 0 enqueued
[45.548s][info][gc,reloc    ] GC(98) Small Pages: 4 / 8M, Empty: 0M, Relocated: 0M, In-Place: 0
[45.548s][info][gc,reloc    ] GC(98) Medium Pages: 0 / 0M, Empty: 0M, Relocated: 0M, In-Place: 0
[45.548s][info][gc,reloc    ] GC(98) Large Pages: 0 / 0M, Empty: 0M, Relocated: 0M, In-Place: 0
[45.548s][info][gc,reloc    ] GC(98) Forwarding Usage: 0M
[45.548s][info][gc,heap     ] GC(98) Min Capacity: 8192M(100%)
[45.548s][info][gc,heap     ] GC(98) Max Capacity: 8192M(100%)
[45.548s][info][gc,heap     ] GC(98) Soft Max Capacity: 8192M(100%)
[45.548s][info][gc,heap     ] GC(98)                Mark Start          Mark End        Relocate Start      Relocate End           High               Low         
[45.548s][info][gc,heap     ] GC(98)  Capacity:     8192M (100%)       8192M (100%)       8192M (100%)       8192M (100%)       8192M (100%)       8192M (100%)   
[45.548s][info][gc,heap     ] GC(98)      Free:     8184M (100%)       8184M (100%)       8184M (100%)       8186M (100%)       8186M (100%)       8178M (100%)   
[45.548s][info][gc,heap     ] GC(98)      Used:        8M (0%)            8M (0%)            8M (0%)            6M (0%)           14M (0%)            6M (0%)     
[45.548s][info][gc,heap     ] GC(98)      Live:         -                 0M (0%)            0M (0%)            0M (0%)             -                  -          
[45.548s][info][gc,heap     ] GC(98) Allocated:         -                 0M (0%)            0M (0%)            0M (0%)             -                  -          
[45.549s][info][gc,heap     ] GC(98)   Garbage:         -                 7M (0%)            7M (0%)            5M (0%)             -                  -          
[45.549s][info][gc,heap     ] GC(98) Reclaimed:         -                  -                 0M (0%)            2M (0%)             -                  -          
[45.549s][info][gc          ] GC(98) Garbage Collection (System.gc()) 8M(0%)->6M(0%)
[46.001s][info][gc,start    ] GC(99) Garbage Collection (System.gc())
[46.001s][info][gc,task     ] GC(99) Using 3 workers
[46.001s][info][gc,phases   ] GC(99) Pause Mark Start 0.004ms
[46.003s][info][gc,phases   ] GC(99) Concurrent Mark 1.830ms
[46.003s][info][gc,phases   ] GC(99) Pause Mark End 0.005ms
[46.003s][info][gc,phases   ] GC(99) Concurrent Mark Free 0.000ms
[46.003s][info][gc,phases   ] GC(99) Concurrent Process Non-Strong References 0.581ms
[46.003s][info][gc,phases   ] GC(99) Concurrent Reset Relocation Set 0.001ms
[46.006s][info][gc,phases   ] GC(99) Concurrent Select Relocation Set 2.647ms
[46.006s][info][gc,phases   ] GC(99) Pause Relocate Start 0.007ms
[46.007s][info][gc,phases   ] GC(99) Concurrent Relocate 0.389ms
[46.007s][info][gc,load     ] GC(99) Load: 1.31/1.36/1.58
[46.007s][info][gc,mmu      ] GC(99) MMU: 2ms/93.3%, 5ms/97.3%, 10ms/98.3%, 20ms/99.2%, 50ms/99.7%, 100ms/99.8%
[46.007s][info][gc,marking  ] GC(99) Mark: 2 stripe(s), 1 proactive flush(es), 1 terminate flush(es), 0 completion(s), 0 continuation(s) 
[46.007s][info][gc,marking  ] GC(99) Mark Stack Usage: 32M
[46.007s][info][gc,nmethod  ] GC(99) NMethods: 260 registered, 7 unregistered
[46.007s][info][gc,metaspace] GC(99) Metaspace: 0M used, 0M committed, 1088M reserved
[46.007s][info][gc,ref      ] GC(99) Soft: 2 encountered, 0 discovered, 0 enqueued
[46.007s][info][gc,ref      ] GC(99) Weak: 9 encountered, 0 discovered, 0 enqueued
[46.007s][info][gc,ref      ] GC(99) Final: 0 encountered, 0 discovered, 0 enqueued
[46.007s][info][gc,ref      ] GC(99) Phantom: 3 encountered, 2 discovered, 0 enqueued
[46.007s][info][gc,reloc    ] GC(99) Small Pages: 4 / 8M, Empty: 0M, Relocated: 0M, In-Place: 0
[46.007s][info][gc,reloc    ] GC(99) Medium Pages: 0 / 0M, Empty: 0M, Relocated: 0M, In-Place: 0
[46.007s][info][gc,reloc    ] GC(99) Large Pages: 0 / 0M, Empty: 0M, Relocated: 0M, In-Place: 0
[46.007s][info][gc,reloc    ] GC(99) Forwarding Usage: 0M
[46.007s][info][gc,heap     ] GC(99) Min Capacity: 8192M(100%)
[46.007s][info][gc,heap     ] GC(99) Max Capacity: 8192M(100%)
[46.007s][info][gc,heap     ] GC(99) Soft Max Capacity: 8192M(100%)
[46.007s][info][gc,heap     ] GC(99)                Mark Start          Mark End        Relocate Start      Relocate End           High               Low         
[46.007s][info][gc,heap     ] GC(99)  Capacity:     8192M (100%)       8192M (100%)       8192M (100%)       8192M (100%)       8192M (100%)       8192M (100%)   
[46.007s][info][gc,heap     ] GC(99)      Free:     8184M (100%)       8184M (100%)       8184M (100%)       8186M (100%)       8186M (100%)       8178M (100%)   
[46.007s][info][gc,heap     ] GC(99)      Used:        8M (0%)            8M (0%)            8M (0%)            6M (0%)           14M (0%)            6M (0%)     
[46.007s][info][gc,heap     ] GC(99)      Live:         -                 0M (0%)            0M (0%)            0M (0%)             -                  -          
[46.007s][info][gc,heap     ] GC(99) Allocated:         -                 0M (0%)            0M (0%)            0M (0%)             -                  -          
[46.007s][info][gc,heap     ] GC(99)   Garbage:         -                 7M (0%)            7M (0%)            5M (0%)             -                  -          
[46.007s][info][gc,heap     ] GC(99) Reclaimed:         -                  -                 0M (0%)            2M (0%)             -                  -          
[46.007s][info][gc          ] GC(99) Garbage Collection (System.gc()) 8M(0%)->6M(0%)
[46.464s][info][gc,start    ] GC(100) Garbage Collection (System.gc())
[46.464s][info][gc,task     ] GC(100) Using 3 workers
[46.464s][info][gc,phases   ] GC(100) Pause Mark Start 0.010ms
[46.468s][info][gc,phases   ] GC(100) Concurrent Mark 2.733ms
[46.468s][info][gc,phases   ] GC(100) Pause Mark End 0.015ms
[46.468s][info][gc,phases   ] GC(100) Concurrent Mark Free 0.000ms
[46.469s][info][gc,phases   ] GC(100) Concurrent Process Non-Strong References 1.177ms
[46.469s][info][gc,phases   ] GC(100) Concurrent Reset Relocation Set 0.002ms
[46.473s][info][gc,phases   ] GC(100) Concurrent Select Relocation Set 4.084ms
[46.473s][info][gc,phases   ] GC(100) Pause Relocate Start 0.006ms
[46.474s][info][gc,phases   ] GC(100) Concurrent Relocate 0.536ms
[46.474s][info][gc,load     ] GC(100) Load: 1.31/1.36/1.58
[46.474s][info][gc,mmu      ] GC(100) MMU: 2ms/93.3%, 5ms/97.3%, 10ms/98.3%, 20ms/99.2%, 50ms/99.7%, 100ms/99.8%
[46.474s][info][gc,marking  ] GC(100) Mark: 2 stripe(s), 1 proactive flush(es), 1 terminate flush(es), 0 completion(s), 0 continuation(s) 
[46.474s][info][gc,marking  ] GC(100) Mark Stack Usage: 32M
[46.474s][info][gc,nmethod  ] GC(100) NMethods: 260 registered, 7 unregistered
[46.474s][info][gc,metaspace] GC(100) Metaspace: 0M used, 0M committed, 1088M reserved
[46.474s][info][gc,ref      ] GC(100) Soft: 2 encountered, 0 discovered, 0 enqueued
[46.474s][info][gc,ref      ] GC(100) Weak: 9 encountered, 0 discovered, 0 enqueued
[46.474s][info][gc,ref      ] GC(100) Final: 0 encountered, 0 discovered, 0 enqueued
[46.474s][info][gc,ref      ] GC(100) Phantom: 3 encountered, 2 discovered, 0 enqueued
[46.474s][info][gc,reloc    ] GC(100) Small Pages: 4 / 8M, Empty: 0M, Relocated: 0M, In-Place: 0
[46.474s][info][gc,reloc    ] GC(100) Medium Pages: 0 / 0M, Empty: 0M, Relocated: 0M, In-Place: 0
[46.474s][info][gc,reloc    ] GC(100) Large Pages: 0 / 0M, Empty: 0M, Relocated: 0M, In-Place: 0
[46.474s][info][gc,reloc    ] GC(100) Forwarding Usage: 0M
[46.474s][info][gc,heap     ] GC(100) Min Capacity: 8192M(100%)
[46.474s][info][gc,heap     ] GC(100) Max Capacity: 8192M(100%)
[46.474s][info][gc,heap     ] GC(100) Soft Max Capacity: 8192M(100%)
[46.474s][info][gc,heap     ] GC(100)                Mark Start          Mark End        Relocate Start      Relocate End           High               Low         
[46.474s][info][gc,heap     ] GC(100)  Capacity:     8192M (100%)       8192M (100%)       8192M (100%)       8192M (100%)       8192M (100%)       8192M (100%)   
[46.474s][info][gc,heap     ] GC(100)      Free:     8184M (100%)       8184M (100%)       8184M (100%)       8186M (100%)       8186M (100%)       8178M (100%)   
[46.474s][info][gc,heap     ] GC(100)      Used:        8M (0%)            8M (0%)            8M (0%)            6M (0%)           14M (0%)            6M (0%)     
[46.474s][info][gc,heap     ] GC(100)      Live:         -                 0M (0%)            0M (0%)            0M (0%)             -                  -          
[46.474s][info][gc,heap     ] GC(100) Allocated:         -                 0M (0%)            0M (0%)            0M (0%)             -                  -          
[46.474s][info][gc,heap     ] GC(100)   Garbage:         -                 7M (0%)            7M (0%)            5M (0%)             -                  -          
[46.474s][info][gc,heap     ] GC(100) Reclaimed:         -                  -                 0M (0%)            2M (0%)             -                  -          
[46.474s][info][gc          ] GC(100) Garbage Collection (System.gc()) 8M(0%)->6M(0%)
[46.930s][info][gc,start    ] GC(101) Garbage Collection (System.gc())
[46.930s][info][gc,task     ] GC(101) Using 3 workers
[46.930s][info][gc,phases   ] GC(101) Pause Mark Start 0.014ms
[46.932s][info][gc,phases   ] GC(101) Concurrent Mark 2.287ms
[46.932s][info][gc,phases   ] GC(101) Pause Mark End 0.006ms
[46.932s][info][gc,phases   ] GC(101) Concurrent Mark Free 0.000ms
[46.933s][info][gc,phases   ] GC(101) Concurrent Process Non-Strong References 0.618ms
[46.933s][info][gc,phases   ] GC(101) Concurrent Reset Relocation Set 0.001ms
[46.937s][info][gc,phases   ] GC(101) Concurrent Select Relocation Set 3.934ms
[46.937s][info][gc,phases   ] GC(101) Pause Relocate Start 0.004ms
[46.937s][info][gc,phases   ] GC(101) Concurrent Relocate 0.358ms
[46.937s][info][gc,load     ] GC(101) Load: 1.31/1.36/1.58
[46.937s][info][gc,mmu      ] GC(101) MMU: 2ms/93.3%, 5ms/97.3%, 10ms/98.3%, 20ms/99.2%, 50ms/99.7%, 100ms/99.8%
[46.937s][info][gc,marking  ] GC(101) Mark: 2 stripe(s), 1 proactive flush(es), 1 terminate flush(es), 0 completion(s), 0 continuation(s) 
[46.937s][info][gc,marking  ] GC(101) Mark Stack Usage: 32M
[46.937s][info][gc,nmethod  ] GC(101) NMethods: 263 registered, 7 unregistered
[46.937s][info][gc,metaspace] GC(101) Metaspace: 0M used, 0M committed, 1088M reserved
[46.937s][info][gc,ref      ] GC(101) Soft: 2 encountered, 0 discovered, 0 enqueued
[46.937s][info][gc,ref      ] GC(101) Weak: 9 encountered, 0 discovered, 0 enqueued
[46.937s][info][gc,ref      ] GC(101) Final: 0 encountered, 0 discovered, 0 enqueued
[46.937s][info][gc,ref      ] GC(101) Phantom: 3 encountered, 2 discovered, 0 enqueued
[46.937s][info][gc,reloc    ] GC(101) Small Pages: 4 / 8M, Empty: 0M, Relocated: 0M, In-Place: 0
[46.937s][info][gc,reloc    ] GC(101) Medium Pages: 0 / 0M, Empty: 0M, Relocated: 0M, In-Place: 0
[46.937s][info][gc,reloc    ] GC(101) Large Pages: 0 / 0M, Empty: 0M, Relocated: 0M, In-Place: 0
[46.937s][info][gc,reloc    ] GC(101) Forwarding Usage: 0M
[46.937s][info][gc,heap     ] GC(101) Min Capacity: 8192M(100%)
[46.937s][info][gc,heap     ] GC(101) Max Capacity: 8192M(100%)
[46.937s][info][gc,heap     ] GC(101) Soft Max Capacity: 8192M(100%)
[46.937s][info][gc,heap     ] GC(101)                Mark Start          Mark End        Relocate Start      Relocate End           High               Low         
[46.937s][info][gc,heap     ] GC(101)  Capacity:     8192M (100%)       8192M (100%)       8192M (100%)       8192M (100%)       8192M (100%)       8192M (100%)   
[46.937s][info][gc,heap     ] GC(101)      Free:     8184M (100%)       8184M (100%)       8184M (100%)       8186M (100%)       8186M (100%)       8178M (100%)   
[46.937s][info][gc,heap     ] GC(101)      Used:        8M (0%)            8M (0%)            8M (0%)            6M (0%)           14M (0%)            6M (0%)     
[46.937s][info][gc,heap     ] GC(101)      Live:         -                 0M (0%)            0M (0%)            0M (0%)             -                  -          
[46.937s][info][gc,heap     ] GC(101) Allocated:         -                 0M (0%)            0M (0%)            0M (0%)             -                  -          
[46.937s][info][gc,heap     ] GC(101)   Garbage:         -                 7M (0%)            7M (0%)            5M (0%)             -                  -          
[46.937s][info][gc,heap     ] GC(101) Reclaimed:         -                  -                 0M (0%)            2M (0%)             -                  -          
[46.937s][info][gc          ] GC(101) Garbage Collection (System.gc()) 8M(0%)->6M(0%)
[47.395s][info][gc,start    ] GC(102) Garbage Collection (System.gc())
[47.395s][info][gc,task     ] GC(102) Using 3 workers
[47.395s][info][gc,phases   ] GC(102) Pause Mark Start 0.011ms
[47.397s][info][gc,phases   ] GC(102) Concurrent Mark 2.777ms
[47.398s][info][gc,phases   ] GC(102) Pause Mark End 0.010ms
[47.398s][info][gc,phases   ] GC(102) Concurrent Mark Free 0.000ms
[47.398s][info][gc,phases   ] GC(102) Concurrent Process Non-Strong References 0.927ms
[47.398s][info][gc,phases   ] GC(102) Concurrent Reset Relocation Set 0.001ms
[47.403s][info][gc,phases   ] GC(102) Concurrent Select Relocation Set 4.113ms
[47.403s][info][gc,phases   ] GC(102) Pause Relocate Start 0.004ms
[47.403s][info][gc,phases   ] GC(102) Concurrent Relocate 0.521ms
[47.403s][info][gc,load     ] GC(102) Load: 1.31/1.36/1.58
[47.403s][info][gc,mmu      ] GC(102) MMU: 2ms/93.3%, 5ms/97.3%, 10ms/98.3%, 20ms/99.2%, 50ms/99.7%, 100ms/99.8%
[47.403s][info][gc,marking  ] GC(102) Mark: 2 stripe(s), 1 proactive flush(es), 1 terminate flush(es), 0 completion(s), 0 continuation(s) 
[47.403s][info][gc,marking  ] GC(102) Mark Stack Usage: 32M
[47.403s][info][gc,nmethod  ] GC(102) NMethods: 263 registered, 7 unregistered
[47.403s][info][gc,metaspace] GC(102) Metaspace: 0M used, 0M committed, 1088M reserved
[47.403s][info][gc,ref      ] GC(102) Soft: 2 encountered, 0 discovered, 0 enqueued
[47.403s][info][gc,ref      ] GC(102) Weak: 9 encountered, 0 discovered, 0 enqueued
[47.403s][info][gc,ref      ] GC(102) Final: 0 encountered, 0 discovered, 0 enqueued
[47.403s][info][gc,ref      ] GC(102) Phantom: 3 encountered, 2 discovered, 0 enqueued
[47.403s][info][gc,reloc    ] GC(102) Small Pages: 4 / 8M, Empty: 0M, Relocated: 0M, In-Place: 0
[47.403s][info][gc,reloc    ] GC(102) Medium Pages: 0 / 0M, Empty: 0M, Relocated: 0M, In-Place: 0
[47.403s][info][gc,reloc    ] GC(102) Large Pages: 0 / 0M, Empty: 0M, Relocated: 0M, In-Place: 0
[47.403s][info][gc,reloc    ] GC(102) Forwarding Usage: 0M
[47.403s][info][gc,heap     ] GC(102) Min Capacity: 8192M(100%)
[47.403s][info][gc,heap     ] GC(102) Max Capacity: 8192M(100%)
[47.403s][info][gc,heap     ] GC(102) Soft Max Capacity: 8192M(100%)
[47.403s][info][gc,heap     ] GC(102)                Mark Start          Mark End        Relocate Start      Relocate End           High               Low         
[47.403s][info][gc,heap     ] GC(102)  Capacity:     8192M (100%)       8192M (100%)       8192M (100%)       8192M (100%)       8192M (100%)       8192M (100%)   
[47.403s][info][gc,heap     ] GC(102)      Free:     8184M (100%)       8184M (100%)       8184M (100%)       8186M (100%)       8186M (100%)       8178M (100%)   
[47.403s][info][gc,heap     ] GC(102)      Used:        8M (0%)            8M (0%)            8M (0%)            6M (0%)           14M (0%)            6M (0%)     
[47.403s][info][gc,heap     ] GC(102)      Live:         -                 0M (0%)            0M (0%)            0M (0%)             -                  -          
[47.403s][info][gc,heap     ] GC(102) Allocated:         -                 0M (0%)            0M (0%)            0M (0%)             -                  -          
[47.403s][info][gc,heap     ] GC(102)   Garbage:         -                 7M (0%)            7M (0%)            5M (0%)             -                  -          
[47.403s][info][gc,heap     ] GC(102) Reclaimed:         -                  -                 0M (0%)            2M (0%)             -                  -          
[47.403s][info][gc          ] GC(102) Garbage Collection (System.gc()) 8M(0%)->6M(0%)
[47.861s][info][gc,start    ] GC(103) Garbage Collection (System.gc())
[47.861s][info][gc,task     ] GC(103) Using 3 workers
[47.861s][info][gc,phases   ] GC(103) Pause Mark Start 0.017ms
[47.863s][info][gc,phases   ] GC(103) Concurrent Mark 2.525ms
[47.863s][info][gc,phases   ] GC(103) Pause Mark End 0.014ms
[47.863s][info][gc,phases   ] GC(103) Concurrent Mark Free 0.000ms
[47.864s][info][gc,phases   ] GC(103) Concurrent Process Non-Strong References 1.000ms
[47.864s][info][gc,phases   ] GC(103) Concurrent Reset Relocation Set 0.001ms
[47.869s][info][gc,phases   ] GC(103) Concurrent Select Relocation Set 4.098ms
[47.869s][info][gc,phases   ] GC(103) Pause Relocate Start 0.006ms
[47.869s][info][gc,phases   ] GC(103) Concurrent Relocate 0.555ms
[47.869s][info][gc,load     ] GC(103) Load: 1.31/1.36/1.58
[47.869s][info][gc,mmu      ] GC(103) MMU: 2ms/93.3%, 5ms/97.3%, 10ms/98.3%, 20ms/99.2%, 50ms/99.7%, 100ms/99.8%
[47.869s][info][gc,marking  ] GC(103) Mark: 2 stripe(s), 1 proactive flush(es), 1 terminate flush(es), 0 completion(s), 0 continuation(s) 
[47.869s][info][gc,marking  ] GC(103) Mark Stack Usage: 32M
[47.869s][info][gc,nmethod  ] GC(103) NMethods: 265 registered, 7 unregistered
[47.869s][info][gc,metaspace] GC(103) Metaspace: 0M used, 0M committed, 1088M reserved
[47.869s][info][gc,ref      ] GC(103) Soft: 2 encountered, 0 discovered, 0 enqueued
[47.869s][info][gc,ref      ] GC(103) Weak: 9 encountered, 0 discovered, 0 enqueued
[47.869s][info][gc,ref      ] GC(103) Final: 0 encountered, 0 discovered, 0 enqueued
[47.869s][info][gc,ref      ] GC(103) Phantom: 3 encountered, 1 discovered, 0 enqueued
[47.869s][info][gc,reloc    ] GC(103) Small Pages: 4 / 8M, Empty: 0M, Relocated: 0M, In-Place: 0
[47.869s][info][gc,reloc    ] GC(103) Medium Pages: 0 / 0M, Empty: 0M, Relocated: 0M, In-Place: 0
[47.869s][info][gc,reloc    ] GC(103) Large Pages: 0 / 0M, Empty: 0M, Relocated: 0M, In-Place: 0
[47.869s][info][gc,reloc    ] GC(103) Forwarding Usage: 0M
[47.869s][info][gc,heap     ] GC(103) Min Capacity: 8192M(100%)
[47.869s][info][gc,heap     ] GC(103) Max Capacity: 8192M(100%)
[47.869s][info][gc,heap     ] GC(103) Soft Max Capacity: 8192M(100%)
[47.869s][info][gc,heap     ] GC(103)                Mark Start          Mark End        Relocate Start      Relocate End           High               Low         
[47.869s][info][gc,heap     ] GC(103)  Capacity:     8192M (100%)       8192M (100%)       8192M (100%)       8192M (100%)       8192M (100%)       8192M (100%)   
[47.869s][info][gc,heap     ] GC(103)      Free:     8184M (100%)       8184M (100%)       8184M (100%)       8186M (100%)       8186M (100%)       8178M (100%)   
[47.869s][info][gc,heap     ] GC(103)      Used:        8M (0%)            8M (0%)            8M (0%)            6M (0%)           14M (0%)            6M (0%)     
[47.869s][info][gc,heap     ] GC(103)      Live:         -                 0M (0%)            0M (0%)            0M (0%)             -                  -          
[47.869s][info][gc,heap     ] GC(103) Allocated:         -                 0M (0%)            0M (0%)            0M (0%)             -                  -          
[47.869s][info][gc,heap     ] GC(103)   Garbage:         -                 7M (0%)            7M (0%)            5M (0%)             -                  -          
[47.869s][info][gc,heap     ] GC(103) Reclaimed:         -                  -                 0M (0%)            2M (0%)             -                  -          
[47.869s][info][gc          ] GC(103) Garbage Collection (System.gc()) 8M(0%)->6M(0%)
[48.325s][info][gc,start    ] GC(104) Garbage Collection (System.gc())
[48.326s][info][gc,task     ] GC(104) Using 3 workers
[48.326s][info][gc,phases   ] GC(104) Pause Mark Start 0.009ms
[48.329s][info][gc,phases   ] GC(104) Concurrent Mark 2.626ms
[48.329s][info][gc,phases   ] GC(104) Pause Mark End 0.021ms
[48.329s][info][gc,phases   ] GC(104) Concurrent Mark Free 0.000ms
[48.329s][info][gc,phases   ] GC(104) Concurrent Process Non-Strong References 0.555ms
[48.329s][info][gc,phases   ] GC(104) Concurrent Reset Relocation Set 0.002ms
[48.333s][info][gc,phases   ] GC(104) Concurrent Select Relocation Set 3.999ms
[48.333s][info][gc,phases   ] GC(104) Pause Relocate Start 0.006ms
[48.334s][info][gc,phases   ] GC(104) Concurrent Relocate 0.545ms
[48.334s][info][gc,load     ] GC(104) Load: 1.31/1.36/1.58
[48.334s][info][gc,mmu      ] GC(104) MMU: 2ms/93.3%, 5ms/97.3%, 10ms/98.3%, 20ms/99.2%, 50ms/99.7%, 100ms/99.8%
[48.334s][info][gc,marking  ] GC(104) Mark: 2 stripe(s), 1 proactive flush(es), 1 terminate flush(es), 0 completion(s), 0 continuation(s) 
[48.334s][info][gc,marking  ] GC(104) Mark Stack Usage: 32M
[48.334s][info][gc,nmethod  ] GC(104) NMethods: 266 registered, 7 unregistered
[48.334s][info][gc,metaspace] GC(104) Metaspace: 0M used, 0M committed, 1088M reserved
[48.334s][info][gc,ref      ] GC(104) Soft: 2 encountered, 0 discovered, 0 enqueued
[48.334s][info][gc,ref      ] GC(104) Weak: 9 encountered, 0 discovered, 0 enqueued
[48.334s][info][gc,ref      ] GC(104) Final: 0 encountered, 0 discovered, 0 enqueued
[48.334s][info][gc,ref      ] GC(104) Phantom: 3 encountered, 2 discovered, 0 enqueued
[48.334s][info][gc,reloc    ] GC(104) Small Pages: 4 / 8M, Empty: 0M, Relocated: 0M, In-Place: 0
[48.334s][info][gc,reloc    ] GC(104) Medium Pages: 0 / 0M, Empty: 0M, Relocated: 0M, In-Place: 0
[48.334s][info][gc,reloc    ] GC(104) Large Pages: 0 / 0M, Empty: 0M, Relocated: 0M, In-Place: 0
[48.334s][info][gc,reloc    ] GC(104) Forwarding Usage: 0M
[48.334s][info][gc,heap     ] GC(104) Min Capacity: 8192M(100%)
[48.334s][info][gc,heap     ] GC(104) Max Capacity: 8192M(100%)
[48.334s][info][gc,heap     ] GC(104) Soft Max Capacity: 8192M(100%)
[48.334s][info][gc,heap     ] GC(104)                Mark Start          Mark End        Relocate Start      Relocate End           High               Low         
[48.334s][info][gc,heap     ] GC(104)  Capacity:     8192M (100%)       8192M (100%)       8192M (100%)       8192M (100%)       8192M (100%)       8192M (100%)   
[48.334s][info][gc,heap     ] GC(104)      Free:     8184M (100%)       8184M (100%)       8184M (100%)       8186M (100%)       8186M (100%)       8178M (100%)   
[48.334s][info][gc,heap     ] GC(104)      Used:        8M (0%)            8M (0%)            8M (0%)            6M (0%)           14M (0%)            6M (0%)     
[48.334s][info][gc,heap     ] GC(104)      Live:         -                 0M (0%)            0M (0%)            0M (0%)             -                  -          
[48.334s][info][gc,heap     ] GC(104) Allocated:         -                 0M (0%)            0M (0%)            0M (0%)             -                  -          
[48.334s][info][gc,heap     ] GC(104)   Garbage:         -                 7M (0%)            7M (0%)            5M (0%)             -                  -          
[48.334s][info][gc,heap     ] GC(104) Reclaimed:         -                  -                 0M (0%)            2M (0%)             -                  -          
[48.334s][info][gc          ] GC(104) Garbage Collection (System.gc()) 8M(0%)->6M(0%)
[48.787s][info][gc,start    ] GC(105) Garbage Collection (System.gc())
[48.787s][info][gc,task     ] GC(105) Using 3 workers
[48.787s][info][gc,phases   ] GC(105) Pause Mark Start 0.012ms
[48.792s][info][gc,phases   ] GC(105) Concurrent Mark 4.276ms
[48.792s][info][gc,phases   ] GC(105) Pause Mark End 0.012ms
[48.792s][info][gc,phases   ] GC(105) Concurrent Mark Free 0.001ms
[48.792s][info][gc,phases   ] GC(105) Concurrent Process Non-Strong References 0.502ms
[48.792s][info][gc,phases   ] GC(105) Concurrent Reset Relocation Set 0.003ms
[48.797s][info][gc,phases   ] GC(105) Concurrent Select Relocation Set 4.461ms
[48.797s][info][gc,phases   ] GC(105) Pause Relocate Start 0.009ms
[48.798s][info][gc,phases   ] GC(105) Concurrent Relocate 0.724ms
[48.798s][info][gc,load     ] GC(105) Load: 1.31/1.36/1.58
[48.798s][info][gc,mmu      ] GC(105) MMU: 2ms/93.3%, 5ms/97.3%, 10ms/98.3%, 20ms/99.2%, 50ms/99.7%, 100ms/99.8%
[48.798s][info][gc,marking  ] GC(105) Mark: 2 stripe(s), 1 proactive flush(es), 1 terminate flush(es), 0 completion(s), 0 continuation(s) 
[48.798s][info][gc,marking  ] GC(105) Mark Stack Usage: 32M
[48.798s][info][gc,nmethod  ] GC(105) NMethods: 266 registered, 7 unregistered
[48.798s][info][gc,metaspace] GC(105) Metaspace: 0M used, 0M committed, 1088M reserved
[48.798s][info][gc,ref      ] GC(105) Soft: 2 encountered, 0 discovered, 0 enqueued
[48.798s][info][gc,ref      ] GC(105) Weak: 9 encountered, 0 discovered, 0 enqueued
[48.798s][info][gc,ref      ] GC(105) Final: 0 encountered, 0 discovered, 0 enqueued
[48.798s][info][gc,ref      ] GC(105) Phantom: 3 encountered, 2 discovered, 0 enqueued
[48.798s][info][gc,reloc    ] GC(105) Small Pages: 4 / 8M, Empty: 0M, Relocated: 0M, In-Place: 0
[48.798s][info][gc,reloc    ] GC(105) Medium Pages: 0 / 0M, Empty: 0M, Relocated: 0M, In-Place: 0
[48.798s][info][gc,reloc    ] GC(105) Large Pages: 0 / 0M, Empty: 0M, Relocated: 0M, In-Place: 0
[48.798s][info][gc,reloc    ] GC(105) Forwarding Usage: 0M
[48.798s][info][gc,heap     ] GC(105) Min Capacity: 8192M(100%)
[48.798s][info][gc,heap     ] GC(105) Max Capacity: 8192M(100%)
[48.798s][info][gc,heap     ] GC(105) Soft Max Capacity: 8192M(100%)
[48.798s][info][gc,heap     ] GC(105)                Mark Start          Mark End        Relocate Start      Relocate End           High               Low         
[48.798s][info][gc,heap     ] GC(105)  Capacity:     8192M (100%)       8192M (100%)       8192M (100%)       8192M (100%)       8192M (100%)       8192M (100%)   
[48.798s][info][gc,heap     ] GC(105)      Free:     8184M (100%)       8184M (100%)       8184M (100%)       8186M (100%)       8186M (100%)       8178M (100%)   
[48.798s][info][gc,heap     ] GC(105)      Used:        8M (0%)            8M (0%)            8M (0%)            6M (0%)           14M (0%)            6M (0%)     
[48.798s][info][gc,heap     ] GC(105)      Live:         -                 0M (0%)            0M (0%)            0M (0%)             -                  -          
[48.798s][info][gc,heap     ] GC(105) Allocated:         -                 0M (0%)            0M (0%)            0M (0%)             -                  -          
[48.798s][info][gc,heap     ] GC(105)   Garbage:         -                 7M (0%)            7M (0%)            5M (0%)             -                  -          
[48.798s][info][gc,heap     ] GC(105) Reclaimed:         -                  -                 0M (0%)            2M (0%)             -                  -          
[48.798s][info][gc          ] GC(105) Garbage Collection (System.gc()) 8M(0%)->6M(0%)
[49.255s][info][gc,start    ] GC(106) Garbage Collection (System.gc())
[49.255s][info][gc,task     ] GC(106) Using 3 workers
[49.255s][info][gc,phases   ] GC(106) Pause Mark Start 0.011ms
[49.259s][info][gc,phases   ] GC(106) Concurrent Mark 4.060ms
[49.259s][info][gc,phases   ] GC(106) Pause Mark End 0.014ms
[49.259s][info][gc,phases   ] GC(106) Concurrent Mark Free 0.001ms
[49.260s][info][gc,phases   ] GC(106) Concurrent Process Non-Strong References 1.233ms
[49.260s][info][gc,phases   ] GC(106) Concurrent Reset Relocation Set 0.002ms
[49.265s][info][gc,phases   ] GC(106) Concurrent Select Relocation Set 4.435ms
[49.265s][info][gc,phases   ] GC(106) Pause Relocate Start 0.005ms
[49.266s][info][gc,phases   ] GC(106) Concurrent Relocate 0.597ms
[49.266s][info][gc,load     ] GC(106) Load: 1.31/1.36/1.58
[49.266s][info][gc,mmu      ] GC(106) MMU: 2ms/93.3%, 5ms/97.3%, 10ms/98.3%, 20ms/99.2%, 50ms/99.7%, 100ms/99.8%
[49.266s][info][gc,marking  ] GC(106) Mark: 2 stripe(s), 2 proactive flush(es), 1 terminate flush(es), 0 completion(s), 0 continuation(s) 
[49.266s][info][gc,marking  ] GC(106) Mark Stack Usage: 32M
[49.266s][info][gc,nmethod  ] GC(106) NMethods: 280 registered, 7 unregistered
[49.266s][info][gc,metaspace] GC(106) Metaspace: 0M used, 0M committed, 1088M reserved
[49.266s][info][gc,ref      ] GC(106) Soft: 2 encountered, 0 discovered, 0 enqueued
[49.266s][info][gc,ref      ] GC(106) Weak: 9 encountered, 0 discovered, 0 enqueued
[49.266s][info][gc,ref      ] GC(106) Final: 0 encountered, 0 discovered, 0 enqueued
[49.266s][info][gc,ref      ] GC(106) Phantom: 3 encountered, 1 discovered, 0 enqueued
[49.266s][info][gc,reloc    ] GC(106) Small Pages: 4 / 8M, Empty: 0M, Relocated: 0M, In-Place: 0
[49.266s][info][gc,reloc    ] GC(106) Medium Pages: 0 / 0M, Empty: 0M, Relocated: 0M, In-Place: 0
[49.266s][info][gc,reloc    ] GC(106) Large Pages: 0 / 0M, Empty: 0M, Relocated: 0M, In-Place: 0
[49.266s][info][gc,reloc    ] GC(106) Forwarding Usage: 0M
[49.266s][info][gc,heap     ] GC(106) Min Capacity: 8192M(100%)
[49.266s][info][gc,heap     ] GC(106) Max Capacity: 8192M(100%)
[49.266s][info][gc,heap     ] GC(106) Soft Max Capacity: 8192M(100%)
[49.266s][info][gc,heap     ] GC(106)                Mark Start          Mark End        Relocate Start      Relocate End           High               Low         
[49.266s][info][gc,heap     ] GC(106)  Capacity:     8192M (100%)       8192M (100%)       8192M (100%)       8192M (100%)       8192M (100%)       8192M (100%)   
[49.266s][info][gc,heap     ] GC(106)      Free:     8184M (100%)       8182M (100%)       8182M (100%)       8184M (100%)       8184M (100%)       8178M (100%)   
[49.266s][info][gc,heap     ] GC(106)      Used:        8M (0%)           10M (0%)           10M (0%)            8M (0%)           14M (0%)            8M (0%)     
[49.266s][info][gc,heap     ] GC(106)      Live:         -                 0M (0%)            0M (0%)            0M (0%)             -                  -          
[49.266s][info][gc,heap     ] GC(106) Allocated:         -                 2M (0%)            2M (0%)            2M (0%)             -                  -          
[49.266s][info][gc,heap     ] GC(106)   Garbage:         -                 7M (0%)            7M (0%)            5M (0%)             -                  -          
[49.266s][info][gc,heap     ] GC(106) Reclaimed:         -                  -                 0M (0%)            2M (0%)             -                  -          
[49.266s][info][gc          ] GC(106) Garbage Collection (System.gc()) 8M(0%)->8M(0%)
[49.724s][info][gc,start    ] GC(107) Garbage Collection (System.gc())
[49.724s][info][gc,task     ] GC(107) Using 3 workers
[49.724s][info][gc,phases   ] GC(107) Pause Mark Start 0.011ms
[49.728s][info][gc,phases   ] GC(107) Concurrent Mark 3.723ms
[49.728s][info][gc,phases   ] GC(107) Pause Mark End 0.019ms
[49.733s][info][gc,phases   ] GC(107) Concurrent Mark Free 0.002ms
[49.735s][info][gc,phases   ] GC(107) Concurrent Process Non-Strong References 1.091ms
[49.735s][info][gc,phases   ] GC(107) Concurrent Reset Relocation Set 0.002ms
[49.738s][info][gc,phases   ] GC(107) Concurrent Select Relocation Set 3.853ms
[49.738s][info][gc,phases   ] GC(107) Pause Relocate Start 0.006ms
[49.739s][info][gc,phases   ] GC(107) Concurrent Relocate 0.488ms
[49.739s][info][gc,load     ] GC(107) Load: 1.31/1.36/1.58
[49.739s][info][gc,mmu      ] GC(107) MMU: 2ms/93.3%, 5ms/97.3%, 10ms/98.3%, 20ms/99.2%, 50ms/99.7%, 100ms/99.8%
[49.739s][info][gc,marking  ] GC(107) Mark: 2 stripe(s), 1 proactive flush(es), 1 terminate flush(es), 0 completion(s), 0 continuation(s) 
[49.739s][info][gc,marking  ] GC(107) Mark Stack Usage: 32M
[49.739s][info][gc,nmethod  ] GC(107) NMethods: 280 registered, 7 unregistered
[49.739s][info][gc,metaspace] GC(107) Metaspace: 0M used, 0M committed, 1088M reserved
[49.739s][info][gc,ref      ] GC(107) Soft: 2 encountered, 0 discovered, 0 enqueued
[49.739s][info][gc,ref      ] GC(107) Weak: 9 encountered, 0 discovered, 0 enqueued
[49.739s][info][gc,ref      ] GC(107) Final: 0 encountered, 0 discovered, 0 enqueued
[49.739s][info][gc,ref      ] GC(107) Phantom: 3 encountered, 2 discovered, 0 enqueued
[49.739s][info][gc,reloc    ] GC(107) Small Pages: 4 / 8M, Empty: 0M, Relocated: 0M, In-Place: 0
[49.739s][info][gc,reloc    ] GC(107) Medium Pages: 0 / 0M, Empty: 0M, Relocated: 0M, In-Place: 0
[49.739s][info][gc,reloc    ] GC(107) Large Pages: 0 / 0M, Empty: 0M, Relocated: 0M, In-Place: 0
[49.739s][info][gc,reloc    ] GC(107) Forwarding Usage: 0M
[49.739s][info][gc,heap     ] GC(107) Min Capacity: 8192M(100%)
[49.739s][info][gc,heap     ] GC(107) Max Capacity: 8192M(100%)
[49.739s][info][gc,heap     ] GC(107) Soft Max Capacity: 8192M(100%)
[49.739s][info][gc,heap     ] GC(107)                Mark Start          Mark End        Relocate Start      Relocate End           High               Low         
[49.739s][info][gc,heap     ] GC(107)  Capacity:     8192M (100%)       8192M (100%)       8192M (100%)       8192M (100%)       8192M (100%)       8192M (100%)   
[49.739s][info][gc,heap     ] GC(107)      Free:     8184M (100%)       8184M (100%)       8184M (100%)       8186M (100%)       8186M (100%)       8180M (100%)   
[49.739s][info][gc,heap     ] GC(107)      Used:        8M (0%)            8M (0%)            8M (0%)            6M (0%)           12M (0%)            6M (0%)     
[49.739s][info][gc,heap     ] GC(107)      Live:         -                 0M (0%)            0M (0%)            0M (0%)             -                  -          
[49.739s][info][gc,heap     ] GC(107) Allocated:         -                 0M (0%)            0M (0%)            0M (0%)             -                  -          
[49.739s][info][gc,heap     ] GC(107)   Garbage:         -                 7M (0%)            7M (0%)            5M (0%)             -                  -          
[49.739s][info][gc,heap     ] GC(107) Reclaimed:         -                  -                 0M (0%)            2M (0%)             -                  -          
[49.739s][info][gc          ] GC(107) Garbage Collection (System.gc()) 8M(0%)->6M(0%)
[50.018s][info][gc,stats    ] === Garbage Collection Statistics =======================================================================================================================
[50.018s][info][gc,stats    ]                                                              Last 10s              Last 10m              Last 10h                Total
[50.018s][info][gc,stats    ]                                                              Avg / Max             Avg / Max             Avg / Max             Avg / Max
[50.018s][info][gc,stats    ]   Collector: Garbage Collection Cycle                      9.943 / 17.133        8.967 / 17.133        8.967 / 17.133        8.967 / 17.133      ms
[50.018s][info][gc,stats    ]  Contention: Mark Segment Reset Contention                     1 / 3                 1 / 4                 1 / 4                 1 / 4           ops/s
[50.018s][info][gc,stats    ]  Contention: Mark SeqNum Reset Contention                      0 / 2                 1 / 3                 1 / 3                 1 / 3           ops/s
[50.018s][info][gc,stats    ]    Critical: Allocation Stall                                  0 / 0                 0 / 0                 0 / 0                 0 / 0           ops/s
[50.018s][info][gc,stats    ]    Critical: Allocation Stall                              0.000 / 0.000         0.000 / 0.000         0.000 / 0.000         0.000 / 0.000       ms
[50.018s][info][gc,stats    ]    Critical: GC Locker Stall                                   0 / 0                 0 / 0                 0 / 0                 0 / 0           ops/s
[50.018s][info][gc,stats    ]    Critical: GC Locker Stall                               0.000 / 0.000         0.000 / 0.000         0.000 / 0.000         0.000 / 0.000       ms
[50.018s][info][gc,stats    ]    Critical: Relocation Stall                                  0 / 0                 0 / 0                 0 / 0                 0 / 0           ops/s
[50.018s][info][gc,stats    ]    Critical: Relocation Stall                              0.000 / 0.000         0.000 / 0.000         0.000 / 0.000         0.000 / 0.000       ms
[50.018s][info][gc,stats    ]      Memory: Allocation Rate                                   4 / 6                 4 / 6                 4 / 6                 4 / 6           MB/s
[50.018s][info][gc,stats    ]      Memory: Defragment                                        0 / 0                 0 / 0                 0 / 0                 0 / 0           ops/s
[50.018s][info][gc,stats    ]      Memory: Out Of Memory                                     0 / 0                 0 / 0                 0 / 0                 0 / 0           ops/s
[50.018s][info][gc,stats    ]      Memory: Page Cache Flush                                  0 / 0                 0 / 0                 0 / 0                 0 / 0           MB/s
[50.018s][info][gc,stats    ]      Memory: Page Cache Hit L1                                 8 / 12                8 / 12                8 / 12                8 / 12          ops/s
[50.018s][info][gc,stats    ]      Memory: Page Cache Hit L2                                 0 / 0                 0 / 0                 0 / 0                 0 / 0           ops/s
[50.018s][info][gc,stats    ]      Memory: Page Cache Hit L3                                 0 / 0                 0 / 6                 0 / 6                 0 / 6           ops/s
[50.018s][info][gc,stats    ]      Memory: Page Cache Miss                                   0 / 0                 0 / 1                 0 / 1                 0 / 1           ops/s
[50.018s][info][gc,stats    ]      Memory: Uncommit                                          0 / 0                 0 / 0                 0 / 0                 0 / 0           MB/s
[50.018s][info][gc,stats    ]      Memory: Undo Object Allocation Failed                     0 / 0                 0 / 0                 0 / 0                 0 / 0           ops/s
[50.018s][info][gc,stats    ]      Memory: Undo Object Allocation Succeeded                  0 / 0                 0 / 0                 0 / 0                 0 / 0           ops/s
[50.018s][info][gc,stats    ]      Memory: Undo Page Allocation                              0 / 0                 0 / 0                 0 / 0                 0 / 0           ops/s
[50.018s][info][gc,stats    ]       Phase: Concurrent Mark                               3.137 / 7.055         2.651 / 7.055         2.651 / 7.055         2.651 / 7.055       ms
[50.018s][info][gc,stats    ]       Phase: Concurrent Mark Continue                      0.000 / 0.000         0.000 / 0.000         0.000 / 0.000         0.000 / 0.000       ms
[50.018s][info][gc,stats    ]       Phase: Concurrent Mark Free                          0.000 / 0.002         0.001 / 0.002         0.001 / 0.002         0.001 / 0.002       ms
[50.018s][info][gc,stats    ]       Phase: Concurrent Process Non-Strong References      1.183 / 5.941         0.850 / 5.941         0.850 / 5.941         0.850 / 5.941       ms
[50.018s][info][gc,stats    ]       Phase: Concurrent Relocate                           0.554 / 0.745         0.594 / 0.965         0.594 / 0.965         0.594 / 0.965       ms
[50.018s][info][gc,stats    ]       Phase: Concurrent Reset Relocation Set               0.002 / 0.005         0.002 / 0.005         0.002 / 0.005         0.002 / 0.005       ms
[50.018s][info][gc,stats    ]       Phase: Concurrent Select Relocation Set              4.029 / 4.461         4.189 / 9.641         4.189 / 9.641         4.189 / 9.641       ms
[50.018s][info][gc,stats    ]       Phase: Pause Mark End                                0.014 / 0.023         0.014 / 0.034         0.014 / 0.034         0.014 / 0.034       ms
[50.018s][info][gc,stats    ]       Phase: Pause Mark Start                              0.011 / 0.017         0.010 / 0.023         0.010 / 0.023         0.010 / 0.023       ms
[50.018s][info][gc,stats    ]       Phase: Pause Relocate Start                          0.007 / 0.011         0.009 / 0.134         0.009 / 0.134         0.009 / 0.134       ms
[50.018s][info][gc,stats    ]    Subphase: Concurrent Classes Purge                      0.041 / 0.155         0.033 / 0.287         0.033 / 0.287         0.033 / 0.287       ms
[50.018s][info][gc,stats    ]    Subphase: Concurrent Classes Unlink                     0.985 / 5.650         0.680 / 5.650         0.680 / 5.650         0.680 / 5.650       ms
[50.018s][info][gc,stats    ]    Subphase: Concurrent Mark                               1.779 / 3.064         1.679 / 3.064         1.679 / 3.064         1.679 / 3.064       ms
[50.018s][info][gc,stats    ]    Subphase: Concurrent Mark Try Flush                     0.068 / 0.480         0.043 / 0.480         0.043 / 0.480         0.043 / 0.480       ms
[50.018s][info][gc,stats    ]    Subphase: Concurrent Mark Try Terminate                 0.674 / 2.165         0.643 / 2.165         0.643 / 2.165         0.643 / 2.165       ms
[50.018s][info][gc,stats    ]    Subphase: Concurrent References Enqueue                 0.000 / 0.001         0.000 / 0.001         0.000 / 0.001         0.000 / 0.001       ms
[50.018s][info][gc,stats    ]    Subphase: Concurrent References Process                 0.035 / 0.075         0.029 / 0.075         0.029 / 0.075         0.029 / 0.075       ms
[50.018s][info][gc,stats    ]    Subphase: Concurrent Roots ClassLoaderDataGraph         0.097 / 0.786         0.093 / 2.288         0.093 / 2.288         0.093 / 2.288       ms
[50.018s][info][gc,stats    ]    Subphase: Concurrent Roots CodeCache                    0.000 / 0.000         0.000 / 0.000         0.000 / 0.000         0.000 / 0.000       ms
[50.018s][info][gc,stats    ]    Subphase: Concurrent Roots JavaThreads                  0.175 / 0.727         0.159 / 0.727         0.159 / 0.727         0.159 / 0.727       ms
[50.018s][info][gc,stats    ]    Subphase: Concurrent Roots OopStorageSet                0.012 / 0.034         0.012 / 0.307         0.012 / 0.307         0.012 / 0.307       ms
[50.018s][info][gc,stats    ]    Subphase: Concurrent Weak Roots OopStorageSet           0.044 / 0.141         0.038 / 0.156         0.038 / 0.156         0.038 / 0.156       ms
[50.018s][info][gc,stats    ]    Subphase: Pause Mark Try Complete                       0.000 / 0.000         0.000 / 0.000         0.000 / 0.000         0.000 / 0.000       ms
[50.018s][info][gc,stats    ]      System: Java Threads                                     10 / 10               10 / 10               10 / 10               10 / 10          threads
[50.018s][info][gc,stats    ] =========================================================================================================================================================
[50.196s][info][gc,start    ] GC(108) Garbage Collection (System.gc())
[50.196s][info][gc,task     ] GC(108) Using 3 workers
[50.196s][info][gc,phases   ] GC(108) Pause Mark Start 0.010ms
[50.198s][info][gc,phases   ] GC(108) Concurrent Mark 2.354ms
[50.198s][info][gc,phases   ] GC(108) Pause Mark End 0.015ms
[50.198s][info][gc,phases   ] GC(108) Concurrent Mark Free 0.000ms
[50.199s][info][gc,phases   ] GC(108) Concurrent Process Non-Strong References 1.004ms
[50.199s][info][gc,phases   ] GC(108) Concurrent Reset Relocation Set 0.001ms
[50.203s][info][gc,phases   ] GC(108) Concurrent Select Relocation Set 3.829ms
[50.203s][info][gc,phases   ] GC(108) Pause Relocate Start 0.006ms
[50.204s][info][gc,phases   ] GC(108) Concurrent Relocate 0.502ms
[50.204s][info][gc,load     ] GC(108) Load: 1.28/1.36/1.57
[50.204s][info][gc,mmu      ] GC(108) MMU: 2ms/93.3%, 5ms/97.3%, 10ms/98.3%, 20ms/99.2%, 50ms/99.7%, 100ms/99.8%
[50.204s][info][gc,marking  ] GC(108) Mark: 2 stripe(s), 1 proactive flush(es), 1 terminate flush(es), 0 completion(s), 0 continuation(s) 
[50.204s][info][gc,marking  ] GC(108) Mark Stack Usage: 32M
[50.204s][info][gc,nmethod  ] GC(108) NMethods: 280 registered, 7 unregistered
[50.204s][info][gc,metaspace] GC(108) Metaspace: 0M used, 0M committed, 1088M reserved
[50.204s][info][gc,ref      ] GC(108) Soft: 2 encountered, 0 discovered, 0 enqueued
[50.204s][info][gc,ref      ] GC(108) Weak: 9 encountered, 0 discovered, 0 enqueued
[50.204s][info][gc,ref      ] GC(108) Final: 0 encountered, 0 discovered, 0 enqueued
[50.204s][info][gc,ref      ] GC(108) Phantom: 3 encountered, 1 discovered, 0 enqueued
[50.204s][info][gc,reloc    ] GC(108) Small Pages: 4 / 8M, Empty: 2M, Relocated: 0M, In-Place: 0
[50.204s][info][gc,reloc    ] GC(108) Medium Pages: 0 / 0M, Empty: 0M, Relocated: 0M, In-Place: 0
[50.204s][info][gc,reloc    ] GC(108) Large Pages: 0 / 0M, Empty: 0M, Relocated: 0M, In-Place: 0
[50.204s][info][gc,reloc    ] GC(108) Forwarding Usage: 0M
[50.204s][info][gc,heap     ] GC(108) Min Capacity: 8192M(100%)
[50.204s][info][gc,heap     ] GC(108) Max Capacity: 8192M(100%)
[50.204s][info][gc,heap     ] GC(108) Soft Max Capacity: 8192M(100%)
[50.204s][info][gc,heap     ] GC(108)                Mark Start          Mark End        Relocate Start      Relocate End           High               Low         
[50.204s][info][gc,heap     ] GC(108)  Capacity:     8192M (100%)       8192M (100%)       8192M (100%)       8192M (100%)       8192M (100%)       8192M (100%)   
[50.204s][info][gc,heap     ] GC(108)      Free:     8184M (100%)       8184M (100%)       8186M (100%)       8186M (100%)       8186M (100%)       8182M (100%)   
[50.204s][info][gc,heap     ] GC(108)      Used:        8M (0%)            8M (0%)            6M (0%)            6M (0%)           10M (0%)            6M (0%)     
[50.204s][info][gc,heap     ] GC(108)      Live:         -                 0M (0%)            0M (0%)            0M (0%)             -                  -          
[50.204s][info][gc,heap     ] GC(108) Allocated:         -                 0M (0%)            0M (0%)            0M (0%)             -                  -          
[50.204s][info][gc,heap     ] GC(108)   Garbage:         -                 7M (0%)            5M (0%)            5M (0%)             -                  -          
[50.204s][info][gc,heap     ] GC(108) Reclaimed:         -                  -                 2M (0%)            2M (0%)             -                  -          
[50.204s][info][gc          ] GC(108) Garbage Collection (System.gc()) 8M(0%)->6M(0%)
[50.661s][info][gc,start    ] GC(109) Garbage Collection (System.gc())
[50.661s][info][gc,task     ] GC(109) Using 3 workers
[50.661s][info][gc,phases   ] GC(109) Pause Mark Start 0.007ms
[50.663s][info][gc,phases   ] GC(109) Concurrent Mark 2.169ms
[50.663s][info][gc,phases   ] GC(109) Pause Mark End 0.009ms
[50.663s][info][gc,phases   ] GC(109) Concurrent Mark Free 0.000ms
[50.665s][info][gc,phases   ] GC(109) Concurrent Process Non-Strong References 1.152ms
[50.665s][info][gc,phases   ] GC(109) Concurrent Reset Relocation Set 0.001ms
[50.669s][info][gc,phases   ] GC(109) Concurrent Select Relocation Set 4.085ms
[50.669s][info][gc,phases   ] GC(109) Pause Relocate Start 0.007ms
[50.669s][info][gc,phases   ] GC(109) Concurrent Relocate 0.534ms
[50.669s][info][gc,load     ] GC(109) Load: 1.28/1.36/1.57
[50.669s][info][gc,mmu      ] GC(109) MMU: 2ms/93.3%, 5ms/97.3%, 10ms/98.3%, 20ms/99.2%, 50ms/99.7%, 100ms/99.8%
[50.669s][info][gc,marking  ] GC(109) Mark: 2 stripe(s), 2 proactive flush(es), 1 terminate flush(es), 0 completion(s), 0 continuation(s) 
[50.669s][info][gc,marking  ] GC(109) Mark Stack Usage: 32M
[50.669s][info][gc,nmethod  ] GC(109) NMethods: 281 registered, 7 unregistered
[50.669s][info][gc,metaspace] GC(109) Metaspace: 0M used, 0M committed, 1088M reserved
[50.669s][info][gc,ref      ] GC(109) Soft: 2 encountered, 0 discovered, 0 enqueued
[50.669s][info][gc,ref      ] GC(109) Weak: 9 encountered, 0 discovered, 0 enqueued
[50.669s][info][gc,ref      ] GC(109) Final: 0 encountered, 0 discovered, 0 enqueued
[50.669s][info][gc,ref      ] GC(109) Phantom: 3 encountered, 2 discovered, 0 enqueued
[50.669s][info][gc,reloc    ] GC(109) Small Pages: 4 / 8M, Empty: 0M, Relocated: 0M, In-Place: 0
[50.669s][info][gc,reloc    ] GC(109) Medium Pages: 0 / 0M, Empty: 0M, Relocated: 0M, In-Place: 0
[50.669s][info][gc,reloc    ] GC(109) Large Pages: 0 / 0M, Empty: 0M, Relocated: 0M, In-Place: 0
[50.669s][info][gc,reloc    ] GC(109) Forwarding Usage: 0M
[50.669s][info][gc,heap     ] GC(109) Min Capacity: 8192M(100%)
[50.669s][info][gc,heap     ] GC(109) Max Capacity: 8192M(100%)
[50.669s][info][gc,heap     ] GC(109) Soft Max Capacity: 8192M(100%)
[50.669s][info][gc,heap     ] GC(109)                Mark Start          Mark End        Relocate Start      Relocate End           High               Low         
[50.670s][info][gc,heap     ] GC(109)  Capacity:     8192M (100%)       8192M (100%)       8192M (100%)       8192M (100%)       8192M (100%)       8192M (100%)   
[50.670s][info][gc,heap     ] GC(109)      Free:     8184M (100%)       8184M (100%)       8184M (100%)       8186M (100%)       8186M (100%)       8178M (100%)   
[50.670s][info][gc,heap     ] GC(109)      Used:        8M (0%)            8M (0%)            8M (0%)            6M (0%)           14M (0%)            6M (0%)     
[50.670s][info][gc,heap     ] GC(109)      Live:         -                 0M (0%)            0M (0%)            0M (0%)             -                  -          
[50.670s][info][gc,heap     ] GC(109) Allocated:         -                 0M (0%)            0M (0%)            0M (0%)             -                  -          
[50.670s][info][gc,heap     ] GC(109)   Garbage:         -                 7M (0%)            7M (0%)            5M (0%)             -                  -          
[50.670s][info][gc,heap     ] GC(109) Reclaimed:         -                  -                 0M (0%)            2M (0%)             -                  -          
[50.670s][info][gc          ] GC(109) Garbage Collection (System.gc()) 8M(0%)->6M(0%)
[51.127s][info][gc,start    ] GC(110) Garbage Collection (System.gc())
[51.127s][info][gc,task     ] GC(110) Using 3 workers
[51.127s][info][gc,phases   ] GC(110) Pause Mark Start 0.010ms
[51.129s][info][gc,phases   ] GC(110) Concurrent Mark 2.105ms
[51.129s][info][gc,phases   ] GC(110) Pause Mark End 0.008ms
[51.129s][info][gc,phases   ] GC(110) Concurrent Mark Free 0.000ms
[51.130s][info][gc,phases   ] GC(110) Concurrent Process Non-Strong References 0.408ms
[51.130s][info][gc,phases   ] GC(110) Concurrent Reset Relocation Set 0.001ms
[51.134s][info][gc,phases   ] GC(110) Concurrent Select Relocation Set 4.038ms
[51.134s][info][gc,phases   ] GC(110) Pause Relocate Start 0.005ms
[51.134s][info][gc,phases   ] GC(110) Concurrent Relocate 0.591ms
[51.134s][info][gc,load     ] GC(110) Load: 1.28/1.36/1.57
[51.134s][info][gc,mmu      ] GC(110) MMU: 2ms/93.3%, 5ms/97.3%, 10ms/98.3%, 20ms/99.2%, 50ms/99.7%, 100ms/99.8%
[51.134s][info][gc,marking  ] GC(110) Mark: 2 stripe(s), 1 proactive flush(es), 1 terminate flush(es), 0 completion(s), 0 continuation(s) 
[51.134s][info][gc,marking  ] GC(110) Mark Stack Usage: 32M
[51.134s][info][gc,nmethod  ] GC(110) NMethods: 281 registered, 7 unregistered
[51.134s][info][gc,metaspace] GC(110) Metaspace: 0M used, 0M committed, 1088M reserved
[51.134s][info][gc,ref      ] GC(110) Soft: 2 encountered, 0 discovered, 0 enqueued
[51.134s][info][gc,ref      ] GC(110) Weak: 9 encountered, 0 discovered, 0 enqueued
[51.134s][info][gc,ref      ] GC(110) Final: 0 encountered, 0 discovered, 0 enqueued
[51.134s][info][gc,ref      ] GC(110) Phantom: 3 encountered, 2 discovered, 0 enqueued
[51.134s][info][gc,reloc    ] GC(110) Small Pages: 4 / 8M, Empty: 0M, Relocated: 0M, In-Place: 0
[51.134s][info][gc,reloc    ] GC(110) Medium Pages: 0 / 0M, Empty: 0M, Relocated: 0M, In-Place: 0
[51.134s][info][gc,reloc    ] GC(110) Large Pages: 0 / 0M, Empty: 0M, Relocated: 0M, In-Place: 0
[51.134s][info][gc,reloc    ] GC(110) Forwarding Usage: 0M
[51.134s][info][gc,heap     ] GC(110) Min Capacity: 8192M(100%)
[51.134s][info][gc,heap     ] GC(110) Max Capacity: 8192M(100%)
[51.134s][info][gc,heap     ] GC(110) Soft Max Capacity: 8192M(100%)
[51.134s][info][gc,heap     ] GC(110)                Mark Start          Mark End        Relocate Start      Relocate End           High               Low         
[51.134s][info][gc,heap     ] GC(110)  Capacity:     8192M (100%)       8192M (100%)       8192M (100%)       8192M (100%)       8192M (100%)       8192M (100%)   
[51.135s][info][gc,heap     ] GC(110)      Free:     8184M (100%)       8184M (100%)       8184M (100%)       8186M (100%)       8186M (100%)       8180M (100%)   
[51.135s][info][gc,heap     ] GC(110)      Used:        8M (0%)            8M (0%)            8M (0%)            6M (0%)           12M (0%)            6M (0%)     
[51.135s][info][gc,heap     ] GC(110)      Live:         -                 0M (0%)            0M (0%)            0M (0%)             -                  -          
[51.135s][info][gc,heap     ] GC(110) Allocated:         -                 0M (0%)            0M (0%)            0M (0%)             -                  -          
[51.135s][info][gc,heap     ] GC(110)   Garbage:         -                 7M (0%)            7M (0%)            5M (0%)             -                  -          
[51.135s][info][gc,heap     ] GC(110) Reclaimed:         -                  -                 0M (0%)            2M (0%)             -                  -          
[51.135s][info][gc          ] GC(110) Garbage Collection (System.gc()) 8M(0%)->6M(0%)
[51.588s][info][gc,start    ] GC(111) Garbage Collection (System.gc())
[51.589s][info][gc,task     ] GC(111) Using 3 workers
[51.589s][info][gc,phases   ] GC(111) Pause Mark Start 0.012ms
[51.592s][info][gc,phases   ] GC(111) Concurrent Mark 2.448ms
[51.592s][info][gc,phases   ] GC(111) Pause Mark End 0.015ms
[51.592s][info][gc,phases   ] GC(111) Concurrent Mark Free 0.001ms
[51.593s][info][gc,phases   ] GC(111) Concurrent Process Non-Strong References 0.682ms
[51.593s][info][gc,phases   ] GC(111) Concurrent Reset Relocation Set 0.002ms
[51.597s][info][gc,phases   ] GC(111) Concurrent Select Relocation Set 4.383ms
[51.597s][info][gc,phases   ] GC(111) Pause Relocate Start 0.004ms
[51.598s][info][gc,phases   ] GC(111) Concurrent Relocate 0.580ms
[51.598s][info][gc,load     ] GC(111) Load: 1.28/1.36/1.57
[51.598s][info][gc,mmu      ] GC(111) MMU: 2ms/93.3%, 5ms/97.3%, 10ms/98.3%, 20ms/99.2%, 50ms/99.7%, 100ms/99.8%
[51.598s][info][gc,marking  ] GC(111) Mark: 2 stripe(s), 1 proactive flush(es), 1 terminate flush(es), 0 completion(s), 0 continuation(s) 
[51.598s][info][gc,marking  ] GC(111) Mark Stack Usage: 32M
[51.598s][info][gc,nmethod  ] GC(111) NMethods: 281 registered, 7 unregistered
[51.598s][info][gc,metaspace] GC(111) Metaspace: 0M used, 0M committed, 1088M reserved
[51.598s][info][gc,ref      ] GC(111) Soft: 2 encountered, 0 discovered, 0 enqueued
[51.598s][info][gc,ref      ] GC(111) Weak: 9 encountered, 0 discovered, 0 enqueued
[51.598s][info][gc,ref      ] GC(111) Final: 0 encountered, 0 discovered, 0 enqueued
[51.598s][info][gc,ref      ] GC(111) Phantom: 3 encountered, 2 discovered, 0 enqueued
[51.598s][info][gc,reloc    ] GC(111) Small Pages: 4 / 8M, Empty: 0M, Relocated: 0M, In-Place: 0
[51.598s][info][gc,reloc    ] GC(111) Medium Pages: 0 / 0M, Empty: 0M, Relocated: 0M, In-Place: 0
[51.598s][info][gc,reloc    ] GC(111) Large Pages: 0 / 0M, Empty: 0M, Relocated: 0M, In-Place: 0
[51.598s][info][gc,reloc    ] GC(111) Forwarding Usage: 0M
[51.598s][info][gc,heap     ] GC(111) Min Capacity: 8192M(100%)
[51.598s][info][gc,heap     ] GC(111) Max Capacity: 8192M(100%)
[51.598s][info][gc,heap     ] GC(111) Soft Max Capacity: 8192M(100%)
[51.598s][info][gc,heap     ] GC(111)                Mark Start          Mark End        Relocate Start      Relocate End           High               Low         
[51.598s][info][gc,heap     ] GC(111)  Capacity:     8192M (100%)       8192M (100%)       8192M (100%)       8192M (100%)       8192M (100%)       8192M (100%)   
[51.598s][info][gc,heap     ] GC(111)      Free:     8184M (100%)       8184M (100%)       8184M (100%)       8186M (100%)       8186M (100%)       8180M (100%)   
[51.598s][info][gc,heap     ] GC(111)      Used:        8M (0%)            8M (0%)            8M (0%)            6M (0%)           12M (0%)            6M (0%)     
[51.598s][info][gc,heap     ] GC(111)      Live:         -                 0M (0%)            0M (0%)            0M (0%)             -                  -          
[51.598s][info][gc,heap     ] GC(111) Allocated:         -                 0M (0%)            0M (0%)            0M (0%)             -                  -          
[51.598s][info][gc,heap     ] GC(111)   Garbage:         -                 7M (0%)            7M (0%)            5M (0%)             -                  -          
[51.598s][info][gc,heap     ] GC(111) Reclaimed:         -                  -                 0M (0%)            2M (0%)             -                  -          
[51.598s][info][gc          ] GC(111) Garbage Collection (System.gc()) 8M(0%)->6M(0%)
[52.051s][info][gc,start    ] GC(112) Garbage Collection (System.gc())
[52.051s][info][gc,task     ] GC(112) Using 3 workers
[52.051s][info][gc,phases   ] GC(112) Pause Mark Start 0.005ms
[52.054s][info][gc,phases   ] GC(112) Concurrent Mark 2.079ms
[52.054s][info][gc,phases   ] GC(112) Pause Mark End 0.009ms
[52.054s][info][gc,phases   ] GC(112) Concurrent Mark Free 0.000ms
[52.054s][info][gc,phases   ] GC(112) Concurrent Process Non-Strong References 0.447ms
[52.054s][info][gc,phases   ] GC(112) Concurrent Reset Relocation Set 0.001ms
[52.058s][info][gc,phases   ] GC(112) Concurrent Select Relocation Set 4.152ms
[52.058s][info][gc,phases   ] GC(112) Pause Relocate Start 0.003ms
[52.059s][info][gc,phases   ] GC(112) Concurrent Relocate 0.545ms
[52.059s][info][gc,load     ] GC(112) Load: 1.28/1.36/1.57
[52.059s][info][gc,mmu      ] GC(112) MMU: 2ms/93.3%, 5ms/97.3%, 10ms/98.3%, 20ms/99.2%, 50ms/99.7%, 100ms/99.8%
[52.059s][info][gc,marking  ] GC(112) Mark: 2 stripe(s), 1 proactive flush(es), 1 terminate flush(es), 0 completion(s), 0 continuation(s) 
[52.059s][info][gc,marking  ] GC(112) Mark Stack Usage: 32M
[52.059s][info][gc,nmethod  ] GC(112) NMethods: 281 registered, 7 unregistered
[52.059s][info][gc,metaspace] GC(112) Metaspace: 0M used, 0M committed, 1088M reserved
[52.059s][info][gc,ref      ] GC(112) Soft: 2 encountered, 0 discovered, 0 enqueued
[52.059s][info][gc,ref      ] GC(112) Weak: 9 encountered, 0 discovered, 0 enqueued
[52.059s][info][gc,ref      ] GC(112) Final: 0 encountered, 0 discovered, 0 enqueued
[52.059s][info][gc,ref      ] GC(112) Phantom: 3 encountered, 2 discovered, 0 enqueued
[52.059s][info][gc,reloc    ] GC(112) Small Pages: 4 / 8M, Empty: 0M, Relocated: 0M, In-Place: 0
[52.059s][info][gc,reloc    ] GC(112) Medium Pages: 0 / 0M, Empty: 0M, Relocated: 0M, In-Place: 0
[52.059s][info][gc,reloc    ] GC(112) Large Pages: 0 / 0M, Empty: 0M, Relocated: 0M, In-Place: 0
[52.059s][info][gc,reloc    ] GC(112) Forwarding Usage: 0M
[52.059s][info][gc,heap     ] GC(112) Min Capacity: 8192M(100%)
[52.059s][info][gc,heap     ] GC(112) Max Capacity: 8192M(100%)
[52.059s][info][gc,heap     ] GC(112) Soft Max Capacity: 8192M(100%)
[52.059s][info][gc,heap     ] GC(112)                Mark Start          Mark End        Relocate Start      Relocate End           High               Low         
[52.059s][info][gc,heap     ] GC(112)  Capacity:     8192M (100%)       8192M (100%)       8192M (100%)       8192M (100%)       8192M (100%)       8192M (100%)   
[52.059s][info][gc,heap     ] GC(112)      Free:     8184M (100%)       8184M (100%)       8184M (100%)       8186M (100%)       8186M (100%)       8178M (100%)   
[52.059s][info][gc,heap     ] GC(112)      Used:        8M (0%)            8M (0%)            8M (0%)            6M (0%)           14M (0%)            6M (0%)     
[52.059s][info][gc,heap     ] GC(112)      Live:         -                 0M (0%)            0M (0%)            0M (0%)             -                  -          
[52.059s][info][gc,heap     ] GC(112) Allocated:         -                 0M (0%)            0M (0%)            0M (0%)             -                  -          
[52.059s][info][gc,heap     ] GC(112)   Garbage:         -                 7M (0%)            7M (0%)            5M (0%)             -                  -          
[52.059s][info][gc,heap     ] GC(112) Reclaimed:         -                  -                 0M (0%)            2M (0%)             -                  -          
[52.059s][info][gc          ] GC(112) Garbage Collection (System.gc()) 8M(0%)->6M(0%)
[52.518s][info][gc,start    ] GC(113) Garbage Collection (System.gc())
[52.518s][info][gc,task     ] GC(113) Using 3 workers
[52.518s][info][gc,phases   ] GC(113) Pause Mark Start 0.014ms
[52.521s][info][gc,phases   ] GC(113) Concurrent Mark 2.984ms
[52.521s][info][gc,phases   ] GC(113) Pause Mark End 0.020ms
[52.521s][info][gc,phases   ] GC(113) Concurrent Mark Free 0.002ms
[52.523s][info][gc,phases   ] GC(113) Concurrent Process Non-Strong References 2.288ms
[52.523s][info][gc,phases   ] GC(113) Concurrent Reset Relocation Set 0.003ms
[52.533s][info][gc,phases   ] GC(113) Concurrent Select Relocation Set 9.307ms
[52.533s][info][gc,phases   ] GC(113) Pause Relocate Start 0.015ms
[52.534s][info][gc,phases   ] GC(113) Concurrent Relocate 0.885ms
[52.534s][info][gc,load     ] GC(113) Load: 1.28/1.36/1.57
[52.534s][info][gc,mmu      ] GC(113) MMU: 2ms/93.3%, 5ms/97.3%, 10ms/98.3%, 20ms/99.2%, 50ms/99.7%, 100ms/99.8%
[52.534s][info][gc,marking  ] GC(113) Mark: 2 stripe(s), 1 proactive flush(es), 1 terminate flush(es), 0 completion(s), 0 continuation(s) 
[52.534s][info][gc,marking  ] GC(113) Mark Stack Usage: 32M
[52.534s][info][gc,nmethod  ] GC(113) NMethods: 282 registered, 7 unregistered
[52.534s][info][gc,metaspace] GC(113) Metaspace: 0M used, 0M committed, 1088M reserved
[52.534s][info][gc,ref      ] GC(113) Soft: 2 encountered, 0 discovered, 0 enqueued
[52.534s][info][gc,ref      ] GC(113) Weak: 9 encountered, 1 discovered, 0 enqueued
[52.534s][info][gc,ref      ] GC(113) Final: 0 encountered, 0 discovered, 0 enqueued
[52.534s][info][gc,ref      ] GC(113) Phantom: 3 encountered, 2 discovered, 0 enqueued
[52.534s][info][gc,reloc    ] GC(113) Small Pages: 4 / 8M, Empty: 0M, Relocated: 0M, In-Place: 0
[52.534s][info][gc,reloc    ] GC(113) Medium Pages: 0 / 0M, Empty: 0M, Relocated: 0M, In-Place: 0
[52.534s][info][gc,reloc    ] GC(113) Large Pages: 0 / 0M, Empty: 0M, Relocated: 0M, In-Place: 0
[52.534s][info][gc,reloc    ] GC(113) Forwarding Usage: 0M
[52.534s][info][gc,heap     ] GC(113) Min Capacity: 8192M(100%)
[52.534s][info][gc,heap     ] GC(113) Max Capacity: 8192M(100%)
[52.534s][info][gc,heap     ] GC(113) Soft Max Capacity: 8192M(100%)
[52.534s][info][gc,heap     ] GC(113)                Mark Start          Mark End        Relocate Start      Relocate End           High               Low         
[52.534s][info][gc,heap     ] GC(113)  Capacity:     8192M (100%)       8192M (100%)       8192M (100%)       8192M (100%)       8192M (100%)       8192M (100%)   
[52.534s][info][gc,heap     ] GC(113)      Free:     8184M (100%)       8184M (100%)       8184M (100%)       8186M (100%)       8186M (100%)       8178M (100%)   
[52.534s][info][gc,heap     ] GC(113)      Used:        8M (0%)            8M (0%)            8M (0%)            6M (0%)           14M (0%)            6M (0%)     
[52.534s][info][gc,heap     ] GC(113)      Live:         -                 0M (0%)            0M (0%)            0M (0%)             -                  -          
[52.534s][info][gc,heap     ] GC(113) Allocated:         -                 0M (0%)            0M (0%)            0M (0%)             -                  -          
[52.534s][info][gc,heap     ] GC(113)   Garbage:         -                 7M (0%)            7M (0%)            5M (0%)             -                  -          
[52.534s][info][gc,heap     ] GC(113) Reclaimed:         -                  -                 0M (0%)            2M (0%)             -                  -          
[52.534s][info][gc          ] GC(113) Garbage Collection (System.gc()) 8M(0%)->6M(0%)
[52.991s][info][gc,start    ] GC(114) Garbage Collection (System.gc())
[52.991s][info][gc,task     ] GC(114) Using 3 workers
[52.991s][info][gc,phases   ] GC(114) Pause Mark Start 0.014ms
[52.997s][info][gc,phases   ] GC(114) Concurrent Mark 5.387ms
[52.997s][info][gc,phases   ] GC(114) Pause Mark End 0.021ms
[52.997s][info][gc,phases   ] GC(114) Concurrent Mark Free 0.001ms
[52.998s][info][gc,phases   ] GC(114) Concurrent Process Non-Strong References 0.858ms
[52.998s][info][gc,phases   ] GC(114) Concurrent Reset Relocation Set 0.003ms
[53.010s][info][gc,phases   ] GC(114) Concurrent Select Relocation Set 12.470ms
[53.011s][info][gc,phases   ] GC(114) Pause Relocate Start 0.016ms
[53.012s][info][gc,phases   ] GC(114) Concurrent Relocate 1.001ms
[53.012s][info][gc,load     ] GC(114) Load: 1.28/1.36/1.57
[53.012s][info][gc,mmu      ] GC(114) MMU: 2ms/93.3%, 5ms/97.3%, 10ms/98.3%, 20ms/99.2%, 50ms/99.7%, 100ms/99.8%
[53.012s][info][gc,marking  ] GC(114) Mark: 2 stripe(s), 1 proactive flush(es), 1 terminate flush(es), 0 completion(s), 0 continuation(s) 
[53.012s][info][gc,marking  ] GC(114) Mark Stack Usage: 32M
[53.012s][info][gc,nmethod  ] GC(114) NMethods: 282 registered, 7 unregistered
[53.012s][info][gc,metaspace] GC(114) Metaspace: 0M used, 0M committed, 1088M reserved
[53.012s][info][gc,ref      ] GC(114) Soft: 2 encountered, 0 discovered, 0 enqueued
[53.012s][info][gc,ref      ] GC(114) Weak: 9 encountered, 0 discovered, 0 enqueued
[53.012s][info][gc,ref      ] GC(114) Final: 0 encountered, 0 discovered, 0 enqueued
[53.012s][info][gc,ref      ] GC(114) Phantom: 3 encountered, 2 discovered, 0 enqueued
[53.012s][info][gc,reloc    ] GC(114) Small Pages: 4 / 8M, Empty: 0M, Relocated: 0M, In-Place: 0
[53.012s][info][gc,reloc    ] GC(114) Medium Pages: 0 / 0M, Empty: 0M, Relocated: 0M, In-Place: 0
[53.012s][info][gc,reloc    ] GC(114) Large Pages: 0 / 0M, Empty: 0M, Relocated: 0M, In-Place: 0
[53.012s][info][gc,reloc    ] GC(114) Forwarding Usage: 0M
[53.012s][info][gc,heap     ] GC(114) Min Capacity: 8192M(100%)
[53.012s][info][gc,heap     ] GC(114) Max Capacity: 8192M(100%)
[53.012s][info][gc,heap     ] GC(114) Soft Max Capacity: 8192M(100%)
[53.012s][info][gc,heap     ] GC(114)                Mark Start          Mark End        Relocate Start      Relocate End           High               Low         
[53.012s][info][gc,heap     ] GC(114)  Capacity:     8192M (100%)       8192M (100%)       8192M (100%)       8192M (100%)       8192M (100%)       8192M (100%)   
[53.012s][info][gc,heap     ] GC(114)      Free:     8184M (100%)       8184M (100%)       8184M (100%)       8186M (100%)       8186M (100%)       8178M (100%)   
[53.012s][info][gc,heap     ] GC(114)      Used:        8M (0%)            8M (0%)            8M (0%)            6M (0%)           14M (0%)            6M (0%)     
[53.012s][info][gc,heap     ] GC(114)      Live:         -                 0M (0%)            0M (0%)            0M (0%)             -                  -          
[53.012s][info][gc,heap     ] GC(114) Allocated:         -                 0M (0%)            0M (0%)            0M (0%)             -                  -          
[53.012s][info][gc,heap     ] GC(114)   Garbage:         -                 7M (0%)            7M (0%)            5M (0%)             -                  -          
[53.012s][info][gc,heap     ] GC(114) Reclaimed:         -                  -                 0M (0%)            2M (0%)             -                  -          
[53.012s][info][gc          ] GC(114) Garbage Collection (System.gc()) 8M(0%)->6M(0%)
[53.467s][info][gc,start    ] GC(115) Garbage Collection (System.gc())
[53.467s][info][gc,task     ] GC(115) Using 3 workers
[53.467s][info][gc,phases   ] GC(115) Pause Mark Start 0.014ms
[53.471s][info][gc,phases   ] GC(115) Concurrent Mark 3.764ms
[53.471s][info][gc,phases   ] GC(115) Pause Mark End 0.019ms
[53.471s][info][gc,phases   ] GC(115) Concurrent Mark Free 0.001ms
[53.472s][info][gc,phases   ] GC(115) Concurrent Process Non-Strong References 0.700ms
[53.472s][info][gc,phases   ] GC(115) Concurrent Reset Relocation Set 0.003ms
[53.487s][info][gc,phases   ] GC(115) Concurrent Select Relocation Set 15.176ms
[53.488s][info][gc,phases   ] GC(115) Pause Relocate Start 0.017ms
[53.488s][info][gc,phases   ] GC(115) Concurrent Relocate 0.773ms
[53.489s][info][gc,load     ] GC(115) Load: 1.28/1.36/1.57
[53.489s][info][gc,mmu      ] GC(115) MMU: 2ms/93.3%, 5ms/97.3%, 10ms/98.3%, 20ms/99.2%, 50ms/99.7%, 100ms/99.8%
[53.489s][info][gc,marking  ] GC(115) Mark: 2 stripe(s), 1 proactive flush(es), 1 terminate flush(es), 0 completion(s), 0 continuation(s) 
[53.489s][info][gc,marking  ] GC(115) Mark Stack Usage: 32M
[53.489s][info][gc,nmethod  ] GC(115) NMethods: 282 registered, 7 unregistered
[53.489s][info][gc,metaspace] GC(115) Metaspace: 0M used, 0M committed, 1088M reserved
[53.489s][info][gc,ref      ] GC(115) Soft: 2 encountered, 0 discovered, 0 enqueued
[53.489s][info][gc,ref      ] GC(115) Weak: 9 encountered, 0 discovered, 0 enqueued
[53.489s][info][gc,ref      ] GC(115) Final: 0 encountered, 0 discovered, 0 enqueued
[53.489s][info][gc,ref      ] GC(115) Phantom: 3 encountered, 1 discovered, 0 enqueued
[53.489s][info][gc,reloc    ] GC(115) Small Pages: 4 / 8M, Empty: 0M, Relocated: 0M, In-Place: 0
[53.489s][info][gc,reloc    ] GC(115) Medium Pages: 0 / 0M, Empty: 0M, Relocated: 0M, In-Place: 0
[53.489s][info][gc,reloc    ] GC(115) Large Pages: 0 / 0M, Empty: 0M, Relocated: 0M, In-Place: 0
[53.489s][info][gc,reloc    ] GC(115) Forwarding Usage: 0M
[53.489s][info][gc,heap     ] GC(115) Min Capacity: 8192M(100%)
[53.489s][info][gc,heap     ] GC(115) Max Capacity: 8192M(100%)
[53.489s][info][gc,heap     ] GC(115) Soft Max Capacity: 8192M(100%)
[53.489s][info][gc,heap     ] GC(115)                Mark Start          Mark End        Relocate Start      Relocate End           High               Low         
[53.489s][info][gc,heap     ] GC(115)  Capacity:     8192M (100%)       8192M (100%)       8192M (100%)       8192M (100%)       8192M (100%)       8192M (100%)   
[53.489s][info][gc,heap     ] GC(115)      Free:     8184M (100%)       8184M (100%)       8184M (100%)       8188M (100%)       8188M (100%)       8180M (100%)   
[53.489s][info][gc,heap     ] GC(115)      Used:        8M (0%)            8M (0%)            8M (0%)            4M (0%)           12M (0%)            4M (0%)     
[53.489s][info][gc,heap     ] GC(115)      Live:         -                 0M (0%)            0M (0%)            0M (0%)             -                  -          
[53.489s][info][gc,heap     ] GC(115) Allocated:         -                 0M (0%)            0M (0%)            0M (0%)             -                  -          
[53.489s][info][gc,heap     ] GC(115)   Garbage:         -                 7M (0%)            7M (0%)            3M (0%)             -                  -          
[53.489s][info][gc,heap     ] GC(115) Reclaimed:         -                  -                 0M (0%)            4M (0%)             -                  -          
[53.489s][info][gc          ] GC(115) Garbage Collection (System.gc()) 8M(0%)->4M(0%)
[53.946s][info][gc,start    ] GC(116) Garbage Collection (System.gc())
[53.946s][info][gc,task     ] GC(116) Using 3 workers
[53.946s][info][gc,phases   ] GC(116) Pause Mark Start 0.012ms
[53.951s][info][gc,phases   ] GC(116) Concurrent Mark 3.319ms
[53.951s][info][gc,phases   ] GC(116) Pause Mark End 0.019ms
[53.951s][info][gc,phases   ] GC(116) Concurrent Mark Free 0.001ms
[53.963s][info][gc,phases   ] GC(116) Concurrent Process Non-Strong References 11.674ms
[53.963s][info][gc,phases   ] GC(116) Concurrent Reset Relocation Set 0.004ms
[53.967s][info][gc,phases   ] GC(116) Concurrent Select Relocation Set 3.735ms
[53.967s][info][gc,phases   ] GC(116) Pause Relocate Start 0.008ms
[53.967s][info][gc,phases   ] GC(116) Concurrent Relocate 0.525ms
[53.967s][info][gc,load     ] GC(116) Load: 1.28/1.36/1.57
[53.967s][info][gc,mmu      ] GC(116) MMU: 2ms/93.3%, 5ms/97.3%, 10ms/98.3%, 20ms/99.2%, 50ms/99.7%, 100ms/99.8%
[53.967s][info][gc,marking  ] GC(116) Mark: 2 stripe(s), 1 proactive flush(es), 1 terminate flush(es), 0 completion(s), 0 continuation(s) 
[53.967s][info][gc,marking  ] GC(116) Mark Stack Usage: 32M
[53.967s][info][gc,nmethod  ] GC(116) NMethods: 282 registered, 7 unregistered
[53.967s][info][gc,metaspace] GC(116) Metaspace: 0M used, 0M committed, 1088M reserved
[53.967s][info][gc,ref      ] GC(116) Soft: 2 encountered, 0 discovered, 0 enqueued
[53.968s][info][gc,ref      ] GC(116) Weak: 9 encountered, 0 discovered, 0 enqueued
[53.968s][info][gc,ref      ] GC(116) Final: 0 encountered, 0 discovered, 0 enqueued
[53.968s][info][gc,ref      ] GC(116) Phantom: 3 encountered, 1 discovered, 0 enqueued
[53.968s][info][gc,reloc    ] GC(116) Small Pages: 3 / 6M, Empty: 0M, Relocated: 0M, In-Place: 0
[53.968s][info][gc,reloc    ] GC(116) Medium Pages: 0 / 0M, Empty: 0M, Relocated: 0M, In-Place: 0
[53.968s][info][gc,reloc    ] GC(116) Large Pages: 0 / 0M, Empty: 0M, Relocated: 0M, In-Place: 0
[53.968s][info][gc,reloc    ] GC(116) Forwarding Usage: 0M
[53.968s][info][gc,heap     ] GC(116) Min Capacity: 8192M(100%)
[53.968s][info][gc,heap     ] GC(116) Max Capacity: 8192M(100%)
[53.968s][info][gc,heap     ] GC(116) Soft Max Capacity: 8192M(100%)
[53.968s][info][gc,heap     ] GC(116)                Mark Start          Mark End        Relocate Start      Relocate End           High               Low         
[53.968s][info][gc,heap     ] GC(116)  Capacity:     8192M (100%)       8192M (100%)       8192M (100%)       8192M (100%)       8192M (100%)       8192M (100%)   
[53.968s][info][gc,heap     ] GC(116)      Free:     8186M (100%)       8186M (100%)       8186M (100%)       8186M (100%)       8186M (100%)       8180M (100%)   
[53.968s][info][gc,heap     ] GC(116)      Used:        6M (0%)            6M (0%)            6M (0%)            6M (0%)           12M (0%)            6M (0%)     
[53.968s][info][gc,heap     ] GC(116)      Live:         -                 0M (0%)            0M (0%)            0M (0%)             -                  -          
[53.968s][info][gc,heap     ] GC(116) Allocated:         -                 0M (0%)            0M (0%)            0M (0%)             -                  -          
[53.968s][info][gc,heap     ] GC(116)   Garbage:         -                 5M (0%)            5M (0%)            5M (0%)             -                  -          
[53.968s][info][gc,heap     ] GC(116) Reclaimed:         -                  -                 0M (0%)            0M (0%)             -                  -          
[53.968s][info][gc          ] GC(116) Garbage Collection (System.gc()) 6M(0%)->6M(0%)
[54.427s][info][gc,start    ] GC(117) Garbage Collection (System.gc())
[54.427s][info][gc,task     ] GC(117) Using 3 workers
[54.427s][info][gc,phases   ] GC(117) Pause Mark Start 0.016ms
[54.439s][info][gc,phases   ] GC(117) Concurrent Mark 11.488ms
[54.439s][info][gc,phases   ] GC(117) Pause Mark End 0.055ms
[54.439s][info][gc,phases   ] GC(117) Concurrent Mark Free 0.001ms
[54.440s][info][gc,phases   ] GC(117) Concurrent Process Non-Strong References 1.027ms
[54.440s][info][gc,phases   ] GC(117) Concurrent Reset Relocation Set 0.001ms
[54.444s][info][gc,phases   ] GC(117) Concurrent Select Relocation Set 3.651ms
[54.444s][info][gc,phases   ] GC(117) Pause Relocate Start 0.006ms
[54.445s][info][gc,phases   ] GC(117) Concurrent Relocate 0.658ms
[54.445s][info][gc,load     ] GC(117) Load: 1.28/1.36/1.57
[54.445s][info][gc,mmu      ] GC(117) MMU: 2ms/93.3%, 5ms/97.3%, 10ms/98.3%, 20ms/99.2%, 50ms/99.7%, 100ms/99.8%
[54.445s][info][gc,marking  ] GC(117) Mark: 2 stripe(s), 1 proactive flush(es), 1 terminate flush(es), 0 completion(s), 0 continuation(s) 
[54.445s][info][gc,marking  ] GC(117) Mark Stack Usage: 32M
[54.445s][info][gc,nmethod  ] GC(117) NMethods: 282 registered, 7 unregistered
[54.445s][info][gc,metaspace] GC(117) Metaspace: 0M used, 0M committed, 1088M reserved
[54.445s][info][gc,ref      ] GC(117) Soft: 2 encountered, 0 discovered, 0 enqueued
[54.445s][info][gc,ref      ] GC(117) Weak: 9 encountered, 0 discovered, 0 enqueued
[54.445s][info][gc,ref      ] GC(117) Final: 0 encountered, 0 discovered, 0 enqueued
[54.445s][info][gc,ref      ] GC(117) Phantom: 3 encountered, 2 discovered, 0 enqueued
[54.445s][info][gc,reloc    ] GC(117) Small Pages: 4 / 8M, Empty: 0M, Relocated: 0M, In-Place: 0
[54.445s][info][gc,reloc    ] GC(117) Medium Pages: 0 / 0M, Empty: 0M, Relocated: 0M, In-Place: 0
[54.445s][info][gc,reloc    ] GC(117) Large Pages: 0 / 0M, Empty: 0M, Relocated: 0M, In-Place: 0
[54.445s][info][gc,reloc    ] GC(117) Forwarding Usage: 0M
[54.445s][info][gc,heap     ] GC(117) Min Capacity: 8192M(100%)
[54.445s][info][gc,heap     ] GC(117) Max Capacity: 8192M(100%)
[54.445s][info][gc,heap     ] GC(117) Soft Max Capacity: 8192M(100%)
[54.445s][info][gc,heap     ] GC(117)                Mark Start          Mark End        Relocate Start      Relocate End           High               Low         
[54.445s][info][gc,heap     ] GC(117)  Capacity:     8192M (100%)       8192M (100%)       8192M (100%)       8192M (100%)       8192M (100%)       8192M (100%)   
[54.445s][info][gc,heap     ] GC(117)      Free:     8184M (100%)       8184M (100%)       8184M (100%)       8186M (100%)       8186M (100%)       8178M (100%)   
[54.445s][info][gc,heap     ] GC(117)      Used:        8M (0%)            8M (0%)            8M (0%)            6M (0%)           14M (0%)            6M (0%)     
[54.445s][info][gc,heap     ] GC(117)      Live:         -                 0M (0%)            0M (0%)            0M (0%)             -                  -          
[54.445s][info][gc,heap     ] GC(117) Allocated:         -                 0M (0%)            0M (0%)            0M (0%)             -                  -          
[54.445s][info][gc,heap     ] GC(117)   Garbage:         -                 7M (0%)            7M (0%)            5M (0%)             -                  -          
[54.445s][info][gc,heap     ] GC(117) Reclaimed:         -                  -                 0M (0%)            2M (0%)             -                  -          
[54.445s][info][gc          ] GC(117) Garbage Collection (System.gc()) 8M(0%)->6M(0%)
[54.901s][info][gc,start    ] GC(118) Garbage Collection (System.gc())
[54.901s][info][gc,task     ] GC(118) Using 3 workers
[54.901s][info][gc,phases   ] GC(118) Pause Mark Start 0.014ms
[54.912s][info][gc,phases   ] GC(118) Concurrent Mark 2.528ms
[54.912s][info][gc,phases   ] GC(118) Pause Mark End 0.022ms
[54.912s][info][gc,phases   ] GC(118) Concurrent Mark Free 0.001ms
[54.914s][info][gc,phases   ] GC(118) Concurrent Process Non-Strong References 1.399ms
[54.914s][info][gc,phases   ] GC(118) Concurrent Reset Relocation Set 0.002ms
[54.918s][info][gc,phases   ] GC(118) Concurrent Select Relocation Set 4.498ms
[54.918s][info][gc,phases   ] GC(118) Pause Relocate Start 0.011ms
[54.919s][info][gc,phases   ] GC(118) Concurrent Relocate 0.773ms
[54.919s][info][gc,load     ] GC(118) Load: 1.26/1.35/1.57
[54.919s][info][gc,mmu      ] GC(118) MMU: 2ms/93.3%, 5ms/97.3%, 10ms/98.3%, 20ms/99.2%, 50ms/99.7%, 100ms/99.8%
[54.919s][info][gc,marking  ] GC(118) Mark: 2 stripe(s), 1 proactive flush(es), 1 terminate flush(es), 0 completion(s), 0 continuation(s) 
[54.919s][info][gc,marking  ] GC(118) Mark Stack Usage: 32M
[54.919s][info][gc,nmethod  ] GC(118) NMethods: 282 registered, 7 unregistered
[54.919s][info][gc,metaspace] GC(118) Metaspace: 0M used, 0M committed, 1088M reserved
[54.919s][info][gc,ref      ] GC(118) Soft: 2 encountered, 0 discovered, 0 enqueued
[54.919s][info][gc,ref      ] GC(118) Weak: 9 encountered, 0 discovered, 0 enqueued
[54.919s][info][gc,ref      ] GC(118) Final: 0 encountered, 0 discovered, 0 enqueued
[54.919s][info][gc,ref      ] GC(118) Phantom: 3 encountered, 2 discovered, 0 enqueued
[54.919s][info][gc,reloc    ] GC(118) Small Pages: 4 / 8M, Empty: 0M, Relocated: 0M, In-Place: 0
[54.919s][info][gc,reloc    ] GC(118) Medium Pages: 0 / 0M, Empty: 0M, Relocated: 0M, In-Place: 0
[54.919s][info][gc,reloc    ] GC(118) Large Pages: 0 / 0M, Empty: 0M, Relocated: 0M, In-Place: 0
[54.919s][info][gc,reloc    ] GC(118) Forwarding Usage: 0M
[54.919s][info][gc,heap     ] GC(118) Min Capacity: 8192M(100%)
[54.919s][info][gc,heap     ] GC(118) Max Capacity: 8192M(100%)
[54.919s][info][gc,heap     ] GC(118) Soft Max Capacity: 8192M(100%)
[54.919s][info][gc,heap     ] GC(118)                Mark Start          Mark End        Relocate Start      Relocate End           High               Low         
[54.919s][info][gc,heap     ] GC(118)  Capacity:     8192M (100%)       8192M (100%)       8192M (100%)       8192M (100%)       8192M (100%)       8192M (100%)   
[54.919s][info][gc,heap     ] GC(118)      Free:     8184M (100%)       8184M (100%)       8184M (100%)       8186M (100%)       8186M (100%)       8178M (100%)   
[54.919s][info][gc,heap     ] GC(118)      Used:        8M (0%)            8M (0%)            8M (0%)            6M (0%)           14M (0%)            6M (0%)     
[54.919s][info][gc,heap     ] GC(118)      Live:         -                 0M (0%)            0M (0%)            0M (0%)             -                  -          
[54.919s][info][gc,heap     ] GC(118) Allocated:         -                 0M (0%)            0M (0%)            0M (0%)             -                  -          
[54.919s][info][gc,heap     ] GC(118)   Garbage:         -                 7M (0%)            7M (0%)            5M (0%)             -                  -          
[54.919s][info][gc,heap     ] GC(118) Reclaimed:         -                  -                 0M (0%)            2M (0%)             -                  -          
[54.919s][info][gc          ] GC(118) Garbage Collection (System.gc()) 8M(0%)->6M(0%)
[55.377s][info][gc,start    ] GC(119) Garbage Collection (System.gc())
[55.377s][info][gc,task     ] GC(119) Using 3 workers
[55.377s][info][gc,phases   ] GC(119) Pause Mark Start 0.012ms
[55.389s][info][gc,phases   ] GC(119) Concurrent Mark 2.662ms
[55.389s][info][gc,phases   ] GC(119) Pause Mark End 0.013ms
[55.389s][info][gc,phases   ] GC(119) Concurrent Mark Free 0.000ms
[55.389s][info][gc,phases   ] GC(119) Concurrent Process Non-Strong References 0.466ms
[55.389s][info][gc,phases   ] GC(119) Concurrent Reset Relocation Set 0.001ms
[55.394s][info][gc,phases   ] GC(119) Concurrent Select Relocation Set 4.034ms
[55.394s][info][gc,phases   ] GC(119) Pause Relocate Start 0.006ms
[55.394s][info][gc,phases   ] GC(119) Concurrent Relocate 0.714ms
[55.394s][info][gc,load     ] GC(119) Load: 1.26/1.35/1.57
[55.394s][info][gc,mmu      ] GC(119) MMU: 2ms/93.3%, 5ms/97.3%, 10ms/98.3%, 20ms/99.2%, 50ms/99.7%, 100ms/99.8%
[55.394s][info][gc,marking  ] GC(119) Mark: 2 stripe(s), 1 proactive flush(es), 1 terminate flush(es), 0 completion(s), 0 continuation(s) 
[55.394s][info][gc,marking  ] GC(119) Mark Stack Usage: 32M
[55.395s][info][gc,nmethod  ] GC(119) NMethods: 282 registered, 7 unregistered
[55.395s][info][gc,metaspace] GC(119) Metaspace: 0M used, 0M committed, 1088M reserved
[55.395s][info][gc,ref      ] GC(119) Soft: 2 encountered, 0 discovered, 0 enqueued
[55.395s][info][gc,ref      ] GC(119) Weak: 9 encountered, 0 discovered, 0 enqueued
[55.395s][info][gc,ref      ] GC(119) Final: 0 encountered, 0 discovered, 0 enqueued
[55.395s][info][gc,ref      ] GC(119) Phantom: 3 encountered, 1 discovered, 0 enqueued
[55.395s][info][gc,reloc    ] GC(119) Small Pages: 4 / 8M, Empty: 0M, Relocated: 0M, In-Place: 0
[55.395s][info][gc,reloc    ] GC(119) Medium Pages: 0 / 0M, Empty: 0M, Relocated: 0M, In-Place: 0
[55.395s][info][gc,reloc    ] GC(119) Large Pages: 0 / 0M, Empty: 0M, Relocated: 0M, In-Place: 0
[55.395s][info][gc,reloc    ] GC(119) Forwarding Usage: 0M
[55.395s][info][gc,heap     ] GC(119) Min Capacity: 8192M(100%)
[55.395s][info][gc,heap     ] GC(119) Max Capacity: 8192M(100%)
[55.395s][info][gc,heap     ] GC(119) Soft Max Capacity: 8192M(100%)
[55.395s][info][gc,heap     ] GC(119)                Mark Start          Mark End        Relocate Start      Relocate End           High               Low         
[55.395s][info][gc,heap     ] GC(119)  Capacity:     8192M (100%)       8192M (100%)       8192M (100%)       8192M (100%)       8192M (100%)       8192M (100%)   
[55.395s][info][gc,heap     ] GC(119)      Free:     8184M (100%)       8184M (100%)       8184M (100%)       8186M (100%)       8186M (100%)       8178M (100%)   
[55.395s][info][gc,heap     ] GC(119)      Used:        8M (0%)            8M (0%)            8M (0%)            6M (0%)           14M (0%)            6M (0%)     
[55.395s][info][gc,heap     ] GC(119)      Live:         -                 0M (0%)            0M (0%)            0M (0%)             -                  -          
[55.395s][info][gc,heap     ] GC(119) Allocated:         -                 0M (0%)            0M (0%)            0M (0%)             -                  -          
[55.395s][info][gc,heap     ] GC(119)   Garbage:         -                 7M (0%)            7M (0%)            5M (0%)             -                  -          
[55.395s][info][gc,heap     ] GC(119) Reclaimed:         -                  -                 0M (0%)            2M (0%)             -                  -          
[55.395s][info][gc          ] GC(119) Garbage Collection (System.gc()) 8M(0%)->6M(0%)
[55.855s][info][gc,start    ] GC(120) Garbage Collection (System.gc())
[55.855s][info][gc,task     ] GC(120) Using 3 workers
[55.855s][info][gc,phases   ] GC(120) Pause Mark Start 0.021ms
[55.857s][info][gc,phases   ] GC(120) Concurrent Mark 2.513ms
[55.858s][info][gc,phases   ] GC(120) Pause Mark End 0.016ms
[55.858s][info][gc,phases   ] GC(120) Concurrent Mark Free 0.001ms
[55.859s][info][gc,phases   ] GC(120) Concurrent Process Non-Strong References 1.112ms
[55.859s][info][gc,phases   ] GC(120) Concurrent Reset Relocation Set 0.001ms
[55.862s][info][gc,phases   ] GC(120) Concurrent Select Relocation Set 3.000ms
[55.862s][info][gc,phases   ] GC(120) Pause Relocate Start 0.008ms
[55.862s][info][gc,phases   ] GC(120) Concurrent Relocate 0.580ms
[55.863s][info][gc,load     ] GC(120) Load: 1.26/1.35/1.57
[55.863s][info][gc,mmu      ] GC(120) MMU: 2ms/93.3%, 5ms/97.3%, 10ms/98.3%, 20ms/99.2%, 50ms/99.7%, 100ms/99.8%
[55.863s][info][gc,marking  ] GC(120) Mark: 2 stripe(s), 1 proactive flush(es), 1 terminate flush(es), 0 completion(s), 0 continuation(s) 
[55.863s][info][gc,marking  ] GC(120) Mark Stack Usage: 32M
[55.863s][info][gc,nmethod  ] GC(120) NMethods: 282 registered, 7 unregistered
[55.863s][info][gc,metaspace] GC(120) Metaspace: 0M used, 0M committed, 1088M reserved
[55.863s][info][gc,ref      ] GC(120) Soft: 2 encountered, 0 discovered, 0 enqueued
[55.863s][info][gc,ref      ] GC(120) Weak: 9 encountered, 0 discovered, 0 enqueued
[55.863s][info][gc,ref      ] GC(120) Final: 0 encountered, 0 discovered, 0 enqueued
[55.863s][info][gc,ref      ] GC(120) Phantom: 3 encountered, 2 discovered, 0 enqueued
[55.863s][info][gc,reloc    ] GC(120) Small Pages: 4 / 8M, Empty: 0M, Relocated: 0M, In-Place: 0
[55.863s][info][gc,reloc    ] GC(120) Medium Pages: 0 / 0M, Empty: 0M, Relocated: 0M, In-Place: 0
[55.863s][info][gc,reloc    ] GC(120) Large Pages: 0 / 0M, Empty: 0M, Relocated: 0M, In-Place: 0
[55.863s][info][gc,reloc    ] GC(120) Forwarding Usage: 0M
[55.863s][info][gc,heap     ] GC(120) Min Capacity: 8192M(100%)
[55.863s][info][gc,heap     ] GC(120) Max Capacity: 8192M(100%)
[55.863s][info][gc,heap     ] GC(120) Soft Max Capacity: 8192M(100%)
[55.863s][info][gc,heap     ] GC(120)                Mark Start          Mark End        Relocate Start      Relocate End           High               Low         
[55.863s][info][gc,heap     ] GC(120)  Capacity:     8192M (100%)       8192M (100%)       8192M (100%)       8192M (100%)       8192M (100%)       8192M (100%)   
[55.863s][info][gc,heap     ] GC(120)      Free:     8184M (100%)       8184M (100%)       8184M (100%)       8186M (100%)       8186M (100%)       8180M (100%)   
[55.863s][info][gc,heap     ] GC(120)      Used:        8M (0%)            8M (0%)            8M (0%)            6M (0%)           12M (0%)            6M (0%)     
[55.863s][info][gc,heap     ] GC(120)      Live:         -                 0M (0%)            0M (0%)            0M (0%)             -                  -          
[55.863s][info][gc,heap     ] GC(120) Allocated:         -                 0M (0%)            0M (0%)            0M (0%)             -                  -          
[55.863s][info][gc,heap     ] GC(120)   Garbage:         -                 7M (0%)            7M (0%)            5M (0%)             -                  -          
[55.863s][info][gc,heap     ] GC(120) Reclaimed:         -                  -                 0M (0%)            2M (0%)             -                  -          
[55.863s][info][gc          ] GC(120) Garbage Collection (System.gc()) 8M(0%)->6M(0%)
[56.326s][info][gc,start    ] GC(121) Garbage Collection (System.gc())
[56.327s][info][gc,task     ] GC(121) Using 3 workers
[56.327s][info][gc,phases   ] GC(121) Pause Mark Start 0.015ms
[56.329s][info][gc,phases   ] GC(121) Concurrent Mark 2.458ms
[56.329s][info][gc,phases   ] GC(121) Pause Mark End 0.019ms
[56.329s][info][gc,phases   ] GC(121) Concurrent Mark Free 0.000ms
[56.330s][info][gc,phases   ] GC(121) Concurrent Process Non-Strong References 1.044ms
[56.330s][info][gc,phases   ] GC(121) Concurrent Reset Relocation Set 0.001ms
[56.334s][info][gc,phases   ] GC(121) Concurrent Select Relocation Set 3.649ms
[56.334s][info][gc,phases   ] GC(121) Pause Relocate Start 0.017ms
[56.335s][info][gc,phases   ] GC(121) Concurrent Relocate 0.765ms
[56.335s][info][gc,load     ] GC(121) Load: 1.26/1.35/1.57
[56.335s][info][gc,mmu      ] GC(121) MMU: 2ms/93.3%, 5ms/97.3%, 10ms/98.3%, 20ms/99.2%, 50ms/99.7%, 100ms/99.8%
[56.335s][info][gc,marking  ] GC(121) Mark: 2 stripe(s), 1 proactive flush(es), 1 terminate flush(es), 0 completion(s), 0 continuation(s) 
[56.335s][info][gc,marking  ] GC(121) Mark Stack Usage: 32M
[56.335s][info][gc,nmethod  ] GC(121) NMethods: 282 registered, 7 unregistered
[56.335s][info][gc,metaspace] GC(121) Metaspace: 0M used, 0M committed, 1088M reserved
[56.335s][info][gc,ref      ] GC(121) Soft: 2 encountered, 0 discovered, 0 enqueued
[56.335s][info][gc,ref      ] GC(121) Weak: 9 encountered, 0 discovered, 0 enqueued
[56.335s][info][gc,ref      ] GC(121) Final: 0 encountered, 0 discovered, 0 enqueued
[56.335s][info][gc,ref      ] GC(121) Phantom: 3 encountered, 1 discovered, 0 enqueued
[56.335s][info][gc,reloc    ] GC(121) Small Pages: 4 / 8M, Empty: 0M, Relocated: 0M, In-Place: 0
[56.335s][info][gc,reloc    ] GC(121) Medium Pages: 0 / 0M, Empty: 0M, Relocated: 0M, In-Place: 0
[56.335s][info][gc,reloc    ] GC(121) Large Pages: 0 / 0M, Empty: 0M, Relocated: 0M, In-Place: 0
[56.335s][info][gc,reloc    ] GC(121) Forwarding Usage: 0M
[56.335s][info][gc,heap     ] GC(121) Min Capacity: 8192M(100%)
[56.335s][info][gc,heap     ] GC(121) Max Capacity: 8192M(100%)
[56.335s][info][gc,heap     ] GC(121) Soft Max Capacity: 8192M(100%)
[56.335s][info][gc,heap     ] GC(121)                Mark Start          Mark End        Relocate Start      Relocate End           High               Low         
[56.335s][info][gc,heap     ] GC(121)  Capacity:     8192M (100%)       8192M (100%)       8192M (100%)       8192M (100%)       8192M (100%)       8192M (100%)   
[56.335s][info][gc,heap     ] GC(121)      Free:     8184M (100%)       8184M (100%)       8184M (100%)       8186M (100%)       8186M (100%)       8180M (100%)   
[56.335s][info][gc,heap     ] GC(121)      Used:        8M (0%)            8M (0%)            8M (0%)            6M (0%)           12M (0%)            6M (0%)     
[56.335s][info][gc,heap     ] GC(121)      Live:         -                 0M (0%)            0M (0%)            0M (0%)             -                  -          
[56.335s][info][gc,heap     ] GC(121) Allocated:         -                 0M (0%)            0M (0%)            0M (0%)             -                  -          
[56.335s][info][gc,heap     ] GC(121)   Garbage:         -                 7M (0%)            7M (0%)            5M (0%)             -                  -          
[56.335s][info][gc,heap     ] GC(121) Reclaimed:         -                  -                 0M (0%)            2M (0%)             -                  -          
[56.335s][info][gc          ] GC(121) Garbage Collection (System.gc()) 8M(0%)->6M(0%)
[56.791s][info][gc,start    ] GC(122) Garbage Collection (System.gc())
[56.791s][info][gc,task     ] GC(122) Using 3 workers
[56.791s][info][gc,phases   ] GC(122) Pause Mark Start 0.005ms
[56.793s][info][gc,phases   ] GC(122) Concurrent Mark 2.213ms
[56.793s][info][gc,phases   ] GC(122) Pause Mark End 0.007ms
[56.793s][info][gc,phases   ] GC(122) Concurrent Mark Free 0.001ms
[56.794s][info][gc,phases   ] GC(122) Concurrent Process Non-Strong References 1.038ms
[56.794s][info][gc,phases   ] GC(122) Concurrent Reset Relocation Set 0.001ms
[56.799s][info][gc,phases   ] GC(122) Concurrent Select Relocation Set 4.559ms
[56.799s][info][gc,phases   ] GC(122) Pause Relocate Start 0.006ms
[56.800s][info][gc,phases   ] GC(122) Concurrent Relocate 0.701ms
[56.800s][info][gc,load     ] GC(122) Load: 1.26/1.35/1.57
[56.800s][info][gc,mmu      ] GC(122) MMU: 2ms/93.3%, 5ms/97.3%, 10ms/98.3%, 20ms/99.2%, 50ms/99.7%, 100ms/99.8%
[56.800s][info][gc,marking  ] GC(122) Mark: 2 stripe(s), 2 proactive flush(es), 1 terminate flush(es), 0 completion(s), 0 continuation(s) 
[56.800s][info][gc,marking  ] GC(122) Mark Stack Usage: 32M
[56.800s][info][gc,nmethod  ] GC(122) NMethods: 283 registered, 7 unregistered
[56.800s][info][gc,metaspace] GC(122) Metaspace: 0M used, 0M committed, 1088M reserved
[56.800s][info][gc,ref      ] GC(122) Soft: 2 encountered, 0 discovered, 0 enqueued
[56.800s][info][gc,ref      ] GC(122) Weak: 9 encountered, 0 discovered, 0 enqueued
[56.800s][info][gc,ref      ] GC(122) Final: 0 encountered, 0 discovered, 0 enqueued
[56.800s][info][gc,ref      ] GC(122) Phantom: 3 encountered, 2 discovered, 0 enqueued
[56.800s][info][gc,reloc    ] GC(122) Small Pages: 4 / 8M, Empty: 0M, Relocated: 0M, In-Place: 0
[56.800s][info][gc,reloc    ] GC(122) Medium Pages: 0 / 0M, Empty: 0M, Relocated: 0M, In-Place: 0
[56.800s][info][gc,reloc    ] GC(122) Large Pages: 0 / 0M, Empty: 0M, Relocated: 0M, In-Place: 0
[56.800s][info][gc,reloc    ] GC(122) Forwarding Usage: 0M
[56.800s][info][gc,heap     ] GC(122) Min Capacity: 8192M(100%)
[56.800s][info][gc,heap     ] GC(122) Max Capacity: 8192M(100%)
[56.800s][info][gc,heap     ] GC(122) Soft Max Capacity: 8192M(100%)
[56.800s][info][gc,heap     ] GC(122)                Mark Start          Mark End        Relocate Start      Relocate End           High               Low         
[56.800s][info][gc,heap     ] GC(122)  Capacity:     8192M (100%)       8192M (100%)       8192M (100%)       8192M (100%)       8192M (100%)       8192M (100%)   
[56.800s][info][gc,heap     ] GC(122)      Free:     8184M (100%)       8184M (100%)       8184M (100%)       8186M (100%)       8186M (100%)       8178M (100%)   
[56.800s][info][gc,heap     ] GC(122)      Used:        8M (0%)            8M (0%)            8M (0%)            6M (0%)           14M (0%)            6M (0%)     
[56.800s][info][gc,heap     ] GC(122)      Live:         -                 0M (0%)            0M (0%)            0M (0%)             -                  -          
[56.800s][info][gc,heap     ] GC(122) Allocated:         -                 0M (0%)            0M (0%)            0M (0%)             -                  -          
[56.800s][info][gc,heap     ] GC(122)   Garbage:         -                 7M (0%)            7M (0%)            5M (0%)             -                  -          
[56.800s][info][gc,heap     ] GC(122) Reclaimed:         -                  -                 0M (0%)            2M (0%)             -                  -          
[56.800s][info][gc          ] GC(122) Garbage Collection (System.gc()) 8M(0%)->6M(0%)
[57.261s][info][gc,start    ] GC(123) Garbage Collection (System.gc())
[57.261s][info][gc,task     ] GC(123) Using 3 workers
[57.261s][info][gc,phases   ] GC(123) Pause Mark Start 0.014ms
[57.266s][info][gc,phases   ] GC(123) Concurrent Mark 4.426ms
[57.266s][info][gc,phases   ] GC(123) Pause Mark End 0.007ms
[57.266s][info][gc,phases   ] GC(123) Concurrent Mark Free 0.000ms
[57.266s][info][gc,phases   ] GC(123) Concurrent Process Non-Strong References 0.563ms
[57.266s][info][gc,phases   ] GC(123) Concurrent Reset Relocation Set 0.001ms
[57.269s][info][gc,phases   ] GC(123) Concurrent Select Relocation Set 2.906ms
[57.269s][info][gc,phases   ] GC(123) Pause Relocate Start 0.003ms
[57.270s][info][gc,phases   ] GC(123) Concurrent Relocate 0.345ms
[57.270s][info][gc,load     ] GC(123) Load: 1.26/1.35/1.57
[57.270s][info][gc,mmu      ] GC(123) MMU: 2ms/93.3%, 5ms/97.3%, 10ms/98.3%, 20ms/99.2%, 50ms/99.7%, 100ms/99.8%
[57.270s][info][gc,marking  ] GC(123) Mark: 2 stripe(s), 2 proactive flush(es), 1 terminate flush(es), 0 completion(s), 0 continuation(s) 
[57.270s][info][gc,marking  ] GC(123) Mark Stack Usage: 32M
[57.270s][info][gc,nmethod  ] GC(123) NMethods: 288 registered, 7 unregistered
[57.270s][info][gc,metaspace] GC(123) Metaspace: 0M used, 0M committed, 1088M reserved
[57.270s][info][gc,ref      ] GC(123) Soft: 2 encountered, 0 discovered, 0 enqueued
[57.270s][info][gc,ref      ] GC(123) Weak: 9 encountered, 0 discovered, 0 enqueued
[57.270s][info][gc,ref      ] GC(123) Final: 0 encountered, 0 discovered, 0 enqueued
[57.270s][info][gc,ref      ] GC(123) Phantom: 3 encountered, 2 discovered, 0 enqueued
[57.270s][info][gc,reloc    ] GC(123) Small Pages: 4 / 8M, Empty: 0M, Relocated: 0M, In-Place: 0
[57.270s][info][gc,reloc    ] GC(123) Medium Pages: 0 / 0M, Empty: 0M, Relocated: 0M, In-Place: 0
[57.270s][info][gc,reloc    ] GC(123) Large Pages: 0 / 0M, Empty: 0M, Relocated: 0M, In-Place: 0
[57.270s][info][gc,reloc    ] GC(123) Forwarding Usage: 0M
[57.270s][info][gc,heap     ] GC(123) Min Capacity: 8192M(100%)
[57.270s][info][gc,heap     ] GC(123) Max Capacity: 8192M(100%)
[57.270s][info][gc,heap     ] GC(123) Soft Max Capacity: 8192M(100%)
[57.270s][info][gc,heap     ] GC(123)                Mark Start          Mark End        Relocate Start      Relocate End           High               Low         
[57.270s][info][gc,heap     ] GC(123)  Capacity:     8192M (100%)       8192M (100%)       8192M (100%)       8192M (100%)       8192M (100%)       8192M (100%)   
[57.270s][info][gc,heap     ] GC(123)      Free:     8184M (100%)       8184M (100%)       8184M (100%)       8186M (100%)       8186M (100%)       8180M (100%)   
[57.270s][info][gc,heap     ] GC(123)      Used:        8M (0%)            8M (0%)            8M (0%)            6M (0%)           12M (0%)            6M (0%)     
[57.270s][info][gc,heap     ] GC(123)      Live:         -                 0M (0%)            0M (0%)            0M (0%)             -                  -          
[57.270s][info][gc,heap     ] GC(123) Allocated:         -                 0M (0%)            0M (0%)            0M (0%)             -                  -          
[57.270s][info][gc,heap     ] GC(123)   Garbage:         -                 7M (0%)            7M (0%)            5M (0%)             -                  -          
[57.270s][info][gc,heap     ] GC(123) Reclaimed:         -                  -                 0M (0%)            2M (0%)             -                  -          
[57.270s][info][gc          ] GC(123) Garbage Collection (System.gc()) 8M(0%)->6M(0%)
[57.729s][info][gc,start    ] GC(124) Garbage Collection (System.gc())
[57.729s][info][gc,task     ] GC(124) Using 3 workers
[57.729s][info][gc,phases   ] GC(124) Pause Mark Start 0.014ms
[57.737s][info][gc,phases   ] GC(124) Concurrent Mark 7.967ms
[57.737s][info][gc,phases   ] GC(124) Pause Mark End 0.021ms
[57.737s][info][gc,phases   ] GC(124) Concurrent Mark Free 0.000ms
[57.738s][info][gc,phases   ] GC(124) Concurrent Process Non-Strong References 1.416ms
[57.738s][info][gc,phases   ] GC(124) Concurrent Reset Relocation Set 0.002ms
[57.744s][info][gc,phases   ] GC(124) Concurrent Select Relocation Set 5.479ms
[57.744s][info][gc,phases   ] GC(124) Pause Relocate Start 0.017ms
[57.745s][info][gc,phases   ] GC(124) Concurrent Relocate 0.913ms
[57.745s][info][gc,load     ] GC(124) Load: 1.26/1.35/1.57
[57.745s][info][gc,mmu      ] GC(124) MMU: 2ms/93.3%, 5ms/97.3%, 10ms/98.3%, 20ms/99.2%, 50ms/99.7%, 100ms/99.8%
[57.745s][info][gc,marking  ] GC(124) Mark: 2 stripe(s), 1 proactive flush(es), 1 terminate flush(es), 0 completion(s), 0 continuation(s) 
[57.745s][info][gc,marking  ] GC(124) Mark Stack Usage: 32M
[57.745s][info][gc,nmethod  ] GC(124) NMethods: 288 registered, 7 unregistered
[57.745s][info][gc,metaspace] GC(124) Metaspace: 0M used, 0M committed, 1088M reserved
[57.745s][info][gc,ref      ] GC(124) Soft: 2 encountered, 0 discovered, 0 enqueued
[57.745s][info][gc,ref      ] GC(124) Weak: 9 encountered, 0 discovered, 0 enqueued
[57.745s][info][gc,ref      ] GC(124) Final: 0 encountered, 0 discovered, 0 enqueued
[57.745s][info][gc,ref      ] GC(124) Phantom: 3 encountered, 1 discovered, 0 enqueued
[57.745s][info][gc,reloc    ] GC(124) Small Pages: 4 / 8M, Empty: 0M, Relocated: 0M, In-Place: 0
[57.745s][info][gc,reloc    ] GC(124) Medium Pages: 0 / 0M, Empty: 0M, Relocated: 0M, In-Place: 0
[57.745s][info][gc,reloc    ] GC(124) Large Pages: 0 / 0M, Empty: 0M, Relocated: 0M, In-Place: 0
[57.745s][info][gc,reloc    ] GC(124) Forwarding Usage: 0M
[57.745s][info][gc,heap     ] GC(124) Min Capacity: 8192M(100%)
[57.745s][info][gc,heap     ] GC(124) Max Capacity: 8192M(100%)
[57.745s][info][gc,heap     ] GC(124) Soft Max Capacity: 8192M(100%)
[57.745s][info][gc,heap     ] GC(124)                Mark Start          Mark End        Relocate Start      Relocate End           High               Low         
[57.745s][info][gc,heap     ] GC(124)  Capacity:     8192M (100%)       8192M (100%)       8192M (100%)       8192M (100%)       8192M (100%)       8192M (100%)   
[57.745s][info][gc,heap     ] GC(124)      Free:     8184M (100%)       8184M (100%)       8184M (100%)       8188M (100%)       8188M (100%)       8180M (100%)   
[57.745s][info][gc,heap     ] GC(124)      Used:        8M (0%)            8M (0%)            8M (0%)            4M (0%)           12M (0%)            4M (0%)     
[57.745s][info][gc,heap     ] GC(124)      Live:         -                 0M (0%)            0M (0%)            0M (0%)             -                  -          
[57.745s][info][gc,heap     ] GC(124) Allocated:         -                 0M (0%)            0M (0%)            0M (0%)             -                  -          
[57.745s][info][gc,heap     ] GC(124)   Garbage:         -                 7M (0%)            7M (0%)            3M (0%)             -                  -          
[57.745s][info][gc,heap     ] GC(124) Reclaimed:         -                  -                 0M (0%)            4M (0%)             -                  -          
[57.745s][info][gc          ] GC(124) Garbage Collection (System.gc()) 8M(0%)->4M(0%)
[58.207s][info][gc,start    ] GC(125) Garbage Collection (System.gc())
[58.207s][info][gc,task     ] GC(125) Using 3 workers
[58.207s][info][gc,phases   ] GC(125) Pause Mark Start 0.008ms
[58.209s][info][gc,phases   ] GC(125) Concurrent Mark 1.931ms
[58.209s][info][gc,phases   ] GC(125) Pause Mark End 0.006ms
[58.209s][info][gc,phases   ] GC(125) Concurrent Mark Free 0.000ms
[58.210s][info][gc,phases   ] GC(125) Concurrent Process Non-Strong References 0.671ms
[58.210s][info][gc,phases   ] GC(125) Concurrent Reset Relocation Set 0.001ms
[58.215s][info][gc,phases   ] GC(125) Concurrent Select Relocation Set 4.548ms
[58.215s][info][gc,phases   ] GC(125) Pause Relocate Start 0.007ms
[58.216s][info][gc,phases   ] GC(125) Concurrent Relocate 0.718ms
[58.216s][info][gc,load     ] GC(125) Load: 1.26/1.35/1.57
[58.216s][info][gc,mmu      ] GC(125) MMU: 2ms/93.3%, 5ms/97.3%, 10ms/98.3%, 20ms/99.2%, 50ms/99.7%, 100ms/99.8%
[58.216s][info][gc,marking  ] GC(125) Mark: 2 stripe(s), 1 proactive flush(es), 1 terminate flush(es), 0 completion(s), 0 continuation(s) 
[58.216s][info][gc,marking  ] GC(125) Mark Stack Usage: 32M
[58.216s][info][gc,nmethod  ] GC(125) NMethods: 293 registered, 7 unregistered
[58.216s][info][gc,metaspace] GC(125) Metaspace: 0M used, 0M committed, 1088M reserved
[58.216s][info][gc,ref      ] GC(125) Soft: 2 encountered, 0 discovered, 0 enqueued
[58.216s][info][gc,ref      ] GC(125) Weak: 9 encountered, 0 discovered, 0 enqueued
[58.216s][info][gc,ref      ] GC(125) Final: 0 encountered, 0 discovered, 0 enqueued
[58.216s][info][gc,ref      ] GC(125) Phantom: 3 encountered, 2 discovered, 0 enqueued
[58.216s][info][gc,reloc    ] GC(125) Small Pages: 3 / 6M, Empty: 0M, Relocated: 0M, In-Place: 0
[58.216s][info][gc,reloc    ] GC(125) Medium Pages: 0 / 0M, Empty: 0M, Relocated: 0M, In-Place: 0
[58.216s][info][gc,reloc    ] GC(125) Large Pages: 0 / 0M, Empty: 0M, Relocated: 0M, In-Place: 0
[58.216s][info][gc,reloc    ] GC(125) Forwarding Usage: 0M
[58.216s][info][gc,heap     ] GC(125) Min Capacity: 8192M(100%)
[58.216s][info][gc,heap     ] GC(125) Max Capacity: 8192M(100%)
[58.216s][info][gc,heap     ] GC(125) Soft Max Capacity: 8192M(100%)
[58.216s][info][gc,heap     ] GC(125)                Mark Start          Mark End        Relocate Start      Relocate End           High               Low         
[58.216s][info][gc,heap     ] GC(125)  Capacity:     8192M (100%)       8192M (100%)       8192M (100%)       8192M (100%)       8192M (100%)       8192M (100%)   
[58.216s][info][gc,heap     ] GC(125)      Free:     8186M (100%)       8186M (100%)       8186M (100%)       8186M (100%)       8186M (100%)       8180M (100%)   
[58.216s][info][gc,heap     ] GC(125)      Used:        6M (0%)            6M (0%)            6M (0%)            6M (0%)           12M (0%)            6M (0%)     
[58.216s][info][gc,heap     ] GC(125)      Live:         -                 0M (0%)            0M (0%)            0M (0%)             -                  -          
[58.216s][info][gc,heap     ] GC(125) Allocated:         -                 0M (0%)            0M (0%)            0M (0%)             -                  -          
[58.216s][info][gc,heap     ] GC(125)   Garbage:         -                 5M (0%)            5M (0%)            5M (0%)             -                  -          
[58.216s][info][gc,heap     ] GC(125) Reclaimed:         -                  -                 0M (0%)            0M (0%)             -                  -          
[58.216s][info][gc          ] GC(125) Garbage Collection (System.gc()) 6M(0%)->6M(0%)
[58.670s][info][gc,start    ] GC(126) Garbage Collection (System.gc())
[58.670s][info][gc,task     ] GC(126) Using 3 workers
[58.670s][info][gc,phases   ] GC(126) Pause Mark Start 0.013ms
[58.673s][info][gc,phases   ] GC(126) Concurrent Mark 2.492ms
[58.673s][info][gc,phases   ] GC(126) Pause Mark End 0.057ms
[58.673s][info][gc,phases   ] GC(126) Concurrent Mark Free 0.001ms
[58.685s][info][gc,phases   ] GC(126) Concurrent Process Non-Strong References 11.835ms
[58.685s][info][gc,phases   ] GC(126) Concurrent Reset Relocation Set 0.004ms
[58.688s][info][gc,phases   ] GC(126) Concurrent Select Relocation Set 3.492ms
[58.688s][info][gc,phases   ] GC(126) Pause Relocate Start 0.008ms
[58.689s][info][gc,phases   ] GC(126) Concurrent Relocate 0.515ms
[58.689s][info][gc,load     ] GC(126) Load: 1.26/1.35/1.57
[58.689s][info][gc,mmu      ] GC(126) MMU: 2ms/93.3%, 5ms/97.3%, 10ms/98.3%, 20ms/99.2%, 50ms/99.7%, 100ms/99.8%
[58.689s][info][gc,marking  ] GC(126) Mark: 2 stripe(s), 2 proactive flush(es), 1 terminate flush(es), 0 completion(s), 0 continuation(s) 
[58.689s][info][gc,marking  ] GC(126) Mark Stack Usage: 32M
[58.689s][info][gc,nmethod  ] GC(126) NMethods: 299 registered, 7 unregistered
[58.689s][info][gc,metaspace] GC(126) Metaspace: 0M used, 0M committed, 1088M reserved
[58.689s][info][gc,ref      ] GC(126) Soft: 2 encountered, 0 discovered, 0 enqueued
[58.689s][info][gc,ref      ] GC(126) Weak: 9 encountered, 0 discovered, 0 enqueued
[58.689s][info][gc,ref      ] GC(126) Final: 0 encountered, 0 discovered, 0 enqueued
[58.689s][info][gc,ref      ] GC(126) Phantom: 3 encountered, 2 discovered, 0 enqueued
[58.689s][info][gc,reloc    ] GC(126) Small Pages: 4 / 8M, Empty: 0M, Relocated: 0M, In-Place: 0
[58.689s][info][gc,reloc    ] GC(126) Medium Pages: 0 / 0M, Empty: 0M, Relocated: 0M, In-Place: 0
[58.689s][info][gc,reloc    ] GC(126) Large Pages: 0 / 0M, Empty: 0M, Relocated: 0M, In-Place: 0
[58.689s][info][gc,reloc    ] GC(126) Forwarding Usage: 0M
[58.689s][info][gc,heap     ] GC(126) Min Capacity: 8192M(100%)
[58.689s][info][gc,heap     ] GC(126) Max Capacity: 8192M(100%)
[58.689s][info][gc,heap     ] GC(126) Soft Max Capacity: 8192M(100%)
[58.689s][info][gc,heap     ] GC(126)                Mark Start          Mark End        Relocate Start      Relocate End           High               Low         
[58.689s][info][gc,heap     ] GC(126)  Capacity:     8192M (100%)       8192M (100%)       8192M (100%)       8192M (100%)       8192M (100%)       8192M (100%)   
[58.689s][info][gc,heap     ] GC(126)      Free:     8184M (100%)       8184M (100%)       8184M (100%)       8186M (100%)       8186M (100%)       8178M (100%)   
[58.689s][info][gc,heap     ] GC(126)      Used:        8M (0%)            8M (0%)            8M (0%)            6M (0%)           14M (0%)            6M (0%)     
[58.689s][info][gc,heap     ] GC(126)      Live:         -                 0M (0%)            0M (0%)            0M (0%)             -                  -          
[58.689s][info][gc,heap     ] GC(126) Allocated:         -                 0M (0%)            0M (0%)            0M (0%)             -                  -          
[58.689s][info][gc,heap     ] GC(126)   Garbage:         -                 7M (0%)            7M (0%)            5M (0%)             -                  -          
[58.689s][info][gc,heap     ] GC(126) Reclaimed:         -                  -                 0M (0%)            2M (0%)             -                  -          
[58.689s][info][gc          ] GC(126) Garbage Collection (System.gc()) 8M(0%)->6M(0%)
[59.143s][info][gc,start    ] GC(127) Garbage Collection (System.gc())
[59.143s][info][gc,task     ] GC(127) Using 3 workers
[59.143s][info][gc,phases   ] GC(127) Pause Mark Start 0.012ms
[59.156s][info][gc,phases   ] GC(127) Concurrent Mark 12.722ms
[59.156s][info][gc,phases   ] GC(127) Pause Mark End 0.028ms
[59.156s][info][gc,phases   ] GC(127) Concurrent Mark Free 0.001ms
[59.158s][info][gc,phases   ] GC(127) Concurrent Process Non-Strong References 1.858ms
[59.158s][info][gc,phases   ] GC(127) Concurrent Reset Relocation Set 0.003ms
[59.162s][info][gc,phases   ] GC(127) Concurrent Select Relocation Set 4.133ms
[59.163s][info][gc,phases   ] GC(127) Pause Relocate Start 0.018ms
[59.163s][info][gc,phases   ] GC(127) Concurrent Relocate 0.758ms
[59.163s][info][gc,load     ] GC(127) Load: 1.26/1.35/1.57
[59.163s][info][gc,mmu      ] GC(127) MMU: 2ms/93.3%, 5ms/97.3%, 10ms/98.3%, 20ms/99.2%, 50ms/99.7%, 100ms/99.8%
[59.163s][info][gc,marking  ] GC(127) Mark: 2 stripe(s), 2 proactive flush(es), 1 terminate flush(es), 0 completion(s), 0 continuation(s) 
[59.163s][info][gc,marking  ] GC(127) Mark Stack Usage: 32M
[59.163s][info][gc,nmethod  ] GC(127) NMethods: 310 registered, 7 unregistered
[59.163s][info][gc,metaspace] GC(127) Metaspace: 0M used, 0M committed, 1088M reserved
[59.164s][info][gc,ref      ] GC(127) Soft: 2 encountered, 0 discovered, 0 enqueued
[59.164s][info][gc,ref      ] GC(127) Weak: 9 encountered, 0 discovered, 0 enqueued
[59.164s][info][gc,ref      ] GC(127) Final: 0 encountered, 0 discovered, 0 enqueued
[59.164s][info][gc,ref      ] GC(127) Phantom: 3 encountered, 2 discovered, 0 enqueued
[59.164s][info][gc,reloc    ] GC(127) Small Pages: 4 / 8M, Empty: 0M, Relocated: 0M, In-Place: 0
[59.164s][info][gc,reloc    ] GC(127) Medium Pages: 0 / 0M, Empty: 0M, Relocated: 0M, In-Place: 0
[59.164s][info][gc,reloc    ] GC(127) Large Pages: 0 / 0M, Empty: 0M, Relocated: 0M, In-Place: 0
[59.164s][info][gc,reloc    ] GC(127) Forwarding Usage: 0M
[59.164s][info][gc,heap     ] GC(127) Min Capacity: 8192M(100%)
[59.164s][info][gc,heap     ] GC(127) Max Capacity: 8192M(100%)
[59.164s][info][gc,heap     ] GC(127) Soft Max Capacity: 8192M(100%)
[59.164s][info][gc,heap     ] GC(127)                Mark Start          Mark End        Relocate Start      Relocate End           High               Low         
[59.164s][info][gc,heap     ] GC(127)  Capacity:     8192M (100%)       8192M (100%)       8192M (100%)       8192M (100%)       8192M (100%)       8192M (100%)   
[59.164s][info][gc,heap     ] GC(127)      Free:     8184M (100%)       8184M (100%)       8184M (100%)       8186M (100%)       8186M (100%)       8178M (100%)   
[59.164s][info][gc,heap     ] GC(127)      Used:        8M (0%)            8M (0%)            8M (0%)            6M (0%)           14M (0%)            6M (0%)     
[59.164s][info][gc,heap     ] GC(127)      Live:         -                 0M (0%)            0M (0%)            0M (0%)             -                  -          
[59.164s][info][gc,heap     ] GC(127) Allocated:         -                 0M (0%)            0M (0%)            0M (0%)             -                  -          
[59.164s][info][gc,heap     ] GC(127)   Garbage:         -                 7M (0%)            7M (0%)            5M (0%)             -                  -          
[59.164s][info][gc,heap     ] GC(127) Reclaimed:         -                  -                 0M (0%)            2M (0%)             -                  -          
[59.164s][info][gc          ] GC(127) Garbage Collection (System.gc()) 8M(0%)->6M(0%)
[59.622s][info][gc,start    ] GC(128) Garbage Collection (System.gc())
[59.622s][info][gc,task     ] GC(128) Using 3 workers
[59.622s][info][gc,phases   ] GC(128) Pause Mark Start 0.016ms
[59.633s][info][gc,phases   ] GC(128) Concurrent Mark 11.225ms
[59.634s][info][gc,phases   ] GC(128) Pause Mark End 0.022ms
[59.634s][info][gc,phases   ] GC(128) Concurrent Mark Free 0.001ms
[59.636s][info][gc,phases   ] GC(128) Concurrent Process Non-Strong References 2.175ms
[59.636s][info][gc,phases   ] GC(128) Concurrent Reset Relocation Set 0.001ms
[59.640s][info][gc,phases   ] GC(128) Concurrent Select Relocation Set 3.610ms
[59.640s][info][gc,phases   ] GC(128) Pause Relocate Start 0.009ms
[59.640s][info][gc,phases   ] GC(128) Concurrent Relocate 0.727ms
[59.640s][info][gc,load     ] GC(128) Load: 1.26/1.35/1.57
[59.640s][info][gc,mmu      ] GC(128) MMU: 2ms/93.3%, 5ms/97.3%, 10ms/98.3%, 20ms/99.2%, 50ms/99.7%, 100ms/99.8%
[59.640s][info][gc,marking  ] GC(128) Mark: 2 stripe(s), 1 proactive flush(es), 1 terminate flush(es), 0 completion(s), 0 continuation(s) 
[59.640s][info][gc,marking  ] GC(128) Mark Stack Usage: 32M
[59.641s][info][gc,nmethod  ] GC(128) NMethods: 320 registered, 7 unregistered
[59.641s][info][gc,metaspace] GC(128) Metaspace: 0M used, 0M committed, 1088M reserved
[59.641s][info][gc,ref      ] GC(128) Soft: 2 encountered, 0 discovered, 0 enqueued
[59.641s][info][gc,ref      ] GC(128) Weak: 9 encountered, 0 discovered, 0 enqueued
[59.641s][info][gc,ref      ] GC(128) Final: 0 encountered, 0 discovered, 0 enqueued
[59.641s][info][gc,ref      ] GC(128) Phantom: 3 encountered, 2 discovered, 0 enqueued
[59.641s][info][gc,reloc    ] GC(128) Small Pages: 4 / 8M, Empty: 0M, Relocated: 0M, In-Place: 0
[59.641s][info][gc,reloc    ] GC(128) Medium Pages: 0 / 0M, Empty: 0M, Relocated: 0M, In-Place: 0
[59.641s][info][gc,reloc    ] GC(128) Large Pages: 0 / 0M, Empty: 0M, Relocated: 0M, In-Place: 0
[59.641s][info][gc,reloc    ] GC(128) Forwarding Usage: 0M
[59.641s][info][gc,heap     ] GC(128) Min Capacity: 8192M(100%)
[59.641s][info][gc,heap     ] GC(128) Max Capacity: 8192M(100%)
[59.641s][info][gc,heap     ] GC(128) Soft Max Capacity: 8192M(100%)
[59.641s][info][gc,heap     ] GC(128)                Mark Start          Mark End        Relocate Start      Relocate End           High               Low         
[59.641s][info][gc,heap     ] GC(128)  Capacity:     8192M (100%)       8192M (100%)       8192M (100%)       8192M (100%)       8192M (100%)       8192M (100%)   
[59.641s][info][gc,heap     ] GC(128)      Free:     8184M (100%)       8184M (100%)       8184M (100%)       8186M (100%)       8186M (100%)       8178M (100%)   
[59.641s][info][gc,heap     ] GC(128)      Used:        8M (0%)            8M (0%)            8M (0%)            6M (0%)           14M (0%)            6M (0%)     
[59.641s][info][gc,heap     ] GC(128)      Live:         -                 0M (0%)            0M (0%)            0M (0%)             -                  -          
[59.641s][info][gc,heap     ] GC(128) Allocated:         -                 0M (0%)            0M (0%)            0M (0%)             -                  -          
[59.641s][info][gc,heap     ] GC(128)   Garbage:         -                 7M (0%)            7M (0%)            5M (0%)             -                  -          
[59.641s][info][gc,heap     ] GC(128) Reclaimed:         -                  -                 0M (0%)            2M (0%)             -                  -          
[59.641s][info][gc          ] GC(128) Garbage Collection (System.gc()) 8M(0%)->6M(0%)
[60.013s][info][gc,stats    ] === Garbage Collection Statistics =======================================================================================================================
[60.013s][info][gc,stats    ]                                                              Last 10s              Last 10m              Last 10h                Total
[60.013s][info][gc,stats    ]                                                              Avg / Max             Avg / Max             Avg / Max             Avg / Max
[60.013s][info][gc,stats    ]   Collector: Garbage Collection Cycle                     13.903 / 21.316        9.771 / 21.316        9.771 / 21.316        9.771 / 21.316      ms
[60.013s][info][gc,stats    ]  Contention: Mark Segment Reset Contention                     0 / 2                 1 / 4                 1 / 4                 1 / 4           ops/s
[60.013s][info][gc,stats    ]  Contention: Mark SeqNum Reset Contention                      0 / 2                 1 / 3                 1 / 3                 1 / 3           ops/s
[60.013s][info][gc,stats    ]    Critical: Allocation Stall                                  0 / 0                 0 / 0                 0 / 0                 0 / 0           ops/s
[60.013s][info][gc,stats    ]    Critical: Allocation Stall                              0.000 / 0.000         0.000 / 0.000         0.000 / 0.000         0.000 / 0.000       ms
[60.013s][info][gc,stats    ]    Critical: GC Locker Stall                                   0 / 0                 0 / 0                 0 / 0                 0 / 0           ops/s
[60.013s][info][gc,stats    ]    Critical: GC Locker Stall                               0.000 / 0.000         0.000 / 0.000         0.000 / 0.000         0.000 / 0.000       ms
[60.013s][info][gc,stats    ]    Critical: Relocation Stall                                  0 / 0                 0 / 0                 0 / 0                 0 / 0           ops/s
[60.013s][info][gc,stats    ]    Critical: Relocation Stall                              0.000 / 0.000         0.000 / 0.000         0.000 / 0.000         0.000 / 0.000       ms
[60.013s][info][gc,stats    ]      Memory: Allocation Rate                                   4 / 6                 4 / 6                 4 / 6                 4 / 6           MB/s
[60.013s][info][gc,stats    ]      Memory: Defragment                                        0 / 0                 0 / 0                 0 / 0                 0 / 0           ops/s
[60.013s][info][gc,stats    ]      Memory: Out Of Memory                                     0 / 0                 0 / 0                 0 / 0                 0 / 0           ops/s
[60.013s][info][gc,stats    ]      Memory: Page Cache Flush                                  0 / 0                 0 / 0                 0 / 0                 0 / 0           MB/s
[60.013s][info][gc,stats    ]      Memory: Page Cache Hit L1                                 8 / 12                8 / 12                8 / 12                8 / 12          ops/s
[60.013s][info][gc,stats    ]      Memory: Page Cache Hit L2                                 0 / 0                 0 / 0                 0 / 0                 0 / 0           ops/s
[60.013s][info][gc,stats    ]      Memory: Page Cache Hit L3                                 0 / 0                 0 / 6                 0 / 6                 0 / 6           ops/s
[60.013s][info][gc,stats    ]      Memory: Page Cache Miss                                   0 / 0                 0 / 1                 0 / 1                 0 / 1           ops/s
[60.013s][info][gc,stats    ]      Memory: Uncommit                                          0 / 0                 0 / 0                 0 / 0                 0 / 0           MB/s
[60.013s][info][gc,stats    ]      Memory: Undo Object Allocation Failed                     0 / 0                 0 / 0                 0 / 0                 0 / 0           ops/s
[60.013s][info][gc,stats    ]      Memory: Undo Object Allocation Succeeded                  0 / 0                 0 / 0                 0 / 0                 0 / 0           ops/s
[60.013s][info][gc,stats    ]      Memory: Undo Page Allocation                              0 / 0                 0 / 0                 0 / 0                 0 / 0           ops/s
[60.013s][info][gc,stats    ]       Phase: Concurrent Mark                               4.345 / 12.722        2.926 / 12.722        2.926 / 12.722        2.926 / 12.722      ms
[60.014s][info][gc,stats    ]       Phase: Concurrent Mark Continue                      0.000 / 0.000         0.000 / 0.000         0.000 / 0.000         0.000 / 0.000       ms
[60.014s][info][gc,stats    ]       Phase: Concurrent Mark Free                          0.001 / 0.002         0.001 / 0.002         0.001 / 0.002         0.001 / 0.002       ms
[60.014s][info][gc,stats    ]       Phase: Concurrent Process Non-Strong References      2.086 / 11.835        1.052 / 11.835        1.052 / 11.835        1.052 / 11.835      ms
[60.014s][info][gc,stats    ]       Phase: Concurrent Relocate                           0.672 / 1.001         0.607 / 1.001         0.607 / 1.001         0.607 / 1.001       ms
[60.014s][info][gc,stats    ]       Phase: Concurrent Reset Relocation Set               0.002 / 0.004         0.002 / 0.005         0.002 / 0.005         0.002 / 0.005       ms
[60.014s][info][gc,stats    ]       Phase: Concurrent Select Relocation Set              5.178 / 15.176        4.350 / 15.176        4.350 / 15.176        4.350 / 15.176      ms
[60.014s][info][gc,stats    ]       Phase: Pause Mark End                                0.019 / 0.057         0.015 / 0.057         0.015 / 0.057         0.015 / 0.057       ms
[60.014s][info][gc,stats    ]       Phase: Pause Mark Start                              0.012 / 0.021         0.011 / 0.023         0.011 / 0.023         0.011 / 0.023       ms
[60.014s][info][gc,stats    ]       Phase: Pause Relocate Start                          0.009 / 0.018         0.009 / 0.134         0.009 / 0.134         0.009 / 0.134       ms
[60.014s][info][gc,stats    ]    Subphase: Concurrent Classes Purge                      0.028 / 0.100         0.032 / 0.287         0.032 / 0.287         0.032 / 0.287       ms
[60.014s][info][gc,stats    ]    Subphase: Concurrent Classes Unlink                     1.873 / 11.468        0.874 / 11.468        0.874 / 11.468        0.874 / 11.468      ms
[60.014s][info][gc,stats    ]    Subphase: Concurrent Mark                               1.933 / 5.209         1.720 / 5.209         1.720 / 5.209         1.720 / 5.209       ms
[60.014s][info][gc,stats    ]    Subphase: Concurrent Mark Try Flush                     0.055 / 0.467         0.045 / 0.480         0.045 / 0.480         0.045 / 0.480       ms
[60.014s][info][gc,stats    ]    Subphase: Concurrent Mark Try Terminate                 0.712 / 4.008         0.655 / 4.008         0.655 / 4.008         0.655 / 4.008       ms
[60.014s][info][gc,stats    ]    Subphase: Concurrent References Enqueue                 0.000 / 0.001         0.000 / 0.001         0.000 / 0.001         0.000 / 0.001       ms
[60.014s][info][gc,stats    ]    Subphase: Concurrent References Process                 0.033 / 0.109         0.030 / 0.109         0.030 / 0.109         0.030 / 0.109       ms
[60.014s][info][gc,stats    ]    Subphase: Concurrent Roots ClassLoaderDataGraph         0.109 / 0.361         0.096 / 2.288         0.096 / 2.288         0.096 / 2.288       ms
[60.014s][info][gc,stats    ]    Subphase: Concurrent Roots CodeCache                    0.000 / 0.000         0.000 / 0.000         0.000 / 0.000         0.000 / 0.000       ms
[60.014s][info][gc,stats    ]    Subphase: Concurrent Roots JavaThreads                  0.209 / 1.025         0.167 / 1.025         0.167 / 1.025         0.167 / 1.025       ms
[60.014s][info][gc,stats    ]    Subphase: Concurrent Roots OopStorageSet                0.016 / 0.104         0.013 / 0.307         0.013 / 0.307         0.013 / 0.307       ms
[60.014s][info][gc,stats    ]    Subphase: Concurrent Weak Roots OopStorageSet           0.059 / 0.184         0.041 / 0.184         0.041 / 0.184         0.041 / 0.184       ms
[60.014s][info][gc,stats    ]    Subphase: Pause Mark Try Complete                       0.000 / 0.000         0.000 / 0.000         0.000 / 0.000         0.000 / 0.000       ms
[60.014s][info][gc,stats    ]      System: Java Threads                                     10 / 10               10 / 10               10 / 10               10 / 10          threads
[60.014s][info][gc,stats    ] =========================================================================================================================================================
[60.105s][info][gc,start    ] GC(129) Garbage Collection (System.gc())
[60.105s][info][gc,task     ] GC(129) Using 3 workers
[60.105s][info][gc,phases   ] GC(129) Pause Mark Start 0.012ms
[60.108s][info][gc,phases   ] GC(129) Concurrent Mark 2.411ms
[60.108s][info][gc,phases   ] GC(129) Pause Mark End 0.012ms
[60.108s][info][gc,phases   ] GC(129) Concurrent Mark Free 0.000ms
[60.108s][info][gc,phases   ] GC(129) Concurrent Process Non-Strong References 0.820ms
[60.108s][info][gc,phases   ] GC(129) Concurrent Reset Relocation Set 0.001ms
[60.113s][info][gc,phases   ] GC(129) Concurrent Select Relocation Set 4.332ms
[60.113s][info][gc,phases   ] GC(129) Pause Relocate Start 0.007ms
[60.114s][info][gc,phases   ] GC(129) Concurrent Relocate 0.736ms
[60.114s][info][gc,load     ] GC(129) Load: 1.24/1.35/1.56
[60.114s][info][gc,mmu      ] GC(129) MMU: 2ms/93.3%, 5ms/97.3%, 10ms/98.3%, 20ms/99.2%, 50ms/99.7%, 100ms/99.8%
[60.114s][info][gc,marking  ] GC(129) Mark: 2 stripe(s), 1 proactive flush(es), 1 terminate flush(es), 0 completion(s), 0 continuation(s) 
[60.114s][info][gc,marking  ] GC(129) Mark Stack Usage: 32M
[60.114s][info][gc,nmethod  ] GC(129) NMethods: 324 registered, 7 unregistered
[60.114s][info][gc,metaspace] GC(129) Metaspace: 0M used, 0M committed, 1088M reserved
[60.114s][info][gc,ref      ] GC(129) Soft: 2 encountered, 0 discovered, 0 enqueued
[60.114s][info][gc,ref      ] GC(129) Weak: 9 encountered, 0 discovered, 0 enqueued
[60.114s][info][gc,ref      ] GC(129) Final: 0 encountered, 0 discovered, 0 enqueued
[60.114s][info][gc,ref      ] GC(129) Phantom: 3 encountered, 2 discovered, 0 enqueued
[60.114s][info][gc,reloc    ] GC(129) Small Pages: 4 / 8M, Empty: 0M, Relocated: 0M, In-Place: 0
[60.114s][info][gc,reloc    ] GC(129) Medium Pages: 0 / 0M, Empty: 0M, Relocated: 0M, In-Place: 0
[60.114s][info][gc,reloc    ] GC(129) Large Pages: 0 / 0M, Empty: 0M, Relocated: 0M, In-Place: 0
[60.114s][info][gc,reloc    ] GC(129) Forwarding Usage: 0M
[60.114s][info][gc,heap     ] GC(129) Min Capacity: 8192M(100%)
[60.114s][info][gc,heap     ] GC(129) Max Capacity: 8192M(100%)
[60.114s][info][gc,heap     ] GC(129) Soft Max Capacity: 8192M(100%)
[60.114s][info][gc,heap     ] GC(129)                Mark Start          Mark End        Relocate Start      Relocate End           High               Low         
[60.114s][info][gc,heap     ] GC(129)  Capacity:     8192M (100%)       8192M (100%)       8192M (100%)       8192M (100%)       8192M (100%)       8192M (100%)   
[60.114s][info][gc,heap     ] GC(129)      Free:     8184M (100%)       8184M (100%)       8184M (100%)       8186M (100%)       8186M (100%)       8178M (100%)   
[60.114s][info][gc,heap     ] GC(129)      Used:        8M (0%)            8M (0%)            8M (0%)            6M (0%)           14M (0%)            6M (0%)     
[60.114s][info][gc,heap     ] GC(129)      Live:         -                 0M (0%)            0M (0%)            0M (0%)             -                  -          
[60.114s][info][gc,heap     ] GC(129) Allocated:         -                 0M (0%)            0M (0%)            0M (0%)             -                  -          
[60.114s][info][gc,heap     ] GC(129)   Garbage:         -                 7M (0%)            7M (0%)            5M (0%)             -                  -          
[60.114s][info][gc,heap     ] GC(129) Reclaimed:         -                  -                 0M (0%)            2M (0%)             -                  -          
[60.114s][info][gc          ] GC(129) Garbage Collection (System.gc()) 8M(0%)->6M(0%)
[60.579s][info][gc,start    ] GC(130) Garbage Collection (System.gc())
[60.579s][info][gc,task     ] GC(130) Using 3 workers
[60.579s][info][gc,phases   ] GC(130) Pause Mark Start 0.013ms
[60.582s][info][gc,phases   ] GC(130) Concurrent Mark 2.236ms
[60.582s][info][gc,phases   ] GC(130) Pause Mark End 0.015ms
[60.582s][info][gc,phases   ] GC(130) Concurrent Mark Free 0.001ms
[60.583s][info][gc,phases   ] GC(130) Concurrent Process Non-Strong References 0.731ms
[60.583s][info][gc,phases   ] GC(130) Concurrent Reset Relocation Set 0.005ms
[60.587s][info][gc,phases   ] GC(130) Concurrent Select Relocation Set 4.143ms
[60.587s][info][gc,phases   ] GC(130) Pause Relocate Start 0.011ms
[60.588s][info][gc,phases   ] GC(130) Concurrent Relocate 0.801ms
[60.588s][info][gc,load     ] GC(130) Load: 1.24/1.35/1.56
[60.588s][info][gc,mmu      ] GC(130) MMU: 2ms/93.3%, 5ms/97.3%, 10ms/98.3%, 20ms/99.2%, 50ms/99.7%, 100ms/99.8%
[60.588s][info][gc,marking  ] GC(130) Mark: 2 stripe(s), 1 proactive flush(es), 1 terminate flush(es), 0 completion(s), 0 continuation(s) 
[60.588s][info][gc,marking  ] GC(130) Mark Stack Usage: 32M
[60.588s][info][gc,nmethod  ] GC(130) NMethods: 324 registered, 7 unregistered
[60.588s][info][gc,metaspace] GC(130) Metaspace: 0M used, 0M committed, 1088M reserved
[60.588s][info][gc,ref      ] GC(130) Soft: 2 encountered, 0 discovered, 0 enqueued
[60.588s][info][gc,ref      ] GC(130) Weak: 9 encountered, 0 discovered, 0 enqueued
[60.588s][info][gc,ref      ] GC(130) Final: 0 encountered, 0 discovered, 0 enqueued
[60.588s][info][gc,ref      ] GC(130) Phantom: 3 encountered, 2 discovered, 0 enqueued
[60.588s][info][gc,reloc    ] GC(130) Small Pages: 4 / 8M, Empty: 0M, Relocated: 0M, In-Place: 0
[60.588s][info][gc,reloc    ] GC(130) Medium Pages: 0 / 0M, Empty: 0M, Relocated: 0M, In-Place: 0
[60.588s][info][gc,reloc    ] GC(130) Large Pages: 0 / 0M, Empty: 0M, Relocated: 0M, In-Place: 0
[60.588s][info][gc,reloc    ] GC(130) Forwarding Usage: 0M
[60.588s][info][gc,heap     ] GC(130) Min Capacity: 8192M(100%)
[60.588s][info][gc,heap     ] GC(130) Max Capacity: 8192M(100%)
[60.588s][info][gc,heap     ] GC(130) Soft Max Capacity: 8192M(100%)
[60.588s][info][gc,heap     ] GC(130)                Mark Start          Mark End        Relocate Start      Relocate End           High               Low         
[60.588s][info][gc,heap     ] GC(130)  Capacity:     8192M (100%)       8192M (100%)       8192M (100%)       8192M (100%)       8192M (100%)       8192M (100%)   
[60.588s][info][gc,heap     ] GC(130)      Free:     8184M (100%)       8184M (100%)       8184M (100%)       8188M (100%)       8188M (100%)       8180M (100%)   
[60.588s][info][gc,heap     ] GC(130)      Used:        8M (0%)            8M (0%)            8M (0%)            4M (0%)           12M (0%)            4M (0%)     
[60.588s][info][gc,heap     ] GC(130)      Live:         -                 0M (0%)            0M (0%)            0M (0%)             -                  -          
[60.588s][info][gc,heap     ] GC(130) Allocated:         -                 0M (0%)            0M (0%)            0M (0%)             -                  -          
[60.588s][info][gc,heap     ] GC(130)   Garbage:         -                 7M (0%)            7M (0%)            3M (0%)             -                  -          
[60.588s][info][gc,heap     ] GC(130) Reclaimed:         -                  -                 0M (0%)            4M (0%)             -                  -          
[60.588s][info][gc          ] GC(130) Garbage Collection (System.gc()) 8M(0%)->4M(0%)
[61.054s][info][gc,start    ] GC(131) Garbage Collection (System.gc())
[61.054s][info][gc,task     ] GC(131) Using 3 workers
[61.054s][info][gc,phases   ] GC(131) Pause Mark Start 0.013ms
[61.057s][info][gc,phases   ] GC(131) Concurrent Mark 3.611ms
[61.057s][info][gc,phases   ] GC(131) Pause Mark End 0.012ms
[61.058s][info][gc,phases   ] GC(131) Concurrent Mark Free 0.000ms
[61.058s][info][gc,phases   ] GC(131) Concurrent Process Non-Strong References 0.396ms
[61.058s][info][gc,phases   ] GC(131) Concurrent Reset Relocation Set 0.001ms
[61.061s][info][gc,phases   ] GC(131) Concurrent Select Relocation Set 3.513ms
[61.062s][info][gc,phases   ] GC(131) Pause Relocate Start 0.005ms
[61.062s][info][gc,phases   ] GC(131) Concurrent Relocate 0.579ms
[61.062s][info][gc,load     ] GC(131) Load: 1.24/1.35/1.56
[61.062s][info][gc,mmu      ] GC(131) MMU: 2ms/93.3%, 5ms/97.3%, 10ms/98.3%, 20ms/99.2%, 50ms/99.7%, 100ms/99.8%
[61.062s][info][gc,marking  ] GC(131) Mark: 2 stripe(s), 1 proactive flush(es), 1 terminate flush(es), 0 completion(s), 0 continuation(s) 
[61.062s][info][gc,marking  ] GC(131) Mark Stack Usage: 32M
[61.062s][info][gc,nmethod  ] GC(131) NMethods: 324 registered, 7 unregistered
[61.062s][info][gc,metaspace] GC(131) Metaspace: 0M used, 0M committed, 1088M reserved
[61.062s][info][gc,ref      ] GC(131) Soft: 2 encountered, 0 discovered, 0 enqueued
[61.062s][info][gc,ref      ] GC(131) Weak: 9 encountered, 0 discovered, 0 enqueued
[61.062s][info][gc,ref      ] GC(131) Final: 0 encountered, 0 discovered, 0 enqueued
[61.062s][info][gc,ref      ] GC(131) Phantom: 3 encountered, 2 discovered, 0 enqueued
[61.062s][info][gc,reloc    ] GC(131) Small Pages: 3 / 6M, Empty: 0M, Relocated: 0M, In-Place: 0
[61.062s][info][gc,reloc    ] GC(131) Medium Pages: 0 / 0M, Empty: 0M, Relocated: 0M, In-Place: 0
[61.062s][info][gc,reloc    ] GC(131) Large Pages: 0 / 0M, Empty: 0M, Relocated: 0M, In-Place: 0
[61.062s][info][gc,reloc    ] GC(131) Forwarding Usage: 0M
[61.062s][info][gc,heap     ] GC(131) Min Capacity: 8192M(100%)
[61.062s][info][gc,heap     ] GC(131) Max Capacity: 8192M(100%)
[61.062s][info][gc,heap     ] GC(131) Soft Max Capacity: 8192M(100%)
[61.062s][info][gc,heap     ] GC(131)                Mark Start          Mark End        Relocate Start      Relocate End           High               Low         
[61.062s][info][gc,heap     ] GC(131)  Capacity:     8192M (100%)       8192M (100%)       8192M (100%)       8192M (100%)       8192M (100%)       8192M (100%)   
[61.062s][info][gc,heap     ] GC(131)      Free:     8186M (100%)       8186M (100%)       8186M (100%)       8186M (100%)       8186M (100%)       8180M (100%)   
[61.062s][info][gc,heap     ] GC(131)      Used:        6M (0%)            6M (0%)            6M (0%)            6M (0%)           12M (0%)            6M (0%)     
[61.062s][info][gc,heap     ] GC(131)      Live:         -                 0M (0%)            0M (0%)            0M (0%)             -                  -          
[61.062s][info][gc,heap     ] GC(131) Allocated:         -                 0M (0%)            0M (0%)            0M (0%)             -                  -          
[61.062s][info][gc,heap     ] GC(131)   Garbage:         -                 5M (0%)            5M (0%)            5M (0%)             -                  -          
[61.062s][info][gc,heap     ] GC(131) Reclaimed:         -                  -                 0M (0%)            0M (0%)             -                  -          
[61.062s][info][gc          ] GC(131) Garbage Collection (System.gc()) 6M(0%)->6M(0%)
[61.517s][info][gc,start    ] GC(132) Garbage Collection (System.gc())
[61.517s][info][gc,task     ] GC(132) Using 3 workers
[61.517s][info][gc,phases   ] GC(132) Pause Mark Start 0.013ms
[61.523s][info][gc,phases   ] GC(132) Concurrent Mark 6.262ms
[61.523s][info][gc,phases   ] GC(132) Pause Mark End 0.021ms
[61.523s][info][gc,phases   ] GC(132) Concurrent Mark Free 0.001ms
[61.525s][info][gc,phases   ] GC(132) Concurrent Process Non-Strong References 2.147ms
[61.526s][info][gc,phases   ] GC(132) Concurrent Reset Relocation Set 0.002ms
[61.538s][info][gc,phases   ] GC(132) Concurrent Select Relocation Set 12.246ms
[61.538s][info][gc,phases   ] GC(132) Pause Relocate Start 0.010ms
[61.539s][info][gc,phases   ] GC(132) Concurrent Relocate 0.690ms
[61.539s][info][gc,load     ] GC(132) Load: 1.24/1.35/1.56
[61.539s][info][gc,mmu      ] GC(132) MMU: 2ms/93.3%, 5ms/97.3%, 10ms/98.3%, 20ms/99.2%, 50ms/99.7%, 100ms/99.8%
[61.539s][info][gc,marking  ] GC(132) Mark: 2 stripe(s), 1 proactive flush(es), 1 terminate flush(es), 0 completion(s), 0 continuation(s) 
[61.539s][info][gc,marking  ] GC(132) Mark Stack Usage: 32M
[61.539s][info][gc,nmethod  ] GC(132) NMethods: 324 registered, 7 unregistered
[61.539s][info][gc,metaspace] GC(132) Metaspace: 0M used, 0M committed, 1088M reserved
[61.539s][info][gc,ref      ] GC(132) Soft: 2 encountered, 0 discovered, 0 enqueued
[61.539s][info][gc,ref      ] GC(132) Weak: 9 encountered, 0 discovered, 0 enqueued
[61.539s][info][gc,ref      ] GC(132) Final: 0 encountered, 0 discovered, 0 enqueued
[61.539s][info][gc,ref      ] GC(132) Phantom: 3 encountered, 2 discovered, 0 enqueued
[61.539s][info][gc,reloc    ] GC(132) Small Pages: 4 / 8M, Empty: 0M, Relocated: 0M, In-Place: 0
[61.539s][info][gc,reloc    ] GC(132) Medium Pages: 0 / 0M, Empty: 0M, Relocated: 0M, In-Place: 0
[61.539s][info][gc,reloc    ] GC(132) Large Pages: 0 / 0M, Empty: 0M, Relocated: 0M, In-Place: 0
[61.539s][info][gc,reloc    ] GC(132) Forwarding Usage: 0M
[61.539s][info][gc,heap     ] GC(132) Min Capacity: 8192M(100%)
[61.539s][info][gc,heap     ] GC(132) Max Capacity: 8192M(100%)
[61.539s][info][gc,heap     ] GC(132) Soft Max Capacity: 8192M(100%)
[61.539s][info][gc,heap     ] GC(132)                Mark Start          Mark End        Relocate Start      Relocate End           High               Low         
[61.539s][info][gc,heap     ] GC(132)  Capacity:     8192M (100%)       8192M (100%)       8192M (100%)       8192M (100%)       8192M (100%)       8192M (100%)   
[61.539s][info][gc,heap     ] GC(132)      Free:     8184M (100%)       8184M (100%)       8184M (100%)       8188M (100%)       8188M (100%)       8180M (100%)   
[61.539s][info][gc,heap     ] GC(132)      Used:        8M (0%)            8M (0%)            8M (0%)            4M (0%)           12M (0%)            4M (0%)     
[61.539s][info][gc,heap     ] GC(132)      Live:         -                 0M (0%)            0M (0%)            0M (0%)             -                  -          
[61.539s][info][gc,heap     ] GC(132) Allocated:         -                 0M (0%)            0M (0%)            0M (0%)             -                  -          
[61.539s][info][gc,heap     ] GC(132)   Garbage:         -                 7M (0%)            7M (0%)            3M (0%)             -                  -          
[61.539s][info][gc,heap     ] GC(132) Reclaimed:         -                  -                 0M (0%)            4M (0%)             -                  -          
[61.539s][info][gc          ] GC(132) Garbage Collection (System.gc()) 8M(0%)->4M(0%)
[61.997s][info][gc,start    ] GC(133) Garbage Collection (System.gc())
[61.997s][info][gc,task     ] GC(133) Using 3 workers
[61.997s][info][gc,phases   ] GC(133) Pause Mark Start 0.011ms
[62.001s][info][gc,phases   ] GC(133) Concurrent Mark 4.382ms
[62.001s][info][gc,phases   ] GC(133) Pause Mark End 0.021ms
[62.008s][info][gc,phases   ] GC(133) Concurrent Mark Free 0.004ms
[62.009s][info][gc,phases   ] GC(133) Concurrent Process Non-Strong References 1.135ms
[62.009s][info][gc,phases   ] GC(133) Concurrent Reset Relocation Set 0.002ms
[62.014s][info][gc,phases   ] GC(133) Concurrent Select Relocation Set 4.447ms
[62.014s][info][gc,phases   ] GC(133) Pause Relocate Start 0.009ms
[62.015s][info][gc,phases   ] GC(133) Concurrent Relocate 0.625ms
[62.015s][info][gc,load     ] GC(133) Load: 1.24/1.35/1.56
[62.015s][info][gc,mmu      ] GC(133) MMU: 2ms/93.3%, 5ms/97.3%, 10ms/98.3%, 20ms/99.2%, 50ms/99.7%, 100ms/99.8%
[62.015s][info][gc,marking  ] GC(133) Mark: 2 stripe(s), 1 proactive flush(es), 1 terminate flush(es), 0 completion(s), 0 continuation(s) 
[62.015s][info][gc,marking  ] GC(133) Mark Stack Usage: 32M
[62.015s][info][gc,nmethod  ] GC(133) NMethods: 324 registered, 7 unregistered
[62.015s][info][gc,metaspace] GC(133) Metaspace: 0M used, 0M committed, 1088M reserved
[62.015s][info][gc,ref      ] GC(133) Soft: 2 encountered, 0 discovered, 0 enqueued
[62.015s][info][gc,ref      ] GC(133) Weak: 9 encountered, 0 discovered, 0 enqueued
[62.015s][info][gc,ref      ] GC(133) Final: 0 encountered, 0 discovered, 0 enqueued
[62.015s][info][gc,ref      ] GC(133) Phantom: 3 encountered, 2 discovered, 0 enqueued
[62.015s][info][gc,reloc    ] GC(133) Small Pages: 3 / 6M, Empty: 0M, Relocated: 0M, In-Place: 0
[62.015s][info][gc,reloc    ] GC(133) Medium Pages: 0 / 0M, Empty: 0M, Relocated: 0M, In-Place: 0
[62.015s][info][gc,reloc    ] GC(133) Large Pages: 0 / 0M, Empty: 0M, Relocated: 0M, In-Place: 0
[62.015s][info][gc,reloc    ] GC(133) Forwarding Usage: 0M
[62.015s][info][gc,heap     ] GC(133) Min Capacity: 8192M(100%)
[62.015s][info][gc,heap     ] GC(133) Max Capacity: 8192M(100%)
[62.015s][info][gc,heap     ] GC(133) Soft Max Capacity: 8192M(100%)
[62.015s][info][gc,heap     ] GC(133)                Mark Start          Mark End        Relocate Start      Relocate End           High               Low         
[62.015s][info][gc,heap     ] GC(133)  Capacity:     8192M (100%)       8192M (100%)       8192M (100%)       8192M (100%)       8192M (100%)       8192M (100%)   
[62.015s][info][gc,heap     ] GC(133)      Free:     8186M (100%)       8186M (100%)       8186M (100%)       8186M (100%)       8186M (100%)       8180M (100%)   
[62.015s][info][gc,heap     ] GC(133)      Used:        6M (0%)            6M (0%)            6M (0%)            6M (0%)           12M (0%)            6M (0%)     
[62.015s][info][gc,heap     ] GC(133)      Live:         -                 0M (0%)            0M (0%)            0M (0%)             -                  -          
[62.015s][info][gc,heap     ] GC(133) Allocated:         -                 0M (0%)            0M (0%)            0M (0%)             -                  -          
[62.015s][info][gc,heap     ] GC(133)   Garbage:         -                 5M (0%)            5M (0%)            5M (0%)             -                  -          
[62.015s][info][gc,heap     ] GC(133) Reclaimed:         -                  -                 0M (0%)            0M (0%)             -                  -          
[62.015s][info][gc          ] GC(133) Garbage Collection (System.gc()) 6M(0%)->6M(0%)
[62.472s][info][gc,start    ] GC(134) Garbage Collection (System.gc())
[62.472s][info][gc,task     ] GC(134) Using 3 workers
[62.472s][info][gc,phases   ] GC(134) Pause Mark Start 0.012ms
[62.481s][info][gc,phases   ] GC(134) Concurrent Mark 9.195ms
[62.481s][info][gc,phases   ] GC(134) Pause Mark End 0.015ms
[62.481s][info][gc,phases   ] GC(134) Concurrent Mark Free 0.000ms
[62.482s][info][gc,phases   ] GC(134) Concurrent Process Non-Strong References 1.039ms
[62.482s][info][gc,phases   ] GC(134) Concurrent Reset Relocation Set 0.001ms
[62.487s][info][gc,phases   ] GC(134) Concurrent Select Relocation Set 4.983ms
[62.487s][info][gc,phases   ] GC(134) Pause Relocate Start 0.006ms
[62.488s][info][gc,phases   ] GC(134) Concurrent Relocate 0.626ms
[62.488s][info][gc,load     ] GC(134) Load: 1.24/1.35/1.56
[62.488s][info][gc,mmu      ] GC(134) MMU: 2ms/93.3%, 5ms/97.3%, 10ms/98.3%, 20ms/99.2%, 50ms/99.7%, 100ms/99.8%
[62.488s][info][gc,marking  ] GC(134) Mark: 2 stripe(s), 1 proactive flush(es), 1 terminate flush(es), 0 completion(s), 0 continuation(s) 
[62.488s][info][gc,marking  ] GC(134) Mark Stack Usage: 32M
[62.488s][info][gc,nmethod  ] GC(134) NMethods: 324 registered, 7 unregistered
[62.488s][info][gc,metaspace] GC(134) Metaspace: 0M used, 0M committed, 1088M reserved
[62.488s][info][gc,ref      ] GC(134) Soft: 2 encountered, 0 discovered, 0 enqueued
[62.488s][info][gc,ref      ] GC(134) Weak: 9 encountered, 0 discovered, 0 enqueued
[62.488s][info][gc,ref      ] GC(134) Final: 0 encountered, 0 discovered, 0 enqueued
[62.488s][info][gc,ref      ] GC(134) Phantom: 3 encountered, 1 discovered, 0 enqueued
[62.488s][info][gc,reloc    ] GC(134) Small Pages: 4 / 8M, Empty: 0M, Relocated: 0M, In-Place: 0
[62.488s][info][gc,reloc    ] GC(134) Medium Pages: 0 / 0M, Empty: 0M, Relocated: 0M, In-Place: 0
[62.488s][info][gc,reloc    ] GC(134) Large Pages: 0 / 0M, Empty: 0M, Relocated: 0M, In-Place: 0
[62.488s][info][gc,reloc    ] GC(134) Forwarding Usage: 0M
[62.488s][info][gc,heap     ] GC(134) Min Capacity: 8192M(100%)
[62.488s][info][gc,heap     ] GC(134) Max Capacity: 8192M(100%)
[62.488s][info][gc,heap     ] GC(134) Soft Max Capacity: 8192M(100%)
[62.488s][info][gc,heap     ] GC(134)                Mark Start          Mark End        Relocate Start      Relocate End           High               Low         
[62.488s][info][gc,heap     ] GC(134)  Capacity:     8192M (100%)       8192M (100%)       8192M (100%)       8192M (100%)       8192M (100%)       8192M (100%)   
[62.488s][info][gc,heap     ] GC(134)      Free:     8184M (100%)       8184M (100%)       8184M (100%)       8186M (100%)       8186M (100%)       8178M (100%)   
[62.488s][info][gc,heap     ] GC(134)      Used:        8M (0%)            8M (0%)            8M (0%)            6M (0%)           14M (0%)            6M (0%)     
[62.488s][info][gc,heap     ] GC(134)      Live:         -                 0M (0%)            0M (0%)            0M (0%)             -                  -          
[62.488s][info][gc,heap     ] GC(134) Allocated:         -                 0M (0%)            0M (0%)            0M (0%)             -                  -          
[62.488s][info][gc,heap     ] GC(134)   Garbage:         -                 7M (0%)            7M (0%)            5M (0%)             -                  -          
[62.488s][info][gc,heap     ] GC(134) Reclaimed:         -                  -                 0M (0%)            2M (0%)             -                  -          
[62.488s][info][gc          ] GC(134) Garbage Collection (System.gc()) 8M(0%)->6M(0%)
[62.947s][info][gc,start    ] GC(135) Garbage Collection (System.gc())
[62.947s][info][gc,task     ] GC(135) Using 3 workers
[62.947s][info][gc,phases   ] GC(135) Pause Mark Start 0.017ms
[62.949s][info][gc,phases   ] GC(135) Concurrent Mark 2.220ms
[62.949s][info][gc,phases   ] GC(135) Pause Mark End 0.010ms
[62.949s][info][gc,phases   ] GC(135) Concurrent Mark Free 0.000ms
[62.951s][info][gc,phases   ] GC(135) Concurrent Process Non-Strong References 1.153ms
[62.951s][info][gc,phases   ] GC(135) Concurrent Reset Relocation Set 0.001ms
[62.956s][info][gc,phases   ] GC(135) Concurrent Select Relocation Set 5.055ms
[62.956s][info][gc,phases   ] GC(135) Pause Relocate Start 0.007ms
[62.957s][info][gc,phases   ] GC(135) Concurrent Relocate 0.687ms
[62.957s][info][gc,load     ] GC(135) Load: 1.24/1.35/1.56
[62.957s][info][gc,mmu      ] GC(135) MMU: 2ms/93.3%, 5ms/97.3%, 10ms/98.3%, 20ms/99.2%, 50ms/99.7%, 100ms/99.8%
[62.957s][info][gc,marking  ] GC(135) Mark: 2 stripe(s), 1 proactive flush(es), 1 terminate flush(es), 0 completion(s), 0 continuation(s) 
[62.957s][info][gc,marking  ] GC(135) Mark Stack Usage: 32M
[62.957s][info][gc,nmethod  ] GC(135) NMethods: 324 registered, 7 unregistered
[62.957s][info][gc,metaspace] GC(135) Metaspace: 0M used, 0M committed, 1088M reserved
[62.957s][info][gc,ref      ] GC(135) Soft: 2 encountered, 0 discovered, 0 enqueued
[62.957s][info][gc,ref      ] GC(135) Weak: 9 encountered, 0 discovered, 0 enqueued
[62.957s][info][gc,ref      ] GC(135) Final: 0 encountered, 0 discovered, 0 enqueued
[62.957s][info][gc,ref      ] GC(135) Phantom: 3 encountered, 2 discovered, 0 enqueued
[62.957s][info][gc,reloc    ] GC(135) Small Pages: 4 / 8M, Empty: 0M, Relocated: 0M, In-Place: 0
[62.957s][info][gc,reloc    ] GC(135) Medium Pages: 0 / 0M, Empty: 0M, Relocated: 0M, In-Place: 0
[62.957s][info][gc,reloc    ] GC(135) Large Pages: 0 / 0M, Empty: 0M, Relocated: 0M, In-Place: 0
[62.957s][info][gc,reloc    ] GC(135) Forwarding Usage: 0M
[62.957s][info][gc,heap     ] GC(135) Min Capacity: 8192M(100%)
[62.957s][info][gc,heap     ] GC(135) Max Capacity: 8192M(100%)
[62.957s][info][gc,heap     ] GC(135) Soft Max Capacity: 8192M(100%)
[62.957s][info][gc,heap     ] GC(135)                Mark Start          Mark End        Relocate Start      Relocate End           High               Low         
[62.957s][info][gc,heap     ] GC(135)  Capacity:     8192M (100%)       8192M (100%)       8192M (100%)       8192M (100%)       8192M (100%)       8192M (100%)   
[62.957s][info][gc,heap     ] GC(135)      Free:     8184M (100%)       8184M (100%)       8184M (100%)       8186M (100%)       8186M (100%)       8178M (100%)   
[62.957s][info][gc,heap     ] GC(135)      Used:        8M (0%)            8M (0%)            8M (0%)            6M (0%)           14M (0%)            6M (0%)     
[62.957s][info][gc,heap     ] GC(135)      Live:         -                 0M (0%)            0M (0%)            0M (0%)             -                  -          
[62.957s][info][gc,heap     ] GC(135) Allocated:         -                 0M (0%)            0M (0%)            0M (0%)             -                  -          
[62.957s][info][gc,heap     ] GC(135)   Garbage:         -                 7M (0%)            7M (0%)            5M (0%)             -                  -          
[62.957s][info][gc,heap     ] GC(135) Reclaimed:         -                  -                 0M (0%)            2M (0%)             -                  -          
[62.957s][info][gc          ] GC(135) Garbage Collection (System.gc()) 8M(0%)->6M(0%)
[63.419s][info][gc,start    ] GC(136) Garbage Collection (System.gc())
[63.420s][info][gc,task     ] GC(136) Using 3 workers
[63.420s][info][gc,phases   ] GC(136) Pause Mark Start 0.012ms
[63.422s][info][gc,phases   ] GC(136) Concurrent Mark 2.401ms
[63.422s][info][gc,phases   ] GC(136) Pause Mark End 0.011ms
[63.422s][info][gc,phases   ] GC(136) Concurrent Mark Free 0.000ms
[63.423s][info][gc,phases   ] GC(136) Concurrent Process Non-Strong References 0.802ms
[63.423s][info][gc,phases   ] GC(136) Concurrent Reset Relocation Set 0.001ms
[63.428s][info][gc,phases   ] GC(136) Concurrent Select Relocation Set 4.513ms
[63.428s][info][gc,phases   ] GC(136) Pause Relocate Start 0.009ms
[63.429s][info][gc,phases   ] GC(136) Concurrent Relocate 0.946ms
[63.429s][info][gc,load     ] GC(136) Load: 1.24/1.35/1.56
[63.429s][info][gc,mmu      ] GC(136) MMU: 2ms/93.3%, 5ms/97.3%, 10ms/98.3%, 20ms/99.2%, 50ms/99.7%, 100ms/99.8%
[63.429s][info][gc,marking  ] GC(136) Mark: 2 stripe(s), 1 proactive flush(es), 1 terminate flush(es), 0 completion(s), 0 continuation(s) 
[63.429s][info][gc,marking  ] GC(136) Mark Stack Usage: 32M
[63.429s][info][gc,nmethod  ] GC(136) NMethods: 324 registered, 7 unregistered
[63.429s][info][gc,metaspace] GC(136) Metaspace: 0M used, 0M committed, 1088M reserved
[63.429s][info][gc,ref      ] GC(136) Soft: 2 encountered, 0 discovered, 0 enqueued
[63.429s][info][gc,ref      ] GC(136) Weak: 9 encountered, 0 discovered, 0 enqueued
[63.429s][info][gc,ref      ] GC(136) Final: 0 encountered, 0 discovered, 0 enqueued
[63.429s][info][gc,ref      ] GC(136) Phantom: 3 encountered, 2 discovered, 0 enqueued
[63.429s][info][gc,reloc    ] GC(136) Small Pages: 4 / 8M, Empty: 0M, Relocated: 0M, In-Place: 0
[63.429s][info][gc,reloc    ] GC(136) Medium Pages: 0 / 0M, Empty: 0M, Relocated: 0M, In-Place: 0
[63.429s][info][gc,reloc    ] GC(136) Large Pages: 0 / 0M, Empty: 0M, Relocated: 0M, In-Place: 0
[63.429s][info][gc,reloc    ] GC(136) Forwarding Usage: 0M
[63.429s][info][gc,heap     ] GC(136) Min Capacity: 8192M(100%)
[63.429s][info][gc,heap     ] GC(136) Max Capacity: 8192M(100%)
[63.429s][info][gc,heap     ] GC(136) Soft Max Capacity: 8192M(100%)
[63.429s][info][gc,heap     ] GC(136)                Mark Start          Mark End        Relocate Start      Relocate End           High               Low         
[63.429s][info][gc,heap     ] GC(136)  Capacity:     8192M (100%)       8192M (100%)       8192M (100%)       8192M (100%)       8192M (100%)       8192M (100%)   
[63.429s][info][gc,heap     ] GC(136)      Free:     8184M (100%)       8184M (100%)       8184M (100%)       8186M (100%)       8186M (100%)       8178M (100%)   
[63.429s][info][gc,heap     ] GC(136)      Used:        8M (0%)            8M (0%)            8M (0%)            6M (0%)           14M (0%)            6M (0%)     
[63.429s][info][gc,heap     ] GC(136)      Live:         -                 0M (0%)            0M (0%)            0M (0%)             -                  -          
[63.429s][info][gc,heap     ] GC(136) Allocated:         -                 0M (0%)            0M (0%)            0M (0%)             -                  -          
[63.429s][info][gc,heap     ] GC(136)   Garbage:         -                 7M (0%)            7M (0%)            5M (0%)             -                  -          
[63.429s][info][gc,heap     ] GC(136) Reclaimed:         -                  -                 0M (0%)            2M (0%)             -                  -          
[63.429s][info][gc          ] GC(136) Garbage Collection (System.gc()) 8M(0%)->6M(0%)
[63.892s][info][gc,start    ] GC(137) Garbage Collection (System.gc())
[63.892s][info][gc,task     ] GC(137) Using 3 workers
[63.892s][info][gc,phases   ] GC(137) Pause Mark Start 0.013ms
[63.895s][info][gc,phases   ] GC(137) Concurrent Mark 2.762ms
[63.895s][info][gc,phases   ] GC(137) Pause Mark End 0.014ms
[63.895s][info][gc,phases   ] GC(137) Concurrent Mark Free 0.001ms
[63.896s][info][gc,phases   ] GC(137) Concurrent Process Non-Strong References 0.943ms
[63.896s][info][gc,phases   ] GC(137) Concurrent Reset Relocation Set 0.001ms
[63.901s][info][gc,phases   ] GC(137) Concurrent Select Relocation Set 4.667ms
[63.901s][info][gc,phases   ] GC(137) Pause Relocate Start 0.008ms
[63.901s][info][gc,phases   ] GC(137) Concurrent Relocate 0.572ms
[63.901s][info][gc,load     ] GC(137) Load: 1.24/1.35/1.56
[63.901s][info][gc,mmu      ] GC(137) MMU: 2ms/93.3%, 5ms/97.3%, 10ms/98.3%, 20ms/99.2%, 50ms/99.7%, 100ms/99.8%
[63.902s][info][gc,marking  ] GC(137) Mark: 2 stripe(s), 1 proactive flush(es), 1 terminate flush(es), 0 completion(s), 0 continuation(s) 
[63.902s][info][gc,marking  ] GC(137) Mark Stack Usage: 32M
[63.902s][info][gc,nmethod  ] GC(137) NMethods: 324 registered, 7 unregistered
[63.902s][info][gc,metaspace] GC(137) Metaspace: 0M used, 0M committed, 1088M reserved
[63.902s][info][gc,ref      ] GC(137) Soft: 2 encountered, 0 discovered, 0 enqueued
[63.902s][info][gc,ref      ] GC(137) Weak: 9 encountered, 0 discovered, 0 enqueued
[63.902s][info][gc,ref      ] GC(137) Final: 0 encountered, 0 discovered, 0 enqueued
[63.902s][info][gc,ref      ] GC(137) Phantom: 3 encountered, 2 discovered, 0 enqueued
[63.902s][info][gc,reloc    ] GC(137) Small Pages: 4 / 8M, Empty: 0M, Relocated: 0M, In-Place: 0
[63.902s][info][gc,reloc    ] GC(137) Medium Pages: 0 / 0M, Empty: 0M, Relocated: 0M, In-Place: 0
[63.902s][info][gc,reloc    ] GC(137) Large Pages: 0 / 0M, Empty: 0M, Relocated: 0M, In-Place: 0
[63.902s][info][gc,reloc    ] GC(137) Forwarding Usage: 0M
[63.902s][info][gc,heap     ] GC(137) Min Capacity: 8192M(100%)
[63.902s][info][gc,heap     ] GC(137) Max Capacity: 8192M(100%)
[63.902s][info][gc,heap     ] GC(137) Soft Max Capacity: 8192M(100%)
[63.902s][info][gc,heap     ] GC(137)                Mark Start          Mark End        Relocate Start      Relocate End           High               Low         
[63.902s][info][gc,heap     ] GC(137)  Capacity:     8192M (100%)       8192M (100%)       8192M (100%)       8192M (100%)       8192M (100%)       8192M (100%)   
[63.902s][info][gc,heap     ] GC(137)      Free:     8184M (100%)       8184M (100%)       8184M (100%)       8186M (100%)       8186M (100%)       8180M (100%)   
[63.902s][info][gc,heap     ] GC(137)      Used:        8M (0%)            8M (0%)            8M (0%)            6M (0%)           12M (0%)            6M (0%)     
[63.902s][info][gc,heap     ] GC(137)      Live:         -                 0M (0%)            0M (0%)            0M (0%)             -                  -          
[63.902s][info][gc,heap     ] GC(137) Allocated:         -                 0M (0%)            0M (0%)            0M (0%)             -                  -          
[63.902s][info][gc,heap     ] GC(137)   Garbage:         -                 7M (0%)            7M (0%)            5M (0%)             -                  -          
[63.902s][info][gc,heap     ] GC(137) Reclaimed:         -                  -                 0M (0%)            2M (0%)             -                  -          
[63.902s][info][gc          ] GC(137) Garbage Collection (System.gc()) 8M(0%)->6M(0%)
[64.362s][info][gc,start    ] GC(138) Garbage Collection (System.gc())
[64.363s][info][gc,task     ] GC(138) Using 3 workers
[64.363s][info][gc,phases   ] GC(138) Pause Mark Start 0.012ms
[64.366s][info][gc,phases   ] GC(138) Concurrent Mark 3.004ms
[64.366s][info][gc,phases   ] GC(138) Pause Mark End 0.013ms
[64.366s][info][gc,phases   ] GC(138) Concurrent Mark Free 0.000ms
[64.367s][info][gc,phases   ] GC(138) Concurrent Process Non-Strong References 1.025ms
[64.367s][info][gc,phases   ] GC(138) Concurrent Reset Relocation Set 0.002ms
[64.370s][info][gc,phases   ] GC(138) Concurrent Select Relocation Set 3.437ms
[64.370s][info][gc,phases   ] GC(138) Pause Relocate Start 0.004ms
[64.371s][info][gc,phases   ] GC(138) Concurrent Relocate 0.553ms
[64.371s][info][gc,load     ] GC(138) Load: 1.24/1.35/1.56
[64.371s][info][gc,mmu      ] GC(138) MMU: 2ms/93.3%, 5ms/97.3%, 10ms/98.3%, 20ms/99.2%, 50ms/99.7%, 100ms/99.8%
[64.371s][info][gc,marking  ] GC(138) Mark: 2 stripe(s), 1 proactive flush(es), 1 terminate flush(es), 0 completion(s), 0 continuation(s) 
[64.371s][info][gc,marking  ] GC(138) Mark Stack Usage: 32M
[64.371s][info][gc,nmethod  ] GC(138) NMethods: 324 registered, 7 unregistered
[64.371s][info][gc,metaspace] GC(138) Metaspace: 0M used, 0M committed, 1088M reserved
[64.371s][info][gc,ref      ] GC(138) Soft: 2 encountered, 0 discovered, 0 enqueued
[64.371s][info][gc,ref      ] GC(138) Weak: 9 encountered, 0 discovered, 0 enqueued
[64.371s][info][gc,ref      ] GC(138) Final: 0 encountered, 0 discovered, 0 enqueued
[64.371s][info][gc,ref      ] GC(138) Phantom: 3 encountered, 1 discovered, 0 enqueued
[64.371s][info][gc,reloc    ] GC(138) Small Pages: 4 / 8M, Empty: 0M, Relocated: 0M, In-Place: 0
[64.371s][info][gc,reloc    ] GC(138) Medium Pages: 0 / 0M, Empty: 0M, Relocated: 0M, In-Place: 0
[64.371s][info][gc,reloc    ] GC(138) Large Pages: 0 / 0M, Empty: 0M, Relocated: 0M, In-Place: 0
[64.371s][info][gc,reloc    ] GC(138) Forwarding Usage: 0M
[64.371s][info][gc,heap     ] GC(138) Min Capacity: 8192M(100%)
[64.371s][info][gc,heap     ] GC(138) Max Capacity: 8192M(100%)
[64.371s][info][gc,heap     ] GC(138) Soft Max Capacity: 8192M(100%)
[64.371s][info][gc,heap     ] GC(138)                Mark Start          Mark End        Relocate Start      Relocate End           High               Low         
[64.371s][info][gc,heap     ] GC(138)  Capacity:     8192M (100%)       8192M (100%)       8192M (100%)       8192M (100%)       8192M (100%)       8192M (100%)   
[64.371s][info][gc,heap     ] GC(138)      Free:     8184M (100%)       8184M (100%)       8184M (100%)       8186M (100%)       8186M (100%)       8180M (100%)   
[64.371s][info][gc,heap     ] GC(138)      Used:        8M (0%)            8M (0%)            8M (0%)            6M (0%)           12M (0%)            6M (0%)     
[64.371s][info][gc,heap     ] GC(138)      Live:         -                 0M (0%)            0M (0%)            0M (0%)             -                  -          
[64.371s][info][gc,heap     ] GC(138) Allocated:         -                 0M (0%)            0M (0%)            0M (0%)             -                  -          
[64.371s][info][gc,heap     ] GC(138)   Garbage:         -                 7M (0%)            7M (0%)            5M (0%)             -                  -          
[64.371s][info][gc,heap     ] GC(138) Reclaimed:         -                  -                 0M (0%)            2M (0%)             -                  -          
[64.371s][info][gc          ] GC(138) Garbage Collection (System.gc()) 8M(0%)->6M(0%)
[64.829s][info][gc,start    ] GC(139) Garbage Collection (System.gc())
[64.829s][info][gc,task     ] GC(139) Using 3 workers
[64.829s][info][gc,phases   ] GC(139) Pause Mark Start 0.007ms
[64.831s][info][gc,phases   ] GC(139) Concurrent Mark 2.156ms
[64.832s][info][gc,phases   ] GC(139) Pause Mark End 0.008ms
[64.832s][info][gc,phases   ] GC(139) Concurrent Mark Free 0.000ms
[64.833s][info][gc,phases   ] GC(139) Concurrent Process Non-Strong References 1.021ms
[64.833s][info][gc,phases   ] GC(139) Concurrent Reset Relocation Set 0.001ms
[64.837s][info][gc,phases   ] GC(139) Concurrent Select Relocation Set 4.736ms
[64.838s][info][gc,phases   ] GC(139) Pause Relocate Start 0.010ms
[64.838s][info][gc,phases   ] GC(139) Concurrent Relocate 0.667ms
[64.838s][info][gc,load     ] GC(139) Load: 1.24/1.35/1.56
[64.838s][info][gc,mmu      ] GC(139) MMU: 2ms/93.3%, 5ms/97.3%, 10ms/98.3%, 20ms/99.2%, 50ms/99.7%, 100ms/99.8%
[64.838s][info][gc,marking  ] GC(139) Mark: 2 stripe(s), 1 proactive flush(es), 1 terminate flush(es), 0 completion(s), 0 continuation(s) 
[64.838s][info][gc,marking  ] GC(139) Mark Stack Usage: 32M
[64.838s][info][gc,nmethod  ] GC(139) NMethods: 324 registered, 7 unregistered
[64.838s][info][gc,metaspace] GC(139) Metaspace: 0M used, 0M committed, 1088M reserved
[64.838s][info][gc,ref      ] GC(139) Soft: 2 encountered, 0 discovered, 0 enqueued
[64.838s][info][gc,ref      ] GC(139) Weak: 9 encountered, 0 discovered, 0 enqueued
[64.838s][info][gc,ref      ] GC(139) Final: 0 encountered, 0 discovered, 0 enqueued
[64.838s][info][gc,ref      ] GC(139) Phantom: 3 encountered, 2 discovered, 0 enqueued
[64.838s][info][gc,reloc    ] GC(139) Small Pages: 4 / 8M, Empty: 0M, Relocated: 0M, In-Place: 0
[64.838s][info][gc,reloc    ] GC(139) Medium Pages: 0 / 0M, Empty: 0M, Relocated: 0M, In-Place: 0
[64.838s][info][gc,reloc    ] GC(139) Large Pages: 0 / 0M, Empty: 0M, Relocated: 0M, In-Place: 0
[64.838s][info][gc,reloc    ] GC(139) Forwarding Usage: 0M
[64.838s][info][gc,heap     ] GC(139) Min Capacity: 8192M(100%)
[64.838s][info][gc,heap     ] GC(139) Max Capacity: 8192M(100%)
[64.838s][info][gc,heap     ] GC(139) Soft Max Capacity: 8192M(100%)
[64.838s][info][gc,heap     ] GC(139)                Mark Start          Mark End        Relocate Start      Relocate End           High               Low         
[64.838s][info][gc,heap     ] GC(139)  Capacity:     8192M (100%)       8192M (100%)       8192M (100%)       8192M (100%)       8192M (100%)       8192M (100%)   
[64.838s][info][gc,heap     ] GC(139)      Free:     8184M (100%)       8184M (100%)       8184M (100%)       8186M (100%)       8186M (100%)       8178M (100%)   
[64.838s][info][gc,heap     ] GC(139)      Used:        8M (0%)            8M (0%)            8M (0%)            6M (0%)           14M (0%)            6M (0%)     
[64.838s][info][gc,heap     ] GC(139)      Live:         -                 0M (0%)            0M (0%)            0M (0%)             -                  -          
[64.838s][info][gc,heap     ] GC(139) Allocated:         -                 0M (0%)            0M (0%)            0M (0%)             -                  -          
[64.838s][info][gc,heap     ] GC(139)   Garbage:         -                 7M (0%)            7M (0%)            5M (0%)             -                  -          
[64.838s][info][gc,heap     ] GC(139) Reclaimed:         -                  -                 0M (0%)            2M (0%)             -                  -          
[64.839s][info][gc          ] GC(139) Garbage Collection (System.gc()) 8M(0%)->6M(0%)
[65.300s][info][gc,start    ] GC(140) Garbage Collection (System.gc())
[65.301s][info][gc,task     ] GC(140) Using 3 workers
[65.301s][info][gc,phases   ] GC(140) Pause Mark Start 0.006ms
[65.303s][info][gc,phases   ] GC(140) Concurrent Mark 2.197ms
[65.303s][info][gc,phases   ] GC(140) Pause Mark End 0.009ms
[65.303s][info][gc,phases   ] GC(140) Concurrent Mark Free 0.001ms
[65.303s][info][gc,phases   ] GC(140) Concurrent Process Non-Strong References 0.478ms
[65.303s][info][gc,phases   ] GC(140) Concurrent Reset Relocation Set 0.005ms
[65.308s][info][gc,phases   ] GC(140) Concurrent Select Relocation Set 4.975ms
[65.309s][info][gc,phases   ] GC(140) Pause Relocate Start 0.009ms
[65.309s][info][gc,phases   ] GC(140) Concurrent Relocate 0.599ms
[65.309s][info][gc,load     ] GC(140) Load: 1.46/1.39/1.58
[65.309s][info][gc,mmu      ] GC(140) MMU: 2ms/93.3%, 5ms/97.3%, 10ms/98.3%, 20ms/99.2%, 50ms/99.7%, 100ms/99.8%
[65.309s][info][gc,marking  ] GC(140) Mark: 2 stripe(s), 1 proactive flush(es), 1 terminate flush(es), 0 completion(s), 0 continuation(s) 
[65.309s][info][gc,marking  ] GC(140) Mark Stack Usage: 32M
[65.309s][info][gc,nmethod  ] GC(140) NMethods: 324 registered, 7 unregistered
[65.309s][info][gc,metaspace] GC(140) Metaspace: 0M used, 0M committed, 1088M reserved
[65.309s][info][gc,ref      ] GC(140) Soft: 2 encountered, 0 discovered, 0 enqueued
[65.309s][info][gc,ref      ] GC(140) Weak: 9 encountered, 1 discovered, 0 enqueued
[65.309s][info][gc,ref      ] GC(140) Final: 0 encountered, 0 discovered, 0 enqueued
[65.309s][info][gc,ref      ] GC(140) Phantom: 3 encountered, 2 discovered, 0 enqueued
[65.309s][info][gc,reloc    ] GC(140) Small Pages: 4 / 8M, Empty: 0M, Relocated: 0M, In-Place: 0
[65.309s][info][gc,reloc    ] GC(140) Medium Pages: 0 / 0M, Empty: 0M, Relocated: 0M, In-Place: 0
[65.309s][info][gc,reloc    ] GC(140) Large Pages: 0 / 0M, Empty: 0M, Relocated: 0M, In-Place: 0
[65.309s][info][gc,reloc    ] GC(140) Forwarding Usage: 0M
[65.309s][info][gc,heap     ] GC(140) Min Capacity: 8192M(100%)
[65.309s][info][gc,heap     ] GC(140) Max Capacity: 8192M(100%)
[65.309s][info][gc,heap     ] GC(140) Soft Max Capacity: 8192M(100%)
[65.309s][info][gc,heap     ] GC(140)                Mark Start          Mark End        Relocate Start      Relocate End           High               Low         
[65.309s][info][gc,heap     ] GC(140)  Capacity:     8192M (100%)       8192M (100%)       8192M (100%)       8192M (100%)       8192M (100%)       8192M (100%)   
[65.309s][info][gc,heap     ] GC(140)      Free:     8184M (100%)       8184M (100%)       8184M (100%)       8186M (100%)       8186M (100%)       8178M (100%)   
[65.309s][info][gc,heap     ] GC(140)      Used:        8M (0%)            8M (0%)            8M (0%)            6M (0%)           14M (0%)            6M (0%)     
[65.309s][info][gc,heap     ] GC(140)      Live:         -                 0M (0%)            0M (0%)            0M (0%)             -                  -          
[65.309s][info][gc,heap     ] GC(140) Allocated:         -                 0M (0%)            0M (0%)            0M (0%)             -                  -          
[65.309s][info][gc,heap     ] GC(140)   Garbage:         -                 7M (0%)            7M (0%)            5M (0%)             -                  -          
[65.309s][info][gc,heap     ] GC(140) Reclaimed:         -                  -                 0M (0%)            2M (0%)             -                  -          
[65.309s][info][gc          ] GC(140) Garbage Collection (System.gc()) 8M(0%)->6M(0%)
[65.764s][info][gc,start    ] GC(141) Garbage Collection (System.gc())
[65.764s][info][gc,task     ] GC(141) Using 3 workers
[65.764s][info][gc,phases   ] GC(141) Pause Mark Start 0.015ms
[65.778s][info][gc,phases   ] GC(141) Concurrent Mark 13.299ms
[65.778s][info][gc,phases   ] GC(141) Pause Mark End 0.015ms
[65.778s][info][gc,phases   ] GC(141) Concurrent Mark Free 0.000ms
[65.778s][info][gc,phases   ] GC(141) Concurrent Process Non-Strong References 0.467ms
[65.778s][info][gc,phases   ] GC(141) Concurrent Reset Relocation Set 0.001ms
[65.781s][info][gc,phases   ] GC(141) Concurrent Select Relocation Set 2.900ms
[65.781s][info][gc,phases   ] GC(141) Pause Relocate Start 0.006ms
[65.782s][info][gc,phases   ] GC(141) Concurrent Relocate 0.386ms
[65.782s][info][gc,load     ] GC(141) Load: 1.46/1.39/1.58
[65.782s][info][gc,mmu      ] GC(141) MMU: 2ms/93.3%, 5ms/97.3%, 10ms/98.3%, 20ms/99.2%, 50ms/99.7%, 100ms/99.8%
[65.782s][info][gc,marking  ] GC(141) Mark: 2 stripe(s), 1 proactive flush(es), 1 terminate flush(es), 0 completion(s), 0 continuation(s) 
[65.782s][info][gc,marking  ] GC(141) Mark Stack Usage: 32M
[65.782s][info][gc,nmethod  ] GC(141) NMethods: 324 registered, 7 unregistered
[65.782s][info][gc,metaspace] GC(141) Metaspace: 0M used, 0M committed, 1088M reserved
[65.782s][info][gc,ref      ] GC(141) Soft: 2 encountered, 0 discovered, 0 enqueued
[65.782s][info][gc,ref      ] GC(141) Weak: 9 encountered, 0 discovered, 0 enqueued
[65.782s][info][gc,ref      ] GC(141) Final: 0 encountered, 0 discovered, 0 enqueued
[65.782s][info][gc,ref      ] GC(141) Phantom: 3 encountered, 2 discovered, 0 enqueued
[65.782s][info][gc,reloc    ] GC(141) Small Pages: 4 / 8M, Empty: 0M, Relocated: 0M, In-Place: 0
[65.782s][info][gc,reloc    ] GC(141) Medium Pages: 0 / 0M, Empty: 0M, Relocated: 0M, In-Place: 0
[65.782s][info][gc,reloc    ] GC(141) Large Pages: 0 / 0M, Empty: 0M, Relocated: 0M, In-Place: 0
[65.782s][info][gc,reloc    ] GC(141) Forwarding Usage: 0M
[65.782s][info][gc,heap     ] GC(141) Min Capacity: 8192M(100%)
[65.782s][info][gc,heap     ] GC(141) Max Capacity: 8192M(100%)
[65.782s][info][gc,heap     ] GC(141) Soft Max Capacity: 8192M(100%)
[65.782s][info][gc,heap     ] GC(141)                Mark Start          Mark End        Relocate Start      Relocate End           High               Low         
[65.782s][info][gc,heap     ] GC(141)  Capacity:     8192M (100%)       8192M (100%)       8192M (100%)       8192M (100%)       8192M (100%)       8192M (100%)   
[65.782s][info][gc,heap     ] GC(141)      Free:     8184M (100%)       8184M (100%)       8184M (100%)       8186M (100%)       8186M (100%)       8178M (100%)   
[65.782s][info][gc,heap     ] GC(141)      Used:        8M (0%)            8M (0%)            8M (0%)            6M (0%)           14M (0%)            6M (0%)     
[65.782s][info][gc,heap     ] GC(141)      Live:         -                 0M (0%)            0M (0%)            0M (0%)             -                  -          
[65.782s][info][gc,heap     ] GC(141) Allocated:         -                 0M (0%)            0M (0%)            0M (0%)             -                  -          
[65.782s][info][gc,heap     ] GC(141)   Garbage:         -                 7M (0%)            7M (0%)            5M (0%)             -                  -          
[65.782s][info][gc,heap     ] GC(141) Reclaimed:         -                  -                 0M (0%)            2M (0%)             -                  -          
[65.782s][info][gc          ] GC(141) Garbage Collection (System.gc()) 8M(0%)->6M(0%)
[66.237s][info][gc,start    ] GC(142) Garbage Collection (System.gc())
[66.237s][info][gc,task     ] GC(142) Using 3 workers
[66.238s][info][gc,phases   ] GC(142) Pause Mark Start 0.012ms
[66.251s][info][gc,phases   ] GC(142) Concurrent Mark 13.466ms
[66.252s][info][gc,phases   ] GC(142) Pause Mark End 0.013ms
[66.252s][info][gc,phases   ] GC(142) Concurrent Mark Free 0.002ms
[66.252s][info][gc,phases   ] GC(142) Concurrent Process Non-Strong References 0.526ms
[66.252s][info][gc,phases   ] GC(142) Concurrent Reset Relocation Set 0.002ms
[66.256s][info][gc,phases   ] GC(142) Concurrent Select Relocation Set 3.557ms
[66.256s][info][gc,phases   ] GC(142) Pause Relocate Start 0.005ms
[66.257s][info][gc,phases   ] GC(142) Concurrent Relocate 0.583ms
[66.257s][info][gc,load     ] GC(142) Load: 1.46/1.39/1.58
[66.257s][info][gc,mmu      ] GC(142) MMU: 2ms/93.3%, 5ms/97.3%, 10ms/98.3%, 20ms/99.2%, 50ms/99.7%, 100ms/99.8%
[66.257s][info][gc,marking  ] GC(142) Mark: 2 stripe(s), 1 proactive flush(es), 1 terminate flush(es), 0 completion(s), 0 continuation(s) 
[66.257s][info][gc,marking  ] GC(142) Mark Stack Usage: 32M
[66.257s][info][gc,nmethod  ] GC(142) NMethods: 324 registered, 7 unregistered
[66.257s][info][gc,metaspace] GC(142) Metaspace: 0M used, 0M committed, 1088M reserved
[66.257s][info][gc,ref      ] GC(142) Soft: 2 encountered, 0 discovered, 0 enqueued
[66.257s][info][gc,ref      ] GC(142) Weak: 9 encountered, 0 discovered, 0 enqueued
[66.257s][info][gc,ref      ] GC(142) Final: 0 encountered, 0 discovered, 0 enqueued
[66.257s][info][gc,ref      ] GC(142) Phantom: 3 encountered, 1 discovered, 0 enqueued
[66.257s][info][gc,reloc    ] GC(142) Small Pages: 4 / 8M, Empty: 0M, Relocated: 0M, In-Place: 0
[66.257s][info][gc,reloc    ] GC(142) Medium Pages: 0 / 0M, Empty: 0M, Relocated: 0M, In-Place: 0
[66.257s][info][gc,reloc    ] GC(142) Large Pages: 0 / 0M, Empty: 0M, Relocated: 0M, In-Place: 0
[66.257s][info][gc,reloc    ] GC(142) Forwarding Usage: 0M
[66.257s][info][gc,heap     ] GC(142) Min Capacity: 8192M(100%)
[66.257s][info][gc,heap     ] GC(142) Max Capacity: 8192M(100%)
[66.257s][info][gc,heap     ] GC(142) Soft Max Capacity: 8192M(100%)
[66.257s][info][gc,heap     ] GC(142)                Mark Start          Mark End        Relocate Start      Relocate End           High               Low         
[66.257s][info][gc,heap     ] GC(142)  Capacity:     8192M (100%)       8192M (100%)       8192M (100%)       8192M (100%)       8192M (100%)       8192M (100%)   
[66.257s][info][gc,heap     ] GC(142)      Free:     8184M (100%)       8184M (100%)       8184M (100%)       8186M (100%)       8186M (100%)       8178M (100%)   
[66.257s][info][gc,heap     ] GC(142)      Used:        8M (0%)            8M (0%)            8M (0%)            6M (0%)           14M (0%)            6M (0%)     
[66.257s][info][gc,heap     ] GC(142)      Live:         -                 0M (0%)            0M (0%)            0M (0%)             -                  -          
[66.257s][info][gc,heap     ] GC(142) Allocated:         -                 0M (0%)            0M (0%)            0M (0%)             -                  -          
[66.257s][info][gc,heap     ] GC(142)   Garbage:         -                 7M (0%)            7M (0%)            5M (0%)             -                  -          
[66.257s][info][gc,heap     ] GC(142) Reclaimed:         -                  -                 0M (0%)            2M (0%)             -                  -          
[66.257s][info][gc          ] GC(142) Garbage Collection (System.gc()) 8M(0%)->6M(0%)
[66.711s][info][gc,start    ] GC(143) Garbage Collection (System.gc())
[66.711s][info][gc,task     ] GC(143) Using 3 workers
[66.712s][info][gc,phases   ] GC(143) Pause Mark Start 0.013ms
[66.715s][info][gc,phases   ] GC(143) Concurrent Mark 3.019ms
[66.715s][info][gc,phases   ] GC(143) Pause Mark End 0.137ms
[66.724s][info][gc,phases   ] GC(143) Concurrent Mark Free 0.003ms
[66.726s][info][gc,phases   ] GC(143) Concurrent Process Non-Strong References 2.005ms
[66.726s][info][gc,phases   ] GC(143) Concurrent Reset Relocation Set 0.001ms
[66.730s][info][gc,phases   ] GC(143) Concurrent Select Relocation Set 3.631ms
[66.730s][info][gc,phases   ] GC(143) Pause Relocate Start 0.009ms
[66.730s][info][gc,phases   ] GC(143) Concurrent Relocate 0.622ms
[66.731s][info][gc,load     ] GC(143) Load: 1.46/1.39/1.58
[66.731s][info][gc,mmu      ] GC(143) MMU: 2ms/93.1%, 5ms/97.0%, 10ms/98.3%, 20ms/99.2%, 50ms/99.7%, 100ms/99.8%
[66.731s][info][gc,marking  ] GC(143) Mark: 2 stripe(s), 1 proactive flush(es), 1 terminate flush(es), 0 completion(s), 0 continuation(s) 
[66.731s][info][gc,marking  ] GC(143) Mark Stack Usage: 32M
[66.731s][info][gc,nmethod  ] GC(143) NMethods: 324 registered, 7 unregistered
[66.731s][info][gc,metaspace] GC(143) Metaspace: 0M used, 0M committed, 1088M reserved
[66.731s][info][gc,ref      ] GC(143) Soft: 2 encountered, 0 discovered, 0 enqueued
[66.731s][info][gc,ref      ] GC(143) Weak: 9 encountered, 0 discovered, 0 enqueued
[66.731s][info][gc,ref      ] GC(143) Final: 0 encountered, 0 discovered, 0 enqueued
[66.731s][info][gc,ref      ] GC(143) Phantom: 3 encountered, 2 discovered, 0 enqueued
[66.731s][info][gc,reloc    ] GC(143) Small Pages: 4 / 8M, Empty: 0M, Relocated: 0M, In-Place: 0
[66.731s][info][gc,reloc    ] GC(143) Medium Pages: 0 / 0M, Empty: 0M, Relocated: 0M, In-Place: 0
[66.731s][info][gc,reloc    ] GC(143) Large Pages: 0 / 0M, Empty: 0M, Relocated: 0M, In-Place: 0
[66.731s][info][gc,reloc    ] GC(143) Forwarding Usage: 0M
[66.731s][info][gc,heap     ] GC(143) Min Capacity: 8192M(100%)
[66.731s][info][gc,heap     ] GC(143) Max Capacity: 8192M(100%)
[66.731s][info][gc,heap     ] GC(143) Soft Max Capacity: 8192M(100%)
[66.731s][info][gc,heap     ] GC(143)                Mark Start          Mark End        Relocate Start      Relocate End           High               Low         
[66.731s][info][gc,heap     ] GC(143)  Capacity:     8192M (100%)       8192M (100%)       8192M (100%)       8192M (100%)       8192M (100%)       8192M (100%)   
[66.731s][info][gc,heap     ] GC(143)      Free:     8184M (100%)       8184M (100%)       8184M (100%)       8186M (100%)       8186M (100%)       8178M (100%)   
[66.731s][info][gc,heap     ] GC(143)      Used:        8M (0%)            8M (0%)            8M (0%)            6M (0%)           14M (0%)            6M (0%)     
[66.731s][info][gc,heap     ] GC(143)      Live:         -                 0M (0%)            0M (0%)            0M (0%)             -                  -          
[66.731s][info][gc,heap     ] GC(143) Allocated:         -                 0M (0%)            0M (0%)            0M (0%)             -                  -          
[66.731s][info][gc,heap     ] GC(143)   Garbage:         -                 7M (0%)            7M (0%)            5M (0%)             -                  -          
[66.731s][info][gc,heap     ] GC(143) Reclaimed:         -                  -                 0M (0%)            2M (0%)             -                  -          
[66.731s][info][gc          ] GC(143) Garbage Collection (System.gc()) 8M(0%)->6M(0%)
[67.187s][info][gc,start    ] GC(144) Garbage Collection (System.gc())
[67.187s][info][gc,task     ] GC(144) Using 3 workers
[67.187s][info][gc,phases   ] GC(144) Pause Mark Start 0.015ms
[67.199s][info][gc,phases   ] GC(144) Concurrent Mark 2.527ms
[67.199s][info][gc,phases   ] GC(144) Pause Mark End 0.020ms
[67.199s][info][gc,phases   ] GC(144) Concurrent Mark Free 0.001ms
[67.200s][info][gc,phases   ] GC(144) Concurrent Process Non-Strong References 1.557ms
[67.200s][info][gc,phases   ] GC(144) Concurrent Reset Relocation Set 0.001ms
[67.204s][info][gc,phases   ] GC(144) Concurrent Select Relocation Set 3.861ms
[67.204s][info][gc,phases   ] GC(144) Pause Relocate Start 0.010ms
[67.205s][info][gc,phases   ] GC(144) Concurrent Relocate 0.559ms
[67.205s][info][gc,load     ] GC(144) Load: 1.46/1.39/1.58
[67.205s][info][gc,mmu      ] GC(144) MMU: 2ms/93.1%, 5ms/97.0%, 10ms/98.3%, 20ms/99.2%, 50ms/99.7%, 100ms/99.8%
[67.205s][info][gc,marking  ] GC(144) Mark: 2 stripe(s), 1 proactive flush(es), 1 terminate flush(es), 0 completion(s), 0 continuation(s) 
[67.205s][info][gc,marking  ] GC(144) Mark Stack Usage: 32M
[67.205s][info][gc,nmethod  ] GC(144) NMethods: 324 registered, 7 unregistered
[67.205s][info][gc,metaspace] GC(144) Metaspace: 0M used, 0M committed, 1088M reserved
[67.205s][info][gc,ref      ] GC(144) Soft: 2 encountered, 0 discovered, 0 enqueued
[67.205s][info][gc,ref      ] GC(144) Weak: 9 encountered, 0 discovered, 0 enqueued
[67.205s][info][gc,ref      ] GC(144) Final: 0 encountered, 0 discovered, 0 enqueued
[67.205s][info][gc,ref      ] GC(144) Phantom: 3 encountered, 1 discovered, 0 enqueued
[67.205s][info][gc,reloc    ] GC(144) Small Pages: 4 / 8M, Empty: 0M, Relocated: 0M, In-Place: 0
[67.205s][info][gc,reloc    ] GC(144) Medium Pages: 0 / 0M, Empty: 0M, Relocated: 0M, In-Place: 0
[67.205s][info][gc,reloc    ] GC(144) Large Pages: 0 / 0M, Empty: 0M, Relocated: 0M, In-Place: 0
[67.205s][info][gc,reloc    ] GC(144) Forwarding Usage: 0M
[67.205s][info][gc,heap     ] GC(144) Min Capacity: 8192M(100%)
[67.205s][info][gc,heap     ] GC(144) Max Capacity: 8192M(100%)
[67.205s][info][gc,heap     ] GC(144) Soft Max Capacity: 8192M(100%)
[67.205s][info][gc,heap     ] GC(144)                Mark Start          Mark End        Relocate Start      Relocate End           High               Low         
[67.205s][info][gc,heap     ] GC(144)  Capacity:     8192M (100%)       8192M (100%)       8192M (100%)       8192M (100%)       8192M (100%)       8192M (100%)   
[67.205s][info][gc,heap     ] GC(144)      Free:     8184M (100%)       8184M (100%)       8184M (100%)       8186M (100%)       8186M (100%)       8178M (100%)   
[67.205s][info][gc,heap     ] GC(144)      Used:        8M (0%)            8M (0%)            8M (0%)            6M (0%)           14M (0%)            6M (0%)     
[67.205s][info][gc,heap     ] GC(144)      Live:         -                 0M (0%)            0M (0%)            0M (0%)             -                  -          
[67.205s][info][gc,heap     ] GC(144) Allocated:         -                 0M (0%)            0M (0%)            0M (0%)             -                  -          
[67.205s][info][gc,heap     ] GC(144)   Garbage:         -                 7M (0%)            7M (0%)            5M (0%)             -                  -          
[67.205s][info][gc,heap     ] GC(144) Reclaimed:         -                  -                 0M (0%)            2M (0%)             -                  -          
[67.205s][info][gc          ] GC(144) Garbage Collection (System.gc()) 8M(0%)->6M(0%)
[67.659s][info][gc,start    ] GC(145) Garbage Collection (System.gc())
[67.659s][info][gc,task     ] GC(145) Using 3 workers
[67.660s][info][gc,phases   ] GC(145) Pause Mark Start 0.015ms
[67.671s][info][gc,phases   ] GC(145) Concurrent Mark 2.643ms
[67.671s][info][gc,phases   ] GC(145) Pause Mark End 0.020ms
[67.671s][info][gc,phases   ] GC(145) Concurrent Mark Free 0.001ms
[67.672s][info][gc,phases   ] GC(145) Concurrent Process Non-Strong References 0.963ms
[67.672s][info][gc,phases   ] GC(145) Concurrent Reset Relocation Set 0.002ms
[67.675s][info][gc,phases   ] GC(145) Concurrent Select Relocation Set 3.477ms
[67.675s][info][gc,phases   ] GC(145) Pause Relocate Start 0.008ms
[67.676s][info][gc,phases   ] GC(145) Concurrent Relocate 0.710ms
[67.676s][info][gc,load     ] GC(145) Load: 1.46/1.39/1.58
[67.676s][info][gc,mmu      ] GC(145) MMU: 2ms/93.1%, 5ms/97.0%, 10ms/98.3%, 20ms/99.2%, 50ms/99.7%, 100ms/99.8%
[67.676s][info][gc,marking  ] GC(145) Mark: 2 stripe(s), 1 proactive flush(es), 1 terminate flush(es), 0 completion(s), 0 continuation(s) 
[67.676s][info][gc,marking  ] GC(145) Mark Stack Usage: 32M
[67.676s][info][gc,nmethod  ] GC(145) NMethods: 324 registered, 7 unregistered
[67.676s][info][gc,metaspace] GC(145) Metaspace: 0M used, 0M committed, 1088M reserved
[67.676s][info][gc,ref      ] GC(145) Soft: 2 encountered, 0 discovered, 0 enqueued
[67.676s][info][gc,ref      ] GC(145) Weak: 9 encountered, 0 discovered, 0 enqueued
[67.676s][info][gc,ref      ] GC(145) Final: 0 encountered, 0 discovered, 0 enqueued
[67.676s][info][gc,ref      ] GC(145) Phantom: 3 encountered, 2 discovered, 0 enqueued
[67.676s][info][gc,reloc    ] GC(145) Small Pages: 4 / 8M, Empty: 0M, Relocated: 0M, In-Place: 0
[67.676s][info][gc,reloc    ] GC(145) Medium Pages: 0 / 0M, Empty: 0M, Relocated: 0M, In-Place: 0
[67.676s][info][gc,reloc    ] GC(145) Large Pages: 0 / 0M, Empty: 0M, Relocated: 0M, In-Place: 0
[67.676s][info][gc,reloc    ] GC(145) Forwarding Usage: 0M
[67.676s][info][gc,heap     ] GC(145) Min Capacity: 8192M(100%)
[67.676s][info][gc,heap     ] GC(145) Max Capacity: 8192M(100%)
[67.676s][info][gc,heap     ] GC(145) Soft Max Capacity: 8192M(100%)
[67.676s][info][gc,heap     ] GC(145)                Mark Start          Mark End        Relocate Start      Relocate End           High               Low         
[67.676s][info][gc,heap     ] GC(145)  Capacity:     8192M (100%)       8192M (100%)       8192M (100%)       8192M (100%)       8192M (100%)       8192M (100%)   
[67.676s][info][gc,heap     ] GC(145)      Free:     8184M (100%)       8184M (100%)       8184M (100%)       8186M (100%)       8186M (100%)       8178M (100%)   
[67.676s][info][gc,heap     ] GC(145)      Used:        8M (0%)            8M (0%)            8M (0%)            6M (0%)           14M (0%)            6M (0%)     
[67.676s][info][gc,heap     ] GC(145)      Live:         -                 0M (0%)            0M (0%)            0M (0%)             -                  -          
[67.676s][info][gc,heap     ] GC(145) Allocated:         -                 0M (0%)            0M (0%)            0M (0%)             -                  -          
[67.676s][info][gc,heap     ] GC(145)   Garbage:         -                 7M (0%)            7M (0%)            5M (0%)             -                  -          
[67.676s][info][gc,heap     ] GC(145) Reclaimed:         -                  -                 0M (0%)            2M (0%)             -                  -          
[67.676s][info][gc          ] GC(145) Garbage Collection (System.gc()) 8M(0%)->6M(0%)
[68.133s][info][gc,start    ] GC(146) Garbage Collection (System.gc())
[68.133s][info][gc,task     ] GC(146) Using 3 workers
[68.133s][info][gc,phases   ] GC(146) Pause Mark Start 0.013ms
[68.145s][info][gc,phases   ] GC(146) Concurrent Mark 11.693ms
[68.145s][info][gc,phases   ] GC(146) Pause Mark End 0.023ms
[68.145s][info][gc,phases   ] GC(146) Concurrent Mark Free 0.000ms
[68.146s][info][gc,phases   ] GC(146) Concurrent Process Non-Strong References 1.152ms
[68.146s][info][gc,phases   ] GC(146) Concurrent Reset Relocation Set 0.001ms
[68.150s][info][gc,phases   ] GC(146) Concurrent Select Relocation Set 3.611ms
[68.150s][info][gc,phases   ] GC(146) Pause Relocate Start 0.007ms
[68.151s][info][gc,phases   ] GC(146) Concurrent Relocate 0.721ms
[68.151s][info][gc,load     ] GC(146) Load: 1.46/1.39/1.58
[68.151s][info][gc,mmu      ] GC(146) MMU: 2ms/93.1%, 5ms/97.0%, 10ms/98.3%, 20ms/99.2%, 50ms/99.7%, 100ms/99.8%
[68.151s][info][gc,marking  ] GC(146) Mark: 2 stripe(s), 1 proactive flush(es), 1 terminate flush(es), 0 completion(s), 0 continuation(s) 
[68.151s][info][gc,marking  ] GC(146) Mark Stack Usage: 32M
[68.151s][info][gc,nmethod  ] GC(146) NMethods: 324 registered, 7 unregistered
[68.151s][info][gc,metaspace] GC(146) Metaspace: 0M used, 0M committed, 1088M reserved
[68.151s][info][gc,ref      ] GC(146) Soft: 2 encountered, 0 discovered, 0 enqueued
[68.151s][info][gc,ref      ] GC(146) Weak: 9 encountered, 0 discovered, 0 enqueued
[68.151s][info][gc,ref      ] GC(146) Final: 0 encountered, 0 discovered, 0 enqueued
[68.151s][info][gc,ref      ] GC(146) Phantom: 3 encountered, 2 discovered, 0 enqueued
[68.151s][info][gc,reloc    ] GC(146) Small Pages: 4 / 8M, Empty: 0M, Relocated: 0M, In-Place: 0
[68.151s][info][gc,reloc    ] GC(146) Medium Pages: 0 / 0M, Empty: 0M, Relocated: 0M, In-Place: 0
[68.151s][info][gc,reloc    ] GC(146) Large Pages: 0 / 0M, Empty: 0M, Relocated: 0M, In-Place: 0
[68.151s][info][gc,reloc    ] GC(146) Forwarding Usage: 0M
[68.151s][info][gc,heap     ] GC(146) Min Capacity: 8192M(100%)
[68.151s][info][gc,heap     ] GC(146) Max Capacity: 8192M(100%)
[68.151s][info][gc,heap     ] GC(146) Soft Max Capacity: 8192M(100%)
[68.151s][info][gc,heap     ] GC(146)                Mark Start          Mark End        Relocate Start      Relocate End           High               Low         
[68.151s][info][gc,heap     ] GC(146)  Capacity:     8192M (100%)       8192M (100%)       8192M (100%)       8192M (100%)       8192M (100%)       8192M (100%)   
[68.151s][info][gc,heap     ] GC(146)      Free:     8184M (100%)       8184M (100%)       8184M (100%)       8186M (100%)       8186M (100%)       8178M (100%)   
[68.151s][info][gc,heap     ] GC(146)      Used:        8M (0%)            8M (0%)            8M (0%)            6M (0%)           14M (0%)            6M (0%)     
[68.151s][info][gc,heap     ] GC(146)      Live:         -                 0M (0%)            0M (0%)            0M (0%)             -                  -          
[68.151s][info][gc,heap     ] GC(146) Allocated:         -                 0M (0%)            0M (0%)            0M (0%)             -                  -          
[68.151s][info][gc,heap     ] GC(146)   Garbage:         -                 7M (0%)            7M (0%)            5M (0%)             -                  -          
[68.151s][info][gc,heap     ] GC(146) Reclaimed:         -                  -                 0M (0%)            2M (0%)             -                  -          
[68.151s][info][gc          ] GC(146) Garbage Collection (System.gc()) 8M(0%)->6M(0%)
[68.609s][info][gc,start    ] GC(147) Garbage Collection (System.gc())
[68.609s][info][gc,task     ] GC(147) Using 3 workers
[68.609s][info][gc,phases   ] GC(147) Pause Mark Start 0.013ms
[68.621s][info][gc,phases   ] GC(147) Concurrent Mark 11.810ms
[68.621s][info][gc,phases   ] GC(147) Pause Mark End 0.028ms
[68.621s][info][gc,phases   ] GC(147) Concurrent Mark Free 0.001ms
[68.621s][info][gc,phases   ] GC(147) Concurrent Process Non-Strong References 0.602ms
[68.621s][info][gc,phases   ] GC(147) Concurrent Reset Relocation Set 0.003ms
[68.625s][info][gc,phases   ] GC(147) Concurrent Select Relocation Set 3.922ms
[68.625s][info][gc,phases   ] GC(147) Pause Relocate Start 0.009ms
[68.626s][info][gc,phases   ] GC(147) Concurrent Relocate 0.580ms
[68.626s][info][gc,load     ] GC(147) Load: 1.46/1.39/1.58
[68.626s][info][gc,mmu      ] GC(147) MMU: 2ms/93.1%, 5ms/97.0%, 10ms/98.3%, 20ms/99.2%, 50ms/99.7%, 100ms/99.8%
[68.626s][info][gc,marking  ] GC(147) Mark: 2 stripe(s), 1 proactive flush(es), 1 terminate flush(es), 0 completion(s), 0 continuation(s) 
[68.626s][info][gc,marking  ] GC(147) Mark Stack Usage: 32M
[68.626s][info][gc,nmethod  ] GC(147) NMethods: 324 registered, 7 unregistered
[68.626s][info][gc,metaspace] GC(147) Metaspace: 0M used, 0M committed, 1088M reserved
[68.626s][info][gc,ref      ] GC(147) Soft: 2 encountered, 0 discovered, 0 enqueued
[68.626s][info][gc,ref      ] GC(147) Weak: 9 encountered, 0 discovered, 0 enqueued
[68.626s][info][gc,ref      ] GC(147) Final: 0 encountered, 0 discovered, 0 enqueued
[68.626s][info][gc,ref      ] GC(147) Phantom: 3 encountered, 2 discovered, 0 enqueued
[68.626s][info][gc,reloc    ] GC(147) Small Pages: 4 / 8M, Empty: 0M, Relocated: 0M, In-Place: 0
[68.626s][info][gc,reloc    ] GC(147) Medium Pages: 0 / 0M, Empty: 0M, Relocated: 0M, In-Place: 0
[68.626s][info][gc,reloc    ] GC(147) Large Pages: 0 / 0M, Empty: 0M, Relocated: 0M, In-Place: 0
[68.626s][info][gc,reloc    ] GC(147) Forwarding Usage: 0M
[68.626s][info][gc,heap     ] GC(147) Min Capacity: 8192M(100%)
[68.626s][info][gc,heap     ] GC(147) Max Capacity: 8192M(100%)
[68.626s][info][gc,heap     ] GC(147) Soft Max Capacity: 8192M(100%)
[68.626s][info][gc,heap     ] GC(147)                Mark Start          Mark End        Relocate Start      Relocate End           High               Low         
[68.626s][info][gc,heap     ] GC(147)  Capacity:     8192M (100%)       8192M (100%)       8192M (100%)       8192M (100%)       8192M (100%)       8192M (100%)   
[68.626s][info][gc,heap     ] GC(147)      Free:     8184M (100%)       8184M (100%)       8184M (100%)       8186M (100%)       8186M (100%)       8180M (100%)   
[68.626s][info][gc,heap     ] GC(147)      Used:        8M (0%)            8M (0%)            8M (0%)            6M (0%)           12M (0%)            6M (0%)     
[68.626s][info][gc,heap     ] GC(147)      Live:         -                 0M (0%)            0M (0%)            0M (0%)             -                  -          
[68.626s][info][gc,heap     ] GC(147) Allocated:         -                 0M (0%)            0M (0%)            0M (0%)             -                  -          
[68.626s][info][gc,heap     ] GC(147)   Garbage:         -                 7M (0%)            7M (0%)            5M (0%)             -                  -          
[68.626s][info][gc,heap     ] GC(147) Reclaimed:         -                  -                 0M (0%)            2M (0%)             -                  -          
[68.626s][info][gc          ] GC(147) Garbage Collection (System.gc()) 8M(0%)->6M(0%)
[69.081s][info][gc,start    ] GC(148) Garbage Collection (System.gc())
[69.082s][info][gc,task     ] GC(148) Using 3 workers
[69.082s][info][gc,phases   ] GC(148) Pause Mark Start 0.012ms
[69.086s][info][gc,phases   ] GC(148) Concurrent Mark 3.932ms
[69.086s][info][gc,phases   ] GC(148) Pause Mark End 0.021ms
[69.086s][info][gc,phases   ] GC(148) Concurrent Mark Free 0.002ms
[69.090s][info][gc,phases   ] GC(148) Concurrent Process Non-Strong References 3.975ms
[69.090s][info][gc,phases   ] GC(148) Concurrent Reset Relocation Set 0.003ms
[69.101s][info][gc,phases   ] GC(148) Concurrent Select Relocation Set 10.408ms
[69.101s][info][gc,phases   ] GC(148) Pause Relocate Start 0.008ms
[69.102s][info][gc,phases   ] GC(148) Concurrent Relocate 0.717ms
[69.102s][info][gc,load     ] GC(148) Load: 1.46/1.39/1.58
[69.102s][info][gc,mmu      ] GC(148) MMU: 2ms/93.1%, 5ms/97.0%, 10ms/98.3%, 20ms/99.2%, 50ms/99.7%, 100ms/99.8%
[69.102s][info][gc,marking  ] GC(148) Mark: 2 stripe(s), 1 proactive flush(es), 1 terminate flush(es), 0 completion(s), 0 continuation(s) 
[69.102s][info][gc,marking  ] GC(148) Mark Stack Usage: 32M
[69.102s][info][gc,nmethod  ] GC(148) NMethods: 324 registered, 7 unregistered
[69.102s][info][gc,metaspace] GC(148) Metaspace: 0M used, 0M committed, 1088M reserved
[69.102s][info][gc,ref      ] GC(148) Soft: 2 encountered, 0 discovered, 0 enqueued
[69.102s][info][gc,ref      ] GC(148) Weak: 9 encountered, 0 discovered, 0 enqueued
[69.102s][info][gc,ref      ] GC(148) Final: 0 encountered, 0 discovered, 0 enqueued
[69.102s][info][gc,ref      ] GC(148) Phantom: 3 encountered, 3 discovered, 0 enqueued
[69.102s][info][gc,reloc    ] GC(148) Small Pages: 4 / 8M, Empty: 0M, Relocated: 0M, In-Place: 0
[69.102s][info][gc,reloc    ] GC(148) Medium Pages: 0 / 0M, Empty: 0M, Relocated: 0M, In-Place: 0
[69.102s][info][gc,reloc    ] GC(148) Large Pages: 0 / 0M, Empty: 0M, Relocated: 0M, In-Place: 0
[69.102s][info][gc,reloc    ] GC(148) Forwarding Usage: 0M
[69.102s][info][gc,heap     ] GC(148) Min Capacity: 8192M(100%)
[69.102s][info][gc,heap     ] GC(148) Max Capacity: 8192M(100%)
[69.102s][info][gc,heap     ] GC(148) Soft Max Capacity: 8192M(100%)
[69.102s][info][gc,heap     ] GC(148)                Mark Start          Mark End        Relocate Start      Relocate End           High               Low         
[69.102s][info][gc,heap     ] GC(148)  Capacity:     8192M (100%)       8192M (100%)       8192M (100%)       8192M (100%)       8192M (100%)       8192M (100%)   
[69.102s][info][gc,heap     ] GC(148)      Free:     8184M (100%)       8184M (100%)       8184M (100%)       8186M (100%)       8186M (100%)       8180M (100%)   
[69.102s][info][gc,heap     ] GC(148)      Used:        8M (0%)            8M (0%)            8M (0%)            6M (0%)           12M (0%)            6M (0%)     
[69.102s][info][gc,heap     ] GC(148)      Live:         -                 0M (0%)            0M (0%)            0M (0%)             -                  -          
[69.102s][info][gc,heap     ] GC(148) Allocated:         -                 0M (0%)            0M (0%)            0M (0%)             -                  -          
[69.102s][info][gc,heap     ] GC(148)   Garbage:         -                 7M (0%)            7M (0%)            5M (0%)             -                  -          
[69.102s][info][gc,heap     ] GC(148) Reclaimed:         -                  -                 0M (0%)            2M (0%)             -                  -          
[69.102s][info][gc          ] GC(148) Garbage Collection (System.gc()) 8M(0%)->6M(0%)
[69.559s][info][gc,start    ] GC(149) Garbage Collection (System.gc())
[69.559s][info][gc,task     ] GC(149) Using 3 workers
[69.559s][info][gc,phases   ] GC(149) Pause Mark Start 0.012ms
[69.564s][info][gc,phases   ] GC(149) Concurrent Mark 3.233ms
[69.564s][info][gc,phases   ] GC(149) Pause Mark End 0.019ms
[69.564s][info][gc,phases   ] GC(149) Concurrent Mark Free 0.001ms
[69.576s][info][gc,phases   ] GC(149) Concurrent Process Non-Strong References 12.132ms
[69.576s][info][gc,phases   ] GC(149) Concurrent Reset Relocation Set 0.003ms
[69.580s][info][gc,phases   ] GC(149) Concurrent Select Relocation Set 4.215ms
[69.581s][info][gc,phases   ] GC(149) Pause Relocate Start 0.009ms
[69.581s][info][gc,phases   ] GC(149) Concurrent Relocate 0.511ms
[69.581s][info][gc,load     ] GC(149) Load: 1.46/1.39/1.58
[69.581s][info][gc,mmu      ] GC(149) MMU: 2ms/93.1%, 5ms/97.0%, 10ms/98.3%, 20ms/99.2%, 50ms/99.7%, 100ms/99.8%
[69.581s][info][gc,marking  ] GC(149) Mark: 2 stripe(s), 1 proactive flush(es), 1 terminate flush(es), 0 completion(s), 0 continuation(s) 
[69.581s][info][gc,marking  ] GC(149) Mark Stack Usage: 32M
[69.581s][info][gc,nmethod  ] GC(149) NMethods: 324 registered, 7 unregistered
[69.581s][info][gc,metaspace] GC(149) Metaspace: 0M used, 0M committed, 1088M reserved
[69.581s][info][gc,ref      ] GC(149) Soft: 2 encountered, 0 discovered, 0 enqueued
[69.581s][info][gc,ref      ] GC(149) Weak: 9 encountered, 0 discovered, 0 enqueued
[69.581s][info][gc,ref      ] GC(149) Final: 0 encountered, 0 discovered, 0 enqueued
[69.581s][info][gc,ref      ] GC(149) Phantom: 3 encountered, 2 discovered, 0 enqueued
[69.581s][info][gc,reloc    ] GC(149) Small Pages: 4 / 8M, Empty: 0M, Relocated: 0M, In-Place: 0
[69.581s][info][gc,reloc    ] GC(149) Medium Pages: 0 / 0M, Empty: 0M, Relocated: 0M, In-Place: 0
[69.581s][info][gc,reloc    ] GC(149) Large Pages: 0 / 0M, Empty: 0M, Relocated: 0M, In-Place: 0
[69.581s][info][gc,reloc    ] GC(149) Forwarding Usage: 0M
[69.581s][info][gc,heap     ] GC(149) Min Capacity: 8192M(100%)
[69.581s][info][gc,heap     ] GC(149) Max Capacity: 8192M(100%)
[69.581s][info][gc,heap     ] GC(149) Soft Max Capacity: 8192M(100%)
[69.581s][info][gc,heap     ] GC(149)                Mark Start          Mark End        Relocate Start      Relocate End           High               Low         
[69.581s][info][gc,heap     ] GC(149)  Capacity:     8192M (100%)       8192M (100%)       8192M (100%)       8192M (100%)       8192M (100%)       8192M (100%)   
[69.581s][info][gc,heap     ] GC(149)      Free:     8184M (100%)       8184M (100%)       8184M (100%)       8186M (100%)       8186M (100%)       8178M (100%)   
[69.581s][info][gc,heap     ] GC(149)      Used:        8M (0%)            8M (0%)            8M (0%)            6M (0%)           14M (0%)            6M (0%)     
[69.581s][info][gc,heap     ] GC(149)      Live:         -                 0M (0%)            0M (0%)            0M (0%)             -                  -          
[69.581s][info][gc,heap     ] GC(149) Allocated:         -                 0M (0%)            0M (0%)            0M (0%)             -                  -          
[69.581s][info][gc,heap     ] GC(149)   Garbage:         -                 7M (0%)            7M (0%)            5M (0%)             -                  -          
[69.581s][info][gc,heap     ] GC(149) Reclaimed:         -                  -                 0M (0%)            2M (0%)             -                  -          
[69.581s][info][gc          ] GC(149) Garbage Collection (System.gc()) 8M(0%)->6M(0%)
[70.016s][info][gc,stats    ] === Garbage Collection Statistics =======================================================================================================================
[70.016s][info][gc,stats    ]                                                              Last 10s              Last 10m              Last 10h                Total
[70.016s][info][gc,stats    ]                                                              Avg / Max             Avg / Max             Avg / Max             Avg / Max
[70.016s][info][gc,stats    ]   Collector: Garbage Collection Cycle                     14.640 / 22.578       10.452 / 22.578       10.452 / 22.578       10.452 / 22.578      ms
[70.016s][info][gc,stats    ]  Contention: Mark Segment Reset Contention                     0 / 2                 1 / 4                 1 / 4                 1 / 4           ops/s
[70.016s][info][gc,stats    ]  Contention: Mark SeqNum Reset Contention                      0 / 2                 1 / 3                 1 / 3                 1 / 3           ops/s
[70.016s][info][gc,stats    ]    Critical: Allocation Stall                                  0 / 0                 0 / 0                 0 / 0                 0 / 0           ops/s
[70.016s][info][gc,stats    ]    Critical: Allocation Stall                              0.000 / 0.000         0.000 / 0.000         0.000 / 0.000         0.000 / 0.000       ms
[70.016s][info][gc,stats    ]    Critical: GC Locker Stall                                   0 / 0                 0 / 0                 0 / 0                 0 / 0           ops/s
[70.016s][info][gc,stats    ]    Critical: GC Locker Stall                               0.000 / 0.000         0.000 / 0.000         0.000 / 0.000         0.000 / 0.000       ms
[70.016s][info][gc,stats    ]    Critical: Relocation Stall                                  0 / 0                 0 / 0                 0 / 0                 0 / 0           ops/s
[70.016s][info][gc,stats    ]    Critical: Relocation Stall                              0.000 / 0.000         0.000 / 0.000         0.000 / 0.000         0.000 / 0.000       ms
[70.016s][info][gc,stats    ]      Memory: Allocation Rate                                   4 / 6                 4 / 6                 4 / 6                 4 / 6           MB/s
[70.016s][info][gc,stats    ]      Memory: Defragment                                        0 / 0                 0 / 0                 0 / 0                 0 / 0           ops/s
[70.016s][info][gc,stats    ]      Memory: Out Of Memory                                     0 / 0                 0 / 0                 0 / 0                 0 / 0           ops/s
[70.016s][info][gc,stats    ]      Memory: Page Cache Flush                                  0 / 0                 0 / 0                 0 / 0                 0 / 0           MB/s
[70.016s][info][gc,stats    ]      Memory: Page Cache Hit L1                                 8 / 10                8 / 12                8 / 12                8 / 12          ops/s
[70.016s][info][gc,stats    ]      Memory: Page Cache Hit L2                                 0 / 0                 0 / 0                 0 / 0                 0 / 0           ops/s
[70.016s][info][gc,stats    ]      Memory: Page Cache Hit L3                                 0 / 0                 0 / 6                 0 / 6                 0 / 6           ops/s
[70.016s][info][gc,stats    ]      Memory: Page Cache Miss                                   0 / 0                 0 / 1                 0 / 1                 0 / 1           ops/s
[70.016s][info][gc,stats    ]      Memory: Uncommit                                          0 / 0                 0 / 0                 0 / 0                 0 / 0           MB/s
[70.016s][info][gc,stats    ]      Memory: Undo Object Allocation Failed                     0 / 0                 0 / 0                 0 / 0                 0 / 0           ops/s
[70.016s][info][gc,stats    ]      Memory: Undo Object Allocation Succeeded                  0 / 0                 0 / 0                 0 / 0                 0 / 0           ops/s
[70.016s][info][gc,stats    ]      Memory: Undo Page Allocation                              0 / 0                 0 / 0                 0 / 0                 0 / 0           ops/s
[70.016s][info][gc,stats    ]       Phase: Concurrent Mark                               5.165 / 13.466        3.240 / 13.466        3.240 / 13.466        3.240 / 13.466      ms
[70.016s][info][gc,stats    ]       Phase: Concurrent Mark Continue                      0.000 / 0.000         0.000 / 0.000         0.000 / 0.000         0.000 / 0.000       ms
[70.016s][info][gc,stats    ]       Phase: Concurrent Mark Free                          0.001 / 0.004         0.001 / 0.004         0.001 / 0.004         0.001 / 0.004       ms
[70.016s][info][gc,stats    ]       Phase: Concurrent Process Non-Strong References      1.670 / 12.132        1.138 / 12.132        1.138 / 12.132        1.138 / 12.132      ms
[70.016s][info][gc,stats    ]       Phase: Concurrent Relocate                           0.641 / 0.946         0.612 / 1.001         0.612 / 1.001         0.612 / 1.001       ms
[70.016s][info][gc,stats    ]       Phase: Concurrent Reset Relocation Set               0.002 / 0.005         0.002 / 0.005         0.002 / 0.005         0.002 / 0.005       ms
[70.016s][info][gc,stats    ]       Phase: Concurrent Select Relocation Set              4.792 / 12.246        4.412 / 15.176        4.412 / 15.176        4.412 / 15.176      ms
[70.016s][info][gc,stats    ]       Phase: Pause Mark End                                0.022 / 0.137         0.016 / 0.137         0.016 / 0.137         0.016 / 0.137       ms
[70.016s][info][gc,stats    ]       Phase: Pause Mark Start                              0.012 / 0.017         0.011 / 0.023         0.011 / 0.023         0.011 / 0.023       ms
[70.016s][info][gc,stats    ]       Phase: Pause Relocate Start                          0.008 / 0.011         0.009 / 0.134         0.009 / 0.134         0.009 / 0.134       ms
[70.016s][info][gc,stats    ]    Subphase: Concurrent Classes Purge                      0.030 / 0.158         0.032 / 0.287         0.032 / 0.287         0.032 / 0.287       ms
[70.016s][info][gc,stats    ]    Subphase: Concurrent Classes Unlink                     1.411 / 11.679        0.949 / 11.679        0.949 / 11.679        0.949 / 11.679      ms
[70.016s][info][gc,stats    ]    Subphase: Concurrent Mark                               2.662 / 9.900         1.852 / 9.900         1.852 / 9.900         1.852 / 9.900       ms
[70.016s][info][gc,stats    ]    Subphase: Concurrent Mark Try Flush                     0.448 / 4.336         0.096 / 4.336         0.096 / 4.336         0.096 / 4.336       ms
[70.016s][info][gc,stats    ]    Subphase: Concurrent Mark Try Terminate                 1.021 / 4.814         0.711 / 4.814         0.711 / 4.814         0.711 / 4.814       ms
[70.016s][info][gc,stats    ]    Subphase: Concurrent References Enqueue                 0.000 / 0.001         0.000 / 0.001         0.000 / 0.001         0.000 / 0.001       ms
[70.016s][info][gc,stats    ]    Subphase: Concurrent References Process                 0.049 / 0.526         0.033 / 0.526         0.033 / 0.526         0.033 / 0.526       ms
[70.016s][info][gc,stats    ]    Subphase: Concurrent Roots ClassLoaderDataGraph         0.209 / 2.158         0.108 / 2.288         0.108 / 2.288         0.108 / 2.288       ms
[70.016s][info][gc,stats    ]    Subphase: Concurrent Roots CodeCache                    0.000 / 0.000         0.000 / 0.000         0.000 / 0.000         0.000 / 0.000       ms
[70.016s][info][gc,stats    ]    Subphase: Concurrent Roots JavaThreads                  0.200 / 0.430         0.171 / 1.025         0.171 / 1.025         0.171 / 1.025       ms
[70.016s][info][gc,stats    ]    Subphase: Concurrent Roots OopStorageSet                0.017 / 0.036         0.013 / 0.307         0.013 / 0.307         0.013 / 0.307       ms
[70.016s][info][gc,stats    ]    Subphase: Concurrent Weak Roots OopStorageSet           0.065 / 0.206         0.044 / 0.206         0.044 / 0.206         0.044 / 0.206       ms
[70.016s][info][gc,stats    ]    Subphase: Pause Mark Try Complete                       0.000 / 0.000         0.000 / 0.000         0.000 / 0.000         0.000 / 0.000       ms
[70.016s][info][gc,stats    ]      System: Java Threads                                     10 / 10               10 / 10               10 / 10               10 / 10          threads
[70.016s][info][gc,stats    ] =========================================================================================================================================================
[70.038s][info][gc,start    ] GC(150) Garbage Collection (System.gc())
[70.038s][info][gc,task     ] GC(150) Using 3 workers
[70.038s][info][gc,phases   ] GC(150) Pause Mark Start 0.016ms
[70.043s][info][gc,phases   ] GC(150) Concurrent Mark 4.767ms
[70.043s][info][gc,phases   ] GC(150) Pause Mark End 0.021ms
[70.044s][info][gc,phases   ] GC(150) Concurrent Mark Free 0.001ms
[70.056s][info][gc,phases   ] GC(150) Concurrent Process Non-Strong References 12.430ms
[70.056s][info][gc,phases   ] GC(150) Concurrent Reset Relocation Set 0.001ms
[70.060s][info][gc,phases   ] GC(150) Concurrent Select Relocation Set 3.650ms
[70.060s][info][gc,phases   ] GC(150) Pause Relocate Start 0.010ms
[70.061s][info][gc,phases   ] GC(150) Concurrent Relocate 0.690ms
[70.061s][info][gc,load     ] GC(150) Load: 1.58/1.42/1.59
[70.061s][info][gc,mmu      ] GC(150) MMU: 2ms/93.1%, 5ms/97.0%, 10ms/98.3%, 20ms/99.2%, 50ms/99.7%, 100ms/99.8%
[70.061s][info][gc,marking  ] GC(150) Mark: 2 stripe(s), 1 proactive flush(es), 1 terminate flush(es), 0 completion(s), 0 continuation(s) 
[70.061s][info][gc,marking  ] GC(150) Mark Stack Usage: 32M
[70.061s][info][gc,nmethod  ] GC(150) NMethods: 324 registered, 7 unregistered
[70.061s][info][gc,metaspace] GC(150) Metaspace: 0M used, 0M committed, 1088M reserved
[70.061s][info][gc,ref      ] GC(150) Soft: 2 encountered, 0 discovered, 0 enqueued
[70.061s][info][gc,ref      ] GC(150) Weak: 9 encountered, 0 discovered, 0 enqueued
[70.061s][info][gc,ref      ] GC(150) Final: 0 encountered, 0 discovered, 0 enqueued
[70.061s][info][gc,ref      ] GC(150) Phantom: 3 encountered, 1 discovered, 0 enqueued
[70.061s][info][gc,reloc    ] GC(150) Small Pages: 4 / 8M, Empty: 0M, Relocated: 0M, In-Place: 0
[70.061s][info][gc,reloc    ] GC(150) Medium Pages: 0 / 0M, Empty: 0M, Relocated: 0M, In-Place: 0
[70.061s][info][gc,reloc    ] GC(150) Large Pages: 0 / 0M, Empty: 0M, Relocated: 0M, In-Place: 0
[70.061s][info][gc,reloc    ] GC(150) Forwarding Usage: 0M
[70.061s][info][gc,heap     ] GC(150) Min Capacity: 8192M(100%)
[70.061s][info][gc,heap     ] GC(150) Max Capacity: 8192M(100%)
[70.061s][info][gc,heap     ] GC(150) Soft Max Capacity: 8192M(100%)
[70.061s][info][gc,heap     ] GC(150)                Mark Start          Mark End        Relocate Start      Relocate End           High               Low         
[70.061s][info][gc,heap     ] GC(150)  Capacity:     8192M (100%)       8192M (100%)       8192M (100%)       8192M (100%)       8192M (100%)       8192M (100%)   
[70.061s][info][gc,heap     ] GC(150)      Free:     8184M (100%)       8184M (100%)       8184M (100%)       8186M (100%)       8186M (100%)       8180M (100%)   
[70.061s][info][gc,heap     ] GC(150)      Used:        8M (0%)            8M (0%)            8M (0%)            6M (0%)           12M (0%)            6M (0%)     
[70.061s][info][gc,heap     ] GC(150)      Live:         -                 0M (0%)            0M (0%)            0M (0%)             -                  -          
[70.061s][info][gc,heap     ] GC(150) Allocated:         -                 0M (0%)            0M (0%)            0M (0%)             -                  -          
[70.061s][info][gc,heap     ] GC(150)   Garbage:         -                 7M (0%)            7M (0%)            5M (0%)             -                  -          
[70.061s][info][gc,heap     ] GC(150) Reclaimed:         -                  -                 0M (0%)            2M (0%)             -                  -          
[70.061s][info][gc          ] GC(150) Garbage Collection (System.gc()) 8M(0%)->6M(0%)
[70.525s][info][gc,start    ] GC(151) Garbage Collection (System.gc())
[70.526s][info][gc,task     ] GC(151) Using 3 workers
[70.526s][info][gc,phases   ] GC(151) Pause Mark Start 0.014ms
[70.528s][info][gc,phases   ] GC(151) Concurrent Mark 2.763ms
[70.529s][info][gc,phases   ] GC(151) Pause Mark End 0.015ms
[70.529s][info][gc,phases   ] GC(151) Concurrent Mark Free 0.001ms
[70.530s][info][gc,phases   ] GC(151) Concurrent Process Non-Strong References 1.673ms
[70.530s][info][gc,phases   ] GC(151) Concurrent Reset Relocation Set 0.002ms
[70.534s][info][gc,phases   ] GC(151) Concurrent Select Relocation Set 3.705ms
[70.534s][info][gc,phases   ] GC(151) Pause Relocate Start 0.013ms
[70.535s][info][gc,phases   ] GC(151) Concurrent Relocate 0.756ms
[70.535s][info][gc,load     ] GC(151) Load: 1.58/1.42/1.59
[70.535s][info][gc,mmu      ] GC(151) MMU: 2ms/93.1%, 5ms/97.0%, 10ms/98.3%, 20ms/99.2%, 50ms/99.7%, 100ms/99.8%
[70.535s][info][gc,marking  ] GC(151) Mark: 2 stripe(s), 1 proactive flush(es), 1 terminate flush(es), 0 completion(s), 0 continuation(s) 
[70.535s][info][gc,marking  ] GC(151) Mark Stack Usage: 32M
[70.535s][info][gc,nmethod  ] GC(151) NMethods: 324 registered, 7 unregistered
[70.535s][info][gc,metaspace] GC(151) Metaspace: 0M used, 0M committed, 1088M reserved
[70.535s][info][gc,ref      ] GC(151) Soft: 2 encountered, 0 discovered, 0 enqueued
[70.535s][info][gc,ref      ] GC(151) Weak: 9 encountered, 0 discovered, 0 enqueued
[70.535s][info][gc,ref      ] GC(151) Final: 0 encountered, 0 discovered, 0 enqueued
[70.535s][info][gc,ref      ] GC(151) Phantom: 3 encountered, 2 discovered, 0 enqueued
[70.535s][info][gc,reloc    ] GC(151) Small Pages: 4 / 8M, Empty: 0M, Relocated: 0M, In-Place: 0
[70.535s][info][gc,reloc    ] GC(151) Medium Pages: 0 / 0M, Empty: 0M, Relocated: 0M, In-Place: 0
[70.535s][info][gc,reloc    ] GC(151) Large Pages: 0 / 0M, Empty: 0M, Relocated: 0M, In-Place: 0
[70.535s][info][gc,reloc    ] GC(151) Forwarding Usage: 0M
[70.535s][info][gc,heap     ] GC(151) Min Capacity: 8192M(100%)
[70.535s][info][gc,heap     ] GC(151) Max Capacity: 8192M(100%)
[70.535s][info][gc,heap     ] GC(151) Soft Max Capacity: 8192M(100%)
[70.535s][info][gc,heap     ] GC(151)                Mark Start          Mark End        Relocate Start      Relocate End           High               Low         
[70.535s][info][gc,heap     ] GC(151)  Capacity:     8192M (100%)       8192M (100%)       8192M (100%)       8192M (100%)       8192M (100%)       8192M (100%)   
[70.535s][info][gc,heap     ] GC(151)      Free:     8184M (100%)       8184M (100%)       8184M (100%)       8186M (100%)       8186M (100%)       8178M (100%)   
[70.535s][info][gc,heap     ] GC(151)      Used:        8M (0%)            8M (0%)            8M (0%)            6M (0%)           14M (0%)            6M (0%)     
[70.535s][info][gc,heap     ] GC(151)      Live:         -                 0M (0%)            0M (0%)            0M (0%)             -                  -          
[70.535s][info][gc,heap     ] GC(151) Allocated:         -                 0M (0%)            0M (0%)            0M (0%)             -                  -          
[70.535s][info][gc,heap     ] GC(151)   Garbage:         -                 7M (0%)            7M (0%)            5M (0%)             -                  -          
[70.535s][info][gc,heap     ] GC(151) Reclaimed:         -                  -                 0M (0%)            2M (0%)             -                  -          
[70.535s][info][gc          ] GC(151) Garbage Collection (System.gc()) 8M(0%)->6M(0%)
[70.994s][info][gc,start    ] GC(152) Garbage Collection (System.gc())
[70.995s][info][gc,task     ] GC(152) Using 3 workers
[70.995s][info][gc,phases   ] GC(152) Pause Mark Start 0.009ms
[70.998s][info][gc,phases   ] GC(152) Concurrent Mark 2.406ms
[70.998s][info][gc,phases   ] GC(152) Pause Mark End 0.013ms
[70.998s][info][gc,phases   ] GC(152) Concurrent Mark Free 0.000ms
[70.998s][info][gc,phases   ] GC(152) Concurrent Process Non-Strong References 0.423ms
[70.998s][info][gc,phases   ] GC(152) Concurrent Reset Relocation Set 0.001ms
[71.002s][info][gc,phases   ] GC(152) Concurrent Select Relocation Set 3.819ms
[71.002s][info][gc,phases   ] GC(152) Pause Relocate Start 0.016ms
[71.003s][info][gc,phases   ] GC(152) Concurrent Relocate 0.865ms
[71.003s][info][gc,load     ] GC(152) Load: 1.58/1.42/1.59
[71.003s][info][gc,mmu      ] GC(152) MMU: 2ms/93.1%, 5ms/97.0%, 10ms/98.3%, 20ms/99.2%, 50ms/99.7%, 100ms/99.8%
[71.003s][info][gc,marking  ] GC(152) Mark: 2 stripe(s), 1 proactive flush(es), 1 terminate flush(es), 0 completion(s), 0 continuation(s) 
[71.003s][info][gc,marking  ] GC(152) Mark Stack Usage: 32M
[71.003s][info][gc,nmethod  ] GC(152) NMethods: 324 registered, 7 unregistered
[71.003s][info][gc,metaspace] GC(152) Metaspace: 0M used, 0M committed, 1088M reserved
[71.003s][info][gc,ref      ] GC(152) Soft: 2 encountered, 0 discovered, 0 enqueued
[71.003s][info][gc,ref      ] GC(152) Weak: 9 encountered, 0 discovered, 0 enqueued
[71.003s][info][gc,ref      ] GC(152) Final: 0 encountered, 0 discovered, 0 enqueued
[71.003s][info][gc,ref      ] GC(152) Phantom: 3 encountered, 1 discovered, 0 enqueued
[71.003s][info][gc,reloc    ] GC(152) Small Pages: 4 / 8M, Empty: 0M, Relocated: 0M, In-Place: 0
[71.003s][info][gc,reloc    ] GC(152) Medium Pages: 0 / 0M, Empty: 0M, Relocated: 0M, In-Place: 0
[71.003s][info][gc,reloc    ] GC(152) Large Pages: 0 / 0M, Empty: 0M, Relocated: 0M, In-Place: 0
[71.003s][info][gc,reloc    ] GC(152) Forwarding Usage: 0M
[71.003s][info][gc,heap     ] GC(152) Min Capacity: 8192M(100%)
[71.003s][info][gc,heap     ] GC(152) Max Capacity: 8192M(100%)
[71.003s][info][gc,heap     ] GC(152) Soft Max Capacity: 8192M(100%)
[71.003s][info][gc,heap     ] GC(152)                Mark Start          Mark End        Relocate Start      Relocate End           High               Low         
[71.003s][info][gc,heap     ] GC(152)  Capacity:     8192M (100%)       8192M (100%)       8192M (100%)       8192M (100%)       8192M (100%)       8192M (100%)   
[71.003s][info][gc,heap     ] GC(152)      Free:     8184M (100%)       8184M (100%)       8184M (100%)       8186M (100%)       8186M (100%)       8178M (100%)   
[71.003s][info][gc,heap     ] GC(152)      Used:        8M (0%)            8M (0%)            8M (0%)            6M (0%)           14M (0%)            6M (0%)     
[71.003s][info][gc,heap     ] GC(152)      Live:         -                 0M (0%)            0M (0%)            0M (0%)             -                  -          
[71.003s][info][gc,heap     ] GC(152) Allocated:         -                 0M (0%)            0M (0%)            0M (0%)             -                  -          
[71.003s][info][gc,heap     ] GC(152)   Garbage:         -                 7M (0%)            7M (0%)            5M (0%)             -                  -          
[71.003s][info][gc,heap     ] GC(152) Reclaimed:         -                  -                 0M (0%)            2M (0%)             -                  -          
[71.004s][info][gc          ] GC(152) Garbage Collection (System.gc()) 8M(0%)->6M(0%)
[71.460s][info][gc,start    ] GC(153) Garbage Collection (System.gc())
[71.460s][info][gc,task     ] GC(153) Using 3 workers
[71.460s][info][gc,phases   ] GC(153) Pause Mark Start 0.014ms
[71.471s][info][gc,phases   ] GC(153) Concurrent Mark 10.752ms
[71.471s][info][gc,phases   ] GC(153) Pause Mark End 0.022ms
[71.471s][info][gc,phases   ] GC(153) Concurrent Mark Free 0.001ms
[71.472s][info][gc,phases   ] GC(153) Concurrent Process Non-Strong References 1.043ms
[71.472s][info][gc,phases   ] GC(153) Concurrent Reset Relocation Set 0.001ms
[71.476s][info][gc,phases   ] GC(153) Concurrent Select Relocation Set 4.159ms
[71.476s][info][gc,phases   ] GC(153) Pause Relocate Start 0.006ms
[71.477s][info][gc,phases   ] GC(153) Concurrent Relocate 0.720ms
[71.477s][info][gc,load     ] GC(153) Load: 1.58/1.42/1.59
[71.477s][info][gc,mmu      ] GC(153) MMU: 2ms/93.1%, 5ms/97.0%, 10ms/98.3%, 20ms/99.2%, 50ms/99.7%, 100ms/99.8%
[71.477s][info][gc,marking  ] GC(153) Mark: 2 stripe(s), 1 proactive flush(es), 1 terminate flush(es), 0 completion(s), 0 continuation(s) 
[71.477s][info][gc,marking  ] GC(153) Mark Stack Usage: 32M
[71.477s][info][gc,nmethod  ] GC(153) NMethods: 324 registered, 7 unregistered
[71.477s][info][gc,metaspace] GC(153) Metaspace: 0M used, 0M committed, 1088M reserved
[71.477s][info][gc,ref      ] GC(153) Soft: 2 encountered, 0 discovered, 0 enqueued
[71.477s][info][gc,ref      ] GC(153) Weak: 9 encountered, 0 discovered, 0 enqueued
[71.477s][info][gc,ref      ] GC(153) Final: 0 encountered, 0 discovered, 0 enqueued
[71.477s][info][gc,ref      ] GC(153) Phantom: 3 encountered, 2 discovered, 0 enqueued
[71.477s][info][gc,reloc    ] GC(153) Small Pages: 4 / 8M, Empty: 0M, Relocated: 0M, In-Place: 0
[71.477s][info][gc,reloc    ] GC(153) Medium Pages: 0 / 0M, Empty: 0M, Relocated: 0M, In-Place: 0
[71.477s][info][gc,reloc    ] GC(153) Large Pages: 0 / 0M, Empty: 0M, Relocated: 0M, In-Place: 0
[71.477s][info][gc,reloc    ] GC(153) Forwarding Usage: 0M
[71.477s][info][gc,heap     ] GC(153) Min Capacity: 8192M(100%)
[71.477s][info][gc,heap     ] GC(153) Max Capacity: 8192M(100%)
[71.477s][info][gc,heap     ] GC(153) Soft Max Capacity: 8192M(100%)
[71.477s][info][gc,heap     ] GC(153)                Mark Start          Mark End        Relocate Start      Relocate End           High               Low         
[71.477s][info][gc,heap     ] GC(153)  Capacity:     8192M (100%)       8192M (100%)       8192M (100%)       8192M (100%)       8192M (100%)       8192M (100%)   
[71.477s][info][gc,heap     ] GC(153)      Free:     8184M (100%)       8184M (100%)       8184M (100%)       8186M (100%)       8186M (100%)       8178M (100%)   
[71.477s][info][gc,heap     ] GC(153)      Used:        8M (0%)            8M (0%)            8M (0%)            6M (0%)           14M (0%)            6M (0%)     
[71.477s][info][gc,heap     ] GC(153)      Live:         -                 0M (0%)            0M (0%)            0M (0%)             -                  -          
[71.477s][info][gc,heap     ] GC(153) Allocated:         -                 0M (0%)            0M (0%)            0M (0%)             -                  -          
[71.477s][info][gc,heap     ] GC(153)   Garbage:         -                 7M (0%)            7M (0%)            5M (0%)             -                  -          
[71.477s][info][gc,heap     ] GC(153) Reclaimed:         -                  -                 0M (0%)            2M (0%)             -                  -          
[71.477s][info][gc          ] GC(153) Garbage Collection (System.gc()) 8M(0%)->6M(0%)
[71.940s][info][gc,start    ] GC(154) Garbage Collection (System.gc())
[71.940s][info][gc,task     ] GC(154) Using 3 workers
[71.940s][info][gc,phases   ] GC(154) Pause Mark Start 0.013ms
[71.942s][info][gc,phases   ] GC(154) Concurrent Mark 2.132ms
[71.942s][info][gc,phases   ] GC(154) Pause Mark End 0.010ms
[71.942s][info][gc,phases   ] GC(154) Concurrent Mark Free 0.000ms
[71.943s][info][gc,phases   ] GC(154) Concurrent Process Non-Strong References 0.898ms
[71.943s][info][gc,phases   ] GC(154) Concurrent Reset Relocation Set 0.001ms
[71.947s][info][gc,phases   ] GC(154) Concurrent Select Relocation Set 3.778ms
[71.947s][info][gc,phases   ] GC(154) Pause Relocate Start 0.005ms
[71.948s][info][gc,phases   ] GC(154) Concurrent Relocate 0.598ms
[71.948s][info][gc,load     ] GC(154) Load: 1.58/1.42/1.59
[71.948s][info][gc,mmu      ] GC(154) MMU: 2ms/93.1%, 5ms/97.0%, 10ms/98.3%, 20ms/99.2%, 50ms/99.7%, 100ms/99.8%
[71.948s][info][gc,marking  ] GC(154) Mark: 2 stripe(s), 1 proactive flush(es), 1 terminate flush(es), 0 completion(s), 0 continuation(s) 
[71.948s][info][gc,marking  ] GC(154) Mark Stack Usage: 32M
[71.948s][info][gc,nmethod  ] GC(154) NMethods: 324 registered, 7 unregistered
[71.948s][info][gc,metaspace] GC(154) Metaspace: 0M used, 0M committed, 1088M reserved
[71.948s][info][gc,ref      ] GC(154) Soft: 2 encountered, 0 discovered, 0 enqueued
[71.948s][info][gc,ref      ] GC(154) Weak: 9 encountered, 0 discovered, 0 enqueued
[71.948s][info][gc,ref      ] GC(154) Final: 0 encountered, 0 discovered, 0 enqueued
[71.948s][info][gc,ref      ] GC(154) Phantom: 3 encountered, 2 discovered, 0 enqueued
[71.948s][info][gc,reloc    ] GC(154) Small Pages: 4 / 8M, Empty: 0M, Relocated: 0M, In-Place: 0
[71.948s][info][gc,reloc    ] GC(154) Medium Pages: 0 / 0M, Empty: 0M, Relocated: 0M, In-Place: 0
[71.948s][info][gc,reloc    ] GC(154) Large Pages: 0 / 0M, Empty: 0M, Relocated: 0M, In-Place: 0
[71.948s][info][gc,reloc    ] GC(154) Forwarding Usage: 0M
[71.948s][info][gc,heap     ] GC(154) Min Capacity: 8192M(100%)
[71.948s][info][gc,heap     ] GC(154) Max Capacity: 8192M(100%)
[71.948s][info][gc,heap     ] GC(154) Soft Max Capacity: 8192M(100%)
[71.948s][info][gc,heap     ] GC(154)                Mark Start          Mark End        Relocate Start      Relocate End           High               Low         
[71.948s][info][gc,heap     ] GC(154)  Capacity:     8192M (100%)       8192M (100%)       8192M (100%)       8192M (100%)       8192M (100%)       8192M (100%)   
[71.948s][info][gc,heap     ] GC(154)      Free:     8184M (100%)       8184M (100%)       8184M (100%)       8186M (100%)       8186M (100%)       8178M (100%)   
[71.948s][info][gc,heap     ] GC(154)      Used:        8M (0%)            8M (0%)            8M (0%)            6M (0%)           14M (0%)            6M (0%)     
[71.948s][info][gc,heap     ] GC(154)      Live:         -                 0M (0%)            0M (0%)            0M (0%)             -                  -          
[71.948s][info][gc,heap     ] GC(154) Allocated:         -                 0M (0%)            0M (0%)            0M (0%)             -                  -          
[71.948s][info][gc,heap     ] GC(154)   Garbage:         -                 7M (0%)            7M (0%)            5M (0%)             -                  -          
[71.948s][info][gc,heap     ] GC(154) Reclaimed:         -                  -                 0M (0%)            2M (0%)             -                  -          
[71.948s][info][gc          ] GC(154) Garbage Collection (System.gc()) 8M(0%)->6M(0%)
[72.413s][info][gc,start    ] GC(155) Garbage Collection (System.gc())
[72.413s][info][gc,task     ] GC(155) Using 3 workers
[72.413s][info][gc,phases   ] GC(155) Pause Mark Start 0.017ms
[72.417s][info][gc,phases   ] GC(155) Concurrent Mark 3.679ms
[72.417s][info][gc,phases   ] GC(155) Pause Mark End 0.012ms
[72.417s][info][gc,phases   ] GC(155) Concurrent Mark Free 0.000ms
[72.418s][info][gc,phases   ] GC(155) Concurrent Process Non-Strong References 0.935ms
[72.418s][info][gc,phases   ] GC(155) Concurrent Reset Relocation Set 0.001ms
[72.422s][info][gc,phases   ] GC(155) Concurrent Select Relocation Set 3.460ms
[72.422s][info][gc,phases   ] GC(155) Pause Relocate Start 0.005ms
[72.422s][info][gc,phases   ] GC(155) Concurrent Relocate 0.422ms
[72.422s][info][gc,load     ] GC(155) Load: 1.58/1.42/1.59
[72.422s][info][gc,mmu      ] GC(155) MMU: 2ms/93.1%, 5ms/97.0%, 10ms/98.3%, 20ms/99.2%, 50ms/99.7%, 100ms/99.8%
[72.422s][info][gc,marking  ] GC(155) Mark: 2 stripe(s), 1 proactive flush(es), 1 terminate flush(es), 0 completion(s), 0 continuation(s) 
[72.422s][info][gc,marking  ] GC(155) Mark Stack Usage: 32M
[72.422s][info][gc,nmethod  ] GC(155) NMethods: 324 registered, 7 unregistered
[72.422s][info][gc,metaspace] GC(155) Metaspace: 0M used, 0M committed, 1088M reserved
[72.422s][info][gc,ref      ] GC(155) Soft: 2 encountered, 0 discovered, 0 enqueued
[72.422s][info][gc,ref      ] GC(155) Weak: 9 encountered, 0 discovered, 0 enqueued
[72.422s][info][gc,ref      ] GC(155) Final: 0 encountered, 0 discovered, 0 enqueued
[72.422s][info][gc,ref      ] GC(155) Phantom: 3 encountered, 1 discovered, 0 enqueued
[72.422s][info][gc,reloc    ] GC(155) Small Pages: 4 / 8M, Empty: 0M, Relocated: 0M, In-Place: 0
[72.422s][info][gc,reloc    ] GC(155) Medium Pages: 0 / 0M, Empty: 0M, Relocated: 0M, In-Place: 0
[72.422s][info][gc,reloc    ] GC(155) Large Pages: 0 / 0M, Empty: 0M, Relocated: 0M, In-Place: 0
[72.422s][info][gc,reloc    ] GC(155) Forwarding Usage: 0M
[72.422s][info][gc,heap     ] GC(155) Min Capacity: 8192M(100%)
[72.422s][info][gc,heap     ] GC(155) Max Capacity: 8192M(100%)
[72.422s][info][gc,heap     ] GC(155) Soft Max Capacity: 8192M(100%)
[72.422s][info][gc,heap     ] GC(155)                Mark Start          Mark End        Relocate Start      Relocate End           High               Low         
[72.422s][info][gc,heap     ] GC(155)  Capacity:     8192M (100%)       8192M (100%)       8192M (100%)       8192M (100%)       8192M (100%)       8192M (100%)   
[72.422s][info][gc,heap     ] GC(155)      Free:     8184M (100%)       8184M (100%)       8184M (100%)       8186M (100%)       8186M (100%)       8178M (100%)   
[72.422s][info][gc,heap     ] GC(155)      Used:        8M (0%)            8M (0%)            8M (0%)            6M (0%)           14M (0%)            6M (0%)     
[72.422s][info][gc,heap     ] GC(155)      Live:         -                 0M (0%)            0M (0%)            0M (0%)             -                  -          
[72.422s][info][gc,heap     ] GC(155) Allocated:         -                 0M (0%)            0M (0%)            0M (0%)             -                  -          
[72.422s][info][gc,heap     ] GC(155)   Garbage:         -                 7M (0%)            7M (0%)            5M (0%)             -                  -          
[72.422s][info][gc,heap     ] GC(155) Reclaimed:         -                  -                 0M (0%)            2M (0%)             -                  -          
[72.422s][info][gc          ] GC(155) Garbage Collection (System.gc()) 8M(0%)->6M(0%)
[72.886s][info][gc,start    ] GC(156) Garbage Collection (System.gc())
[72.886s][info][gc,task     ] GC(156) Using 3 workers
[72.887s][info][gc,phases   ] GC(156) Pause Mark Start 0.012ms
[72.889s][info][gc,phases   ] GC(156) Concurrent Mark 2.697ms
[72.889s][info][gc,phases   ] GC(156) Pause Mark End 0.007ms
[72.889s][info][gc,phases   ] GC(156) Concurrent Mark Free 0.001ms
[72.890s][info][gc,phases   ] GC(156) Concurrent Process Non-Strong References 0.334ms
[72.890s][info][gc,phases   ] GC(156) Concurrent Reset Relocation Set 0.001ms
[72.893s][info][gc,phases   ] GC(156) Concurrent Select Relocation Set 2.777ms
[72.893s][info][gc,phases   ] GC(156) Pause Relocate Start 0.003ms
[72.893s][info][gc,phases   ] GC(156) Concurrent Relocate 0.459ms
[72.893s][info][gc,load     ] GC(156) Load: 1.58/1.42/1.59
[72.893s][info][gc,mmu      ] GC(156) MMU: 2ms/93.1%, 5ms/97.0%, 10ms/98.3%, 20ms/99.2%, 50ms/99.7%, 100ms/99.8%
[72.893s][info][gc,marking  ] GC(156) Mark: 2 stripe(s), 1 proactive flush(es), 1 terminate flush(es), 0 completion(s), 0 continuation(s) 
[72.893s][info][gc,marking  ] GC(156) Mark Stack Usage: 32M
[72.893s][info][gc,nmethod  ] GC(156) NMethods: 324 registered, 7 unregistered
[72.893s][info][gc,metaspace] GC(156) Metaspace: 0M used, 0M committed, 1088M reserved
[72.893s][info][gc,ref      ] GC(156) Soft: 2 encountered, 0 discovered, 0 enqueued
[72.893s][info][gc,ref      ] GC(156) Weak: 9 encountered, 0 discovered, 0 enqueued
[72.893s][info][gc,ref      ] GC(156) Final: 0 encountered, 0 discovered, 0 enqueued
[72.893s][info][gc,ref      ] GC(156) Phantom: 3 encountered, 2 discovered, 0 enqueued
[72.893s][info][gc,reloc    ] GC(156) Small Pages: 4 / 8M, Empty: 0M, Relocated: 0M, In-Place: 0
[72.893s][info][gc,reloc    ] GC(156) Medium Pages: 0 / 0M, Empty: 0M, Relocated: 0M, In-Place: 0
[72.893s][info][gc,reloc    ] GC(156) Large Pages: 0 / 0M, Empty: 0M, Relocated: 0M, In-Place: 0
[72.893s][info][gc,reloc    ] GC(156) Forwarding Usage: 0M
[72.893s][info][gc,heap     ] GC(156) Min Capacity: 8192M(100%)
[72.893s][info][gc,heap     ] GC(156) Max Capacity: 8192M(100%)
[72.893s][info][gc,heap     ] GC(156) Soft Max Capacity: 8192M(100%)
[72.893s][info][gc,heap     ] GC(156)                Mark Start          Mark End        Relocate Start      Relocate End           High               Low         
[72.893s][info][gc,heap     ] GC(156)  Capacity:     8192M (100%)       8192M (100%)       8192M (100%)       8192M (100%)       8192M (100%)       8192M (100%)   
[72.893s][info][gc,heap     ] GC(156)      Free:     8184M (100%)       8184M (100%)       8184M (100%)       8186M (100%)       8186M (100%)       8178M (100%)   
[72.893s][info][gc,heap     ] GC(156)      Used:        8M (0%)            8M (0%)            8M (0%)            6M (0%)           14M (0%)            6M (0%)     
[72.893s][info][gc,heap     ] GC(156)      Live:         -                 0M (0%)            0M (0%)            0M (0%)             -                  -          
[72.893s][info][gc,heap     ] GC(156) Allocated:         -                 0M (0%)            0M (0%)            0M (0%)             -                  -          
[72.893s][info][gc,heap     ] GC(156)   Garbage:         -                 7M (0%)            7M (0%)            5M (0%)             -                  -          
[72.893s][info][gc,heap     ] GC(156) Reclaimed:         -                  -                 0M (0%)            2M (0%)             -                  -          
[72.893s][info][gc          ] GC(156) Garbage Collection (System.gc()) 8M(0%)->6M(0%)
[73.349s][info][gc,start    ] GC(157) Garbage Collection (System.gc())
[73.349s][info][gc,task     ] GC(157) Using 3 workers
[73.349s][info][gc,phases   ] GC(157) Pause Mark Start 0.014ms
[73.363s][info][gc,phases   ] GC(157) Concurrent Mark 13.377ms
[73.363s][info][gc,phases   ] GC(157) Pause Mark End 0.032ms
[73.363s][info][gc,phases   ] GC(157) Concurrent Mark Free 0.001ms
[73.364s][info][gc,phases   ] GC(157) Concurrent Process Non-Strong References 0.659ms
[73.364s][info][gc,phases   ] GC(157) Concurrent Reset Relocation Set 0.005ms
[73.368s][info][gc,phases   ] GC(157) Concurrent Select Relocation Set 3.900ms
[73.368s][info][gc,phases   ] GC(157) Pause Relocate Start 0.011ms
[73.368s][info][gc,phases   ] GC(157) Concurrent Relocate 0.522ms
[73.369s][info][gc,load     ] GC(157) Load: 1.58/1.42/1.59
[73.369s][info][gc,mmu      ] GC(157) MMU: 2ms/93.1%, 5ms/97.0%, 10ms/98.3%, 20ms/99.2%, 50ms/99.7%, 100ms/99.8%
[73.369s][info][gc,marking  ] GC(157) Mark: 2 stripe(s), 1 proactive flush(es), 1 terminate flush(es), 0 completion(s), 0 continuation(s) 
[73.369s][info][gc,marking  ] GC(157) Mark Stack Usage: 32M
[73.369s][info][gc,nmethod  ] GC(157) NMethods: 324 registered, 7 unregistered
[73.369s][info][gc,metaspace] GC(157) Metaspace: 0M used, 0M committed, 1088M reserved
[73.369s][info][gc,ref      ] GC(157) Soft: 2 encountered, 0 discovered, 0 enqueued
[73.369s][info][gc,ref      ] GC(157) Weak: 9 encountered, 0 discovered, 0 enqueued
[73.369s][info][gc,ref      ] GC(157) Final: 0 encountered, 0 discovered, 0 enqueued
[73.369s][info][gc,ref      ] GC(157) Phantom: 3 encountered, 1 discovered, 0 enqueued
[73.369s][info][gc,reloc    ] GC(157) Small Pages: 4 / 8M, Empty: 0M, Relocated: 0M, In-Place: 0
[73.369s][info][gc,reloc    ] GC(157) Medium Pages: 0 / 0M, Empty: 0M, Relocated: 0M, In-Place: 0
[73.369s][info][gc,reloc    ] GC(157) Large Pages: 0 / 0M, Empty: 0M, Relocated: 0M, In-Place: 0
[73.369s][info][gc,reloc    ] GC(157) Forwarding Usage: 0M
[73.369s][info][gc,heap     ] GC(157) Min Capacity: 8192M(100%)
[73.369s][info][gc,heap     ] GC(157) Max Capacity: 8192M(100%)
[73.369s][info][gc,heap     ] GC(157) Soft Max Capacity: 8192M(100%)
[73.369s][info][gc,heap     ] GC(157)                Mark Start          Mark End        Relocate Start      Relocate End           High               Low         
[73.369s][info][gc,heap     ] GC(157)  Capacity:     8192M (100%)       8192M (100%)       8192M (100%)       8192M (100%)       8192M (100%)       8192M (100%)   
[73.369s][info][gc,heap     ] GC(157)      Free:     8184M (100%)       8184M (100%)       8184M (100%)       8186M (100%)       8186M (100%)       8180M (100%)   
[73.369s][info][gc,heap     ] GC(157)      Used:        8M (0%)            8M (0%)            8M (0%)            6M (0%)           12M (0%)            6M (0%)     
[73.369s][info][gc,heap     ] GC(157)      Live:         -                 0M (0%)            0M (0%)            0M (0%)             -                  -          
[73.369s][info][gc,heap     ] GC(157) Allocated:         -                 0M (0%)            0M (0%)            0M (0%)             -                  -          
[73.369s][info][gc,heap     ] GC(157)   Garbage:         -                 7M (0%)            7M (0%)            5M (0%)             -                  -          
[73.369s][info][gc,heap     ] GC(157) Reclaimed:         -                  -                 0M (0%)            2M (0%)             -                  -          
[73.369s][info][gc          ] GC(157) Garbage Collection (System.gc()) 8M(0%)->6M(0%)
[73.826s][info][gc,start    ] GC(158) Garbage Collection (System.gc())
[73.826s][info][gc,task     ] GC(158) Using 3 workers
[73.826s][info][gc,phases   ] GC(158) Pause Mark Start 0.013ms
[73.838s][info][gc,phases   ] GC(158) Concurrent Mark 11.303ms
[73.838s][info][gc,phases   ] GC(158) Pause Mark End 0.020ms
[73.838s][info][gc,phases   ] GC(158) Concurrent Mark Free 0.001ms
[73.839s][info][gc,phases   ] GC(158) Concurrent Process Non-Strong References 1.048ms
[73.839s][info][gc,phases   ] GC(158) Concurrent Reset Relocation Set 0.002ms
[73.843s][info][gc,phases   ] GC(158) Concurrent Select Relocation Set 3.655ms
[73.843s][info][gc,phases   ] GC(158) Pause Relocate Start 0.009ms
[73.843s][info][gc,phases   ] GC(158) Concurrent Relocate 0.554ms
[73.843s][info][gc,load     ] GC(158) Load: 1.58/1.42/1.59
[73.843s][info][gc,mmu      ] GC(158) MMU: 2ms/93.1%, 5ms/97.0%, 10ms/98.3%, 20ms/99.2%, 50ms/99.7%, 100ms/99.8%
[73.843s][info][gc,marking  ] GC(158) Mark: 2 stripe(s), 1 proactive flush(es), 1 terminate flush(es), 0 completion(s), 0 continuation(s) 
[73.843s][info][gc,marking  ] GC(158) Mark Stack Usage: 32M
[73.843s][info][gc,nmethod  ] GC(158) NMethods: 324 registered, 7 unregistered
[73.843s][info][gc,metaspace] GC(158) Metaspace: 0M used, 0M committed, 1088M reserved
[73.843s][info][gc,ref      ] GC(158) Soft: 2 encountered, 0 discovered, 0 enqueued
[73.843s][info][gc,ref      ] GC(158) Weak: 9 encountered, 0 discovered, 0 enqueued
[73.843s][info][gc,ref      ] GC(158) Final: 0 encountered, 0 discovered, 0 enqueued
[73.843s][info][gc,ref      ] GC(158) Phantom: 3 encountered, 2 discovered, 0 enqueued
[73.843s][info][gc,reloc    ] GC(158) Small Pages: 4 / 8M, Empty: 0M, Relocated: 0M, In-Place: 0
[73.843s][info][gc,reloc    ] GC(158) Medium Pages: 0 / 0M, Empty: 0M, Relocated: 0M, In-Place: 0
[73.843s][info][gc,reloc    ] GC(158) Large Pages: 0 / 0M, Empty: 0M, Relocated: 0M, In-Place: 0
[73.843s][info][gc,reloc    ] GC(158) Forwarding Usage: 0M
[73.843s][info][gc,heap     ] GC(158) Min Capacity: 8192M(100%)
[73.843s][info][gc,heap     ] GC(158) Max Capacity: 8192M(100%)
[73.843s][info][gc,heap     ] GC(158) Soft Max Capacity: 8192M(100%)
[73.843s][info][gc,heap     ] GC(158)                Mark Start          Mark End        Relocate Start      Relocate End           High               Low         
[73.844s][info][gc,heap     ] GC(158)  Capacity:     8192M (100%)       8192M (100%)       8192M (100%)       8192M (100%)       8192M (100%)       8192M (100%)   
[73.844s][info][gc,heap     ] GC(158)      Free:     8184M (100%)       8184M (100%)       8184M (100%)       8186M (100%)       8186M (100%)       8178M (100%)   
[73.844s][info][gc,heap     ] GC(158)      Used:        8M (0%)            8M (0%)            8M (0%)            6M (0%)           14M (0%)            6M (0%)     
[73.844s][info][gc,heap     ] GC(158)      Live:         -                 0M (0%)            0M (0%)            0M (0%)             -                  -          
[73.844s][info][gc,heap     ] GC(158) Allocated:         -                 0M (0%)            0M (0%)            0M (0%)             -                  -          
[73.844s][info][gc,heap     ] GC(158)   Garbage:         -                 7M (0%)            7M (0%)            5M (0%)             -                  -          
[73.844s][info][gc,heap     ] GC(158) Reclaimed:         -                  -                 0M (0%)            2M (0%)             -                  -          
[73.844s][info][gc          ] GC(158) Garbage Collection (System.gc()) 8M(0%)->6M(0%)
[74.303s][info][gc,start    ] GC(159) Garbage Collection (System.gc())
[74.304s][info][gc,task     ] GC(159) Using 3 workers
[74.304s][info][gc,phases   ] GC(159) Pause Mark Start 0.008ms
[74.306s][info][gc,phases   ] GC(159) Concurrent Mark 2.428ms
[74.306s][info][gc,phases   ] GC(159) Pause Mark End 0.013ms
[74.306s][info][gc,phases   ] GC(159) Concurrent Mark Free 0.000ms
[74.307s][info][gc,phases   ] GC(159) Concurrent Process Non-Strong References 0.365ms
[74.307s][info][gc,phases   ] GC(159) Concurrent Reset Relocation Set 0.001ms
[74.310s][info][gc,phases   ] GC(159) Concurrent Select Relocation Set 3.847ms
[74.311s][info][gc,phases   ] GC(159) Pause Relocate Start 0.007ms
[74.312s][info][gc,phases   ] GC(159) Concurrent Relocate 0.908ms
[74.312s][info][gc,load     ] GC(159) Load: 1.58/1.42/1.59
[74.312s][info][gc,mmu      ] GC(159) MMU: 2ms/93.1%, 5ms/97.0%, 10ms/98.3%, 20ms/99.2%, 50ms/99.7%, 100ms/99.8%
[74.312s][info][gc,marking  ] GC(159) Mark: 2 stripe(s), 1 proactive flush(es), 1 terminate flush(es), 0 completion(s), 0 continuation(s) 
[74.312s][info][gc,marking  ] GC(159) Mark Stack Usage: 32M
[74.312s][info][gc,nmethod  ] GC(159) NMethods: 324 registered, 7 unregistered
[74.312s][info][gc,metaspace] GC(159) Metaspace: 0M used, 0M committed, 1088M reserved
[74.312s][info][gc,ref      ] GC(159) Soft: 2 encountered, 0 discovered, 0 enqueued
[74.312s][info][gc,ref      ] GC(159) Weak: 9 encountered, 0 discovered, 0 enqueued
[74.312s][info][gc,ref      ] GC(159) Final: 0 encountered, 0 discovered, 0 enqueued
[74.312s][info][gc,ref      ] GC(159) Phantom: 3 encountered, 2 discovered, 0 enqueued
[74.312s][info][gc,reloc    ] GC(159) Small Pages: 4 / 8M, Empty: 0M, Relocated: 0M, In-Place: 0
[74.312s][info][gc,reloc    ] GC(159) Medium Pages: 0 / 0M, Empty: 0M, Relocated: 0M, In-Place: 0
[74.312s][info][gc,reloc    ] GC(159) Large Pages: 0 / 0M, Empty: 0M, Relocated: 0M, In-Place: 0
[74.312s][info][gc,reloc    ] GC(159) Forwarding Usage: 0M
[74.312s][info][gc,heap     ] GC(159) Min Capacity: 8192M(100%)
[74.312s][info][gc,heap     ] GC(159) Max Capacity: 8192M(100%)
[74.312s][info][gc,heap     ] GC(159) Soft Max Capacity: 8192M(100%)
[74.312s][info][gc,heap     ] GC(159)                Mark Start          Mark End        Relocate Start      Relocate End           High               Low         
[74.312s][info][gc,heap     ] GC(159)  Capacity:     8192M (100%)       8192M (100%)       8192M (100%)       8192M (100%)       8192M (100%)       8192M (100%)   
[74.312s][info][gc,heap     ] GC(159)      Free:     8184M (100%)       8184M (100%)       8184M (100%)       8186M (100%)       8186M (100%)       8178M (100%)   
[74.312s][info][gc,heap     ] GC(159)      Used:        8M (0%)            8M (0%)            8M (0%)            6M (0%)           14M (0%)            6M (0%)     
[74.312s][info][gc,heap     ] GC(159)      Live:         -                 0M (0%)            0M (0%)            0M (0%)             -                  -          
[74.312s][info][gc,heap     ] GC(159) Allocated:         -                 0M (0%)            0M (0%)            0M (0%)             -                  -          
[74.312s][info][gc,heap     ] GC(159)   Garbage:         -                 7M (0%)            7M (0%)            5M (0%)             -                  -          
[74.312s][info][gc,heap     ] GC(159) Reclaimed:         -                  -                 0M (0%)            2M (0%)             -                  -          
[74.312s][info][gc          ] GC(159) Garbage Collection (System.gc()) 8M(0%)->6M(0%)
[74.770s][info][gc,start    ] GC(160) Garbage Collection (System.gc())
[74.770s][info][gc,task     ] GC(160) Using 3 workers
[74.770s][info][gc,phases   ] GC(160) Pause Mark Start 0.017ms
[74.782s][info][gc,phases   ] GC(160) Concurrent Mark 11.197ms
[74.782s][info][gc,phases   ] GC(160) Pause Mark End 0.013ms
[74.782s][info][gc,phases   ] GC(160) Concurrent Mark Free 0.000ms
[74.783s][info][gc,phases   ] GC(160) Concurrent Process Non-Strong References 1.026ms
[74.783s][info][gc,phases   ] GC(160) Concurrent Reset Relocation Set 0.001ms
[74.786s][info][gc,phases   ] GC(160) Concurrent Select Relocation Set 3.217ms
[74.786s][info][gc,phases   ] GC(160) Pause Relocate Start 0.004ms
[74.786s][info][gc,phases   ] GC(160) Concurrent Relocate 0.452ms
[74.786s][info][gc,load     ] GC(160) Load: 1.58/1.42/1.59
[74.786s][info][gc,mmu      ] GC(160) MMU: 2ms/93.1%, 5ms/97.0%, 10ms/98.3%, 20ms/99.2%, 50ms/99.7%, 100ms/99.8%
[74.786s][info][gc,marking  ] GC(160) Mark: 2 stripe(s), 1 proactive flush(es), 1 terminate flush(es), 0 completion(s), 0 continuation(s) 
[74.786s][info][gc,marking  ] GC(160) Mark Stack Usage: 32M
[74.786s][info][gc,nmethod  ] GC(160) NMethods: 324 registered, 7 unregistered
[74.786s][info][gc,metaspace] GC(160) Metaspace: 0M used, 0M committed, 1088M reserved
[74.786s][info][gc,ref      ] GC(160) Soft: 2 encountered, 0 discovered, 0 enqueued
[74.787s][info][gc,ref      ] GC(160) Weak: 9 encountered, 0 discovered, 0 enqueued
[74.787s][info][gc,ref      ] GC(160) Final: 0 encountered, 0 discovered, 0 enqueued
[74.787s][info][gc,ref      ] GC(160) Phantom: 3 encountered, 1 discovered, 0 enqueued
[74.787s][info][gc,reloc    ] GC(160) Small Pages: 4 / 8M, Empty: 0M, Relocated: 0M, In-Place: 0
[74.787s][info][gc,reloc    ] GC(160) Medium Pages: 0 / 0M, Empty: 0M, Relocated: 0M, In-Place: 0
[74.787s][info][gc,reloc    ] GC(160) Large Pages: 0 / 0M, Empty: 0M, Relocated: 0M, In-Place: 0
[74.787s][info][gc,reloc    ] GC(160) Forwarding Usage: 0M
[74.787s][info][gc,heap     ] GC(160) Min Capacity: 8192M(100%)
[74.787s][info][gc,heap     ] GC(160) Max Capacity: 8192M(100%)
[74.787s][info][gc,heap     ] GC(160) Soft Max Capacity: 8192M(100%)
[74.787s][info][gc,heap     ] GC(160)                Mark Start          Mark End        Relocate Start      Relocate End           High               Low         
[74.787s][info][gc,heap     ] GC(160)  Capacity:     8192M (100%)       8192M (100%)       8192M (100%)       8192M (100%)       8192M (100%)       8192M (100%)   
[74.787s][info][gc,heap     ] GC(160)      Free:     8184M (100%)       8184M (100%)       8184M (100%)       8186M (100%)       8186M (100%)       8180M (100%)   
[74.787s][info][gc,heap     ] GC(160)      Used:        8M (0%)            8M (0%)            8M (0%)            6M (0%)           12M (0%)            6M (0%)     
[74.787s][info][gc,heap     ] GC(160)      Live:         -                 0M (0%)            0M (0%)            0M (0%)             -                  -          
[74.787s][info][gc,heap     ] GC(160) Allocated:         -                 0M (0%)            0M (0%)            0M (0%)             -                  -          
[74.787s][info][gc,heap     ] GC(160)   Garbage:         -                 7M (0%)            7M (0%)            5M (0%)             -                  -          
[74.787s][info][gc,heap     ] GC(160) Reclaimed:         -                  -                 0M (0%)            2M (0%)             -                  -          
[74.787s][info][gc          ] GC(160) Garbage Collection (System.gc()) 8M(0%)->6M(0%)
[75.254s][info][gc,start    ] GC(161) Garbage Collection (System.gc())
[75.254s][info][gc,task     ] GC(161) Using 3 workers
[75.254s][info][gc,phases   ] GC(161) Pause Mark Start 0.015ms
[75.256s][info][gc,phases   ] GC(161) Concurrent Mark 2.064ms
[75.256s][info][gc,phases   ] GC(161) Pause Mark End 0.011ms
[75.256s][info][gc,phases   ] GC(161) Concurrent Mark Free 0.000ms
[75.257s][info][gc,phases   ] GC(161) Concurrent Process Non-Strong References 0.984ms
[75.257s][info][gc,phases   ] GC(161) Concurrent Reset Relocation Set 0.001ms
[75.262s][info][gc,phases   ] GC(161) Concurrent Select Relocation Set 4.606ms
[75.262s][info][gc,phases   ] GC(161) Pause Relocate Start 0.006ms
[75.263s][info][gc,phases   ] GC(161) Concurrent Relocate 0.684ms
[75.263s][info][gc,load     ] GC(161) Load: 1.46/1.39/1.58
[75.263s][info][gc,mmu      ] GC(161) MMU: 2ms/93.1%, 5ms/97.0%, 10ms/98.3%, 20ms/99.2%, 50ms/99.7%, 100ms/99.8%
[75.263s][info][gc,marking  ] GC(161) Mark: 2 stripe(s), 1 proactive flush(es), 1 terminate flush(es), 0 completion(s), 0 continuation(s) 
[75.263s][info][gc,marking  ] GC(161) Mark Stack Usage: 32M
[75.263s][info][gc,nmethod  ] GC(161) NMethods: 324 registered, 7 unregistered
[75.263s][info][gc,metaspace] GC(161) Metaspace: 0M used, 0M committed, 1088M reserved
[75.263s][info][gc,ref      ] GC(161) Soft: 2 encountered, 0 discovered, 0 enqueued
[75.263s][info][gc,ref      ] GC(161) Weak: 9 encountered, 0 discovered, 0 enqueued
[75.263s][info][gc,ref      ] GC(161) Final: 0 encountered, 0 discovered, 0 enqueued
[75.263s][info][gc,ref      ] GC(161) Phantom: 3 encountered, 2 discovered, 0 enqueued
[75.263s][info][gc,reloc    ] GC(161) Small Pages: 4 / 8M, Empty: 0M, Relocated: 0M, In-Place: 0
[75.263s][info][gc,reloc    ] GC(161) Medium Pages: 0 / 0M, Empty: 0M, Relocated: 0M, In-Place: 0
[75.263s][info][gc,reloc    ] GC(161) Large Pages: 0 / 0M, Empty: 0M, Relocated: 0M, In-Place: 0
[75.263s][info][gc,reloc    ] GC(161) Forwarding Usage: 0M
[75.263s][info][gc,heap     ] GC(161) Min Capacity: 8192M(100%)
[75.263s][info][gc,heap     ] GC(161) Max Capacity: 8192M(100%)
[75.263s][info][gc,heap     ] GC(161) Soft Max Capacity: 8192M(100%)
[75.263s][info][gc,heap     ] GC(161)                Mark Start          Mark End        Relocate Start      Relocate End           High               Low         
[75.263s][info][gc,heap     ] GC(161)  Capacity:     8192M (100%)       8192M (100%)       8192M (100%)       8192M (100%)       8192M (100%)       8192M (100%)   
[75.263s][info][gc,heap     ] GC(161)      Free:     8184M (100%)       8184M (100%)       8184M (100%)       8186M (100%)       8186M (100%)       8180M (100%)   
[75.263s][info][gc,heap     ] GC(161)      Used:        8M (0%)            8M (0%)            8M (0%)            6M (0%)           12M (0%)            6M (0%)     
[75.263s][info][gc,heap     ] GC(161)      Live:         -                 0M (0%)            0M (0%)            0M (0%)             -                  -          
[75.263s][info][gc,heap     ] GC(161) Allocated:         -                 0M (0%)            0M (0%)            0M (0%)             -                  -          
[75.263s][info][gc,heap     ] GC(161)   Garbage:         -                 7M (0%)            7M (0%)            5M (0%)             -                  -          
[75.263s][info][gc,heap     ] GC(161) Reclaimed:         -                  -                 0M (0%)            2M (0%)             -                  -          
[75.263s][info][gc          ] GC(161) Garbage Collection (System.gc()) 8M(0%)->6M(0%)
[75.718s][info][gc,start    ] GC(162) Garbage Collection (System.gc())
[75.718s][info][gc,task     ] GC(162) Using 3 workers
[75.718s][info][gc,phases   ] GC(162) Pause Mark Start 0.010ms
[75.731s][info][gc,phases   ] GC(162) Concurrent Mark 11.177ms
[75.731s][info][gc,phases   ] GC(162) Pause Mark End 0.011ms
[75.731s][info][gc,phases   ] GC(162) Concurrent Mark Free 0.000ms
[75.732s][info][gc,phases   ] GC(162) Concurrent Process Non-Strong References 0.920ms
[75.732s][info][gc,phases   ] GC(162) Concurrent Reset Relocation Set 0.001ms
[75.736s][info][gc,phases   ] GC(162) Concurrent Select Relocation Set 3.348ms
[75.736s][info][gc,phases   ] GC(162) Pause Relocate Start 0.003ms
[75.736s][info][gc,phases   ] GC(162) Concurrent Relocate 0.579ms
[75.736s][info][gc,load     ] GC(162) Load: 1.46/1.39/1.58
[75.736s][info][gc,mmu      ] GC(162) MMU: 2ms/93.1%, 5ms/97.0%, 10ms/98.3%, 20ms/99.2%, 50ms/99.7%, 100ms/99.8%
[75.736s][info][gc,marking  ] GC(162) Mark: 2 stripe(s), 1 proactive flush(es), 1 terminate flush(es), 0 completion(s), 0 continuation(s) 
[75.736s][info][gc,marking  ] GC(162) Mark Stack Usage: 32M
[75.736s][info][gc,nmethod  ] GC(162) NMethods: 324 registered, 7 unregistered
[75.736s][info][gc,metaspace] GC(162) Metaspace: 0M used, 0M committed, 1088M reserved
[75.736s][info][gc,ref      ] GC(162) Soft: 2 encountered, 0 discovered, 0 enqueued
[75.736s][info][gc,ref      ] GC(162) Weak: 9 encountered, 0 discovered, 0 enqueued
[75.736s][info][gc,ref      ] GC(162) Final: 0 encountered, 0 discovered, 0 enqueued
[75.737s][info][gc,ref      ] GC(162) Phantom: 3 encountered, 2 discovered, 0 enqueued
[75.737s][info][gc,reloc    ] GC(162) Small Pages: 4 / 8M, Empty: 2M, Relocated: 0M, In-Place: 0
[75.737s][info][gc,reloc    ] GC(162) Medium Pages: 0 / 0M, Empty: 0M, Relocated: 0M, In-Place: 0
[75.737s][info][gc,reloc    ] GC(162) Large Pages: 0 / 0M, Empty: 0M, Relocated: 0M, In-Place: 0
[75.737s][info][gc,reloc    ] GC(162) Forwarding Usage: 0M
[75.737s][info][gc,heap     ] GC(162) Min Capacity: 8192M(100%)
[75.737s][info][gc,heap     ] GC(162) Max Capacity: 8192M(100%)
[75.737s][info][gc,heap     ] GC(162) Soft Max Capacity: 8192M(100%)
[75.737s][info][gc,heap     ] GC(162)                Mark Start          Mark End        Relocate Start      Relocate End           High               Low         
[75.737s][info][gc,heap     ] GC(162)  Capacity:     8192M (100%)       8192M (100%)       8192M (100%)       8192M (100%)       8192M (100%)       8192M (100%)   
[75.737s][info][gc,heap     ] GC(162)      Free:     8184M (100%)       8184M (100%)       8186M (100%)       8186M (100%)       8186M (100%)       8180M (100%)   
[75.737s][info][gc,heap     ] GC(162)      Used:        8M (0%)            8M (0%)            6M (0%)            6M (0%)           12M (0%)            6M (0%)     
[75.737s][info][gc,heap     ] GC(162)      Live:         -                 0M (0%)            0M (0%)            0M (0%)             -                  -          
[75.737s][info][gc,heap     ] GC(162) Allocated:         -                 0M (0%)            0M (0%)            0M (0%)             -                  -          
[75.737s][info][gc,heap     ] GC(162)   Garbage:         -                 7M (0%)            5M (0%)            5M (0%)             -                  -          
[75.737s][info][gc,heap     ] GC(162) Reclaimed:         -                  -                 2M (0%)            2M (0%)             -                  -          
[75.737s][info][gc          ] GC(162) Garbage Collection (System.gc()) 8M(0%)->6M(0%)
[76.191s][info][gc,start    ] GC(163) Garbage Collection (System.gc())
[76.191s][info][gc,task     ] GC(163) Using 3 workers
[76.192s][info][gc,phases   ] GC(163) Pause Mark Start 0.015ms
[76.204s][info][gc,phases   ] GC(163) Concurrent Mark 12.078ms
[76.204s][info][gc,phases   ] GC(163) Pause Mark End 0.026ms
[76.204s][info][gc,phases   ] GC(163) Concurrent Mark Free 0.000ms
[76.206s][info][gc,phases   ] GC(163) Concurrent Process Non-Strong References 1.705ms
[76.206s][info][gc,phases   ] GC(163) Concurrent Reset Relocation Set 0.001ms
[76.210s][info][gc,phases   ] GC(163) Concurrent Select Relocation Set 4.253ms
[76.210s][info][gc,phases   ] GC(163) Pause Relocate Start 0.007ms
[76.211s][info][gc,phases   ] GC(163) Concurrent Relocate 0.693ms
[76.211s][info][gc,load     ] GC(163) Load: 1.46/1.39/1.58
[76.211s][info][gc,mmu      ] GC(163) MMU: 2ms/93.1%, 5ms/97.0%, 10ms/98.3%, 20ms/99.2%, 50ms/99.7%, 100ms/99.8%
[76.211s][info][gc,marking  ] GC(163) Mark: 2 stripe(s), 1 proactive flush(es), 1 terminate flush(es), 0 completion(s), 0 continuation(s) 
[76.211s][info][gc,marking  ] GC(163) Mark Stack Usage: 32M
[76.211s][info][gc,nmethod  ] GC(163) NMethods: 324 registered, 7 unregistered
[76.211s][info][gc,metaspace] GC(163) Metaspace: 0M used, 0M committed, 1088M reserved
[76.211s][info][gc,ref      ] GC(163) Soft: 2 encountered, 0 discovered, 0 enqueued
[76.211s][info][gc,ref      ] GC(163) Weak: 9 encountered, 0 discovered, 0 enqueued
[76.211s][info][gc,ref      ] GC(163) Final: 0 encountered, 0 discovered, 0 enqueued
[76.211s][info][gc,ref      ] GC(163) Phantom: 3 encountered, 2 discovered, 0 enqueued
[76.211s][info][gc,reloc    ] GC(163) Small Pages: 4 / 8M, Empty: 0M, Relocated: 0M, In-Place: 0
[76.211s][info][gc,reloc    ] GC(163) Medium Pages: 0 / 0M, Empty: 0M, Relocated: 0M, In-Place: 0
[76.211s][info][gc,reloc    ] GC(163) Large Pages: 0 / 0M, Empty: 0M, Relocated: 0M, In-Place: 0
[76.211s][info][gc,reloc    ] GC(163) Forwarding Usage: 0M
[76.211s][info][gc,heap     ] GC(163) Min Capacity: 8192M(100%)
[76.211s][info][gc,heap     ] GC(163) Max Capacity: 8192M(100%)
[76.211s][info][gc,heap     ] GC(163) Soft Max Capacity: 8192M(100%)
[76.211s][info][gc,heap     ] GC(163)                Mark Start          Mark End        Relocate Start      Relocate End           High               Low         
[76.211s][info][gc,heap     ] GC(163)  Capacity:     8192M (100%)       8192M (100%)       8192M (100%)       8192M (100%)       8192M (100%)       8192M (100%)   
[76.211s][info][gc,heap     ] GC(163)      Free:     8184M (100%)       8184M (100%)       8184M (100%)       8186M (100%)       8186M (100%)       8180M (100%)   
[76.211s][info][gc,heap     ] GC(163)      Used:        8M (0%)            8M (0%)            8M (0%)            6M (0%)           12M (0%)            6M (0%)     
[76.212s][info][gc,heap     ] GC(163)      Live:         -                 0M (0%)            0M (0%)            0M (0%)             -                  -          
[76.212s][info][gc,heap     ] GC(163) Allocated:         -                 0M (0%)            0M (0%)            0M (0%)             -                  -          
[76.212s][info][gc,heap     ] GC(163)   Garbage:         -                 7M (0%)            7M (0%)            5M (0%)             -                  -          
[76.212s][info][gc,heap     ] GC(163) Reclaimed:         -                  -                 0M (0%)            2M (0%)             -                  -          
[76.212s][info][gc          ] GC(163) Garbage Collection (System.gc()) 8M(0%)->6M(0%)
[76.668s][info][gc,start    ] GC(164) Garbage Collection (System.gc())
[76.668s][info][gc,task     ] GC(164) Using 3 workers
[76.668s][info][gc,phases   ] GC(164) Pause Mark Start 0.012ms
[76.680s][info][gc,phases   ] GC(164) Concurrent Mark 11.697ms
[76.680s][info][gc,phases   ] GC(164) Pause Mark End 0.022ms
[76.680s][info][gc,phases   ] GC(164) Concurrent Mark Free 0.001ms
[76.681s][info][gc,phases   ] GC(164) Concurrent Process Non-Strong References 1.090ms
[76.681s][info][gc,phases   ] GC(164) Concurrent Reset Relocation Set 0.001ms
[76.684s][info][gc,phases   ] GC(164) Concurrent Select Relocation Set 2.991ms
[76.684s][info][gc,phases   ] GC(164) Pause Relocate Start 0.008ms
[76.685s][info][gc,phases   ] GC(164) Concurrent Relocate 0.626ms
[76.685s][info][gc,load     ] GC(164) Load: 1.46/1.39/1.58
[76.685s][info][gc,mmu      ] GC(164) MMU: 2ms/93.1%, 5ms/97.0%, 10ms/98.3%, 20ms/99.2%, 50ms/99.7%, 100ms/99.8%
[76.685s][info][gc,marking  ] GC(164) Mark: 2 stripe(s), 1 proactive flush(es), 1 terminate flush(es), 0 completion(s), 0 continuation(s) 
[76.685s][info][gc,marking  ] GC(164) Mark Stack Usage: 32M
[76.685s][info][gc,nmethod  ] GC(164) NMethods: 324 registered, 7 unregistered
[76.685s][info][gc,metaspace] GC(164) Metaspace: 0M used, 0M committed, 1088M reserved
[76.685s][info][gc,ref      ] GC(164) Soft: 2 encountered, 0 discovered, 0 enqueued
[76.685s][info][gc,ref      ] GC(164) Weak: 9 encountered, 0 discovered, 0 enqueued
[76.685s][info][gc,ref      ] GC(164) Final: 0 encountered, 0 discovered, 0 enqueued
[76.685s][info][gc,ref      ] GC(164) Phantom: 3 encountered, 2 discovered, 0 enqueued
[76.685s][info][gc,reloc    ] GC(164) Small Pages: 4 / 8M, Empty: 0M, Relocated: 0M, In-Place: 0
[76.685s][info][gc,reloc    ] GC(164) Medium Pages: 0 / 0M, Empty: 0M, Relocated: 0M, In-Place: 0
[76.685s][info][gc,reloc    ] GC(164) Large Pages: 0 / 0M, Empty: 0M, Relocated: 0M, In-Place: 0
[76.685s][info][gc,reloc    ] GC(164) Forwarding Usage: 0M
[76.685s][info][gc,heap     ] GC(164) Min Capacity: 8192M(100%)
[76.685s][info][gc,heap     ] GC(164) Max Capacity: 8192M(100%)
[76.685s][info][gc,heap     ] GC(164) Soft Max Capacity: 8192M(100%)
[76.685s][info][gc,heap     ] GC(164)                Mark Start          Mark End        Relocate Start      Relocate End           High               Low         
[76.685s][info][gc,heap     ] GC(164)  Capacity:     8192M (100%)       8192M (100%)       8192M (100%)       8192M (100%)       8192M (100%)       8192M (100%)   
[76.685s][info][gc,heap     ] GC(164)      Free:     8184M (100%)       8184M (100%)       8184M (100%)       8186M (100%)       8186M (100%)       8180M (100%)   
[76.685s][info][gc,heap     ] GC(164)      Used:        8M (0%)            8M (0%)            8M (0%)            6M (0%)           12M (0%)            6M (0%)     
[76.685s][info][gc,heap     ] GC(164)      Live:         -                 0M (0%)            0M (0%)            0M (0%)             -                  -          
[76.685s][info][gc,heap     ] GC(164) Allocated:         -                 0M (0%)            0M (0%)            0M (0%)             -                  -          
[76.685s][info][gc,heap     ] GC(164)   Garbage:         -                 7M (0%)            7M (0%)            5M (0%)             -                  -          
[76.685s][info][gc,heap     ] GC(164) Reclaimed:         -                  -                 0M (0%)            2M (0%)             -                  -          
[76.685s][info][gc          ] GC(164) Garbage Collection (System.gc()) 8M(0%)->6M(0%)
[77.148s][info][gc,start    ] GC(165) Garbage Collection (System.gc())
[77.148s][info][gc,task     ] GC(165) Using 3 workers
[77.148s][info][gc,phases   ] GC(165) Pause Mark Start 0.009ms
[77.150s][info][gc,phases   ] GC(165) Concurrent Mark 1.913ms
[77.150s][info][gc,phases   ] GC(165) Pause Mark End 0.008ms
[77.150s][info][gc,phases   ] GC(165) Concurrent Mark Free 0.000ms
[77.151s][info][gc,phases   ] GC(165) Concurrent Process Non-Strong References 0.350ms
[77.151s][info][gc,phases   ] GC(165) Concurrent Reset Relocation Set 0.001ms
[77.154s][info][gc,phases   ] GC(165) Concurrent Select Relocation Set 3.363ms
[77.154s][info][gc,phases   ] GC(165) Pause Relocate Start 0.003ms
[77.155s][info][gc,phases   ] GC(165) Concurrent Relocate 0.431ms
[77.155s][info][gc,load     ] GC(165) Load: 1.46/1.39/1.58
[77.155s][info][gc,mmu      ] GC(165) MMU: 2ms/93.1%, 5ms/97.0%, 10ms/98.3%, 20ms/99.2%, 50ms/99.7%, 100ms/99.8%
[77.155s][info][gc,marking  ] GC(165) Mark: 2 stripe(s), 1 proactive flush(es), 1 terminate flush(es), 0 completion(s), 0 continuation(s) 
[77.155s][info][gc,marking  ] GC(165) Mark Stack Usage: 32M
[77.155s][info][gc,nmethod  ] GC(165) NMethods: 324 registered, 7 unregistered
[77.155s][info][gc,metaspace] GC(165) Metaspace: 0M used, 0M committed, 1088M reserved
[77.155s][info][gc,ref      ] GC(165) Soft: 2 encountered, 0 discovered, 0 enqueued
[77.155s][info][gc,ref      ] GC(165) Weak: 9 encountered, 0 discovered, 0 enqueued
[77.155s][info][gc,ref      ] GC(165) Final: 0 encountered, 0 discovered, 0 enqueued
[77.155s][info][gc,ref      ] GC(165) Phantom: 3 encountered, 2 discovered, 0 enqueued
[77.155s][info][gc,reloc    ] GC(165) Small Pages: 4 / 8M, Empty: 0M, Relocated: 0M, In-Place: 0
[77.155s][info][gc,reloc    ] GC(165) Medium Pages: 0 / 0M, Empty: 0M, Relocated: 0M, In-Place: 0
[77.155s][info][gc,reloc    ] GC(165) Large Pages: 0 / 0M, Empty: 0M, Relocated: 0M, In-Place: 0
[77.155s][info][gc,reloc    ] GC(165) Forwarding Usage: 0M
[77.155s][info][gc,heap     ] GC(165) Min Capacity: 8192M(100%)
[77.155s][info][gc,heap     ] GC(165) Max Capacity: 8192M(100%)
[77.155s][info][gc,heap     ] GC(165) Soft Max Capacity: 8192M(100%)
[77.155s][info][gc,heap     ] GC(165)                Mark Start          Mark End        Relocate Start      Relocate End           High               Low         
[77.155s][info][gc,heap     ] GC(165)  Capacity:     8192M (100%)       8192M (100%)       8192M (100%)       8192M (100%)       8192M (100%)       8192M (100%)   
[77.155s][info][gc,heap     ] GC(165)      Free:     8184M (100%)       8184M (100%)       8184M (100%)       8186M (100%)       8186M (100%)       8178M (100%)   
[77.155s][info][gc,heap     ] GC(165)      Used:        8M (0%)            8M (0%)            8M (0%)            6M (0%)           14M (0%)            6M (0%)     
[77.155s][info][gc,heap     ] GC(165)      Live:         -                 0M (0%)            0M (0%)            0M (0%)             -                  -          
[77.155s][info][gc,heap     ] GC(165) Allocated:         -                 0M (0%)            0M (0%)            0M (0%)             -                  -          
[77.155s][info][gc,heap     ] GC(165)   Garbage:         -                 7M (0%)            7M (0%)            5M (0%)             -                  -          
[77.155s][info][gc,heap     ] GC(165) Reclaimed:         -                  -                 0M (0%)            2M (0%)             -                  -          
[77.155s][info][gc          ] GC(165) Garbage Collection (System.gc()) 8M(0%)->6M(0%)
[77.609s][info][gc,start    ] GC(166) Garbage Collection (System.gc())
[77.609s][info][gc,task     ] GC(166) Using 3 workers
[77.609s][info][gc,phases   ] GC(166) Pause Mark Start 0.016ms
[77.613s][info][gc,phases   ] GC(166) Concurrent Mark 3.462ms
[77.613s][info][gc,phases   ] GC(166) Pause Mark End 0.022ms
[77.613s][info][gc,phases   ] GC(166) Concurrent Mark Free 0.001ms
[77.624s][info][gc,phases   ] GC(166) Concurrent Process Non-Strong References 10.544ms
[77.624s][info][gc,phases   ] GC(166) Concurrent Reset Relocation Set 0.001ms
[77.627s][info][gc,phases   ] GC(166) Concurrent Select Relocation Set 3.602ms
[77.628s][info][gc,phases   ] GC(166) Pause Relocate Start 0.006ms
[77.629s][info][gc,phases   ] GC(166) Concurrent Relocate 0.639ms
[77.632s][info][gc,load     ] GC(166) Load: 1.46/1.39/1.58
[77.632s][info][gc,mmu      ] GC(166) MMU: 2ms/93.1%, 5ms/97.0%, 10ms/98.3%, 20ms/99.2%, 50ms/99.7%, 100ms/99.8%
[77.632s][info][gc,marking  ] GC(166) Mark: 2 stripe(s), 1 proactive flush(es), 1 terminate flush(es), 0 completion(s), 0 continuation(s) 
[77.632s][info][gc,marking  ] GC(166) Mark Stack Usage: 32M
[77.632s][info][gc,nmethod  ] GC(166) NMethods: 324 registered, 7 unregistered
[77.632s][info][gc,metaspace] GC(166) Metaspace: 0M used, 0M committed, 1088M reserved
[77.632s][info][gc,ref      ] GC(166) Soft: 2 encountered, 0 discovered, 0 enqueued
[77.632s][info][gc,ref      ] GC(166) Weak: 9 encountered, 0 discovered, 0 enqueued
[77.632s][info][gc,ref      ] GC(166) Final: 0 encountered, 0 discovered, 0 enqueued
[77.632s][info][gc,ref      ] GC(166) Phantom: 3 encountered, 2 discovered, 0 enqueued
[77.632s][info][gc,reloc    ] GC(166) Small Pages: 4 / 8M, Empty: 0M, Relocated: 0M, In-Place: 0
[77.633s][info][gc,reloc    ] GC(166) Medium Pages: 0 / 0M, Empty: 0M, Relocated: 0M, In-Place: 0
[77.633s][info][gc,reloc    ] GC(166) Large Pages: 0 / 0M, Empty: 0M, Relocated: 0M, In-Place: 0
[77.633s][info][gc,reloc    ] GC(166) Forwarding Usage: 0M
[77.636s][info][gc,heap     ] GC(166) Min Capacity: 8192M(100%)
[77.636s][info][gc,heap     ] GC(166) Max Capacity: 8192M(100%)
[77.636s][info][gc,heap     ] GC(166) Soft Max Capacity: 8192M(100%)
[77.636s][info][gc,heap     ] GC(166)                Mark Start          Mark End        Relocate Start      Relocate End           High               Low         
[77.636s][info][gc,heap     ] GC(166)  Capacity:     8192M (100%)       8192M (100%)       8192M (100%)       8192M (100%)       8192M (100%)       8192M (100%)   
[77.636s][info][gc,heap     ] GC(166)      Free:     8184M (100%)       8184M (100%)       8184M (100%)       8186M (100%)       8186M (100%)       8178M (100%)   
[77.636s][info][gc,heap     ] GC(166)      Used:        8M (0%)            8M (0%)            8M (0%)            6M (0%)           14M (0%)            6M (0%)     
[77.636s][info][gc,heap     ] GC(166)      Live:         -                 0M (0%)            0M (0%)            0M (0%)             -                  -          
[77.636s][info][gc,heap     ] GC(166) Allocated:         -                 0M (0%)            0M (0%)            0M (0%)             -                  -          
[77.636s][info][gc,heap     ] GC(166)   Garbage:         -                 7M (0%)            7M (0%)            5M (0%)             -                  -          
[77.636s][info][gc,heap     ] GC(166) Reclaimed:         -                  -                 0M (0%)            2M (0%)             -                  -          
[77.636s][info][gc          ] GC(166) Garbage Collection (System.gc()) 8M(0%)->6M(0%)
[78.096s][info][gc,start    ] GC(167) Garbage Collection (System.gc())
[78.097s][info][gc,task     ] GC(167) Using 3 workers
[78.097s][info][gc,phases   ] GC(167) Pause Mark Start 0.012ms
[78.100s][info][gc,phases   ] GC(167) Concurrent Mark 2.909ms
[78.100s][info][gc,phases   ] GC(167) Pause Mark End 0.010ms
[78.100s][info][gc,phases   ] GC(167) Concurrent Mark Free 0.000ms
[78.101s][info][gc,phases   ] GC(167) Concurrent Process Non-Strong References 0.923ms
[78.101s][info][gc,phases   ] GC(167) Concurrent Reset Relocation Set 0.001ms
[78.104s][info][gc,phases   ] GC(167) Concurrent Select Relocation Set 3.324ms
[78.104s][info][gc,phases   ] GC(167) Pause Relocate Start 0.003ms
[78.105s][info][gc,phases   ] GC(167) Concurrent Relocate 0.556ms
[78.105s][info][gc,load     ] GC(167) Load: 1.46/1.39/1.58
[78.105s][info][gc,mmu      ] GC(167) MMU: 2ms/93.1%, 5ms/97.0%, 10ms/98.3%, 20ms/99.2%, 50ms/99.7%, 100ms/99.8%
[78.105s][info][gc,marking  ] GC(167) Mark: 2 stripe(s), 1 proactive flush(es), 1 terminate flush(es), 0 completion(s), 0 continuation(s) 
[78.105s][info][gc,marking  ] GC(167) Mark Stack Usage: 32M
[78.105s][info][gc,nmethod  ] GC(167) NMethods: 324 registered, 7 unregistered
[78.105s][info][gc,metaspace] GC(167) Metaspace: 0M used, 0M committed, 1088M reserved
[78.105s][info][gc,ref      ] GC(167) Soft: 2 encountered, 0 discovered, 0 enqueued
[78.105s][info][gc,ref      ] GC(167) Weak: 9 encountered, 0 discovered, 0 enqueued
[78.105s][info][gc,ref      ] GC(167) Final: 0 encountered, 0 discovered, 0 enqueued
[78.105s][info][gc,ref      ] GC(167) Phantom: 3 encountered, 1 discovered, 0 enqueued
[78.105s][info][gc,reloc    ] GC(167) Small Pages: 4 / 8M, Empty: 0M, Relocated: 0M, In-Place: 0
[78.105s][info][gc,reloc    ] GC(167) Medium Pages: 0 / 0M, Empty: 0M, Relocated: 0M, In-Place: 0
[78.105s][info][gc,reloc    ] GC(167) Large Pages: 0 / 0M, Empty: 0M, Relocated: 0M, In-Place: 0
[78.105s][info][gc,reloc    ] GC(167) Forwarding Usage: 0M
[78.105s][info][gc,heap     ] GC(167) Min Capacity: 8192M(100%)
[78.105s][info][gc,heap     ] GC(167) Max Capacity: 8192M(100%)
[78.105s][info][gc,heap     ] GC(167) Soft Max Capacity: 8192M(100%)
[78.105s][info][gc,heap     ] GC(167)                Mark Start          Mark End        Relocate Start      Relocate End           High               Low         
[78.105s][info][gc,heap     ] GC(167)  Capacity:     8192M (100%)       8192M (100%)       8192M (100%)       8192M (100%)       8192M (100%)       8192M (100%)   
[78.105s][info][gc,heap     ] GC(167)      Free:     8184M (100%)       8184M (100%)       8184M (100%)       8186M (100%)       8186M (100%)       8180M (100%)   
[78.105s][info][gc,heap     ] GC(167)      Used:        8M (0%)            8M (0%)            8M (0%)            6M (0%)           12M (0%)            6M (0%)     
[78.105s][info][gc,heap     ] GC(167)      Live:         -                 0M (0%)            0M (0%)            0M (0%)             -                  -          
[78.105s][info][gc,heap     ] GC(167) Allocated:         -                 0M (0%)            0M (0%)            0M (0%)             -                  -          
[78.105s][info][gc,heap     ] GC(167)   Garbage:         -                 7M (0%)            7M (0%)            5M (0%)             -                  -          
[78.105s][info][gc,heap     ] GC(167) Reclaimed:         -                  -                 0M (0%)            2M (0%)             -                  -          
[78.105s][info][gc          ] GC(167) Garbage Collection (System.gc()) 8M(0%)->6M(0%)
[78.559s][info][gc,start    ] GC(168) Garbage Collection (System.gc())
[78.559s][info][gc,task     ] GC(168) Using 3 workers
[78.559s][info][gc,phases   ] GC(168) Pause Mark Start 0.011ms
[78.572s][info][gc,phases   ] GC(168) Concurrent Mark 12.492ms
[78.572s][info][gc,phases   ] GC(168) Pause Mark End 0.025ms
[78.572s][info][gc,phases   ] GC(168) Concurrent Mark Free 0.001ms
[78.574s][info][gc,phases   ] GC(168) Concurrent Process Non-Strong References 1.884ms
[78.574s][info][gc,phases   ] GC(168) Concurrent Reset Relocation Set 0.002ms
[78.578s][info][gc,phases   ] GC(168) Concurrent Select Relocation Set 3.491ms
[78.578s][info][gc,phases   ] GC(168) Pause Relocate Start 0.004ms
[78.578s][info][gc,phases   ] GC(168) Concurrent Relocate 0.724ms
[78.578s][info][gc,load     ] GC(168) Load: 1.46/1.39/1.58
[78.578s][info][gc,mmu      ] GC(168) MMU: 2ms/93.1%, 5ms/97.0%, 10ms/98.3%, 20ms/99.2%, 50ms/99.7%, 100ms/99.8%
[78.578s][info][gc,marking  ] GC(168) Mark: 2 stripe(s), 1 proactive flush(es), 1 terminate flush(es), 0 completion(s), 0 continuation(s) 
[78.578s][info][gc,marking  ] GC(168) Mark Stack Usage: 32M
[78.578s][info][gc,nmethod  ] GC(168) NMethods: 324 registered, 7 unregistered
[78.579s][info][gc,metaspace] GC(168) Metaspace: 0M used, 0M committed, 1088M reserved
[78.579s][info][gc,ref      ] GC(168) Soft: 2 encountered, 0 discovered, 0 enqueued
[78.579s][info][gc,ref      ] GC(168) Weak: 9 encountered, 0 discovered, 0 enqueued
[78.579s][info][gc,ref      ] GC(168) Final: 0 encountered, 0 discovered, 0 enqueued
[78.579s][info][gc,ref      ] GC(168) Phantom: 3 encountered, 2 discovered, 0 enqueued
[78.579s][info][gc,reloc    ] GC(168) Small Pages: 4 / 8M, Empty: 0M, Relocated: 0M, In-Place: 0
[78.579s][info][gc,reloc    ] GC(168) Medium Pages: 0 / 0M, Empty: 0M, Relocated: 0M, In-Place: 0
[78.579s][info][gc,reloc    ] GC(168) Large Pages: 0 / 0M, Empty: 0M, Relocated: 0M, In-Place: 0
[78.579s][info][gc,reloc    ] GC(168) Forwarding Usage: 0M
[78.579s][info][gc,heap     ] GC(168) Min Capacity: 8192M(100%)
[78.579s][info][gc,heap     ] GC(168) Max Capacity: 8192M(100%)
[78.579s][info][gc,heap     ] GC(168) Soft Max Capacity: 8192M(100%)
[78.579s][info][gc,heap     ] GC(168)                Mark Start          Mark End        Relocate Start      Relocate End           High               Low         
[78.579s][info][gc,heap     ] GC(168)  Capacity:     8192M (100%)       8192M (100%)       8192M (100%)       8192M (100%)       8192M (100%)       8192M (100%)   
[78.579s][info][gc,heap     ] GC(168)      Free:     8184M (100%)       8184M (100%)       8184M (100%)       8186M (100%)       8186M (100%)       8178M (100%)   
[78.579s][info][gc,heap     ] GC(168)      Used:        8M (0%)            8M (0%)            8M (0%)            6M (0%)           14M (0%)            6M (0%)     
[78.579s][info][gc,heap     ] GC(168)      Live:         -                 0M (0%)            0M (0%)            0M (0%)             -                  -          
[78.579s][info][gc,heap     ] GC(168) Allocated:         -                 0M (0%)            0M (0%)            0M (0%)             -                  -          
[78.579s][info][gc,heap     ] GC(168)   Garbage:         -                 7M (0%)            7M (0%)            5M (0%)             -                  -          
[78.579s][info][gc,heap     ] GC(168) Reclaimed:         -                  -                 0M (0%)            2M (0%)             -                  -          
[78.579s][info][gc          ] GC(168) Garbage Collection (System.gc()) 8M(0%)->6M(0%)
[79.036s][info][gc,start    ] GC(169) Garbage Collection (System.gc())
[79.037s][info][gc,task     ] GC(169) Using 3 workers
[79.037s][info][gc,phases   ] GC(169) Pause Mark Start 0.015ms
[79.052s][info][gc,phases   ] GC(169) Concurrent Mark 2.644ms
[79.052s][info][gc,phases   ] GC(169) Pause Mark End 0.030ms
[79.052s][info][gc,phases   ] GC(169) Concurrent Mark Free 0.001ms
[79.053s][info][gc,phases   ] GC(169) Concurrent Process Non-Strong References 0.601ms
[79.053s][info][gc,phases   ] GC(169) Concurrent Reset Relocation Set 0.003ms
[79.056s][info][gc,phases   ] GC(169) Concurrent Select Relocation Set 3.108ms
[79.056s][info][gc,phases   ] GC(169) Pause Relocate Start 0.005ms
[79.057s][info][gc,phases   ] GC(169) Concurrent Relocate 0.694ms
[79.057s][info][gc,load     ] GC(169) Load: 1.46/1.39/1.58
[79.057s][info][gc,mmu      ] GC(169) MMU: 2ms/93.1%, 5ms/97.0%, 10ms/98.3%, 20ms/99.2%, 50ms/99.7%, 100ms/99.8%
[79.057s][info][gc,marking  ] GC(169) Mark: 2 stripe(s), 2 proactive flush(es), 1 terminate flush(es), 0 completion(s), 0 continuation(s) 
[79.057s][info][gc,marking  ] GC(169) Mark Stack Usage: 32M
[79.057s][info][gc,nmethod  ] GC(169) NMethods: 332 registered, 7 unregistered
[79.057s][info][gc,metaspace] GC(169) Metaspace: 0M used, 0M committed, 1088M reserved
[79.057s][info][gc,ref      ] GC(169) Soft: 2 encountered, 0 discovered, 0 enqueued
[79.057s][info][gc,ref      ] GC(169) Weak: 9 encountered, 0 discovered, 0 enqueued
[79.057s][info][gc,ref      ] GC(169) Final: 0 encountered, 0 discovered, 0 enqueued
[79.057s][info][gc,ref      ] GC(169) Phantom: 3 encountered, 2 discovered, 0 enqueued
[79.057s][info][gc,reloc    ] GC(169) Small Pages: 4 / 8M, Empty: 0M, Relocated: 0M, In-Place: 0
[79.057s][info][gc,reloc    ] GC(169) Medium Pages: 0 / 0M, Empty: 0M, Relocated: 0M, In-Place: 0
[79.057s][info][gc,reloc    ] GC(169) Large Pages: 0 / 0M, Empty: 0M, Relocated: 0M, In-Place: 0
[79.057s][info][gc,reloc    ] GC(169) Forwarding Usage: 0M
[79.057s][info][gc,heap     ] GC(169) Min Capacity: 8192M(100%)
[79.057s][info][gc,heap     ] GC(169) Max Capacity: 8192M(100%)
[79.057s][info][gc,heap     ] GC(169) Soft Max Capacity: 8192M(100%)
[79.057s][info][gc,heap     ] GC(169)                Mark Start          Mark End        Relocate Start      Relocate End           High               Low         
[79.057s][info][gc,heap     ] GC(169)  Capacity:     8192M (100%)       8192M (100%)       8192M (100%)       8192M (100%)       8192M (100%)       8192M (100%)   
[79.057s][info][gc,heap     ] GC(169)      Free:     8184M (100%)       8182M (100%)       8182M (100%)       8184M (100%)       8184M (100%)       8176M (100%)   
[79.057s][info][gc,heap     ] GC(169)      Used:        8M (0%)           10M (0%)           10M (0%)            8M (0%)           16M (0%)            8M (0%)     
[79.057s][info][gc,heap     ] GC(169)      Live:         -                 0M (0%)            0M (0%)            0M (0%)             -                  -          
[79.057s][info][gc,heap     ] GC(169) Allocated:         -                 2M (0%)            2M (0%)            2M (0%)             -                  -          
[79.057s][info][gc,heap     ] GC(169)   Garbage:         -                 7M (0%)            7M (0%)            5M (0%)             -                  -          
[79.057s][info][gc,heap     ] GC(169) Reclaimed:         -                  -                 0M (0%)            2M (0%)             -                  -          
[79.057s][info][gc          ] GC(169) Garbage Collection (System.gc()) 8M(0%)->8M(0%)
[79.515s][info][gc,start    ] GC(170) Garbage Collection (System.gc())
[79.515s][info][gc,task     ] GC(170) Using 3 workers
[79.515s][info][gc,phases   ] GC(170) Pause Mark Start 0.012ms
[79.532s][info][gc,phases   ] GC(170) Concurrent Mark 2.296ms
[79.532s][info][gc,phases   ] GC(170) Pause Mark End 0.011ms
[79.532s][info][gc,phases   ] GC(170) Concurrent Mark Free 0.000ms
[79.533s][info][gc,phases   ] GC(170) Concurrent Process Non-Strong References 0.909ms
[79.533s][info][gc,phases   ] GC(170) Concurrent Reset Relocation Set 0.001ms
[79.537s][info][gc,phases   ] GC(170) Concurrent Select Relocation Set 4.568ms
[79.537s][info][gc,phases   ] GC(170) Pause Relocate Start 0.007ms
[79.538s][info][gc,phases   ] GC(170) Concurrent Relocate 0.707ms
[79.538s][info][gc,load     ] GC(170) Load: 1.46/1.39/1.58
[79.538s][info][gc,mmu      ] GC(170) MMU: 2ms/93.1%, 5ms/97.0%, 10ms/98.3%, 20ms/99.2%, 50ms/99.7%, 100ms/99.8%
[79.538s][info][gc,marking  ] GC(170) Mark: 2 stripe(s), 2 proactive flush(es), 1 terminate flush(es), 0 completion(s), 0 continuation(s) 
[79.538s][info][gc,marking  ] GC(170) Mark Stack Usage: 32M
[79.538s][info][gc,nmethod  ] GC(170) NMethods: 344 registered, 7 unregistered
[79.538s][info][gc,metaspace] GC(170) Metaspace: 0M used, 0M committed, 1088M reserved
[79.538s][info][gc,ref      ] GC(170) Soft: 2 encountered, 0 discovered, 0 enqueued
[79.538s][info][gc,ref      ] GC(170) Weak: 9 encountered, 0 discovered, 0 enqueued
[79.538s][info][gc,ref      ] GC(170) Final: 0 encountered, 0 discovered, 0 enqueued
[79.538s][info][gc,ref      ] GC(170) Phantom: 3 encountered, 1 discovered, 0 enqueued
[79.538s][info][gc,reloc    ] GC(170) Small Pages: 4 / 8M, Empty: 0M, Relocated: 0M, In-Place: 0
[79.538s][info][gc,reloc    ] GC(170) Medium Pages: 0 / 0M, Empty: 0M, Relocated: 0M, In-Place: 0
[79.538s][info][gc,reloc    ] GC(170) Large Pages: 0 / 0M, Empty: 0M, Relocated: 0M, In-Place: 0
[79.538s][info][gc,reloc    ] GC(170) Forwarding Usage: 0M
[79.538s][info][gc,heap     ] GC(170) Min Capacity: 8192M(100%)
[79.538s][info][gc,heap     ] GC(170) Max Capacity: 8192M(100%)
[79.538s][info][gc,heap     ] GC(170) Soft Max Capacity: 8192M(100%)
[79.538s][info][gc,heap     ] GC(170)                Mark Start          Mark End        Relocate Start      Relocate End           High               Low         
[79.538s][info][gc,heap     ] GC(170)  Capacity:     8192M (100%)       8192M (100%)       8192M (100%)       8192M (100%)       8192M (100%)       8192M (100%)   
[79.538s][info][gc,heap     ] GC(170)      Free:     8184M (100%)       8184M (100%)       8184M (100%)       8186M (100%)       8186M (100%)       8180M (100%)   
[79.538s][info][gc,heap     ] GC(170)      Used:        8M (0%)            8M (0%)            8M (0%)            6M (0%)           12M (0%)            6M (0%)     
[79.538s][info][gc,heap     ] GC(170)      Live:         -                 0M (0%)            0M (0%)            0M (0%)             -                  -          
[79.538s][info][gc,heap     ] GC(170) Allocated:         -                 0M (0%)            0M (0%)            0M (0%)             -                  -          
[79.538s][info][gc,heap     ] GC(170)   Garbage:         -                 7M (0%)            7M (0%)            5M (0%)             -                  -          
[79.538s][info][gc,heap     ] GC(170) Reclaimed:         -                  -                 0M (0%)            2M (0%)             -                  -          
[79.539s][info][gc          ] GC(170) Garbage Collection (System.gc()) 8M(0%)->6M(0%)
[80.004s][info][gc,start    ] GC(171) Garbage Collection (System.gc())
[80.004s][info][gc,task     ] GC(171) Using 3 workers
[80.004s][info][gc,phases   ] GC(171) Pause Mark Start 0.010ms
[80.007s][info][gc,phases   ] GC(171) Concurrent Mark 2.826ms
[80.007s][info][gc,phases   ] GC(171) Pause Mark End 0.016ms
[80.007s][info][gc,phases   ] GC(171) Concurrent Mark Free 0.001ms
[80.009s][info][gc,phases   ] GC(171) Concurrent Process Non-Strong References 1.833ms
[80.009s][info][gc,phases   ] GC(171) Concurrent Reset Relocation Set 0.001ms
[80.012s][info][gc,phases   ] GC(171) Concurrent Select Relocation Set 3.086ms
[80.012s][info][gc,phases   ] GC(171) Pause Relocate Start 0.008ms
[80.013s][info][gc,phases   ] GC(171) Concurrent Relocate 0.611ms
[80.013s][info][gc,load     ] GC(171) Load: 1.58/1.42/1.59
[80.013s][info][gc,mmu      ] GC(171) MMU: 2ms/93.1%, 5ms/97.0%, 10ms/98.3%, 20ms/99.2%, 50ms/99.7%, 100ms/99.8%
[80.013s][info][gc,marking  ] GC(171) Mark: 2 stripe(s), 2 proactive flush(es), 1 terminate flush(es), 0 completion(s), 0 continuation(s) 
[80.013s][info][gc,marking  ] GC(171) Mark Stack Usage: 32M
[80.013s][info][gc,nmethod  ] GC(171) NMethods: 354 registered, 8 unregistered
[80.013s][info][gc,metaspace] GC(171) Metaspace: 0M used, 1M committed, 1088M reserved
[80.013s][info][gc,ref      ] GC(171) Soft: 2 encountered, 0 discovered, 0 enqueued
[80.013s][info][gc,ref      ] GC(171) Weak: 9 encountered, 0 discovered, 0 enqueued
[80.013s][info][gc,ref      ] GC(171) Final: 0 encountered, 0 discovered, 0 enqueued
[80.013s][info][gc,ref      ] GC(171) Phantom: 3 encountered, 2 discovered, 0 enqueued
[80.013s][info][gc,reloc    ] GC(171) Small Pages: 4 / 8M, Empty: 0M, Relocated: 0M, In-Place: 0
[80.013s][info][gc,reloc    ] GC(171) Medium Pages: 0 / 0M, Empty: 0M, Relocated: 0M, In-Place: 0
[80.013s][info][gc,reloc    ] GC(171) Large Pages: 0 / 0M, Empty: 0M, Relocated: 0M, In-Place: 0
[80.013s][info][gc,reloc    ] GC(171) Forwarding Usage: 0M
[80.013s][info][gc,heap     ] GC(171) Min Capacity: 8192M(100%)
[80.013s][info][gc,heap     ] GC(171) Max Capacity: 8192M(100%)
[80.013s][info][gc,heap     ] GC(171) Soft Max Capacity: 8192M(100%)
[80.013s][info][gc,heap     ] GC(171)                Mark Start          Mark End        Relocate Start      Relocate End           High               Low         
[80.013s][info][gc,heap     ] GC(171)  Capacity:     8192M (100%)       8192M (100%)       8192M (100%)       8192M (100%)       8192M (100%)       8192M (100%)   
[80.013s][info][gc,heap     ] GC(171)      Free:     8184M (100%)       8184M (100%)       8184M (100%)       8186M (100%)       8186M (100%)       8178M (100%)   
[80.013s][info][gc,heap     ] GC(171)      Used:        8M (0%)            8M (0%)            8M (0%)            6M (0%)           14M (0%)            6M (0%)     
[80.013s][info][gc,heap     ] GC(171)      Live:         -                 0M (0%)            0M (0%)            0M (0%)             -                  -          
[80.013s][info][gc,heap     ] GC(171) Allocated:         -                 0M (0%)            0M (0%)            0M (0%)             -                  -          
[80.013s][info][gc,heap     ] GC(171)   Garbage:         -                 7M (0%)            7M (0%)            5M (0%)             -                  -          
[80.013s][info][gc,heap     ] GC(171) Reclaimed:         -                  -                 0M (0%)            2M (0%)             -                  -          
[80.013s][info][gc          ] GC(171) Garbage Collection (System.gc()) 8M(0%)->6M(0%)
[80.015s][info][gc,stats    ] === Garbage Collection Statistics =======================================================================================================================
[80.015s][info][gc,stats    ]                                                              Last 10s              Last 10m              Last 10h                Total
[80.015s][info][gc,stats    ]                                                              Avg / Max             Avg / Max             Avg / Max             Avg / Max
[80.015s][info][gc,stats    ]   Collector: Garbage Collection Cycle                     14.481 / 23.537       10.968 / 23.537       10.968 / 23.537       10.968 / 23.537      ms
[80.015s][info][gc,stats    ]  Contention: Mark Segment Reset Contention                     0 / 2                 0 / 4                 0 / 4                 0 / 4           ops/s
[80.015s][info][gc,stats    ]  Contention: Mark SeqNum Reset Contention                      0 / 2                 0 / 3                 0 / 3                 0 / 3           ops/s
[80.015s][info][gc,stats    ]    Critical: Allocation Stall                                  0 / 0                 0 / 0                 0 / 0                 0 / 0           ops/s
[80.015s][info][gc,stats    ]    Critical: Allocation Stall                              0.000 / 0.000         0.000 / 0.000         0.000 / 0.000         0.000 / 0.000       ms
[80.015s][info][gc,stats    ]    Critical: GC Locker Stall                                   0 / 0                 0 / 0                 0 / 0                 0 / 0           ops/s
[80.015s][info][gc,stats    ]    Critical: GC Locker Stall                               0.000 / 0.000         0.000 / 0.000         0.000 / 0.000         0.000 / 0.000       ms
[80.015s][info][gc,stats    ]    Critical: Relocation Stall                                  0 / 0                 0 / 0                 0 / 0                 0 / 0           ops/s
[80.015s][info][gc,stats    ]    Critical: Relocation Stall                              0.000 / 0.000         0.000 / 0.000         0.000 / 0.000         0.000 / 0.000       ms
[80.015s][info][gc,stats    ]      Memory: Allocation Rate                                   4 / 6                 4 / 6                 4 / 6                 4 / 6           MB/s
[80.015s][info][gc,stats    ]      Memory: Defragment                                        0 / 0                 0 / 0                 0 / 0                 0 / 0           ops/s
[80.015s][info][gc,stats    ]      Memory: Out Of Memory                                     0 / 0                 0 / 0                 0 / 0                 0 / 0           ops/s
[80.015s][info][gc,stats    ]      Memory: Page Cache Flush                                  0 / 0                 0 / 0                 0 / 0                 0 / 0           MB/s
[80.015s][info][gc,stats    ]      Memory: Page Cache Hit L1                                 8 / 12                8 / 12                8 / 12                8 / 12          ops/s
[80.015s][info][gc,stats    ]      Memory: Page Cache Hit L2                                 0 / 0                 0 / 0                 0 / 0                 0 / 0           ops/s
[80.015s][info][gc,stats    ]      Memory: Page Cache Hit L3                                 0 / 0                 0 / 6                 0 / 6                 0 / 6           ops/s
[80.015s][info][gc,stats    ]      Memory: Page Cache Miss                                   0 / 0                 0 / 1                 0 / 1                 0 / 1           ops/s
[80.015s][info][gc,stats    ]      Memory: Uncommit                                          0 / 0                 0 / 0                 0 / 0                 0 / 0           MB/s
[80.015s][info][gc,stats    ]      Memory: Undo Object Allocation Failed                     0 / 0                 0 / 0                 0 / 0                 0 / 0           ops/s
[80.015s][info][gc,stats    ]      Memory: Undo Object Allocation Succeeded                  0 / 0                 0 / 0                 0 / 0                 0 / 0           ops/s
[80.015s][info][gc,stats    ]      Memory: Undo Page Allocation                              0 / 0                 0 / 0                 0 / 0                 0 / 0           ops/s
[80.015s][info][gc,stats    ]       Phase: Concurrent Mark                               6.048 / 13.377        3.599 / 13.466        3.599 / 13.466        3.599 / 13.466      ms
[80.015s][info][gc,stats    ]       Phase: Concurrent Mark Continue                      0.000 / 0.000         0.000 / 0.000         0.000 / 0.000         0.000 / 0.000       ms
[80.015s][info][gc,stats    ]       Phase: Concurrent Mark Free                          0.001 / 0.001         0.001 / 0.004         0.001 / 0.004         0.001 / 0.004       ms
[80.015s][info][gc,stats    ]       Phase: Concurrent Process Non-Strong References      1.935 / 12.430        1.240 / 12.430        1.240 / 12.430        1.240 / 12.430      ms
[80.015s][info][gc,stats    ]       Phase: Concurrent Relocate                           0.631 / 0.908         0.614 / 1.001         0.614 / 1.001         0.614 / 1.001       ms
[80.015s][info][gc,stats    ]       Phase: Concurrent Reset Relocation Set               0.001 / 0.005         0.002 / 0.005         0.002 / 0.005         0.002 / 0.005       ms
[80.015s][info][gc,stats    ]       Phase: Concurrent Select Relocation Set              3.623 / 4.606         4.311 / 15.176        4.311 / 15.176        4.311 / 15.176      ms
[80.015s][info][gc,stats    ]       Phase: Pause Mark End                                0.017 / 0.032         0.016 / 0.137         0.016 / 0.137         0.016 / 0.137       ms
[80.015s][info][gc,stats    ]       Phase: Pause Mark Start                              0.013 / 0.017         0.011 / 0.023         0.011 / 0.023         0.011 / 0.023       ms
[80.015s][info][gc,stats    ]       Phase: Pause Relocate Start                          0.007 / 0.016         0.008 / 0.134         0.008 / 0.134         0.008 / 0.134       ms
[80.015s][info][gc,stats    ]    Subphase: Concurrent Classes Purge                      0.021 / 0.071         0.031 / 0.287         0.031 / 0.287         0.031 / 0.287       ms
[80.015s][info][gc,stats    ]    Subphase: Concurrent Classes Unlink                     0.884 / 2.207         0.941 / 11.679        0.941 / 11.679        0.941 / 11.679      ms
[80.015s][info][gc,stats    ]    Subphase: Concurrent Mark                               3.077 / 11.231        2.009 / 11.231        2.009 / 11.231        2.009 / 11.231      ms
[80.015s][info][gc,stats    ]    Subphase: Concurrent Mark Try Flush                     0.332 / 4.268         0.126 / 4.336         0.126 / 4.336         0.126 / 4.336       ms
[80.015s][info][gc,stats    ]    Subphase: Concurrent Mark Try Terminate                 1.252 / 8.474         0.786 / 8.474         0.786 / 8.474         0.786 / 8.474       ms
[80.015s][info][gc,stats    ]    Subphase: Concurrent References Enqueue                 0.000 / 0.001         0.000 / 0.001         0.000 / 0.001         0.000 / 0.001       ms
[80.015s][info][gc,stats    ]    Subphase: Concurrent References Process                 0.451 / 9.421         0.086 / 9.421         0.086 / 9.421         0.086 / 9.421       ms
[80.015s][info][gc,stats    ]    Subphase: Concurrent Roots ClassLoaderDataGraph         0.145 / 0.830         0.112 / 2.288         0.112 / 2.288         0.112 / 2.288       ms
[80.015s][info][gc,stats    ]    Subphase: Concurrent Roots CodeCache                    0.000 / 0.000         0.000 / 0.000         0.000 / 0.000         0.000 / 0.000       ms
[80.015s][info][gc,stats    ]    Subphase: Concurrent Roots JavaThreads                  0.195 / 0.924         0.174 / 1.025         0.174 / 1.025         0.174 / 1.025       ms
[80.015s][info][gc,stats    ]    Subphase: Concurrent Roots OopStorageSet                0.017 / 0.092         0.014 / 0.307         0.014 / 0.307         0.014 / 0.307       ms
[80.015s][info][gc,stats    ]    Subphase: Concurrent Weak Roots OopStorageSet           0.067 / 0.518         0.047 / 0.518         0.047 / 0.518         0.047 / 0.518       ms
[80.015s][info][gc,stats    ]    Subphase: Pause Mark Try Complete                       0.000 / 0.000         0.000 / 0.000         0.000 / 0.000         0.000 / 0.000       ms
[80.015s][info][gc,stats    ]      System: Java Threads                                     10 / 10               10 / 10               10 / 10               10 / 10          threads
[80.015s][info][gc,stats    ] =========================================================================================================================================================
[80.481s][info][gc,start    ] GC(172) Garbage Collection (System.gc())
[80.481s][info][gc,task     ] GC(172) Using 3 workers
[80.481s][info][gc,phases   ] GC(172) Pause Mark Start 0.011ms
[80.484s][info][gc,phases   ] GC(172) Concurrent Mark 3.056ms
[80.485s][info][gc,phases   ] GC(172) Pause Mark End 0.014ms
[80.485s][info][gc,phases   ] GC(172) Concurrent Mark Free 0.000ms
[80.486s][info][gc,phases   ] GC(172) Concurrent Process Non-Strong References 1.155ms
[80.486s][info][gc,phases   ] GC(172) Concurrent Reset Relocation Set 0.001ms
[80.490s][info][gc,phases   ] GC(172) Concurrent Select Relocation Set 4.407ms
[80.490s][info][gc,phases   ] GC(172) Pause Relocate Start 0.005ms
[80.491s][info][gc,phases   ] GC(172) Concurrent Relocate 0.698ms
[80.491s][info][gc,load     ] GC(172) Load: 1.58/1.42/1.59
[80.491s][info][gc,mmu      ] GC(172) MMU: 2ms/93.1%, 5ms/97.0%, 10ms/98.3%, 20ms/99.2%, 50ms/99.7%, 100ms/99.8%
[80.491s][info][gc,marking  ] GC(172) Mark: 2 stripe(s), 1 proactive flush(es), 1 terminate flush(es), 0 completion(s), 0 continuation(s) 
[80.491s][info][gc,marking  ] GC(172) Mark Stack Usage: 32M
[80.491s][info][gc,nmethod  ] GC(172) NMethods: 357 registered, 8 unregistered
[80.491s][info][gc,metaspace] GC(172) Metaspace: 0M used, 1M committed, 1088M reserved
[80.491s][info][gc,ref      ] GC(172) Soft: 2 encountered, 0 discovered, 0 enqueued
[80.491s][info][gc,ref      ] GC(172) Weak: 9 encountered, 0 discovered, 0 enqueued
[80.491s][info][gc,ref      ] GC(172) Final: 0 encountered, 0 discovered, 0 enqueued
[80.491s][info][gc,ref      ] GC(172) Phantom: 3 encountered, 2 discovered, 0 enqueued
[80.491s][info][gc,reloc    ] GC(172) Small Pages: 4 / 8M, Empty: 0M, Relocated: 0M, In-Place: 0
[80.491s][info][gc,reloc    ] GC(172) Medium Pages: 0 / 0M, Empty: 0M, Relocated: 0M, In-Place: 0
[80.491s][info][gc,reloc    ] GC(172) Large Pages: 0 / 0M, Empty: 0M, Relocated: 0M, In-Place: 0
[80.491s][info][gc,reloc    ] GC(172) Forwarding Usage: 0M
[80.491s][info][gc,heap     ] GC(172) Min Capacity: 8192M(100%)
[80.491s][info][gc,heap     ] GC(172) Max Capacity: 8192M(100%)
[80.491s][info][gc,heap     ] GC(172) Soft Max Capacity: 8192M(100%)
[80.491s][info][gc,heap     ] GC(172)                Mark Start          Mark End        Relocate Start      Relocate End           High               Low         
[80.491s][info][gc,heap     ] GC(172)  Capacity:     8192M (100%)       8192M (100%)       8192M (100%)       8192M (100%)       8192M (100%)       8192M (100%)   
[80.491s][info][gc,heap     ] GC(172)      Free:     8184M (100%)       8184M (100%)       8184M (100%)       8186M (100%)       8186M (100%)       8180M (100%)   
[80.491s][info][gc,heap     ] GC(172)      Used:        8M (0%)            8M (0%)            8M (0%)            6M (0%)           12M (0%)            6M (0%)     
[80.491s][info][gc,heap     ] GC(172)      Live:         -                 0M (0%)            0M (0%)            0M (0%)             -                  -          
[80.491s][info][gc,heap     ] GC(172) Allocated:         -                 0M (0%)            0M (0%)            0M (0%)             -                  -          
[80.491s][info][gc,heap     ] GC(172)   Garbage:         -                 7M (0%)            7M (0%)            5M (0%)             -                  -          
[80.491s][info][gc,heap     ] GC(172) Reclaimed:         -                  -                 0M (0%)            2M (0%)             -                  -          
[80.491s][info][gc          ] GC(172) Garbage Collection (System.gc()) 8M(0%)->6M(0%)
[80.955s][info][gc,start    ] GC(173) Garbage Collection (System.gc())
[80.955s][info][gc,task     ] GC(173) Using 3 workers
[80.955s][info][gc,phases   ] GC(173) Pause Mark Start 0.013ms
[80.958s][info][gc,phases   ] GC(173) Concurrent Mark 2.789ms
[80.958s][info][gc,phases   ] GC(173) Pause Mark End 0.019ms
[80.958s][info][gc,phases   ] GC(173) Concurrent Mark Free 0.001ms
[80.959s][info][gc,phases   ] GC(173) Concurrent Process Non-Strong References 1.431ms
[80.959s][info][gc,phases   ] GC(173) Concurrent Reset Relocation Set 0.001ms
[80.962s][info][gc,phases   ] GC(173) Concurrent Select Relocation Set 2.676ms
[80.962s][info][gc,phases   ] GC(173) Pause Relocate Start 0.007ms
[80.963s][info][gc,phases   ] GC(173) Concurrent Relocate 0.505ms
[80.963s][info][gc,load     ] GC(173) Load: 1.58/1.42/1.59
[80.963s][info][gc,mmu      ] GC(173) MMU: 2ms/93.1%, 5ms/97.0%, 10ms/98.3%, 20ms/99.2%, 50ms/99.7%, 100ms/99.8%
[80.963s][info][gc,marking  ] GC(173) Mark: 2 stripe(s), 1 proactive flush(es), 1 terminate flush(es), 0 completion(s), 0 continuation(s) 
[80.963s][info][gc,marking  ] GC(173) Mark Stack Usage: 32M
[80.963s][info][gc,nmethod  ] GC(173) NMethods: 357 registered, 8 unregistered
[80.963s][info][gc,metaspace] GC(173) Metaspace: 0M used, 1M committed, 1088M reserved
[80.963s][info][gc,ref      ] GC(173) Soft: 2 encountered, 0 discovered, 0 enqueued
[80.963s][info][gc,ref      ] GC(173) Weak: 9 encountered, 0 discovered, 0 enqueued
[80.963s][info][gc,ref      ] GC(173) Final: 0 encountered, 0 discovered, 0 enqueued
[80.963s][info][gc,ref      ] GC(173) Phantom: 3 encountered, 2 discovered, 0 enqueued
[80.963s][info][gc,reloc    ] GC(173) Small Pages: 4 / 8M, Empty: 0M, Relocated: 0M, In-Place: 0
[80.963s][info][gc,reloc    ] GC(173) Medium Pages: 0 / 0M, Empty: 0M, Relocated: 0M, In-Place: 0
[80.963s][info][gc,reloc    ] GC(173) Large Pages: 0 / 0M, Empty: 0M, Relocated: 0M, In-Place: 0
[80.963s][info][gc,reloc    ] GC(173) Forwarding Usage: 0M
[80.963s][info][gc,heap     ] GC(173) Min Capacity: 8192M(100%)
[80.963s][info][gc,heap     ] GC(173) Max Capacity: 8192M(100%)
[80.963s][info][gc,heap     ] GC(173) Soft Max Capacity: 8192M(100%)
[80.963s][info][gc,heap     ] GC(173)                Mark Start          Mark End        Relocate Start      Relocate End           High               Low         
[80.963s][info][gc,heap     ] GC(173)  Capacity:     8192M (100%)       8192M (100%)       8192M (100%)       8192M (100%)       8192M (100%)       8192M (100%)   
[80.963s][info][gc,heap     ] GC(173)      Free:     8184M (100%)       8184M (100%)       8184M (100%)       8190M (100%)       8190M (100%)       8182M (100%)   
[80.963s][info][gc,heap     ] GC(173)      Used:        8M (0%)            8M (0%)            8M (0%)            2M (0%)           10M (0%)            2M (0%)     
[80.963s][info][gc,heap     ] GC(173)      Live:         -                 0M (0%)            0M (0%)            0M (0%)             -                  -          
[80.963s][info][gc,heap     ] GC(173) Allocated:         -                 0M (0%)            0M (0%)            0M (0%)             -                  -          
[80.963s][info][gc,heap     ] GC(173)   Garbage:         -                 7M (0%)            7M (0%)            1M (0%)             -                  -          
[80.963s][info][gc,heap     ] GC(173) Reclaimed:         -                  -                 0M (0%)            6M (0%)             -                  -          
[80.963s][info][gc          ] GC(173) Garbage Collection (System.gc()) 8M(0%)->2M(0%)
[81.431s][info][gc,start    ] GC(174) Garbage Collection (System.gc())
[81.431s][info][gc,task     ] GC(174) Using 3 workers
[81.431s][info][gc,phases   ] GC(174) Pause Mark Start 0.013ms
[81.434s][info][gc,phases   ] GC(174) Concurrent Mark 2.606ms
[81.434s][info][gc,phases   ] GC(174) Pause Mark End 0.012ms
[81.434s][info][gc,phases   ] GC(174) Concurrent Mark Free 0.000ms
[81.435s][info][gc,phases   ] GC(174) Concurrent Process Non-Strong References 0.631ms
[81.435s][info][gc,phases   ] GC(174) Concurrent Reset Relocation Set 0.001ms
[81.438s][info][gc,phases   ] GC(174) Concurrent Select Relocation Set 3.050ms
[81.438s][info][gc,phases   ] GC(174) Pause Relocate Start 0.006ms
[81.438s][info][gc,phases   ] GC(174) Concurrent Relocate 0.453ms
[81.438s][info][gc,load     ] GC(174) Load: 1.58/1.42/1.59
[81.438s][info][gc,mmu      ] GC(174) MMU: 2ms/93.1%, 5ms/97.0%, 10ms/98.3%, 20ms/99.2%, 50ms/99.7%, 100ms/99.8%
[81.438s][info][gc,marking  ] GC(174) Mark: 2 stripe(s), 1 proactive flush(es), 1 terminate flush(es), 0 completion(s), 0 continuation(s) 
[81.438s][info][gc,marking  ] GC(174) Mark Stack Usage: 32M
[81.438s][info][gc,nmethod  ] GC(174) NMethods: 357 registered, 8 unregistered
[81.438s][info][gc,metaspace] GC(174) Metaspace: 0M used, 1M committed, 1088M reserved
[81.438s][info][gc,ref      ] GC(174) Soft: 2 encountered, 0 discovered, 0 enqueued
[81.438s][info][gc,ref      ] GC(174) Weak: 9 encountered, 0 discovered, 0 enqueued
[81.438s][info][gc,ref      ] GC(174) Final: 0 encountered, 0 discovered, 0 enqueued
[81.438s][info][gc,ref      ] GC(174) Phantom: 3 encountered, 1 discovered, 0 enqueued
[81.438s][info][gc,reloc    ] GC(174) Small Pages: 2 / 4M, Empty: 0M, Relocated: 0M, In-Place: 0
[81.438s][info][gc,reloc    ] GC(174) Medium Pages: 0 / 0M, Empty: 0M, Relocated: 0M, In-Place: 0
[81.438s][info][gc,reloc    ] GC(174) Large Pages: 0 / 0M, Empty: 0M, Relocated: 0M, In-Place: 0
[81.438s][info][gc,reloc    ] GC(174) Forwarding Usage: 0M
[81.438s][info][gc,heap     ] GC(174) Min Capacity: 8192M(100%)
[81.438s][info][gc,heap     ] GC(174) Max Capacity: 8192M(100%)
[81.438s][info][gc,heap     ] GC(174) Soft Max Capacity: 8192M(100%)
[81.438s][info][gc,heap     ] GC(174)                Mark Start          Mark End        Relocate Start      Relocate End           High               Low         
[81.438s][info][gc,heap     ] GC(174)  Capacity:     8192M (100%)       8192M (100%)       8192M (100%)       8192M (100%)       8192M (100%)       8192M (100%)   
[81.438s][info][gc,heap     ] GC(174)      Free:     8188M (100%)       8188M (100%)       8188M (100%)       8188M (100%)       8188M (100%)       8184M (100%)   
[81.438s][info][gc,heap     ] GC(174)      Used:        4M (0%)            4M (0%)            4M (0%)            4M (0%)            8M (0%)            4M (0%)     
[81.438s][info][gc,heap     ] GC(174)      Live:         -                 0M (0%)            0M (0%)            0M (0%)             -                  -          
[81.438s][info][gc,heap     ] GC(174) Allocated:         -                 0M (0%)            0M (0%)            0M (0%)             -                  -          
[81.438s][info][gc,heap     ] GC(174)   Garbage:         -                 3M (0%)            3M (0%)            3M (0%)             -                  -          
[81.438s][info][gc,heap     ] GC(174) Reclaimed:         -                  -                 0M (0%)            0M (0%)             -                  -          
[81.438s][info][gc          ] GC(174) Garbage Collection (System.gc()) 4M(0%)->4M(0%)
[81.897s][info][gc,start    ] GC(175) Garbage Collection (System.gc())
[81.897s][info][gc,task     ] GC(175) Using 3 workers
[81.897s][info][gc,phases   ] GC(175) Pause Mark Start 0.013ms
[81.910s][info][gc,phases   ] GC(175) Concurrent Mark 12.594ms
[81.910s][info][gc,phases   ] GC(175) Pause Mark End 0.024ms
[81.910s][info][gc,phases   ] GC(175) Concurrent Mark Free 0.001ms
[81.914s][info][gc,phases   ] GC(175) Concurrent Process Non-Strong References 3.763ms
[81.914s][info][gc,phases   ] GC(175) Concurrent Reset Relocation Set 0.001ms
[81.918s][info][gc,phases   ] GC(175) Concurrent Select Relocation Set 4.047ms
[81.918s][info][gc,phases   ] GC(175) Pause Relocate Start 0.006ms
[81.918s][info][gc,phases   ] GC(175) Concurrent Relocate 0.597ms
[81.918s][info][gc,load     ] GC(175) Load: 1.58/1.42/1.59
[81.918s][info][gc,mmu      ] GC(175) MMU: 2ms/93.1%, 5ms/97.0%, 10ms/98.3%, 20ms/99.2%, 50ms/99.7%, 100ms/99.8%
[81.919s][info][gc,marking  ] GC(175) Mark: 2 stripe(s), 1 proactive flush(es), 1 terminate flush(es), 0 completion(s), 0 continuation(s) 
[81.919s][info][gc,marking  ] GC(175) Mark Stack Usage: 32M
[81.919s][info][gc,nmethod  ] GC(175) NMethods: 357 registered, 8 unregistered
[81.919s][info][gc,metaspace] GC(175) Metaspace: 0M used, 1M committed, 1088M reserved
[81.919s][info][gc,ref      ] GC(175) Soft: 2 encountered, 0 discovered, 0 enqueued
[81.919s][info][gc,ref      ] GC(175) Weak: 9 encountered, 0 discovered, 0 enqueued
[81.919s][info][gc,ref      ] GC(175) Final: 0 encountered, 0 discovered, 0 enqueued
[81.919s][info][gc,ref      ] GC(175) Phantom: 3 encountered, 1 discovered, 0 enqueued
[81.919s][info][gc,reloc    ] GC(175) Small Pages: 3 / 6M, Empty: 0M, Relocated: 0M, In-Place: 0
[81.919s][info][gc,reloc    ] GC(175) Medium Pages: 0 / 0M, Empty: 0M, Relocated: 0M, In-Place: 0
[81.919s][info][gc,reloc    ] GC(175) Large Pages: 0 / 0M, Empty: 0M, Relocated: 0M, In-Place: 0
[81.919s][info][gc,reloc    ] GC(175) Forwarding Usage: 0M
[81.919s][info][gc,heap     ] GC(175) Min Capacity: 8192M(100%)
[81.919s][info][gc,heap     ] GC(175) Max Capacity: 8192M(100%)
[81.919s][info][gc,heap     ] GC(175) Soft Max Capacity: 8192M(100%)
[81.919s][info][gc,heap     ] GC(175)                Mark Start          Mark End        Relocate Start      Relocate End           High               Low         
[81.919s][info][gc,heap     ] GC(175)  Capacity:     8192M (100%)       8192M (100%)       8192M (100%)       8192M (100%)       8192M (100%)       8192M (100%)   
[81.919s][info][gc,heap     ] GC(175)      Free:     8186M (100%)       8186M (100%)       8186M (100%)       8186M (100%)       8186M (100%)       8180M (100%)   
[81.919s][info][gc,heap     ] GC(175)      Used:        6M (0%)            6M (0%)            6M (0%)            6M (0%)           12M (0%)            6M (0%)     
[81.919s][info][gc,heap     ] GC(175)      Live:         -                 0M (0%)            0M (0%)            0M (0%)             -                  -          
[81.919s][info][gc,heap     ] GC(175) Allocated:         -                 0M (0%)            0M (0%)            0M (0%)             -                  -          
[81.919s][info][gc,heap     ] GC(175)   Garbage:         -                 5M (0%)            5M (0%)            5M (0%)             -                  -          
[81.919s][info][gc,heap     ] GC(175) Reclaimed:         -                  -                 0M (0%)            0M (0%)             -                  -          
[81.919s][info][gc          ] GC(175) Garbage Collection (System.gc()) 6M(0%)->6M(0%)
[82.373s][info][gc,start    ] GC(176) Garbage Collection (System.gc())
[82.373s][info][gc,task     ] GC(176) Using 3 workers
[82.373s][info][gc,phases   ] GC(176) Pause Mark Start 0.010ms
[82.376s][info][gc,phases   ] GC(176) Concurrent Mark 2.913ms
[82.376s][info][gc,phases   ] GC(176) Pause Mark End 0.012ms
[82.376s][info][gc,phases   ] GC(176) Concurrent Mark Free 0.000ms
[82.377s][info][gc,phases   ] GC(176) Concurrent Process Non-Strong References 1.230ms
[82.377s][info][gc,phases   ] GC(176) Concurrent Reset Relocation Set 0.002ms
[82.380s][info][gc,phases   ] GC(176) Concurrent Select Relocation Set 3.275ms
[82.380s][info][gc,phases   ] GC(176) Pause Relocate Start 0.004ms
[82.381s][info][gc,phases   ] GC(176) Concurrent Relocate 0.452ms
[82.381s][info][gc,load     ] GC(176) Load: 1.58/1.42/1.59
[82.381s][info][gc,mmu      ] GC(176) MMU: 2ms/93.1%, 5ms/97.0%, 10ms/98.3%, 20ms/99.2%, 50ms/99.7%, 100ms/99.8%
[82.381s][info][gc,marking  ] GC(176) Mark: 2 stripe(s), 1 proactive flush(es), 1 terminate flush(es), 0 completion(s), 0 continuation(s) 
[82.381s][info][gc,marking  ] GC(176) Mark Stack Usage: 32M
[82.381s][info][gc,nmethod  ] GC(176) NMethods: 357 registered, 8 unregistered
[82.381s][info][gc,metaspace] GC(176) Metaspace: 0M used, 1M committed, 1088M reserved
[82.381s][info][gc,ref      ] GC(176) Soft: 2 encountered, 0 discovered, 0 enqueued
[82.381s][info][gc,ref      ] GC(176) Weak: 9 encountered, 0 discovered, 0 enqueued
[82.381s][info][gc,ref      ] GC(176) Final: 0 encountered, 0 discovered, 0 enqueued
[82.381s][info][gc,ref      ] GC(176) Phantom: 3 encountered, 1 discovered, 0 enqueued
[82.381s][info][gc,reloc    ] GC(176) Small Pages: 4 / 8M, Empty: 0M, Relocated: 0M, In-Place: 0
[82.381s][info][gc,reloc    ] GC(176) Medium Pages: 0 / 0M, Empty: 0M, Relocated: 0M, In-Place: 0
[82.381s][info][gc,reloc    ] GC(176) Large Pages: 0 / 0M, Empty: 0M, Relocated: 0M, In-Place: 0
[82.381s][info][gc,reloc    ] GC(176) Forwarding Usage: 0M
[82.381s][info][gc,heap     ] GC(176) Min Capacity: 8192M(100%)
[82.381s][info][gc,heap     ] GC(176) Max Capacity: 8192M(100%)
[82.381s][info][gc,heap     ] GC(176) Soft Max Capacity: 8192M(100%)
[82.381s][info][gc,heap     ] GC(176)                Mark Start          Mark End        Relocate Start      Relocate End           High               Low         
[82.381s][info][gc,heap     ] GC(176)  Capacity:     8192M (100%)       8192M (100%)       8192M (100%)       8192M (100%)       8192M (100%)       8192M (100%)   
[82.381s][info][gc,heap     ] GC(176)      Free:     8184M (100%)       8184M (100%)       8184M (100%)       8186M (100%)       8186M (100%)       8178M (100%)   
[82.381s][info][gc,heap     ] GC(176)      Used:        8M (0%)            8M (0%)            8M (0%)            6M (0%)           14M (0%)            6M (0%)     
[82.381s][info][gc,heap     ] GC(176)      Live:         -                 0M (0%)            0M (0%)            0M (0%)             -                  -          
[82.381s][info][gc,heap     ] GC(176) Allocated:         -                 0M (0%)            0M (0%)            0M (0%)             -                  -          
[82.381s][info][gc,heap     ] GC(176)   Garbage:         -                 7M (0%)            7M (0%)            5M (0%)             -                  -          
[82.381s][info][gc,heap     ] GC(176) Reclaimed:         -                  -                 0M (0%)            2M (0%)             -                  -          
[82.381s][info][gc          ] GC(176) Garbage Collection (System.gc()) 8M(0%)->6M(0%)
[82.835s][info][gc,start    ] GC(177) Garbage Collection (System.gc())
[82.835s][info][gc,task     ] GC(177) Using 3 workers
[82.835s][info][gc,phases   ] GC(177) Pause Mark Start 0.013ms
[82.840s][info][gc,phases   ] GC(177) Concurrent Mark 4.706ms
[82.840s][info][gc,phases   ] GC(177) Pause Mark End 0.022ms
[82.841s][info][gc,phases   ] GC(177) Concurrent Mark Free 0.002ms
[82.850s][info][gc,phases   ] GC(177) Concurrent Process Non-Strong References 8.594ms
[82.850s][info][gc,phases   ] GC(177) Concurrent Reset Relocation Set 0.002ms
[82.854s][info][gc,phases   ] GC(177) Concurrent Select Relocation Set 4.225ms
[82.854s][info][gc,phases   ] GC(177) Pause Relocate Start 0.007ms
[82.855s][info][gc,phases   ] GC(177) Concurrent Relocate 0.604ms
[82.855s][info][gc,load     ] GC(177) Load: 1.58/1.42/1.59
[82.855s][info][gc,mmu      ] GC(177) MMU: 2ms/93.1%, 5ms/97.0%, 10ms/98.3%, 20ms/99.2%, 50ms/99.7%, 100ms/99.8%
[82.855s][info][gc,marking  ] GC(177) Mark: 2 stripe(s), 1 proactive flush(es), 1 terminate flush(es), 0 completion(s), 0 continuation(s) 
[82.855s][info][gc,marking  ] GC(177) Mark Stack Usage: 32M
[82.855s][info][gc,nmethod  ] GC(177) NMethods: 357 registered, 8 unregistered
[82.855s][info][gc,metaspace] GC(177) Metaspace: 0M used, 1M committed, 1088M reserved
[82.855s][info][gc,ref      ] GC(177) Soft: 2 encountered, 0 discovered, 0 enqueued
[82.855s][info][gc,ref      ] GC(177) Weak: 9 encountered, 0 discovered, 0 enqueued
[82.855s][info][gc,ref      ] GC(177) Final: 0 encountered, 0 discovered, 0 enqueued
[82.855s][info][gc,ref      ] GC(177) Phantom: 3 encountered, 2 discovered, 0 enqueued
[82.855s][info][gc,reloc    ] GC(177) Small Pages: 4 / 8M, Empty: 0M, Relocated: 0M, In-Place: 0
[82.855s][info][gc,reloc    ] GC(177) Medium Pages: 0 / 0M, Empty: 0M, Relocated: 0M, In-Place: 0
[82.855s][info][gc,reloc    ] GC(177) Large Pages: 0 / 0M, Empty: 0M, Relocated: 0M, In-Place: 0
[82.855s][info][gc,reloc    ] GC(177) Forwarding Usage: 0M
[82.855s][info][gc,heap     ] GC(177) Min Capacity: 8192M(100%)
[82.855s][info][gc,heap     ] GC(177) Max Capacity: 8192M(100%)
[82.855s][info][gc,heap     ] GC(177) Soft Max Capacity: 8192M(100%)
[82.855s][info][gc,heap     ] GC(177)                Mark Start          Mark End        Relocate Start      Relocate End           High               Low         
[82.855s][info][gc,heap     ] GC(177)  Capacity:     8192M (100%)       8192M (100%)       8192M (100%)       8192M (100%)       8192M (100%)       8192M (100%)   
[82.855s][info][gc,heap     ] GC(177)      Free:     8184M (100%)       8184M (100%)       8184M (100%)       8186M (100%)       8186M (100%)       8178M (100%)   
[82.855s][info][gc,heap     ] GC(177)      Used:        8M (0%)            8M (0%)            8M (0%)            6M (0%)           14M (0%)            6M (0%)     
[82.855s][info][gc,heap     ] GC(177)      Live:         -                 0M (0%)            0M (0%)            0M (0%)             -                  -          
[82.855s][info][gc,heap     ] GC(177) Allocated:         -                 0M (0%)            0M (0%)            0M (0%)             -                  -          
[82.855s][info][gc,heap     ] GC(177)   Garbage:         -                 7M (0%)            7M (0%)            5M (0%)             -                  -          
[82.855s][info][gc,heap     ] GC(177) Reclaimed:         -                  -                 0M (0%)            2M (0%)             -                  -          
[82.855s][info][gc          ] GC(177) Garbage Collection (System.gc()) 8M(0%)->6M(0%)
[83.314s][info][gc,start    ] GC(178) Garbage Collection (System.gc())
[83.314s][info][gc,task     ] GC(178) Using 3 workers
[83.314s][info][gc,phases   ] GC(178) Pause Mark Start 0.012ms
[83.321s][info][gc,phases   ] GC(178) Concurrent Mark 7.386ms
[83.321s][info][gc,phases   ] GC(178) Pause Mark End 0.022ms
[83.322s][info][gc,phases   ] GC(178) Concurrent Mark Free 0.001ms
[83.332s][info][gc,phases   ] GC(178) Concurrent Process Non-Strong References 10.783ms
[83.332s][info][gc,phases   ] GC(178) Concurrent Reset Relocation Set 0.002ms
[83.336s][info][gc,phases   ] GC(178) Concurrent Select Relocation Set 3.635ms
[83.336s][info][gc,phases   ] GC(178) Pause Relocate Start 0.005ms
[83.336s][info][gc,phases   ] GC(178) Concurrent Relocate 0.425ms
[83.337s][info][gc,load     ] GC(178) Load: 1.58/1.42/1.59
[83.337s][info][gc,mmu      ] GC(178) MMU: 2ms/93.1%, 5ms/97.0%, 10ms/98.3%, 20ms/99.2%, 50ms/99.7%, 100ms/99.8%
[83.337s][info][gc,marking  ] GC(178) Mark: 2 stripe(s), 1 proactive flush(es), 1 terminate flush(es), 0 completion(s), 0 continuation(s) 
[83.337s][info][gc,marking  ] GC(178) Mark Stack Usage: 32M
[83.337s][info][gc,nmethod  ] GC(178) NMethods: 357 registered, 8 unregistered
[83.337s][info][gc,metaspace] GC(178) Metaspace: 0M used, 1M committed, 1088M reserved
[83.337s][info][gc,ref      ] GC(178) Soft: 2 encountered, 0 discovered, 0 enqueued
[83.337s][info][gc,ref      ] GC(178) Weak: 9 encountered, 0 discovered, 0 enqueued
[83.337s][info][gc,ref      ] GC(178) Final: 0 encountered, 0 discovered, 0 enqueued
[83.337s][info][gc,ref      ] GC(178) Phantom: 3 encountered, 1 discovered, 0 enqueued
[83.337s][info][gc,reloc    ] GC(178) Small Pages: 4 / 8M, Empty: 0M, Relocated: 0M, In-Place: 0
[83.337s][info][gc,reloc    ] GC(178) Medium Pages: 0 / 0M, Empty: 0M, Relocated: 0M, In-Place: 0
[83.337s][info][gc,reloc    ] GC(178) Large Pages: 0 / 0M, Empty: 0M, Relocated: 0M, In-Place: 0
[83.337s][info][gc,reloc    ] GC(178) Forwarding Usage: 0M
[83.337s][info][gc,heap     ] GC(178) Min Capacity: 8192M(100%)
[83.337s][info][gc,heap     ] GC(178) Max Capacity: 8192M(100%)
[83.337s][info][gc,heap     ] GC(178) Soft Max Capacity: 8192M(100%)
[83.337s][info][gc,heap     ] GC(178)                Mark Start          Mark End        Relocate Start      Relocate End           High               Low         
[83.337s][info][gc,heap     ] GC(178)  Capacity:     8192M (100%)       8192M (100%)       8192M (100%)       8192M (100%)       8192M (100%)       8192M (100%)   
[83.337s][info][gc,heap     ] GC(178)      Free:     8184M (100%)       8184M (100%)       8184M (100%)       8186M (100%)       8186M (100%)       8178M (100%)   
[83.337s][info][gc,heap     ] GC(178)      Used:        8M (0%)            8M (0%)            8M (0%)            6M (0%)           14M (0%)            6M (0%)     
[83.337s][info][gc,heap     ] GC(178)      Live:         -                 0M (0%)            0M (0%)            0M (0%)             -                  -          
[83.337s][info][gc,heap     ] GC(178) Allocated:         -                 0M (0%)            0M (0%)            0M (0%)             -                  -          
[83.337s][info][gc,heap     ] GC(178)   Garbage:         -                 7M (0%)            7M (0%)            5M (0%)             -                  -          
[83.337s][info][gc,heap     ] GC(178) Reclaimed:         -                  -                 0M (0%)            2M (0%)             -                  -          
[83.337s][info][gc          ] GC(178) Garbage Collection (System.gc()) 8M(0%)->6M(0%)
[83.798s][info][gc,start    ] GC(179) Garbage Collection (System.gc())
[83.798s][info][gc,task     ] GC(179) Using 3 workers
[83.799s][info][gc,phases   ] GC(179) Pause Mark Start 0.013ms
[83.814s][info][gc,phases   ] GC(179) Concurrent Mark 14.501ms
[83.815s][info][gc,phases   ] GC(179) Pause Mark End 0.025ms
[83.815s][info][gc,phases   ] GC(179) Concurrent Mark Free 0.002ms
[83.817s][info][gc,phases   ] GC(179) Concurrent Process Non-Strong References 2.432ms
[83.817s][info][gc,phases   ] GC(179) Concurrent Reset Relocation Set 0.001ms
[83.821s][info][gc,phases   ] GC(179) Concurrent Select Relocation Set 3.602ms
[83.821s][info][gc,phases   ] GC(179) Pause Relocate Start 0.004ms
[83.822s][info][gc,phases   ] GC(179) Concurrent Relocate 0.551ms
[83.822s][info][gc,load     ] GC(179) Load: 1.58/1.42/1.59
[83.822s][info][gc,mmu      ] GC(179) MMU: 2ms/93.1%, 5ms/97.0%, 10ms/98.3%, 20ms/99.2%, 50ms/99.7%, 100ms/99.8%
[83.822s][info][gc,marking  ] GC(179) Mark: 2 stripe(s), 1 proactive flush(es), 1 terminate flush(es), 0 completion(s), 0 continuation(s) 
[83.822s][info][gc,marking  ] GC(179) Mark Stack Usage: 32M
[83.822s][info][gc,nmethod  ] GC(179) NMethods: 357 registered, 9 unregistered
[83.822s][info][gc,metaspace] GC(179) Metaspace: 0M used, 1M committed, 1088M reserved
[83.822s][info][gc,ref      ] GC(179) Soft: 2 encountered, 0 discovered, 0 enqueued
[83.822s][info][gc,ref      ] GC(179) Weak: 9 encountered, 0 discovered, 0 enqueued
[83.822s][info][gc,ref      ] GC(179) Final: 0 encountered, 0 discovered, 0 enqueued
[83.822s][info][gc,ref      ] GC(179) Phantom: 3 encountered, 1 discovered, 0 enqueued
[83.822s][info][gc,reloc    ] GC(179) Small Pages: 4 / 8M, Empty: 0M, Relocated: 0M, In-Place: 0
[83.822s][info][gc,reloc    ] GC(179) Medium Pages: 0 / 0M, Empty: 0M, Relocated: 0M, In-Place: 0
[83.822s][info][gc,reloc    ] GC(179) Large Pages: 0 / 0M, Empty: 0M, Relocated: 0M, In-Place: 0
[83.822s][info][gc,reloc    ] GC(179) Forwarding Usage: 0M
[83.822s][info][gc,heap     ] GC(179) Min Capacity: 8192M(100%)
[83.822s][info][gc,heap     ] GC(179) Max Capacity: 8192M(100%)
[83.822s][info][gc,heap     ] GC(179) Soft Max Capacity: 8192M(100%)
[83.822s][info][gc,heap     ] GC(179)                Mark Start          Mark End        Relocate Start      Relocate End           High               Low         
[83.822s][info][gc,heap     ] GC(179)  Capacity:     8192M (100%)       8192M (100%)       8192M (100%)       8192M (100%)       8192M (100%)       8192M (100%)   
[83.822s][info][gc,heap     ] GC(179)      Free:     8184M (100%)       8184M (100%)       8184M (100%)       8186M (100%)       8186M (100%)       8178M (100%)   
[83.822s][info][gc,heap     ] GC(179)      Used:        8M (0%)            8M (0%)            8M (0%)            6M (0%)           14M (0%)            6M (0%)     
[83.822s][info][gc,heap     ] GC(179)      Live:         -                 0M (0%)            0M (0%)            0M (0%)             -                  -          
[83.822s][info][gc,heap     ] GC(179) Allocated:         -                 0M (0%)            0M (0%)            0M (0%)             -                  -          
[83.822s][info][gc,heap     ] GC(179)   Garbage:         -                 7M (0%)            7M (0%)            5M (0%)             -                  -          
[83.822s][info][gc,heap     ] GC(179) Reclaimed:         -                  -                 0M (0%)            2M (0%)             -                  -          
[83.822s][info][gc          ] GC(179) Garbage Collection (System.gc()) 8M(0%)->6M(0%)
[84.280s][info][gc,start    ] GC(180) Garbage Collection (System.gc())
[84.280s][info][gc,task     ] GC(180) Using 3 workers
[84.280s][info][gc,phases   ] GC(180) Pause Mark Start 0.012ms
[84.296s][info][gc,phases   ] GC(180) Concurrent Mark 15.502ms
[84.296s][info][gc,phases   ] GC(180) Pause Mark End 0.019ms
[84.296s][info][gc,phases   ] GC(180) Concurrent Mark Free 0.000ms
[84.297s][info][gc,phases   ] GC(180) Concurrent Process Non-Strong References 1.465ms
[84.297s][info][gc,phases   ] GC(180) Concurrent Reset Relocation Set 0.001ms
[84.302s][info][gc,phases   ] GC(180) Concurrent Select Relocation Set 4.152ms
[84.302s][info][gc,phases   ] GC(180) Pause Relocate Start 0.009ms
[84.302s][info][gc,phases   ] GC(180) Concurrent Relocate 0.502ms
[84.302s][info][gc,load     ] GC(180) Load: 1.58/1.42/1.59
[84.302s][info][gc,mmu      ] GC(180) MMU: 2ms/93.1%, 5ms/97.0%, 10ms/98.3%, 20ms/99.2%, 50ms/99.7%, 100ms/99.8%
[84.302s][info][gc,marking  ] GC(180) Mark: 2 stripe(s), 1 proactive flush(es), 1 terminate flush(es), 0 completion(s), 0 continuation(s) 
[84.302s][info][gc,marking  ] GC(180) Mark Stack Usage: 32M
[84.302s][info][gc,nmethod  ] GC(180) NMethods: 357 registered, 9 unregistered
[84.302s][info][gc,metaspace] GC(180) Metaspace: 0M used, 1M committed, 1088M reserved
[84.302s][info][gc,ref      ] GC(180) Soft: 2 encountered, 0 discovered, 0 enqueued
[84.302s][info][gc,ref      ] GC(180) Weak: 9 encountered, 0 discovered, 0 enqueued
[84.302s][info][gc,ref      ] GC(180) Final: 0 encountered, 0 discovered, 0 enqueued
[84.302s][info][gc,ref      ] GC(180) Phantom: 3 encountered, 1 discovered, 0 enqueued
[84.302s][info][gc,reloc    ] GC(180) Small Pages: 4 / 8M, Empty: 0M, Relocated: 0M, In-Place: 0
[84.302s][info][gc,reloc    ] GC(180) Medium Pages: 0 / 0M, Empty: 0M, Relocated: 0M, In-Place: 0
[84.302s][info][gc,reloc    ] GC(180) Large Pages: 0 / 0M, Empty: 0M, Relocated: 0M, In-Place: 0
[84.302s][info][gc,reloc    ] GC(180) Forwarding Usage: 0M
[84.302s][info][gc,heap     ] GC(180) Min Capacity: 8192M(100%)
[84.302s][info][gc,heap     ] GC(180) Max Capacity: 8192M(100%)
[84.302s][info][gc,heap     ] GC(180) Soft Max Capacity: 8192M(100%)
[84.302s][info][gc,heap     ] GC(180)                Mark Start          Mark End        Relocate Start      Relocate End           High               Low         
[84.302s][info][gc,heap     ] GC(180)  Capacity:     8192M (100%)       8192M (100%)       8192M (100%)       8192M (100%)       8192M (100%)       8192M (100%)   
[84.302s][info][gc,heap     ] GC(180)      Free:     8184M (100%)       8184M (100%)       8184M (100%)       8186M (100%)       8186M (100%)       8178M (100%)   
[84.302s][info][gc,heap     ] GC(180)      Used:        8M (0%)            8M (0%)            8M (0%)            6M (0%)           14M (0%)            6M (0%)     
[84.302s][info][gc,heap     ] GC(180)      Live:         -                 0M (0%)            0M (0%)            0M (0%)             -                  -          
[84.302s][info][gc,heap     ] GC(180) Allocated:         -                 0M (0%)            0M (0%)            0M (0%)             -                  -          
[84.302s][info][gc,heap     ] GC(180)   Garbage:         -                 7M (0%)            7M (0%)            5M (0%)             -                  -          
[84.302s][info][gc,heap     ] GC(180) Reclaimed:         -                  -                 0M (0%)            2M (0%)             -                  -          
[84.302s][info][gc          ] GC(180) Garbage Collection (System.gc()) 8M(0%)->6M(0%)
[84.759s][info][gc,start    ] GC(181) Garbage Collection (System.gc())
[84.759s][info][gc,task     ] GC(181) Using 3 workers
[84.759s][info][gc,phases   ] GC(181) Pause Mark Start 0.012ms
[84.762s][info][gc,phases   ] GC(181) Concurrent Mark 3.373ms
[84.762s][info][gc,phases   ] GC(181) Pause Mark End 0.017ms
[84.762s][info][gc,phases   ] GC(181) Concurrent Mark Free 0.001ms
[84.764s][info][gc,phases   ] GC(181) Concurrent Process Non-Strong References 1.975ms
[84.764s][info][gc,phases   ] GC(181) Concurrent Reset Relocation Set 0.003ms
[84.773s][info][gc,phases   ] GC(181) Concurrent Select Relocation Set 8.686ms
[84.773s][info][gc,phases   ] GC(181) Pause Relocate Start 0.014ms
[84.776s][info][gc,phases   ] GC(181) Concurrent Relocate 0.725ms
[84.776s][info][gc,load     ] GC(181) Load: 1.58/1.42/1.59
[84.776s][info][gc,mmu      ] GC(181) MMU: 2ms/93.1%, 5ms/97.0%, 10ms/98.3%, 20ms/99.2%, 50ms/99.7%, 100ms/99.8%
[84.776s][info][gc,marking  ] GC(181) Mark: 2 stripe(s), 1 proactive flush(es), 1 terminate flush(es), 0 completion(s), 0 continuation(s) 
[84.776s][info][gc,marking  ] GC(181) Mark Stack Usage: 32M
[84.776s][info][gc,nmethod  ] GC(181) NMethods: 357 registered, 9 unregistered
[84.776s][info][gc,metaspace] GC(181) Metaspace: 0M used, 1M committed, 1088M reserved
[84.776s][info][gc,ref      ] GC(181) Soft: 2 encountered, 0 discovered, 0 enqueued
[84.776s][info][gc,ref      ] GC(181) Weak: 9 encountered, 1 discovered, 0 enqueued
[84.776s][info][gc,ref      ] GC(181) Final: 0 encountered, 0 discovered, 0 enqueued
[84.776s][info][gc,ref      ] GC(181) Phantom: 3 encountered, 2 discovered, 0 enqueued
[84.776s][info][gc,reloc    ] GC(181) Small Pages: 4 / 8M, Empty: 0M, Relocated: 0M, In-Place: 0
[84.776s][info][gc,reloc    ] GC(181) Medium Pages: 0 / 0M, Empty: 0M, Relocated: 0M, In-Place: 0
[84.776s][info][gc,reloc    ] GC(181) Large Pages: 0 / 0M, Empty: 0M, Relocated: 0M, In-Place: 0
[84.776s][info][gc,reloc    ] GC(181) Forwarding Usage: 0M
[84.776s][info][gc,heap     ] GC(181) Min Capacity: 8192M(100%)
[84.776s][info][gc,heap     ] GC(181) Max Capacity: 8192M(100%)
[84.776s][info][gc,heap     ] GC(181) Soft Max Capacity: 8192M(100%)
[84.776s][info][gc,heap     ] GC(181)                Mark Start          Mark End        Relocate Start      Relocate End           High               Low         
[84.776s][info][gc,heap     ] GC(181)  Capacity:     8192M (100%)       8192M (100%)       8192M (100%)       8192M (100%)       8192M (100%)       8192M (100%)   
[84.776s][info][gc,heap     ] GC(181)      Free:     8184M (100%)       8184M (100%)       8184M (100%)       8186M (100%)       8186M (100%)       8178M (100%)   
[84.776s][info][gc,heap     ] GC(181)      Used:        8M (0%)            8M (0%)            8M (0%)            6M (0%)           14M (0%)            6M (0%)     
[84.776s][info][gc,heap     ] GC(181)      Live:         -                 0M (0%)            0M (0%)            0M (0%)             -                  -          
[84.776s][info][gc,heap     ] GC(181) Allocated:         -                 0M (0%)            0M (0%)            0M (0%)             -                  -          
[84.776s][info][gc,heap     ] GC(181)   Garbage:         -                 7M (0%)            7M (0%)            5M (0%)             -                  -          
[84.776s][info][gc,heap     ] GC(181) Reclaimed:         -                  -                 0M (0%)            2M (0%)             -                  -          
[84.776s][info][gc          ] GC(181) Garbage Collection (System.gc()) 8M(0%)->6M(0%)
[85.236s][info][gc,start    ] GC(182) Garbage Collection (System.gc())
[85.236s][info][gc,task     ] GC(182) Using 3 workers
[85.236s][info][gc,phases   ] GC(182) Pause Mark Start 0.011ms
[85.241s][info][gc,phases   ] GC(182) Concurrent Mark 4.184ms
[85.241s][info][gc,phases   ] GC(182) Pause Mark End 0.021ms
[85.241s][info][gc,phases   ] GC(182) Concurrent Mark Free 0.001ms
[85.252s][info][gc,phases   ] GC(182) Concurrent Process Non-Strong References 10.850ms
[85.252s][info][gc,phases   ] GC(182) Concurrent Reset Relocation Set 0.003ms
[85.256s][info][gc,phases   ] GC(182) Concurrent Select Relocation Set 3.907ms
[85.256s][info][gc,phases   ] GC(182) Pause Relocate Start 0.006ms
[85.257s][info][gc,phases   ] GC(182) Concurrent Relocate 0.526ms
[85.257s][info][gc,load     ] GC(182) Load: 1.53/1.41/1.58
[85.257s][info][gc,mmu      ] GC(182) MMU: 2ms/93.1%, 5ms/97.0%, 10ms/98.3%, 20ms/99.2%, 50ms/99.7%, 100ms/99.8%
[85.257s][info][gc,marking  ] GC(182) Mark: 2 stripe(s), 1 proactive flush(es), 1 terminate flush(es), 0 completion(s), 0 continuation(s) 
[85.257s][info][gc,marking  ] GC(182) Mark Stack Usage: 32M
[85.257s][info][gc,nmethod  ] GC(182) NMethods: 357 registered, 9 unregistered
[85.257s][info][gc,metaspace] GC(182) Metaspace: 0M used, 1M committed, 1088M reserved
[85.257s][info][gc,ref      ] GC(182) Soft: 2 encountered, 0 discovered, 0 enqueued
[85.257s][info][gc,ref      ] GC(182) Weak: 9 encountered, 0 discovered, 0 enqueued
[85.257s][info][gc,ref      ] GC(182) Final: 0 encountered, 0 discovered, 0 enqueued
[85.257s][info][gc,ref      ] GC(182) Phantom: 3 encountered, 2 discovered, 0 enqueued
[85.257s][info][gc,reloc    ] GC(182) Small Pages: 4 / 8M, Empty: 0M, Relocated: 0M, In-Place: 0
[85.257s][info][gc,reloc    ] GC(182) Medium Pages: 0 / 0M, Empty: 0M, Relocated: 0M, In-Place: 0
[85.257s][info][gc,reloc    ] GC(182) Large Pages: 0 / 0M, Empty: 0M, Relocated: 0M, In-Place: 0
[85.257s][info][gc,reloc    ] GC(182) Forwarding Usage: 0M
[85.257s][info][gc,heap     ] GC(182) Min Capacity: 8192M(100%)
[85.257s][info][gc,heap     ] GC(182) Max Capacity: 8192M(100%)
[85.257s][info][gc,heap     ] GC(182) Soft Max Capacity: 8192M(100%)
[85.257s][info][gc,heap     ] GC(182)                Mark Start          Mark End        Relocate Start      Relocate End           High               Low         
[85.257s][info][gc,heap     ] GC(182)  Capacity:     8192M (100%)       8192M (100%)       8192M (100%)       8192M (100%)       8192M (100%)       8192M (100%)   
[85.257s][info][gc,heap     ] GC(182)      Free:     8184M (100%)       8184M (100%)       8184M (100%)       8186M (100%)       8186M (100%)       8178M (100%)   
[85.257s][info][gc,heap     ] GC(182)      Used:        8M (0%)            8M (0%)            8M (0%)            6M (0%)           14M (0%)            6M (0%)     
[85.257s][info][gc,heap     ] GC(182)      Live:         -                 0M (0%)            0M (0%)            0M (0%)             -                  -          
[85.257s][info][gc,heap     ] GC(182) Allocated:         -                 0M (0%)            0M (0%)            0M (0%)             -                  -          
[85.257s][info][gc,heap     ] GC(182)   Garbage:         -                 7M (0%)            7M (0%)            5M (0%)             -                  -          
[85.257s][info][gc,heap     ] GC(182) Reclaimed:         -                  -                 0M (0%)            2M (0%)             -                  -          
[85.257s][info][gc          ] GC(182) Garbage Collection (System.gc()) 8M(0%)->6M(0%)
[85.715s][info][gc,start    ] GC(183) Garbage Collection (System.gc())
[85.715s][info][gc,task     ] GC(183) Using 3 workers
[85.716s][info][gc,phases   ] GC(183) Pause Mark Start 0.015ms
[85.725s][info][gc,phases   ] GC(183) Concurrent Mark 8.681ms
[85.725s][info][gc,phases   ] GC(183) Pause Mark End 0.021ms
[85.726s][info][gc,phases   ] GC(183) Concurrent Mark Free 0.001ms
[85.732s][info][gc,phases   ] GC(183) Concurrent Process Non-Strong References 5.880ms
[85.732s][info][gc,phases   ] GC(183) Concurrent Reset Relocation Set 0.008ms
[85.737s][info][gc,phases   ] GC(183) Concurrent Select Relocation Set 4.779ms
[85.737s][info][gc,phases   ] GC(183) Pause Relocate Start 0.007ms
[85.737s][info][gc,phases   ] GC(183) Concurrent Relocate 0.629ms
[85.737s][info][gc,load     ] GC(183) Load: 1.53/1.41/1.58
[85.737s][info][gc,mmu      ] GC(183) MMU: 2ms/93.1%, 5ms/97.0%, 10ms/98.3%, 20ms/99.2%, 50ms/99.7%, 100ms/99.8%
[85.737s][info][gc,marking  ] GC(183) Mark: 2 stripe(s), 1 proactive flush(es), 1 terminate flush(es), 0 completion(s), 0 continuation(s) 
[85.737s][info][gc,marking  ] GC(183) Mark Stack Usage: 32M
[85.737s][info][gc,nmethod  ] GC(183) NMethods: 357 registered, 9 unregistered
[85.737s][info][gc,metaspace] GC(183) Metaspace: 0M used, 1M committed, 1088M reserved
[85.737s][info][gc,ref      ] GC(183) Soft: 2 encountered, 0 discovered, 0 enqueued
[85.737s][info][gc,ref      ] GC(183) Weak: 9 encountered, 0 discovered, 0 enqueued
[85.737s][info][gc,ref      ] GC(183) Final: 0 encountered, 0 discovered, 0 enqueued
[85.737s][info][gc,ref      ] GC(183) Phantom: 3 encountered, 2 discovered, 0 enqueued
[85.737s][info][gc,reloc    ] GC(183) Small Pages: 4 / 8M, Empty: 0M, Relocated: 0M, In-Place: 0
[85.737s][info][gc,reloc    ] GC(183) Medium Pages: 0 / 0M, Empty: 0M, Relocated: 0M, In-Place: 0
[85.737s][info][gc,reloc    ] GC(183) Large Pages: 0 / 0M, Empty: 0M, Relocated: 0M, In-Place: 0
[85.737s][info][gc,reloc    ] GC(183) Forwarding Usage: 0M
[85.737s][info][gc,heap     ] GC(183) Min Capacity: 8192M(100%)
[85.737s][info][gc,heap     ] GC(183) Max Capacity: 8192M(100%)
[85.737s][info][gc,heap     ] GC(183) Soft Max Capacity: 8192M(100%)
[85.737s][info][gc,heap     ] GC(183)                Mark Start          Mark End        Relocate Start      Relocate End           High               Low         
[85.737s][info][gc,heap     ] GC(183)  Capacity:     8192M (100%)       8192M (100%)       8192M (100%)       8192M (100%)       8192M (100%)       8192M (100%)   
[85.737s][info][gc,heap     ] GC(183)      Free:     8184M (100%)       8184M (100%)       8184M (100%)       8186M (100%)       8186M (100%)       8178M (100%)   
[85.738s][info][gc,heap     ] GC(183)      Used:        8M (0%)            8M (0%)            8M (0%)            6M (0%)           14M (0%)            6M (0%)     
[85.738s][info][gc,heap     ] GC(183)      Live:         -                 0M (0%)            0M (0%)            0M (0%)             -                  -          
[85.738s][info][gc,heap     ] GC(183) Allocated:         -                 0M (0%)            0M (0%)            0M (0%)             -                  -          
[85.738s][info][gc,heap     ] GC(183)   Garbage:         -                 7M (0%)            7M (0%)            5M (0%)             -                  -          
[85.738s][info][gc,heap     ] GC(183) Reclaimed:         -                  -                 0M (0%)            2M (0%)             -                  -          
[85.738s][info][gc          ] GC(183) Garbage Collection (System.gc()) 8M(0%)->6M(0%)
[86.190s][info][gc,start    ] GC(184) Garbage Collection (System.gc())
[86.191s][info][gc,task     ] GC(184) Using 3 workers
[86.191s][info][gc,phases   ] GC(184) Pause Mark Start 0.015ms
[86.200s][info][gc,phases   ] GC(184) Concurrent Mark 9.178ms
[86.200s][info][gc,phases   ] GC(184) Pause Mark End 0.019ms
[86.201s][info][gc,phases   ] GC(184) Concurrent Mark Free 0.001ms
[86.202s][info][gc,phases   ] GC(184) Concurrent Process Non-Strong References 1.509ms
[86.202s][info][gc,phases   ] GC(184) Concurrent Reset Relocation Set 0.003ms
[86.212s][info][gc,phases   ] GC(184) Concurrent Select Relocation Set 9.982ms
[86.212s][info][gc,phases   ] GC(184) Pause Relocate Start 0.017ms
[86.213s][info][gc,phases   ] GC(184) Concurrent Relocate 0.850ms
[86.213s][info][gc,load     ] GC(184) Load: 1.53/1.41/1.58
[86.213s][info][gc,mmu      ] GC(184) MMU: 2ms/93.1%, 5ms/97.0%, 10ms/98.3%, 20ms/99.2%, 50ms/99.7%, 100ms/99.8%
[86.213s][info][gc,marking  ] GC(184) Mark: 2 stripe(s), 1 proactive flush(es), 1 terminate flush(es), 0 completion(s), 0 continuation(s) 
[86.213s][info][gc,marking  ] GC(184) Mark Stack Usage: 32M
[86.213s][info][gc,nmethod  ] GC(184) NMethods: 357 registered, 9 unregistered
[86.213s][info][gc,metaspace] GC(184) Metaspace: 0M used, 1M committed, 1088M reserved
[86.213s][info][gc,ref      ] GC(184) Soft: 2 encountered, 0 discovered, 0 enqueued
[86.213s][info][gc,ref      ] GC(184) Weak: 9 encountered, 0 discovered, 0 enqueued
[86.213s][info][gc,ref      ] GC(184) Final: 0 encountered, 0 discovered, 0 enqueued
[86.213s][info][gc,ref      ] GC(184) Phantom: 3 encountered, 2 discovered, 0 enqueued
[86.214s][info][gc,reloc    ] GC(184) Small Pages: 4 / 8M, Empty: 0M, Relocated: 0M, In-Place: 0
[86.214s][info][gc,reloc    ] GC(184) Medium Pages: 0 / 0M, Empty: 0M, Relocated: 0M, In-Place: 0
[86.214s][info][gc,reloc    ] GC(184) Large Pages: 0 / 0M, Empty: 0M, Relocated: 0M, In-Place: 0
[86.214s][info][gc,reloc    ] GC(184) Forwarding Usage: 0M
[86.214s][info][gc,heap     ] GC(184) Min Capacity: 8192M(100%)
[86.214s][info][gc,heap     ] GC(184) Max Capacity: 8192M(100%)
[86.214s][info][gc,heap     ] GC(184) Soft Max Capacity: 8192M(100%)
[86.214s][info][gc,heap     ] GC(184)                Mark Start          Mark End        Relocate Start      Relocate End           High               Low         
[86.214s][info][gc,heap     ] GC(184)  Capacity:     8192M (100%)       8192M (100%)       8192M (100%)       8192M (100%)       8192M (100%)       8192M (100%)   
[86.214s][info][gc,heap     ] GC(184)      Free:     8184M (100%)       8184M (100%)       8184M (100%)       8190M (100%)       8190M (100%)       8182M (100%)   
[86.214s][info][gc,heap     ] GC(184)      Used:        8M (0%)            8M (0%)            8M (0%)            2M (0%)           10M (0%)            2M (0%)     
[86.214s][info][gc,heap     ] GC(184)      Live:         -                 0M (0%)            0M (0%)            0M (0%)             -                  -          
[86.214s][info][gc,heap     ] GC(184) Allocated:         -                 0M (0%)            0M (0%)            0M (0%)             -                  -          
[86.214s][info][gc,heap     ] GC(184)   Garbage:         -                 7M (0%)            7M (0%)            1M (0%)             -                  -          
[86.214s][info][gc,heap     ] GC(184) Reclaimed:         -                  -                 0M (0%)            6M (0%)             -                  -          
[86.214s][info][gc          ] GC(184) Garbage Collection (System.gc()) 8M(0%)->2M(0%)
[86.670s][info][gc,start    ] GC(185) Garbage Collection (System.gc())
[86.670s][info][gc,task     ] GC(185) Using 3 workers
[86.671s][info][gc,phases   ] GC(185) Pause Mark Start 0.012ms
[86.675s][info][gc,phases   ] GC(185) Concurrent Mark 3.140ms
[86.675s][info][gc,phases   ] GC(185) Pause Mark End 0.018ms
[86.675s][info][gc,phases   ] GC(185) Concurrent Mark Free 0.001ms
[86.676s][info][gc,phases   ] GC(185) Concurrent Process Non-Strong References 0.837ms
[86.676s][info][gc,phases   ] GC(185) Concurrent Reset Relocation Set 0.002ms
[86.687s][info][gc,phases   ] GC(185) Concurrent Select Relocation Set 10.538ms
[86.687s][info][gc,phases   ] GC(185) Pause Relocate Start 0.017ms
[86.688s][info][gc,phases   ] GC(185) Concurrent Relocate 0.754ms
[86.689s][info][gc,load     ] GC(185) Load: 1.53/1.41/1.58
[86.689s][info][gc,mmu      ] GC(185) MMU: 2ms/93.1%, 5ms/97.0%, 10ms/98.3%, 20ms/99.2%, 50ms/99.7%, 100ms/99.8%
[86.689s][info][gc,marking  ] GC(185) Mark: 2 stripe(s), 1 proactive flush(es), 1 terminate flush(es), 0 completion(s), 0 continuation(s) 
[86.689s][info][gc,marking  ] GC(185) Mark Stack Usage: 32M
[86.689s][info][gc,nmethod  ] GC(185) NMethods: 357 registered, 9 unregistered
[86.689s][info][gc,metaspace] GC(185) Metaspace: 0M used, 1M committed, 1088M reserved
[86.689s][info][gc,ref      ] GC(185) Soft: 2 encountered, 0 discovered, 0 enqueued
[86.689s][info][gc,ref      ] GC(185) Weak: 9 encountered, 0 discovered, 0 enqueued
[86.689s][info][gc,ref      ] GC(185) Final: 0 encountered, 0 discovered, 0 enqueued
[86.689s][info][gc,ref      ] GC(185) Phantom: 3 encountered, 2 discovered, 0 enqueued
[86.689s][info][gc,reloc    ] GC(185) Small Pages: 2 / 4M, Empty: 0M, Relocated: 0M, In-Place: 0
[86.689s][info][gc,reloc    ] GC(185) Medium Pages: 0 / 0M, Empty: 0M, Relocated: 0M, In-Place: 0
[86.689s][info][gc,reloc    ] GC(185) Large Pages: 0 / 0M, Empty: 0M, Relocated: 0M, In-Place: 0
[86.689s][info][gc,reloc    ] GC(185) Forwarding Usage: 0M
[86.689s][info][gc,heap     ] GC(185) Min Capacity: 8192M(100%)
[86.689s][info][gc,heap     ] GC(185) Max Capacity: 8192M(100%)
[86.689s][info][gc,heap     ] GC(185) Soft Max Capacity: 8192M(100%)
[86.689s][info][gc,heap     ] GC(185)                Mark Start          Mark End        Relocate Start      Relocate End           High               Low         
[86.689s][info][gc,heap     ] GC(185)  Capacity:     8192M (100%)       8192M (100%)       8192M (100%)       8192M (100%)       8192M (100%)       8192M (100%)   
[86.689s][info][gc,heap     ] GC(185)      Free:     8188M (100%)       8188M (100%)       8188M (100%)       8188M (100%)       8188M (100%)       8184M (100%)   
[86.689s][info][gc,heap     ] GC(185)      Used:        4M (0%)            4M (0%)            4M (0%)            4M (0%)            8M (0%)            4M (0%)     
[86.689s][info][gc,heap     ] GC(185)      Live:         -                 0M (0%)            0M (0%)            0M (0%)             -                  -          
[86.689s][info][gc,heap     ] GC(185) Allocated:         -                 0M (0%)            0M (0%)            0M (0%)             -                  -          
[86.689s][info][gc,heap     ] GC(185)   Garbage:         -                 3M (0%)            3M (0%)            3M (0%)             -                  -          
[86.689s][info][gc,heap     ] GC(185) Reclaimed:         -                  -                 0M (0%)            0M (0%)             -                  -          
[86.689s][info][gc          ] GC(185) Garbage Collection (System.gc()) 4M(0%)->4M(0%)
[87.145s][info][gc,start    ] GC(186) Garbage Collection (System.gc())
[87.145s][info][gc,task     ] GC(186) Using 3 workers
[87.145s][info][gc,phases   ] GC(186) Pause Mark Start 0.012ms
[87.149s][info][gc,phases   ] GC(186) Concurrent Mark 3.644ms
[87.149s][info][gc,phases   ] GC(186) Pause Mark End 0.017ms
[87.149s][info][gc,phases   ] GC(186) Concurrent Mark Free 0.001ms
[87.150s][info][gc,phases   ] GC(186) Concurrent Process Non-Strong References 0.763ms
[87.150s][info][gc,phases   ] GC(186) Concurrent Reset Relocation Set 0.002ms
[87.159s][info][gc,phases   ] GC(186) Concurrent Select Relocation Set 8.975ms
[87.159s][info][gc,phases   ] GC(186) Pause Relocate Start 0.013ms
[87.160s][info][gc,phases   ] GC(186) Concurrent Relocate 0.766ms
[87.160s][info][gc,load     ] GC(186) Load: 1.53/1.41/1.58
[87.160s][info][gc,mmu      ] GC(186) MMU: 2ms/93.1%, 5ms/97.0%, 10ms/98.3%, 20ms/99.2%, 50ms/99.7%, 100ms/99.8%
[87.160s][info][gc,marking  ] GC(186) Mark: 2 stripe(s), 1 proactive flush(es), 1 terminate flush(es), 0 completion(s), 0 continuation(s) 
[87.160s][info][gc,marking  ] GC(186) Mark Stack Usage: 32M
[87.160s][info][gc,nmethod  ] GC(186) NMethods: 357 registered, 9 unregistered
[87.160s][info][gc,metaspace] GC(186) Metaspace: 0M used, 1M committed, 1088M reserved
[87.160s][info][gc,ref      ] GC(186) Soft: 2 encountered, 0 discovered, 0 enqueued
[87.160s][info][gc,ref      ] GC(186) Weak: 9 encountered, 0 discovered, 0 enqueued
[87.160s][info][gc,ref      ] GC(186) Final: 0 encountered, 0 discovered, 0 enqueued
[87.160s][info][gc,ref      ] GC(186) Phantom: 3 encountered, 2 discovered, 0 enqueued
[87.160s][info][gc,reloc    ] GC(186) Small Pages: 3 / 6M, Empty: 0M, Relocated: 0M, In-Place: 0
[87.160s][info][gc,reloc    ] GC(186) Medium Pages: 0 / 0M, Empty: 0M, Relocated: 0M, In-Place: 0
[87.160s][info][gc,reloc    ] GC(186) Large Pages: 0 / 0M, Empty: 0M, Relocated: 0M, In-Place: 0
[87.160s][info][gc,reloc    ] GC(186) Forwarding Usage: 0M
[87.160s][info][gc,heap     ] GC(186) Min Capacity: 8192M(100%)
[87.160s][info][gc,heap     ] GC(186) Max Capacity: 8192M(100%)
[87.160s][info][gc,heap     ] GC(186) Soft Max Capacity: 8192M(100%)
[87.160s][info][gc,heap     ] GC(186)                Mark Start          Mark End        Relocate Start      Relocate End           High               Low         
[87.160s][info][gc,heap     ] GC(186)  Capacity:     8192M (100%)       8192M (100%)       8192M (100%)       8192M (100%)       8192M (100%)       8192M (100%)   
[87.160s][info][gc,heap     ] GC(186)      Free:     8186M (100%)       8186M (100%)       8186M (100%)       8188M (100%)       8188M (100%)       8182M (100%)   
[87.160s][info][gc,heap     ] GC(186)      Used:        6M (0%)            6M (0%)            6M (0%)            4M (0%)           10M (0%)            4M (0%)     
[87.160s][info][gc,heap     ] GC(186)      Live:         -                 0M (0%)            0M (0%)            0M (0%)             -                  -          
[87.160s][info][gc,heap     ] GC(186) Allocated:         -                 0M (0%)            0M (0%)            0M (0%)             -                  -          
[87.160s][info][gc,heap     ] GC(186)   Garbage:         -                 5M (0%)            5M (0%)            3M (0%)             -                  -          
[87.160s][info][gc,heap     ] GC(186) Reclaimed:         -                  -                 0M (0%)            2M (0%)             -                  -          
[87.160s][info][gc          ] GC(186) Garbage Collection (System.gc()) 6M(0%)->4M(0%)
[87.617s][info][gc,start    ] GC(187) Garbage Collection (System.gc())
[87.617s][info][gc,task     ] GC(187) Using 3 workers
[87.617s][info][gc,phases   ] GC(187) Pause Mark Start 0.012ms
[87.622s][info][gc,phases   ] GC(187) Concurrent Mark 3.133ms
[87.622s][info][gc,phases   ] GC(187) Pause Mark End 0.019ms
[87.622s][info][gc,phases   ] GC(187) Concurrent Mark Free 0.001ms
[87.631s][info][gc,phases   ] GC(187) Concurrent Process Non-Strong References 8.795ms
[87.631s][info][gc,phases   ] GC(187) Concurrent Reset Relocation Set 0.003ms
[87.636s][info][gc,phases   ] GC(187) Concurrent Select Relocation Set 4.963ms
[87.636s][info][gc,phases   ] GC(187) Pause Relocate Start 0.008ms
[87.637s][info][gc,phases   ] GC(187) Concurrent Relocate 0.723ms
[87.637s][info][gc,load     ] GC(187) Load: 1.53/1.41/1.58
[87.637s][info][gc,mmu      ] GC(187) MMU: 2ms/93.1%, 5ms/97.0%, 10ms/98.3%, 20ms/99.2%, 50ms/99.7%, 100ms/99.8%
[87.637s][info][gc,marking  ] GC(187) Mark: 2 stripe(s), 1 proactive flush(es), 1 terminate flush(es), 0 completion(s), 0 continuation(s) 
[87.637s][info][gc,marking  ] GC(187) Mark Stack Usage: 32M
[87.637s][info][gc,nmethod  ] GC(187) NMethods: 357 registered, 9 unregistered
[87.637s][info][gc,metaspace] GC(187) Metaspace: 0M used, 1M committed, 1088M reserved
[87.637s][info][gc,ref      ] GC(187) Soft: 2 encountered, 0 discovered, 0 enqueued
[87.637s][info][gc,ref      ] GC(187) Weak: 9 encountered, 0 discovered, 0 enqueued
[87.637s][info][gc,ref      ] GC(187) Final: 0 encountered, 0 discovered, 0 enqueued
[87.637s][info][gc,ref      ] GC(187) Phantom: 3 encountered, 2 discovered, 0 enqueued
[87.637s][info][gc,reloc    ] GC(187) Small Pages: 3 / 6M, Empty: 0M, Relocated: 0M, In-Place: 0
[87.637s][info][gc,reloc    ] GC(187) Medium Pages: 0 / 0M, Empty: 0M, Relocated: 0M, In-Place: 0
[87.637s][info][gc,reloc    ] GC(187) Large Pages: 0 / 0M, Empty: 0M, Relocated: 0M, In-Place: 0
[87.637s][info][gc,reloc    ] GC(187) Forwarding Usage: 0M
[87.637s][info][gc,heap     ] GC(187) Min Capacity: 8192M(100%)
[87.637s][info][gc,heap     ] GC(187) Max Capacity: 8192M(100%)
[87.637s][info][gc,heap     ] GC(187) Soft Max Capacity: 8192M(100%)
[87.637s][info][gc,heap     ] GC(187)                Mark Start          Mark End        Relocate Start      Relocate End           High               Low         
[87.637s][info][gc,heap     ] GC(187)  Capacity:     8192M (100%)       8192M (100%)       8192M (100%)       8192M (100%)       8192M (100%)       8192M (100%)   
[87.637s][info][gc,heap     ] GC(187)      Free:     8186M (100%)       8186M (100%)       8186M (100%)       8186M (100%)       8186M (100%)       8180M (100%)   
[87.637s][info][gc,heap     ] GC(187)      Used:        6M (0%)            6M (0%)            6M (0%)            6M (0%)           12M (0%)            6M (0%)     
[87.637s][info][gc,heap     ] GC(187)      Live:         -                 0M (0%)            0M (0%)            0M (0%)             -                  -          
[87.637s][info][gc,heap     ] GC(187) Allocated:         -                 0M (0%)            0M (0%)            0M (0%)             -                  -          
[87.637s][info][gc,heap     ] GC(187)   Garbage:         -                 5M (0%)            5M (0%)            5M (0%)             -                  -          
[87.637s][info][gc,heap     ] GC(187) Reclaimed:         -                  -                 0M (0%)            0M (0%)             -                  -          
[87.637s][info][gc          ] GC(187) Garbage Collection (System.gc()) 6M(0%)->6M(0%)
[88.093s][info][gc,start    ] GC(188) Garbage Collection (System.gc())
[88.093s][info][gc,task     ] GC(188) Using 3 workers
[88.093s][info][gc,phases   ] GC(188) Pause Mark Start 0.015ms
[88.099s][info][gc,phases   ] GC(188) Concurrent Mark 5.178ms
[88.099s][info][gc,phases   ] GC(188) Pause Mark End 0.017ms
[88.099s][info][gc,phases   ] GC(188) Concurrent Mark Free 0.001ms
[88.108s][info][gc,phases   ] GC(188) Concurrent Process Non-Strong References 8.476ms
[88.108s][info][gc,phases   ] GC(188) Concurrent Reset Relocation Set 0.002ms
[88.111s][info][gc,phases   ] GC(188) Concurrent Select Relocation Set 3.531ms
[88.112s][info][gc,phases   ] GC(188) Pause Relocate Start 0.052ms
[88.112s][info][gc,phases   ] GC(188) Concurrent Relocate 0.746ms
[88.112s][info][gc,load     ] GC(188) Load: 1.53/1.41/1.58
[88.112s][info][gc,mmu      ] GC(188) MMU: 2ms/93.1%, 5ms/97.0%, 10ms/98.3%, 20ms/99.2%, 50ms/99.7%, 100ms/99.8%
[88.112s][info][gc,marking  ] GC(188) Mark: 2 stripe(s), 1 proactive flush(es), 1 terminate flush(es), 0 completion(s), 0 continuation(s) 
[88.112s][info][gc,marking  ] GC(188) Mark Stack Usage: 32M
[88.112s][info][gc,nmethod  ] GC(188) NMethods: 357 registered, 9 unregistered
[88.112s][info][gc,metaspace] GC(188) Metaspace: 0M used, 1M committed, 1088M reserved
[88.112s][info][gc,ref      ] GC(188) Soft: 2 encountered, 0 discovered, 0 enqueued
[88.112s][info][gc,ref      ] GC(188) Weak: 9 encountered, 0 discovered, 0 enqueued
[88.113s][info][gc,ref      ] GC(188) Final: 0 encountered, 0 discovered, 0 enqueued
[88.113s][info][gc,ref      ] GC(188) Phantom: 3 encountered, 2 discovered, 0 enqueued
[88.113s][info][gc,reloc    ] GC(188) Small Pages: 4 / 8M, Empty: 0M, Relocated: 0M, In-Place: 0
[88.113s][info][gc,reloc    ] GC(188) Medium Pages: 0 / 0M, Empty: 0M, Relocated: 0M, In-Place: 0
[88.113s][info][gc,reloc    ] GC(188) Large Pages: 0 / 0M, Empty: 0M, Relocated: 0M, In-Place: 0
[88.113s][info][gc,reloc    ] GC(188) Forwarding Usage: 0M
[88.113s][info][gc,heap     ] GC(188) Min Capacity: 8192M(100%)
[88.113s][info][gc,heap     ] GC(188) Max Capacity: 8192M(100%)
[88.113s][info][gc,heap     ] GC(188) Soft Max Capacity: 8192M(100%)
[88.113s][info][gc,heap     ] GC(188)                Mark Start          Mark End        Relocate Start      Relocate End           High               Low         
[88.113s][info][gc,heap     ] GC(188)  Capacity:     8192M (100%)       8192M (100%)       8192M (100%)       8192M (100%)       8192M (100%)       8192M (100%)   
[88.113s][info][gc,heap     ] GC(188)      Free:     8184M (100%)       8184M (100%)       8184M (100%)       8186M (100%)       8186M (100%)       8178M (100%)   
[88.113s][info][gc,heap     ] GC(188)      Used:        8M (0%)            8M (0%)            8M (0%)            6M (0%)           14M (0%)            6M (0%)     
[88.113s][info][gc,heap     ] GC(188)      Live:         -                 0M (0%)            0M (0%)            0M (0%)             -                  -          
[88.113s][info][gc,heap     ] GC(188) Allocated:         -                 0M (0%)            0M (0%)            0M (0%)             -                  -          
[88.113s][info][gc,heap     ] GC(188)   Garbage:         -                 7M (0%)            7M (0%)            5M (0%)             -                  -          
[88.113s][info][gc,heap     ] GC(188) Reclaimed:         -                  -                 0M (0%)            2M (0%)             -                  -          
[88.113s][info][gc          ] GC(188) Garbage Collection (System.gc()) 8M(0%)->6M(0%)
[88.569s][info][gc,start    ] GC(189) Garbage Collection (System.gc())
[88.569s][info][gc,task     ] GC(189) Using 3 workers
[88.569s][info][gc,phases   ] GC(189) Pause Mark Start 0.013ms
[88.574s][info][gc,phases   ] GC(189) Concurrent Mark 5.067ms
[88.574s][info][gc,phases   ] GC(189) Pause Mark End 0.019ms
[88.574s][info][gc,phases   ] GC(189) Concurrent Mark Free 0.001ms
[88.576s][info][gc,phases   ] GC(189) Concurrent Process Non-Strong References 2.058ms
[88.577s][info][gc,phases   ] GC(189) Concurrent Reset Relocation Set 0.003ms
[88.588s][info][gc,phases   ] GC(189) Concurrent Select Relocation Set 10.901ms
[88.588s][info][gc,phases   ] GC(189) Pause Relocate Start 0.016ms
[88.589s][info][gc,phases   ] GC(189) Concurrent Relocate 0.781ms
[88.589s][info][gc,load     ] GC(189) Load: 1.53/1.41/1.58
[88.589s][info][gc,mmu      ] GC(189) MMU: 2ms/93.1%, 5ms/97.0%, 10ms/98.3%, 20ms/99.2%, 50ms/99.7%, 100ms/99.8%
[88.589s][info][gc,marking  ] GC(189) Mark: 2 stripe(s), 1 proactive flush(es), 1 terminate flush(es), 0 completion(s), 0 continuation(s) 
[88.589s][info][gc,marking  ] GC(189) Mark Stack Usage: 32M
[88.589s][info][gc,nmethod  ] GC(189) NMethods: 357 registered, 9 unregistered
[88.589s][info][gc,metaspace] GC(189) Metaspace: 0M used, 1M committed, 1088M reserved
[88.589s][info][gc,ref      ] GC(189) Soft: 2 encountered, 0 discovered, 0 enqueued
[88.589s][info][gc,ref      ] GC(189) Weak: 9 encountered, 0 discovered, 0 enqueued
[88.589s][info][gc,ref      ] GC(189) Final: 0 encountered, 0 discovered, 0 enqueued
[88.589s][info][gc,ref      ] GC(189) Phantom: 3 encountered, 3 discovered, 0 enqueued
[88.589s][info][gc,reloc    ] GC(189) Small Pages: 4 / 8M, Empty: 0M, Relocated: 0M, In-Place: 0
[88.589s][info][gc,reloc    ] GC(189) Medium Pages: 0 / 0M, Empty: 0M, Relocated: 0M, In-Place: 0
[88.589s][info][gc,reloc    ] GC(189) Large Pages: 0 / 0M, Empty: 0M, Relocated: 0M, In-Place: 0
[88.589s][info][gc,reloc    ] GC(189) Forwarding Usage: 0M
[88.589s][info][gc,heap     ] GC(189) Min Capacity: 8192M(100%)
[88.589s][info][gc,heap     ] GC(189) Max Capacity: 8192M(100%)
[88.589s][info][gc,heap     ] GC(189) Soft Max Capacity: 8192M(100%)
[88.589s][info][gc,heap     ] GC(189)                Mark Start          Mark End        Relocate Start      Relocate End           High               Low         
[88.589s][info][gc,heap     ] GC(189)  Capacity:     8192M (100%)       8192M (100%)       8192M (100%)       8192M (100%)       8192M (100%)       8192M (100%)   
[88.589s][info][gc,heap     ] GC(189)      Free:     8184M (100%)       8184M (100%)       8184M (100%)       8186M (100%)       8186M (100%)       8178M (100%)   
[88.589s][info][gc,heap     ] GC(189)      Used:        8M (0%)            8M (0%)            8M (0%)            6M (0%)           14M (0%)            6M (0%)     
[88.589s][info][gc,heap     ] GC(189)      Live:         -                 0M (0%)            0M (0%)            0M (0%)             -                  -          
[88.589s][info][gc,heap     ] GC(189) Allocated:         -                 0M (0%)            0M (0%)            0M (0%)             -                  -          
[88.589s][info][gc,heap     ] GC(189)   Garbage:         -                 7M (0%)            7M (0%)            5M (0%)             -                  -          
[88.589s][info][gc,heap     ] GC(189) Reclaimed:         -                  -                 0M (0%)            2M (0%)             -                  -          
[88.589s][info][gc          ] GC(189) Garbage Collection (System.gc()) 8M(0%)->6M(0%)
[89.046s][info][gc,start    ] GC(190) Garbage Collection (System.gc())
[89.046s][info][gc,task     ] GC(190) Using 3 workers
[89.047s][info][gc,phases   ] GC(190) Pause Mark Start 0.011ms
[89.059s][info][gc,phases   ] GC(190) Concurrent Mark 12.215ms
[89.059s][info][gc,phases   ] GC(190) Pause Mark End 0.016ms
[89.059s][info][gc,phases   ] GC(190) Concurrent Mark Free 0.001ms
[89.060s][info][gc,phases   ] GC(190) Concurrent Process Non-Strong References 0.851ms
[89.060s][info][gc,phases   ] GC(190) Concurrent Reset Relocation Set 0.001ms
[89.064s][info][gc,phases   ] GC(190) Concurrent Select Relocation Set 3.508ms
[89.064s][info][gc,phases   ] GC(190) Pause Relocate Start 0.006ms
[89.064s][info][gc,phases   ] GC(190) Concurrent Relocate 0.594ms
[89.064s][info][gc,load     ] GC(190) Load: 1.53/1.41/1.58
[89.064s][info][gc,mmu      ] GC(190) MMU: 2ms/93.1%, 5ms/97.0%, 10ms/98.3%, 20ms/99.2%, 50ms/99.7%, 100ms/99.8%
[89.064s][info][gc,marking  ] GC(190) Mark: 2 stripe(s), 1 proactive flush(es), 1 terminate flush(es), 0 completion(s), 0 continuation(s) 
[89.064s][info][gc,marking  ] GC(190) Mark Stack Usage: 32M
[89.064s][info][gc,nmethod  ] GC(190) NMethods: 357 registered, 9 unregistered
[89.064s][info][gc,metaspace] GC(190) Metaspace: 0M used, 1M committed, 1088M reserved
[89.064s][info][gc,ref      ] GC(190) Soft: 2 encountered, 0 discovered, 0 enqueued
[89.064s][info][gc,ref      ] GC(190) Weak: 9 encountered, 0 discovered, 0 enqueued
[89.064s][info][gc,ref      ] GC(190) Final: 0 encountered, 0 discovered, 0 enqueued
[89.064s][info][gc,ref      ] GC(190) Phantom: 3 encountered, 2 discovered, 0 enqueued
[89.064s][info][gc,reloc    ] GC(190) Small Pages: 4 / 8M, Empty: 0M, Relocated: 0M, In-Place: 0
[89.064s][info][gc,reloc    ] GC(190) Medium Pages: 0 / 0M, Empty: 0M, Relocated: 0M, In-Place: 0
[89.064s][info][gc,reloc    ] GC(190) Large Pages: 0 / 0M, Empty: 0M, Relocated: 0M, In-Place: 0
[89.064s][info][gc,reloc    ] GC(190) Forwarding Usage: 0M
[89.064s][info][gc,heap     ] GC(190) Min Capacity: 8192M(100%)
[89.064s][info][gc,heap     ] GC(190) Max Capacity: 8192M(100%)
[89.064s][info][gc,heap     ] GC(190) Soft Max Capacity: 8192M(100%)
[89.064s][info][gc,heap     ] GC(190)                Mark Start          Mark End        Relocate Start      Relocate End           High               Low         
[89.064s][info][gc,heap     ] GC(190)  Capacity:     8192M (100%)       8192M (100%)       8192M (100%)       8192M (100%)       8192M (100%)       8192M (100%)   
[89.064s][info][gc,heap     ] GC(190)      Free:     8184M (100%)       8184M (100%)       8184M (100%)       8186M (100%)       8186M (100%)       8178M (100%)   
[89.064s][info][gc,heap     ] GC(190)      Used:        8M (0%)            8M (0%)            8M (0%)            6M (0%)           14M (0%)            6M (0%)     
[89.064s][info][gc,heap     ] GC(190)      Live:         -                 0M (0%)            0M (0%)            0M (0%)             -                  -          
[89.064s][info][gc,heap     ] GC(190) Allocated:         -                 0M (0%)            0M (0%)            0M (0%)             -                  -          
[89.064s][info][gc,heap     ] GC(190)   Garbage:         -                 7M (0%)            7M (0%)            5M (0%)             -                  -          
[89.064s][info][gc,heap     ] GC(190) Reclaimed:         -                  -                 0M (0%)            2M (0%)             -                  -          
[89.064s][info][gc          ] GC(190) Garbage Collection (System.gc()) 8M(0%)->6M(0%)
[89.521s][info][gc,start    ] GC(191) Garbage Collection (System.gc())
[89.521s][info][gc,task     ] GC(191) Using 3 workers
[89.522s][info][gc,phases   ] GC(191) Pause Mark Start 0.012ms
[89.527s][info][gc,phases   ] GC(191) Concurrent Mark 5.226ms
[89.527s][info][gc,phases   ] GC(191) Pause Mark End 0.023ms
[89.527s][info][gc,phases   ] GC(191) Concurrent Mark Free 0.001ms
[89.538s][info][gc,phases   ] GC(191) Concurrent Process Non-Strong References 10.644ms
[89.538s][info][gc,phases   ] GC(191) Concurrent Reset Relocation Set 0.002ms
[89.542s][info][gc,phases   ] GC(191) Concurrent Select Relocation Set 4.378ms
[89.542s][info][gc,phases   ] GC(191) Pause Relocate Start 0.008ms
[89.543s][info][gc,phases   ] GC(191) Concurrent Relocate 0.736ms
[89.543s][info][gc,load     ] GC(191) Load: 1.53/1.41/1.58
[89.543s][info][gc,mmu      ] GC(191) MMU: 2ms/93.1%, 5ms/97.0%, 10ms/98.3%, 20ms/99.2%, 50ms/99.7%, 100ms/99.8%
[89.543s][info][gc,marking  ] GC(191) Mark: 2 stripe(s), 2 proactive flush(es), 1 terminate flush(es), 0 completion(s), 0 continuation(s) 
[89.543s][info][gc,marking  ] GC(191) Mark Stack Usage: 32M
[89.543s][info][gc,nmethod  ] GC(191) NMethods: 357 registered, 9 unregistered
[89.543s][info][gc,metaspace] GC(191) Metaspace: 0M used, 1M committed, 1088M reserved
[89.543s][info][gc,ref      ] GC(191) Soft: 2 encountered, 0 discovered, 0 enqueued
[89.543s][info][gc,ref      ] GC(191) Weak: 9 encountered, 0 discovered, 0 enqueued
[89.543s][info][gc,ref      ] GC(191) Final: 0 encountered, 0 discovered, 0 enqueued
[89.543s][info][gc,ref      ] GC(191) Phantom: 3 encountered, 2 discovered, 0 enqueued
[89.543s][info][gc,reloc    ] GC(191) Small Pages: 4 / 8M, Empty: 0M, Relocated: 0M, In-Place: 0
[89.543s][info][gc,reloc    ] GC(191) Medium Pages: 0 / 0M, Empty: 0M, Relocated: 0M, In-Place: 0
[89.543s][info][gc,reloc    ] GC(191) Large Pages: 0 / 0M, Empty: 0M, Relocated: 0M, In-Place: 0
[89.543s][info][gc,reloc    ] GC(191) Forwarding Usage: 0M
[89.543s][info][gc,heap     ] GC(191) Min Capacity: 8192M(100%)
[89.543s][info][gc,heap     ] GC(191) Max Capacity: 8192M(100%)
[89.543s][info][gc,heap     ] GC(191) Soft Max Capacity: 8192M(100%)
[89.543s][info][gc,heap     ] GC(191)                Mark Start          Mark End        Relocate Start      Relocate End           High               Low         
[89.544s][info][gc,heap     ] GC(191)  Capacity:     8192M (100%)       8192M (100%)       8192M (100%)       8192M (100%)       8192M (100%)       8192M (100%)   
[89.544s][info][gc,heap     ] GC(191)      Free:     8184M (100%)       8184M (100%)       8184M (100%)       8186M (100%)       8186M (100%)       8178M (100%)   
[89.544s][info][gc,heap     ] GC(191)      Used:        8M (0%)            8M (0%)            8M (0%)            6M (0%)           14M (0%)            6M (0%)     
[89.544s][info][gc,heap     ] GC(191)      Live:         -                 0M (0%)            0M (0%)            0M (0%)             -                  -          
[89.544s][info][gc,heap     ] GC(191) Allocated:         -                 0M (0%)            0M (0%)            0M (0%)             -                  -          
[89.544s][info][gc,heap     ] GC(191)   Garbage:         -                 7M (0%)            7M (0%)            5M (0%)             -                  -          
[89.544s][info][gc,heap     ] GC(191) Reclaimed:         -                  -                 0M (0%)            2M (0%)             -                  -          
[89.544s][info][gc          ] GC(191) Garbage Collection (System.gc()) 8M(0%)->6M(0%)
[90.008s][info][gc,start    ] GC(192) Garbage Collection (System.gc())
[90.008s][info][gc,task     ] GC(192) Using 3 workers
[90.008s][info][gc,phases   ] GC(192) Pause Mark Start 0.011ms
[90.010s][info][gc,phases   ] GC(192) Concurrent Mark 2.331ms
[90.010s][info][gc,phases   ] GC(192) Pause Mark End 0.013ms
[90.010s][info][gc,phases   ] GC(192) Concurrent Mark Free 0.000ms
[90.011s][info][gc,phases   ] GC(192) Concurrent Process Non-Strong References 0.924ms
[90.011s][info][gc,phases   ] GC(192) Concurrent Reset Relocation Set 0.001ms
[90.016s][info][gc,phases   ] GC(192) Concurrent Select Relocation Set 4.403ms
[90.016s][info][gc,phases   ] GC(192) Pause Relocate Start 0.007ms
[90.016s][info][gc,stats    ] === Garbage Collection Statistics =======================================================================================================================
[90.016s][info][gc,stats    ]                                                              Last 10s              Last 10m              Last 10h                Total
[90.016s][info][gc,stats    ]                                                              Avg / Max             Avg / Max             Avg / Max             Avg / Max
[90.016s][info][gc,stats    ]   Collector: Garbage Collection Cycle                     18.014 / 23.608       11.702 / 23.608       11.702 / 23.608       11.702 / 23.608      ms
[90.016s][info][gc,stats    ]  Contention: Mark Segment Reset Contention                     0 / 4                 0 / 4                 0 / 4                 0 / 4           ops/s
[90.016s][info][gc,stats    ]  Contention: Mark SeqNum Reset Contention                      0 / 3                 0 / 3                 0 / 3                 0 / 3           ops/s
[90.016s][info][gc,stats    ]    Critical: Allocation Stall                                  0 / 0                 0 / 0                 0 / 0                 0 / 0           ops/s
[90.016s][info][gc,stats    ]    Critical: Allocation Stall                              0.000 / 0.000         0.000 / 0.000         0.000 / 0.000         0.000 / 0.000       ms
[90.016s][info][gc,stats    ]    Critical: GC Locker Stall                                   0 / 0                 0 / 0                 0 / 0                 0 / 0           ops/s
[90.016s][info][gc,stats    ]    Critical: GC Locker Stall                               0.000 / 0.000         0.000 / 0.000         0.000 / 0.000         0.000 / 0.000       ms
[90.016s][info][gc,stats    ]    Critical: Relocation Stall                                  0 / 0                 0 / 0                 0 / 0                 0 / 0           ops/s
[90.016s][info][gc,stats    ]    Critical: Relocation Stall                              0.000 / 0.000         0.000 / 0.000         0.000 / 0.000         0.000 / 0.000       ms
[90.016s][info][gc,stats    ]      Memory: Allocation Rate                                   4 / 4                 4 / 6                 4 / 6                 4 / 6           MB/s
[90.016s][info][gc,stats    ]      Memory: Defragment                                        0 / 0                 0 / 0                 0 / 0                 0 / 0           ops/s
[90.016s][info][gc,stats    ]      Memory: Out Of Memory                                     0 / 0                 0 / 0                 0 / 0                 0 / 0           ops/s
[90.016s][info][gc,stats    ]      Memory: Page Cache Flush                                  0 / 0                 0 / 0                 0 / 0                 0 / 0           MB/s
[90.016s][info][gc,stats    ]      Memory: Page Cache Hit L1                                 7 / 11                8 / 12                8 / 12                8 / 12          ops/s
[90.016s][info][gc,stats    ]      Memory: Page Cache Hit L2                                 0 / 0                 0 / 0                 0 / 0                 0 / 0           ops/s
[90.016s][info][gc,stats    ]      Memory: Page Cache Hit L3                                 0 / 0                 0 / 6                 0 / 6                 0 / 6           ops/s
[90.016s][info][gc,stats    ]      Memory: Page Cache Miss                                   0 / 0                 0 / 1                 0 / 1                 0 / 1           ops/s
[90.016s][info][gc,stats    ]      Memory: Uncommit                                          0 / 0                 0 / 0                 0 / 0                 0 / 0           MB/s
[90.016s][info][gc,stats    ]      Memory: Undo Object Allocation Failed                     0 / 0                 0 / 0                 0 / 0                 0 / 0           ops/s
[90.016s][info][gc,stats    ]      Memory: Undo Object Allocation Succeeded                  0 / 0                 0 / 0                 0 / 0                 0 / 0           ops/s
[90.016s][info][gc,stats    ]      Memory: Undo Page Allocation                              0 / 0                 0 / 0                 0 / 0                 0 / 0           ops/s
[90.016s][info][gc,stats    ]       Phase: Concurrent Mark                               6.257 / 15.502        3.888 / 15.502        3.888 / 15.502        3.888 / 15.502      ms
[90.016s][info][gc,stats    ]       Phase: Concurrent Mark Continue                      0.000 / 0.000         0.000 / 0.000         0.000 / 0.000         0.000 / 0.000       ms
[90.016s][info][gc,stats    ]       Phase: Concurrent Mark Free                          0.001 / 0.002         0.001 / 0.004         0.001 / 0.004         0.001 / 0.004       ms
[90.017s][info][gc,stats    ]       Phase: Concurrent Process Non-Strong References      4.050 / 10.850        1.546 / 12.430        1.546 / 12.430        1.546 / 12.430      ms
[90.017s][info][gc,stats    ]       Phase: Concurrent Relocate                           0.631 / 0.850         0.616 / 1.001         0.616 / 1.001         0.616 / 1.001       ms
[90.017s][info][gc,stats    ]       Phase: Concurrent Reset Relocation Set               0.002 / 0.008         0.002 / 0.008         0.002 / 0.008         0.002 / 0.008       ms
[90.017s][info][gc,stats    ]       Phase: Concurrent Select Relocation Set              5.315 / 10.901        4.420 / 15.176        4.420 / 15.176        4.420 / 15.176      ms
[90.017s][info][gc,stats    ]       Phase: Pause Mark End                                0.019 / 0.025         0.016 / 0.137         0.016 / 0.137         0.016 / 0.137       ms
[90.017s][info][gc,stats    ]       Phase: Pause Mark Start                              0.013 / 0.015         0.011 / 0.023         0.011 / 0.023         0.011 / 0.023       ms
[90.017s][info][gc,stats    ]       Phase: Pause Relocate Start                          0.011 / 0.052         0.009 / 0.134         0.009 / 0.134         0.009 / 0.134       ms
[90.017s][info][gc,phases   ] GC(192) Concurrent Relocate 0.699ms
[90.017s][info][gc,stats    ]    Subphase: Concurrent Classes Purge                      0.030 / 0.106         0.031 / 0.287         0.031 / 0.287         0.031 / 0.287       ms
[90.017s][info][gc,stats    ]    Subphase: Concurrent Classes Unlink                     1.630 / 6.644         1.016 / 11.679        1.016 / 11.679        1.016 / 11.679      ms
[90.017s][info][gc,load     ] GC(192) Load: 1.57/1.42/1.58
[90.017s][info][gc,stats    ]    Subphase: Concurrent Mark                               2.930 / 11.772        2.109 / 11.772        2.109 / 11.772        2.109 / 11.772      ms
[90.017s][info][gc,mmu      ] GC(192) MMU: 2ms/93.1%, 5ms/97.0%, 10ms/98.3%, 20ms/99.2%, 50ms/99.7%, 100ms/99.8%
[90.017s][info][gc,stats    ]    Subphase: Concurrent Mark Try Flush                     0.292 / 1.791         0.143 / 4.336         0.143 / 4.336         0.143 / 4.336       ms
[90.017s][info][gc,marking  ] GC(192) Mark: 2 stripe(s), 1 proactive flush(es), 1 terminate flush(es), 0 completion(s), 0 continuation(s) 
[90.017s][info][gc,stats    ]    Subphase: Concurrent Mark Try Terminate                 1.085 / 8.380         0.821 / 8.474         0.821 / 8.474         0.821 / 8.474       ms
[90.017s][info][gc,marking  ] GC(192) Mark Stack Usage: 32M
[90.017s][info][gc,stats    ]    Subphase: Concurrent References Enqueue                 0.000 / 0.002         0.000 / 0.002         0.000 / 0.002         0.000 / 0.002       ms
[90.017s][info][gc,nmethod  ] GC(192) NMethods: 358 registered, 9 unregistered
[90.017s][info][gc,stats    ]    Subphase: Concurrent References Process                 1.470 / 9.180         0.237 / 9.421         0.237 / 9.421         0.237 / 9.421       ms
[90.017s][info][gc,metaspace] GC(192) Metaspace: 0M used, 1M committed, 1088M reserved
[90.017s][info][gc,stats    ]    Subphase: Concurrent Roots ClassLoaderDataGraph         0.152 / 0.901         0.116 / 2.288         0.116 / 2.288         0.116 / 2.288       ms
[90.017s][info][gc,ref      ] GC(192) Soft: 2 encountered, 0 discovered, 0 enqueued
[90.017s][info][gc,stats    ]    Subphase: Concurrent Roots CodeCache                    0.000 / 0.000         0.000 / 0.000         0.000 / 0.000         0.000 / 0.000       ms
[90.017s][info][gc,ref      ] GC(192) Weak: 9 encountered, 0 discovered, 0 enqueued
[90.017s][info][gc,stats    ]    Subphase: Concurrent Roots JavaThreads                  0.219 / 1.065         0.178 / 1.065         0.178 / 1.065         0.178 / 1.065       ms
[90.017s][info][gc,ref      ] GC(192) Final: 0 encountered, 0 discovered, 0 enqueued
[90.017s][info][gc,stats    ]    Subphase: Concurrent Roots OopStorageSet                0.016 / 0.034         0.014 / 0.307         0.014 / 0.307         0.014 / 0.307       ms
[90.017s][info][gc,ref      ] GC(192) Phantom: 3 encountered, 2 discovered, 0 enqueued
[90.017s][info][gc,stats    ]    Subphase: Concurrent Weak Roots OopStorageSet           0.081 / 0.283         0.050 / 0.518         0.050 / 0.518         0.050 / 0.518       ms
[90.017s][info][gc,reloc    ] GC(192) Small Pages: 4 / 8M, Empty: 0M, Relocated: 0M, In-Place: 0
[90.017s][info][gc,stats    ]    Subphase: Pause Mark Try Complete                       0.000 / 0.000         0.000 / 0.000         0.000 / 0.000         0.000 / 0.000       ms
[90.017s][info][gc,reloc    ] GC(192) Medium Pages: 0 / 0M, Empty: 0M, Relocated: 0M, In-Place: 0
[90.017s][info][gc,stats    ]      System: Java Threads                                     10 / 10               10 / 10               10 / 10               10 / 10          threads
[90.017s][info][gc,reloc    ] GC(192) Large Pages: 0 / 0M, Empty: 0M, Relocated: 0M, In-Place: 0
[90.017s][info][gc,stats    ] =========================================================================================================================================================
[90.017s][info][gc,reloc    ] GC(192) Forwarding Usage: 0M
[90.017s][info][gc,heap     ] GC(192) Min Capacity: 8192M(100%)
[90.017s][info][gc,heap     ] GC(192) Max Capacity: 8192M(100%)
[90.017s][info][gc,heap     ] GC(192) Soft Max Capacity: 8192M(100%)
[90.017s][info][gc,heap     ] GC(192)                Mark Start          Mark End        Relocate Start      Relocate End           High               Low         
[90.017s][info][gc,heap     ] GC(192)  Capacity:     8192M (100%)       8192M (100%)       8192M (100%)       8192M (100%)       8192M (100%)       8192M (100%)   
[90.017s][info][gc,heap     ] GC(192)      Free:     8184M (100%)       8184M (100%)       8184M (100%)       8186M (100%)       8186M (100%)       8178M (100%)   
[90.017s][info][gc,heap     ] GC(192)      Used:        8M (0%)            8M (0%)            8M (0%)            6M (0%)           14M (0%)            6M (0%)     
[90.017s][info][gc,heap     ] GC(192)      Live:         -                 0M (0%)            0M (0%)            0M (0%)             -                  -          
[90.017s][info][gc,heap     ] GC(192) Allocated:         -                 0M (0%)            0M (0%)            0M (0%)             -                  -          
[90.017s][info][gc,heap     ] GC(192)   Garbage:         -                 7M (0%)            7M (0%)            5M (0%)             -                  -          
[90.017s][info][gc,heap     ] GC(192) Reclaimed:         -                  -                 0M (0%)            2M (0%)             -                  -          
[90.017s][info][gc          ] GC(192) Garbage Collection (System.gc()) 8M(0%)->6M(0%)
[90.481s][info][gc,start    ] GC(193) Garbage Collection (System.gc())
[90.481s][info][gc,task     ] GC(193) Using 3 workers
[90.481s][info][gc,phases   ] GC(193) Pause Mark Start 0.014ms
[90.484s][info][gc,phases   ] GC(193) Concurrent Mark 2.653ms
[90.484s][info][gc,phases   ] GC(193) Pause Mark End 0.012ms
[90.484s][info][gc,phases   ] GC(193) Concurrent Mark Free 0.000ms
[90.484s][info][gc,phases   ] GC(193) Concurrent Process Non-Strong References 0.430ms
[90.484s][info][gc,phases   ] GC(193) Concurrent Reset Relocation Set 0.001ms
[90.488s][info][gc,phases   ] GC(193) Concurrent Select Relocation Set 3.771ms
[90.488s][info][gc,phases   ] GC(193) Pause Relocate Start 0.006ms
[90.489s][info][gc,phases   ] GC(193) Concurrent Relocate 0.685ms
[90.489s][info][gc,load     ] GC(193) Load: 1.57/1.42/1.58
[90.489s][info][gc,mmu      ] GC(193) MMU: 2ms/93.1%, 5ms/97.0%, 10ms/98.3%, 20ms/99.2%, 50ms/99.7%, 100ms/99.8%
[90.489s][info][gc,marking  ] GC(193) Mark: 2 stripe(s), 1 proactive flush(es), 1 terminate flush(es), 0 completion(s), 0 continuation(s) 
[90.489s][info][gc,marking  ] GC(193) Mark Stack Usage: 32M
[90.489s][info][gc,nmethod  ] GC(193) NMethods: 358 registered, 9 unregistered
[90.489s][info][gc,metaspace] GC(193) Metaspace: 0M used, 1M committed, 1088M reserved
[90.489s][info][gc,ref      ] GC(193) Soft: 2 encountered, 0 discovered, 0 enqueued
[90.489s][info][gc,ref      ] GC(193) Weak: 9 encountered, 0 discovered, 0 enqueued
[90.489s][info][gc,ref      ] GC(193) Final: 0 encountered, 0 discovered, 0 enqueued
[90.489s][info][gc,ref      ] GC(193) Phantom: 3 encountered, 2 discovered, 0 enqueued
[90.489s][info][gc,reloc    ] GC(193) Small Pages: 4 / 8M, Empty: 0M, Relocated: 0M, In-Place: 0
[90.489s][info][gc,reloc    ] GC(193) Medium Pages: 0 / 0M, Empty: 0M, Relocated: 0M, In-Place: 0
[90.489s][info][gc,reloc    ] GC(193) Large Pages: 0 / 0M, Empty: 0M, Relocated: 0M, In-Place: 0
[90.489s][info][gc,reloc    ] GC(193) Forwarding Usage: 0M
[90.489s][info][gc,heap     ] GC(193) Min Capacity: 8192M(100%)
[90.489s][info][gc,heap     ] GC(193) Max Capacity: 8192M(100%)
[90.489s][info][gc,heap     ] GC(193) Soft Max Capacity: 8192M(100%)
[90.489s][info][gc,heap     ] GC(193)                Mark Start          Mark End        Relocate Start      Relocate End           High               Low         
[90.489s][info][gc,heap     ] GC(193)  Capacity:     8192M (100%)       8192M (100%)       8192M (100%)       8192M (100%)       8192M (100%)       8192M (100%)   
[90.489s][info][gc,heap     ] GC(193)      Free:     8184M (100%)       8184M (100%)       8184M (100%)       8186M (100%)       8186M (100%)       8178M (100%)   
[90.489s][info][gc,heap     ] GC(193)      Used:        8M (0%)            8M (0%)            8M (0%)            6M (0%)           14M (0%)            6M (0%)     
[90.489s][info][gc,heap     ] GC(193)      Live:         -                 0M (0%)            0M (0%)            0M (0%)             -                  -          
[90.489s][info][gc,heap     ] GC(193) Allocated:         -                 0M (0%)            0M (0%)            0M (0%)             -                  -          
[90.489s][info][gc,heap     ] GC(193)   Garbage:         -                 7M (0%)            7M (0%)            5M (0%)             -                  -          
[90.489s][info][gc,heap     ] GC(193) Reclaimed:         -                  -                 0M (0%)            2M (0%)             -                  -          
[90.489s][info][gc          ] GC(193) Garbage Collection (System.gc()) 8M(0%)->6M(0%)
[90.952s][info][gc,start    ] GC(194) Garbage Collection (System.gc())
[90.952s][info][gc,task     ] GC(194) Using 3 workers
[90.952s][info][gc,phases   ] GC(194) Pause Mark Start 0.014ms
[90.955s][info][gc,phases   ] GC(194) Concurrent Mark 2.368ms
[90.955s][info][gc,phases   ] GC(194) Pause Mark End 0.010ms
[90.955s][info][gc,phases   ] GC(194) Concurrent Mark Free 0.000ms
[90.956s][info][gc,phases   ] GC(194) Concurrent Process Non-Strong References 0.895ms
[90.956s][info][gc,phases   ] GC(194) Concurrent Reset Relocation Set 0.001ms
[90.960s][info][gc,phases   ] GC(194) Concurrent Select Relocation Set 4.451ms
[90.960s][info][gc,phases   ] GC(194) Pause Relocate Start 0.006ms
[90.961s][info][gc,phases   ] GC(194) Concurrent Relocate 0.698ms
[90.961s][info][gc,load     ] GC(194) Load: 1.57/1.42/1.58
[90.961s][info][gc,mmu      ] GC(194) MMU: 2ms/93.1%, 5ms/97.0%, 10ms/98.3%, 20ms/99.2%, 50ms/99.7%, 100ms/99.8%
[90.961s][info][gc,marking  ] GC(194) Mark: 2 stripe(s), 1 proactive flush(es), 1 terminate flush(es), 0 completion(s), 0 continuation(s) 
[90.961s][info][gc,marking  ] GC(194) Mark Stack Usage: 32M
[90.961s][info][gc,nmethod  ] GC(194) NMethods: 358 registered, 9 unregistered
[90.961s][info][gc,metaspace] GC(194) Metaspace: 0M used, 1M committed, 1088M reserved
[90.961s][info][gc,ref      ] GC(194) Soft: 2 encountered, 0 discovered, 0 enqueued
[90.961s][info][gc,ref      ] GC(194) Weak: 9 encountered, 0 discovered, 0 enqueued
[90.961s][info][gc,ref      ] GC(194) Final: 0 encountered, 0 discovered, 0 enqueued
[90.961s][info][gc,ref      ] GC(194) Phantom: 3 encountered, 2 discovered, 0 enqueued
[90.961s][info][gc,reloc    ] GC(194) Small Pages: 4 / 8M, Empty: 0M, Relocated: 0M, In-Place: 0
[90.961s][info][gc,reloc    ] GC(194) Medium Pages: 0 / 0M, Empty: 0M, Relocated: 0M, In-Place: 0
[90.961s][info][gc,reloc    ] GC(194) Large Pages: 0 / 0M, Empty: 0M, Relocated: 0M, In-Place: 0
[90.961s][info][gc,reloc    ] GC(194) Forwarding Usage: 0M
[90.961s][info][gc,heap     ] GC(194) Min Capacity: 8192M(100%)
[90.961s][info][gc,heap     ] GC(194) Max Capacity: 8192M(100%)
[90.961s][info][gc,heap     ] GC(194) Soft Max Capacity: 8192M(100%)
[90.961s][info][gc,heap     ] GC(194)                Mark Start          Mark End        Relocate Start      Relocate End           High               Low         
[90.961s][info][gc,heap     ] GC(194)  Capacity:     8192M (100%)       8192M (100%)       8192M (100%)       8192M (100%)       8192M (100%)       8192M (100%)   
[90.961s][info][gc,heap     ] GC(194)      Free:     8184M (100%)       8184M (100%)       8184M (100%)       8186M (100%)       8186M (100%)       8178M (100%)   
[90.961s][info][gc,heap     ] GC(194)      Used:        8M (0%)            8M (0%)            8M (0%)            6M (0%)           14M (0%)            6M (0%)     
[90.961s][info][gc,heap     ] GC(194)      Live:         -                 0M (0%)            0M (0%)            0M (0%)             -                  -          
[90.961s][info][gc,heap     ] GC(194) Allocated:         -                 0M (0%)            0M (0%)            0M (0%)             -                  -          
[90.961s][info][gc,heap     ] GC(194)   Garbage:         -                 7M (0%)            7M (0%)            5M (0%)             -                  -          
[90.961s][info][gc,heap     ] GC(194) Reclaimed:         -                  -                 0M (0%)            2M (0%)             -                  -          
[90.961s][info][gc          ] GC(194) Garbage Collection (System.gc()) 8M(0%)->6M(0%)
[91.417s][info][gc,start    ] GC(195) Garbage Collection (System.gc())
[91.419s][info][gc,task     ] GC(195) Using 3 workers
[91.419s][info][gc,phases   ] GC(195) Pause Mark Start 0.015ms
[91.433s][info][gc,phases   ] GC(195) Concurrent Mark 13.395ms
[91.433s][info][gc,phases   ] GC(195) Pause Mark End 0.023ms
[91.433s][info][gc,phases   ] GC(195) Concurrent Mark Free 0.001ms
[91.436s][info][gc,phases   ] GC(195) Concurrent Process Non-Strong References 2.620ms
[91.436s][info][gc,phases   ] GC(195) Concurrent Reset Relocation Set 0.002ms
[91.439s][info][gc,phases   ] GC(195) Concurrent Select Relocation Set 3.765ms
[91.440s][info][gc,phases   ] GC(195) Pause Relocate Start 0.008ms
[91.440s][info][gc,phases   ] GC(195) Concurrent Relocate 0.780ms
[91.440s][info][gc,load     ] GC(195) Load: 1.57/1.42/1.58
[91.440s][info][gc,mmu      ] GC(195) MMU: 2ms/93.1%, 5ms/97.0%, 10ms/98.3%, 20ms/99.2%, 50ms/99.7%, 100ms/99.8%
[91.440s][info][gc,marking  ] GC(195) Mark: 2 stripe(s), 1 proactive flush(es), 1 terminate flush(es), 0 completion(s), 0 continuation(s) 
[91.440s][info][gc,marking  ] GC(195) Mark Stack Usage: 32M
[91.440s][info][gc,nmethod  ] GC(195) NMethods: 358 registered, 9 unregistered
[91.440s][info][gc,metaspace] GC(195) Metaspace: 0M used, 1M committed, 1088M reserved
[91.440s][info][gc,ref      ] GC(195) Soft: 2 encountered, 0 discovered, 0 enqueued
[91.440s][info][gc,ref      ] GC(195) Weak: 9 encountered, 0 discovered, 0 enqueued
[91.440s][info][gc,ref      ] GC(195) Final: 0 encountered, 0 discovered, 0 enqueued
[91.440s][info][gc,ref      ] GC(195) Phantom: 3 encountered, 2 discovered, 0 enqueued
[91.441s][info][gc,reloc    ] GC(195) Small Pages: 4 / 8M, Empty: 0M, Relocated: 0M, In-Place: 0
[91.441s][info][gc,reloc    ] GC(195) Medium Pages: 0 / 0M, Empty: 0M, Relocated: 0M, In-Place: 0
[91.441s][info][gc,reloc    ] GC(195) Large Pages: 0 / 0M, Empty: 0M, Relocated: 0M, In-Place: 0
[91.441s][info][gc,reloc    ] GC(195) Forwarding Usage: 0M
[91.441s][info][gc,heap     ] GC(195) Min Capacity: 8192M(100%)
[91.441s][info][gc,heap     ] GC(195) Max Capacity: 8192M(100%)
[91.441s][info][gc,heap     ] GC(195) Soft Max Capacity: 8192M(100%)
[91.441s][info][gc,heap     ] GC(195)                Mark Start          Mark End        Relocate Start      Relocate End           High               Low         
[91.441s][info][gc,heap     ] GC(195)  Capacity:     8192M (100%)       8192M (100%)       8192M (100%)       8192M (100%)       8192M (100%)       8192M (100%)   
[91.441s][info][gc,heap     ] GC(195)      Free:     8184M (100%)       8184M (100%)       8184M (100%)       8186M (100%)       8186M (100%)       8180M (100%)   
[91.441s][info][gc,heap     ] GC(195)      Used:        8M (0%)            8M (0%)            8M (0%)            6M (0%)           12M (0%)            6M (0%)     
[91.441s][info][gc,heap     ] GC(195)      Live:         -                 0M (0%)            0M (0%)            0M (0%)             -                  -          
[91.441s][info][gc,heap     ] GC(195) Allocated:         -                 0M (0%)            0M (0%)            0M (0%)             -                  -          
[91.441s][info][gc,heap     ] GC(195)   Garbage:         -                 7M (0%)            7M (0%)            5M (0%)             -                  -          
[91.441s][info][gc,heap     ] GC(195) Reclaimed:         -                  -                 0M (0%)            2M (0%)             -                  -          
[91.441s][info][gc          ] GC(195) Garbage Collection (System.gc()) 8M(0%)->6M(0%)
[91.904s][info][gc,start    ] GC(196) Garbage Collection (System.gc())
[91.904s][info][gc,task     ] GC(196) Using 3 workers
[91.905s][info][gc,phases   ] GC(196) Pause Mark Start 0.013ms
[91.907s][info][gc,phases   ] GC(196) Concurrent Mark 1.949ms
[91.907s][info][gc,phases   ] GC(196) Pause Mark End 0.008ms
[91.907s][info][gc,phases   ] GC(196) Concurrent Mark Free 0.001ms
[91.907s][info][gc,phases   ] GC(196) Concurrent Process Non-Strong References 0.408ms
[91.907s][info][gc,phases   ] GC(196) Concurrent Reset Relocation Set 0.001ms
[91.911s][info][gc,phases   ] GC(196) Concurrent Select Relocation Set 4.327ms
[91.912s][info][gc,phases   ] GC(196) Pause Relocate Start 0.007ms
[91.912s][info][gc,phases   ] GC(196) Concurrent Relocate 0.687ms
[91.912s][info][gc,load     ] GC(196) Load: 1.57/1.42/1.58
[91.912s][info][gc,mmu      ] GC(196) MMU: 2ms/93.1%, 5ms/97.0%, 10ms/98.3%, 20ms/99.2%, 50ms/99.7%, 100ms/99.8%
[91.912s][info][gc,marking  ] GC(196) Mark: 2 stripe(s), 1 proactive flush(es), 1 terminate flush(es), 0 completion(s), 0 continuation(s) 
[91.912s][info][gc,marking  ] GC(196) Mark Stack Usage: 32M
[91.912s][info][gc,nmethod  ] GC(196) NMethods: 358 registered, 9 unregistered
[91.912s][info][gc,metaspace] GC(196) Metaspace: 0M used, 1M committed, 1088M reserved
[91.912s][info][gc,ref      ] GC(196) Soft: 2 encountered, 0 discovered, 0 enqueued
[91.912s][info][gc,ref      ] GC(196) Weak: 9 encountered, 0 discovered, 0 enqueued
[91.912s][info][gc,ref      ] GC(196) Final: 0 encountered, 0 discovered, 0 enqueued
[91.912s][info][gc,ref      ] GC(196) Phantom: 3 encountered, 2 discovered, 0 enqueued
[91.912s][info][gc,reloc    ] GC(196) Small Pages: 4 / 8M, Empty: 0M, Relocated: 0M, In-Place: 0
[91.912s][info][gc,reloc    ] GC(196) Medium Pages: 0 / 0M, Empty: 0M, Relocated: 0M, In-Place: 0
[91.912s][info][gc,reloc    ] GC(196) Large Pages: 0 / 0M, Empty: 0M, Relocated: 0M, In-Place: 0
[91.912s][info][gc,reloc    ] GC(196) Forwarding Usage: 0M
[91.912s][info][gc,heap     ] GC(196) Min Capacity: 8192M(100%)
[91.912s][info][gc,heap     ] GC(196) Max Capacity: 8192M(100%)
[91.912s][info][gc,heap     ] GC(196) Soft Max Capacity: 8192M(100%)
[91.912s][info][gc,heap     ] GC(196)                Mark Start          Mark End        Relocate Start      Relocate End           High               Low         
[91.912s][info][gc,heap     ] GC(196)  Capacity:     8192M (100%)       8192M (100%)       8192M (100%)       8192M (100%)       8192M (100%)       8192M (100%)   
[91.913s][info][gc,heap     ] GC(196)      Free:     8184M (100%)       8184M (100%)       8184M (100%)       8186M (100%)       8186M (100%)       8178M (100%)   
[91.913s][info][gc,heap     ] GC(196)      Used:        8M (0%)            8M (0%)            8M (0%)            6M (0%)           14M (0%)            6M (0%)     
[91.913s][info][gc,heap     ] GC(196)      Live:         -                 0M (0%)            0M (0%)            0M (0%)             -                  -          
[91.913s][info][gc,heap     ] GC(196) Allocated:         -                 0M (0%)            0M (0%)            0M (0%)             -                  -          
[91.913s][info][gc,heap     ] GC(196)   Garbage:         -                 7M (0%)            7M (0%)            5M (0%)             -                  -          
[91.913s][info][gc,heap     ] GC(196) Reclaimed:         -                  -                 0M (0%)            2M (0%)             -                  -          
[91.913s][info][gc          ] GC(196) Garbage Collection (System.gc()) 8M(0%)->6M(0%)
[92.375s][info][gc,start    ] GC(197) Garbage Collection (System.gc())
[92.375s][info][gc,task     ] GC(197) Using 3 workers
[92.375s][info][gc,phases   ] GC(197) Pause Mark Start 0.014ms
[92.378s][info][gc,phases   ] GC(197) Concurrent Mark 2.855ms
[92.378s][info][gc,phases   ] GC(197) Pause Mark End 0.013ms
[92.379s][info][gc,phases   ] GC(197) Concurrent Mark Free 0.000ms
[92.379s][info][gc,phases   ] GC(197) Concurrent Process Non-Strong References 0.744ms
[92.379s][info][gc,phases   ] GC(197) Concurrent Reset Relocation Set 0.001ms
[92.383s][info][gc,phases   ] GC(197) Concurrent Select Relocation Set 3.691ms
[92.383s][info][gc,phases   ] GC(197) Pause Relocate Start 0.009ms
[92.384s][info][gc,phases   ] GC(197) Concurrent Relocate 0.905ms
[92.384s][info][gc,load     ] GC(197) Load: 1.57/1.42/1.58
[92.384s][info][gc,mmu      ] GC(197) MMU: 2ms/93.1%, 5ms/97.0%, 10ms/98.3%, 20ms/99.2%, 50ms/99.7%, 100ms/99.8%
[92.384s][info][gc,marking  ] GC(197) Mark: 2 stripe(s), 1 proactive flush(es), 1 terminate flush(es), 0 completion(s), 0 continuation(s) 
[92.384s][info][gc,marking  ] GC(197) Mark Stack Usage: 32M
[92.384s][info][gc,nmethod  ] GC(197) NMethods: 358 registered, 9 unregistered
[92.384s][info][gc,metaspace] GC(197) Metaspace: 0M used, 1M committed, 1088M reserved
[92.384s][info][gc,ref      ] GC(197) Soft: 2 encountered, 0 discovered, 0 enqueued
[92.384s][info][gc,ref      ] GC(197) Weak: 9 encountered, 0 discovered, 0 enqueued
[92.384s][info][gc,ref      ] GC(197) Final: 0 encountered, 0 discovered, 0 enqueued
[92.384s][info][gc,ref      ] GC(197) Phantom: 3 encountered, 2 discovered, 0 enqueued
[92.384s][info][gc,reloc    ] GC(197) Small Pages: 4 / 8M, Empty: 0M, Relocated: 0M, In-Place: 0
[92.384s][info][gc,reloc    ] GC(197) Medium Pages: 0 / 0M, Empty: 0M, Relocated: 0M, In-Place: 0
[92.384s][info][gc,reloc    ] GC(197) Large Pages: 0 / 0M, Empty: 0M, Relocated: 0M, In-Place: 0
[92.384s][info][gc,reloc    ] GC(197) Forwarding Usage: 0M
[92.384s][info][gc,heap     ] GC(197) Min Capacity: 8192M(100%)
[92.384s][info][gc,heap     ] GC(197) Max Capacity: 8192M(100%)
[92.384s][info][gc,heap     ] GC(197) Soft Max Capacity: 8192M(100%)
[92.384s][info][gc,heap     ] GC(197)                Mark Start          Mark End        Relocate Start      Relocate End           High               Low         
[92.384s][info][gc,heap     ] GC(197)  Capacity:     8192M (100%)       8192M (100%)       8192M (100%)       8192M (100%)       8192M (100%)       8192M (100%)   
[92.384s][info][gc,heap     ] GC(197)      Free:     8184M (100%)       8184M (100%)       8184M (100%)       8186M (100%)       8186M (100%)       8178M (100%)   
[92.384s][info][gc,heap     ] GC(197)      Used:        8M (0%)            8M (0%)            8M (0%)            6M (0%)           14M (0%)            6M (0%)     
[92.384s][info][gc,heap     ] GC(197)      Live:         -                 0M (0%)            0M (0%)            0M (0%)             -                  -          
[92.384s][info][gc,heap     ] GC(197) Allocated:         -                 0M (0%)            0M (0%)            0M (0%)             -                  -          
[92.384s][info][gc,heap     ] GC(197)   Garbage:         -                 7M (0%)            7M (0%)            5M (0%)             -                  -          
[92.384s][info][gc,heap     ] GC(197) Reclaimed:         -                  -                 0M (0%)            2M (0%)             -                  -          
[92.384s][info][gc          ] GC(197) Garbage Collection (System.gc()) 8M(0%)->6M(0%)
[92.838s][info][gc,start    ] GC(198) Garbage Collection (System.gc())
[92.838s][info][gc,task     ] GC(198) Using 3 workers
[92.838s][info][gc,phases   ] GC(198) Pause Mark Start 0.012ms
[92.841s][info][gc,phases   ] GC(198) Concurrent Mark 3.148ms
[92.841s][info][gc,phases   ] GC(198) Pause Mark End 0.023ms
[92.849s][info][gc,phases   ] GC(198) Concurrent Mark Free 0.004ms
[92.850s][info][gc,phases   ] GC(198) Concurrent Process Non-Strong References 0.928ms
[92.850s][info][gc,phases   ] GC(198) Concurrent Reset Relocation Set 0.003ms
[92.855s][info][gc,phases   ] GC(198) Concurrent Select Relocation Set 4.473ms
[92.855s][info][gc,phases   ] GC(198) Pause Relocate Start 0.010ms
[92.856s][info][gc,phases   ] GC(198) Concurrent Relocate 0.723ms
[92.856s][info][gc,load     ] GC(198) Load: 1.57/1.42/1.58
[92.856s][info][gc,mmu      ] GC(198) MMU: 2ms/93.1%, 5ms/97.0%, 10ms/98.3%, 20ms/99.2%, 50ms/99.7%, 100ms/99.8%
[92.856s][info][gc,marking  ] GC(198) Mark: 2 stripe(s), 1 proactive flush(es), 1 terminate flush(es), 0 completion(s), 0 continuation(s) 
[92.856s][info][gc,marking  ] GC(198) Mark Stack Usage: 32M
[92.856s][info][gc,nmethod  ] GC(198) NMethods: 358 registered, 9 unregistered
[92.856s][info][gc,metaspace] GC(198) Metaspace: 0M used, 1M committed, 1088M reserved
[92.856s][info][gc,ref      ] GC(198) Soft: 2 encountered, 0 discovered, 0 enqueued
[92.856s][info][gc,ref      ] GC(198) Weak: 9 encountered, 0 discovered, 0 enqueued
[92.856s][info][gc,ref      ] GC(198) Final: 0 encountered, 0 discovered, 0 enqueued
[92.856s][info][gc,ref      ] GC(198) Phantom: 3 encountered, 2 discovered, 0 enqueued
[92.856s][info][gc,reloc    ] GC(198) Small Pages: 4 / 8M, Empty: 0M, Relocated: 0M, In-Place: 0
[92.856s][info][gc,reloc    ] GC(198) Medium Pages: 0 / 0M, Empty: 0M, Relocated: 0M, In-Place: 0
[92.856s][info][gc,reloc    ] GC(198) Large Pages: 0 / 0M, Empty: 0M, Relocated: 0M, In-Place: 0
[92.856s][info][gc,reloc    ] GC(198) Forwarding Usage: 0M
[92.856s][info][gc,heap     ] GC(198) Min Capacity: 8192M(100%)
[92.856s][info][gc,heap     ] GC(198) Max Capacity: 8192M(100%)
[92.856s][info][gc,heap     ] GC(198) Soft Max Capacity: 8192M(100%)
[92.856s][info][gc,heap     ] GC(198)                Mark Start          Mark End        Relocate Start      Relocate End           High               Low         
[92.856s][info][gc,heap     ] GC(198)  Capacity:     8192M (100%)       8192M (100%)       8192M (100%)       8192M (100%)       8192M (100%)       8192M (100%)   
[92.856s][info][gc,heap     ] GC(198)      Free:     8184M (100%)       8184M (100%)       8184M (100%)       8186M (100%)       8186M (100%)       8178M (100%)   
[92.856s][info][gc,heap     ] GC(198)      Used:        8M (0%)            8M (0%)            8M (0%)            6M (0%)           14M (0%)            6M (0%)     
[92.856s][info][gc,heap     ] GC(198)      Live:         -                 0M (0%)            0M (0%)            0M (0%)             -                  -          
[92.856s][info][gc,heap     ] GC(198) Allocated:         -                 0M (0%)            0M (0%)            0M (0%)             -                  -          
[92.856s][info][gc,heap     ] GC(198)   Garbage:         -                 7M (0%)            7M (0%)            5M (0%)             -                  -          
[92.856s][info][gc,heap     ] GC(198) Reclaimed:         -                  -                 0M (0%)            2M (0%)             -                  -          
[92.856s][info][gc          ] GC(198) Garbage Collection (System.gc()) 8M(0%)->6M(0%)
[93.314s][info][gc,start    ] GC(199) Garbage Collection (System.gc())
[93.315s][info][gc,task     ] GC(199) Using 3 workers
[93.315s][info][gc,phases   ] GC(199) Pause Mark Start 0.015ms
[93.327s][info][gc,phases   ] GC(199) Concurrent Mark 2.980ms
[93.327s][info][gc,phases   ] GC(199) Pause Mark End 0.015ms
[93.327s][info][gc,phases   ] GC(199) Concurrent Mark Free 0.000ms
[93.328s][info][gc,phases   ] GC(199) Concurrent Process Non-Strong References 0.839ms
[93.328s][info][gc,phases   ] GC(199) Concurrent Reset Relocation Set 0.001ms
[93.331s][info][gc,phases   ] GC(199) Concurrent Select Relocation Set 3.711ms
[93.331s][info][gc,phases   ] GC(199) Pause Relocate Start 0.007ms
[93.332s][info][gc,phases   ] GC(199) Concurrent Relocate 0.693ms
[93.332s][info][gc,load     ] GC(199) Load: 1.57/1.42/1.58
[93.332s][info][gc,mmu      ] GC(199) MMU: 2ms/93.1%, 5ms/97.0%, 10ms/98.3%, 20ms/99.2%, 50ms/99.7%, 100ms/99.8%
[93.332s][info][gc,marking  ] GC(199) Mark: 2 stripe(s), 1 proactive flush(es), 1 terminate flush(es), 0 completion(s), 0 continuation(s) 
[93.332s][info][gc,marking  ] GC(199) Mark Stack Usage: 32M
[93.332s][info][gc,nmethod  ] GC(199) NMethods: 358 registered, 9 unregistered
[93.332s][info][gc,metaspace] GC(199) Metaspace: 0M used, 1M committed, 1088M reserved
[93.332s][info][gc,ref      ] GC(199) Soft: 2 encountered, 0 discovered, 0 enqueued
[93.332s][info][gc,ref      ] GC(199) Weak: 9 encountered, 0 discovered, 0 enqueued
[93.332s][info][gc,ref      ] GC(199) Final: 0 encountered, 0 discovered, 0 enqueued
[93.332s][info][gc,ref      ] GC(199) Phantom: 3 encountered, 2 discovered, 0 enqueued
[93.332s][info][gc,reloc    ] GC(199) Small Pages: 4 / 8M, Empty: 0M, Relocated: 0M, In-Place: 0
[93.332s][info][gc,reloc    ] GC(199) Medium Pages: 0 / 0M, Empty: 0M, Relocated: 0M, In-Place: 0
[93.332s][info][gc,reloc    ] GC(199) Large Pages: 0 / 0M, Empty: 0M, Relocated: 0M, In-Place: 0
[93.332s][info][gc,reloc    ] GC(199) Forwarding Usage: 0M
[93.332s][info][gc,heap     ] GC(199) Min Capacity: 8192M(100%)
[93.332s][info][gc,heap     ] GC(199) Max Capacity: 8192M(100%)
[93.332s][info][gc,heap     ] GC(199) Soft Max Capacity: 8192M(100%)
[93.332s][info][gc,heap     ] GC(199)                Mark Start          Mark End        Relocate Start      Relocate End           High               Low         
[93.332s][info][gc,heap     ] GC(199)  Capacity:     8192M (100%)       8192M (100%)       8192M (100%)       8192M (100%)       8192M (100%)       8192M (100%)   
[93.332s][info][gc,heap     ] GC(199)      Free:     8184M (100%)       8184M (100%)       8184M (100%)       8186M (100%)       8186M (100%)       8178M (100%)   
[93.332s][info][gc,heap     ] GC(199)      Used:        8M (0%)            8M (0%)            8M (0%)            6M (0%)           14M (0%)            6M (0%)     
[93.332s][info][gc,heap     ] GC(199)      Live:         -                 0M (0%)            0M (0%)            0M (0%)             -                  -          
[93.332s][info][gc,heap     ] GC(199) Allocated:         -                 0M (0%)            0M (0%)            0M (0%)             -                  -          
[93.332s][info][gc,heap     ] GC(199)   Garbage:         -                 7M (0%)            7M (0%)            5M (0%)             -                  -          
[93.332s][info][gc,heap     ] GC(199) Reclaimed:         -                  -                 0M (0%)            2M (0%)             -                  -          
[93.333s][info][gc          ] GC(199) Garbage Collection (System.gc()) 8M(0%)->6M(0%)
[93.797s][info][gc,start    ] GC(200) Garbage Collection (System.gc())
[93.798s][info][gc,task     ] GC(200) Using 3 workers
[93.798s][info][gc,phases   ] GC(200) Pause Mark Start 0.012ms
[93.801s][info][gc,phases   ] GC(200) Concurrent Mark 2.852ms
[93.801s][info][gc,phases   ] GC(200) Pause Mark End 0.017ms
[93.801s][info][gc,phases   ] GC(200) Concurrent Mark Free 0.001ms
[93.802s][info][gc,phases   ] GC(200) Concurrent Process Non-Strong References 1.019ms
[93.802s][info][gc,phases   ] GC(200) Concurrent Reset Relocation Set 0.002ms
[93.805s][info][gc,phases   ] GC(200) Concurrent Select Relocation Set 3.608ms
[93.806s][info][gc,phases   ] GC(200) Pause Relocate Start 0.009ms
[93.806s][info][gc,phases   ] GC(200) Concurrent Relocate 0.747ms
[93.806s][info][gc,load     ] GC(200) Load: 1.57/1.42/1.58
[93.806s][info][gc,mmu      ] GC(200) MMU: 2ms/93.1%, 5ms/97.0%, 10ms/98.3%, 20ms/99.2%, 50ms/99.7%, 100ms/99.8%
[93.806s][info][gc,marking  ] GC(200) Mark: 2 stripe(s), 1 proactive flush(es), 1 terminate flush(es), 0 completion(s), 0 continuation(s) 
[93.806s][info][gc,marking  ] GC(200) Mark Stack Usage: 32M
[93.806s][info][gc,nmethod  ] GC(200) NMethods: 358 registered, 9 unregistered
[93.806s][info][gc,metaspace] GC(200) Metaspace: 0M used, 1M committed, 1088M reserved
[93.806s][info][gc,ref      ] GC(200) Soft: 2 encountered, 0 discovered, 0 enqueued
[93.806s][info][gc,ref      ] GC(200) Weak: 9 encountered, 0 discovered, 0 enqueued
[93.807s][info][gc,ref      ] GC(200) Final: 0 encountered, 0 discovered, 0 enqueued
[93.807s][info][gc,ref      ] GC(200) Phantom: 3 encountered, 2 discovered, 0 enqueued
[93.807s][info][gc,reloc    ] GC(200) Small Pages: 4 / 8M, Empty: 0M, Relocated: 0M, In-Place: 0
[93.807s][info][gc,reloc    ] GC(200) Medium Pages: 0 / 0M, Empty: 0M, Relocated: 0M, In-Place: 0
[93.807s][info][gc,reloc    ] GC(200) Large Pages: 0 / 0M, Empty: 0M, Relocated: 0M, In-Place: 0
[93.807s][info][gc,reloc    ] GC(200) Forwarding Usage: 0M
[93.807s][info][gc,heap     ] GC(200) Min Capacity: 8192M(100%)
[93.807s][info][gc,heap     ] GC(200) Max Capacity: 8192M(100%)
[93.807s][info][gc,heap     ] GC(200) Soft Max Capacity: 8192M(100%)
[93.807s][info][gc,heap     ] GC(200)                Mark Start          Mark End        Relocate Start      Relocate End           High               Low         
[93.807s][info][gc,heap     ] GC(200)  Capacity:     8192M (100%)       8192M (100%)       8192M (100%)       8192M (100%)       8192M (100%)       8192M (100%)   
[93.807s][info][gc,heap     ] GC(200)      Free:     8184M (100%)       8184M (100%)       8184M (100%)       8186M (100%)       8186M (100%)       8178M (100%)   
[93.807s][info][gc,heap     ] GC(200)      Used:        8M (0%)            8M (0%)            8M (0%)            6M (0%)           14M (0%)            6M (0%)     
[93.807s][info][gc,heap     ] GC(200)      Live:         -                 0M (0%)            0M (0%)            0M (0%)             -                  -          
[93.807s][info][gc,heap     ] GC(200) Allocated:         -                 0M (0%)            0M (0%)            0M (0%)             -                  -          
[93.807s][info][gc,heap     ] GC(200)   Garbage:         -                 7M (0%)            7M (0%)            5M (0%)             -                  -          
[93.807s][info][gc,heap     ] GC(200) Reclaimed:         -                  -                 0M (0%)            2M (0%)             -                  -          
[93.807s][info][gc          ] GC(200) Garbage Collection (System.gc()) 8M(0%)->6M(0%)
[94.267s][info][gc,start    ] GC(201) Garbage Collection (System.gc())
[94.267s][info][gc,task     ] GC(201) Using 3 workers
[94.267s][info][gc,phases   ] GC(201) Pause Mark Start 0.007ms
[94.270s][info][gc,phases   ] GC(201) Concurrent Mark 2.344ms
[94.270s][info][gc,phases   ] GC(201) Pause Mark End 0.007ms
[94.270s][info][gc,phases   ] GC(201) Concurrent Mark Free 0.000ms
[94.270s][info][gc,phases   ] GC(201) Concurrent Process Non-Strong References 0.387ms
[94.270s][info][gc,phases   ] GC(201) Concurrent Reset Relocation Set 0.001ms
[94.274s][info][gc,phases   ] GC(201) Concurrent Select Relocation Set 3.997ms
[94.274s][info][gc,phases   ] GC(201) Pause Relocate Start 0.014ms
[94.275s][info][gc,phases   ] GC(201) Concurrent Relocate 0.816ms
[94.275s][info][gc,load     ] GC(201) Load: 1.57/1.42/1.58
[94.275s][info][gc,mmu      ] GC(201) MMU: 2ms/93.1%, 5ms/97.0%, 10ms/98.3%, 20ms/99.2%, 50ms/99.7%, 100ms/99.8%
[94.275s][info][gc,marking  ] GC(201) Mark: 2 stripe(s), 1 proactive flush(es), 1 terminate flush(es), 0 completion(s), 0 continuation(s) 
[94.275s][info][gc,marking  ] GC(201) Mark Stack Usage: 32M
[94.275s][info][gc,nmethod  ] GC(201) NMethods: 358 registered, 9 unregistered
[94.275s][info][gc,metaspace] GC(201) Metaspace: 0M used, 1M committed, 1088M reserved
[94.275s][info][gc,ref      ] GC(201) Soft: 2 encountered, 0 discovered, 0 enqueued
[94.275s][info][gc,ref      ] GC(201) Weak: 9 encountered, 0 discovered, 0 enqueued
[94.275s][info][gc,ref      ] GC(201) Final: 0 encountered, 0 discovered, 0 enqueued
[94.275s][info][gc,ref      ] GC(201) Phantom: 3 encountered, 2 discovered, 0 enqueued
[94.275s][info][gc,reloc    ] GC(201) Small Pages: 4 / 8M, Empty: 0M, Relocated: 0M, In-Place: 0
[94.275s][info][gc,reloc    ] GC(201) Medium Pages: 0 / 0M, Empty: 0M, Relocated: 0M, In-Place: 0
[94.275s][info][gc,reloc    ] GC(201) Large Pages: 0 / 0M, Empty: 0M, Relocated: 0M, In-Place: 0
[94.275s][info][gc,reloc    ] GC(201) Forwarding Usage: 0M
[94.275s][info][gc,heap     ] GC(201) Min Capacity: 8192M(100%)
[94.275s][info][gc,heap     ] GC(201) Max Capacity: 8192M(100%)
[94.275s][info][gc,heap     ] GC(201) Soft Max Capacity: 8192M(100%)
[94.275s][info][gc,heap     ] GC(201)                Mark Start          Mark End        Relocate Start      Relocate End           High               Low         
[94.275s][info][gc,heap     ] GC(201)  Capacity:     8192M (100%)       8192M (100%)       8192M (100%)       8192M (100%)       8192M (100%)       8192M (100%)   
[94.275s][info][gc,heap     ] GC(201)      Free:     8184M (100%)       8184M (100%)       8184M (100%)       8186M (100%)       8186M (100%)       8178M (100%)   
[94.275s][info][gc,heap     ] GC(201)      Used:        8M (0%)            8M (0%)            8M (0%)            6M (0%)           14M (0%)            6M (0%)     
[94.275s][info][gc,heap     ] GC(201)      Live:         -                 0M (0%)            0M (0%)            0M (0%)             -                  -          
[94.275s][info][gc,heap     ] GC(201) Allocated:         -                 0M (0%)            0M (0%)            0M (0%)             -                  -          
[94.275s][info][gc,heap     ] GC(201)   Garbage:         -                 7M (0%)            7M (0%)            5M (0%)             -                  -          
[94.275s][info][gc,heap     ] GC(201) Reclaimed:         -                  -                 0M (0%)            2M (0%)             -                  -          
[94.275s][info][gc          ] GC(201) Garbage Collection (System.gc()) 8M(0%)->6M(0%)
[94.730s][info][gc,start    ] GC(202) Garbage Collection (System.gc())
[94.730s][info][gc,task     ] GC(202) Using 3 workers
[94.731s][info][gc,phases   ] GC(202) Pause Mark Start 0.014ms
[94.743s][info][gc,phases   ] GC(202) Concurrent Mark 12.325ms
[94.743s][info][gc,phases   ] GC(202) Pause Mark End 0.022ms
[94.743s][info][gc,phases   ] GC(202) Concurrent Mark Free 0.003ms
[94.744s][info][gc,phases   ] GC(202) Concurrent Process Non-Strong References 0.968ms
[94.744s][info][gc,phases   ] GC(202) Concurrent Reset Relocation Set 0.001ms
[94.748s][info][gc,phases   ] GC(202) Concurrent Select Relocation Set 3.718ms
[94.748s][info][gc,phases   ] GC(202) Pause Relocate Start 0.008ms
[94.749s][info][gc,phases   ] GC(202) Concurrent Relocate 0.745ms
[94.749s][info][gc,load     ] GC(202) Load: 1.57/1.42/1.58
[94.749s][info][gc,mmu      ] GC(202) MMU: 2ms/93.1%, 5ms/97.0%, 10ms/98.3%, 20ms/99.2%, 50ms/99.7%, 100ms/99.8%
[94.749s][info][gc,marking  ] GC(202) Mark: 2 stripe(s), 1 proactive flush(es), 1 terminate flush(es), 0 completion(s), 0 continuation(s) 
[94.749s][info][gc,marking  ] GC(202) Mark Stack Usage: 32M
[94.749s][info][gc,nmethod  ] GC(202) NMethods: 358 registered, 9 unregistered
[94.749s][info][gc,metaspace] GC(202) Metaspace: 0M used, 1M committed, 1088M reserved
[94.749s][info][gc,ref      ] GC(202) Soft: 2 encountered, 0 discovered, 0 enqueued
[94.749s][info][gc,ref      ] GC(202) Weak: 9 encountered, 0 discovered, 0 enqueued
[94.749s][info][gc,ref      ] GC(202) Final: 0 encountered, 0 discovered, 0 enqueued
[94.749s][info][gc,ref      ] GC(202) Phantom: 3 encountered, 1 discovered, 0 enqueued
[94.749s][info][gc,reloc    ] GC(202) Small Pages: 4 / 8M, Empty: 0M, Relocated: 0M, In-Place: 0
[94.749s][info][gc,reloc    ] GC(202) Medium Pages: 0 / 0M, Empty: 0M, Relocated: 0M, In-Place: 0
[94.749s][info][gc,reloc    ] GC(202) Large Pages: 0 / 0M, Empty: 0M, Relocated: 0M, In-Place: 0
[94.749s][info][gc,reloc    ] GC(202) Forwarding Usage: 0M
[94.749s][info][gc,heap     ] GC(202) Min Capacity: 8192M(100%)
[94.749s][info][gc,heap     ] GC(202) Max Capacity: 8192M(100%)
[94.749s][info][gc,heap     ] GC(202) Soft Max Capacity: 8192M(100%)
[94.749s][info][gc,heap     ] GC(202)                Mark Start          Mark End        Relocate Start      Relocate End           High               Low         
[94.749s][info][gc,heap     ] GC(202)  Capacity:     8192M (100%)       8192M (100%)       8192M (100%)       8192M (100%)       8192M (100%)       8192M (100%)   
[94.749s][info][gc,heap     ] GC(202)      Free:     8184M (100%)       8184M (100%)       8184M (100%)       8186M (100%)       8186M (100%)       8178M (100%)   
[94.749s][info][gc,heap     ] GC(202)      Used:        8M (0%)            8M (0%)            8M (0%)            6M (0%)           14M (0%)            6M (0%)     
[94.749s][info][gc,heap     ] GC(202)      Live:         -                 0M (0%)            0M (0%)            0M (0%)             -                  -          
[94.749s][info][gc,heap     ] GC(202) Allocated:         -                 0M (0%)            0M (0%)            0M (0%)             -                  -          
[94.749s][info][gc,heap     ] GC(202)   Garbage:         -                 7M (0%)            7M (0%)            5M (0%)             -                  -          
[94.749s][info][gc,heap     ] GC(202) Reclaimed:         -                  -                 0M (0%)            2M (0%)             -                  -          
[94.749s][info][gc          ] GC(202) Garbage Collection (System.gc()) 8M(0%)->6M(0%)
[95.212s][info][gc,start    ] GC(203) Garbage Collection (System.gc())
[95.212s][info][gc,task     ] GC(203) Using 3 workers
[95.212s][info][gc,phases   ] GC(203) Pause Mark Start 0.013ms
[95.215s][info][gc,phases   ] GC(203) Concurrent Mark 2.412ms
[95.215s][info][gc,phases   ] GC(203) Pause Mark End 0.012ms
[95.215s][info][gc,phases   ] GC(203) Concurrent Mark Free 0.000ms
[95.215s][info][gc,phases   ] GC(203) Concurrent Process Non-Strong References 0.453ms
[95.215s][info][gc,phases   ] GC(203) Concurrent Reset Relocation Set 0.001ms
[95.219s][info][gc,phases   ] GC(203) Concurrent Select Relocation Set 3.902ms
[95.219s][info][gc,phases   ] GC(203) Pause Relocate Start 0.017ms
[95.220s][info][gc,phases   ] GC(203) Concurrent Relocate 0.875ms
[95.220s][info][gc,load     ] GC(203) Load: 1.44/1.40/1.57
[95.220s][info][gc,mmu      ] GC(203) MMU: 2ms/93.1%, 5ms/97.0%, 10ms/98.3%, 20ms/99.2%, 50ms/99.7%, 100ms/99.8%
[95.220s][info][gc,marking  ] GC(203) Mark: 2 stripe(s), 1 proactive flush(es), 1 terminate flush(es), 0 completion(s), 0 continuation(s) 
[95.221s][info][gc,marking  ] GC(203) Mark Stack Usage: 32M
[95.221s][info][gc,nmethod  ] GC(203) NMethods: 358 registered, 9 unregistered
[95.221s][info][gc,metaspace] GC(203) Metaspace: 0M used, 1M committed, 1088M reserved
[95.221s][info][gc,ref      ] GC(203) Soft: 2 encountered, 0 discovered, 0 enqueued
[95.221s][info][gc,ref      ] GC(203) Weak: 9 encountered, 0 discovered, 0 enqueued
[95.221s][info][gc,ref      ] GC(203) Final: 0 encountered, 0 discovered, 0 enqueued
[95.221s][info][gc,ref      ] GC(203) Phantom: 3 encountered, 1 discovered, 0 enqueued
[95.221s][info][gc,reloc    ] GC(203) Small Pages: 4 / 8M, Empty: 0M, Relocated: 0M, In-Place: 0
[95.221s][info][gc,reloc    ] GC(203) Medium Pages: 0 / 0M, Empty: 0M, Relocated: 0M, In-Place: 0
[95.221s][info][gc,reloc    ] GC(203) Large Pages: 0 / 0M, Empty: 0M, Relocated: 0M, In-Place: 0
[95.221s][info][gc,reloc    ] GC(203) Forwarding Usage: 0M
[95.221s][info][gc,heap     ] GC(203) Min Capacity: 8192M(100%)
[95.221s][info][gc,heap     ] GC(203) Max Capacity: 8192M(100%)
[95.221s][info][gc,heap     ] GC(203) Soft Max Capacity: 8192M(100%)
[95.221s][info][gc,heap     ] GC(203)                Mark Start          Mark End        Relocate Start      Relocate End           High               Low         
[95.221s][info][gc,heap     ] GC(203)  Capacity:     8192M (100%)       8192M (100%)       8192M (100%)       8192M (100%)       8192M (100%)       8192M (100%)   
[95.221s][info][gc,heap     ] GC(203)      Free:     8184M (100%)       8184M (100%)       8184M (100%)       8188M (100%)       8188M (100%)       8180M (100%)   
[95.221s][info][gc,heap     ] GC(203)      Used:        8M (0%)            8M (0%)            8M (0%)            4M (0%)           12M (0%)            4M (0%)     
[95.221s][info][gc,heap     ] GC(203)      Live:         -                 0M (0%)            0M (0%)            0M (0%)             -                  -          
[95.221s][info][gc,heap     ] GC(203) Allocated:         -                 0M (0%)            0M (0%)            0M (0%)             -                  -          
[95.221s][info][gc,heap     ] GC(203)   Garbage:         -                 7M (0%)            7M (0%)            3M (0%)             -                  -          
[95.221s][info][gc,heap     ] GC(203) Reclaimed:         -                  -                 0M (0%)            4M (0%)             -                  -          
[95.221s][info][gc          ] GC(203) Garbage Collection (System.gc()) 8M(0%)->4M(0%)
[95.687s][info][gc,start    ] GC(204) Garbage Collection (System.gc())
[95.687s][info][gc,task     ] GC(204) Using 3 workers
[95.687s][info][gc,phases   ] GC(204) Pause Mark Start 0.008ms
[95.689s][info][gc,phases   ] GC(204) Concurrent Mark 1.855ms
[95.689s][info][gc,phases   ] GC(204) Pause Mark End 0.006ms
[95.689s][info][gc,phases   ] GC(204) Concurrent Mark Free 0.000ms
[95.690s][info][gc,phases   ] GC(204) Concurrent Process Non-Strong References 0.858ms
[95.690s][info][gc,phases   ] GC(204) Concurrent Reset Relocation Set 0.001ms
[95.692s][info][gc,phases   ] GC(204) Concurrent Select Relocation Set 2.434ms
[95.692s][info][gc,phases   ] GC(204) Pause Relocate Start 0.004ms
[95.693s][info][gc,phases   ] GC(204) Concurrent Relocate 0.362ms
[95.693s][info][gc,load     ] GC(204) Load: 1.44/1.40/1.57
[95.693s][info][gc,mmu      ] GC(204) MMU: 2ms/93.1%, 5ms/97.0%, 10ms/98.3%, 20ms/99.2%, 50ms/99.7%, 100ms/99.8%
[95.693s][info][gc,marking  ] GC(204) Mark: 2 stripe(s), 1 proactive flush(es), 1 terminate flush(es), 0 completion(s), 0 continuation(s) 
[95.693s][info][gc,marking  ] GC(204) Mark Stack Usage: 32M
[95.693s][info][gc,nmethod  ] GC(204) NMethods: 358 registered, 9 unregistered
[95.693s][info][gc,metaspace] GC(204) Metaspace: 0M used, 1M committed, 1088M reserved
[95.693s][info][gc,ref      ] GC(204) Soft: 2 encountered, 0 discovered, 0 enqueued
[95.693s][info][gc,ref      ] GC(204) Weak: 9 encountered, 0 discovered, 0 enqueued
[95.693s][info][gc,ref      ] GC(204) Final: 0 encountered, 0 discovered, 0 enqueued
[95.693s][info][gc,ref      ] GC(204) Phantom: 3 encountered, 3 discovered, 0 enqueued
[95.693s][info][gc,reloc    ] GC(204) Small Pages: 3 / 6M, Empty: 0M, Relocated: 0M, In-Place: 0
[95.693s][info][gc,reloc    ] GC(204) Medium Pages: 0 / 0M, Empty: 0M, Relocated: 0M, In-Place: 0
[95.693s][info][gc,reloc    ] GC(204) Large Pages: 0 / 0M, Empty: 0M, Relocated: 0M, In-Place: 0
[95.693s][info][gc,reloc    ] GC(204) Forwarding Usage: 0M
[95.693s][info][gc,heap     ] GC(204) Min Capacity: 8192M(100%)
[95.693s][info][gc,heap     ] GC(204) Max Capacity: 8192M(100%)
[95.693s][info][gc,heap     ] GC(204) Soft Max Capacity: 8192M(100%)
[95.693s][info][gc,heap     ] GC(204)                Mark Start          Mark End        Relocate Start      Relocate End           High               Low         
[95.693s][info][gc,heap     ] GC(204)  Capacity:     8192M (100%)       8192M (100%)       8192M (100%)       8192M (100%)       8192M (100%)       8192M (100%)   
[95.693s][info][gc,heap     ] GC(204)      Free:     8186M (100%)       8186M (100%)       8186M (100%)       8186M (100%)       8186M (100%)       8180M (100%)   
[95.693s][info][gc,heap     ] GC(204)      Used:        6M (0%)            6M (0%)            6M (0%)            6M (0%)           12M (0%)            6M (0%)     
[95.693s][info][gc,heap     ] GC(204)      Live:         -                 0M (0%)            0M (0%)            0M (0%)             -                  -          
[95.693s][info][gc,heap     ] GC(204) Allocated:         -                 0M (0%)            0M (0%)            0M (0%)             -                  -          
[95.693s][info][gc,heap     ] GC(204)   Garbage:         -                 5M (0%)            5M (0%)            5M (0%)             -                  -          
[95.693s][info][gc,heap     ] GC(204) Reclaimed:         -                  -                 0M (0%)            0M (0%)             -                  -          
[95.693s][info][gc          ] GC(204) Garbage Collection (System.gc()) 6M(0%)->6M(0%)
[96.157s][info][gc,start    ] GC(205) Garbage Collection (System.gc())
[96.157s][info][gc,task     ] GC(205) Using 3 workers
[96.157s][info][gc,phases   ] GC(205) Pause Mark Start 0.013ms
[96.160s][info][gc,phases   ] GC(205) Concurrent Mark 2.639ms
[96.160s][info][gc,phases   ] GC(205) Pause Mark End 0.012ms
[96.160s][info][gc,phases   ] GC(205) Concurrent Mark Free 0.000ms
[96.161s][info][gc,phases   ] GC(205) Concurrent Process Non-Strong References 0.863ms
[96.161s][info][gc,phases   ] GC(205) Concurrent Reset Relocation Set 0.001ms
[96.164s][info][gc,phases   ] GC(205) Concurrent Select Relocation Set 2.980ms
[96.164s][info][gc,phases   ] GC(205) Pause Relocate Start 0.007ms
[96.165s][info][gc,phases   ] GC(205) Concurrent Relocate 0.636ms
[96.165s][info][gc,load     ] GC(205) Load: 1.44/1.40/1.57
[96.165s][info][gc,mmu      ] GC(205) MMU: 2ms/93.1%, 5ms/97.0%, 10ms/98.3%, 20ms/99.2%, 50ms/99.7%, 100ms/99.8%
[96.165s][info][gc,marking  ] GC(205) Mark: 2 stripe(s), 1 proactive flush(es), 1 terminate flush(es), 0 completion(s), 0 continuation(s) 
[96.165s][info][gc,marking  ] GC(205) Mark Stack Usage: 32M
[96.165s][info][gc,nmethod  ] GC(205) NMethods: 358 registered, 9 unregistered
[96.165s][info][gc,metaspace] GC(205) Metaspace: 0M used, 1M committed, 1088M reserved
[96.165s][info][gc,ref      ] GC(205) Soft: 2 encountered, 0 discovered, 0 enqueued
[96.165s][info][gc,ref      ] GC(205) Weak: 9 encountered, 0 discovered, 0 enqueued
[96.165s][info][gc,ref      ] GC(205) Final: 0 encountered, 0 discovered, 0 enqueued
[96.165s][info][gc,ref      ] GC(205) Phantom: 3 encountered, 3 discovered, 0 enqueued
[96.165s][info][gc,reloc    ] GC(205) Small Pages: 4 / 8M, Empty: 0M, Relocated: 0M, In-Place: 0
[96.165s][info][gc,reloc    ] GC(205) Medium Pages: 0 / 0M, Empty: 0M, Relocated: 0M, In-Place: 0
[96.165s][info][gc,reloc    ] GC(205) Large Pages: 0 / 0M, Empty: 0M, Relocated: 0M, In-Place: 0
[96.165s][info][gc,reloc    ] GC(205) Forwarding Usage: 0M
[96.165s][info][gc,heap     ] GC(205) Min Capacity: 8192M(100%)
[96.165s][info][gc,heap     ] GC(205) Max Capacity: 8192M(100%)
[96.165s][info][gc,heap     ] GC(205) Soft Max Capacity: 8192M(100%)
[96.165s][info][gc,heap     ] GC(205)                Mark Start          Mark End        Relocate Start      Relocate End           High               Low         
[96.165s][info][gc,heap     ] GC(205)  Capacity:     8192M (100%)       8192M (100%)       8192M (100%)       8192M (100%)       8192M (100%)       8192M (100%)   
[96.165s][info][gc,heap     ] GC(205)      Free:     8184M (100%)       8184M (100%)       8184M (100%)       8186M (100%)       8186M (100%)       8178M (100%)   
[96.165s][info][gc,heap     ] GC(205)      Used:        8M (0%)            8M (0%)            8M (0%)            6M (0%)           14M (0%)            6M (0%)     
[96.165s][info][gc,heap     ] GC(205)      Live:         -                 0M (0%)            0M (0%)            0M (0%)             -                  -          
[96.165s][info][gc,heap     ] GC(205) Allocated:         -                 0M (0%)            0M (0%)            0M (0%)             -                  -          
[96.165s][info][gc,heap     ] GC(205)   Garbage:         -                 7M (0%)            7M (0%)            5M (0%)             -                  -          
[96.165s][info][gc,heap     ] GC(205) Reclaimed:         -                  -                 0M (0%)            2M (0%)             -                  -          
[96.165s][info][gc          ] GC(205) Garbage Collection (System.gc()) 8M(0%)->6M(0%)
[96.629s][info][gc,start    ] GC(206) Garbage Collection (System.gc())
[96.629s][info][gc,task     ] GC(206) Using 3 workers
[96.629s][info][gc,phases   ] GC(206) Pause Mark Start 0.011ms
[96.632s][info][gc,phases   ] GC(206) Concurrent Mark 2.610ms
[96.632s][info][gc,phases   ] GC(206) Pause Mark End 0.013ms
[96.632s][info][gc,phases   ] GC(206) Concurrent Mark Free 0.000ms
[96.633s][info][gc,phases   ] GC(206) Concurrent Process Non-Strong References 0.936ms
[96.633s][info][gc,phases   ] GC(206) Concurrent Reset Relocation Set 0.005ms
[96.637s][info][gc,phases   ] GC(206) Concurrent Select Relocation Set 4.337ms
[96.637s][info][gc,phases   ] GC(206) Pause Relocate Start 0.007ms
[96.638s][info][gc,phases   ] GC(206) Concurrent Relocate 0.758ms
[96.638s][info][gc,load     ] GC(206) Load: 1.44/1.40/1.57
[96.638s][info][gc,mmu      ] GC(206) MMU: 2ms/93.1%, 5ms/97.0%, 10ms/98.3%, 20ms/99.2%, 50ms/99.7%, 100ms/99.8%
[96.638s][info][gc,marking  ] GC(206) Mark: 2 stripe(s), 1 proactive flush(es), 1 terminate flush(es), 0 completion(s), 0 continuation(s) 
[96.638s][info][gc,marking  ] GC(206) Mark Stack Usage: 32M
[96.638s][info][gc,nmethod  ] GC(206) NMethods: 358 registered, 9 unregistered
[96.638s][info][gc,metaspace] GC(206) Metaspace: 0M used, 1M committed, 1088M reserved
[96.638s][info][gc,ref      ] GC(206) Soft: 2 encountered, 0 discovered, 0 enqueued
[96.638s][info][gc,ref      ] GC(206) Weak: 9 encountered, 0 discovered, 0 enqueued
[96.638s][info][gc,ref      ] GC(206) Final: 0 encountered, 0 discovered, 0 enqueued
[96.638s][info][gc,ref      ] GC(206) Phantom: 3 encountered, 1 discovered, 0 enqueued
[96.638s][info][gc,reloc    ] GC(206) Small Pages: 4 / 8M, Empty: 0M, Relocated: 0M, In-Place: 0
[96.638s][info][gc,reloc    ] GC(206) Medium Pages: 0 / 0M, Empty: 0M, Relocated: 0M, In-Place: 0
[96.638s][info][gc,reloc    ] GC(206) Large Pages: 0 / 0M, Empty: 0M, Relocated: 0M, In-Place: 0
[96.638s][info][gc,reloc    ] GC(206) Forwarding Usage: 0M
[96.638s][info][gc,heap     ] GC(206) Min Capacity: 8192M(100%)
[96.638s][info][gc,heap     ] GC(206) Max Capacity: 8192M(100%)
[96.638s][info][gc,heap     ] GC(206) Soft Max Capacity: 8192M(100%)
[96.638s][info][gc,heap     ] GC(206)                Mark Start          Mark End        Relocate Start      Relocate End           High               Low         
[96.638s][info][gc,heap     ] GC(206)  Capacity:     8192M (100%)       8192M (100%)       8192M (100%)       8192M (100%)       8192M (100%)       8192M (100%)   
[96.638s][info][gc,heap     ] GC(206)      Free:     8184M (100%)       8184M (100%)       8184M (100%)       8186M (100%)       8186M (100%)       8178M (100%)   
[96.638s][info][gc,heap     ] GC(206)      Used:        8M (0%)            8M (0%)            8M (0%)            6M (0%)           14M (0%)            6M (0%)     
[96.638s][info][gc,heap     ] GC(206)      Live:         -                 0M (0%)            0M (0%)            0M (0%)             -                  -          
[96.638s][info][gc,heap     ] GC(206) Allocated:         -                 0M (0%)            0M (0%)            0M (0%)             -                  -          
[96.638s][info][gc,heap     ] GC(206)   Garbage:         -                 7M (0%)            7M (0%)            5M (0%)             -                  -          
[96.638s][info][gc,heap     ] GC(206) Reclaimed:         -                  -                 0M (0%)            2M (0%)             -                  -          
[96.638s][info][gc          ] GC(206) Garbage Collection (System.gc()) 8M(0%)->6M(0%)
[97.096s][info][gc,start    ] GC(207) Garbage Collection (System.gc())
[97.096s][info][gc,task     ] GC(207) Using 3 workers
[97.096s][info][gc,phases   ] GC(207) Pause Mark Start 0.006ms
[97.100s][info][gc,phases   ] GC(207) Concurrent Mark 3.860ms
[97.100s][info][gc,phases   ] GC(207) Pause Mark End 0.019ms
[97.100s][info][gc,phases   ] GC(207) Concurrent Mark Free 0.001ms
[97.100s][info][gc,phases   ] GC(207) Concurrent Process Non-Strong References 0.449ms
[97.100s][info][gc,phases   ] GC(207) Concurrent Reset Relocation Set 0.002ms
[97.105s][info][gc,phases   ] GC(207) Concurrent Select Relocation Set 4.316ms
[97.105s][info][gc,phases   ] GC(207) Pause Relocate Start 0.006ms
[97.106s][info][gc,phases   ] GC(207) Concurrent Relocate 0.714ms
[97.106s][info][gc,load     ] GC(207) Load: 1.44/1.40/1.57
[97.106s][info][gc,mmu      ] GC(207) MMU: 2ms/93.1%, 5ms/97.0%, 10ms/98.3%, 20ms/99.2%, 50ms/99.7%, 100ms/99.8%
[97.106s][info][gc,marking  ] GC(207) Mark: 2 stripe(s), 1 proactive flush(es), 1 terminate flush(es), 0 completion(s), 0 continuation(s) 
[97.106s][info][gc,marking  ] GC(207) Mark Stack Usage: 32M
[97.106s][info][gc,nmethod  ] GC(207) NMethods: 358 registered, 9 unregistered
[97.106s][info][gc,metaspace] GC(207) Metaspace: 0M used, 1M committed, 1088M reserved
[97.106s][info][gc,ref      ] GC(207) Soft: 2 encountered, 0 discovered, 0 enqueued
[97.106s][info][gc,ref      ] GC(207) Weak: 9 encountered, 0 discovered, 0 enqueued
[97.106s][info][gc,ref      ] GC(207) Final: 0 encountered, 0 discovered, 0 enqueued
[97.106s][info][gc,ref      ] GC(207) Phantom: 3 encountered, 1 discovered, 0 enqueued
[97.106s][info][gc,reloc    ] GC(207) Small Pages: 4 / 8M, Empty: 0M, Relocated: 0M, In-Place: 0
[97.106s][info][gc,reloc    ] GC(207) Medium Pages: 0 / 0M, Empty: 0M, Relocated: 0M, In-Place: 0
[97.106s][info][gc,reloc    ] GC(207) Large Pages: 0 / 0M, Empty: 0M, Relocated: 0M, In-Place: 0
[97.106s][info][gc,reloc    ] GC(207) Forwarding Usage: 0M
[97.106s][info][gc,heap     ] GC(207) Min Capacity: 8192M(100%)
[97.106s][info][gc,heap     ] GC(207) Max Capacity: 8192M(100%)
[97.106s][info][gc,heap     ] GC(207) Soft Max Capacity: 8192M(100%)
[97.106s][info][gc,heap     ] GC(207)                Mark Start          Mark End        Relocate Start      Relocate End           High               Low         
[97.106s][info][gc,heap     ] GC(207)  Capacity:     8192M (100%)       8192M (100%)       8192M (100%)       8192M (100%)       8192M (100%)       8192M (100%)   
[97.106s][info][gc,heap     ] GC(207)      Free:     8184M (100%)       8184M (100%)       8184M (100%)       8186M (100%)       8186M (100%)       8178M (100%)   
[97.106s][info][gc,heap     ] GC(207)      Used:        8M (0%)            8M (0%)            8M (0%)            6M (0%)           14M (0%)            6M (0%)     
[97.106s][info][gc,heap     ] GC(207)      Live:         -                 0M (0%)            0M (0%)            0M (0%)             -                  -          
[97.106s][info][gc,heap     ] GC(207) Allocated:         -                 0M (0%)            0M (0%)            0M (0%)             -                  -          
[97.106s][info][gc,heap     ] GC(207)   Garbage:         -                 7M (0%)            7M (0%)            5M (0%)             -                  -          
[97.106s][info][gc,heap     ] GC(207) Reclaimed:         -                  -                 0M (0%)            2M (0%)             -                  -          
[97.106s][info][gc          ] GC(207) Garbage Collection (System.gc()) 8M(0%)->6M(0%)
[97.569s][info][gc,start    ] GC(208) Garbage Collection (System.gc())
[97.570s][info][gc,task     ] GC(208) Using 3 workers
[97.570s][info][gc,phases   ] GC(208) Pause Mark Start 0.012ms
[97.572s][info][gc,phases   ] GC(208) Concurrent Mark 2.520ms
[97.572s][info][gc,phases   ] GC(208) Pause Mark End 0.013ms
[97.572s][info][gc,phases   ] GC(208) Concurrent Mark Free 0.000ms
[97.573s][info][gc,phases   ] GC(208) Concurrent Process Non-Strong References 1.032ms
[97.573s][info][gc,phases   ] GC(208) Concurrent Reset Relocation Set 0.001ms
[97.577s][info][gc,phases   ] GC(208) Concurrent Select Relocation Set 4.078ms
[97.578s][info][gc,phases   ] GC(208) Pause Relocate Start 0.014ms
[97.578s][info][gc,phases   ] GC(208) Concurrent Relocate 0.851ms
[97.579s][info][gc,load     ] GC(208) Load: 1.44/1.40/1.57
[97.579s][info][gc,mmu      ] GC(208) MMU: 2ms/93.1%, 5ms/97.0%, 10ms/98.3%, 20ms/99.2%, 50ms/99.7%, 100ms/99.8%
[97.579s][info][gc,marking  ] GC(208) Mark: 2 stripe(s), 1 proactive flush(es), 1 terminate flush(es), 0 completion(s), 0 continuation(s) 
[97.579s][info][gc,marking  ] GC(208) Mark Stack Usage: 32M
[97.579s][info][gc,nmethod  ] GC(208) NMethods: 358 registered, 9 unregistered
[97.579s][info][gc,metaspace] GC(208) Metaspace: 0M used, 1M committed, 1088M reserved
[97.579s][info][gc,ref      ] GC(208) Soft: 2 encountered, 0 discovered, 0 enqueued
[97.579s][info][gc,ref      ] GC(208) Weak: 9 encountered, 0 discovered, 0 enqueued
[97.579s][info][gc,ref      ] GC(208) Final: 0 encountered, 0 discovered, 0 enqueued
[97.579s][info][gc,ref      ] GC(208) Phantom: 3 encountered, 1 discovered, 0 enqueued
[97.579s][info][gc,reloc    ] GC(208) Small Pages: 4 / 8M, Empty: 0M, Relocated: 0M, In-Place: 0
[97.579s][info][gc,reloc    ] GC(208) Medium Pages: 0 / 0M, Empty: 0M, Relocated: 0M, In-Place: 0
[97.579s][info][gc,reloc    ] GC(208) Large Pages: 0 / 0M, Empty: 0M, Relocated: 0M, In-Place: 0
[97.579s][info][gc,reloc    ] GC(208) Forwarding Usage: 0M
[97.579s][info][gc,heap     ] GC(208) Min Capacity: 8192M(100%)
[97.579s][info][gc,heap     ] GC(208) Max Capacity: 8192M(100%)
[97.579s][info][gc,heap     ] GC(208) Soft Max Capacity: 8192M(100%)
[97.579s][info][gc,heap     ] GC(208)                Mark Start          Mark End        Relocate Start      Relocate End           High               Low         
[97.579s][info][gc,heap     ] GC(208)  Capacity:     8192M (100%)       8192M (100%)       8192M (100%)       8192M (100%)       8192M (100%)       8192M (100%)   
[97.579s][info][gc,heap     ] GC(208)      Free:     8184M (100%)       8184M (100%)       8184M (100%)       8186M (100%)       8186M (100%)       8178M (100%)   
[97.579s][info][gc,heap     ] GC(208)      Used:        8M (0%)            8M (0%)            8M (0%)            6M (0%)           14M (0%)            6M (0%)     
[97.579s][info][gc,heap     ] GC(208)      Live:         -                 0M (0%)            0M (0%)            0M (0%)             -                  -          
[97.579s][info][gc,heap     ] GC(208) Allocated:         -                 0M (0%)            0M (0%)            0M (0%)             -                  -          
[97.579s][info][gc,heap     ] GC(208)   Garbage:         -                 7M (0%)            7M (0%)            5M (0%)             -                  -          
[97.579s][info][gc,heap     ] GC(208) Reclaimed:         -                  -                 0M (0%)            2M (0%)             -                  -          
[97.579s][info][gc          ] GC(208) Garbage Collection (System.gc()) 8M(0%)->6M(0%)
[98.042s][info][gc,start    ] GC(209) Garbage Collection (System.gc())
[98.042s][info][gc,task     ] GC(209) Using 3 workers
[98.042s][info][gc,phases   ] GC(209) Pause Mark Start 0.014ms
[98.044s][info][gc,phases   ] GC(209) Concurrent Mark 2.049ms
[98.044s][info][gc,phases   ] GC(209) Pause Mark End 0.009ms
[98.044s][info][gc,phases   ] GC(209) Concurrent Mark Free 0.000ms
[98.045s][info][gc,phases   ] GC(209) Concurrent Process Non-Strong References 0.836ms
[98.045s][info][gc,phases   ] GC(209) Concurrent Reset Relocation Set 0.001ms
[98.049s][info][gc,phases   ] GC(209) Concurrent Select Relocation Set 3.660ms
[98.049s][info][gc,phases   ] GC(209) Pause Relocate Start 0.007ms
[98.050s][info][gc,phases   ] GC(209) Concurrent Relocate 0.559ms
[98.050s][info][gc,load     ] GC(209) Load: 1.44/1.40/1.57
[98.050s][info][gc,mmu      ] GC(209) MMU: 2ms/93.1%, 5ms/97.0%, 10ms/98.3%, 20ms/99.2%, 50ms/99.7%, 100ms/99.8%
[98.050s][info][gc,marking  ] GC(209) Mark: 2 stripe(s), 1 proactive flush(es), 1 terminate flush(es), 0 completion(s), 0 continuation(s) 
[98.050s][info][gc,marking  ] GC(209) Mark Stack Usage: 32M
[98.050s][info][gc,nmethod  ] GC(209) NMethods: 358 registered, 9 unregistered
[98.050s][info][gc,metaspace] GC(209) Metaspace: 0M used, 1M committed, 1088M reserved
[98.050s][info][gc,ref      ] GC(209) Soft: 2 encountered, 0 discovered, 0 enqueued
[98.050s][info][gc,ref      ] GC(209) Weak: 9 encountered, 0 discovered, 0 enqueued
[98.050s][info][gc,ref      ] GC(209) Final: 0 encountered, 0 discovered, 0 enqueued
[98.050s][info][gc,ref      ] GC(209) Phantom: 3 encountered, 2 discovered, 0 enqueued
[98.050s][info][gc,reloc    ] GC(209) Small Pages: 4 / 8M, Empty: 0M, Relocated: 0M, In-Place: 0
[98.050s][info][gc,reloc    ] GC(209) Medium Pages: 0 / 0M, Empty: 0M, Relocated: 0M, In-Place: 0
[98.050s][info][gc,reloc    ] GC(209) Large Pages: 0 / 0M, Empty: 0M, Relocated: 0M, In-Place: 0
[98.050s][info][gc,reloc    ] GC(209) Forwarding Usage: 0M
[98.050s][info][gc,heap     ] GC(209) Min Capacity: 8192M(100%)
[98.050s][info][gc,heap     ] GC(209) Max Capacity: 8192M(100%)
[98.050s][info][gc,heap     ] GC(209) Soft Max Capacity: 8192M(100%)
[98.050s][info][gc,heap     ] GC(209)                Mark Start          Mark End        Relocate Start      Relocate End           High               Low         
[98.050s][info][gc,heap     ] GC(209)  Capacity:     8192M (100%)       8192M (100%)       8192M (100%)       8192M (100%)       8192M (100%)       8192M (100%)   
[98.050s][info][gc,heap     ] GC(209)      Free:     8184M (100%)       8184M (100%)       8184M (100%)       8186M (100%)       8186M (100%)       8178M (100%)   
[98.050s][info][gc,heap     ] GC(209)      Used:        8M (0%)            8M (0%)            8M (0%)            6M (0%)           14M (0%)            6M (0%)     
[98.050s][info][gc,heap     ] GC(209)      Live:         -                 0M (0%)            0M (0%)            0M (0%)             -                  -          
[98.050s][info][gc,heap     ] GC(209) Allocated:         -                 0M (0%)            0M (0%)            0M (0%)             -                  -          
[98.050s][info][gc,heap     ] GC(209)   Garbage:         -                 7M (0%)            7M (0%)            5M (0%)             -                  -          
[98.050s][info][gc,heap     ] GC(209) Reclaimed:         -                  -                 0M (0%)            2M (0%)             -                  -          
[98.050s][info][gc          ] GC(209) Garbage Collection (System.gc()) 8M(0%)->6M(0%)
[98.506s][info][gc,start    ] GC(210) Garbage Collection (System.gc())
[98.506s][info][gc,task     ] GC(210) Using 3 workers
[98.506s][info][gc,phases   ] GC(210) Pause Mark Start 0.013ms
[98.517s][info][gc,phases   ] GC(210) Concurrent Mark 11.153ms
[98.518s][info][gc,phases   ] GC(210) Pause Mark End 0.028ms
[98.518s][info][gc,phases   ] GC(210) Concurrent Mark Free 0.001ms
[98.520s][info][gc,phases   ] GC(210) Concurrent Process Non-Strong References 1.862ms
[98.520s][info][gc,phases   ] GC(210) Concurrent Reset Relocation Set 0.002ms
[98.523s][info][gc,phases   ] GC(210) Concurrent Select Relocation Set 3.790ms
[98.524s][info][gc,phases   ] GC(210) Pause Relocate Start 0.007ms
[98.524s][info][gc,phases   ] GC(210) Concurrent Relocate 0.692ms
[98.524s][info][gc,load     ] GC(210) Load: 1.44/1.40/1.57
[98.524s][info][gc,mmu      ] GC(210) MMU: 2ms/93.1%, 5ms/97.0%, 10ms/98.3%, 20ms/99.2%, 50ms/99.7%, 100ms/99.8%
[98.524s][info][gc,marking  ] GC(210) Mark: 2 stripe(s), 1 proactive flush(es), 1 terminate flush(es), 0 completion(s), 0 continuation(s) 
[98.524s][info][gc,marking  ] GC(210) Mark Stack Usage: 32M
[98.524s][info][gc,nmethod  ] GC(210) NMethods: 358 registered, 9 unregistered
[98.524s][info][gc,metaspace] GC(210) Metaspace: 0M used, 1M committed, 1088M reserved
[98.524s][info][gc,ref      ] GC(210) Soft: 2 encountered, 0 discovered, 0 enqueued
[98.524s][info][gc,ref      ] GC(210) Weak: 9 encountered, 3 discovered, 0 enqueued
[98.524s][info][gc,ref      ] GC(210) Final: 0 encountered, 0 discovered, 0 enqueued
[98.524s][info][gc,ref      ] GC(210) Phantom: 3 encountered, 2 discovered, 0 enqueued
[98.524s][info][gc,reloc    ] GC(210) Small Pages: 4 / 8M, Empty: 0M, Relocated: 0M, In-Place: 0
[98.524s][info][gc,reloc    ] GC(210) Medium Pages: 0 / 0M, Empty: 0M, Relocated: 0M, In-Place: 0
[98.524s][info][gc,reloc    ] GC(210) Large Pages: 0 / 0M, Empty: 0M, Relocated: 0M, In-Place: 0
[98.524s][info][gc,reloc    ] GC(210) Forwarding Usage: 0M
[98.524s][info][gc,heap     ] GC(210) Min Capacity: 8192M(100%)
[98.525s][info][gc,heap     ] GC(210) Max Capacity: 8192M(100%)
[98.525s][info][gc,heap     ] GC(210) Soft Max Capacity: 8192M(100%)
[98.525s][info][gc,heap     ] GC(210)                Mark Start          Mark End        Relocate Start      Relocate End           High               Low         
[98.525s][info][gc,heap     ] GC(210)  Capacity:     8192M (100%)       8192M (100%)       8192M (100%)       8192M (100%)       8192M (100%)       8192M (100%)   
[98.525s][info][gc,heap     ] GC(210)      Free:     8184M (100%)       8184M (100%)       8184M (100%)       8186M (100%)       8186M (100%)       8178M (100%)   
[98.525s][info][gc,heap     ] GC(210)      Used:        8M (0%)            8M (0%)            8M (0%)            6M (0%)           14M (0%)            6M (0%)     
[98.525s][info][gc,heap     ] GC(210)      Live:         -                 0M (0%)            0M (0%)            0M (0%)             -                  -          
[98.525s][info][gc,heap     ] GC(210) Allocated:         -                 0M (0%)            0M (0%)            0M (0%)             -                  -          
[98.525s][info][gc,heap     ] GC(210)   Garbage:         -                 7M (0%)            7M (0%)            5M (0%)             -                  -          
[98.525s][info][gc,heap     ] GC(210) Reclaimed:         -                  -                 0M (0%)            2M (0%)             -                  -          
[98.525s][info][gc          ] GC(210) Garbage Collection (System.gc()) 8M(0%)->6M(0%)
[98.984s][info][gc,start    ] GC(211) Garbage Collection (System.gc())
[98.984s][info][gc,task     ] GC(211) Using 3 workers
[98.984s][info][gc,phases   ] GC(211) Pause Mark Start 0.008ms
[98.987s][info][gc,phases   ] GC(211) Concurrent Mark 2.942ms
[98.987s][info][gc,phases   ] GC(211) Pause Mark End 0.011ms
[98.987s][info][gc,phases   ] GC(211) Concurrent Mark Free 0.001ms
[98.988s][info][gc,phases   ] GC(211) Concurrent Process Non-Strong References 1.133ms
[98.988s][info][gc,phases   ] GC(211) Concurrent Reset Relocation Set 0.001ms
[98.991s][info][gc,phases   ] GC(211) Concurrent Select Relocation Set 3.246ms
[98.991s][info][gc,phases   ] GC(211) Pause Relocate Start 0.007ms
[98.992s][info][gc,phases   ] GC(211) Concurrent Relocate 0.557ms
[98.992s][info][gc,load     ] GC(211) Load: 1.44/1.40/1.57
[98.992s][info][gc,mmu      ] GC(211) MMU: 2ms/93.1%, 5ms/97.0%, 10ms/98.3%, 20ms/99.2%, 50ms/99.7%, 100ms/99.8%
[98.992s][info][gc,marking  ] GC(211) Mark: 2 stripe(s), 1 proactive flush(es), 1 terminate flush(es), 0 completion(s), 0 continuation(s) 
[98.992s][info][gc,marking  ] GC(211) Mark Stack Usage: 32M
[98.992s][info][gc,nmethod  ] GC(211) NMethods: 358 registered, 9 unregistered
[98.992s][info][gc,metaspace] GC(211) Metaspace: 0M used, 1M committed, 1088M reserved
[98.992s][info][gc,ref      ] GC(211) Soft: 2 encountered, 0 discovered, 0 enqueued
[98.992s][info][gc,ref      ] GC(211) Weak: 9 encountered, 0 discovered, 0 enqueued
[98.992s][info][gc,ref      ] GC(211) Final: 0 encountered, 0 discovered, 0 enqueued
[98.992s][info][gc,ref      ] GC(211) Phantom: 3 encountered, 2 discovered, 0 enqueued
[98.992s][info][gc,reloc    ] GC(211) Small Pages: 4 / 8M, Empty: 0M, Relocated: 0M, In-Place: 0
[98.992s][info][gc,reloc    ] GC(211) Medium Pages: 0 / 0M, Empty: 0M, Relocated: 0M, In-Place: 0
[98.992s][info][gc,reloc    ] GC(211) Large Pages: 0 / 0M, Empty: 0M, Relocated: 0M, In-Place: 0
[98.992s][info][gc,reloc    ] GC(211) Forwarding Usage: 0M
[98.992s][info][gc,heap     ] GC(211) Min Capacity: 8192M(100%)
[98.992s][info][gc,heap     ] GC(211) Max Capacity: 8192M(100%)
[98.992s][info][gc,heap     ] GC(211) Soft Max Capacity: 8192M(100%)
[98.992s][info][gc,heap     ] GC(211)                Mark Start          Mark End        Relocate Start      Relocate End           High               Low         
[98.992s][info][gc,heap     ] GC(211)  Capacity:     8192M (100%)       8192M (100%)       8192M (100%)       8192M (100%)       8192M (100%)       8192M (100%)   
[98.992s][info][gc,heap     ] GC(211)      Free:     8184M (100%)       8184M (100%)       8184M (100%)       8186M (100%)       8186M (100%)       8178M (100%)   
[98.992s][info][gc,heap     ] GC(211)      Used:        8M (0%)            8M (0%)            8M (0%)            6M (0%)           14M (0%)            6M (0%)     
[98.992s][info][gc,heap     ] GC(211)      Live:         -                 0M (0%)            0M (0%)            0M (0%)             -                  -          
[98.992s][info][gc,heap     ] GC(211) Allocated:         -                 0M (0%)            0M (0%)            0M (0%)             -                  -          
[98.992s][info][gc,heap     ] GC(211)   Garbage:         -                 7M (0%)            7M (0%)            5M (0%)             -                  -          
[98.992s][info][gc,heap     ] GC(211) Reclaimed:         -                  -                 0M (0%)            2M (0%)             -                  -          
[98.992s][info][gc          ] GC(211) Garbage Collection (System.gc()) 8M(0%)->6M(0%)
[99.447s][info][gc,start    ] GC(212) Garbage Collection (System.gc())
[99.447s][info][gc,task     ] GC(212) Using 3 workers
[99.449s][info][gc,phases   ] GC(212) Pause Mark Start 0.018ms
[99.462s][info][gc,phases   ] GC(212) Concurrent Mark 12.371ms
[99.462s][info][gc,phases   ] GC(212) Pause Mark End 0.013ms
[99.462s][info][gc,phases   ] GC(212) Concurrent Mark Free 0.000ms
[99.463s][info][gc,phases   ] GC(212) Concurrent Process Non-Strong References 0.829ms
[99.463s][info][gc,phases   ] GC(212) Concurrent Reset Relocation Set 0.001ms
[99.466s][info][gc,phases   ] GC(212) Concurrent Select Relocation Set 3.509ms
[99.466s][info][gc,phases   ] GC(212) Pause Relocate Start 0.006ms
[99.467s][info][gc,phases   ] GC(212) Concurrent Relocate 0.614ms
[99.467s][info][gc,load     ] GC(212) Load: 1.44/1.40/1.57
[99.467s][info][gc,mmu      ] GC(212) MMU: 2ms/93.1%, 5ms/97.0%, 10ms/98.3%, 20ms/99.2%, 50ms/99.7%, 100ms/99.8%
[99.467s][info][gc,marking  ] GC(212) Mark: 2 stripe(s), 2 proactive flush(es), 1 terminate flush(es), 0 completion(s), 0 continuation(s) 
[99.467s][info][gc,marking  ] GC(212) Mark Stack Usage: 32M
[99.467s][info][gc,nmethod  ] GC(212) NMethods: 359 registered, 10 unregistered
[99.467s][info][gc,metaspace] GC(212) Metaspace: 0M used, 1M committed, 1088M reserved
[99.467s][info][gc,ref      ] GC(212) Soft: 2 encountered, 0 discovered, 0 enqueued
[99.467s][info][gc,ref      ] GC(212) Weak: 9 encountered, 0 discovered, 0 enqueued
[99.467s][info][gc,ref      ] GC(212) Final: 0 encountered, 0 discovered, 0 enqueued
[99.467s][info][gc,ref      ] GC(212) Phantom: 3 encountered, 2 discovered, 0 enqueued
[99.467s][info][gc,reloc    ] GC(212) Small Pages: 4 / 8M, Empty: 0M, Relocated: 0M, In-Place: 0
[99.467s][info][gc,reloc    ] GC(212) Medium Pages: 0 / 0M, Empty: 0M, Relocated: 0M, In-Place: 0
[99.467s][info][gc,reloc    ] GC(212) Large Pages: 0 / 0M, Empty: 0M, Relocated: 0M, In-Place: 0
[99.467s][info][gc,reloc    ] GC(212) Forwarding Usage: 0M
[99.467s][info][gc,heap     ] GC(212) Min Capacity: 8192M(100%)
[99.467s][info][gc,heap     ] GC(212) Max Capacity: 8192M(100%)
[99.467s][info][gc,heap     ] GC(212) Soft Max Capacity: 8192M(100%)
[99.467s][info][gc,heap     ] GC(212)                Mark Start          Mark End        Relocate Start      Relocate End           High               Low         
[99.467s][info][gc,heap     ] GC(212)  Capacity:     8192M (100%)       8192M (100%)       8192M (100%)       8192M (100%)       8192M (100%)       8192M (100%)   
[99.467s][info][gc,heap     ] GC(212)      Free:     8184M (100%)       8184M (100%)       8184M (100%)       8186M (100%)       8186M (100%)       8178M (100%)   
[99.467s][info][gc,heap     ] GC(212)      Used:        8M (0%)            8M (0%)            8M (0%)            6M (0%)           14M (0%)            6M (0%)     
[99.467s][info][gc,heap     ] GC(212)      Live:         -                 0M (0%)            0M (0%)            0M (0%)             -                  -          
[99.467s][info][gc,heap     ] GC(212) Allocated:         -                 0M (0%)            0M (0%)            0M (0%)             -                  -          
[99.467s][info][gc,heap     ] GC(212)   Garbage:         -                 7M (0%)            7M (0%)            5M (0%)             -                  -          
[99.467s][info][gc,heap     ] GC(212) Reclaimed:         -                  -                 0M (0%)            2M (0%)             -                  -          
[99.467s][info][gc          ] GC(212) Garbage Collection (System.gc()) 8M(0%)->6M(0%)
[99.925s][info][gc,start    ] GC(213) Garbage Collection (System.gc())
[99.926s][info][gc,task     ] GC(213) Using 3 workers
[99.926s][info][gc,phases   ] GC(213) Pause Mark Start 0.015ms
[99.931s][info][gc,phases   ] GC(213) Concurrent Mark 5.385ms
[99.932s][info][gc,phases   ] GC(213) Pause Mark End 0.023ms
[99.932s][info][gc,phases   ] GC(213) Concurrent Mark Free 0.001ms
[99.943s][info][gc,phases   ] GC(213) Concurrent Process Non-Strong References 11.400ms
[99.943s][info][gc,phases   ] GC(213) Concurrent Reset Relocation Set 0.001ms
[99.946s][info][gc,phases   ] GC(213) Concurrent Select Relocation Set 3.030ms
[99.946s][info][gc,phases   ] GC(213) Pause Relocate Start 0.008ms
[99.947s][info][gc,phases   ] GC(213) Concurrent Relocate 0.575ms
[99.947s][info][gc,load     ] GC(213) Load: 1.44/1.40/1.57
[99.947s][info][gc,mmu      ] GC(213) MMU: 2ms/93.1%, 5ms/97.0%, 10ms/98.3%, 20ms/99.2%, 50ms/99.7%, 100ms/99.8%
[99.947s][info][gc,marking  ] GC(213) Mark: 2 stripe(s), 2 proactive flush(es), 1 terminate flush(es), 0 completion(s), 0 continuation(s) 
[99.947s][info][gc,marking  ] GC(213) Mark Stack Usage: 32M
[99.947s][info][gc,nmethod  ] GC(213) NMethods: 372 registered, 10 unregistered
[99.947s][info][gc,metaspace] GC(213) Metaspace: 0M used, 1M committed, 1088M reserved
[99.947s][info][gc,ref      ] GC(213) Soft: 2 encountered, 0 discovered, 0 enqueued
[99.947s][info][gc,ref      ] GC(213) Weak: 9 encountered, 0 discovered, 0 enqueued
[99.947s][info][gc,ref      ] GC(213) Final: 0 encountered, 0 discovered, 0 enqueued
[99.947s][info][gc,ref      ] GC(213) Phantom: 3 encountered, 2 discovered, 0 enqueued
[99.947s][info][gc,reloc    ] GC(213) Small Pages: 4 / 8M, Empty: 0M, Relocated: 0M, In-Place: 0
[99.947s][info][gc,reloc    ] GC(213) Medium Pages: 0 / 0M, Empty: 0M, Relocated: 0M, In-Place: 0
[99.947s][info][gc,reloc    ] GC(213) Large Pages: 0 / 0M, Empty: 0M, Relocated: 0M, In-Place: 0
[99.947s][info][gc,reloc    ] GC(213) Forwarding Usage: 0M
[99.947s][info][gc,heap     ] GC(213) Min Capacity: 8192M(100%)
[99.947s][info][gc,heap     ] GC(213) Max Capacity: 8192M(100%)
[99.947s][info][gc,heap     ] GC(213) Soft Max Capacity: 8192M(100%)
[99.947s][info][gc,heap     ] GC(213)                Mark Start          Mark End        Relocate Start      Relocate End           High               Low         
[99.947s][info][gc,heap     ] GC(213)  Capacity:     8192M (100%)       8192M (100%)       8192M (100%)       8192M (100%)       8192M (100%)       8192M (100%)   
[99.947s][info][gc,heap     ] GC(213)      Free:     8184M (100%)       8182M (100%)       8182M (100%)       8184M (100%)       8184M (100%)       8176M (100%)   
[99.947s][info][gc,heap     ] GC(213)      Used:        8M (0%)           10M (0%)           10M (0%)            8M (0%)           16M (0%)            8M (0%)     
[99.947s][info][gc,heap     ] GC(213)      Live:         -                 0M (0%)            0M (0%)            0M (0%)             -                  -          
[99.947s][info][gc,heap     ] GC(213) Allocated:         -                 2M (0%)            2M (0%)            2M (0%)             -                  -          
[99.947s][info][gc,heap     ] GC(213)   Garbage:         -                 7M (0%)            7M (0%)            5M (0%)             -                  -          
[99.947s][info][gc,heap     ] GC(213) Reclaimed:         -                  -                 0M (0%)            2M (0%)             -                  -          
[99.947s][info][gc          ] GC(213) Garbage Collection (System.gc()) 8M(0%)->8M(0%)
[100.015s][info][gc,stats    ] === Garbage Collection Statistics =======================================================================================================================
[100.015s][info][gc,stats    ]                                                              Last 10s              Last 10m              Last 10h                Total
[100.015s][info][gc,stats    ]                                                              Avg / Max             Avg / Max             Avg / Max             Avg / Max
[100.015s][info][gc,stats    ]   Collector: Garbage Collection Cycle                     12.027 / 23.016       11.735 / 23.608       11.735 / 23.608       11.735 / 23.608      ms
[100.015s][info][gc,stats    ]  Contention: Mark Segment Reset Contention                     0 / 2                 0 / 4                 0 / 4                 0 / 4           ops/s
[100.015s][info][gc,stats    ]  Contention: Mark SeqNum Reset Contention                      0 / 2                 0 / 3                 0 / 3                 0 / 3           ops/s
[100.015s][info][gc,stats    ]    Critical: Allocation Stall                                  0 / 0                 0 / 0                 0 / 0                 0 / 0           ops/s
[100.015s][info][gc,stats    ]    Critical: Allocation Stall                              0.000 / 0.000         0.000 / 0.000         0.000 / 0.000         0.000 / 0.000       ms
[100.015s][info][gc,stats    ]    Critical: GC Locker Stall                                   0 / 0                 0 / 0                 0 / 0                 0 / 0           ops/s
[100.015s][info][gc,stats    ]    Critical: GC Locker Stall                               0.000 / 0.000         0.000 / 0.000         0.000 / 0.000         0.000 / 0.000       ms
[100.015s][info][gc,stats    ]    Critical: Relocation Stall                                  0 / 0                 0 / 0                 0 / 0                 0 / 0           ops/s
[100.015s][info][gc,stats    ]    Critical: Relocation Stall                              0.000 / 0.000         0.000 / 0.000         0.000 / 0.000         0.000 / 0.000       ms
[100.015s][info][gc,stats    ]      Memory: Allocation Rate                                   4 / 6                 4 / 6                 4 / 6                 4 / 6           MB/s
[100.015s][info][gc,stats    ]      Memory: Defragment                                        0 / 0                 0 / 0                 0 / 0                 0 / 0           ops/s
[100.015s][info][gc,stats    ]      Memory: Out Of Memory                                     0 / 0                 0 / 0                 0 / 0                 0 / 0           ops/s
[100.015s][info][gc,stats    ]      Memory: Page Cache Flush                                  0 / 0                 0 / 0                 0 / 0                 0 / 0           MB/s
[100.015s][info][gc,stats    ]      Memory: Page Cache Hit L1                                 8 / 12                8 / 12                8 / 12                8 / 12          ops/s
[100.015s][info][gc,stats    ]      Memory: Page Cache Hit L2                                 0 / 0                 0 / 0                 0 / 0                 0 / 0           ops/s
[100.015s][info][gc,stats    ]      Memory: Page Cache Hit L3                                 0 / 0                 0 / 6                 0 / 6                 0 / 6           ops/s
[100.015s][info][gc,stats    ]      Memory: Page Cache Miss                                   0 / 0                 0 / 1                 0 / 1                 0 / 1           ops/s
[100.015s][info][gc,stats    ]      Memory: Uncommit                                          0 / 0                 0 / 0                 0 / 0                 0 / 0           MB/s
[100.015s][info][gc,stats    ]      Memory: Undo Object Allocation Failed                     0 / 0                 0 / 0                 0 / 0                 0 / 0           ops/s
[100.015s][info][gc,stats    ]      Memory: Undo Object Allocation Succeeded                  0 / 0                 0 / 0                 0 / 0                 0 / 0           ops/s
[100.015s][info][gc,stats    ]      Memory: Undo Page Allocation                              0 / 0                 0 / 0                 0 / 0                 0 / 0           ops/s
[100.015s][info][gc,stats    ]       Phase: Concurrent Mark                               4.603 / 13.395        3.958 / 15.502        3.958 / 15.502        3.958 / 15.502      ms
[100.015s][info][gc,stats    ]       Phase: Concurrent Mark Continue                      0.000 / 0.000         0.000 / 0.000         0.000 / 0.000         0.000 / 0.000       ms
[100.015s][info][gc,stats    ]       Phase: Concurrent Mark Free                          0.001 / 0.004         0.001 / 0.004         0.001 / 0.004         0.001 / 0.004       ms
[100.015s][info][gc,stats    ]       Phase: Concurrent Process Non-Strong References      1.423 / 11.400        1.534 / 12.430        1.534 / 12.430        1.534 / 12.430      ms
[100.015s][info][gc,stats    ]       Phase: Concurrent Relocate                           0.699 / 0.905         0.624 / 1.001         0.624 / 1.001         0.624 / 1.001       ms
[100.015s][info][gc,stats    ]       Phase: Concurrent Reset Relocation Set               0.001 / 0.005         0.002 / 0.008         0.002 / 0.008         0.002 / 0.008       ms
[100.015s][info][gc,stats    ]       Phase: Concurrent Select Relocation Set              3.752 / 4.473         4.355 / 15.176        4.355 / 15.176        4.355 / 15.176      ms
[100.015s][info][gc,stats    ]       Phase: Pause Mark End                                0.015 / 0.028         0.016 / 0.137         0.016 / 0.137         0.016 / 0.137       ms
[100.015s][info][gc,stats    ]       Phase: Pause Mark Start                              0.012 / 0.018         0.011 / 0.023         0.011 / 0.023         0.011 / 0.023       ms
[100.015s][info][gc,stats    ]       Phase: Pause Relocate Start                          0.008 / 0.017         0.009 / 0.134         0.009 / 0.134         0.009 / 0.134       ms
[100.015s][info][gc,stats    ]    Subphase: Concurrent Classes Purge                      0.017 / 0.075         0.029 / 0.287         0.029 / 0.287         0.029 / 0.287       ms
[100.015s][info][gc,stats    ]    Subphase: Concurrent Classes Unlink                     0.811 / 2.353         0.996 / 11.679        0.996 / 11.679        0.996 / 11.679      ms
[100.015s][info][gc,stats    ]    Subphase: Concurrent Mark                               2.449 / 10.270        2.143 / 11.772        2.143 / 11.772        2.143 / 11.772      ms
[100.015s][info][gc,stats    ]    Subphase: Concurrent Mark Try Flush                     0.277 / 5.206         0.156 / 5.206         0.156 / 5.206         0.156 / 5.206       ms
[100.015s][info][gc,stats    ]    Subphase: Concurrent Mark Try Terminate                 0.944 / 5.298         0.833 / 8.474         0.833 / 8.474         0.833 / 8.474       ms
[100.015s][info][gc,stats    ]    Subphase: Concurrent References Enqueue                 0.000 / 0.000         0.000 / 0.002         0.000 / 0.002         0.000 / 0.002       ms
[100.015s][info][gc,stats    ]    Subphase: Concurrent References Process                 0.462 / 9.204         0.259 / 9.421         0.259 / 9.421         0.259 / 9.421       ms
[100.015s][info][gc,stats    ]    Subphase: Concurrent Roots ClassLoaderDataGraph         0.136 / 0.574         0.118 / 2.288         0.118 / 2.288         0.118 / 2.288       ms
[100.015s][info][gc,stats    ]    Subphase: Concurrent Roots CodeCache                    0.000 / 0.000         0.000 / 0.000         0.000 / 0.000         0.000 / 0.000       ms
[100.015s][info][gc,stats    ]    Subphase: Concurrent Roots JavaThreads                  0.179 / 0.495         0.178 / 1.065         0.178 / 1.065         0.178 / 1.065       ms
[100.016s][info][gc,stats    ]    Subphase: Concurrent Roots OopStorageSet                0.030 / 0.358         0.015 / 0.358         0.015 / 0.358         0.015 / 0.358       ms
[100.016s][info][gc,stats    ]    Subphase: Concurrent Weak Roots OopStorageSet           0.054 / 0.221         0.051 / 0.518         0.051 / 0.518         0.051 / 0.518       ms
[100.016s][info][gc,stats    ]    Subphase: Pause Mark Try Complete                       0.000 / 0.000         0.000 / 0.000         0.000 / 0.000         0.000 / 0.000       ms
[100.016s][info][gc,stats    ]      System: Java Threads                                     10 / 10               10 / 10               10 / 10               10 / 10          threads
[100.016s][info][gc,stats    ] =========================================================================================================================================================
[100.402s][info][gc,start    ] GC(214) Garbage Collection (System.gc())
[100.402s][info][gc,task     ] GC(214) Using 3 workers
[100.402s][info][gc,phases   ] GC(214) Pause Mark Start 0.014ms
[100.414s][info][gc,phases   ] GC(214) Concurrent Mark 11.872ms
[100.414s][info][gc,phases   ] GC(214) Pause Mark End 0.026ms
[100.414s][info][gc,phases   ] GC(214) Concurrent Mark Free 0.001ms
[100.415s][info][gc,phases   ] GC(214) Concurrent Process Non-Strong References 0.799ms
[100.415s][info][gc,phases   ] GC(214) Concurrent Reset Relocation Set 0.003ms
[100.419s][info][gc,phases   ] GC(214) Concurrent Select Relocation Set 4.022ms
[100.419s][info][gc,phases   ] GC(214) Pause Relocate Start 0.009ms
[100.420s][info][gc,phases   ] GC(214) Concurrent Relocate 0.455ms
[100.420s][info][gc,load     ] GC(214) Load: 1.49/1.41/1.58
[100.420s][info][gc,mmu      ] GC(214) MMU: 2ms/93.1%, 5ms/97.0%, 10ms/98.3%, 20ms/99.2%, 50ms/99.7%, 100ms/99.8%
[100.420s][info][gc,marking  ] GC(214) Mark: 2 stripe(s), 1 proactive flush(es), 1 terminate flush(es), 0 completion(s), 0 continuation(s) 
[100.420s][info][gc,marking  ] GC(214) Mark Stack Usage: 32M
[100.420s][info][gc,nmethod  ] GC(214) NMethods: 386 registered, 10 unregistered
[100.420s][info][gc,metaspace] GC(214) Metaspace: 0M used, 1M committed, 1088M reserved
[100.420s][info][gc,ref      ] GC(214) Soft: 2 encountered, 0 discovered, 0 enqueued
[100.420s][info][gc,ref      ] GC(214) Weak: 9 encountered, 0 discovered, 0 enqueued
[100.420s][info][gc,ref      ] GC(214) Final: 0 encountered, 0 discovered, 0 enqueued
[100.420s][info][gc,ref      ] GC(214) Phantom: 3 encountered, 2 discovered, 0 enqueued
[100.420s][info][gc,reloc    ] GC(214) Small Pages: 4 / 8M, Empty: 0M, Relocated: 0M, In-Place: 0
[100.420s][info][gc,reloc    ] GC(214) Medium Pages: 0 / 0M, Empty: 0M, Relocated: 0M, In-Place: 0
[100.420s][info][gc,reloc    ] GC(214) Large Pages: 0 / 0M, Empty: 0M, Relocated: 0M, In-Place: 0
[100.420s][info][gc,reloc    ] GC(214) Forwarding Usage: 0M
[100.420s][info][gc,heap     ] GC(214) Min Capacity: 8192M(100%)
[100.420s][info][gc,heap     ] GC(214) Max Capacity: 8192M(100%)
[100.420s][info][gc,heap     ] GC(214) Soft Max Capacity: 8192M(100%)
[100.420s][info][gc,heap     ] GC(214)                Mark Start          Mark End        Relocate Start      Relocate End           High               Low         
[100.420s][info][gc,heap     ] GC(214)  Capacity:     8192M (100%)       8192M (100%)       8192M (100%)       8192M (100%)       8192M (100%)       8192M (100%)   
[100.420s][info][gc,heap     ] GC(214)      Free:     8184M (100%)       8184M (100%)       8184M (100%)       8186M (100%)       8186M (100%)       8178M (100%)   
[100.420s][info][gc,heap     ] GC(214)      Used:        8M (0%)            8M (0%)            8M (0%)            6M (0%)           14M (0%)            6M (0%)     
[100.420s][info][gc,heap     ] GC(214)      Live:         -                 0M (0%)            0M (0%)            0M (0%)             -                  -          
[100.420s][info][gc,heap     ] GC(214) Allocated:         -                 0M (0%)            0M (0%)            0M (0%)             -                  -          
[100.420s][info][gc,heap     ] GC(214)   Garbage:         -                 7M (0%)            7M (0%)            5M (0%)             -                  -          
[100.420s][info][gc,heap     ] GC(214) Reclaimed:         -                  -                 0M (0%)            2M (0%)             -                  -          
[100.420s][info][gc          ] GC(214) Garbage Collection (System.gc()) 8M(0%)->6M(0%)
[100.875s][info][gc,start    ] GC(215) Garbage Collection (System.gc())
[100.875s][info][gc,task     ] GC(215) Using 3 workers
[100.875s][info][gc,phases   ] GC(215) Pause Mark Start 0.016ms
[100.879s][info][gc,phases   ] GC(215) Concurrent Mark 3.202ms
[100.879s][info][gc,phases   ] GC(215) Pause Mark End 0.018ms
[100.879s][info][gc,phases   ] GC(215) Concurrent Mark Free 0.001ms
[100.891s][info][gc,phases   ] GC(215) Concurrent Process Non-Strong References 12.369ms
[100.891s][info][gc,phases   ] GC(215) Concurrent Reset Relocation Set 0.004ms
[100.895s][info][gc,phases   ] GC(215) Concurrent Select Relocation Set 3.897ms
[100.896s][info][gc,phases   ] GC(215) Pause Relocate Start 0.010ms
[100.896s][info][gc,phases   ] GC(215) Concurrent Relocate 0.514ms
[100.896s][info][gc,load     ] GC(215) Load: 1.49/1.41/1.58
[100.896s][info][gc,mmu      ] GC(215) MMU: 2ms/93.1%, 5ms/97.0%, 10ms/98.3%, 20ms/99.2%, 50ms/99.7%, 100ms/99.8%
[100.896s][info][gc,marking  ] GC(215) Mark: 2 stripe(s), 1 proactive flush(es), 1 terminate flush(es), 0 completion(s), 0 continuation(s) 
[100.896s][info][gc,marking  ] GC(215) Mark Stack Usage: 32M
[100.896s][info][gc,nmethod  ] GC(215) NMethods: 386 registered, 10 unregistered
[100.896s][info][gc,metaspace] GC(215) Metaspace: 0M used, 1M committed, 1088M reserved
[100.896s][info][gc,ref      ] GC(215) Soft: 2 encountered, 0 discovered, 0 enqueued
[100.896s][info][gc,ref      ] GC(215) Weak: 9 encountered, 0 discovered, 0 enqueued
[100.896s][info][gc,ref      ] GC(215) Final: 0 encountered, 0 discovered, 0 enqueued
[100.896s][info][gc,ref      ] GC(215) Phantom: 3 encountered, 2 discovered, 0 enqueued
[100.896s][info][gc,reloc    ] GC(215) Small Pages: 4 / 8M, Empty: 0M, Relocated: 0M, In-Place: 0
[100.896s][info][gc,reloc    ] GC(215) Medium Pages: 0 / 0M, Empty: 0M, Relocated: 0M, In-Place: 0
[100.896s][info][gc,reloc    ] GC(215) Large Pages: 0 / 0M, Empty: 0M, Relocated: 0M, In-Place: 0
[100.896s][info][gc,reloc    ] GC(215) Forwarding Usage: 0M
[100.896s][info][gc,heap     ] GC(215) Min Capacity: 8192M(100%)
[100.896s][info][gc,heap     ] GC(215) Max Capacity: 8192M(100%)
[100.896s][info][gc,heap     ] GC(215) Soft Max Capacity: 8192M(100%)
[100.896s][info][gc,heap     ] GC(215)                Mark Start          Mark End        Relocate Start      Relocate End           High               Low         
[100.896s][info][gc,heap     ] GC(215)  Capacity:     8192M (100%)       8192M (100%)       8192M (100%)       8192M (100%)       8192M (100%)       8192M (100%)   
[100.896s][info][gc,heap     ] GC(215)      Free:     8184M (100%)       8184M (100%)       8184M (100%)       8186M (100%)       8186M (100%)       8178M (100%)   
[100.896s][info][gc,heap     ] GC(215)      Used:        8M (0%)            8M (0%)            8M (0%)            6M (0%)           14M (0%)            6M (0%)     
[100.896s][info][gc,heap     ] GC(215)      Live:         -                 0M (0%)            0M (0%)            0M (0%)             -                  -          
[100.896s][info][gc,heap     ] GC(215) Allocated:         -                 0M (0%)            0M (0%)            0M (0%)             -                  -          
[100.896s][info][gc,heap     ] GC(215)   Garbage:         -                 7M (0%)            7M (0%)            5M (0%)             -                  -          
[100.896s][info][gc,heap     ] GC(215) Reclaimed:         -                  -                 0M (0%)            2M (0%)             -                  -          
[100.896s][info][gc          ] GC(215) Garbage Collection (System.gc()) 8M(0%)->6M(0%)
[101.353s][info][gc,start    ] GC(216) Garbage Collection (System.gc())
[101.353s][info][gc,task     ] GC(216) Using 3 workers
[101.353s][info][gc,phases   ] GC(216) Pause Mark Start 0.014ms
[101.357s][info][gc,phases   ] GC(216) Concurrent Mark 3.522ms
[101.357s][info][gc,phases   ] GC(216) Pause Mark End 0.023ms
[101.357s][info][gc,phases   ] GC(216) Concurrent Mark Free 0.001ms
[101.367s][info][gc,phases   ] GC(216) Concurrent Process Non-Strong References 10.415ms
[101.367s][info][gc,phases   ] GC(216) Concurrent Reset Relocation Set 0.003ms
[101.372s][info][gc,phases   ] GC(216) Concurrent Select Relocation Set 4.293ms
[101.372s][info][gc,phases   ] GC(216) Pause Relocate Start 0.014ms
[101.373s][info][gc,phases   ] GC(216) Concurrent Relocate 0.753ms
[101.373s][info][gc,load     ] GC(216) Load: 1.49/1.41/1.58
[101.373s][info][gc,mmu      ] GC(216) MMU: 2ms/93.1%, 5ms/97.0%, 10ms/98.3%, 20ms/99.2%, 50ms/99.7%, 100ms/99.8%
[101.373s][info][gc,marking  ] GC(216) Mark: 2 stripe(s), 1 proactive flush(es), 1 terminate flush(es), 0 completion(s), 0 continuation(s) 
[101.373s][info][gc,marking  ] GC(216) Mark Stack Usage: 32M
[101.373s][info][gc,nmethod  ] GC(216) NMethods: 386 registered, 10 unregistered
[101.373s][info][gc,metaspace] GC(216) Metaspace: 0M used, 1M committed, 1088M reserved
[101.373s][info][gc,ref      ] GC(216) Soft: 2 encountered, 0 discovered, 0 enqueued
[101.373s][info][gc,ref      ] GC(216) Weak: 9 encountered, 3 discovered, 0 enqueued
[101.373s][info][gc,ref      ] GC(216) Final: 0 encountered, 0 discovered, 0 enqueued
[101.373s][info][gc,ref      ] GC(216) Phantom: 3 encountered, 2 discovered, 0 enqueued
[101.373s][info][gc,reloc    ] GC(216) Small Pages: 4 / 8M, Empty: 0M, Relocated: 0M, In-Place: 0
[101.373s][info][gc,reloc    ] GC(216) Medium Pages: 0 / 0M, Empty: 0M, Relocated: 0M, In-Place: 0
[101.373s][info][gc,reloc    ] GC(216) Large Pages: 0 / 0M, Empty: 0M, Relocated: 0M, In-Place: 0
[101.373s][info][gc,reloc    ] GC(216) Forwarding Usage: 0M
[101.373s][info][gc,heap     ] GC(216) Min Capacity: 8192M(100%)
[101.373s][info][gc,heap     ] GC(216) Max Capacity: 8192M(100%)
[101.373s][info][gc,heap     ] GC(216) Soft Max Capacity: 8192M(100%)
[101.373s][info][gc,heap     ] GC(216)                Mark Start          Mark End        Relocate Start      Relocate End           High               Low         
[101.373s][info][gc,heap     ] GC(216)  Capacity:     8192M (100%)       8192M (100%)       8192M (100%)       8192M (100%)       8192M (100%)       8192M (100%)   
[101.373s][info][gc,heap     ] GC(216)      Free:     8184M (100%)       8184M (100%)       8184M (100%)       8186M (100%)       8186M (100%)       8178M (100%)   
[101.373s][info][gc,heap     ] GC(216)      Used:        8M (0%)            8M (0%)            8M (0%)            6M (0%)           14M (0%)            6M (0%)     
[101.373s][info][gc,heap     ] GC(216)      Live:         -                 0M (0%)            0M (0%)            0M (0%)             -                  -          
[101.373s][info][gc,heap     ] GC(216) Allocated:         -                 0M (0%)            0M (0%)            0M (0%)             -                  -          
[101.373s][info][gc,heap     ] GC(216)   Garbage:         -                 7M (0%)            7M (0%)            5M (0%)             -                  -          
[101.373s][info][gc,heap     ] GC(216) Reclaimed:         -                  -                 0M (0%)            2M (0%)             -                  -          
[101.373s][info][gc          ] GC(216) Garbage Collection (System.gc()) 8M(0%)->6M(0%)
[101.838s][info][gc,start    ] GC(217) Garbage Collection (System.gc())
[101.838s][info][gc,task     ] GC(217) Using 3 workers
[101.838s][info][gc,phases   ] GC(217) Pause Mark Start 0.012ms
[101.841s][info][gc,phases   ] GC(217) Concurrent Mark 2.527ms
[101.841s][info][gc,phases   ] GC(217) Pause Mark End 0.017ms
[101.841s][info][gc,phases   ] GC(217) Concurrent Mark Free 0.000ms
[101.842s][info][gc,phases   ] GC(217) Concurrent Process Non-Strong References 0.909ms
[101.842s][info][gc,phases   ] GC(217) Concurrent Reset Relocation Set 0.001ms
[101.845s][info][gc,phases   ] GC(217) Concurrent Select Relocation Set 3.502ms
[101.845s][info][gc,phases   ] GC(217) Pause Relocate Start 0.006ms
[101.846s][info][gc,phases   ] GC(217) Concurrent Relocate 0.605ms
[101.846s][info][gc,load     ] GC(217) Load: 1.49/1.41/1.58
[101.846s][info][gc,mmu      ] GC(217) MMU: 2ms/93.1%, 5ms/97.0%, 10ms/98.3%, 20ms/99.2%, 50ms/99.7%, 100ms/99.8%
[101.846s][info][gc,marking  ] GC(217) Mark: 2 stripe(s), 1 proactive flush(es), 1 terminate flush(es), 0 completion(s), 0 continuation(s) 
[101.846s][info][gc,marking  ] GC(217) Mark Stack Usage: 32M
[101.846s][info][gc,nmethod  ] GC(217) NMethods: 386 registered, 10 unregistered
[101.846s][info][gc,metaspace] GC(217) Metaspace: 0M used, 1M committed, 1088M reserved
[101.846s][info][gc,ref      ] GC(217) Soft: 2 encountered, 0 discovered, 0 enqueued
[101.846s][info][gc,ref      ] GC(217) Weak: 9 encountered, 0 discovered, 0 enqueued
[101.846s][info][gc,ref      ] GC(217) Final: 0 encountered, 0 discovered, 0 enqueued
[101.846s][info][gc,ref      ] GC(217) Phantom: 3 encountered, 2 discovered, 0 enqueued
[101.846s][info][gc,reloc    ] GC(217) Small Pages: 4 / 8M, Empty: 0M, Relocated: 0M, In-Place: 0
[101.846s][info][gc,reloc    ] GC(217) Medium Pages: 0 / 0M, Empty: 0M, Relocated: 0M, In-Place: 0
[101.846s][info][gc,reloc    ] GC(217) Large Pages: 0 / 0M, Empty: 0M, Relocated: 0M, In-Place: 0
[101.846s][info][gc,reloc    ] GC(217) Forwarding Usage: 0M
[101.846s][info][gc,heap     ] GC(217) Min Capacity: 8192M(100%)
[101.846s][info][gc,heap     ] GC(217) Max Capacity: 8192M(100%)
[101.846s][info][gc,heap     ] GC(217) Soft Max Capacity: 8192M(100%)
[101.846s][info][gc,heap     ] GC(217)                Mark Start          Mark End        Relocate Start      Relocate End           High               Low         
[101.846s][info][gc,heap     ] GC(217)  Capacity:     8192M (100%)       8192M (100%)       8192M (100%)       8192M (100%)       8192M (100%)       8192M (100%)   
[101.846s][info][gc,heap     ] GC(217)      Free:     8184M (100%)       8184M (100%)       8184M (100%)       8186M (100%)       8186M (100%)       8178M (100%)   
[101.846s][info][gc,heap     ] GC(217)      Used:        8M (0%)            8M (0%)            8M (0%)            6M (0%)           14M (0%)            6M (0%)     
[101.846s][info][gc,heap     ] GC(217)      Live:         -                 0M (0%)            0M (0%)            0M (0%)             -                  -          
[101.846s][info][gc,heap     ] GC(217) Allocated:         -                 0M (0%)            0M (0%)            0M (0%)             -                  -          
[101.846s][info][gc,heap     ] GC(217)   Garbage:         -                 7M (0%)            7M (0%)            5M (0%)             -                  -          
[101.846s][info][gc,heap     ] GC(217) Reclaimed:         -                  -                 0M (0%)            2M (0%)             -                  -          
[101.846s][info][gc          ] GC(217) Garbage Collection (System.gc()) 8M(0%)->6M(0%)
[102.305s][info][gc,start    ] GC(218) Garbage Collection (System.gc())
[102.305s][info][gc,task     ] GC(218) Using 3 workers
[102.305s][info][gc,phases   ] GC(218) Pause Mark Start 0.014ms
[102.307s][info][gc,phases   ] GC(218) Concurrent Mark 2.225ms
[102.307s][info][gc,phases   ] GC(218) Pause Mark End 0.010ms
[102.307s][info][gc,phases   ] GC(218) Concurrent Mark Free 0.000ms
[102.308s][info][gc,phases   ] GC(218) Concurrent Process Non-Strong References 0.439ms
[102.308s][info][gc,phases   ] GC(218) Concurrent Reset Relocation Set 0.001ms
[102.312s][info][gc,phases   ] GC(218) Concurrent Select Relocation Set 4.238ms
[102.312s][info][gc,phases   ] GC(218) Pause Relocate Start 0.006ms
[102.313s][info][gc,phases   ] GC(218) Concurrent Relocate 0.673ms
[102.313s][info][gc,load     ] GC(218) Load: 1.49/1.41/1.58
[102.313s][info][gc,mmu      ] GC(218) MMU: 2ms/93.1%, 5ms/97.0%, 10ms/98.3%, 20ms/99.2%, 50ms/99.7%, 100ms/99.8%
[102.313s][info][gc,marking  ] GC(218) Mark: 2 stripe(s), 1 proactive flush(es), 1 terminate flush(es), 0 completion(s), 0 continuation(s) 
[102.313s][info][gc,marking  ] GC(218) Mark Stack Usage: 32M
[102.313s][info][gc,nmethod  ] GC(218) NMethods: 386 registered, 10 unregistered
[102.313s][info][gc,metaspace] GC(218) Metaspace: 0M used, 1M committed, 1088M reserved
[102.313s][info][gc,ref      ] GC(218) Soft: 2 encountered, 0 discovered, 0 enqueued
[102.313s][info][gc,ref      ] GC(218) Weak: 9 encountered, 1 discovered, 0 enqueued
[102.313s][info][gc,ref      ] GC(218) Final: 0 encountered, 0 discovered, 0 enqueued
[102.313s][info][gc,ref      ] GC(218) Phantom: 3 encountered, 2 discovered, 0 enqueued
[102.313s][info][gc,reloc    ] GC(218) Small Pages: 4 / 8M, Empty: 0M, Relocated: 0M, In-Place: 0
[102.313s][info][gc,reloc    ] GC(218) Medium Pages: 0 / 0M, Empty: 0M, Relocated: 0M, In-Place: 0
[102.313s][info][gc,reloc    ] GC(218) Large Pages: 0 / 0M, Empty: 0M, Relocated: 0M, In-Place: 0
[102.313s][info][gc,reloc    ] GC(218) Forwarding Usage: 0M
[102.313s][info][gc,heap     ] GC(218) Min Capacity: 8192M(100%)
[102.313s][info][gc,heap     ] GC(218) Max Capacity: 8192M(100%)
[102.313s][info][gc,heap     ] GC(218) Soft Max Capacity: 8192M(100%)
[102.313s][info][gc,heap     ] GC(218)                Mark Start          Mark End        Relocate Start      Relocate End           High               Low         
[102.313s][info][gc,heap     ] GC(218)  Capacity:     8192M (100%)       8192M (100%)       8192M (100%)       8192M (100%)       8192M (100%)       8192M (100%)   
[102.313s][info][gc,heap     ] GC(218)      Free:     8184M (100%)       8184M (100%)       8184M (100%)       8186M (100%)       8186M (100%)       8178M (100%)   
[102.313s][info][gc,heap     ] GC(218)      Used:        8M (0%)            8M (0%)            8M (0%)            6M (0%)           14M (0%)            6M (0%)     
[102.313s][info][gc,heap     ] GC(218)      Live:         -                 0M (0%)            0M (0%)            0M (0%)             -                  -          
[102.313s][info][gc,heap     ] GC(218) Allocated:         -                 0M (0%)            0M (0%)            0M (0%)             -                  -          
[102.313s][info][gc,heap     ] GC(218)   Garbage:         -                 7M (0%)            7M (0%)            5M (0%)             -                  -          
[102.313s][info][gc,heap     ] GC(218) Reclaimed:         -                  -                 0M (0%)            2M (0%)             -                  -          
[102.313s][info][gc          ] GC(218) Garbage Collection (System.gc()) 8M(0%)->6M(0%)
[102.777s][info][gc,start    ] GC(219) Garbage Collection (System.gc())
[102.777s][info][gc,task     ] GC(219) Using 3 workers
[102.777s][info][gc,phases   ] GC(219) Pause Mark Start 0.013ms
[102.780s][info][gc,phases   ] GC(219) Concurrent Mark 2.505ms
[102.780s][info][gc,phases   ] GC(219) Pause Mark End 0.014ms
[102.780s][info][gc,phases   ] GC(219) Concurrent Mark Free 0.000ms
[102.780s][info][gc,phases   ] GC(219) Concurrent Process Non-Strong References 0.453ms
[102.780s][info][gc,phases   ] GC(219) Concurrent Reset Relocation Set 0.001ms
[102.784s][info][gc,phases   ] GC(219) Concurrent Select Relocation Set 3.232ms
[102.784s][info][gc,phases   ] GC(219) Pause Relocate Start 0.007ms
[102.784s][info][gc,phases   ] GC(219) Concurrent Relocate 0.581ms
[102.784s][info][gc,load     ] GC(219) Load: 1.49/1.41/1.58
[102.784s][info][gc,mmu      ] GC(219) MMU: 2ms/93.1%, 5ms/97.0%, 10ms/98.3%, 20ms/99.2%, 50ms/99.7%, 100ms/99.8%
[102.784s][info][gc,marking  ] GC(219) Mark: 2 stripe(s), 1 proactive flush(es), 1 terminate flush(es), 0 completion(s), 0 continuation(s) 
[102.784s][info][gc,marking  ] GC(219) Mark Stack Usage: 32M
[102.784s][info][gc,nmethod  ] GC(219) NMethods: 386 registered, 10 unregistered
[102.784s][info][gc,metaspace] GC(219) Metaspace: 0M used, 1M committed, 1088M reserved
[102.784s][info][gc,ref      ] GC(219) Soft: 2 encountered, 0 discovered, 0 enqueued
[102.784s][info][gc,ref      ] GC(219) Weak: 9 encountered, 0 discovered, 0 enqueued
[102.784s][info][gc,ref      ] GC(219) Final: 0 encountered, 0 discovered, 0 enqueued
[102.784s][info][gc,ref      ] GC(219) Phantom: 3 encountered, 2 discovered, 0 enqueued
[102.784s][info][gc,reloc    ] GC(219) Small Pages: 4 / 8M, Empty: 0M, Relocated: 0M, In-Place: 0
[102.784s][info][gc,reloc    ] GC(219) Medium Pages: 0 / 0M, Empty: 0M, Relocated: 0M, In-Place: 0
[102.784s][info][gc,reloc    ] GC(219) Large Pages: 0 / 0M, Empty: 0M, Relocated: 0M, In-Place: 0
[102.784s][info][gc,reloc    ] GC(219) Forwarding Usage: 0M
[102.784s][info][gc,heap     ] GC(219) Min Capacity: 8192M(100%)
[102.784s][info][gc,heap     ] GC(219) Max Capacity: 8192M(100%)
[102.784s][info][gc,heap     ] GC(219) Soft Max Capacity: 8192M(100%)
[102.784s][info][gc,heap     ] GC(219)                Mark Start          Mark End        Relocate Start      Relocate End           High               Low         
[102.784s][info][gc,heap     ] GC(219)  Capacity:     8192M (100%)       8192M (100%)       8192M (100%)       8192M (100%)       8192M (100%)       8192M (100%)   
[102.784s][info][gc,heap     ] GC(219)      Free:     8184M (100%)       8184M (100%)       8184M (100%)       8186M (100%)       8186M (100%)       8180M (100%)   
[102.784s][info][gc,heap     ] GC(219)      Used:        8M (0%)            8M (0%)            8M (0%)            6M (0%)           12M (0%)            6M (0%)     
[102.785s][info][gc,heap     ] GC(219)      Live:         -                 0M (0%)            0M (0%)            0M (0%)             -                  -          
[102.785s][info][gc,heap     ] GC(219) Allocated:         -                 0M (0%)            0M (0%)            0M (0%)             -                  -          
[102.785s][info][gc,heap     ] GC(219)   Garbage:         -                 7M (0%)            7M (0%)            5M (0%)             -                  -          
[102.785s][info][gc,heap     ] GC(219) Reclaimed:         -                  -                 0M (0%)            2M (0%)             -                  -          
[102.785s][info][gc          ] GC(219) Garbage Collection (System.gc()) 8M(0%)->6M(0%)
[103.238s][info][gc,start    ] GC(220) Garbage Collection (System.gc())
[103.238s][info][gc,task     ] GC(220) Using 3 workers
[103.238s][info][gc,phases   ] GC(220) Pause Mark Start 0.014ms
[103.242s][info][gc,phases   ] GC(220) Concurrent Mark 3.811ms
[103.242s][info][gc,phases   ] GC(220) Pause Mark End 0.021ms
[103.242s][info][gc,phases   ] GC(220) Concurrent Mark Free 0.001ms
[103.243s][info][gc,phases   ] GC(220) Concurrent Process Non-Strong References 1.021ms
[103.243s][info][gc,phases   ] GC(220) Concurrent Reset Relocation Set 0.003ms
[103.257s][info][gc,phases   ] GC(220) Concurrent Select Relocation Set 13.859ms
[103.257s][info][gc,phases   ] GC(220) Pause Relocate Start 0.011ms
[103.258s][info][gc,phases   ] GC(220) Concurrent Relocate 0.676ms
[103.258s][info][gc,load     ] GC(220) Load: 1.49/1.41/1.58
[103.258s][info][gc,mmu      ] GC(220) MMU: 2ms/93.1%, 5ms/97.0%, 10ms/98.3%, 20ms/99.2%, 50ms/99.7%, 100ms/99.8%
[103.258s][info][gc,marking  ] GC(220) Mark: 2 stripe(s), 1 proactive flush(es), 1 terminate flush(es), 0 completion(s), 0 continuation(s) 
[103.258s][info][gc,marking  ] GC(220) Mark Stack Usage: 32M
[103.258s][info][gc,nmethod  ] GC(220) NMethods: 386 registered, 10 unregistered
[103.258s][info][gc,metaspace] GC(220) Metaspace: 0M used, 1M committed, 1088M reserved
[103.258s][info][gc,ref      ] GC(220) Soft: 2 encountered, 0 discovered, 0 enqueued
[103.258s][info][gc,ref      ] GC(220) Weak: 9 encountered, 0 discovered, 0 enqueued
[103.258s][info][gc,ref      ] GC(220) Final: 0 encountered, 0 discovered, 0 enqueued
[103.258s][info][gc,ref      ] GC(220) Phantom: 3 encountered, 2 discovered, 0 enqueued
[103.258s][info][gc,reloc    ] GC(220) Small Pages: 4 / 8M, Empty: 0M, Relocated: 0M, In-Place: 0
[103.258s][info][gc,reloc    ] GC(220) Medium Pages: 0 / 0M, Empty: 0M, Relocated: 0M, In-Place: 0
[103.258s][info][gc,reloc    ] GC(220) Large Pages: 0 / 0M, Empty: 0M, Relocated: 0M, In-Place: 0
[103.258s][info][gc,reloc    ] GC(220) Forwarding Usage: 0M
[103.258s][info][gc,heap     ] GC(220) Min Capacity: 8192M(100%)
[103.258s][info][gc,heap     ] GC(220) Max Capacity: 8192M(100%)
[103.258s][info][gc,heap     ] GC(220) Soft Max Capacity: 8192M(100%)
[103.258s][info][gc,heap     ] GC(220)                Mark Start          Mark End        Relocate Start      Relocate End           High               Low         
[103.258s][info][gc,heap     ] GC(220)  Capacity:     8192M (100%)       8192M (100%)       8192M (100%)       8192M (100%)       8192M (100%)       8192M (100%)   
[103.258s][info][gc,heap     ] GC(220)      Free:     8184M (100%)       8184M (100%)       8184M (100%)       8186M (100%)       8186M (100%)       8178M (100%)   
[103.258s][info][gc,heap     ] GC(220)      Used:        8M (0%)            8M (0%)            8M (0%)            6M (0%)           14M (0%)            6M (0%)     
[103.258s][info][gc,heap     ] GC(220)      Live:         -                 0M (0%)            0M (0%)            0M (0%)             -                  -          
[103.258s][info][gc,heap     ] GC(220) Allocated:         -                 0M (0%)            0M (0%)            0M (0%)             -                  -          
[103.258s][info][gc,heap     ] GC(220)   Garbage:         -                 7M (0%)            7M (0%)            5M (0%)             -                  -          
[103.258s][info][gc,heap     ] GC(220) Reclaimed:         -                  -                 0M (0%)            2M (0%)             -                  -          
[103.258s][info][gc          ] GC(220) Garbage Collection (System.gc()) 8M(0%)->6M(0%)
[103.712s][info][gc,start    ] GC(221) Garbage Collection (System.gc())
[103.712s][info][gc,task     ] GC(221) Using 3 workers
[103.712s][info][gc,phases   ] GC(221) Pause Mark Start 0.012ms
[103.717s][info][gc,phases   ] GC(221) Concurrent Mark 5.030ms
[103.718s][info][gc,phases   ] GC(221) Pause Mark End 0.020ms
[103.718s][info][gc,phases   ] GC(221) Concurrent Mark Free 0.001ms
[103.720s][info][gc,phases   ] GC(221) Concurrent Process Non-Strong References 2.060ms
[103.720s][info][gc,phases   ] GC(221) Concurrent Reset Relocation Set 0.003ms
[103.732s][info][gc,phases   ] GC(221) Concurrent Select Relocation Set 12.234ms
[103.733s][info][gc,phases   ] GC(221) Pause Relocate Start 0.013ms
[103.733s][info][gc,phases   ] GC(221) Concurrent Relocate 0.854ms
[103.737s][info][gc,load     ] GC(221) Load: 1.49/1.41/1.58
[103.737s][info][gc,mmu      ] GC(221) MMU: 2ms/93.1%, 5ms/97.0%, 10ms/98.3%, 20ms/99.2%, 50ms/99.7%, 100ms/99.8%
[103.737s][info][gc,marking  ] GC(221) Mark: 2 stripe(s), 1 proactive flush(es), 1 terminate flush(es), 0 completion(s), 0 continuation(s) 
[103.737s][info][gc,marking  ] GC(221) Mark Stack Usage: 32M
[103.737s][info][gc,nmethod  ] GC(221) NMethods: 386 registered, 10 unregistered
[103.737s][info][gc,metaspace] GC(221) Metaspace: 0M used, 1M committed, 1088M reserved
[103.737s][info][gc,ref      ] GC(221) Soft: 2 encountered, 0 discovered, 0 enqueued
[103.737s][info][gc,ref      ] GC(221) Weak: 9 encountered, 0 discovered, 0 enqueued
[103.737s][info][gc,ref      ] GC(221) Final: 0 encountered, 0 discovered, 0 enqueued
[103.737s][info][gc,ref      ] GC(221) Phantom: 3 encountered, 2 discovered, 0 enqueued
[103.737s][info][gc,reloc    ] GC(221) Small Pages: 4 / 8M, Empty: 0M, Relocated: 0M, In-Place: 0
[103.737s][info][gc,reloc    ] GC(221) Medium Pages: 0 / 0M, Empty: 0M, Relocated: 0M, In-Place: 0
[103.737s][info][gc,reloc    ] GC(221) Large Pages: 0 / 0M, Empty: 0M, Relocated: 0M, In-Place: 0
[103.737s][info][gc,reloc    ] GC(221) Forwarding Usage: 0M
[103.737s][info][gc,heap     ] GC(221) Min Capacity: 8192M(100%)
[103.737s][info][gc,heap     ] GC(221) Max Capacity: 8192M(100%)
[103.737s][info][gc,heap     ] GC(221) Soft Max Capacity: 8192M(100%)
[103.737s][info][gc,heap     ] GC(221)                Mark Start          Mark End        Relocate Start      Relocate End           High               Low         
[103.737s][info][gc,heap     ] GC(221)  Capacity:     8192M (100%)       8192M (100%)       8192M (100%)       8192M (100%)       8192M (100%)       8192M (100%)   
[103.737s][info][gc,heap     ] GC(221)      Free:     8184M (100%)       8184M (100%)       8184M (100%)       8188M (100%)       8188M (100%)       8180M (100%)   
[103.737s][info][gc,heap     ] GC(221)      Used:        8M (0%)            8M (0%)            8M (0%)            4M (0%)           12M (0%)            4M (0%)     
[103.737s][info][gc,heap     ] GC(221)      Live:         -                 0M (0%)            0M (0%)            0M (0%)             -                  -          
[103.737s][info][gc,heap     ] GC(221) Allocated:         -                 0M (0%)            0M (0%)            0M (0%)             -                  -          
[103.737s][info][gc,heap     ] GC(221)   Garbage:         -                 7M (0%)            7M (0%)            3M (0%)             -                  -          
[103.737s][info][gc,heap     ] GC(221) Reclaimed:         -                  -                 0M (0%)            4M (0%)             -                  -          
[103.737s][info][gc          ] GC(221) Garbage Collection (System.gc()) 8M(0%)->4M(0%)
[104.194s][info][gc,start    ] GC(222) Garbage Collection (System.gc())
[104.194s][info][gc,task     ] GC(222) Using 3 workers
[104.194s][info][gc,phases   ] GC(222) Pause Mark Start 0.013ms
[104.204s][info][gc,phases   ] GC(222) Concurrent Mark 10.057ms
[104.204s][info][gc,phases   ] GC(222) Pause Mark End 0.019ms
[104.204s][info][gc,phases   ] GC(222) Concurrent Mark Free 0.000ms
[104.205s][info][gc,phases   ] GC(222) Concurrent Process Non-Strong References 0.623ms
[104.205s][info][gc,phases   ] GC(222) Concurrent Reset Relocation Set 0.001ms
[104.210s][info][gc,phases   ] GC(222) Concurrent Select Relocation Set 4.387ms
[104.210s][info][gc,phases   ] GC(222) Pause Relocate Start 0.006ms
[104.210s][info][gc,phases   ] GC(222) Concurrent Relocate 0.665ms
[104.210s][info][gc,load     ] GC(222) Load: 1.49/1.41/1.58
[104.210s][info][gc,mmu      ] GC(222) MMU: 2ms/93.1%, 5ms/97.0%, 10ms/98.3%, 20ms/99.2%, 50ms/99.7%, 100ms/99.8%
[104.210s][info][gc,marking  ] GC(222) Mark: 2 stripe(s), 1 proactive flush(es), 1 terminate flush(es), 0 completion(s), 0 continuation(s) 
[104.210s][info][gc,marking  ] GC(222) Mark Stack Usage: 32M
[104.210s][info][gc,nmethod  ] GC(222) NMethods: 386 registered, 10 unregistered
[104.210s][info][gc,metaspace] GC(222) Metaspace: 0M used, 1M committed, 1088M reserved
[104.210s][info][gc,ref      ] GC(222) Soft: 2 encountered, 0 discovered, 0 enqueued
[104.210s][info][gc,ref      ] GC(222) Weak: 9 encountered, 0 discovered, 0 enqueued
[104.210s][info][gc,ref      ] GC(222) Final: 0 encountered, 0 discovered, 0 enqueued
[104.210s][info][gc,ref      ] GC(222) Phantom: 3 encountered, 3 discovered, 0 enqueued
[104.210s][info][gc,reloc    ] GC(222) Small Pages: 3 / 6M, Empty: 0M, Relocated: 0M, In-Place: 0
[104.210s][info][gc,reloc    ] GC(222) Medium Pages: 0 / 0M, Empty: 0M, Relocated: 0M, In-Place: 0
[104.211s][info][gc,reloc    ] GC(222) Large Pages: 0 / 0M, Empty: 0M, Relocated: 0M, In-Place: 0
[104.211s][info][gc,reloc    ] GC(222) Forwarding Usage: 0M
[104.211s][info][gc,heap     ] GC(222) Min Capacity: 8192M(100%)
[104.211s][info][gc,heap     ] GC(222) Max Capacity: 8192M(100%)
[104.211s][info][gc,heap     ] GC(222) Soft Max Capacity: 8192M(100%)
[104.211s][info][gc,heap     ] GC(222)                Mark Start          Mark End        Relocate Start      Relocate End           High               Low         
[104.211s][info][gc,heap     ] GC(222)  Capacity:     8192M (100%)       8192M (100%)       8192M (100%)       8192M (100%)       8192M (100%)       8192M (100%)   
[104.211s][info][gc,heap     ] GC(222)      Free:     8186M (100%)       8186M (100%)       8186M (100%)       8186M (100%)       8186M (100%)       8180M (100%)   
[104.211s][info][gc,heap     ] GC(222)      Used:        6M (0%)            6M (0%)            6M (0%)            6M (0%)           12M (0%)            6M (0%)     
[104.211s][info][gc,heap     ] GC(222)      Live:         -                 0M (0%)            0M (0%)            0M (0%)             -                  -          
[104.211s][info][gc,heap     ] GC(222) Allocated:         -                 0M (0%)            0M (0%)            0M (0%)             -                  -          
[104.211s][info][gc,heap     ] GC(222)   Garbage:         -                 5M (0%)            5M (0%)            5M (0%)             -                  -          
[104.211s][info][gc,heap     ] GC(222) Reclaimed:         -                  -                 0M (0%)            0M (0%)             -                  -          
[104.211s][info][gc          ] GC(222) Garbage Collection (System.gc()) 6M(0%)->6M(0%)
[104.673s][info][gc,start    ] GC(223) Garbage Collection (System.gc())
[104.673s][info][gc,task     ] GC(223) Using 3 workers
[104.673s][info][gc,phases   ] GC(223) Pause Mark Start 0.009ms
[104.675s][info][gc,phases   ] GC(223) Concurrent Mark 2.008ms
[104.676s][info][gc,phases   ] GC(223) Pause Mark End 0.008ms
[104.676s][info][gc,phases   ] GC(223) Concurrent Mark Free 0.000ms
[104.677s][info][gc,phases   ] GC(223) Concurrent Process Non-Strong References 1.031ms
[104.677s][info][gc,phases   ] GC(223) Concurrent Reset Relocation Set 0.001ms
[104.681s][info][gc,phases   ] GC(223) Concurrent Select Relocation Set 4.654ms
[104.681s][info][gc,phases   ] GC(223) Pause Relocate Start 0.005ms
[104.682s][info][gc,phases   ] GC(223) Concurrent Relocate 0.584ms
[104.682s][info][gc,load     ] GC(223) Load: 1.49/1.41/1.58
[104.682s][info][gc,mmu      ] GC(223) MMU: 2ms/93.1%, 5ms/97.0%, 10ms/98.3%, 20ms/99.2%, 50ms/99.7%, 100ms/99.8%
[104.682s][info][gc,marking  ] GC(223) Mark: 2 stripe(s), 1 proactive flush(es), 1 terminate flush(es), 0 completion(s), 0 continuation(s) 
[104.682s][info][gc,marking  ] GC(223) Mark Stack Usage: 32M
[104.682s][info][gc,nmethod  ] GC(223) NMethods: 386 registered, 10 unregistered
[104.682s][info][gc,metaspace] GC(223) Metaspace: 0M used, 1M committed, 1088M reserved
[104.682s][info][gc,ref      ] GC(223) Soft: 2 encountered, 0 discovered, 0 enqueued
[104.682s][info][gc,ref      ] GC(223) Weak: 9 encountered, 0 discovered, 0 enqueued
[104.682s][info][gc,ref      ] GC(223) Final: 0 encountered, 0 discovered, 0 enqueued
[104.682s][info][gc,ref      ] GC(223) Phantom: 3 encountered, 2 discovered, 0 enqueued
[104.682s][info][gc,reloc    ] GC(223) Small Pages: 4 / 8M, Empty: 0M, Relocated: 0M, In-Place: 0
[104.682s][info][gc,reloc    ] GC(223) Medium Pages: 0 / 0M, Empty: 0M, Relocated: 0M, In-Place: 0
[104.682s][info][gc,reloc    ] GC(223) Large Pages: 0 / 0M, Empty: 0M, Relocated: 0M, In-Place: 0
[104.682s][info][gc,reloc    ] GC(223) Forwarding Usage: 0M
[104.682s][info][gc,heap     ] GC(223) Min Capacity: 8192M(100%)
[104.682s][info][gc,heap     ] GC(223) Max Capacity: 8192M(100%)
[104.682s][info][gc,heap     ] GC(223) Soft Max Capacity: 8192M(100%)
[104.682s][info][gc,heap     ] GC(223)                Mark Start          Mark End        Relocate Start      Relocate End           High               Low         
[104.682s][info][gc,heap     ] GC(223)  Capacity:     8192M (100%)       8192M (100%)       8192M (100%)       8192M (100%)       8192M (100%)       8192M (100%)   
[104.682s][info][gc,heap     ] GC(223)      Free:     8184M (100%)       8184M (100%)       8184M (100%)       8186M (100%)       8186M (100%)       8178M (100%)   
[104.682s][info][gc,heap     ] GC(223)      Used:        8M (0%)            8M (0%)            8M (0%)            6M (0%)           14M (0%)            6M (0%)     
[104.682s][info][gc,heap     ] GC(223)      Live:         -                 0M (0%)            0M (0%)            0M (0%)             -                  -          
[104.682s][info][gc,heap     ] GC(223) Allocated:         -                 0M (0%)            0M (0%)            0M (0%)             -                  -          
[104.682s][info][gc,heap     ] GC(223)   Garbage:         -                 7M (0%)            7M (0%)            5M (0%)             -                  -          
[104.682s][info][gc,heap     ] GC(223) Reclaimed:         -                  -                 0M (0%)            2M (0%)             -                  -          
[104.682s][info][gc          ] GC(223) Garbage Collection (System.gc()) 8M(0%)->6M(0%)
[105.142s][info][gc,start    ] GC(224) Garbage Collection (System.gc())
[105.142s][info][gc,task     ] GC(224) Using 3 workers
[105.142s][info][gc,phases   ] GC(224) Pause Mark Start 0.006ms
[105.144s][info][gc,phases   ] GC(224) Concurrent Mark 2.212ms
[105.144s][info][gc,phases   ] GC(224) Pause Mark End 0.010ms
[105.144s][info][gc,phases   ] GC(224) Concurrent Mark Free 0.000ms
[105.146s][info][gc,phases   ] GC(224) Concurrent Process Non-Strong References 1.075ms
[105.146s][info][gc,phases   ] GC(224) Concurrent Reset Relocation Set 0.001ms
[105.150s][info][gc,phases   ] GC(224) Concurrent Select Relocation Set 3.967ms
[105.150s][info][gc,phases   ] GC(224) Pause Relocate Start 0.005ms
[105.150s][info][gc,phases   ] GC(224) Concurrent Relocate 0.568ms
[105.150s][info][gc,load     ] GC(224) Load: 1.45/1.40/1.57
[105.150s][info][gc,mmu      ] GC(224) MMU: 2ms/93.1%, 5ms/97.0%, 10ms/98.3%, 20ms/99.2%, 50ms/99.7%, 100ms/99.8%
[105.150s][info][gc,marking  ] GC(224) Mark: 2 stripe(s), 1 proactive flush(es), 1 terminate flush(es), 0 completion(s), 0 continuation(s) 
[105.150s][info][gc,marking  ] GC(224) Mark Stack Usage: 32M
[105.150s][info][gc,nmethod  ] GC(224) NMethods: 386 registered, 11 unregistered
[105.150s][info][gc,metaspace] GC(224) Metaspace: 0M used, 1M committed, 1088M reserved
[105.150s][info][gc,ref      ] GC(224) Soft: 2 encountered, 0 discovered, 0 enqueued
[105.150s][info][gc,ref      ] GC(224) Weak: 9 encountered, 0 discovered, 0 enqueued
[105.150s][info][gc,ref      ] GC(224) Final: 0 encountered, 0 discovered, 0 enqueued
[105.150s][info][gc,ref      ] GC(224) Phantom: 3 encountered, 2 discovered, 0 enqueued
[105.150s][info][gc,reloc    ] GC(224) Small Pages: 4 / 8M, Empty: 0M, Relocated: 0M, In-Place: 0
[105.150s][info][gc,reloc    ] GC(224) Medium Pages: 0 / 0M, Empty: 0M, Relocated: 0M, In-Place: 0
[105.150s][info][gc,reloc    ] GC(224) Large Pages: 0 / 0M, Empty: 0M, Relocated: 0M, In-Place: 0
[105.150s][info][gc,reloc    ] GC(224) Forwarding Usage: 0M
[105.150s][info][gc,heap     ] GC(224) Min Capacity: 8192M(100%)
[105.150s][info][gc,heap     ] GC(224) Max Capacity: 8192M(100%)
[105.150s][info][gc,heap     ] GC(224) Soft Max Capacity: 8192M(100%)
[105.150s][info][gc,heap     ] GC(224)                Mark Start          Mark End        Relocate Start      Relocate End           High               Low         
[105.150s][info][gc,heap     ] GC(224)  Capacity:     8192M (100%)       8192M (100%)       8192M (100%)       8192M (100%)       8192M (100%)       8192M (100%)   
[105.150s][info][gc,heap     ] GC(224)      Free:     8184M (100%)       8184M (100%)       8184M (100%)       8186M (100%)       8186M (100%)       8178M (100%)   
[105.150s][info][gc,heap     ] GC(224)      Used:        8M (0%)            8M (0%)            8M (0%)            6M (0%)           14M (0%)            6M (0%)     
[105.150s][info][gc,heap     ] GC(224)      Live:         -                 0M (0%)            0M (0%)            0M (0%)             -                  -          
[105.150s][info][gc,heap     ] GC(224) Allocated:         -                 0M (0%)            0M (0%)            0M (0%)             -                  -          
[105.150s][info][gc,heap     ] GC(224)   Garbage:         -                 7M (0%)            7M (0%)            5M (0%)             -                  -          
[105.150s][info][gc,heap     ] GC(224) Reclaimed:         -                  -                 0M (0%)            2M (0%)             -                  -          
[105.150s][info][gc          ] GC(224) Garbage Collection (System.gc()) 8M(0%)->6M(0%)
[105.614s][info][gc,start    ] GC(225) Garbage Collection (System.gc())
[105.614s][info][gc,task     ] GC(225) Using 3 workers
[105.614s][info][gc,phases   ] GC(225) Pause Mark Start 0.014ms
[105.617s][info][gc,phases   ] GC(225) Concurrent Mark 2.963ms
[105.617s][info][gc,phases   ] GC(225) Pause Mark End 0.013ms
[105.617s][info][gc,phases   ] GC(225) Concurrent Mark Free 0.000ms
[105.618s][info][gc,phases   ] GC(225) Concurrent Process Non-Strong References 0.846ms
[105.618s][info][gc,phases   ] GC(225) Concurrent Reset Relocation Set 0.001ms
[105.623s][info][gc,phases   ] GC(225) Concurrent Select Relocation Set 4.316ms
[105.623s][info][gc,phases   ] GC(225) Pause Relocate Start 0.011ms
[105.624s][info][gc,phases   ] GC(225) Concurrent Relocate 0.818ms
[105.624s][info][gc,load     ] GC(225) Load: 1.45/1.40/1.57
[105.624s][info][gc,mmu      ] GC(225) MMU: 2ms/93.1%, 5ms/97.0%, 10ms/98.3%, 20ms/99.2%, 50ms/99.7%, 100ms/99.8%
[105.624s][info][gc,marking  ] GC(225) Mark: 2 stripe(s), 2 proactive flush(es), 1 terminate flush(es), 0 completion(s), 0 continuation(s) 
[105.624s][info][gc,marking  ] GC(225) Mark Stack Usage: 32M
[105.624s][info][gc,nmethod  ] GC(225) NMethods: 386 registered, 11 unregistered
[105.624s][info][gc,metaspace] GC(225) Metaspace: 0M used, 1M committed, 1088M reserved
[105.624s][info][gc,ref      ] GC(225) Soft: 2 encountered, 0 discovered, 0 enqueued
[105.624s][info][gc,ref      ] GC(225) Weak: 9 encountered, 0 discovered, 0 enqueued
[105.624s][info][gc,ref      ] GC(225) Final: 0 encountered, 0 discovered, 0 enqueued
[105.624s][info][gc,ref      ] GC(225) Phantom: 3 encountered, 2 discovered, 0 enqueued
[105.624s][info][gc,reloc    ] GC(225) Small Pages: 4 / 8M, Empty: 0M, Relocated: 0M, In-Place: 0
[105.624s][info][gc,reloc    ] GC(225) Medium Pages: 0 / 0M, Empty: 0M, Relocated: 0M, In-Place: 0
[105.624s][info][gc,reloc    ] GC(225) Large Pages: 0 / 0M, Empty: 0M, Relocated: 0M, In-Place: 0
[105.624s][info][gc,reloc    ] GC(225) Forwarding Usage: 0M
[105.624s][info][gc,heap     ] GC(225) Min Capacity: 8192M(100%)
[105.624s][info][gc,heap     ] GC(225) Max Capacity: 8192M(100%)
[105.624s][info][gc,heap     ] GC(225) Soft Max Capacity: 8192M(100%)
[105.624s][info][gc,heap     ] GC(225)                Mark Start          Mark End        Relocate Start      Relocate End           High               Low         
[105.624s][info][gc,heap     ] GC(225)  Capacity:     8192M (100%)       8192M (100%)       8192M (100%)       8192M (100%)       8192M (100%)       8192M (100%)   
[105.624s][info][gc,heap     ] GC(225)      Free:     8184M (100%)       8184M (100%)       8184M (100%)       8186M (100%)       8186M (100%)       8178M (100%)   
[105.624s][info][gc,heap     ] GC(225)      Used:        8M (0%)            8M (0%)            8M (0%)            6M (0%)           14M (0%)            6M (0%)     
[105.624s][info][gc,heap     ] GC(225)      Live:         -                 0M (0%)            0M (0%)            0M (0%)             -                  -          
[105.624s][info][gc,heap     ] GC(225) Allocated:         -                 0M (0%)            0M (0%)            0M (0%)             -                  -          
[105.624s][info][gc,heap     ] GC(225)   Garbage:         -                 7M (0%)            7M (0%)            5M (0%)             -                  -          
[105.624s][info][gc,heap     ] GC(225) Reclaimed:         -                  -                 0M (0%)            2M (0%)             -                  -          
[105.624s][info][gc          ] GC(225) Garbage Collection (System.gc()) 8M(0%)->6M(0%)
[106.088s][info][gc,start    ] GC(226) Garbage Collection (System.gc())
[106.088s][info][gc,task     ] GC(226) Using 3 workers
[106.088s][info][gc,phases   ] GC(226) Pause Mark Start 0.015ms
[106.090s][info][gc,phases   ] GC(226) Concurrent Mark 1.796ms
[106.090s][info][gc,phases   ] GC(226) Pause Mark End 0.006ms
[106.090s][info][gc,phases   ] GC(226) Concurrent Mark Free 0.000ms
[106.090s][info][gc,phases   ] GC(226) Concurrent Process Non-Strong References 0.328ms
[106.090s][info][gc,phases   ] GC(226) Concurrent Reset Relocation Set 0.001ms
[106.093s][info][gc,phases   ] GC(226) Concurrent Select Relocation Set 2.676ms
[106.093s][info][gc,phases   ] GC(226) Pause Relocate Start 0.005ms
[106.094s][info][gc,phases   ] GC(226) Concurrent Relocate 0.447ms
[106.094s][info][gc,load     ] GC(226) Load: 1.45/1.40/1.57
[106.094s][info][gc,mmu      ] GC(226) MMU: 2ms/93.1%, 5ms/97.0%, 10ms/98.3%, 20ms/99.2%, 50ms/99.7%, 100ms/99.8%
[106.094s][info][gc,marking  ] GC(226) Mark: 2 stripe(s), 1 proactive flush(es), 1 terminate flush(es), 0 completion(s), 0 continuation(s) 
[106.094s][info][gc,marking  ] GC(226) Mark Stack Usage: 32M
[106.094s][info][gc,nmethod  ] GC(226) NMethods: 386 registered, 11 unregistered
[106.094s][info][gc,metaspace] GC(226) Metaspace: 0M used, 1M committed, 1088M reserved
[106.094s][info][gc,ref      ] GC(226) Soft: 2 encountered, 0 discovered, 0 enqueued
[106.094s][info][gc,ref      ] GC(226) Weak: 9 encountered, 0 discovered, 0 enqueued
[106.094s][info][gc,ref      ] GC(226) Final: 0 encountered, 0 discovered, 0 enqueued
[106.094s][info][gc,ref      ] GC(226) Phantom: 3 encountered, 2 discovered, 0 enqueued
[106.094s][info][gc,reloc    ] GC(226) Small Pages: 4 / 8M, Empty: 0M, Relocated: 0M, In-Place: 0
[106.094s][info][gc,reloc    ] GC(226) Medium Pages: 0 / 0M, Empty: 0M, Relocated: 0M, In-Place: 0
[106.094s][info][gc,reloc    ] GC(226) Large Pages: 0 / 0M, Empty: 0M, Relocated: 0M, In-Place: 0
[106.094s][info][gc,reloc    ] GC(226) Forwarding Usage: 0M
[106.094s][info][gc,heap     ] GC(226) Min Capacity: 8192M(100%)
[106.094s][info][gc,heap     ] GC(226) Max Capacity: 8192M(100%)
[106.094s][info][gc,heap     ] GC(226) Soft Max Capacity: 8192M(100%)
[106.094s][info][gc,heap     ] GC(226)                Mark Start          Mark End        Relocate Start      Relocate End           High               Low         
[106.094s][info][gc,heap     ] GC(226)  Capacity:     8192M (100%)       8192M (100%)       8192M (100%)       8192M (100%)       8192M (100%)       8192M (100%)   
[106.094s][info][gc,heap     ] GC(226)      Free:     8184M (100%)       8184M (100%)       8184M (100%)       8186M (100%)       8186M (100%)       8178M (100%)   
[106.094s][info][gc,heap     ] GC(226)      Used:        8M (0%)            8M (0%)            8M (0%)            6M (0%)           14M (0%)            6M (0%)     
[106.094s][info][gc,heap     ] GC(226)      Live:         -                 0M (0%)            0M (0%)            0M (0%)             -                  -          
[106.094s][info][gc,heap     ] GC(226) Allocated:         -                 0M (0%)            0M (0%)            0M (0%)             -                  -          
[106.094s][info][gc,heap     ] GC(226)   Garbage:         -                 7M (0%)            7M (0%)            5M (0%)             -                  -          
[106.094s][info][gc,heap     ] GC(226) Reclaimed:         -                  -                 0M (0%)            2M (0%)             -                  -          
[106.094s][info][gc          ] GC(226) Garbage Collection (System.gc()) 8M(0%)->6M(0%)
[106.548s][info][gc,start    ] GC(227) Garbage Collection (System.gc())
[106.548s][info][gc,task     ] GC(227) Using 3 workers
[106.548s][info][gc,phases   ] GC(227) Pause Mark Start 0.013ms
[106.555s][info][gc,phases   ] GC(227) Concurrent Mark 7.214ms
[106.555s][info][gc,phases   ] GC(227) Pause Mark End 0.028ms
[106.555s][info][gc,phases   ] GC(227) Concurrent Mark Free 0.001ms
[106.557s][info][gc,phases   ] GC(227) Concurrent Process Non-Strong References 1.722ms
[106.557s][info][gc,phases   ] GC(227) Concurrent Reset Relocation Set 0.002ms
[106.563s][info][gc,phases   ] GC(227) Concurrent Select Relocation Set 5.567ms
[106.563s][info][gc,phases   ] GC(227) Pause Relocate Start 0.013ms
[106.564s][info][gc,phases   ] GC(227) Concurrent Relocate 0.850ms
[106.564s][info][gc,load     ] GC(227) Load: 1.45/1.40/1.57
[106.564s][info][gc,mmu      ] GC(227) MMU: 2ms/93.1%, 5ms/97.0%, 10ms/98.3%, 20ms/99.2%, 50ms/99.7%, 100ms/99.8%
[106.564s][info][gc,marking  ] GC(227) Mark: 2 stripe(s), 1 proactive flush(es), 1 terminate flush(es), 0 completion(s), 0 continuation(s) 
[106.564s][info][gc,marking  ] GC(227) Mark Stack Usage: 32M
[106.564s][info][gc,nmethod  ] GC(227) NMethods: 386 registered, 11 unregistered
[106.564s][info][gc,metaspace] GC(227) Metaspace: 0M used, 1M committed, 1088M reserved
[106.564s][info][gc,ref      ] GC(227) Soft: 2 encountered, 0 discovered, 0 enqueued
[106.564s][info][gc,ref      ] GC(227) Weak: 9 encountered, 0 discovered, 0 enqueued
[106.564s][info][gc,ref      ] GC(227) Final: 0 encountered, 0 discovered, 0 enqueued
[106.564s][info][gc,ref      ] GC(227) Phantom: 3 encountered, 2 discovered, 0 enqueued
[106.564s][info][gc,reloc    ] GC(227) Small Pages: 4 / 8M, Empty: 0M, Relocated: 0M, In-Place: 0
[106.564s][info][gc,reloc    ] GC(227) Medium Pages: 0 / 0M, Empty: 0M, Relocated: 0M, In-Place: 0
[106.564s][info][gc,reloc    ] GC(227) Large Pages: 0 / 0M, Empty: 0M, Relocated: 0M, In-Place: 0
[106.564s][info][gc,reloc    ] GC(227) Forwarding Usage: 0M
[106.564s][info][gc,heap     ] GC(227) Min Capacity: 8192M(100%)
[106.564s][info][gc,heap     ] GC(227) Max Capacity: 8192M(100%)
[106.564s][info][gc,heap     ] GC(227) Soft Max Capacity: 8192M(100%)
[106.564s][info][gc,heap     ] GC(227)                Mark Start          Mark End        Relocate Start      Relocate End           High               Low         
[106.564s][info][gc,heap     ] GC(227)  Capacity:     8192M (100%)       8192M (100%)       8192M (100%)       8192M (100%)       8192M (100%)       8192M (100%)   
[106.564s][info][gc,heap     ] GC(227)      Free:     8184M (100%)       8184M (100%)       8184M (100%)       8186M (100%)       8186M (100%)       8178M (100%)   
[106.564s][info][gc,heap     ] GC(227)      Used:        8M (0%)            8M (0%)            8M (0%)            6M (0%)           14M (0%)            6M (0%)     
[106.564s][info][gc,heap     ] GC(227)      Live:         -                 0M (0%)            0M (0%)            0M (0%)             -                  -          
[106.564s][info][gc,heap     ] GC(227) Allocated:         -                 0M (0%)            0M (0%)            0M (0%)             -                  -          
[106.564s][info][gc,heap     ] GC(227)   Garbage:         -                 7M (0%)            7M (0%)            5M (0%)             -                  -          
[106.564s][info][gc,heap     ] GC(227) Reclaimed:         -                  -                 0M (0%)            2M (0%)             -                  -          
[106.564s][info][gc          ] GC(227) Garbage Collection (System.gc()) 8M(0%)->6M(0%)
[107.022s][info][gc,start    ] GC(228) Garbage Collection (System.gc())
[107.022s][info][gc,task     ] GC(228) Using 3 workers
[107.022s][info][gc,phases   ] GC(228) Pause Mark Start 0.012ms
[107.034s][info][gc,phases   ] GC(228) Concurrent Mark 9.491ms
[107.034s][info][gc,phases   ] GC(228) Pause Mark End 0.024ms
[107.034s][info][gc,phases   ] GC(228) Concurrent Mark Free 0.001ms
[107.036s][info][gc,phases   ] GC(228) Concurrent Process Non-Strong References 2.079ms
[107.036s][info][gc,phases   ] GC(228) Concurrent Reset Relocation Set 0.002ms
[107.040s][info][gc,phases   ] GC(228) Concurrent Select Relocation Set 3.565ms
[107.040s][info][gc,phases   ] GC(228) Pause Relocate Start 0.012ms
[107.041s][info][gc,phases   ] GC(228) Concurrent Relocate 0.683ms
[107.041s][info][gc,load     ] GC(228) Load: 1.45/1.40/1.57
[107.041s][info][gc,mmu      ] GC(228) MMU: 2ms/93.1%, 5ms/97.0%, 10ms/98.3%, 20ms/99.2%, 50ms/99.7%, 100ms/99.8%
[107.041s][info][gc,marking  ] GC(228) Mark: 2 stripe(s), 1 proactive flush(es), 1 terminate flush(es), 0 completion(s), 0 continuation(s) 
[107.041s][info][gc,marking  ] GC(228) Mark Stack Usage: 32M
[107.041s][info][gc,nmethod  ] GC(228) NMethods: 386 registered, 11 unregistered
[107.041s][info][gc,metaspace] GC(228) Metaspace: 0M used, 1M committed, 1088M reserved
[107.041s][info][gc,ref      ] GC(228) Soft: 2 encountered, 0 discovered, 0 enqueued
[107.041s][info][gc,ref      ] GC(228) Weak: 9 encountered, 0 discovered, 0 enqueued
[107.041s][info][gc,ref      ] GC(228) Final: 0 encountered, 0 discovered, 0 enqueued
[107.041s][info][gc,ref      ] GC(228) Phantom: 3 encountered, 2 discovered, 0 enqueued
[107.041s][info][gc,reloc    ] GC(228) Small Pages: 4 / 8M, Empty: 0M, Relocated: 0M, In-Place: 0
[107.041s][info][gc,reloc    ] GC(228) Medium Pages: 0 / 0M, Empty: 0M, Relocated: 0M, In-Place: 0
[107.041s][info][gc,reloc    ] GC(228) Large Pages: 0 / 0M, Empty: 0M, Relocated: 0M, In-Place: 0
[107.041s][info][gc,reloc    ] GC(228) Forwarding Usage: 0M
[107.041s][info][gc,heap     ] GC(228) Min Capacity: 8192M(100%)
[107.041s][info][gc,heap     ] GC(228) Max Capacity: 8192M(100%)
[107.041s][info][gc,heap     ] GC(228) Soft Max Capacity: 8192M(100%)
[107.041s][info][gc,heap     ] GC(228)                Mark Start          Mark End        Relocate Start      Relocate End           High               Low         
[107.041s][info][gc,heap     ] GC(228)  Capacity:     8192M (100%)       8192M (100%)       8192M (100%)       8192M (100%)       8192M (100%)       8192M (100%)   
[107.041s][info][gc,heap     ] GC(228)      Free:     8184M (100%)       8184M (100%)       8184M (100%)       8186M (100%)       8186M (100%)       8178M (100%)   
[107.041s][info][gc,heap     ] GC(228)      Used:        8M (0%)            8M (0%)            8M (0%)            6M (0%)           14M (0%)            6M (0%)     
[107.041s][info][gc,heap     ] GC(228)      Live:         -                 0M (0%)            0M (0%)            0M (0%)             -                  -          
[107.041s][info][gc,heap     ] GC(228) Allocated:         -                 0M (0%)            0M (0%)            0M (0%)             -                  -          
[107.041s][info][gc,heap     ] GC(228)   Garbage:         -                 7M (0%)            7M (0%)            5M (0%)             -                  -          
[107.041s][info][gc,heap     ] GC(228) Reclaimed:         -                  -                 0M (0%)            2M (0%)             -                  -          
[107.041s][info][gc          ] GC(228) Garbage Collection (System.gc()) 8M(0%)->6M(0%)
[107.496s][info][gc,start    ] GC(229) Garbage Collection (System.gc())
[107.496s][info][gc,task     ] GC(229) Using 3 workers
[107.496s][info][gc,phases   ] GC(229) Pause Mark Start 0.014ms
[107.501s][info][gc,phases   ] GC(229) Concurrent Mark 4.134ms
[107.501s][info][gc,phases   ] GC(229) Pause Mark End 0.023ms
[107.501s][info][gc,phases   ] GC(229) Concurrent Mark Free 0.001ms
[107.511s][info][gc,phases   ] GC(229) Concurrent Process Non-Strong References 10.221ms
[107.511s][info][gc,phases   ] GC(229) Concurrent Reset Relocation Set 0.003ms
[107.515s][info][gc,phases   ] GC(229) Concurrent Select Relocation Set 4.076ms
[107.515s][info][gc,phases   ] GC(229) Pause Relocate Start 0.010ms
[107.516s][info][gc,phases   ] GC(229) Concurrent Relocate 0.705ms
[107.516s][info][gc,load     ] GC(229) Load: 1.45/1.40/1.57
[107.516s][info][gc,mmu      ] GC(229) MMU: 2ms/93.1%, 5ms/97.0%, 10ms/98.3%, 20ms/99.2%, 50ms/99.7%, 100ms/99.8%
[107.516s][info][gc,marking  ] GC(229) Mark: 2 stripe(s), 1 proactive flush(es), 1 terminate flush(es), 0 completion(s), 0 continuation(s) 
[107.516s][info][gc,marking  ] GC(229) Mark Stack Usage: 32M
[107.516s][info][gc,nmethod  ] GC(229) NMethods: 386 registered, 11 unregistered
[107.516s][info][gc,metaspace] GC(229) Metaspace: 0M used, 1M committed, 1088M reserved
[107.516s][info][gc,ref      ] GC(229) Soft: 2 encountered, 0 discovered, 0 enqueued
[107.516s][info][gc,ref      ] GC(229) Weak: 9 encountered, 0 discovered, 0 enqueued
[107.516s][info][gc,ref      ] GC(229) Final: 0 encountered, 0 discovered, 0 enqueued
[107.516s][info][gc,ref      ] GC(229) Phantom: 3 encountered, 2 discovered, 0 enqueued
[107.516s][info][gc,reloc    ] GC(229) Small Pages: 4 / 8M, Empty: 0M, Relocated: 0M, In-Place: 0
[107.516s][info][gc,reloc    ] GC(229) Medium Pages: 0 / 0M, Empty: 0M, Relocated: 0M, In-Place: 0
[107.516s][info][gc,reloc    ] GC(229) Large Pages: 0 / 0M, Empty: 0M, Relocated: 0M, In-Place: 0
[107.516s][info][gc,reloc    ] GC(229) Forwarding Usage: 0M
[107.516s][info][gc,heap     ] GC(229) Min Capacity: 8192M(100%)
[107.516s][info][gc,heap     ] GC(229) Max Capacity: 8192M(100%)
[107.516s][info][gc,heap     ] GC(229) Soft Max Capacity: 8192M(100%)
[107.516s][info][gc,heap     ] GC(229)                Mark Start          Mark End        Relocate Start      Relocate End           High               Low         
[107.516s][info][gc,heap     ] GC(229)  Capacity:     8192M (100%)       8192M (100%)       8192M (100%)       8192M (100%)       8192M (100%)       8192M (100%)   
[107.516s][info][gc,heap     ] GC(229)      Free:     8184M (100%)       8184M (100%)       8184M (100%)       8186M (100%)       8186M (100%)       8178M (100%)   
[107.516s][info][gc,heap     ] GC(229)      Used:        8M (0%)            8M (0%)            8M (0%)            6M (0%)           14M (0%)            6M (0%)     
[107.516s][info][gc,heap     ] GC(229)      Live:         -                 0M (0%)            0M (0%)            0M (0%)             -                  -          
[107.516s][info][gc,heap     ] GC(229) Allocated:         -                 0M (0%)            0M (0%)            0M (0%)             -                  -          
[107.516s][info][gc,heap     ] GC(229)   Garbage:         -                 7M (0%)            7M (0%)            5M (0%)             -                  -          
[107.516s][info][gc,heap     ] GC(229) Reclaimed:         -                  -                 0M (0%)            2M (0%)             -                  -          
[107.517s][info][gc          ] GC(229) Garbage Collection (System.gc()) 8M(0%)->6M(0%)
[107.970s][info][gc,start    ] GC(230) Garbage Collection (System.gc())
[107.970s][info][gc,task     ] GC(230) Using 3 workers
[107.970s][info][gc,phases   ] GC(230) Pause Mark Start 0.011ms
[107.983s][info][gc,phases   ] GC(230) Concurrent Mark 12.176ms
[107.983s][info][gc,phases   ] GC(230) Pause Mark End 0.021ms
[107.983s][info][gc,phases   ] GC(230) Concurrent Mark Free 0.001ms
[107.983s][info][gc,phases   ] GC(230) Concurrent Process Non-Strong References 0.683ms
[107.984s][info][gc,phases   ] GC(230) Concurrent Reset Relocation Set 0.001ms
[107.987s][info][gc,phases   ] GC(230) Concurrent Select Relocation Set 3.539ms
[107.987s][info][gc,phases   ] GC(230) Pause Relocate Start 0.006ms
[107.988s][info][gc,phases   ] GC(230) Concurrent Relocate 0.704ms
[107.988s][info][gc,load     ] GC(230) Load: 1.45/1.40/1.57
[107.988s][info][gc,mmu      ] GC(230) MMU: 2ms/93.1%, 5ms/97.0%, 10ms/98.3%, 20ms/99.2%, 50ms/99.7%, 100ms/99.8%
[107.988s][info][gc,marking  ] GC(230) Mark: 2 stripe(s), 1 proactive flush(es), 1 terminate flush(es), 0 completion(s), 0 continuation(s) 
[107.988s][info][gc,marking  ] GC(230) Mark Stack Usage: 32M
[107.988s][info][gc,nmethod  ] GC(230) NMethods: 386 registered, 11 unregistered
[107.988s][info][gc,metaspace] GC(230) Metaspace: 0M used, 1M committed, 1088M reserved
[107.988s][info][gc,ref      ] GC(230) Soft: 2 encountered, 0 discovered, 0 enqueued
[107.988s][info][gc,ref      ] GC(230) Weak: 9 encountered, 0 discovered, 0 enqueued
[107.988s][info][gc,ref      ] GC(230) Final: 0 encountered, 0 discovered, 0 enqueued
[107.988s][info][gc,ref      ] GC(230) Phantom: 3 encountered, 0 discovered, 0 enqueued
[107.988s][info][gc,reloc    ] GC(230) Small Pages: 4 / 8M, Empty: 0M, Relocated: 0M, In-Place: 0
[107.988s][info][gc,reloc    ] GC(230) Medium Pages: 0 / 0M, Empty: 0M, Relocated: 0M, In-Place: 0
[107.988s][info][gc,reloc    ] GC(230) Large Pages: 0 / 0M, Empty: 0M, Relocated: 0M, In-Place: 0
[107.988s][info][gc,reloc    ] GC(230) Forwarding Usage: 0M
[107.988s][info][gc,heap     ] GC(230) Min Capacity: 8192M(100%)
[107.988s][info][gc,heap     ] GC(230) Max Capacity: 8192M(100%)
[107.988s][info][gc,heap     ] GC(230) Soft Max Capacity: 8192M(100%)
[107.988s][info][gc,heap     ] GC(230)                Mark Start          Mark End        Relocate Start      Relocate End           High               Low         
[107.988s][info][gc,heap     ] GC(230)  Capacity:     8192M (100%)       8192M (100%)       8192M (100%)       8192M (100%)       8192M (100%)       8192M (100%)   
[107.988s][info][gc,heap     ] GC(230)      Free:     8184M (100%)       8184M (100%)       8184M (100%)       8186M (100%)       8186M (100%)       8178M (100%)   
[107.988s][info][gc,heap     ] GC(230)      Used:        8M (0%)            8M (0%)            8M (0%)            6M (0%)           14M (0%)            6M (0%)     
[107.988s][info][gc,heap     ] GC(230)      Live:         -                 0M (0%)            0M (0%)            0M (0%)             -                  -          
[107.988s][info][gc,heap     ] GC(230) Allocated:         -                 0M (0%)            0M (0%)            0M (0%)             -                  -          
[107.988s][info][gc,heap     ] GC(230)   Garbage:         -                 7M (0%)            7M (0%)            5M (0%)             -                  -          
[107.988s][info][gc,heap     ] GC(230) Reclaimed:         -                  -                 0M (0%)            2M (0%)             -                  -          
[107.988s][info][gc          ] GC(230) Garbage Collection (System.gc()) 8M(0%)->6M(0%)
[108.444s][info][gc,start    ] GC(231) Garbage Collection (System.gc())
[108.444s][info][gc,task     ] GC(231) Using 3 workers
[108.445s][info][gc,phases   ] GC(231) Pause Mark Start 0.014ms
[108.448s][info][gc,phases   ] GC(231) Concurrent Mark 3.532ms
[108.448s][info][gc,phases   ] GC(231) Pause Mark End 0.024ms
[108.448s][info][gc,phases   ] GC(231) Concurrent Mark Free 0.001ms
[108.459s][info][gc,phases   ] GC(231) Concurrent Process Non-Strong References 10.662ms
[108.459s][info][gc,phases   ] GC(231) Concurrent Reset Relocation Set 0.002ms
[108.463s][info][gc,phases   ] GC(231) Concurrent Select Relocation Set 3.486ms
[108.463s][info][gc,phases   ] GC(231) Pause Relocate Start 0.009ms
[108.463s][info][gc,phases   ] GC(231) Concurrent Relocate 0.608ms
[108.463s][info][gc,load     ] GC(231) Load: 1.45/1.40/1.57
[108.463s][info][gc,mmu      ] GC(231) MMU: 2ms/93.1%, 5ms/97.0%, 10ms/98.3%, 20ms/99.2%, 50ms/99.7%, 100ms/99.8%
[108.464s][info][gc,marking  ] GC(231) Mark: 2 stripe(s), 1 proactive flush(es), 1 terminate flush(es), 0 completion(s), 0 continuation(s) 
[108.464s][info][gc,marking  ] GC(231) Mark Stack Usage: 32M
[108.464s][info][gc,nmethod  ] GC(231) NMethods: 386 registered, 11 unregistered
[108.464s][info][gc,metaspace] GC(231) Metaspace: 0M used, 1M committed, 1088M reserved
[108.464s][info][gc,ref      ] GC(231) Soft: 2 encountered, 0 discovered, 0 enqueued
[108.464s][info][gc,ref      ] GC(231) Weak: 9 encountered, 0 discovered, 0 enqueued
[108.464s][info][gc,ref      ] GC(231) Final: 0 encountered, 0 discovered, 0 enqueued
[108.464s][info][gc,ref      ] GC(231) Phantom: 3 encountered, 2 discovered, 0 enqueued
[108.464s][info][gc,reloc    ] GC(231) Small Pages: 4 / 8M, Empty: 0M, Relocated: 0M, In-Place: 0
[108.464s][info][gc,reloc    ] GC(231) Medium Pages: 0 / 0M, Empty: 0M, Relocated: 0M, In-Place: 0
[108.464s][info][gc,reloc    ] GC(231) Large Pages: 0 / 0M, Empty: 0M, Relocated: 0M, In-Place: 0
[108.464s][info][gc,reloc    ] GC(231) Forwarding Usage: 0M
[108.464s][info][gc,heap     ] GC(231) Min Capacity: 8192M(100%)
[108.464s][info][gc,heap     ] GC(231) Max Capacity: 8192M(100%)
[108.464s][info][gc,heap     ] GC(231) Soft Max Capacity: 8192M(100%)
[108.464s][info][gc,heap     ] GC(231)                Mark Start          Mark End        Relocate Start      Relocate End           High               Low         
[108.464s][info][gc,heap     ] GC(231)  Capacity:     8192M (100%)       8192M (100%)       8192M (100%)       8192M (100%)       8192M (100%)       8192M (100%)   
[108.464s][info][gc,heap     ] GC(231)      Free:     8184M (100%)       8184M (100%)       8184M (100%)       8186M (100%)       8186M (100%)       8178M (100%)   
[108.464s][info][gc,heap     ] GC(231)      Used:        8M (0%)            8M (0%)            8M (0%)            6M (0%)           14M (0%)            6M (0%)     
[108.464s][info][gc,heap     ] GC(231)      Live:         -                 0M (0%)            0M (0%)            0M (0%)             -                  -          
[108.464s][info][gc,heap     ] GC(231) Allocated:         -                 0M (0%)            0M (0%)            0M (0%)             -                  -          
[108.464s][info][gc,heap     ] GC(231)   Garbage:         -                 7M (0%)            7M (0%)            5M (0%)             -                  -          
[108.464s][info][gc,heap     ] GC(231) Reclaimed:         -                  -                 0M (0%)            2M (0%)             -                  -          
[108.464s][info][gc          ] GC(231) Garbage Collection (System.gc()) 8M(0%)->6M(0%)
[108.918s][info][gc,start    ] GC(232) Garbage Collection (System.gc())
[108.918s][info][gc,task     ] GC(232) Using 3 workers
[108.918s][info][gc,phases   ] GC(232) Pause Mark Start 0.012ms
[108.923s][info][gc,phases   ] GC(232) Concurrent Mark 4.865ms
[108.924s][info][gc,phases   ] GC(232) Pause Mark End 0.022ms
[108.924s][info][gc,phases   ] GC(232) Concurrent Mark Free 0.001ms
[108.927s][info][gc,phases   ] GC(232) Concurrent Process Non-Strong References 3.602ms
[108.927s][info][gc,phases   ] GC(232) Concurrent Reset Relocation Set 0.003ms
[108.938s][info][gc,phases   ] GC(232) Concurrent Select Relocation Set 10.283ms
[108.938s][info][gc,phases   ] GC(232) Pause Relocate Start 0.011ms
[108.939s][info][gc,phases   ] GC(232) Concurrent Relocate 0.640ms
[108.939s][info][gc,load     ] GC(232) Load: 1.45/1.40/1.57
[108.939s][info][gc,mmu      ] GC(232) MMU: 2ms/93.1%, 5ms/97.0%, 10ms/98.3%, 20ms/99.2%, 50ms/99.7%, 100ms/99.8%
[108.939s][info][gc,marking  ] GC(232) Mark: 2 stripe(s), 1 proactive flush(es), 1 terminate flush(es), 0 completion(s), 0 continuation(s) 
[108.939s][info][gc,marking  ] GC(232) Mark Stack Usage: 32M
[108.939s][info][gc,nmethod  ] GC(232) NMethods: 386 registered, 11 unregistered
[108.939s][info][gc,metaspace] GC(232) Metaspace: 0M used, 1M committed, 1088M reserved
[108.939s][info][gc,ref      ] GC(232) Soft: 2 encountered, 0 discovered, 0 enqueued
[108.939s][info][gc,ref      ] GC(232) Weak: 9 encountered, 0 discovered, 0 enqueued
[108.939s][info][gc,ref      ] GC(232) Final: 0 encountered, 0 discovered, 0 enqueued
[108.939s][info][gc,ref      ] GC(232) Phantom: 3 encountered, 1 discovered, 0 enqueued
[108.939s][info][gc,reloc    ] GC(232) Small Pages: 4 / 8M, Empty: 0M, Relocated: 0M, In-Place: 0
[108.939s][info][gc,reloc    ] GC(232) Medium Pages: 0 / 0M, Empty: 0M, Relocated: 0M, In-Place: 0
[108.939s][info][gc,reloc    ] GC(232) Large Pages: 0 / 0M, Empty: 0M, Relocated: 0M, In-Place: 0
[108.939s][info][gc,reloc    ] GC(232) Forwarding Usage: 0M
[108.939s][info][gc,heap     ] GC(232) Min Capacity: 8192M(100%)
[108.939s][info][gc,heap     ] GC(232) Max Capacity: 8192M(100%)
[108.939s][info][gc,heap     ] GC(232) Soft Max Capacity: 8192M(100%)
[108.939s][info][gc,heap     ] GC(232)                Mark Start          Mark End        Relocate Start      Relocate End           High               Low         
[108.939s][info][gc,heap     ] GC(232)  Capacity:     8192M (100%)       8192M (100%)       8192M (100%)       8192M (100%)       8192M (100%)       8192M (100%)   
[108.939s][info][gc,heap     ] GC(232)      Free:     8184M (100%)       8184M (100%)       8184M (100%)       8186M (100%)       8186M (100%)       8178M (100%)   
[108.939s][info][gc,heap     ] GC(232)      Used:        8M (0%)            8M (0%)            8M (0%)            6M (0%)           14M (0%)            6M (0%)     
[108.939s][info][gc,heap     ] GC(232)      Live:         -                 0M (0%)            0M (0%)            0M (0%)             -                  -          
[108.939s][info][gc,heap     ] GC(232) Allocated:         -                 0M (0%)            0M (0%)            0M (0%)             -                  -          
[108.939s][info][gc,heap     ] GC(232)   Garbage:         -                 7M (0%)            7M (0%)            5M (0%)             -                  -          
[108.939s][info][gc,heap     ] GC(232) Reclaimed:         -                  -                 0M (0%)            2M (0%)             -                  -          
[108.939s][info][gc          ] GC(232) Garbage Collection (System.gc()) 8M(0%)->6M(0%)
[109.394s][info][gc,start    ] GC(233) Garbage Collection (System.gc())
[109.394s][info][gc,task     ] GC(233) Using 3 workers
[109.394s][info][gc,phases   ] GC(233) Pause Mark Start 0.014ms
[109.399s][info][gc,phases   ] GC(233) Concurrent Mark 4.641ms
[109.399s][info][gc,phases   ] GC(233) Pause Mark End 0.020ms
[109.399s][info][gc,phases   ] GC(233) Concurrent Mark Free 0.001ms
[109.402s][info][gc,phases   ] GC(233) Concurrent Process Non-Strong References 2.772ms
[109.402s][info][gc,phases   ] GC(233) Concurrent Reset Relocation Set 0.003ms
[109.414s][info][gc,phases   ] GC(233) Concurrent Select Relocation Set 11.829ms
[109.414s][info][gc,phases   ] GC(233) Pause Relocate Start 0.013ms
[109.414s][info][gc,phases   ] GC(233) Concurrent Relocate 0.695ms
[109.415s][info][gc,load     ] GC(233) Load: 1.45/1.40/1.57
[109.415s][info][gc,mmu      ] GC(233) MMU: 2ms/93.1%, 5ms/97.0%, 10ms/98.3%, 20ms/99.2%, 50ms/99.7%, 100ms/99.8%
[109.415s][info][gc,marking  ] GC(233) Mark: 2 stripe(s), 1 proactive flush(es), 1 terminate flush(es), 0 completion(s), 0 continuation(s) 
[109.415s][info][gc,marking  ] GC(233) Mark Stack Usage: 32M
[109.415s][info][gc,nmethod  ] GC(233) NMethods: 386 registered, 11 unregistered
[109.415s][info][gc,metaspace] GC(233) Metaspace: 0M used, 1M committed, 1088M reserved
[109.415s][info][gc,ref      ] GC(233) Soft: 2 encountered, 0 discovered, 0 enqueued
[109.415s][info][gc,ref      ] GC(233) Weak: 9 encountered, 0 discovered, 0 enqueued
[109.415s][info][gc,ref      ] GC(233) Final: 0 encountered, 0 discovered, 0 enqueued
[109.415s][info][gc,ref      ] GC(233) Phantom: 3 encountered, 1 discovered, 0 enqueued
[109.415s][info][gc,reloc    ] GC(233) Small Pages: 4 / 8M, Empty: 0M, Relocated: 0M, In-Place: 0
[109.415s][info][gc,reloc    ] GC(233) Medium Pages: 0 / 0M, Empty: 0M, Relocated: 0M, In-Place: 0
[109.415s][info][gc,reloc    ] GC(233) Large Pages: 0 / 0M, Empty: 0M, Relocated: 0M, In-Place: 0
[109.415s][info][gc,reloc    ] GC(233) Forwarding Usage: 0M
[109.415s][info][gc,heap     ] GC(233) Min Capacity: 8192M(100%)
[109.415s][info][gc,heap     ] GC(233) Max Capacity: 8192M(100%)
[109.415s][info][gc,heap     ] GC(233) Soft Max Capacity: 8192M(100%)
[109.415s][info][gc,heap     ] GC(233)                Mark Start          Mark End        Relocate Start      Relocate End           High               Low         
[109.415s][info][gc,heap     ] GC(233)  Capacity:     8192M (100%)       8192M (100%)       8192M (100%)       8192M (100%)       8192M (100%)       8192M (100%)   
[109.415s][info][gc,heap     ] GC(233)      Free:     8184M (100%)       8184M (100%)       8184M (100%)       8186M (100%)       8186M (100%)       8178M (100%)   
[109.415s][info][gc,heap     ] GC(233)      Used:        8M (0%)            8M (0%)            8M (0%)            6M (0%)           14M (0%)            6M (0%)     
[109.415s][info][gc,heap     ] GC(233)      Live:         -                 0M (0%)            0M (0%)            0M (0%)             -                  -          
[109.415s][info][gc,heap     ] GC(233) Allocated:         -                 0M (0%)            0M (0%)            0M (0%)             -                  -          
[109.415s][info][gc,heap     ] GC(233)   Garbage:         -                 7M (0%)            7M (0%)            5M (0%)             -                  -          
[109.415s][info][gc,heap     ] GC(233) Reclaimed:         -                  -                 0M (0%)            2M (0%)             -                  -          
[109.415s][info][gc          ] GC(233) Garbage Collection (System.gc()) 8M(0%)->6M(0%)
[109.870s][info][gc,start    ] GC(234) Garbage Collection (System.gc())
[109.871s][info][gc,task     ] GC(234) Using 3 workers
[109.871s][info][gc,phases   ] GC(234) Pause Mark Start 0.012ms
[109.876s][info][gc,phases   ] GC(234) Concurrent Mark 5.007ms
[109.876s][info][gc,phases   ] GC(234) Pause Mark End 0.019ms
[109.876s][info][gc,phases   ] GC(234) Concurrent Mark Free 0.001ms
[109.877s][info][gc,phases   ] GC(234) Concurrent Process Non-Strong References 1.304ms
[109.877s][info][gc,phases   ] GC(234) Concurrent Reset Relocation Set 0.003ms
[109.893s][info][gc,phases   ] GC(234) Concurrent Select Relocation Set 15.311ms
[109.893s][info][gc,phases   ] GC(234) Pause Relocate Start 0.012ms
[109.893s][info][gc,phases   ] GC(234) Concurrent Relocate 0.680ms
[109.893s][info][gc,load     ] GC(234) Load: 1.45/1.40/1.57
[109.893s][info][gc,mmu      ] GC(234) MMU: 2ms/93.1%, 5ms/97.0%, 10ms/98.3%, 20ms/99.2%, 50ms/99.7%, 100ms/99.8%
[109.893s][info][gc,marking  ] GC(234) Mark: 2 stripe(s), 1 proactive flush(es), 1 terminate flush(es), 0 completion(s), 0 continuation(s) 
[109.893s][info][gc,marking  ] GC(234) Mark Stack Usage: 32M
[109.893s][info][gc,nmethod  ] GC(234) NMethods: 386 registered, 12 unregistered
[109.893s][info][gc,metaspace] GC(234) Metaspace: 0M used, 1M committed, 1088M reserved
[109.893s][info][gc,ref      ] GC(234) Soft: 2 encountered, 0 discovered, 0 enqueued
[109.894s][info][gc,ref      ] GC(234) Weak: 9 encountered, 0 discovered, 0 enqueued
[109.894s][info][gc,ref      ] GC(234) Final: 0 encountered, 0 discovered, 0 enqueued
[109.894s][info][gc,ref      ] GC(234) Phantom: 3 encountered, 2 discovered, 0 enqueued
[109.894s][info][gc,reloc    ] GC(234) Small Pages: 4 / 8M, Empty: 0M, Relocated: 0M, In-Place: 0
[109.894s][info][gc,reloc    ] GC(234) Medium Pages: 0 / 0M, Empty: 0M, Relocated: 0M, In-Place: 0
[109.894s][info][gc,reloc    ] GC(234) Large Pages: 0 / 0M, Empty: 0M, Relocated: 0M, In-Place: 0
[109.894s][info][gc,reloc    ] GC(234) Forwarding Usage: 0M
[109.894s][info][gc,heap     ] GC(234) Min Capacity: 8192M(100%)
[109.894s][info][gc,heap     ] GC(234) Max Capacity: 8192M(100%)
[109.894s][info][gc,heap     ] GC(234) Soft Max Capacity: 8192M(100%)
[109.894s][info][gc,heap     ] GC(234)                Mark Start          Mark End        Relocate Start      Relocate End           High               Low         
[109.894s][info][gc,heap     ] GC(234)  Capacity:     8192M (100%)       8192M (100%)       8192M (100%)       8192M (100%)       8192M (100%)       8192M (100%)   
[109.894s][info][gc,heap     ] GC(234)      Free:     8184M (100%)       8184M (100%)       8184M (100%)       8186M (100%)       8186M (100%)       8178M (100%)   
[109.894s][info][gc,heap     ] GC(234)      Used:        8M (0%)            8M (0%)            8M (0%)            6M (0%)           14M (0%)            6M (0%)     
[109.894s][info][gc,heap     ] GC(234)      Live:         -                 0M (0%)            0M (0%)            0M (0%)             -                  -          
[109.894s][info][gc,heap     ] GC(234) Allocated:         -                 0M (0%)            0M (0%)            0M (0%)             -                  -          
[109.894s][info][gc,heap     ] GC(234)   Garbage:         -                 7M (0%)            7M (0%)            5M (0%)             -                  -          
[109.894s][info][gc,heap     ] GC(234) Reclaimed:         -                  -                 0M (0%)            2M (0%)             -                  -          
[109.894s][info][gc          ] GC(234) Garbage Collection (System.gc()) 8M(0%)->6M(0%)
[110.015s][info][gc,stats    ] === Garbage Collection Statistics =======================================================================================================================
[110.015s][info][gc,stats    ]                                                              Last 10s              Last 10m              Last 10h                Total
[110.015s][info][gc,stats    ]                                                              Avg / Max             Avg / Max             Avg / Max             Avg / Max
[110.015s][info][gc,stats    ]   Collector: Garbage Collection Cycle                     15.899 / 24.910       12.107 / 24.910       12.107 / 24.910       12.107 / 24.910      ms
[110.015s][info][gc,stats    ]  Contention: Mark Segment Reset Contention                     1 / 2                 0 / 4                 0 / 4                 0 / 4           ops/s
[110.015s][info][gc,stats    ]  Contention: Mark SeqNum Reset Contention                      1 / 2                 0 / 3                 0 / 3                 0 / 3           ops/s
[110.015s][info][gc,stats    ]    Critical: Allocation Stall                                  0 / 0                 0 / 0                 0 / 0                 0 / 0           ops/s
[110.015s][info][gc,stats    ]    Critical: Allocation Stall                              0.000 / 0.000         0.000 / 0.000         0.000 / 0.000         0.000 / 0.000       ms
[110.015s][info][gc,stats    ]    Critical: GC Locker Stall                                   0 / 0                 0 / 0                 0 / 0                 0 / 0           ops/s
[110.015s][info][gc,stats    ]    Critical: GC Locker Stall                               0.000 / 0.000         0.000 / 0.000         0.000 / 0.000         0.000 / 0.000       ms
[110.015s][info][gc,stats    ]    Critical: Relocation Stall                                  0 / 0                 0 / 0                 0 / 0                 0 / 0           ops/s
[110.015s][info][gc,stats    ]    Critical: Relocation Stall                              0.000 / 0.000         0.000 / 0.000         0.000 / 0.000         0.000 / 0.000       ms
[110.015s][info][gc,stats    ]      Memory: Allocation Rate                                   4 / 6                 4 / 6                 4 / 6                 4 / 6           MB/s
[110.015s][info][gc,stats    ]      Memory: Defragment                                        0 / 0                 0 / 0                 0 / 0                 0 / 0           ops/s
[110.015s][info][gc,stats    ]      Memory: Out Of Memory                                     0 / 0                 0 / 0                 0 / 0                 0 / 0           ops/s
[110.015s][info][gc,stats    ]      Memory: Page Cache Flush                                  0 / 0                 0 / 0                 0 / 0                 0 / 0           MB/s
[110.015s][info][gc,stats    ]      Memory: Page Cache Hit L1                                 8 / 12                8 / 12                8 / 12                8 / 12          ops/s
[110.015s][info][gc,stats    ]      Memory: Page Cache Hit L2                                 0 / 0                 0 / 0                 0 / 0                 0 / 0           ops/s
[110.015s][info][gc,stats    ]      Memory: Page Cache Hit L3                                 0 / 0                 0 / 6                 0 / 6                 0 / 6           ops/s
[110.015s][info][gc,stats    ]      Memory: Page Cache Miss                                   0 / 0                 0 / 1                 0 / 1                 0 / 1           ops/s
[110.015s][info][gc,stats    ]      Memory: Uncommit                                          0 / 0                 0 / 0                 0 / 0                 0 / 0           MB/s
[110.015s][info][gc,stats    ]      Memory: Undo Object Allocation Failed                     0 / 0                 0 / 0                 0 / 0                 0 / 0           ops/s
[110.015s][info][gc,stats    ]      Memory: Undo Object Allocation Succeeded                  0 / 0                 0 / 0                 0 / 0                 0 / 0           ops/s
[110.015s][info][gc,stats    ]      Memory: Undo Page Allocation                              0 / 0                 0 / 0                 0 / 0                 0 / 0           ops/s
[110.015s][info][gc,stats    ]       Phase: Concurrent Mark                               4.990 / 12.176        4.051 / 15.502        4.051 / 15.502        4.051 / 15.502      ms
[110.015s][info][gc,stats    ]       Phase: Concurrent Mark Continue                      0.000 / 0.000         0.000 / 0.000         0.000 / 0.000         0.000 / 0.000       ms
[110.015s][info][gc,stats    ]       Phase: Concurrent Mark Free                          0.001 / 0.001         0.001 / 0.004         0.001 / 0.004         0.001 / 0.004       ms
[110.015s][info][gc,stats    ]       Phase: Concurrent Process Non-Strong References      3.115 / 12.369        1.675 / 12.430        1.675 / 12.430        1.675 / 12.430      ms
[110.015s][info][gc,stats    ]       Phase: Concurrent Relocate                           0.655 / 0.854         0.627 / 1.001         0.627 / 1.001         0.627 / 1.001       ms
[110.015s][info][gc,stats    ]       Phase: Concurrent Reset Relocation Set               0.002 / 0.004         0.002 / 0.008         0.002 / 0.008         0.002 / 0.008       ms
[110.015s][info][gc,stats    ]       Phase: Concurrent Select Relocation Set              6.044 / 15.311        4.506 / 15.311        4.506 / 15.311        4.506 / 15.311      ms
[110.016s][info][gc,stats    ]       Phase: Pause Mark End                                0.018 / 0.028         0.016 / 0.137         0.016 / 0.137         0.016 / 0.137       ms
[110.016s][info][gc,stats    ]       Phase: Pause Mark Start                              0.013 / 0.016         0.012 / 0.023         0.012 / 0.023         0.012 / 0.023       ms
[110.016s][info][gc,stats    ]       Phase: Pause Relocate Start                          0.009 / 0.014         0.009 / 0.134         0.009 / 0.134         0.009 / 0.134       ms
[110.016s][info][gc,stats    ]    Subphase: Concurrent Classes Purge                      0.025 / 0.167         0.029 / 0.287         0.029 / 0.287         0.029 / 0.287       ms
[110.016s][info][gc,stats    ]    Subphase: Concurrent Classes Unlink                     1.230 / 3.242         1.017 / 11.679        1.017 / 11.679        1.017 / 11.679      ms
[110.016s][info][gc,stats    ]    Subphase: Concurrent Mark                               2.852 / 10.289        2.206 / 11.772        2.206 / 11.772        2.206 / 11.772      ms
[110.016s][info][gc,stats    ]    Subphase: Concurrent Mark Try Flush                     0.400 / 4.498         0.176 / 5.206         0.176 / 5.206         0.176 / 5.206       ms
[110.016s][info][gc,stats    ]    Subphase: Concurrent Mark Try Terminate                 1.052 / 7.211         0.853 / 8.474         0.853 / 8.474         0.853 / 8.474       ms
[110.016s][info][gc,stats    ]    Subphase: Concurrent References Enqueue                 0.000 / 0.001         0.000 / 0.002         0.000 / 0.002         0.000 / 0.002       ms
[110.016s][info][gc,stats    ]    Subphase: Concurrent References Process                 1.231 / 8.742         0.346 / 9.421         0.346 / 9.421         0.346 / 9.421       ms
[110.016s][info][gc,stats    ]    Subphase: Concurrent Roots ClassLoaderDataGraph         0.181 / 2.621         0.124 / 2.621         0.124 / 2.621         0.124 / 2.621       ms
[110.016s][info][gc,stats    ]    Subphase: Concurrent Roots CodeCache                    0.000 / 0.000         0.000 / 0.000         0.000 / 0.000         0.000 / 0.000       ms
[110.016s][info][gc,stats    ]    Subphase: Concurrent Roots JavaThreads                  0.228 / 0.529         0.183 / 1.065         0.183 / 1.065         0.183 / 1.065       ms
[110.016s][info][gc,stats    ]    Subphase: Concurrent Roots OopStorageSet                0.015 / 0.032         0.015 / 0.358         0.015 / 0.358         0.015 / 0.358       ms
[110.016s][info][gc,stats    ]    Subphase: Concurrent Weak Roots OopStorageSet           0.081 / 0.519         0.053 / 0.519         0.053 / 0.519         0.053 / 0.519       ms
[110.016s][info][gc,stats    ]    Subphase: Pause Mark Try Complete                       0.000 / 0.000         0.000 / 0.000         0.000 / 0.000         0.000 / 0.000       ms
[110.016s][info][gc,stats    ]      System: Java Threads                                     10 / 10               10 / 10               10 / 10               10 / 10          threads
[110.016s][info][gc,stats    ] =========================================================================================================================================================
[110.352s][info][gc,start    ] GC(235) Garbage Collection (System.gc())
[110.352s][info][gc,task     ] GC(235) Using 3 workers
[110.352s][info][gc,phases   ] GC(235) Pause Mark Start 0.015ms
[110.357s][info][gc,phases   ] GC(235) Concurrent Mark 3.850ms
[110.357s][info][gc,phases   ] GC(235) Pause Mark End 0.020ms
[110.357s][info][gc,phases   ] GC(235) Concurrent Mark Free 0.001ms
[110.360s][info][gc,phases   ] GC(235) Concurrent Process Non-Strong References 2.724ms
[110.360s][info][gc,phases   ] GC(235) Concurrent Reset Relocation Set 0.028ms
[110.371s][info][gc,phases   ] GC(235) Concurrent Select Relocation Set 10.749ms
[110.371s][info][gc,phases   ] GC(235) Pause Relocate Start 0.009ms
[110.372s][info][gc,phases   ] GC(235) Concurrent Relocate 0.500ms
[110.372s][info][gc,load     ] GC(235) Load: 1.33/1.38/1.56
[110.372s][info][gc,mmu      ] GC(235) MMU: 2ms/93.1%, 5ms/97.0%, 10ms/98.3%, 20ms/99.2%, 50ms/99.7%, 100ms/99.8%
[110.372s][info][gc,marking  ] GC(235) Mark: 2 stripe(s), 1 proactive flush(es), 1 terminate flush(es), 0 completion(s), 0 continuation(s) 
[110.372s][info][gc,marking  ] GC(235) Mark Stack Usage: 32M
[110.372s][info][gc,nmethod  ] GC(235) NMethods: 386 registered, 12 unregistered
[110.372s][info][gc,metaspace] GC(235) Metaspace: 0M used, 1M committed, 1088M reserved
[110.372s][info][gc,ref      ] GC(235) Soft: 2 encountered, 0 discovered, 0 enqueued
[110.372s][info][gc,ref      ] GC(235) Weak: 9 encountered, 0 discovered, 0 enqueued
[110.372s][info][gc,ref      ] GC(235) Final: 0 encountered, 0 discovered, 0 enqueued
[110.372s][info][gc,ref      ] GC(235) Phantom: 3 encountered, 2 discovered, 0 enqueued
[110.372s][info][gc,reloc    ] GC(235) Small Pages: 4 / 8M, Empty: 0M, Relocated: 0M, In-Place: 0
[110.372s][info][gc,reloc    ] GC(235) Medium Pages: 0 / 0M, Empty: 0M, Relocated: 0M, In-Place: 0
[110.372s][info][gc,reloc    ] GC(235) Large Pages: 0 / 0M, Empty: 0M, Relocated: 0M, In-Place: 0
[110.372s][info][gc,reloc    ] GC(235) Forwarding Usage: 0M
[110.372s][info][gc,heap     ] GC(235) Min Capacity: 8192M(100%)
[110.372s][info][gc,heap     ] GC(235) Max Capacity: 8192M(100%)
[110.372s][info][gc,heap     ] GC(235) Soft Max Capacity: 8192M(100%)
[110.372s][info][gc,heap     ] GC(235)                Mark Start          Mark End        Relocate Start      Relocate End           High               Low         
[110.372s][info][gc,heap     ] GC(235)  Capacity:     8192M (100%)       8192M (100%)       8192M (100%)       8192M (100%)       8192M (100%)       8192M (100%)   
[110.372s][info][gc,heap     ] GC(235)      Free:     8184M (100%)       8184M (100%)       8184M (100%)       8186M (100%)       8186M (100%)       8178M (100%)   
[110.372s][info][gc,heap     ] GC(235)      Used:        8M (0%)            8M (0%)            8M (0%)            6M (0%)           14M (0%)            6M (0%)     
[110.372s][info][gc,heap     ] GC(235)      Live:         -                 0M (0%)            0M (0%)            0M (0%)             -                  -          
[110.372s][info][gc,heap     ] GC(235) Allocated:         -                 0M (0%)            0M (0%)            0M (0%)             -                  -          
[110.372s][info][gc,heap     ] GC(235)   Garbage:         -                 7M (0%)            7M (0%)            5M (0%)             -                  -          
[110.372s][info][gc,heap     ] GC(235) Reclaimed:         -                  -                 0M (0%)            2M (0%)             -                  -          
[110.372s][info][gc          ] GC(235) Garbage Collection (System.gc()) 8M(0%)->6M(0%)
[110.824s][info][gc,start    ] GC(236) Garbage Collection (System.gc())
[110.824s][info][gc,task     ] GC(236) Using 3 workers
[110.824s][info][gc,phases   ] GC(236) Pause Mark Start 0.013ms
[110.829s][info][gc,phases   ] GC(236) Concurrent Mark 4.811ms
[110.829s][info][gc,phases   ] GC(236) Pause Mark End 0.019ms
[110.829s][info][gc,phases   ] GC(236) Concurrent Mark Free 0.001ms
[110.830s][info][gc,phases   ] GC(236) Concurrent Process Non-Strong References 0.740ms
[110.830s][info][gc,phases   ] GC(236) Concurrent Reset Relocation Set 0.003ms
[110.842s][info][gc,phases   ] GC(236) Concurrent Select Relocation Set 12.813ms
[110.843s][info][gc,phases   ] GC(236) Pause Relocate Start 0.014ms
[110.844s][info][gc,phases   ] GC(236) Concurrent Relocate 1.182ms
[110.844s][info][gc,load     ] GC(236) Load: 1.33/1.38/1.56
[110.844s][info][gc,mmu      ] GC(236) MMU: 2ms/93.1%, 5ms/97.0%, 10ms/98.3%, 20ms/99.2%, 50ms/99.7%, 100ms/99.8%
[110.844s][info][gc,marking  ] GC(236) Mark: 2 stripe(s), 1 proactive flush(es), 1 terminate flush(es), 0 completion(s), 0 continuation(s) 
[110.844s][info][gc,marking  ] GC(236) Mark Stack Usage: 32M
[110.844s][info][gc,nmethod  ] GC(236) NMethods: 386 registered, 12 unregistered
[110.844s][info][gc,metaspace] GC(236) Metaspace: 0M used, 1M committed, 1088M reserved
[110.844s][info][gc,ref      ] GC(236) Soft: 2 encountered, 0 discovered, 0 enqueued
[110.844s][info][gc,ref      ] GC(236) Weak: 9 encountered, 0 discovered, 0 enqueued
[110.844s][info][gc,ref      ] GC(236) Final: 0 encountered, 0 discovered, 0 enqueued
[110.844s][info][gc,ref      ] GC(236) Phantom: 3 encountered, 2 discovered, 0 enqueued
[110.844s][info][gc,reloc    ] GC(236) Small Pages: 4 / 8M, Empty: 0M, Relocated: 0M, In-Place: 0
[110.844s][info][gc,reloc    ] GC(236) Medium Pages: 0 / 0M, Empty: 0M, Relocated: 0M, In-Place: 0
[110.844s][info][gc,reloc    ] GC(236) Large Pages: 0 / 0M, Empty: 0M, Relocated: 0M, In-Place: 0
[110.844s][info][gc,reloc    ] GC(236) Forwarding Usage: 0M
[110.844s][info][gc,heap     ] GC(236) Min Capacity: 8192M(100%)
[110.844s][info][gc,heap     ] GC(236) Max Capacity: 8192M(100%)
[110.844s][info][gc,heap     ] GC(236) Soft Max Capacity: 8192M(100%)
[110.844s][info][gc,heap     ] GC(236)                Mark Start          Mark End        Relocate Start      Relocate End           High               Low         
[110.844s][info][gc,heap     ] GC(236)  Capacity:     8192M (100%)       8192M (100%)       8192M (100%)       8192M (100%)       8192M (100%)       8192M (100%)   
[110.844s][info][gc,heap     ] GC(236)      Free:     8184M (100%)       8184M (100%)       8184M (100%)       8190M (100%)       8190M (100%)       8182M (100%)   
[110.844s][info][gc,heap     ] GC(236)      Used:        8M (0%)            8M (0%)            8M (0%)            2M (0%)           10M (0%)            2M (0%)     
[110.844s][info][gc,heap     ] GC(236)      Live:         -                 0M (0%)            0M (0%)            0M (0%)             -                  -          
[110.844s][info][gc,heap     ] GC(236) Allocated:         -                 0M (0%)            0M (0%)            0M (0%)             -                  -          
[110.844s][info][gc,heap     ] GC(236)   Garbage:         -                 7M (0%)            7M (0%)            1M (0%)             -                  -          
[110.844s][info][gc,heap     ] GC(236) Reclaimed:         -                  -                 0M (0%)            6M (0%)             -                  -          
[110.844s][info][gc          ] GC(236) Garbage Collection (System.gc()) 8M(0%)->2M(0%)
[111.303s][info][gc,start    ] GC(237) Garbage Collection (System.gc())
[111.303s][info][gc,task     ] GC(237) Using 3 workers
[111.303s][info][gc,phases   ] GC(237) Pause Mark Start 0.010ms
[111.307s][info][gc,phases   ] GC(237) Concurrent Mark 3.590ms
[111.307s][info][gc,phases   ] GC(237) Pause Mark End 0.015ms
[111.307s][info][gc,phases   ] GC(237) Concurrent Mark Free 0.001ms
[111.320s][info][gc,phases   ] GC(237) Concurrent Process Non-Strong References 12.654ms
[111.320s][info][gc,phases   ] GC(237) Concurrent Reset Relocation Set 0.001ms
[111.323s][info][gc,phases   ] GC(237) Concurrent Select Relocation Set 3.429ms
[111.323s][info][gc,phases   ] GC(237) Pause Relocate Start 0.005ms
[111.324s][info][gc,phases   ] GC(237) Concurrent Relocate 0.507ms
[111.324s][info][gc,load     ] GC(237) Load: 1.33/1.38/1.56
[111.324s][info][gc,mmu      ] GC(237) MMU: 2ms/93.1%, 5ms/97.0%, 10ms/98.3%, 20ms/99.2%, 50ms/99.7%, 100ms/99.8%
[111.324s][info][gc,marking  ] GC(237) Mark: 2 stripe(s), 1 proactive flush(es), 1 terminate flush(es), 0 completion(s), 0 continuation(s) 
[111.324s][info][gc,marking  ] GC(237) Mark Stack Usage: 32M
[111.324s][info][gc,nmethod  ] GC(237) NMethods: 386 registered, 12 unregistered
[111.324s][info][gc,metaspace] GC(237) Metaspace: 0M used, 1M committed, 1088M reserved
[111.324s][info][gc,ref      ] GC(237) Soft: 2 encountered, 0 discovered, 0 enqueued
[111.324s][info][gc,ref      ] GC(237) Weak: 9 encountered, 0 discovered, 0 enqueued
[111.324s][info][gc,ref      ] GC(237) Final: 0 encountered, 0 discovered, 0 enqueued
[111.324s][info][gc,ref      ] GC(237) Phantom: 3 encountered, 2 discovered, 0 enqueued
[111.324s][info][gc,reloc    ] GC(237) Small Pages: 2 / 4M, Empty: 0M, Relocated: 0M, In-Place: 0
[111.324s][info][gc,reloc    ] GC(237) Medium Pages: 0 / 0M, Empty: 0M, Relocated: 0M, In-Place: 0
[111.324s][info][gc,reloc    ] GC(237) Large Pages: 0 / 0M, Empty: 0M, Relocated: 0M, In-Place: 0
[111.324s][info][gc,reloc    ] GC(237) Forwarding Usage: 0M
[111.324s][info][gc,heap     ] GC(237) Min Capacity: 8192M(100%)
[111.324s][info][gc,heap     ] GC(237) Max Capacity: 8192M(100%)
[111.324s][info][gc,heap     ] GC(237) Soft Max Capacity: 8192M(100%)
[111.324s][info][gc,heap     ] GC(237)                Mark Start          Mark End        Relocate Start      Relocate End           High               Low         
[111.324s][info][gc,heap     ] GC(237)  Capacity:     8192M (100%)       8192M (100%)       8192M (100%)       8192M (100%)       8192M (100%)       8192M (100%)   
[111.324s][info][gc,heap     ] GC(237)      Free:     8188M (100%)       8188M (100%)       8188M (100%)       8188M (100%)       8188M (100%)       8184M (100%)   
[111.324s][info][gc,heap     ] GC(237)      Used:        4M (0%)            4M (0%)            4M (0%)            4M (0%)            8M (0%)            4M (0%)     
[111.324s][info][gc,heap     ] GC(237)      Live:         -                 0M (0%)            0M (0%)            0M (0%)             -                  -          
[111.324s][info][gc,heap     ] GC(237) Allocated:         -                 0M (0%)            0M (0%)            0M (0%)             -                  -          
[111.324s][info][gc,heap     ] GC(237)   Garbage:         -                 3M (0%)            3M (0%)            3M (0%)             -                  -          
[111.324s][info][gc,heap     ] GC(237) Reclaimed:         -                  -                 0M (0%)            0M (0%)             -                  -          
[111.324s][info][gc          ] GC(237) Garbage Collection (System.gc()) 4M(0%)->4M(0%)
[111.782s][info][gc,start    ] GC(238) Garbage Collection (System.gc())
[111.782s][info][gc,task     ] GC(238) Using 3 workers
[111.782s][info][gc,phases   ] GC(238) Pause Mark Start 0.006ms
[111.789s][info][gc,phases   ] GC(238) Concurrent Mark 7.260ms
[111.790s][info][gc,phases   ] GC(238) Pause Mark End 0.029ms
[111.790s][info][gc,phases   ] GC(238) Concurrent Mark Free 0.001ms
[111.791s][info][gc,phases   ] GC(238) Concurrent Process Non-Strong References 1.748ms
[111.791s][info][gc,phases   ] GC(238) Concurrent Reset Relocation Set 0.001ms
[111.795s][info][gc,phases   ] GC(238) Concurrent Select Relocation Set 3.769ms
[111.795s][info][gc,phases   ] GC(238) Pause Relocate Start 0.017ms
[111.796s][info][gc,phases   ] GC(238) Concurrent Relocate 0.626ms
[111.796s][info][gc,load     ] GC(238) Load: 1.33/1.38/1.56
[111.796s][info][gc,mmu      ] GC(238) MMU: 2ms/93.1%, 5ms/97.0%, 10ms/98.3%, 20ms/99.2%, 50ms/99.7%, 100ms/99.8%
[111.796s][info][gc,marking  ] GC(238) Mark: 2 stripe(s), 1 proactive flush(es), 1 terminate flush(es), 0 completion(s), 0 continuation(s) 
[111.796s][info][gc,marking  ] GC(238) Mark Stack Usage: 32M
[111.796s][info][gc,nmethod  ] GC(238) NMethods: 386 registered, 12 unregistered
[111.796s][info][gc,metaspace] GC(238) Metaspace: 0M used, 1M committed, 1088M reserved
[111.796s][info][gc,ref      ] GC(238) Soft: 2 encountered, 0 discovered, 0 enqueued
[111.796s][info][gc,ref      ] GC(238) Weak: 9 encountered, 0 discovered, 0 enqueued
[111.796s][info][gc,ref      ] GC(238) Final: 0 encountered, 0 discovered, 0 enqueued
[111.796s][info][gc,ref      ] GC(238) Phantom: 3 encountered, 2 discovered, 0 enqueued
[111.796s][info][gc,reloc    ] GC(238) Small Pages: 3 / 6M, Empty: 0M, Relocated: 0M, In-Place: 0
[111.796s][info][gc,reloc    ] GC(238) Medium Pages: 0 / 0M, Empty: 0M, Relocated: 0M, In-Place: 0
[111.796s][info][gc,reloc    ] GC(238) Large Pages: 0 / 0M, Empty: 0M, Relocated: 0M, In-Place: 0
[111.796s][info][gc,reloc    ] GC(238) Forwarding Usage: 0M
[111.796s][info][gc,heap     ] GC(238) Min Capacity: 8192M(100%)
[111.796s][info][gc,heap     ] GC(238) Max Capacity: 8192M(100%)
[111.796s][info][gc,heap     ] GC(238) Soft Max Capacity: 8192M(100%)
[111.796s][info][gc,heap     ] GC(238)                Mark Start          Mark End        Relocate Start      Relocate End           High               Low         
[111.796s][info][gc,heap     ] GC(238)  Capacity:     8192M (100%)       8192M (100%)       8192M (100%)       8192M (100%)       8192M (100%)       8192M (100%)   
[111.796s][info][gc,heap     ] GC(238)      Free:     8186M (100%)       8186M (100%)       8186M (100%)       8186M (100%)       8186M (100%)       8180M (100%)   
[111.796s][info][gc,heap     ] GC(238)      Used:        6M (0%)            6M (0%)            6M (0%)            6M (0%)           12M (0%)            6M (0%)     
[111.796s][info][gc,heap     ] GC(238)      Live:         -                 0M (0%)            0M (0%)            0M (0%)             -                  -          
[111.796s][info][gc,heap     ] GC(238) Allocated:         -                 0M (0%)            0M (0%)            0M (0%)             -                  -          
[111.796s][info][gc,heap     ] GC(238)   Garbage:         -                 5M (0%)            5M (0%)            5M (0%)             -                  -          
[111.796s][info][gc,heap     ] GC(238) Reclaimed:         -                  -                 0M (0%)            0M (0%)             -                  -          
[111.796s][info][gc          ] GC(238) Garbage Collection (System.gc()) 6M(0%)->6M(0%)
[112.265s][info][gc,start    ] GC(239) Garbage Collection (System.gc())
[112.265s][info][gc,task     ] GC(239) Using 3 workers
[112.266s][info][gc,phases   ] GC(239) Pause Mark Start 0.018ms
[112.268s][info][gc,phases   ] GC(239) Concurrent Mark 2.432ms
[112.268s][info][gc,phases   ] GC(239) Pause Mark End 0.010ms
[112.268s][info][gc,phases   ] GC(239) Concurrent Mark Free 0.000ms
[112.269s][info][gc,phases   ] GC(239) Concurrent Process Non-Strong References 1.225ms
[112.269s][info][gc,phases   ] GC(239) Concurrent Reset Relocation Set 0.001ms
[112.274s][info][gc,phases   ] GC(239) Concurrent Select Relocation Set 4.874ms
[112.274s][info][gc,phases   ] GC(239) Pause Relocate Start 0.005ms
[112.275s][info][gc,phases   ] GC(239) Concurrent Relocate 0.644ms
[112.275s][info][gc,load     ] GC(239) Load: 1.33/1.38/1.56
[112.275s][info][gc,mmu      ] GC(239) MMU: 2ms/93.1%, 5ms/97.0%, 10ms/98.3%, 20ms/99.2%, 50ms/99.7%, 100ms/99.8%
[112.275s][info][gc,marking  ] GC(239) Mark: 2 stripe(s), 1 proactive flush(es), 1 terminate flush(es), 0 completion(s), 0 continuation(s) 
[112.275s][info][gc,marking  ] GC(239) Mark Stack Usage: 32M
[112.275s][info][gc,nmethod  ] GC(239) NMethods: 386 registered, 12 unregistered
[112.275s][info][gc,metaspace] GC(239) Metaspace: 0M used, 1M committed, 1088M reserved
[112.275s][info][gc,ref      ] GC(239) Soft: 2 encountered, 0 discovered, 0 enqueued
[112.275s][info][gc,ref      ] GC(239) Weak: 9 encountered, 0 discovered, 0 enqueued
[112.275s][info][gc,ref      ] GC(239) Final: 0 encountered, 0 discovered, 0 enqueued
[112.275s][info][gc,ref      ] GC(239) Phantom: 3 encountered, 1 discovered, 0 enqueued
[112.275s][info][gc,reloc    ] GC(239) Small Pages: 4 / 8M, Empty: 0M, Relocated: 0M, In-Place: 0
[112.275s][info][gc,reloc    ] GC(239) Medium Pages: 0 / 0M, Empty: 0M, Relocated: 0M, In-Place: 0
[112.275s][info][gc,reloc    ] GC(239) Large Pages: 0 / 0M, Empty: 0M, Relocated: 0M, In-Place: 0
[112.275s][info][gc,reloc    ] GC(239) Forwarding Usage: 0M
[112.275s][info][gc,heap     ] GC(239) Min Capacity: 8192M(100%)
[112.275s][info][gc,heap     ] GC(239) Max Capacity: 8192M(100%)
[112.275s][info][gc,heap     ] GC(239) Soft Max Capacity: 8192M(100%)
[112.275s][info][gc,heap     ] GC(239)                Mark Start          Mark End        Relocate Start      Relocate End           High               Low         
[112.275s][info][gc,heap     ] GC(239)  Capacity:     8192M (100%)       8192M (100%)       8192M (100%)       8192M (100%)       8192M (100%)       8192M (100%)   
[112.275s][info][gc,heap     ] GC(239)      Free:     8184M (100%)       8184M (100%)       8184M (100%)       8186M (100%)       8186M (100%)       8178M (100%)   
[112.275s][info][gc,heap     ] GC(239)      Used:        8M (0%)            8M (0%)            8M (0%)            6M (0%)           14M (0%)            6M (0%)     
[112.275s][info][gc,heap     ] GC(239)      Live:         -                 0M (0%)            0M (0%)            0M (0%)             -                  -          
[112.275s][info][gc,heap     ] GC(239) Allocated:         -                 0M (0%)            0M (0%)            0M (0%)             -                  -          
[112.275s][info][gc,heap     ] GC(239)   Garbage:         -                 7M (0%)            7M (0%)            5M (0%)             -                  -          
[112.275s][info][gc,heap     ] GC(239) Reclaimed:         -                  -                 0M (0%)            2M (0%)             -                  -          
[112.275s][info][gc          ] GC(239) Garbage Collection (System.gc()) 8M(0%)->6M(0%)
[112.737s][info][gc,start    ] GC(240) Garbage Collection (System.gc())
[112.737s][info][gc,task     ] GC(240) Using 3 workers
[112.737s][info][gc,phases   ] GC(240) Pause Mark Start 0.013ms
[112.740s][info][gc,phases   ] GC(240) Concurrent Mark 2.620ms
[112.740s][info][gc,phases   ] GC(240) Pause Mark End 0.009ms
[112.740s][info][gc,phases   ] GC(240) Concurrent Mark Free 0.000ms
[112.741s][info][gc,phases   ] GC(240) Concurrent Process Non-Strong References 1.017ms
[112.741s][info][gc,phases   ] GC(240) Concurrent Reset Relocation Set 0.001ms
[112.745s][info][gc,phases   ] GC(240) Concurrent Select Relocation Set 4.328ms
[112.746s][info][gc,phases   ] GC(240) Pause Relocate Start 0.006ms
[112.746s][info][gc,phases   ] GC(240) Concurrent Relocate 0.699ms
[112.746s][info][gc,load     ] GC(240) Load: 1.33/1.38/1.56
[112.746s][info][gc,mmu      ] GC(240) MMU: 2ms/93.1%, 5ms/97.0%, 10ms/98.3%, 20ms/99.2%, 50ms/99.7%, 100ms/99.8%
[112.746s][info][gc,marking  ] GC(240) Mark: 2 stripe(s), 1 proactive flush(es), 1 terminate flush(es), 0 completion(s), 0 continuation(s) 
[112.746s][info][gc,marking  ] GC(240) Mark Stack Usage: 32M
[112.746s][info][gc,nmethod  ] GC(240) NMethods: 386 registered, 12 unregistered
[112.746s][info][gc,metaspace] GC(240) Metaspace: 0M used, 0M committed, 1088M reserved
[112.746s][info][gc,ref      ] GC(240) Soft: 2 encountered, 0 discovered, 0 enqueued
[112.746s][info][gc,ref      ] GC(240) Weak: 9 encountered, 0 discovered, 0 enqueued
[112.746s][info][gc,ref      ] GC(240) Final: 0 encountered, 0 discovered, 0 enqueued
[112.746s][info][gc,ref      ] GC(240) Phantom: 3 encountered, 2 discovered, 0 enqueued
[112.746s][info][gc,reloc    ] GC(240) Small Pages: 4 / 8M, Empty: 0M, Relocated: 0M, In-Place: 0
[112.746s][info][gc,reloc    ] GC(240) Medium Pages: 0 / 0M, Empty: 0M, Relocated: 0M, In-Place: 0
[112.746s][info][gc,reloc    ] GC(240) Large Pages: 0 / 0M, Empty: 0M, Relocated: 0M, In-Place: 0
[112.746s][info][gc,reloc    ] GC(240) Forwarding Usage: 0M
[112.746s][info][gc,heap     ] GC(240) Min Capacity: 8192M(100%)
[112.746s][info][gc,heap     ] GC(240) Max Capacity: 8192M(100%)
[112.746s][info][gc,heap     ] GC(240) Soft Max Capacity: 8192M(100%)
[112.746s][info][gc,heap     ] GC(240)                Mark Start          Mark End        Relocate Start      Relocate End           High               Low         
[112.746s][info][gc,heap     ] GC(240)  Capacity:     8192M (100%)       8192M (100%)       8192M (100%)       8192M (100%)       8192M (100%)       8192M (100%)   
[112.746s][info][gc,heap     ] GC(240)      Free:     8184M (100%)       8184M (100%)       8184M (100%)       8186M (100%)       8186M (100%)       8178M (100%)   
[112.746s][info][gc,heap     ] GC(240)      Used:        8M (0%)            8M (0%)            8M (0%)            6M (0%)           14M (0%)            6M (0%)     
[112.746s][info][gc,heap     ] GC(240)      Live:         -                 0M (0%)            0M (0%)            0M (0%)             -                  -          
[112.746s][info][gc,heap     ] GC(240) Allocated:         -                 0M (0%)            0M (0%)            0M (0%)             -                  -          
[112.746s][info][gc,heap     ] GC(240)   Garbage:         -                 7M (0%)            7M (0%)            5M (0%)             -                  -          
[112.747s][info][gc,heap     ] GC(240) Reclaimed:         -                  -                 0M (0%)            2M (0%)             -                  -          
[112.747s][info][gc          ] GC(240) Garbage Collection (System.gc()) 8M(0%)->6M(0%)
[113.204s][info][gc,start    ] GC(241) Garbage Collection (System.gc())
[113.204s][info][gc,task     ] GC(241) Using 3 workers
[113.205s][info][gc,phases   ] GC(241) Pause Mark Start 0.013ms
[113.212s][info][gc,phases   ] GC(241) Concurrent Mark 7.068ms
[113.212s][info][gc,phases   ] GC(241) Pause Mark End 0.016ms
[113.212s][info][gc,phases   ] GC(241) Concurrent Mark Free 0.001ms
[113.213s][info][gc,phases   ] GC(241) Concurrent Process Non-Strong References 0.733ms
[113.213s][info][gc,phases   ] GC(241) Concurrent Reset Relocation Set 0.005ms
[113.218s][info][gc,phases   ] GC(241) Concurrent Select Relocation Set 4.852ms
[113.218s][info][gc,phases   ] GC(241) Pause Relocate Start 0.006ms
[113.218s][info][gc,phases   ] GC(241) Concurrent Relocate 0.588ms
[113.218s][info][gc,load     ] GC(241) Load: 1.33/1.38/1.56
[113.218s][info][gc,mmu      ] GC(241) MMU: 2ms/93.1%, 5ms/97.0%, 10ms/98.3%, 20ms/99.2%, 50ms/99.7%, 100ms/99.8%
[113.218s][info][gc,marking  ] GC(241) Mark: 2 stripe(s), 1 proactive flush(es), 1 terminate flush(es), 0 completion(s), 0 continuation(s) 
[113.218s][info][gc,marking  ] GC(241) Mark Stack Usage: 32M
[113.218s][info][gc,nmethod  ] GC(241) NMethods: 386 registered, 12 unregistered
[113.218s][info][gc,metaspace] GC(241) Metaspace: 0M used, 0M committed, 1088M reserved
[113.218s][info][gc,ref      ] GC(241) Soft: 2 encountered, 0 discovered, 0 enqueued
[113.218s][info][gc,ref      ] GC(241) Weak: 9 encountered, 0 discovered, 0 enqueued
[113.218s][info][gc,ref      ] GC(241) Final: 0 encountered, 0 discovered, 0 enqueued
[113.218s][info][gc,ref      ] GC(241) Phantom: 3 encountered, 2 discovered, 0 enqueued
[113.218s][info][gc,reloc    ] GC(241) Small Pages: 4 / 8M, Empty: 0M, Relocated: 0M, In-Place: 0
[113.218s][info][gc,reloc    ] GC(241) Medium Pages: 0 / 0M, Empty: 0M, Relocated: 0M, In-Place: 0
[113.218s][info][gc,reloc    ] GC(241) Large Pages: 0 / 0M, Empty: 0M, Relocated: 0M, In-Place: 0
[113.218s][info][gc,reloc    ] GC(241) Forwarding Usage: 0M
[113.218s][info][gc,heap     ] GC(241) Min Capacity: 8192M(100%)
[113.218s][info][gc,heap     ] GC(241) Max Capacity: 8192M(100%)
[113.218s][info][gc,heap     ] GC(241) Soft Max Capacity: 8192M(100%)
[113.219s][info][gc,heap     ] GC(241)                Mark Start          Mark End        Relocate Start      Relocate End           High               Low         
[113.219s][info][gc,heap     ] GC(241)  Capacity:     8192M (100%)       8192M (100%)       8192M (100%)       8192M (100%)       8192M (100%)       8192M (100%)   
[113.219s][info][gc,heap     ] GC(241)      Free:     8184M (100%)       8184M (100%)       8184M (100%)       8186M (100%)       8186M (100%)       8178M (100%)   
[113.219s][info][gc,heap     ] GC(241)      Used:        8M (0%)            8M (0%)            8M (0%)            6M (0%)           14M (0%)            6M (0%)     
[113.219s][info][gc,heap     ] GC(241)      Live:         -                 0M (0%)            0M (0%)            0M (0%)             -                  -          
[113.219s][info][gc,heap     ] GC(241) Allocated:         -                 0M (0%)            0M (0%)            0M (0%)             -                  -          
[113.219s][info][gc,heap     ] GC(241)   Garbage:         -                 7M (0%)            7M (0%)            5M (0%)             -                  -          
[113.219s][info][gc,heap     ] GC(241) Reclaimed:         -                  -                 0M (0%)            2M (0%)             -                  -          
[113.219s][info][gc          ] GC(241) Garbage Collection (System.gc()) 8M(0%)->6M(0%)
[113.682s][info][gc,start    ] GC(242) Garbage Collection (System.gc())
[113.682s][info][gc,task     ] GC(242) Using 3 workers
[113.683s][info][gc,phases   ] GC(242) Pause Mark Start 0.012ms
[113.686s][info][gc,phases   ] GC(242) Concurrent Mark 3.194ms
[113.686s][info][gc,phases   ] GC(242) Pause Mark End 0.009ms
[113.686s][info][gc,phases   ] GC(242) Concurrent Mark Free 0.001ms
[113.687s][info][gc,phases   ] GC(242) Concurrent Process Non-Strong References 0.584ms
[113.687s][info][gc,phases   ] GC(242) Concurrent Reset Relocation Set 0.002ms
[113.690s][info][gc,phases   ] GC(242) Concurrent Select Relocation Set 3.851ms
[113.691s][info][gc,phases   ] GC(242) Pause Relocate Start 0.004ms
[113.691s][info][gc,phases   ] GC(242) Concurrent Relocate 0.604ms
[113.691s][info][gc,load     ] GC(242) Load: 1.33/1.38/1.56
[113.691s][info][gc,mmu      ] GC(242) MMU: 2ms/93.1%, 5ms/97.0%, 10ms/98.3%, 20ms/99.2%, 50ms/99.7%, 100ms/99.8%
[113.691s][info][gc,marking  ] GC(242) Mark: 2 stripe(s), 1 proactive flush(es), 1 terminate flush(es), 0 completion(s), 0 continuation(s) 
[113.691s][info][gc,marking  ] GC(242) Mark Stack Usage: 32M
[113.691s][info][gc,nmethod  ] GC(242) NMethods: 386 registered, 12 unregistered
[113.691s][info][gc,metaspace] GC(242) Metaspace: 0M used, 0M committed, 1088M reserved
[113.691s][info][gc,ref      ] GC(242) Soft: 2 encountered, 0 discovered, 0 enqueued
[113.691s][info][gc,ref      ] GC(242) Weak: 9 encountered, 0 discovered, 0 enqueued
[113.691s][info][gc,ref      ] GC(242) Final: 0 encountered, 0 discovered, 0 enqueued
[113.691s][info][gc,ref      ] GC(242) Phantom: 3 encountered, 2 discovered, 0 enqueued
[113.691s][info][gc,reloc    ] GC(242) Small Pages: 4 / 8M, Empty: 0M, Relocated: 0M, In-Place: 0
[113.691s][info][gc,reloc    ] GC(242) Medium Pages: 0 / 0M, Empty: 0M, Relocated: 0M, In-Place: 0
[113.691s][info][gc,reloc    ] GC(242) Large Pages: 0 / 0M, Empty: 0M, Relocated: 0M, In-Place: 0
[113.691s][info][gc,reloc    ] GC(242) Forwarding Usage: 0M
[113.691s][info][gc,heap     ] GC(242) Min Capacity: 8192M(100%)
[113.691s][info][gc,heap     ] GC(242) Max Capacity: 8192M(100%)
[113.691s][info][gc,heap     ] GC(242) Soft Max Capacity: 8192M(100%)
[113.691s][info][gc,heap     ] GC(242)                Mark Start          Mark End        Relocate Start      Relocate End           High               Low         
[113.691s][info][gc,heap     ] GC(242)  Capacity:     8192M (100%)       8192M (100%)       8192M (100%)       8192M (100%)       8192M (100%)       8192M (100%)   
[113.691s][info][gc,heap     ] GC(242)      Free:     8184M (100%)       8184M (100%)       8184M (100%)       8186M (100%)       8186M (100%)       8178M (100%)   
[113.691s][info][gc,heap     ] GC(242)      Used:        8M (0%)            8M (0%)            8M (0%)            6M (0%)           14M (0%)            6M (0%)     
[113.691s][info][gc,heap     ] GC(242)      Live:         -                 0M (0%)            0M (0%)            0M (0%)             -                  -          
[113.691s][info][gc,heap     ] GC(242) Allocated:         -                 0M (0%)            0M (0%)            0M (0%)             -                  -          
[113.691s][info][gc,heap     ] GC(242)   Garbage:         -                 7M (0%)            7M (0%)            5M (0%)             -                  -          
[113.691s][info][gc,heap     ] GC(242) Reclaimed:         -                  -                 0M (0%)            2M (0%)             -                  -          
[113.691s][info][gc          ] GC(242) Garbage Collection (System.gc()) 8M(0%)->6M(0%)
[114.146s][info][gc,start    ] GC(243) Garbage Collection (System.gc())
[114.146s][info][gc,task     ] GC(243) Using 3 workers
[114.146s][info][gc,phases   ] GC(243) Pause Mark Start 0.012ms
[114.158s][info][gc,phases   ] GC(243) Concurrent Mark 12.140ms
[114.158s][info][gc,phases   ] GC(243) Pause Mark End 0.024ms
[114.159s][info][gc,phases   ] GC(243) Concurrent Mark Free 0.001ms
[114.159s][info][gc,phases   ] GC(243) Concurrent Process Non-Strong References 0.806ms
[114.159s][info][gc,phases   ] GC(243) Concurrent Reset Relocation Set 0.002ms
[114.164s][info][gc,phases   ] GC(243) Concurrent Select Relocation Set 4.395ms
[114.164s][info][gc,phases   ] GC(243) Pause Relocate Start 0.007ms
[114.165s][info][gc,phases   ] GC(243) Concurrent Relocate 0.640ms
[114.165s][info][gc,load     ] GC(243) Load: 1.33/1.38/1.56
[114.165s][info][gc,mmu      ] GC(243) MMU: 2ms/93.1%, 5ms/97.0%, 10ms/98.3%, 20ms/99.2%, 50ms/99.7%, 100ms/99.8%
[114.165s][info][gc,marking  ] GC(243) Mark: 2 stripe(s), 1 proactive flush(es), 1 terminate flush(es), 0 completion(s), 0 continuation(s) 
[114.165s][info][gc,marking  ] GC(243) Mark Stack Usage: 32M
[114.165s][info][gc,nmethod  ] GC(243) NMethods: 386 registered, 12 unregistered
[114.165s][info][gc,metaspace] GC(243) Metaspace: 0M used, 0M committed, 1088M reserved
[114.165s][info][gc,ref      ] GC(243) Soft: 2 encountered, 0 discovered, 0 enqueued
[114.165s][info][gc,ref      ] GC(243) Weak: 9 encountered, 0 discovered, 0 enqueued
[114.165s][info][gc,ref      ] GC(243) Final: 0 encountered, 0 discovered, 0 enqueued
[114.165s][info][gc,ref      ] GC(243) Phantom: 3 encountered, 1 discovered, 0 enqueued
[114.165s][info][gc,reloc    ] GC(243) Small Pages: 4 / 8M, Empty: 0M, Relocated: 0M, In-Place: 0
[114.165s][info][gc,reloc    ] GC(243) Medium Pages: 0 / 0M, Empty: 0M, Relocated: 0M, In-Place: 0
[114.165s][info][gc,reloc    ] GC(243) Large Pages: 0 / 0M, Empty: 0M, Relocated: 0M, In-Place: 0
[114.165s][info][gc,reloc    ] GC(243) Forwarding Usage: 0M
[114.165s][info][gc,heap     ] GC(243) Min Capacity: 8192M(100%)
[114.165s][info][gc,heap     ] GC(243) Max Capacity: 8192M(100%)
[114.165s][info][gc,heap     ] GC(243) Soft Max Capacity: 8192M(100%)
[114.165s][info][gc,heap     ] GC(243)                Mark Start          Mark End        Relocate Start      Relocate End           High               Low         
[114.165s][info][gc,heap     ] GC(243)  Capacity:     8192M (100%)       8192M (100%)       8192M (100%)       8192M (100%)       8192M (100%)       8192M (100%)   
[114.165s][info][gc,heap     ] GC(243)      Free:     8184M (100%)       8184M (100%)       8184M (100%)       8186M (100%)       8186M (100%)       8178M (100%)   
[114.165s][info][gc,heap     ] GC(243)      Used:        8M (0%)            8M (0%)            8M (0%)            6M (0%)           14M (0%)            6M (0%)     
[114.165s][info][gc,heap     ] GC(243)      Live:         -                 0M (0%)            0M (0%)            0M (0%)             -                  -          
[114.165s][info][gc,heap     ] GC(243) Allocated:         -                 0M (0%)            0M (0%)            0M (0%)             -                  -          
[114.165s][info][gc,heap     ] GC(243)   Garbage:         -                 7M (0%)            7M (0%)            5M (0%)             -                  -          
[114.165s][info][gc,heap     ] GC(243) Reclaimed:         -                  -                 0M (0%)            2M (0%)             -                  -          
[114.165s][info][gc          ] GC(243) Garbage Collection (System.gc()) 8M(0%)->6M(0%)
[114.623s][info][gc,start    ] GC(244) Garbage Collection (System.gc())
[114.623s][info][gc,task     ] GC(244) Using 3 workers
[114.623s][info][gc,phases   ] GC(244) Pause Mark Start 0.014ms
[114.636s][info][gc,phases   ] GC(244) Concurrent Mark 12.417ms
[114.636s][info][gc,phases   ] GC(244) Pause Mark End 0.011ms
[114.636s][info][gc,phases   ] GC(244) Concurrent Mark Free 0.000ms
[114.636s][info][gc,phases   ] GC(244) Concurrent Process Non-Strong References 0.444ms
[114.636s][info][gc,phases   ] GC(244) Concurrent Reset Relocation Set 0.001ms
[114.639s][info][gc,phases   ] GC(244) Concurrent Select Relocation Set 2.780ms
[114.639s][info][gc,phases   ] GC(244) Pause Relocate Start 0.003ms
[114.639s][info][gc,phases   ] GC(244) Concurrent Relocate 0.425ms
[114.639s][info][gc,load     ] GC(244) Load: 1.33/1.38/1.56
[114.639s][info][gc,mmu      ] GC(244) MMU: 2ms/93.1%, 5ms/97.0%, 10ms/98.3%, 20ms/99.2%, 50ms/99.7%, 100ms/99.8%
[114.639s][info][gc,marking  ] GC(244) Mark: 2 stripe(s), 1 proactive flush(es), 1 terminate flush(es), 0 completion(s), 0 continuation(s) 
[114.639s][info][gc,marking  ] GC(244) Mark Stack Usage: 32M
[114.639s][info][gc,nmethod  ] GC(244) NMethods: 386 registered, 12 unregistered
[114.639s][info][gc,metaspace] GC(244) Metaspace: 0M used, 0M committed, 1088M reserved
[114.639s][info][gc,ref      ] GC(244) Soft: 2 encountered, 0 discovered, 0 enqueued
[114.639s][info][gc,ref      ] GC(244) Weak: 9 encountered, 0 discovered, 0 enqueued
[114.639s][info][gc,ref      ] GC(244) Final: 0 encountered, 0 discovered, 0 enqueued
[114.639s][info][gc,ref      ] GC(244) Phantom: 3 encountered, 1 discovered, 0 enqueued
[114.639s][info][gc,reloc    ] GC(244) Small Pages: 4 / 8M, Empty: 0M, Relocated: 0M, In-Place: 0
[114.639s][info][gc,reloc    ] GC(244) Medium Pages: 0 / 0M, Empty: 0M, Relocated: 0M, In-Place: 0
[114.639s][info][gc,reloc    ] GC(244) Large Pages: 0 / 0M, Empty: 0M, Relocated: 0M, In-Place: 0
[114.639s][info][gc,reloc    ] GC(244) Forwarding Usage: 0M
[114.639s][info][gc,heap     ] GC(244) Min Capacity: 8192M(100%)
[114.639s][info][gc,heap     ] GC(244) Max Capacity: 8192M(100%)
[114.639s][info][gc,heap     ] GC(244) Soft Max Capacity: 8192M(100%)
[114.639s][info][gc,heap     ] GC(244)                Mark Start          Mark End        Relocate Start      Relocate End           High               Low         
[114.639s][info][gc,heap     ] GC(244)  Capacity:     8192M (100%)       8192M (100%)       8192M (100%)       8192M (100%)       8192M (100%)       8192M (100%)   
[114.639s][info][gc,heap     ] GC(244)      Free:     8184M (100%)       8184M (100%)       8184M (100%)       8186M (100%)       8186M (100%)       8180M (100%)   
[114.639s][info][gc,heap     ] GC(244)      Used:        8M (0%)            8M (0%)            8M (0%)            6M (0%)           12M (0%)            6M (0%)     
[114.639s][info][gc,heap     ] GC(244)      Live:         -                 0M (0%)            0M (0%)            0M (0%)             -                  -          
[114.639s][info][gc,heap     ] GC(244) Allocated:         -                 0M (0%)            0M (0%)            0M (0%)             -                  -          
[114.639s][info][gc,heap     ] GC(244)   Garbage:         -                 7M (0%)            7M (0%)            5M (0%)             -                  -          
[114.639s][info][gc,heap     ] GC(244) Reclaimed:         -                  -                 0M (0%)            2M (0%)             -                  -          
[114.640s][info][gc          ] GC(244) Garbage Collection (System.gc()) 8M(0%)->6M(0%)
[115.094s][info][gc,start    ] GC(245) Garbage Collection (System.gc())
[115.094s][info][gc,task     ] GC(245) Using 3 workers
[115.094s][info][gc,phases   ] GC(245) Pause Mark Start 0.014ms
[115.101s][info][gc,phases   ] GC(245) Concurrent Mark 6.347ms
[115.101s][info][gc,phases   ] GC(245) Pause Mark End 0.022ms
[115.101s][info][gc,phases   ] GC(245) Concurrent Mark Free 0.002ms
[115.104s][info][gc,phases   ] GC(245) Concurrent Process Non-Strong References 2.905ms
[115.104s][info][gc,phases   ] GC(245) Concurrent Reset Relocation Set 0.003ms
[115.114s][info][gc,phases   ] GC(245) Concurrent Select Relocation Set 10.316ms
[115.115s][info][gc,phases   ] GC(245) Pause Relocate Start 0.014ms
[115.116s][info][gc,phases   ] GC(245) Concurrent Relocate 0.863ms
[115.116s][info][gc,load     ] GC(245) Load: 1.47/1.40/1.57
[115.116s][info][gc,mmu      ] GC(245) MMU: 2ms/93.1%, 5ms/97.0%, 10ms/98.3%, 20ms/99.2%, 50ms/99.7%, 100ms/99.8%
[115.116s][info][gc,marking  ] GC(245) Mark: 2 stripe(s), 1 proactive flush(es), 1 terminate flush(es), 0 completion(s), 0 continuation(s) 
[115.116s][info][gc,marking  ] GC(245) Mark Stack Usage: 32M
[115.116s][info][gc,nmethod  ] GC(245) NMethods: 386 registered, 12 unregistered
[115.116s][info][gc,metaspace] GC(245) Metaspace: 0M used, 0M committed, 1088M reserved
[115.116s][info][gc,ref      ] GC(245) Soft: 2 encountered, 0 discovered, 0 enqueued
[115.116s][info][gc,ref      ] GC(245) Weak: 9 encountered, 0 discovered, 0 enqueued
[115.116s][info][gc,ref      ] GC(245) Final: 0 encountered, 0 discovered, 0 enqueued
[115.116s][info][gc,ref      ] GC(245) Phantom: 3 encountered, 1 discovered, 0 enqueued
[115.116s][info][gc,reloc    ] GC(245) Small Pages: 4 / 8M, Empty: 0M, Relocated: 0M, In-Place: 0
[115.116s][info][gc,reloc    ] GC(245) Medium Pages: 0 / 0M, Empty: 0M, Relocated: 0M, In-Place: 0
[115.116s][info][gc,reloc    ] GC(245) Large Pages: 0 / 0M, Empty: 0M, Relocated: 0M, In-Place: 0
[115.116s][info][gc,reloc    ] GC(245) Forwarding Usage: 0M
[115.116s][info][gc,heap     ] GC(245) Min Capacity: 8192M(100%)
[115.116s][info][gc,heap     ] GC(245) Max Capacity: 8192M(100%)
[115.116s][info][gc,heap     ] GC(245) Soft Max Capacity: 8192M(100%)
[115.116s][info][gc,heap     ] GC(245)                Mark Start          Mark End        Relocate Start      Relocate End           High               Low         
[115.116s][info][gc,heap     ] GC(245)  Capacity:     8192M (100%)       8192M (100%)       8192M (100%)       8192M (100%)       8192M (100%)       8192M (100%)   
[115.116s][info][gc,heap     ] GC(245)      Free:     8184M (100%)       8184M (100%)       8184M (100%)       8188M (100%)       8188M (100%)       8180M (100%)   
[115.116s][info][gc,heap     ] GC(245)      Used:        8M (0%)            8M (0%)            8M (0%)            4M (0%)           12M (0%)            4M (0%)     
[115.116s][info][gc,heap     ] GC(245)      Live:         -                 0M (0%)            0M (0%)            0M (0%)             -                  -          
[115.116s][info][gc,heap     ] GC(245) Allocated:         -                 0M (0%)            0M (0%)            0M (0%)             -                  -          
[115.116s][info][gc,heap     ] GC(245)   Garbage:         -                 7M (0%)            7M (0%)            3M (0%)             -                  -          
[115.116s][info][gc,heap     ] GC(245) Reclaimed:         -                  -                 0M (0%)            4M (0%)             -                  -          
[115.116s][info][gc          ] GC(245) Garbage Collection (System.gc()) 8M(0%)->4M(0%)
[115.570s][info][gc,start    ] GC(246) Garbage Collection (System.gc())
[115.570s][info][gc,task     ] GC(246) Using 3 workers
[115.570s][info][gc,phases   ] GC(246) Pause Mark Start 0.014ms
[115.574s][info][gc,phases   ] GC(246) Concurrent Mark 3.539ms
[115.574s][info][gc,phases   ] GC(246) Pause Mark End 0.018ms
[115.574s][info][gc,phases   ] GC(246) Concurrent Mark Free 0.001ms
[115.576s][info][gc,phases   ] GC(246) Concurrent Process Non-Strong References 2.037ms
[115.576s][info][gc,phases   ] GC(246) Concurrent Reset Relocation Set 0.003ms
[115.588s][info][gc,phases   ] GC(246) Concurrent Select Relocation Set 11.605ms
[115.588s][info][gc,phases   ] GC(246) Pause Relocate Start 0.016ms
[115.590s][info][gc,phases   ] GC(246) Concurrent Relocate 0.764ms
[115.590s][info][gc,load     ] GC(246) Load: 1.47/1.40/1.57
[115.590s][info][gc,mmu      ] GC(246) MMU: 2ms/93.1%, 5ms/97.0%, 10ms/98.3%, 20ms/99.2%, 50ms/99.7%, 100ms/99.8%
[115.590s][info][gc,marking  ] GC(246) Mark: 2 stripe(s), 1 proactive flush(es), 1 terminate flush(es), 0 completion(s), 0 continuation(s) 
[115.590s][info][gc,marking  ] GC(246) Mark Stack Usage: 32M
[115.590s][info][gc,nmethod  ] GC(246) NMethods: 386 registered, 12 unregistered
[115.590s][info][gc,metaspace] GC(246) Metaspace: 0M used, 0M committed, 1088M reserved
[115.590s][info][gc,ref      ] GC(246) Soft: 2 encountered, 0 discovered, 0 enqueued
[115.590s][info][gc,ref      ] GC(246) Weak: 9 encountered, 0 discovered, 0 enqueued
[115.590s][info][gc,ref      ] GC(246) Final: 0 encountered, 0 discovered, 0 enqueued
[115.590s][info][gc,ref      ] GC(246) Phantom: 3 encountered, 2 discovered, 0 enqueued
[115.590s][info][gc,reloc    ] GC(246) Small Pages: 3 / 6M, Empty: 0M, Relocated: 0M, In-Place: 0
[115.590s][info][gc,reloc    ] GC(246) Medium Pages: 0 / 0M, Empty: 0M, Relocated: 0M, In-Place: 0
[115.591s][info][gc,reloc    ] GC(246) Large Pages: 0 / 0M, Empty: 0M, Relocated: 0M, In-Place: 0
[115.591s][info][gc,reloc    ] GC(246) Forwarding Usage: 0M
[115.591s][info][gc,heap     ] GC(246) Min Capacity: 8192M(100%)
[115.591s][info][gc,heap     ] GC(246) Max Capacity: 8192M(100%)
[115.591s][info][gc,heap     ] GC(246) Soft Max Capacity: 8192M(100%)
[115.591s][info][gc,heap     ] GC(246)                Mark Start          Mark End        Relocate Start      Relocate End           High               Low         
[115.591s][info][gc,heap     ] GC(246)  Capacity:     8192M (100%)       8192M (100%)       8192M (100%)       8192M (100%)       8192M (100%)       8192M (100%)   
[115.591s][info][gc,heap     ] GC(246)      Free:     8186M (100%)       8186M (100%)       8186M (100%)       8186M (100%)       8186M (100%)       8180M (100%)   
[115.591s][info][gc,heap     ] GC(246)      Used:        6M (0%)            6M (0%)            6M (0%)            6M (0%)           12M (0%)            6M (0%)     
[115.591s][info][gc,heap     ] GC(246)      Live:         -                 0M (0%)            0M (0%)            0M (0%)             -                  -          
[115.591s][info][gc,heap     ] GC(246) Allocated:         -                 0M (0%)            0M (0%)            0M (0%)             -                  -          
[115.591s][info][gc,heap     ] GC(246)   Garbage:         -                 5M (0%)            5M (0%)            5M (0%)             -                  -          
[115.591s][info][gc,heap     ] GC(246) Reclaimed:         -                  -                 0M (0%)            0M (0%)             -                  -          
[115.591s][info][gc          ] GC(246) Garbage Collection (System.gc()) 6M(0%)->6M(0%)
[116.046s][info][gc,start    ] GC(247) Garbage Collection (System.gc())
[116.046s][info][gc,task     ] GC(247) Using 3 workers
[116.046s][info][gc,phases   ] GC(247) Pause Mark Start 0.014ms
[116.052s][info][gc,phases   ] GC(247) Concurrent Mark 5.556ms
[116.052s][info][gc,phases   ] GC(247) Pause Mark End 0.025ms
[116.052s][info][gc,phases   ] GC(247) Concurrent Mark Free 0.001ms
[116.065s][info][gc,phases   ] GC(247) Concurrent Process Non-Strong References 13.093ms
[116.065s][info][gc,phases   ] GC(247) Concurrent Reset Relocation Set 0.001ms
[116.069s][info][gc,phases   ] GC(247) Concurrent Select Relocation Set 3.466ms
[116.069s][info][gc,phases   ] GC(247) Pause Relocate Start 0.005ms
[116.069s][info][gc,phases   ] GC(247) Concurrent Relocate 0.712ms
[116.069s][info][gc,load     ] GC(247) Load: 1.47/1.40/1.57
[116.069s][info][gc,mmu      ] GC(247) MMU: 2ms/93.1%, 5ms/97.0%, 10ms/98.3%, 20ms/99.2%, 50ms/99.7%, 100ms/99.8%
[116.069s][info][gc,marking  ] GC(247) Mark: 2 stripe(s), 1 proactive flush(es), 1 terminate flush(es), 0 completion(s), 0 continuation(s) 
[116.069s][info][gc,marking  ] GC(247) Mark Stack Usage: 32M
[116.069s][info][gc,nmethod  ] GC(247) NMethods: 386 registered, 12 unregistered
[116.069s][info][gc,metaspace] GC(247) Metaspace: 0M used, 0M committed, 1088M reserved
[116.069s][info][gc,ref      ] GC(247) Soft: 2 encountered, 0 discovered, 0 enqueued
[116.069s][info][gc,ref      ] GC(247) Weak: 9 encountered, 0 discovered, 0 enqueued
[116.069s][info][gc,ref      ] GC(247) Final: 0 encountered, 0 discovered, 0 enqueued
[116.069s][info][gc,ref      ] GC(247) Phantom: 3 encountered, 1 discovered, 0 enqueued
[116.069s][info][gc,reloc    ] GC(247) Small Pages: 4 / 8M, Empty: 0M, Relocated: 0M, In-Place: 0
[116.069s][info][gc,reloc    ] GC(247) Medium Pages: 0 / 0M, Empty: 0M, Relocated: 0M, In-Place: 0
[116.069s][info][gc,reloc    ] GC(247) Large Pages: 0 / 0M, Empty: 0M, Relocated: 0M, In-Place: 0
[116.070s][info][gc,reloc    ] GC(247) Forwarding Usage: 0M
[116.070s][info][gc,heap     ] GC(247) Min Capacity: 8192M(100%)
[116.070s][info][gc,heap     ] GC(247) Max Capacity: 8192M(100%)
[116.070s][info][gc,heap     ] GC(247) Soft Max Capacity: 8192M(100%)
[116.070s][info][gc,heap     ] GC(247)                Mark Start          Mark End        Relocate Start      Relocate End           High               Low         
[116.070s][info][gc,heap     ] GC(247)  Capacity:     8192M (100%)       8192M (100%)       8192M (100%)       8192M (100%)       8192M (100%)       8192M (100%)   
[116.070s][info][gc,heap     ] GC(247)      Free:     8184M (100%)       8184M (100%)       8184M (100%)       8186M (100%)       8186M (100%)       8178M (100%)   
[116.070s][info][gc,heap     ] GC(247)      Used:        8M (0%)            8M (0%)            8M (0%)            6M (0%)           14M (0%)            6M (0%)     
[116.070s][info][gc,heap     ] GC(247)      Live:         -                 0M (0%)            0M (0%)            0M (0%)             -                  -          
[116.070s][info][gc,heap     ] GC(247) Allocated:         -                 0M (0%)            0M (0%)            0M (0%)             -                  -          
[116.070s][info][gc,heap     ] GC(247)   Garbage:         -                 7M (0%)            7M (0%)            5M (0%)             -                  -          
[116.070s][info][gc,heap     ] GC(247) Reclaimed:         -                  -                 0M (0%)            2M (0%)             -                  -          
[116.070s][info][gc          ] GC(247) Garbage Collection (System.gc()) 8M(0%)->6M(0%)
[116.527s][info][gc,start    ] GC(248) Garbage Collection (System.gc())
[116.527s][info][gc,task     ] GC(248) Using 3 workers
[116.528s][info][gc,phases   ] GC(248) Pause Mark Start 0.013ms
[116.541s][info][gc,phases   ] GC(248) Concurrent Mark 13.022ms
[116.541s][info][gc,phases   ] GC(248) Pause Mark End 0.021ms
[116.541s][info][gc,phases   ] GC(248) Concurrent Mark Free 0.001ms
[116.543s][info][gc,phases   ] GC(248) Concurrent Process Non-Strong References 2.184ms
[116.543s][info][gc,phases   ] GC(248) Concurrent Reset Relocation Set 0.002ms
[116.547s][info][gc,phases   ] GC(248) Concurrent Select Relocation Set 3.139ms
[116.547s][info][gc,phases   ] GC(248) Pause Relocate Start 0.010ms
[116.547s][info][gc,phases   ] GC(248) Concurrent Relocate 0.756ms
[116.547s][info][gc,load     ] GC(248) Load: 1.47/1.40/1.57
[116.547s][info][gc,mmu      ] GC(248) MMU: 2ms/93.1%, 5ms/97.0%, 10ms/98.3%, 20ms/99.2%, 50ms/99.7%, 100ms/99.8%
[116.547s][info][gc,marking  ] GC(248) Mark: 2 stripe(s), 1 proactive flush(es), 1 terminate flush(es), 0 completion(s), 0 continuation(s) 
[116.547s][info][gc,marking  ] GC(248) Mark Stack Usage: 32M
[116.547s][info][gc,nmethod  ] GC(248) NMethods: 386 registered, 12 unregistered
[116.548s][info][gc,metaspace] GC(248) Metaspace: 0M used, 0M committed, 1088M reserved
[116.548s][info][gc,ref      ] GC(248) Soft: 2 encountered, 0 discovered, 0 enqueued
[116.548s][info][gc,ref      ] GC(248) Weak: 9 encountered, 0 discovered, 0 enqueued
[116.548s][info][gc,ref      ] GC(248) Final: 0 encountered, 0 discovered, 0 enqueued
[116.548s][info][gc,ref      ] GC(248) Phantom: 3 encountered, 1 discovered, 0 enqueued
[116.548s][info][gc,reloc    ] GC(248) Small Pages: 4 / 8M, Empty: 0M, Relocated: 0M, In-Place: 0
[116.548s][info][gc,reloc    ] GC(248) Medium Pages: 0 / 0M, Empty: 0M, Relocated: 0M, In-Place: 0
[116.548s][info][gc,reloc    ] GC(248) Large Pages: 0 / 0M, Empty: 0M, Relocated: 0M, In-Place: 0
[116.548s][info][gc,reloc    ] GC(248) Forwarding Usage: 0M
[116.548s][info][gc,heap     ] GC(248) Min Capacity: 8192M(100%)
[116.548s][info][gc,heap     ] GC(248) Max Capacity: 8192M(100%)
[116.548s][info][gc,heap     ] GC(248) Soft Max Capacity: 8192M(100%)
[116.548s][info][gc,heap     ] GC(248)                Mark Start          Mark End        Relocate Start      Relocate End           High               Low         
[116.548s][info][gc,heap     ] GC(248)  Capacity:     8192M (100%)       8192M (100%)       8192M (100%)       8192M (100%)       8192M (100%)       8192M (100%)   
[116.548s][info][gc,heap     ] GC(248)      Free:     8184M (100%)       8184M (100%)       8184M (100%)       8186M (100%)       8186M (100%)       8178M (100%)   
[116.548s][info][gc,heap     ] GC(248)      Used:        8M (0%)            8M (0%)            8M (0%)            6M (0%)           14M (0%)            6M (0%)     
[116.548s][info][gc,heap     ] GC(248)      Live:         -                 0M (0%)            0M (0%)            0M (0%)             -                  -          
[116.548s][info][gc,heap     ] GC(248) Allocated:         -                 0M (0%)            0M (0%)            0M (0%)             -                  -          
[116.548s][info][gc,heap     ] GC(248)   Garbage:         -                 7M (0%)            7M (0%)            5M (0%)             -                  -          
[116.548s][info][gc,heap     ] GC(248) Reclaimed:         -                  -                 0M (0%)            2M (0%)             -                  -          
[116.548s][info][gc          ] GC(248) Garbage Collection (System.gc()) 8M(0%)->6M(0%)
[117.009s][info][gc,start    ] GC(249) Garbage Collection (System.gc())
[117.009s][info][gc,task     ] GC(249) Using 3 workers
[117.009s][info][gc,phases   ] GC(249) Pause Mark Start 0.010ms
[117.012s][info][gc,phases   ] GC(249) Concurrent Mark 3.010ms
[117.012s][info][gc,phases   ] GC(249) Pause Mark End 0.012ms
[117.012s][info][gc,phases   ] GC(249) Concurrent Mark Free 0.000ms
[117.013s][info][gc,phases   ] GC(249) Concurrent Process Non-Strong References 0.990ms
[117.013s][info][gc,phases   ] GC(249) Concurrent Reset Relocation Set 0.001ms
[117.017s][info][gc,phases   ] GC(249) Concurrent Select Relocation Set 4.407ms
[117.017s][info][gc,phases   ] GC(249) Pause Relocate Start 0.011ms
[117.019s][info][gc,phases   ] GC(249) Concurrent Relocate 1.140ms
[117.019s][info][gc,load     ] GC(249) Load: 1.47/1.40/1.57
[117.019s][info][gc,mmu      ] GC(249) MMU: 2ms/93.1%, 5ms/97.0%, 10ms/98.3%, 20ms/99.2%, 50ms/99.7%, 100ms/99.8%
[117.019s][info][gc,marking  ] GC(249) Mark: 2 stripe(s), 1 proactive flush(es), 1 terminate flush(es), 0 completion(s), 0 continuation(s) 
[117.019s][info][gc,marking  ] GC(249) Mark Stack Usage: 32M
[117.019s][info][gc,nmethod  ] GC(249) NMethods: 386 registered, 12 unregistered
[117.019s][info][gc,metaspace] GC(249) Metaspace: 0M used, 0M committed, 1088M reserved
[117.019s][info][gc,ref      ] GC(249) Soft: 2 encountered, 0 discovered, 0 enqueued
[117.019s][info][gc,ref      ] GC(249) Weak: 9 encountered, 0 discovered, 0 enqueued
[117.019s][info][gc,ref      ] GC(249) Final: 0 encountered, 0 discovered, 0 enqueued
[117.019s][info][gc,ref      ] GC(249) Phantom: 3 encountered, 2 discovered, 0 enqueued
[117.019s][info][gc,reloc    ] GC(249) Small Pages: 4 / 8M, Empty: 0M, Relocated: 0M, In-Place: 0
[117.019s][info][gc,reloc    ] GC(249) Medium Pages: 0 / 0M, Empty: 0M, Relocated: 0M, In-Place: 0
[117.019s][info][gc,reloc    ] GC(249) Large Pages: 0 / 0M, Empty: 0M, Relocated: 0M, In-Place: 0
[117.019s][info][gc,reloc    ] GC(249) Forwarding Usage: 0M
[117.019s][info][gc,heap     ] GC(249) Min Capacity: 8192M(100%)
[117.019s][info][gc,heap     ] GC(249) Max Capacity: 8192M(100%)
[117.019s][info][gc,heap     ] GC(249) Soft Max Capacity: 8192M(100%)
[117.019s][info][gc,heap     ] GC(249)                Mark Start          Mark End        Relocate Start      Relocate End           High               Low         
[117.019s][info][gc,heap     ] GC(249)  Capacity:     8192M (100%)       8192M (100%)       8192M (100%)       8192M (100%)       8192M (100%)       8192M (100%)   
[117.019s][info][gc,heap     ] GC(249)      Free:     8184M (100%)       8184M (100%)       8184M (100%)       8186M (100%)       8186M (100%)       8180M (100%)   
[117.019s][info][gc,heap     ] GC(249)      Used:        8M (0%)            8M (0%)            8M (0%)            6M (0%)           12M (0%)            6M (0%)     
[117.019s][info][gc,heap     ] GC(249)      Live:         -                 0M (0%)            0M (0%)            0M (0%)             -                  -          
[117.019s][info][gc,heap     ] GC(249) Allocated:         -                 0M (0%)            0M (0%)            0M (0%)             -                  -          
[117.019s][info][gc,heap     ] GC(249)   Garbage:         -                 7M (0%)            7M (0%)            5M (0%)             -                  -          
[117.019s][info][gc,heap     ] GC(249) Reclaimed:         -                  -                 0M (0%)            2M (0%)             -                  -          
[117.019s][info][gc          ] GC(249) Garbage Collection (System.gc()) 8M(0%)->6M(0%)
[117.483s][info][gc,start    ] GC(250) Garbage Collection (System.gc())
[117.483s][info][gc,task     ] GC(250) Using 3 workers
[117.483s][info][gc,phases   ] GC(250) Pause Mark Start 0.013ms
[117.487s][info][gc,phases   ] GC(250) Concurrent Mark 3.828ms
[117.487s][info][gc,phases   ] GC(250) Pause Mark End 0.011ms
[117.487s][info][gc,phases   ] GC(250) Concurrent Mark Free 0.000ms
[117.488s][info][gc,phases   ] GC(250) Concurrent Process Non-Strong References 1.202ms
[117.488s][info][gc,phases   ] GC(250) Concurrent Reset Relocation Set 0.002ms
[117.492s][info][gc,phases   ] GC(250) Concurrent Select Relocation Set 3.780ms
[117.492s][info][gc,phases   ] GC(250) Pause Relocate Start 0.005ms
[117.493s][info][gc,phases   ] GC(250) Concurrent Relocate 0.627ms
[117.493s][info][gc,load     ] GC(250) Load: 1.47/1.40/1.57
[117.493s][info][gc,mmu      ] GC(250) MMU: 2ms/93.1%, 5ms/97.0%, 10ms/98.3%, 20ms/99.2%, 50ms/99.7%, 100ms/99.8%
[117.493s][info][gc,marking  ] GC(250) Mark: 2 stripe(s), 2 proactive flush(es), 1 terminate flush(es), 0 completion(s), 0 continuation(s) 
[117.493s][info][gc,marking  ] GC(250) Mark Stack Usage: 32M
[117.493s][info][gc,nmethod  ] GC(250) NMethods: 386 registered, 13 unregistered
[117.493s][info][gc,metaspace] GC(250) Metaspace: 0M used, 0M committed, 1088M reserved
[117.493s][info][gc,ref      ] GC(250) Soft: 2 encountered, 0 discovered, 0 enqueued
[117.493s][info][gc,ref      ] GC(250) Weak: 9 encountered, 0 discovered, 0 enqueued
[117.493s][info][gc,ref      ] GC(250) Final: 0 encountered, 0 discovered, 0 enqueued
[117.493s][info][gc,ref      ] GC(250) Phantom: 3 encountered, 1 discovered, 0 enqueued
[117.493s][info][gc,reloc    ] GC(250) Small Pages: 4 / 8M, Empty: 0M, Relocated: 0M, In-Place: 0
[117.493s][info][gc,reloc    ] GC(250) Medium Pages: 0 / 0M, Empty: 0M, Relocated: 0M, In-Place: 0
[117.493s][info][gc,reloc    ] GC(250) Large Pages: 0 / 0M, Empty: 0M, Relocated: 0M, In-Place: 0
[117.493s][info][gc,reloc    ] GC(250) Forwarding Usage: 0M
[117.493s][info][gc,heap     ] GC(250) Min Capacity: 8192M(100%)
[117.493s][info][gc,heap     ] GC(250) Max Capacity: 8192M(100%)
[117.493s][info][gc,heap     ] GC(250) Soft Max Capacity: 8192M(100%)
[117.493s][info][gc,heap     ] GC(250)                Mark Start          Mark End        Relocate Start      Relocate End           High               Low         
[117.493s][info][gc,heap     ] GC(250)  Capacity:     8192M (100%)       8192M (100%)       8192M (100%)       8192M (100%)       8192M (100%)       8192M (100%)   
[117.493s][info][gc,heap     ] GC(250)      Free:     8184M (100%)       8184M (100%)       8184M (100%)       8186M (100%)       8186M (100%)       8178M (100%)   
[117.493s][info][gc,heap     ] GC(250)      Used:        8M (0%)            8M (0%)            8M (0%)            6M (0%)           14M (0%)            6M (0%)     
[117.493s][info][gc,heap     ] GC(250)      Live:         -                 0M (0%)            0M (0%)            0M (0%)             -                  -          
[117.493s][info][gc,heap     ] GC(250) Allocated:         -                 0M (0%)            0M (0%)            0M (0%)             -                  -          
[117.493s][info][gc,heap     ] GC(250)   Garbage:         -                 7M (0%)            7M (0%)            5M (0%)             -                  -          
[117.493s][info][gc,heap     ] GC(250) Reclaimed:         -                  -                 0M (0%)            2M (0%)             -                  -          
[117.493s][info][gc          ] GC(250) Garbage Collection (System.gc()) 8M(0%)->6M(0%)
[117.953s][info][gc,start    ] GC(251) Garbage Collection (System.gc())
[117.953s][info][gc,task     ] GC(251) Using 3 workers
[117.953s][info][gc,phases   ] GC(251) Pause Mark Start 0.013ms
[117.964s][info][gc,phases   ] GC(251) Concurrent Mark 11.027ms
[117.964s][info][gc,phases   ] GC(251) Pause Mark End 0.015ms
[117.964s][info][gc,phases   ] GC(251) Concurrent Mark Free 0.000ms
[117.966s][info][gc,phases   ] GC(251) Concurrent Process Non-Strong References 1.249ms
[117.966s][info][gc,phases   ] GC(251) Concurrent Reset Relocation Set 0.001ms
[117.970s][info][gc,phases   ] GC(251) Concurrent Select Relocation Set 4.153ms
[117.970s][info][gc,phases   ] GC(251) Pause Relocate Start 0.006ms
[117.971s][info][gc,phases   ] GC(251) Concurrent Relocate 0.715ms
[117.971s][info][gc,load     ] GC(251) Load: 1.47/1.40/1.57
[117.971s][info][gc,mmu      ] GC(251) MMU: 2ms/93.1%, 5ms/97.0%, 10ms/98.3%, 20ms/99.2%, 50ms/99.7%, 100ms/99.8%
[117.971s][info][gc,marking  ] GC(251) Mark: 2 stripe(s), 1 proactive flush(es), 1 terminate flush(es), 0 completion(s), 0 continuation(s) 
[117.971s][info][gc,marking  ] GC(251) Mark Stack Usage: 32M
[117.971s][info][gc,nmethod  ] GC(251) NMethods: 386 registered, 13 unregistered
[117.971s][info][gc,metaspace] GC(251) Metaspace: 0M used, 0M committed, 1088M reserved
[117.971s][info][gc,ref      ] GC(251) Soft: 2 encountered, 0 discovered, 0 enqueued
[117.971s][info][gc,ref      ] GC(251) Weak: 9 encountered, 0 discovered, 0 enqueued
[117.971s][info][gc,ref      ] GC(251) Final: 0 encountered, 0 discovered, 0 enqueued
[117.971s][info][gc,ref      ] GC(251) Phantom: 3 encountered, 2 discovered, 0 enqueued
[117.971s][info][gc,reloc    ] GC(251) Small Pages: 4 / 8M, Empty: 0M, Relocated: 0M, In-Place: 0
[117.971s][info][gc,reloc    ] GC(251) Medium Pages: 0 / 0M, Empty: 0M, Relocated: 0M, In-Place: 0
[117.971s][info][gc,reloc    ] GC(251) Large Pages: 0 / 0M, Empty: 0M, Relocated: 0M, In-Place: 0
[117.971s][info][gc,reloc    ] GC(251) Forwarding Usage: 0M
[117.971s][info][gc,heap     ] GC(251) Min Capacity: 8192M(100%)
[117.971s][info][gc,heap     ] GC(251) Max Capacity: 8192M(100%)
[117.971s][info][gc,heap     ] GC(251) Soft Max Capacity: 8192M(100%)
[117.971s][info][gc,heap     ] GC(251)                Mark Start          Mark End        Relocate Start      Relocate End           High               Low         
[117.971s][info][gc,heap     ] GC(251)  Capacity:     8192M (100%)       8192M (100%)       8192M (100%)       8192M (100%)       8192M (100%)       8192M (100%)   
[117.971s][info][gc,heap     ] GC(251)      Free:     8184M (100%)       8184M (100%)       8184M (100%)       8186M (100%)       8186M (100%)       8178M (100%)   
[117.971s][info][gc,heap     ] GC(251)      Used:        8M (0%)            8M (0%)            8M (0%)            6M (0%)           14M (0%)            6M (0%)     
[117.971s][info][gc,heap     ] GC(251)      Live:         -                 0M (0%)            0M (0%)            0M (0%)             -                  -          
[117.971s][info][gc,heap     ] GC(251) Allocated:         -                 0M (0%)            0M (0%)            0M (0%)             -                  -          
[117.971s][info][gc,heap     ] GC(251)   Garbage:         -                 7M (0%)            7M (0%)            5M (0%)             -                  -          
[117.971s][info][gc,heap     ] GC(251) Reclaimed:         -                  -                 0M (0%)            2M (0%)             -                  -          
[117.971s][info][gc          ] GC(251) Garbage Collection (System.gc()) 8M(0%)->6M(0%)
[118.429s][info][gc,start    ] GC(252) Garbage Collection (System.gc())
[118.429s][info][gc,task     ] GC(252) Using 3 workers
[118.429s][info][gc,phases   ] GC(252) Pause Mark Start 0.016ms
[118.441s][info][gc,phases   ] GC(252) Concurrent Mark 2.806ms
[118.441s][info][gc,phases   ] GC(252) Pause Mark End 0.018ms
[118.441s][info][gc,phases   ] GC(252) Concurrent Mark Free 0.000ms
[118.442s][info][gc,phases   ] GC(252) Concurrent Process Non-Strong References 1.073ms
[118.442s][info][gc,phases   ] GC(252) Concurrent Reset Relocation Set 0.001ms
[118.446s][info][gc,phases   ] GC(252) Concurrent Select Relocation Set 4.413ms
[118.446s][info][gc,phases   ] GC(252) Pause Relocate Start 0.005ms
[118.447s][info][gc,phases   ] GC(252) Concurrent Relocate 0.662ms
[118.447s][info][gc,load     ] GC(252) Load: 1.47/1.40/1.57
[118.447s][info][gc,mmu      ] GC(252) MMU: 2ms/93.1%, 5ms/97.0%, 10ms/98.3%, 20ms/99.2%, 50ms/99.7%, 100ms/99.8%
[118.447s][info][gc,marking  ] GC(252) Mark: 2 stripe(s), 1 proactive flush(es), 1 terminate flush(es), 0 completion(s), 0 continuation(s) 
[118.447s][info][gc,marking  ] GC(252) Mark Stack Usage: 32M
[118.447s][info][gc,nmethod  ] GC(252) NMethods: 386 registered, 14 unregistered
[118.447s][info][gc,metaspace] GC(252) Metaspace: 0M used, 0M committed, 1088M reserved
[118.447s][info][gc,ref      ] GC(252) Soft: 2 encountered, 0 discovered, 0 enqueued
[118.447s][info][gc,ref      ] GC(252) Weak: 9 encountered, 0 discovered, 0 enqueued
[118.447s][info][gc,ref      ] GC(252) Final: 0 encountered, 0 discovered, 0 enqueued
[118.447s][info][gc,ref      ] GC(252) Phantom: 3 encountered, 2 discovered, 0 enqueued
[118.447s][info][gc,reloc    ] GC(252) Small Pages: 4 / 8M, Empty: 0M, Relocated: 0M, In-Place: 0
[118.447s][info][gc,reloc    ] GC(252) Medium Pages: 0 / 0M, Empty: 0M, Relocated: 0M, In-Place: 0
[118.447s][info][gc,reloc    ] GC(252) Large Pages: 0 / 0M, Empty: 0M, Relocated: 0M, In-Place: 0
[118.447s][info][gc,reloc    ] GC(252) Forwarding Usage: 0M
[118.447s][info][gc,heap     ] GC(252) Min Capacity: 8192M(100%)
[118.447s][info][gc,heap     ] GC(252) Max Capacity: 8192M(100%)
[118.447s][info][gc,heap     ] GC(252) Soft Max Capacity: 8192M(100%)
[118.447s][info][gc,heap     ] GC(252)                Mark Start          Mark End        Relocate Start      Relocate End           High               Low         
[118.447s][info][gc,heap     ] GC(252)  Capacity:     8192M (100%)       8192M (100%)       8192M (100%)       8192M (100%)       8192M (100%)       8192M (100%)   
[118.447s][info][gc,heap     ] GC(252)      Free:     8184M (100%)       8184M (100%)       8184M (100%)       8186M (100%)       8186M (100%)       8178M (100%)   
[118.447s][info][gc,heap     ] GC(252)      Used:        8M (0%)            8M (0%)            8M (0%)            6M (0%)           14M (0%)            6M (0%)     
[118.447s][info][gc,heap     ] GC(252)      Live:         -                 0M (0%)            0M (0%)            0M (0%)             -                  -          
[118.447s][info][gc,heap     ] GC(252) Allocated:         -                 0M (0%)            0M (0%)            0M (0%)             -                  -          
[118.447s][info][gc,heap     ] GC(252)   Garbage:         -                 7M (0%)            7M (0%)            5M (0%)             -                  -          
[118.447s][info][gc,heap     ] GC(252) Reclaimed:         -                  -                 0M (0%)            2M (0%)             -                  -          
[118.447s][info][gc          ] GC(252) Garbage Collection (System.gc()) 8M(0%)->6M(0%)
[118.905s][info][gc,start    ] GC(253) Garbage Collection (System.gc())
[118.905s][info][gc,task     ] GC(253) Using 3 workers
[118.906s][info][gc,phases   ] GC(253) Pause Mark Start 0.013ms
[118.919s][info][gc,phases   ] GC(253) Concurrent Mark 3.198ms
[118.919s][info][gc,phases   ] GC(253) Pause Mark End 0.010ms
[118.919s][info][gc,phases   ] GC(253) Concurrent Mark Free 0.000ms
[118.920s][info][gc,phases   ] GC(253) Concurrent Process Non-Strong References 0.942ms
[118.920s][info][gc,phases   ] GC(253) Concurrent Reset Relocation Set 0.001ms
[118.924s][info][gc,phases   ] GC(253) Concurrent Select Relocation Set 4.190ms
[118.924s][info][gc,phases   ] GC(253) Pause Relocate Start 0.005ms
[118.925s][info][gc,phases   ] GC(253) Concurrent Relocate 0.682ms
[118.925s][info][gc,load     ] GC(253) Load: 1.47/1.40/1.57
[118.925s][info][gc,mmu      ] GC(253) MMU: 2ms/93.1%, 5ms/97.0%, 10ms/98.3%, 20ms/99.2%, 50ms/99.7%, 100ms/99.8%
[118.925s][info][gc,marking  ] GC(253) Mark: 2 stripe(s), 2 proactive flush(es), 1 terminate flush(es), 0 completion(s), 0 continuation(s) 
[118.925s][info][gc,marking  ] GC(253) Mark Stack Usage: 32M
[118.925s][info][gc,nmethod  ] GC(253) NMethods: 388 registered, 14 unregistered
[118.925s][info][gc,metaspace] GC(253) Metaspace: 0M used, 0M committed, 1088M reserved
[118.925s][info][gc,ref      ] GC(253) Soft: 2 encountered, 0 discovered, 0 enqueued
[118.925s][info][gc,ref      ] GC(253) Weak: 9 encountered, 0 discovered, 0 enqueued
[118.925s][info][gc,ref      ] GC(253) Final: 0 encountered, 0 discovered, 0 enqueued
[118.925s][info][gc,ref      ] GC(253) Phantom: 3 encountered, 2 discovered, 0 enqueued
[118.925s][info][gc,reloc    ] GC(253) Small Pages: 4 / 8M, Empty: 0M, Relocated: 0M, In-Place: 0
[118.925s][info][gc,reloc    ] GC(253) Medium Pages: 0 / 0M, Empty: 0M, Relocated: 0M, In-Place: 0
[118.925s][info][gc,reloc    ] GC(253) Large Pages: 0 / 0M, Empty: 0M, Relocated: 0M, In-Place: 0
[118.925s][info][gc,reloc    ] GC(253) Forwarding Usage: 0M
[118.925s][info][gc,heap     ] GC(253) Min Capacity: 8192M(100%)
[118.925s][info][gc,heap     ] GC(253) Max Capacity: 8192M(100%)
[118.925s][info][gc,heap     ] GC(253) Soft Max Capacity: 8192M(100%)
[118.925s][info][gc,heap     ] GC(253)                Mark Start          Mark End        Relocate Start      Relocate End           High               Low         
[118.925s][info][gc,heap     ] GC(253)  Capacity:     8192M (100%)       8192M (100%)       8192M (100%)       8192M (100%)       8192M (100%)       8192M (100%)   
[118.925s][info][gc,heap     ] GC(253)      Free:     8184M (100%)       8184M (100%)       8184M (100%)       8186M (100%)       8186M (100%)       8180M (100%)   
[118.925s][info][gc,heap     ] GC(253)      Used:        8M (0%)            8M (0%)            8M (0%)            6M (0%)           12M (0%)            6M (0%)     
[118.925s][info][gc,heap     ] GC(253)      Live:         -                 0M (0%)            0M (0%)            0M (0%)             -                  -          
[118.925s][info][gc,heap     ] GC(253) Allocated:         -                 0M (0%)            0M (0%)            0M (0%)             -                  -          
[118.925s][info][gc,heap     ] GC(253)   Garbage:         -                 7M (0%)            7M (0%)            5M (0%)             -                  -          
[118.925s][info][gc,heap     ] GC(253) Reclaimed:         -                  -                 0M (0%)            2M (0%)             -                  -          
[118.925s][info][gc          ] GC(253) Garbage Collection (System.gc()) 8M(0%)->6M(0%)
[119.386s][info][gc,start    ] GC(254) Garbage Collection (System.gc())
[119.386s][info][gc,task     ] GC(254) Using 3 workers
[119.387s][info][gc,phases   ] GC(254) Pause Mark Start 0.013ms
[119.390s][info][gc,phases   ] GC(254) Concurrent Mark 2.379ms
[119.390s][info][gc,phases   ] GC(254) Pause Mark End 0.011ms
[119.390s][info][gc,phases   ] GC(254) Concurrent Mark Free 0.000ms
[119.391s][info][gc,phases   ] GC(254) Concurrent Process Non-Strong References 0.893ms
[119.391s][info][gc,phases   ] GC(254) Concurrent Reset Relocation Set 0.001ms
[119.395s][info][gc,phases   ] GC(254) Concurrent Select Relocation Set 4.492ms
[119.395s][info][gc,phases   ] GC(254) Pause Relocate Start 0.007ms
[119.396s][info][gc,phases   ] GC(254) Concurrent Relocate 0.683ms
[119.396s][info][gc,load     ] GC(254) Load: 1.47/1.40/1.57
[119.396s][info][gc,mmu      ] GC(254) MMU: 2ms/93.1%, 5ms/97.0%, 10ms/98.3%, 20ms/99.2%, 50ms/99.7%, 100ms/99.8%
[119.396s][info][gc,marking  ] GC(254) Mark: 2 stripe(s), 1 proactive flush(es), 1 terminate flush(es), 0 completion(s), 0 continuation(s) 
[119.396s][info][gc,marking  ] GC(254) Mark Stack Usage: 32M
[119.396s][info][gc,nmethod  ] GC(254) NMethods: 389 registered, 14 unregistered
[119.396s][info][gc,metaspace] GC(254) Metaspace: 0M used, 0M committed, 1088M reserved
[119.396s][info][gc,ref      ] GC(254) Soft: 2 encountered, 0 discovered, 0 enqueued
[119.396s][info][gc,ref      ] GC(254) Weak: 9 encountered, 0 discovered, 0 enqueued
[119.396s][info][gc,ref      ] GC(254) Final: 0 encountered, 0 discovered, 0 enqueued
[119.396s][info][gc,ref      ] GC(254) Phantom: 3 encountered, 2 discovered, 0 enqueued
[119.396s][info][gc,reloc    ] GC(254) Small Pages: 4 / 8M, Empty: 0M, Relocated: 0M, In-Place: 0
[119.396s][info][gc,reloc    ] GC(254) Medium Pages: 0 / 0M, Empty: 0M, Relocated: 0M, In-Place: 0
[119.396s][info][gc,reloc    ] GC(254) Large Pages: 0 / 0M, Empty: 0M, Relocated: 0M, In-Place: 0
[119.396s][info][gc,reloc    ] GC(254) Forwarding Usage: 0M
[119.396s][info][gc,heap     ] GC(254) Min Capacity: 8192M(100%)
[119.396s][info][gc,heap     ] GC(254) Max Capacity: 8192M(100%)
[119.396s][info][gc,heap     ] GC(254) Soft Max Capacity: 8192M(100%)
[119.396s][info][gc,heap     ] GC(254)                Mark Start          Mark End        Relocate Start      Relocate End           High               Low         
[119.396s][info][gc,heap     ] GC(254)  Capacity:     8192M (100%)       8192M (100%)       8192M (100%)       8192M (100%)       8192M (100%)       8192M (100%)   
[119.396s][info][gc,heap     ] GC(254)      Free:     8184M (100%)       8184M (100%)       8184M (100%)       8186M (100%)       8186M (100%)       8178M (100%)   
[119.396s][info][gc,heap     ] GC(254)      Used:        8M (0%)            8M (0%)            8M (0%)            6M (0%)           14M (0%)            6M (0%)     
[119.396s][info][gc,heap     ] GC(254)      Live:         -                 0M (0%)            0M (0%)            0M (0%)             -                  -          
[119.396s][info][gc,heap     ] GC(254) Allocated:         -                 0M (0%)            0M (0%)            0M (0%)             -                  -          
[119.396s][info][gc,heap     ] GC(254)   Garbage:         -                 7M (0%)            7M (0%)            5M (0%)             -                  -          
[119.396s][info][gc,heap     ] GC(254) Reclaimed:         -                  -                 0M (0%)            2M (0%)             -                  -          
[119.396s][info][gc          ] GC(254) Garbage Collection (System.gc()) 8M(0%)->6M(0%)
[119.863s][info][gc,start    ] GC(255) Garbage Collection (System.gc())
[119.863s][info][gc,task     ] GC(255) Using 3 workers
[119.863s][info][gc,phases   ] GC(255) Pause Mark Start 0.012ms
[119.866s][info][gc,phases   ] GC(255) Concurrent Mark 2.797ms
[119.866s][info][gc,phases   ] GC(255) Pause Mark End 0.010ms
[119.866s][info][gc,phases   ] GC(255) Concurrent Mark Free 0.000ms
[119.867s][info][gc,phases   ] GC(255) Concurrent Process Non-Strong References 1.090ms
[119.867s][info][gc,phases   ] GC(255) Concurrent Reset Relocation Set 0.002ms
[119.872s][info][gc,phases   ] GC(255) Concurrent Select Relocation Set 4.319ms
[119.872s][info][gc,phases   ] GC(255) Pause Relocate Start 0.003ms
[119.872s][info][gc,phases   ] GC(255) Concurrent Relocate 0.680ms
[119.872s][info][gc,load     ] GC(255) Load: 1.47/1.40/1.57
[119.872s][info][gc,mmu      ] GC(255) MMU: 2ms/93.1%, 5ms/97.0%, 10ms/98.3%, 20ms/99.2%, 50ms/99.7%, 100ms/99.8%
[119.872s][info][gc,marking  ] GC(255) Mark: 2 stripe(s), 2 proactive flush(es), 1 terminate flush(es), 0 completion(s), 0 continuation(s) 
[119.872s][info][gc,marking  ] GC(255) Mark Stack Usage: 32M
[119.872s][info][gc,nmethod  ] GC(255) NMethods: 406 registered, 14 unregistered
[119.872s][info][gc,metaspace] GC(255) Metaspace: 0M used, 0M committed, 1088M reserved
[119.873s][info][gc,ref      ] GC(255) Soft: 2 encountered, 0 discovered, 0 enqueued
[119.873s][info][gc,ref      ] GC(255) Weak: 9 encountered, 0 discovered, 0 enqueued
[119.873s][info][gc,ref      ] GC(255) Final: 0 encountered, 0 discovered, 0 enqueued
[119.873s][info][gc,ref      ] GC(255) Phantom: 3 encountered, 1 discovered, 0 enqueued
[119.873s][info][gc,reloc    ] GC(255) Small Pages: 4 / 8M, Empty: 0M, Relocated: 0M, In-Place: 0
[119.873s][info][gc,reloc    ] GC(255) Medium Pages: 0 / 0M, Empty: 0M, Relocated: 0M, In-Place: 0
[119.873s][info][gc,reloc    ] GC(255) Large Pages: 0 / 0M, Empty: 0M, Relocated: 0M, In-Place: 0
[119.873s][info][gc,reloc    ] GC(255) Forwarding Usage: 0M
[119.873s][info][gc,heap     ] GC(255) Min Capacity: 8192M(100%)
[119.873s][info][gc,heap     ] GC(255) Max Capacity: 8192M(100%)
[119.873s][info][gc,heap     ] GC(255) Soft Max Capacity: 8192M(100%)
[119.873s][info][gc,heap     ] GC(255)                Mark Start          Mark End        Relocate Start      Relocate End           High               Low         
[119.873s][info][gc,heap     ] GC(255)  Capacity:     8192M (100%)       8192M (100%)       8192M (100%)       8192M (100%)       8192M (100%)       8192M (100%)   
[119.873s][info][gc,heap     ] GC(255)      Free:     8184M (100%)       8182M (100%)       8182M (100%)       8184M (100%)       8184M (100%)       8176M (100%)   
[119.873s][info][gc,heap     ] GC(255)      Used:        8M (0%)           10M (0%)           10M (0%)            8M (0%)           16M (0%)            8M (0%)     
[119.873s][info][gc,heap     ] GC(255)      Live:         -                 0M (0%)            0M (0%)            0M (0%)             -                  -          
[119.873s][info][gc,heap     ] GC(255) Allocated:         -                 2M (0%)            2M (0%)            2M (0%)             -                  -          
[119.873s][info][gc,heap     ] GC(255)   Garbage:         -                 7M (0%)            7M (0%)            5M (0%)             -                  -          
[119.873s][info][gc,heap     ] GC(255) Reclaimed:         -                  -                 0M (0%)            2M (0%)             -                  -          
[119.873s][info][gc          ] GC(255) Garbage Collection (System.gc()) 8M(0%)->8M(0%)
[120.016s][info][gc,stats    ] === Garbage Collection Statistics =======================================================================================================================
[120.016s][info][gc,stats    ]                                                              Last 10s              Last 10m              Last 10h                Total
[120.016s][info][gc,stats    ]                                                              Avg / Max             Avg / Max             Avg / Max             Avg / Max
[120.016s][info][gc,stats    ]   Collector: Garbage Collection Cycle                     15.895 / 23.638       12.418 / 24.910       12.418 / 24.910       12.418 / 24.910      ms
[120.016s][info][gc,stats    ]  Contention: Mark Segment Reset Contention                     0 / 2                 0 / 4                 0 / 4                 0 / 4           ops/s
[120.016s][info][gc,stats    ]  Contention: Mark SeqNum Reset Contention                      0 / 2                 0 / 3                 0 / 3                 0 / 3           ops/s
[120.016s][info][gc,stats    ]    Critical: Allocation Stall                                  0 / 0                 0 / 0                 0 / 0                 0 / 0           ops/s
[120.016s][info][gc,stats    ]    Critical: Allocation Stall                              0.000 / 0.000         0.000 / 0.000         0.000 / 0.000         0.000 / 0.000       ms
[120.016s][info][gc,stats    ]    Critical: GC Locker Stall                                   0 / 0                 0 / 0                 0 / 0                 0 / 0           ops/s
[120.016s][info][gc,stats    ]    Critical: GC Locker Stall                               0.000 / 0.000         0.000 / 0.000         0.000 / 0.000         0.000 / 0.000       ms
[120.016s][info][gc,stats    ]    Critical: Relocation Stall                                  0 / 0                 0 / 0                 0 / 0                 0 / 0           ops/s
[120.016s][info][gc,stats    ]    Critical: Relocation Stall                              0.000 / 0.000         0.000 / 0.000         0.000 / 0.000         0.000 / 0.000       ms
[120.016s][info][gc,stats    ]      Memory: Allocation Rate                                   4 / 6                 4 / 6                 4 / 6                 4 / 6           MB/s
[120.016s][info][gc,stats    ]      Memory: Defragment                                        0 / 0                 0 / 0                 0 / 0                 0 / 0           ops/s
[120.016s][info][gc,stats    ]      Memory: Out Of Memory                                     0 / 0                 0 / 0                 0 / 0                 0 / 0           ops/s
[120.016s][info][gc,stats    ]      Memory: Page Cache Flush                                  0 / 0                 0 / 0                 0 / 0                 0 / 0           MB/s
[120.016s][info][gc,stats    ]      Memory: Page Cache Hit L1                                 8 / 12                8 / 12                8 / 12                8 / 12          ops/s
[120.016s][info][gc,stats    ]      Memory: Page Cache Hit L2                                 0 / 0                 0 / 0                 0 / 0                 0 / 0           ops/s
[120.016s][info][gc,stats    ]      Memory: Page Cache Hit L3                                 0 / 0                 0 / 6                 0 / 6                 0 / 6           ops/s
[120.016s][info][gc,stats    ]      Memory: Page Cache Miss                                   0 / 0                 0 / 1                 0 / 1                 0 / 1           ops/s
[120.016s][info][gc,stats    ]      Memory: Uncommit                                          0 / 0                 0 / 0                 0 / 0                 0 / 0           MB/s
[120.016s][info][gc,stats    ]      Memory: Undo Object Allocation Failed                     0 / 0                 0 / 0                 0 / 0                 0 / 0           ops/s
[120.016s][info][gc,stats    ]      Memory: Undo Object Allocation Succeeded                  0 / 0                 0 / 0                 0 / 0                 0 / 0           ops/s
[120.016s][info][gc,stats    ]      Memory: Undo Page Allocation                              0 / 0                 0 / 0                 0 / 0                 0 / 0           ops/s
[120.016s][info][gc,stats    ]       Phase: Concurrent Mark                               5.566 / 13.022        4.175 / 15.502        4.175 / 15.502        4.175 / 15.502      ms
[120.016s][info][gc,stats    ]       Phase: Concurrent Mark Continue                      0.000 / 0.000         0.000 / 0.000         0.000 / 0.000         0.000 / 0.000       ms
[120.016s][info][gc,stats    ]       Phase: Concurrent Mark Free                          0.001 / 0.002         0.001 / 0.004         0.001 / 0.004         0.001 / 0.004       ms
[120.016s][info][gc,stats    ]       Phase: Concurrent Process Non-Strong References      2.397 / 13.093        1.734 / 13.093        1.734 / 13.093        1.734 / 13.093      ms
[120.016s][info][gc,stats    ]       Phase: Concurrent Relocate                           0.700 / 1.182         0.633 / 1.182         0.633 / 1.182         0.633 / 1.182       ms
[120.016s][info][gc,stats    ]       Phase: Concurrent Reset Relocation Set               0.003 / 0.028         0.002 / 0.028         0.002 / 0.028         0.002 / 0.028       ms
[120.016s][info][gc,stats    ]       Phase: Concurrent Select Relocation Set              5.434 / 12.813        4.582 / 15.311        4.582 / 15.311        4.582 / 15.311      ms
[120.016s][info][gc,stats    ]       Phase: Pause Mark End                                0.016 / 0.029         0.016 / 0.137         0.016 / 0.137         0.016 / 0.137       ms
[120.016s][info][gc,stats    ]       Phase: Pause Mark Start                              0.013 / 0.018         0.012 / 0.023         0.012 / 0.023         0.012 / 0.023       ms
[120.016s][info][gc,stats    ]       Phase: Pause Relocate Start                          0.008 / 0.017         0.009 / 0.134         0.009 / 0.134         0.009 / 0.134       ms
[120.016s][info][gc,stats    ]    Subphase: Concurrent Classes Purge                      0.028 / 0.100         0.029 / 0.287         0.029 / 0.287         0.029 / 0.287       ms
[120.016s][info][gc,stats    ]    Subphase: Concurrent Classes Unlink                     1.592 / 11.570        1.064 / 11.679        1.064 / 11.679        1.064 / 11.679      ms
[120.016s][info][gc,stats    ]    Subphase: Concurrent Mark                               2.586 / 11.068        2.237 / 11.772        2.237 / 11.772        2.237 / 11.772      ms
[120.016s][info][gc,stats    ]    Subphase: Concurrent Mark Try Flush                     0.220 / 4.650         0.180 / 5.206         0.180 / 5.206         0.180 / 5.206       ms
[120.016s][info][gc,stats    ]    Subphase: Concurrent Mark Try Terminate                 0.882 / 5.103         0.856 / 8.474         0.856 / 8.474         0.856 / 8.474       ms
[120.016s][info][gc,stats    ]    Subphase: Concurrent References Enqueue                 0.000 / 0.004         0.000 / 0.004         0.000 / 0.004         0.000 / 0.004       ms
[120.016s][info][gc,stats    ]    Subphase: Concurrent References Process                 0.097 / 1.496         0.325 / 9.421         0.325 / 9.421         0.325 / 9.421       ms
[120.016s][info][gc,stats    ]    Subphase: Concurrent Roots ClassLoaderDataGraph         0.142 / 0.373         0.125 / 2.621         0.125 / 2.621         0.125 / 2.621       ms
[120.016s][info][gc,stats    ]    Subphase: Concurrent Roots CodeCache                    0.000 / 0.000         0.000 / 0.000         0.000 / 0.000         0.000 / 0.000       ms
[120.017s][info][gc,stats    ]    Subphase: Concurrent Roots JavaThreads                  0.192 / 0.514         0.183 / 1.065         0.183 / 1.065         0.183 / 1.065       ms
[120.017s][info][gc,stats    ]    Subphase: Concurrent Roots OopStorageSet                0.019 / 0.035         0.016 / 0.358         0.016 / 0.358         0.016 / 0.358       ms
[120.017s][info][gc,stats    ]    Subphase: Concurrent Weak Roots OopStorageSet           0.069 / 0.237         0.055 / 0.519         0.055 / 0.519         0.055 / 0.519       ms
[120.017s][info][gc,stats    ]    Subphase: Pause Mark Try Complete                       0.000 / 0.000         0.000 / 0.000         0.000 / 0.000         0.000 / 0.000       ms
[120.017s][info][gc,stats    ]      System: Java Threads                                     10 / 10               10 / 10               10 / 10               10 / 10          threads
[120.017s][info][gc,stats    ] =========================================================================================================================================================
[120.327s][info][gc,start    ] GC(256) Garbage Collection (System.gc())
[120.327s][info][gc,task     ] GC(256) Using 3 workers
[120.327s][info][gc,phases   ] GC(256) Pause Mark Start 0.013ms
[120.339s][info][gc,phases   ] GC(256) Concurrent Mark 11.607ms
[120.339s][info][gc,phases   ] GC(256) Pause Mark End 0.026ms
[120.339s][info][gc,phases   ] GC(256) Concurrent Mark Free 0.001ms
[120.340s][info][gc,phases   ] GC(256) Concurrent Process Non-Strong References 1.120ms
[120.340s][info][gc,phases   ] GC(256) Concurrent Reset Relocation Set 0.003ms
[120.344s][info][gc,phases   ] GC(256) Concurrent Select Relocation Set 3.952ms
[120.344s][info][gc,phases   ] GC(256) Pause Relocate Start 0.018ms
[120.345s][info][gc,phases   ] GC(256) Concurrent Relocate 0.526ms
[120.345s][info][gc,load     ] GC(256) Load: 1.43/1.40/1.57
[120.345s][info][gc,mmu      ] GC(256) MMU: 2ms/93.1%, 5ms/97.0%, 10ms/98.3%, 20ms/99.2%, 50ms/99.7%, 100ms/99.8%
[120.345s][info][gc,marking  ] GC(256) Mark: 2 stripe(s), 1 proactive flush(es), 1 terminate flush(es), 0 completion(s), 0 continuation(s) 
[120.345s][info][gc,marking  ] GC(256) Mark Stack Usage: 32M
[120.345s][info][gc,nmethod  ] GC(256) NMethods: 411 registered, 16 unregistered
[120.345s][info][gc,metaspace] GC(256) Metaspace: 0M used, 0M committed, 1088M reserved
[120.345s][info][gc,ref      ] GC(256) Soft: 2 encountered, 0 discovered, 0 enqueued
[120.345s][info][gc,ref      ] GC(256) Weak: 9 encountered, 0 discovered, 0 enqueued
[120.345s][info][gc,ref      ] GC(256) Final: 0 encountered, 0 discovered, 0 enqueued
[120.345s][info][gc,ref      ] GC(256) Phantom: 3 encountered, 1 discovered, 0 enqueued
[120.345s][info][gc,reloc    ] GC(256) Small Pages: 4 / 8M, Empty: 0M, Relocated: 0M, In-Place: 0
[120.345s][info][gc,reloc    ] GC(256) Medium Pages: 0 / 0M, Empty: 0M, Relocated: 0M, In-Place: 0
[120.345s][info][gc,reloc    ] GC(256) Large Pages: 0 / 0M, Empty: 0M, Relocated: 0M, In-Place: 0
[120.345s][info][gc,reloc    ] GC(256) Forwarding Usage: 0M
[120.345s][info][gc,heap     ] GC(256) Min Capacity: 8192M(100%)
[120.345s][info][gc,heap     ] GC(256) Max Capacity: 8192M(100%)
[120.345s][info][gc,heap     ] GC(256) Soft Max Capacity: 8192M(100%)
[120.345s][info][gc,heap     ] GC(256)                Mark Start          Mark End        Relocate Start      Relocate End           High               Low         
[120.345s][info][gc,heap     ] GC(256)  Capacity:     8192M (100%)       8192M (100%)       8192M (100%)       8192M (100%)       8192M (100%)       8192M (100%)   
[120.345s][info][gc,heap     ] GC(256)      Free:     8184M (100%)       8184M (100%)       8184M (100%)       8186M (100%)       8186M (100%)       8178M (100%)   
[120.345s][info][gc,heap     ] GC(256)      Used:        8M (0%)            8M (0%)            8M (0%)            6M (0%)           14M (0%)            6M (0%)     
[120.345s][info][gc,heap     ] GC(256)      Live:         -                 0M (0%)            0M (0%)            0M (0%)             -                  -          
[120.345s][info][gc,heap     ] GC(256) Allocated:         -                 0M (0%)            0M (0%)            0M (0%)             -                  -          
[120.345s][info][gc,heap     ] GC(256)   Garbage:         -                 7M (0%)            7M (0%)            5M (0%)             -                  -          
[120.345s][info][gc,heap     ] GC(256) Reclaimed:         -                  -                 0M (0%)            2M (0%)             -                  -          
[120.345s][info][gc          ] GC(256) Garbage Collection (System.gc()) 8M(0%)->6M(0%)
[120.802s][info][gc,start    ] GC(257) Garbage Collection (System.gc())
[120.802s][info][gc,task     ] GC(257) Using 3 workers
[120.802s][info][gc,phases   ] GC(257) Pause Mark Start 0.014ms
[120.809s][info][gc,phases   ] GC(257) Concurrent Mark 5.356ms
[120.809s][info][gc,phases   ] GC(257) Pause Mark End 0.020ms
[120.809s][info][gc,phases   ] GC(257) Concurrent Mark Free 0.001ms
[120.819s][info][gc,phases   ] GC(257) Concurrent Process Non-Strong References 10.288ms
[120.819s][info][gc,phases   ] GC(257) Concurrent Reset Relocation Set 0.004ms
[120.823s][info][gc,phases   ] GC(257) Concurrent Select Relocation Set 3.994ms
[120.823s][info][gc,phases   ] GC(257) Pause Relocate Start 0.006ms
[120.824s][info][gc,phases   ] GC(257) Concurrent Relocate 0.538ms
[120.824s][info][gc,load     ] GC(257) Load: 1.43/1.40/1.57
[120.824s][info][gc,mmu      ] GC(257) MMU: 2ms/93.1%, 5ms/97.0%, 10ms/98.3%, 20ms/99.2%, 50ms/99.7%, 100ms/99.8%
[120.824s][info][gc,marking  ] GC(257) Mark: 2 stripe(s), 1 proactive flush(es), 1 terminate flush(es), 0 completion(s), 0 continuation(s) 
[120.824s][info][gc,marking  ] GC(257) Mark Stack Usage: 32M
[120.824s][info][gc,nmethod  ] GC(257) NMethods: 411 registered, 16 unregistered
[120.824s][info][gc,metaspace] GC(257) Metaspace: 0M used, 0M committed, 1088M reserved
[120.824s][info][gc,ref      ] GC(257) Soft: 2 encountered, 0 discovered, 0 enqueued
[120.824s][info][gc,ref      ] GC(257) Weak: 9 encountered, 0 discovered, 0 enqueued
[120.824s][info][gc,ref      ] GC(257) Final: 0 encountered, 0 discovered, 0 enqueued
[120.824s][info][gc,ref      ] GC(257) Phantom: 3 encountered, 1 discovered, 0 enqueued
[120.824s][info][gc,reloc    ] GC(257) Small Pages: 4 / 8M, Empty: 0M, Relocated: 0M, In-Place: 0
[120.824s][info][gc,reloc    ] GC(257) Medium Pages: 0 / 0M, Empty: 0M, Relocated: 0M, In-Place: 0
[120.824s][info][gc,reloc    ] GC(257) Large Pages: 0 / 0M, Empty: 0M, Relocated: 0M, In-Place: 0
[120.824s][info][gc,reloc    ] GC(257) Forwarding Usage: 0M
[120.824s][info][gc,heap     ] GC(257) Min Capacity: 8192M(100%)
[120.824s][info][gc,heap     ] GC(257) Max Capacity: 8192M(100%)
[120.824s][info][gc,heap     ] GC(257) Soft Max Capacity: 8192M(100%)
[120.824s][info][gc,heap     ] GC(257)                Mark Start          Mark End        Relocate Start      Relocate End           High               Low         
[120.824s][info][gc,heap     ] GC(257)  Capacity:     8192M (100%)       8192M (100%)       8192M (100%)       8192M (100%)       8192M (100%)       8192M (100%)   
[120.824s][info][gc,heap     ] GC(257)      Free:     8184M (100%)       8184M (100%)       8184M (100%)       8186M (100%)       8186M (100%)       8178M (100%)   
[120.824s][info][gc,heap     ] GC(257)      Used:        8M (0%)            8M (0%)            8M (0%)            6M (0%)           14M (0%)            6M (0%)     
[120.824s][info][gc,heap     ] GC(257)      Live:         -                 0M (0%)            0M (0%)            0M (0%)             -                  -          
[120.824s][info][gc,heap     ] GC(257) Allocated:         -                 0M (0%)            0M (0%)            0M (0%)             -                  -          
[120.824s][info][gc,heap     ] GC(257)   Garbage:         -                 7M (0%)            7M (0%)            5M (0%)             -                  -          
[120.824s][info][gc,heap     ] GC(257) Reclaimed:         -                  -                 0M (0%)            2M (0%)             -                  -          
[120.824s][info][gc          ] GC(257) Garbage Collection (System.gc()) 8M(0%)->6M(0%)
[121.287s][info][gc,start    ] GC(258) Garbage Collection (System.gc())
[121.287s][info][gc,task     ] GC(258) Using 3 workers
[121.287s][info][gc,phases   ] GC(258) Pause Mark Start 0.013ms
[121.290s][info][gc,phases   ] GC(258) Concurrent Mark 2.718ms
[121.290s][info][gc,phases   ] GC(258) Pause Mark End 0.015ms
[121.290s][info][gc,phases   ] GC(258) Concurrent Mark Free 0.001ms
[121.291s][info][gc,phases   ] GC(258) Concurrent Process Non-Strong References 1.173ms
[121.291s][info][gc,phases   ] GC(258) Concurrent Reset Relocation Set 0.001ms
[121.296s][info][gc,phases   ] GC(258) Concurrent Select Relocation Set 4.793ms
[121.296s][info][gc,phases   ] GC(258) Pause Relocate Start 0.008ms
[121.296s][info][gc,phases   ] GC(258) Concurrent Relocate 0.766ms
[121.297s][info][gc,load     ] GC(258) Load: 1.43/1.40/1.57
[121.297s][info][gc,mmu      ] GC(258) MMU: 2ms/93.1%, 5ms/97.0%, 10ms/98.3%, 20ms/99.2%, 50ms/99.7%, 100ms/99.8%
[121.297s][info][gc,marking  ] GC(258) Mark: 2 stripe(s), 1 proactive flush(es), 1 terminate flush(es), 0 completion(s), 0 continuation(s) 
[121.297s][info][gc,marking  ] GC(258) Mark Stack Usage: 32M
[121.297s][info][gc,nmethod  ] GC(258) NMethods: 411 registered, 16 unregistered
[121.297s][info][gc,metaspace] GC(258) Metaspace: 0M used, 0M committed, 1088M reserved
[121.297s][info][gc,ref      ] GC(258) Soft: 2 encountered, 0 discovered, 0 enqueued
[121.297s][info][gc,ref      ] GC(258) Weak: 9 encountered, 0 discovered, 0 enqueued
[121.297s][info][gc,ref      ] GC(258) Final: 0 encountered, 0 discovered, 0 enqueued
[121.297s][info][gc,ref      ] GC(258) Phantom: 3 encountered, 3 discovered, 0 enqueued
[121.297s][info][gc,reloc    ] GC(258) Small Pages: 4 / 8M, Empty: 0M, Relocated: 0M, In-Place: 0
[121.297s][info][gc,reloc    ] GC(258) Medium Pages: 0 / 0M, Empty: 0M, Relocated: 0M, In-Place: 0
[121.297s][info][gc,reloc    ] GC(258) Large Pages: 0 / 0M, Empty: 0M, Relocated: 0M, In-Place: 0
[121.297s][info][gc,reloc    ] GC(258) Forwarding Usage: 0M
[121.297s][info][gc,heap     ] GC(258) Min Capacity: 8192M(100%)
[121.297s][info][gc,heap     ] GC(258) Max Capacity: 8192M(100%)
[121.297s][info][gc,heap     ] GC(258) Soft Max Capacity: 8192M(100%)
[121.297s][info][gc,heap     ] GC(258)                Mark Start          Mark End        Relocate Start      Relocate End           High               Low         
[121.297s][info][gc,heap     ] GC(258)  Capacity:     8192M (100%)       8192M (100%)       8192M (100%)       8192M (100%)       8192M (100%)       8192M (100%)   
[121.297s][info][gc,heap     ] GC(258)      Free:     8184M (100%)       8184M (100%)       8184M (100%)       8186M (100%)       8186M (100%)       8178M (100%)   
[121.297s][info][gc,heap     ] GC(258)      Used:        8M (0%)            8M (0%)            8M (0%)            6M (0%)           14M (0%)            6M (0%)     
[121.297s][info][gc,heap     ] GC(258)      Live:         -                 0M (0%)            0M (0%)            0M (0%)             -                  -          
[121.297s][info][gc,heap     ] GC(258) Allocated:         -                 0M (0%)            0M (0%)            0M (0%)             -                  -          
[121.297s][info][gc,heap     ] GC(258)   Garbage:         -                 7M (0%)            7M (0%)            5M (0%)             -                  -          
[121.297s][info][gc,heap     ] GC(258) Reclaimed:         -                  -                 0M (0%)            2M (0%)             -                  -          
[121.297s][info][gc          ] GC(258) Garbage Collection (System.gc()) 8M(0%)->6M(0%)
[121.756s][info][gc,start    ] GC(259) Garbage Collection (System.gc())
[121.756s][info][gc,task     ] GC(259) Using 3 workers
[121.756s][info][gc,phases   ] GC(259) Pause Mark Start 0.014ms
[121.768s][info][gc,phases   ] GC(259) Concurrent Mark 10.438ms
[121.768s][info][gc,phases   ] GC(259) Pause Mark End 0.021ms
[121.768s][info][gc,phases   ] GC(259) Concurrent Mark Free 0.001ms
[121.770s][info][gc,phases   ] GC(259) Concurrent Process Non-Strong References 1.250ms
[121.770s][info][gc,phases   ] GC(259) Concurrent Reset Relocation Set 0.004ms
[121.773s][info][gc,phases   ] GC(259) Concurrent Select Relocation Set 3.727ms
[121.773s][info][gc,phases   ] GC(259) Pause Relocate Start 0.011ms
[121.774s][info][gc,phases   ] GC(259) Concurrent Relocate 0.598ms
[121.774s][info][gc,load     ] GC(259) Load: 1.43/1.40/1.57
[121.774s][info][gc,mmu      ] GC(259) MMU: 2ms/93.1%, 5ms/97.0%, 10ms/98.3%, 20ms/99.2%, 50ms/99.7%, 100ms/99.8%
[121.774s][info][gc,marking  ] GC(259) Mark: 2 stripe(s), 1 proactive flush(es), 1 terminate flush(es), 0 completion(s), 0 continuation(s) 
[121.774s][info][gc,marking  ] GC(259) Mark Stack Usage: 32M
[121.774s][info][gc,nmethod  ] GC(259) NMethods: 411 registered, 16 unregistered
[121.774s][info][gc,metaspace] GC(259) Metaspace: 0M used, 0M committed, 1088M reserved
[121.774s][info][gc,ref      ] GC(259) Soft: 2 encountered, 0 discovered, 0 enqueued
[121.774s][info][gc,ref      ] GC(259) Weak: 9 encountered, 0 discovered, 0 enqueued
[121.774s][info][gc,ref      ] GC(259) Final: 0 encountered, 0 discovered, 0 enqueued
[121.774s][info][gc,ref      ] GC(259) Phantom: 3 encountered, 2 discovered, 0 enqueued
[121.774s][info][gc,reloc    ] GC(259) Small Pages: 4 / 8M, Empty: 0M, Relocated: 0M, In-Place: 0
[121.774s][info][gc,reloc    ] GC(259) Medium Pages: 0 / 0M, Empty: 0M, Relocated: 0M, In-Place: 0
[121.774s][info][gc,reloc    ] GC(259) Large Pages: 0 / 0M, Empty: 0M, Relocated: 0M, In-Place: 0
[121.774s][info][gc,reloc    ] GC(259) Forwarding Usage: 0M
[121.774s][info][gc,heap     ] GC(259) Min Capacity: 8192M(100%)
[121.774s][info][gc,heap     ] GC(259) Max Capacity: 8192M(100%)
[121.774s][info][gc,heap     ] GC(259) Soft Max Capacity: 8192M(100%)
[121.774s][info][gc,heap     ] GC(259)                Mark Start          Mark End        Relocate Start      Relocate End           High               Low         
[121.774s][info][gc,heap     ] GC(259)  Capacity:     8192M (100%)       8192M (100%)       8192M (100%)       8192M (100%)       8192M (100%)       8192M (100%)   
[121.774s][info][gc,heap     ] GC(259)      Free:     8184M (100%)       8184M (100%)       8184M (100%)       8186M (100%)       8186M (100%)       8180M (100%)   
[121.774s][info][gc,heap     ] GC(259)      Used:        8M (0%)            8M (0%)            8M (0%)            6M (0%)           12M (0%)            6M (0%)     
[121.774s][info][gc,heap     ] GC(259)      Live:         -                 0M (0%)            0M (0%)            0M (0%)             -                  -          
[121.774s][info][gc,heap     ] GC(259) Allocated:         -                 0M (0%)            0M (0%)            0M (0%)             -                  -          
[121.774s][info][gc,heap     ] GC(259)   Garbage:         -                 7M (0%)            7M (0%)            5M (0%)             -                  -          
[121.774s][info][gc,heap     ] GC(259) Reclaimed:         -                  -                 0M (0%)            2M (0%)             -                  -          
[121.774s][info][gc          ] GC(259) Garbage Collection (System.gc()) 8M(0%)->6M(0%)
[122.227s][info][gc,start    ] GC(260) Garbage Collection (System.gc())
[122.227s][info][gc,task     ] GC(260) Using 3 workers
[122.228s][info][gc,phases   ] GC(260) Pause Mark Start 0.014ms
[122.240s][info][gc,phases   ] GC(260) Concurrent Mark 12.075ms
[122.240s][info][gc,phases   ] GC(260) Pause Mark End 0.025ms
[122.240s][info][gc,phases   ] GC(260) Concurrent Mark Free 0.001ms
[122.242s][info][gc,phases   ] GC(260) Concurrent Process Non-Strong References 2.205ms
[122.242s][info][gc,phases   ] GC(260) Concurrent Reset Relocation Set 0.003ms
[122.246s][info][gc,phases   ] GC(260) Concurrent Select Relocation Set 3.674ms
[122.246s][info][gc,phases   ] GC(260) Pause Relocate Start 0.012ms
[122.247s][info][gc,phases   ] GC(260) Concurrent Relocate 0.560ms
[122.247s][info][gc,load     ] GC(260) Load: 1.43/1.40/1.57
[122.247s][info][gc,mmu      ] GC(260) MMU: 2ms/93.1%, 5ms/97.0%, 10ms/98.3%, 20ms/99.2%, 50ms/99.7%, 100ms/99.8%
[122.247s][info][gc,marking  ] GC(260) Mark: 2 stripe(s), 1 proactive flush(es), 1 terminate flush(es), 0 completion(s), 0 continuation(s) 
[122.247s][info][gc,marking  ] GC(260) Mark Stack Usage: 32M
[122.247s][info][gc,nmethod  ] GC(260) NMethods: 411 registered, 16 unregistered
[122.247s][info][gc,metaspace] GC(260) Metaspace: 0M used, 0M committed, 1088M reserved
[122.247s][info][gc,ref      ] GC(260) Soft: 2 encountered, 0 discovered, 0 enqueued
[122.247s][info][gc,ref      ] GC(260) Weak: 9 encountered, 0 discovered, 0 enqueued
[122.247s][info][gc,ref      ] GC(260) Final: 0 encountered, 0 discovered, 0 enqueued
[122.247s][info][gc,ref      ] GC(260) Phantom: 3 encountered, 2 discovered, 0 enqueued
[122.247s][info][gc,reloc    ] GC(260) Small Pages: 4 / 8M, Empty: 0M, Relocated: 0M, In-Place: 0
[122.247s][info][gc,reloc    ] GC(260) Medium Pages: 0 / 0M, Empty: 0M, Relocated: 0M, In-Place: 0
[122.247s][info][gc,reloc    ] GC(260) Large Pages: 0 / 0M, Empty: 0M, Relocated: 0M, In-Place: 0
[122.247s][info][gc,reloc    ] GC(260) Forwarding Usage: 0M
[122.247s][info][gc,heap     ] GC(260) Min Capacity: 8192M(100%)
[122.247s][info][gc,heap     ] GC(260) Max Capacity: 8192M(100%)
[122.247s][info][gc,heap     ] GC(260) Soft Max Capacity: 8192M(100%)
[122.247s][info][gc,heap     ] GC(260)                Mark Start          Mark End        Relocate Start      Relocate End           High               Low         
[122.247s][info][gc,heap     ] GC(260)  Capacity:     8192M (100%)       8192M (100%)       8192M (100%)       8192M (100%)       8192M (100%)       8192M (100%)   
[122.247s][info][gc,heap     ] GC(260)      Free:     8184M (100%)       8184M (100%)       8184M (100%)       8186M (100%)       8186M (100%)       8180M (100%)   
[122.247s][info][gc,heap     ] GC(260)      Used:        8M (0%)            8M (0%)            8M (0%)            6M (0%)           12M (0%)            6M (0%)     
[122.247s][info][gc,heap     ] GC(260)      Live:         -                 0M (0%)            0M (0%)            0M (0%)             -                  -          
[122.247s][info][gc,heap     ] GC(260) Allocated:         -                 0M (0%)            0M (0%)            0M (0%)             -                  -          
[122.247s][info][gc,heap     ] GC(260)   Garbage:         -                 7M (0%)            7M (0%)            5M (0%)             -                  -          
[122.247s][info][gc,heap     ] GC(260) Reclaimed:         -                  -                 0M (0%)            2M (0%)             -                  -          
[122.247s][info][gc          ] GC(260) Garbage Collection (System.gc()) 8M(0%)->6M(0%)
[122.703s][info][gc,start    ] GC(261) Garbage Collection (System.gc())
[122.703s][info][gc,task     ] GC(261) Using 3 workers
[122.703s][info][gc,phases   ] GC(261) Pause Mark Start 0.014ms
[122.709s][info][gc,phases   ] GC(261) Concurrent Mark 4.172ms
[122.709s][info][gc,phases   ] GC(261) Pause Mark End 0.021ms
[122.709s][info][gc,phases   ] GC(261) Concurrent Mark Free 0.001ms
[122.720s][info][gc,phases   ] GC(261) Concurrent Process Non-Strong References 11.451ms
[122.720s][info][gc,phases   ] GC(261) Concurrent Reset Relocation Set 0.003ms
[122.724s][info][gc,phases   ] GC(261) Concurrent Select Relocation Set 3.610ms
[122.724s][info][gc,phases   ] GC(261) Pause Relocate Start 0.007ms
[122.725s][info][gc,phases   ] GC(261) Concurrent Relocate 0.500ms
[122.725s][info][gc,load     ] GC(261) Load: 1.43/1.40/1.57
[122.725s][info][gc,mmu      ] GC(261) MMU: 2ms/93.1%, 5ms/97.0%, 10ms/98.3%, 20ms/99.2%, 50ms/99.7%, 100ms/99.8%
[122.725s][info][gc,marking  ] GC(261) Mark: 2 stripe(s), 1 proactive flush(es), 1 terminate flush(es), 0 completion(s), 0 continuation(s) 
[122.725s][info][gc,marking  ] GC(261) Mark Stack Usage: 32M
[122.725s][info][gc,nmethod  ] GC(261) NMethods: 411 registered, 16 unregistered
[122.725s][info][gc,metaspace] GC(261) Metaspace: 0M used, 0M committed, 1088M reserved
[122.725s][info][gc,ref      ] GC(261) Soft: 2 encountered, 0 discovered, 0 enqueued
[122.725s][info][gc,ref      ] GC(261) Weak: 9 encountered, 0 discovered, 0 enqueued
[122.725s][info][gc,ref      ] GC(261) Final: 0 encountered, 0 discovered, 0 enqueued
[122.725s][info][gc,ref      ] GC(261) Phantom: 3 encountered, 1 discovered, 0 enqueued
[122.725s][info][gc,reloc    ] GC(261) Small Pages: 4 / 8M, Empty: 0M, Relocated: 0M, In-Place: 0
[122.725s][info][gc,reloc    ] GC(261) Medium Pages: 0 / 0M, Empty: 0M, Relocated: 0M, In-Place: 0
[122.725s][info][gc,reloc    ] GC(261) Large Pages: 0 / 0M, Empty: 0M, Relocated: 0M, In-Place: 0
[122.725s][info][gc,reloc    ] GC(261) Forwarding Usage: 0M
[122.725s][info][gc,heap     ] GC(261) Min Capacity: 8192M(100%)
[122.725s][info][gc,heap     ] GC(261) Max Capacity: 8192M(100%)
[122.725s][info][gc,heap     ] GC(261) Soft Max Capacity: 8192M(100%)
[122.725s][info][gc,heap     ] GC(261)                Mark Start          Mark End        Relocate Start      Relocate End           High               Low         
[122.725s][info][gc,heap     ] GC(261)  Capacity:     8192M (100%)       8192M (100%)       8192M (100%)       8192M (100%)       8192M (100%)       8192M (100%)   
[122.725s][info][gc,heap     ] GC(261)      Free:     8184M (100%)       8184M (100%)       8184M (100%)       8186M (100%)       8186M (100%)       8178M (100%)   
[122.725s][info][gc,heap     ] GC(261)      Used:        8M (0%)            8M (0%)            8M (0%)            6M (0%)           14M (0%)            6M (0%)     
[122.725s][info][gc,heap     ] GC(261)      Live:         -                 0M (0%)            0M (0%)            0M (0%)             -                  -          
[122.725s][info][gc,heap     ] GC(261) Allocated:         -                 0M (0%)            0M (0%)            0M (0%)             -                  -          
[122.725s][info][gc,heap     ] GC(261)   Garbage:         -                 7M (0%)            7M (0%)            5M (0%)             -                  -          
[122.725s][info][gc,heap     ] GC(261) Reclaimed:         -                  -                 0M (0%)            2M (0%)             -                  -          
[122.725s][info][gc          ] GC(261) Garbage Collection (System.gc()) 8M(0%)->6M(0%)
[123.180s][info][gc,start    ] GC(262) Garbage Collection (System.gc())
[123.180s][info][gc,task     ] GC(262) Using 3 workers
[123.180s][info][gc,phases   ] GC(262) Pause Mark Start 0.010ms
[123.187s][info][gc,phases   ] GC(262) Concurrent Mark 6.822ms
[123.187s][info][gc,phases   ] GC(262) Pause Mark End 0.022ms
[123.187s][info][gc,phases   ] GC(262) Concurrent Mark Free 0.001ms
[123.199s][info][gc,phases   ] GC(262) Concurrent Process Non-Strong References 11.736ms
[123.199s][info][gc,phases   ] GC(262) Concurrent Reset Relocation Set 0.001ms
[123.202s][info][gc,phases   ] GC(262) Concurrent Select Relocation Set 3.744ms
[123.203s][info][gc,phases   ] GC(262) Pause Relocate Start 0.008ms
[123.203s][info][gc,phases   ] GC(262) Concurrent Relocate 0.735ms
[123.204s][info][gc,load     ] GC(262) Load: 1.43/1.40/1.57
[123.204s][info][gc,mmu      ] GC(262) MMU: 2ms/93.1%, 5ms/97.0%, 10ms/98.3%, 20ms/99.2%, 50ms/99.7%, 100ms/99.8%
[123.204s][info][gc,marking  ] GC(262) Mark: 2 stripe(s), 1 proactive flush(es), 1 terminate flush(es), 0 completion(s), 0 continuation(s) 
[123.204s][info][gc,marking  ] GC(262) Mark Stack Usage: 32M
[123.204s][info][gc,nmethod  ] GC(262) NMethods: 411 registered, 16 unregistered
[123.204s][info][gc,metaspace] GC(262) Metaspace: 0M used, 0M committed, 1088M reserved
[123.204s][info][gc,ref      ] GC(262) Soft: 2 encountered, 0 discovered, 0 enqueued
[123.204s][info][gc,ref      ] GC(262) Weak: 9 encountered, 0 discovered, 0 enqueued
[123.204s][info][gc,ref      ] GC(262) Final: 0 encountered, 0 discovered, 0 enqueued
[123.204s][info][gc,ref      ] GC(262) Phantom: 3 encountered, 2 discovered, 0 enqueued
[123.204s][info][gc,reloc    ] GC(262) Small Pages: 4 / 8M, Empty: 0M, Relocated: 0M, In-Place: 0
[123.204s][info][gc,reloc    ] GC(262) Medium Pages: 0 / 0M, Empty: 0M, Relocated: 0M, In-Place: 0
[123.204s][info][gc,reloc    ] GC(262) Large Pages: 0 / 0M, Empty: 0M, Relocated: 0M, In-Place: 0
[123.204s][info][gc,reloc    ] GC(262) Forwarding Usage: 0M
[123.204s][info][gc,heap     ] GC(262) Min Capacity: 8192M(100%)
[123.204s][info][gc,heap     ] GC(262) Max Capacity: 8192M(100%)
[123.204s][info][gc,heap     ] GC(262) Soft Max Capacity: 8192M(100%)
[123.204s][info][gc,heap     ] GC(262)                Mark Start          Mark End        Relocate Start      Relocate End           High               Low         
[123.204s][info][gc,heap     ] GC(262)  Capacity:     8192M (100%)       8192M (100%)       8192M (100%)       8192M (100%)       8192M (100%)       8192M (100%)   
[123.204s][info][gc,heap     ] GC(262)      Free:     8184M (100%)       8184M (100%)       8184M (100%)       8186M (100%)       8186M (100%)       8180M (100%)   
[123.204s][info][gc,heap     ] GC(262)      Used:        8M (0%)            8M (0%)            8M (0%)            6M (0%)           12M (0%)            6M (0%)     
[123.204s][info][gc,heap     ] GC(262)      Live:         -                 0M (0%)            0M (0%)            0M (0%)             -                  -          
[123.204s][info][gc,heap     ] GC(262) Allocated:         -                 0M (0%)            0M (0%)            0M (0%)             -                  -          
[123.204s][info][gc,heap     ] GC(262)   Garbage:         -                 7M (0%)            7M (0%)            5M (0%)             -                  -          
[123.204s][info][gc,heap     ] GC(262) Reclaimed:         -                  -                 0M (0%)            2M (0%)             -                  -          
[123.204s][info][gc          ] GC(262) Garbage Collection (System.gc()) 8M(0%)->6M(0%)
[123.658s][info][gc,start    ] GC(263) Garbage Collection (System.gc())
[123.658s][info][gc,task     ] GC(263) Using 3 workers
[123.658s][info][gc,phases   ] GC(263) Pause Mark Start 0.013ms
[123.670s][info][gc,phases   ] GC(263) Concurrent Mark 11.769ms
[123.670s][info][gc,phases   ] GC(263) Pause Mark End 0.021ms
[123.670s][info][gc,phases   ] GC(263) Concurrent Mark Free 0.001ms
[123.672s][info][gc,phases   ] GC(263) Concurrent Process Non-Strong References 2.300ms
[123.672s][info][gc,phases   ] GC(263) Concurrent Reset Relocation Set 0.002ms
[123.676s][info][gc,phases   ] GC(263) Concurrent Select Relocation Set 3.882ms
[123.676s][info][gc,phases   ] GC(263) Pause Relocate Start 0.006ms
[123.677s][info][gc,phases   ] GC(263) Concurrent Relocate 0.639ms
[123.677s][info][gc,load     ] GC(263) Load: 1.43/1.40/1.57
[123.677s][info][gc,mmu      ] GC(263) MMU: 2ms/93.1%, 5ms/97.0%, 10ms/98.3%, 20ms/99.2%, 50ms/99.7%, 100ms/99.8%
[123.677s][info][gc,marking  ] GC(263) Mark: 2 stripe(s), 1 proactive flush(es), 1 terminate flush(es), 0 completion(s), 0 continuation(s) 
[123.677s][info][gc,marking  ] GC(263) Mark Stack Usage: 32M
[123.677s][info][gc,nmethod  ] GC(263) NMethods: 411 registered, 16 unregistered
[123.677s][info][gc,metaspace] GC(263) Metaspace: 0M used, 0M committed, 1088M reserved
[123.677s][info][gc,ref      ] GC(263) Soft: 2 encountered, 0 discovered, 0 enqueued
[123.677s][info][gc,ref      ] GC(263) Weak: 9 encountered, 0 discovered, 0 enqueued
[123.677s][info][gc,ref      ] GC(263) Final: 0 encountered, 0 discovered, 0 enqueued
[123.677s][info][gc,ref      ] GC(263) Phantom: 3 encountered, 2 discovered, 0 enqueued
[123.677s][info][gc,reloc    ] GC(263) Small Pages: 4 / 8M, Empty: 0M, Relocated: 0M, In-Place: 0
[123.677s][info][gc,reloc    ] GC(263) Medium Pages: 0 / 0M, Empty: 0M, Relocated: 0M, In-Place: 0
[123.677s][info][gc,reloc    ] GC(263) Large Pages: 0 / 0M, Empty: 0M, Relocated: 0M, In-Place: 0
[123.677s][info][gc,reloc    ] GC(263) Forwarding Usage: 0M
[123.677s][info][gc,heap     ] GC(263) Min Capacity: 8192M(100%)
[123.677s][info][gc,heap     ] GC(263) Max Capacity: 8192M(100%)
[123.677s][info][gc,heap     ] GC(263) Soft Max Capacity: 8192M(100%)
[123.677s][info][gc,heap     ] GC(263)                Mark Start          Mark End        Relocate Start      Relocate End           High               Low         
[123.677s][info][gc,heap     ] GC(263)  Capacity:     8192M (100%)       8192M (100%)       8192M (100%)       8192M (100%)       8192M (100%)       8192M (100%)   
[123.677s][info][gc,heap     ] GC(263)      Free:     8184M (100%)       8184M (100%)       8184M (100%)       8186M (100%)       8186M (100%)       8178M (100%)   
[123.677s][info][gc,heap     ] GC(263)      Used:        8M (0%)            8M (0%)            8M (0%)            6M (0%)           14M (0%)            6M (0%)     
[123.677s][info][gc,heap     ] GC(263)      Live:         -                 0M (0%)            0M (0%)            0M (0%)             -                  -          
[123.677s][info][gc,heap     ] GC(263) Allocated:         -                 0M (0%)            0M (0%)            0M (0%)             -                  -          
[123.677s][info][gc,heap     ] GC(263)   Garbage:         -                 7M (0%)            7M (0%)            5M (0%)             -                  -          
[123.677s][info][gc,heap     ] GC(263) Reclaimed:         -                  -                 0M (0%)            2M (0%)             -                  -          
[123.677s][info][gc          ] GC(263) Garbage Collection (System.gc()) 8M(0%)->6M(0%)
[124.140s][info][gc,start    ] GC(264) Garbage Collection (System.gc())
[124.140s][info][gc,task     ] GC(264) Using 3 workers
[124.144s][info][gc,phases   ] GC(264) Pause Mark Start 0.010ms
[124.147s][info][gc,phases   ] GC(264) Concurrent Mark 2.656ms
[124.147s][info][gc,phases   ] GC(264) Pause Mark End 0.018ms
[124.147s][info][gc,phases   ] GC(264) Concurrent Mark Free 0.001ms
[124.149s][info][gc,phases   ] GC(264) Concurrent Process Non-Strong References 2.010ms
[124.149s][info][gc,phases   ] GC(264) Concurrent Reset Relocation Set 0.001ms
[124.155s][info][gc,phases   ] GC(264) Concurrent Select Relocation Set 6.202ms
[124.155s][info][gc,phases   ] GC(264) Pause Relocate Start 0.009ms
[124.156s][info][gc,phases   ] GC(264) Concurrent Relocate 0.655ms
[124.156s][info][gc,load     ] GC(264) Load: 1.43/1.40/1.57
[124.156s][info][gc,mmu      ] GC(264) MMU: 2ms/93.1%, 5ms/97.0%, 10ms/98.3%, 20ms/99.2%, 50ms/99.7%, 100ms/99.8%
[124.156s][info][gc,marking  ] GC(264) Mark: 2 stripe(s), 1 proactive flush(es), 1 terminate flush(es), 0 completion(s), 0 continuation(s) 
[124.156s][info][gc,marking  ] GC(264) Mark Stack Usage: 32M
[124.156s][info][gc,nmethod  ] GC(264) NMethods: 411 registered, 16 unregistered
[124.156s][info][gc,metaspace] GC(264) Metaspace: 0M used, 0M committed, 1088M reserved
[124.156s][info][gc,ref      ] GC(264) Soft: 2 encountered, 0 discovered, 0 enqueued
[124.156s][info][gc,ref      ] GC(264) Weak: 9 encountered, 0 discovered, 0 enqueued
[124.156s][info][gc,ref      ] GC(264) Final: 0 encountered, 0 discovered, 0 enqueued
[124.156s][info][gc,ref      ] GC(264) Phantom: 3 encountered, 1 discovered, 0 enqueued
[124.156s][info][gc,reloc    ] GC(264) Small Pages: 4 / 8M, Empty: 0M, Relocated: 0M, In-Place: 0
[124.156s][info][gc,reloc    ] GC(264) Medium Pages: 0 / 0M, Empty: 0M, Relocated: 0M, In-Place: 0
[124.156s][info][gc,reloc    ] GC(264) Large Pages: 0 / 0M, Empty: 0M, Relocated: 0M, In-Place: 0
[124.156s][info][gc,reloc    ] GC(264) Forwarding Usage: 0M
[124.156s][info][gc,heap     ] GC(264) Min Capacity: 8192M(100%)
[124.156s][info][gc,heap     ] GC(264) Max Capacity: 8192M(100%)
[124.156s][info][gc,heap     ] GC(264) Soft Max Capacity: 8192M(100%)
[124.156s][info][gc,heap     ] GC(264)                Mark Start          Mark End        Relocate Start      Relocate End           High               Low         
[124.156s][info][gc,heap     ] GC(264)  Capacity:     8192M (100%)       8192M (100%)       8192M (100%)       8192M (100%)       8192M (100%)       8192M (100%)   
[124.156s][info][gc,heap     ] GC(264)      Free:     8184M (100%)       8184M (100%)       8184M (100%)       8186M (100%)       8186M (100%)       8178M (100%)   
[124.156s][info][gc,heap     ] GC(264)      Used:        8M (0%)            8M (0%)            8M (0%)            6M (0%)           14M (0%)            6M (0%)     
[124.156s][info][gc,heap     ] GC(264)      Live:         -                 0M (0%)            0M (0%)            0M (0%)             -                  -          
[124.156s][info][gc,heap     ] GC(264) Allocated:         -                 0M (0%)            0M (0%)            0M (0%)             -                  -          
[124.156s][info][gc,heap     ] GC(264)   Garbage:         -                 7M (0%)            7M (0%)            5M (0%)             -                  -          
[124.156s][info][gc,heap     ] GC(264) Reclaimed:         -                  -                 0M (0%)            2M (0%)             -                  -          
[124.156s][info][gc          ] GC(264) Garbage Collection (System.gc()) 8M(0%)->6M(0%)
[124.616s][info][gc,start    ] GC(265) Garbage Collection (System.gc())
[124.616s][info][gc,task     ] GC(265) Using 3 workers
[124.616s][info][gc,phases   ] GC(265) Pause Mark Start 0.013ms
[124.618s][info][gc,phases   ] GC(265) Concurrent Mark 2.577ms
[124.618s][info][gc,phases   ] GC(265) Pause Mark End 0.014ms
[124.619s][info][gc,phases   ] GC(265) Concurrent Mark Free 0.001ms
[124.620s][info][gc,phases   ] GC(265) Concurrent Process Non-Strong References 1.487ms
[124.620s][info][gc,phases   ] GC(265) Concurrent Reset Relocation Set 0.001ms
[124.624s][info][gc,phases   ] GC(265) Concurrent Select Relocation Set 3.644ms
[124.624s][info][gc,phases   ] GC(265) Pause Relocate Start 0.013ms
[124.625s][info][gc,phases   ] GC(265) Concurrent Relocate 0.690ms
[124.625s][info][gc,load     ] GC(265) Load: 1.43/1.40/1.57
[124.625s][info][gc,mmu      ] GC(265) MMU: 2ms/93.1%, 5ms/97.0%, 10ms/98.3%, 20ms/99.2%, 50ms/99.7%, 100ms/99.8%
[124.625s][info][gc,marking  ] GC(265) Mark: 2 stripe(s), 1 proactive flush(es), 1 terminate flush(es), 0 completion(s), 0 continuation(s) 
[124.625s][info][gc,marking  ] GC(265) Mark Stack Usage: 32M
[124.625s][info][gc,nmethod  ] GC(265) NMethods: 411 registered, 16 unregistered
[124.625s][info][gc,metaspace] GC(265) Metaspace: 0M used, 0M committed, 1088M reserved
[124.625s][info][gc,ref      ] GC(265) Soft: 2 encountered, 0 discovered, 0 enqueued
[124.625s][info][gc,ref      ] GC(265) Weak: 9 encountered, 0 discovered, 0 enqueued
[124.625s][info][gc,ref      ] GC(265) Final: 0 encountered, 0 discovered, 0 enqueued
[124.625s][info][gc,ref      ] GC(265) Phantom: 3 encountered, 2 discovered, 0 enqueued
[124.625s][info][gc,reloc    ] GC(265) Small Pages: 4 / 8M, Empty: 0M, Relocated: 0M, In-Place: 0
[124.625s][info][gc,reloc    ] GC(265) Medium Pages: 0 / 0M, Empty: 0M, Relocated: 0M, In-Place: 0
[124.625s][info][gc,reloc    ] GC(265) Large Pages: 0 / 0M, Empty: 0M, Relocated: 0M, In-Place: 0
[124.625s][info][gc,reloc    ] GC(265) Forwarding Usage: 0M
[124.625s][info][gc,heap     ] GC(265) Min Capacity: 8192M(100%)
[124.625s][info][gc,heap     ] GC(265) Max Capacity: 8192M(100%)
[124.625s][info][gc,heap     ] GC(265) Soft Max Capacity: 8192M(100%)
[124.625s][info][gc,heap     ] GC(265)                Mark Start          Mark End        Relocate Start      Relocate End           High               Low         
[124.625s][info][gc,heap     ] GC(265)  Capacity:     8192M (100%)       8192M (100%)       8192M (100%)       8192M (100%)       8192M (100%)       8192M (100%)   
[124.625s][info][gc,heap     ] GC(265)      Free:     8184M (100%)       8184M (100%)       8184M (100%)       8186M (100%)       8186M (100%)       8178M (100%)   
[124.625s][info][gc,heap     ] GC(265)      Used:        8M (0%)            8M (0%)            8M (0%)            6M (0%)           14M (0%)            6M (0%)     
[124.625s][info][gc,heap     ] GC(265)      Live:         -                 0M (0%)            0M (0%)            0M (0%)             -                  -          
[124.625s][info][gc,heap     ] GC(265) Allocated:         -                 0M (0%)            0M (0%)            0M (0%)             -                  -          
[124.625s][info][gc,heap     ] GC(265)   Garbage:         -                 7M (0%)            7M (0%)            5M (0%)             -                  -          
[124.625s][info][gc,heap     ] GC(265) Reclaimed:         -                  -                 0M (0%)            2M (0%)             -                  -          
[124.625s][info][gc          ] GC(265) Garbage Collection (System.gc()) 8M(0%)->6M(0%)
[125.089s][info][gc,start    ] GC(266) Garbage Collection (System.gc())
[125.089s][info][gc,task     ] GC(266) Using 3 workers
[125.089s][info][gc,phases   ] GC(266) Pause Mark Start 0.008ms
[125.091s][info][gc,phases   ] GC(266) Concurrent Mark 1.934ms
[125.091s][info][gc,phases   ] GC(266) Pause Mark End 0.008ms
[125.091s][info][gc,phases   ] GC(266) Concurrent Mark Free 0.000ms
[125.092s][info][gc,phases   ] GC(266) Concurrent Process Non-Strong References 0.997ms
[125.092s][info][gc,phases   ] GC(266) Concurrent Reset Relocation Set 0.001ms
[125.096s][info][gc,phases   ] GC(266) Concurrent Select Relocation Set 3.787ms
[125.096s][info][gc,phases   ] GC(266) Pause Relocate Start 0.006ms
[125.096s][info][gc,phases   ] GC(266) Concurrent Relocate 0.556ms
[125.097s][info][gc,load     ] GC(266) Load: 1.47/1.41/1.57
[125.097s][info][gc,mmu      ] GC(266) MMU: 2ms/93.1%, 5ms/97.0%, 10ms/98.3%, 20ms/99.2%, 50ms/99.7%, 100ms/99.8%
[125.097s][info][gc,marking  ] GC(266) Mark: 2 stripe(s), 1 proactive flush(es), 1 terminate flush(es), 0 completion(s), 0 continuation(s) 
[125.097s][info][gc,marking  ] GC(266) Mark Stack Usage: 32M
[125.097s][info][gc,nmethod  ] GC(266) NMethods: 411 registered, 16 unregistered
[125.097s][info][gc,metaspace] GC(266) Metaspace: 0M used, 0M committed, 1088M reserved
[125.097s][info][gc,ref      ] GC(266) Soft: 2 encountered, 0 discovered, 0 enqueued
[125.097s][info][gc,ref      ] GC(266) Weak: 9 encountered, 1 discovered, 0 enqueued
[125.097s][info][gc,ref      ] GC(266) Final: 0 encountered, 0 discovered, 0 enqueued
[125.097s][info][gc,ref      ] GC(266) Phantom: 3 encountered, 2 discovered, 0 enqueued
[125.097s][info][gc,reloc    ] GC(266) Small Pages: 4 / 8M, Empty: 0M, Relocated: 0M, In-Place: 0
[125.097s][info][gc,reloc    ] GC(266) Medium Pages: 0 / 0M, Empty: 0M, Relocated: 0M, In-Place: 0
[125.097s][info][gc,reloc    ] GC(266) Large Pages: 0 / 0M, Empty: 0M, Relocated: 0M, In-Place: 0
[125.097s][info][gc,reloc    ] GC(266) Forwarding Usage: 0M
[125.097s][info][gc,heap     ] GC(266) Min Capacity: 8192M(100%)
[125.097s][info][gc,heap     ] GC(266) Max Capacity: 8192M(100%)
[125.097s][info][gc,heap     ] GC(266) Soft Max Capacity: 8192M(100%)
[125.097s][info][gc,heap     ] GC(266)                Mark Start          Mark End        Relocate Start      Relocate End           High               Low         
[125.097s][info][gc,heap     ] GC(266)  Capacity:     8192M (100%)       8192M (100%)       8192M (100%)       8192M (100%)       8192M (100%)       8192M (100%)   
[125.097s][info][gc,heap     ] GC(266)      Free:     8184M (100%)       8184M (100%)       8184M (100%)       8186M (100%)       8186M (100%)       8178M (100%)   
[125.097s][info][gc,heap     ] GC(266)      Used:        8M (0%)            8M (0%)            8M (0%)            6M (0%)           14M (0%)            6M (0%)     
[125.097s][info][gc,heap     ] GC(266)      Live:         -                 0M (0%)            0M (0%)            0M (0%)             -                  -          
[125.097s][info][gc,heap     ] GC(266) Allocated:         -                 0M (0%)            0M (0%)            0M (0%)             -                  -          
[125.097s][info][gc,heap     ] GC(266)   Garbage:         -                 7M (0%)            7M (0%)            5M (0%)             -                  -          
[125.097s][info][gc,heap     ] GC(266) Reclaimed:         -                  -                 0M (0%)            2M (0%)             -                  -          
[125.097s][info][gc          ] GC(266) Garbage Collection (System.gc()) 8M(0%)->6M(0%)
[125.560s][info][gc,start    ] GC(267) Garbage Collection (System.gc())
[125.560s][info][gc,task     ] GC(267) Using 3 workers
[125.560s][info][gc,phases   ] GC(267) Pause Mark Start 0.017ms
[125.563s][info][gc,phases   ] GC(267) Concurrent Mark 3.181ms
[125.563s][info][gc,phases   ] GC(267) Pause Mark End 0.013ms
[125.563s][info][gc,phases   ] GC(267) Concurrent Mark Free 0.000ms
[125.564s][info][gc,phases   ] GC(267) Concurrent Process Non-Strong References 0.476ms
[125.564s][info][gc,phases   ] GC(267) Concurrent Reset Relocation Set 0.002ms
[125.567s][info][gc,phases   ] GC(267) Concurrent Select Relocation Set 3.080ms
[125.567s][info][gc,phases   ] GC(267) Pause Relocate Start 0.008ms
[125.568s][info][gc,phases   ] GC(267) Concurrent Relocate 0.526ms
[125.568s][info][gc,load     ] GC(267) Load: 1.47/1.41/1.57
[125.568s][info][gc,mmu      ] GC(267) MMU: 2ms/93.1%, 5ms/97.0%, 10ms/98.3%, 20ms/99.2%, 50ms/99.7%, 100ms/99.8%
[125.568s][info][gc,marking  ] GC(267) Mark: 2 stripe(s), 1 proactive flush(es), 1 terminate flush(es), 0 completion(s), 0 continuation(s) 
[125.568s][info][gc,marking  ] GC(267) Mark Stack Usage: 32M
[125.568s][info][gc,nmethod  ] GC(267) NMethods: 411 registered, 16 unregistered
[125.568s][info][gc,metaspace] GC(267) Metaspace: 0M used, 0M committed, 1088M reserved
[125.568s][info][gc,ref      ] GC(267) Soft: 2 encountered, 0 discovered, 0 enqueued
[125.568s][info][gc,ref      ] GC(267) Weak: 9 encountered, 0 discovered, 0 enqueued
[125.568s][info][gc,ref      ] GC(267) Final: 0 encountered, 0 discovered, 0 enqueued
[125.568s][info][gc,ref      ] GC(267) Phantom: 3 encountered, 1 discovered, 0 enqueued
[125.568s][info][gc,reloc    ] GC(267) Small Pages: 4 / 8M, Empty: 0M, Relocated: 0M, In-Place: 0
[125.568s][info][gc,reloc    ] GC(267) Medium Pages: 0 / 0M, Empty: 0M, Relocated: 0M, In-Place: 0
[125.568s][info][gc,reloc    ] GC(267) Large Pages: 0 / 0M, Empty: 0M, Relocated: 0M, In-Place: 0
[125.568s][info][gc,reloc    ] GC(267) Forwarding Usage: 0M
[125.568s][info][gc,heap     ] GC(267) Min Capacity: 8192M(100%)
[125.568s][info][gc,heap     ] GC(267) Max Capacity: 8192M(100%)
[125.568s][info][gc,heap     ] GC(267) Soft Max Capacity: 8192M(100%)
[125.568s][info][gc,heap     ] GC(267)                Mark Start          Mark End        Relocate Start      Relocate End           High               Low         
[125.568s][info][gc,heap     ] GC(267)  Capacity:     8192M (100%)       8192M (100%)       8192M (100%)       8192M (100%)       8192M (100%)       8192M (100%)   
[125.568s][info][gc,heap     ] GC(267)      Free:     8184M (100%)       8184M (100%)       8184M (100%)       8186M (100%)       8186M (100%)       8178M (100%)   
[125.568s][info][gc,heap     ] GC(267)      Used:        8M (0%)            8M (0%)            8M (0%)            6M (0%)           14M (0%)            6M (0%)     
[125.568s][info][gc,heap     ] GC(267)      Live:         -                 0M (0%)            0M (0%)            0M (0%)             -                  -          
[125.568s][info][gc,heap     ] GC(267) Allocated:         -                 0M (0%)            0M (0%)            0M (0%)             -                  -          
[125.568s][info][gc,heap     ] GC(267)   Garbage:         -                 7M (0%)            7M (0%)            5M (0%)             -                  -          
[125.568s][info][gc,heap     ] GC(267) Reclaimed:         -                  -                 0M (0%)            2M (0%)             -                  -          
[125.568s][info][gc          ] GC(267) Garbage Collection (System.gc()) 8M(0%)->6M(0%)
[126.023s][info][gc,start    ] GC(268) Garbage Collection (System.gc())
[126.023s][info][gc,task     ] GC(268) Using 3 workers
[126.023s][info][gc,phases   ] GC(268) Pause Mark Start 0.014ms
[126.036s][info][gc,phases   ] GC(268) Concurrent Mark 12.483ms
[126.036s][info][gc,phases   ] GC(268) Pause Mark End 0.031ms
[126.036s][info][gc,phases   ] GC(268) Concurrent Mark Free 0.002ms
[126.038s][info][gc,phases   ] GC(268) Concurrent Process Non-Strong References 1.894ms
[126.038s][info][gc,phases   ] GC(268) Concurrent Reset Relocation Set 0.002ms
[126.042s][info][gc,phases   ] GC(268) Concurrent Select Relocation Set 3.628ms
[126.042s][info][gc,phases   ] GC(268) Pause Relocate Start 0.004ms
[126.042s][info][gc,phases   ] GC(268) Concurrent Relocate 0.425ms
[126.042s][info][gc,load     ] GC(268) Load: 1.47/1.41/1.57
[126.042s][info][gc,mmu      ] GC(268) MMU: 2ms/93.1%, 5ms/97.0%, 10ms/98.3%, 20ms/99.2%, 50ms/99.7%, 100ms/99.8%
[126.042s][info][gc,marking  ] GC(268) Mark: 2 stripe(s), 2 proactive flush(es), 1 terminate flush(es), 0 completion(s), 0 continuation(s) 
[126.042s][info][gc,marking  ] GC(268) Mark Stack Usage: 32M
[126.042s][info][gc,nmethod  ] GC(268) NMethods: 412 registered, 16 unregistered
[126.042s][info][gc,metaspace] GC(268) Metaspace: 0M used, 0M committed, 1088M reserved
[126.042s][info][gc,ref      ] GC(268) Soft: 2 encountered, 0 discovered, 0 enqueued
[126.042s][info][gc,ref      ] GC(268) Weak: 9 encountered, 0 discovered, 0 enqueued
[126.042s][info][gc,ref      ] GC(268) Final: 0 encountered, 0 discovered, 0 enqueued
[126.042s][info][gc,ref      ] GC(268) Phantom: 3 encountered, 1 discovered, 0 enqueued
[126.042s][info][gc,reloc    ] GC(268) Small Pages: 4 / 8M, Empty: 0M, Relocated: 0M, In-Place: 0
[126.042s][info][gc,reloc    ] GC(268) Medium Pages: 0 / 0M, Empty: 0M, Relocated: 0M, In-Place: 0
[126.042s][info][gc,reloc    ] GC(268) Large Pages: 0 / 0M, Empty: 0M, Relocated: 0M, In-Place: 0
[126.042s][info][gc,reloc    ] GC(268) Forwarding Usage: 0M
[126.042s][info][gc,heap     ] GC(268) Min Capacity: 8192M(100%)
[126.042s][info][gc,heap     ] GC(268) Max Capacity: 8192M(100%)
[126.042s][info][gc,heap     ] GC(268) Soft Max Capacity: 8192M(100%)
[126.042s][info][gc,heap     ] GC(268)                Mark Start          Mark End        Relocate Start      Relocate End           High               Low         
[126.042s][info][gc,heap     ] GC(268)  Capacity:     8192M (100%)       8192M (100%)       8192M (100%)       8192M (100%)       8192M (100%)       8192M (100%)   
[126.042s][info][gc,heap     ] GC(268)      Free:     8184M (100%)       8184M (100%)       8184M (100%)       8186M (100%)       8186M (100%)       8178M (100%)   
[126.042s][info][gc,heap     ] GC(268)      Used:        8M (0%)            8M (0%)            8M (0%)            6M (0%)           14M (0%)            6M (0%)     
[126.042s][info][gc,heap     ] GC(268)      Live:         -                 0M (0%)            0M (0%)            0M (0%)             -                  -          
[126.042s][info][gc,heap     ] GC(268) Allocated:         -                 0M (0%)            0M (0%)            0M (0%)             -                  -          
[126.042s][info][gc,heap     ] GC(268)   Garbage:         -                 7M (0%)            7M (0%)            5M (0%)             -                  -          
[126.042s][info][gc,heap     ] GC(268) Reclaimed:         -                  -                 0M (0%)            2M (0%)             -                  -          
[126.042s][info][gc          ] GC(268) Garbage Collection (System.gc()) 8M(0%)->6M(0%)
[126.498s][info][gc,start    ] GC(269) Garbage Collection (System.gc())
[126.498s][info][gc,task     ] GC(269) Using 3 workers
[126.499s][info][gc,phases   ] GC(269) Pause Mark Start 0.011ms
[126.503s][info][gc,phases   ] GC(269) Concurrent Mark 3.598ms
[126.503s][info][gc,phases   ] GC(269) Pause Mark End 0.020ms
[126.504s][info][gc,phases   ] GC(269) Concurrent Mark Free 0.001ms
[126.514s][info][gc,phases   ] GC(269) Concurrent Process Non-Strong References 10.027ms
[126.514s][info][gc,phases   ] GC(269) Concurrent Reset Relocation Set 0.003ms
[126.518s][info][gc,phases   ] GC(269) Concurrent Select Relocation Set 4.113ms
[126.518s][info][gc,phases   ] GC(269) Pause Relocate Start 0.007ms
[126.519s][info][gc,phases   ] GC(269) Concurrent Relocate 0.621ms
[126.519s][info][gc,load     ] GC(269) Load: 1.47/1.41/1.57
[126.519s][info][gc,mmu      ] GC(269) MMU: 2ms/93.1%, 5ms/97.0%, 10ms/98.3%, 20ms/99.2%, 50ms/99.7%, 100ms/99.8%
[126.519s][info][gc,marking  ] GC(269) Mark: 2 stripe(s), 1 proactive flush(es), 1 terminate flush(es), 0 completion(s), 0 continuation(s) 
[126.519s][info][gc,marking  ] GC(269) Mark Stack Usage: 32M
[126.519s][info][gc,nmethod  ] GC(269) NMethods: 412 registered, 16 unregistered
[126.519s][info][gc,metaspace] GC(269) Metaspace: 0M used, 0M committed, 1088M reserved
[126.519s][info][gc,ref      ] GC(269) Soft: 2 encountered, 0 discovered, 0 enqueued
[126.519s][info][gc,ref      ] GC(269) Weak: 9 encountered, 0 discovered, 0 enqueued
[126.519s][info][gc,ref      ] GC(269) Final: 0 encountered, 0 discovered, 0 enqueued
[126.519s][info][gc,ref      ] GC(269) Phantom: 3 encountered, 1 discovered, 0 enqueued
[126.519s][info][gc,reloc    ] GC(269) Small Pages: 4 / 8M, Empty: 0M, Relocated: 0M, In-Place: 0
[126.519s][info][gc,reloc    ] GC(269) Medium Pages: 0 / 0M, Empty: 0M, Relocated: 0M, In-Place: 0
[126.519s][info][gc,reloc    ] GC(269) Large Pages: 0 / 0M, Empty: 0M, Relocated: 0M, In-Place: 0
[126.519s][info][gc,reloc    ] GC(269) Forwarding Usage: 0M
[126.519s][info][gc,heap     ] GC(269) Min Capacity: 8192M(100%)
[126.519s][info][gc,heap     ] GC(269) Max Capacity: 8192M(100%)
[126.519s][info][gc,heap     ] GC(269) Soft Max Capacity: 8192M(100%)
[126.519s][info][gc,heap     ] GC(269)                Mark Start          Mark End        Relocate Start      Relocate End           High               Low         
[126.519s][info][gc,heap     ] GC(269)  Capacity:     8192M (100%)       8192M (100%)       8192M (100%)       8192M (100%)       8192M (100%)       8192M (100%)   
[126.519s][info][gc,heap     ] GC(269)      Free:     8184M (100%)       8184M (100%)       8184M (100%)       8186M (100%)       8186M (100%)       8178M (100%)   
[126.519s][info][gc,heap     ] GC(269)      Used:        8M (0%)            8M (0%)            8M (0%)            6M (0%)           14M (0%)            6M (0%)     
[126.519s][info][gc,heap     ] GC(269)      Live:         -                 0M (0%)            0M (0%)            0M (0%)             -                  -          
[126.519s][info][gc,heap     ] GC(269) Allocated:         -                 0M (0%)            0M (0%)            0M (0%)             -                  -          
[126.519s][info][gc,heap     ] GC(269)   Garbage:         -                 7M (0%)            7M (0%)            5M (0%)             -                  -          
[126.519s][info][gc,heap     ] GC(269) Reclaimed:         -                  -                 0M (0%)            2M (0%)             -                  -          
[126.519s][info][gc          ] GC(269) Garbage Collection (System.gc()) 8M(0%)->6M(0%)
[126.975s][info][gc,start    ] GC(270) Garbage Collection (System.gc())
[126.975s][info][gc,task     ] GC(270) Using 3 workers
[126.976s][info][gc,phases   ] GC(270) Pause Mark Start 0.013ms
[126.987s][info][gc,phases   ] GC(270) Concurrent Mark 11.261ms
[126.987s][info][gc,phases   ] GC(270) Pause Mark End 0.019ms
[126.987s][info][gc,phases   ] GC(270) Concurrent Mark Free 0.001ms
[126.988s][info][gc,phases   ] GC(270) Concurrent Process Non-Strong References 0.909ms
[126.988s][info][gc,phases   ] GC(270) Concurrent Reset Relocation Set 0.001ms
[126.992s][info][gc,phases   ] GC(270) Concurrent Select Relocation Set 3.774ms
[126.992s][info][gc,phases   ] GC(270) Pause Relocate Start 0.010ms
[126.993s][info][gc,phases   ] GC(270) Concurrent Relocate 0.787ms
[126.993s][info][gc,load     ] GC(270) Load: 1.47/1.41/1.57
[126.993s][info][gc,mmu      ] GC(270) MMU: 2ms/93.1%, 5ms/97.0%, 10ms/98.3%, 20ms/99.2%, 50ms/99.7%, 100ms/99.8%
[126.993s][info][gc,marking  ] GC(270) Mark: 2 stripe(s), 1 proactive flush(es), 1 terminate flush(es), 0 completion(s), 0 continuation(s) 
[126.993s][info][gc,marking  ] GC(270) Mark Stack Usage: 32M
[126.993s][info][gc,nmethod  ] GC(270) NMethods: 412 registered, 16 unregistered
[126.993s][info][gc,metaspace] GC(270) Metaspace: 0M used, 0M committed, 1088M reserved
[126.993s][info][gc,ref      ] GC(270) Soft: 2 encountered, 0 discovered, 0 enqueued
[126.993s][info][gc,ref      ] GC(270) Weak: 9 encountered, 0 discovered, 0 enqueued
[126.993s][info][gc,ref      ] GC(270) Final: 0 encountered, 0 discovered, 0 enqueued
[126.993s][info][gc,ref      ] GC(270) Phantom: 3 encountered, 2 discovered, 0 enqueued
[126.993s][info][gc,reloc    ] GC(270) Small Pages: 4 / 8M, Empty: 0M, Relocated: 0M, In-Place: 0
[126.993s][info][gc,reloc    ] GC(270) Medium Pages: 0 / 0M, Empty: 0M, Relocated: 0M, In-Place: 0
[126.993s][info][gc,reloc    ] GC(270) Large Pages: 0 / 0M, Empty: 0M, Relocated: 0M, In-Place: 0
[126.993s][info][gc,reloc    ] GC(270) Forwarding Usage: 0M
[126.993s][info][gc,heap     ] GC(270) Min Capacity: 8192M(100%)
[126.993s][info][gc,heap     ] GC(270) Max Capacity: 8192M(100%)
[126.993s][info][gc,heap     ] GC(270) Soft Max Capacity: 8192M(100%)
[126.993s][info][gc,heap     ] GC(270)                Mark Start          Mark End        Relocate Start      Relocate End           High               Low         
[126.993s][info][gc,heap     ] GC(270)  Capacity:     8192M (100%)       8192M (100%)       8192M (100%)       8192M (100%)       8192M (100%)       8192M (100%)   
[126.993s][info][gc,heap     ] GC(270)      Free:     8184M (100%)       8184M (100%)       8184M (100%)       8186M (100%)       8186M (100%)       8178M (100%)   
[126.993s][info][gc,heap     ] GC(270)      Used:        8M (0%)            8M (0%)            8M (0%)            6M (0%)           14M (0%)            6M (0%)     
[126.993s][info][gc,heap     ] GC(270)      Live:         -                 0M (0%)            0M (0%)            0M (0%)             -                  -          
[126.993s][info][gc,heap     ] GC(270) Allocated:         -                 0M (0%)            0M (0%)            0M (0%)             -                  -          
[126.993s][info][gc,heap     ] GC(270)   Garbage:         -                 7M (0%)            7M (0%)            5M (0%)             -                  -          
[126.993s][info][gc,heap     ] GC(270) Reclaimed:         -                  -                 0M (0%)            2M (0%)             -                  -          
[126.993s][info][gc          ] GC(270) Garbage Collection (System.gc()) 8M(0%)->6M(0%)
[127.460s][info][gc,start    ] GC(271) Garbage Collection (System.gc())
[127.460s][info][gc,task     ] GC(271) Using 3 workers
[127.460s][info][gc,phases   ] GC(271) Pause Mark Start 0.013ms
[127.462s][info][gc,phases   ] GC(271) Concurrent Mark 2.522ms
[127.462s][info][gc,phases   ] GC(271) Pause Mark End 0.014ms
[127.462s][info][gc,phases   ] GC(271) Concurrent Mark Free 0.001ms
[127.463s][info][gc,phases   ] GC(271) Concurrent Process Non-Strong References 0.599ms
[127.463s][info][gc,phases   ] GC(271) Concurrent Reset Relocation Set 0.003ms
[127.467s][info][gc,phases   ] GC(271) Concurrent Select Relocation Set 3.597ms
[127.467s][info][gc,phases   ] GC(271) Pause Relocate Start 0.008ms
[127.467s][info][gc,phases   ] GC(271) Concurrent Relocate 0.562ms
[127.467s][info][gc,load     ] GC(271) Load: 1.47/1.41/1.57
[127.467s][info][gc,mmu      ] GC(271) MMU: 2ms/93.1%, 5ms/97.0%, 10ms/98.3%, 20ms/99.2%, 50ms/99.7%, 100ms/99.8%
[127.468s][info][gc,marking  ] GC(271) Mark: 2 stripe(s), 1 proactive flush(es), 1 terminate flush(es), 0 completion(s), 0 continuation(s) 
[127.468s][info][gc,marking  ] GC(271) Mark Stack Usage: 32M
[127.468s][info][gc,nmethod  ] GC(271) NMethods: 412 registered, 16 unregistered
[127.468s][info][gc,metaspace] GC(271) Metaspace: 0M used, 0M committed, 1088M reserved
[127.468s][info][gc,ref      ] GC(271) Soft: 2 encountered, 0 discovered, 0 enqueued
[127.468s][info][gc,ref      ] GC(271) Weak: 9 encountered, 0 discovered, 0 enqueued
[127.468s][info][gc,ref      ] GC(271) Final: 0 encountered, 0 discovered, 0 enqueued
[127.468s][info][gc,ref      ] GC(271) Phantom: 3 encountered, 2 discovered, 0 enqueued
[127.468s][info][gc,reloc    ] GC(271) Small Pages: 4 / 8M, Empty: 0M, Relocated: 0M, In-Place: 0
[127.468s][info][gc,reloc    ] GC(271) Medium Pages: 0 / 0M, Empty: 0M, Relocated: 0M, In-Place: 0
[127.468s][info][gc,reloc    ] GC(271) Large Pages: 0 / 0M, Empty: 0M, Relocated: 0M, In-Place: 0
[127.468s][info][gc,reloc    ] GC(271) Forwarding Usage: 0M
[127.468s][info][gc,heap     ] GC(271) Min Capacity: 8192M(100%)
[127.468s][info][gc,heap     ] GC(271) Max Capacity: 8192M(100%)
[127.468s][info][gc,heap     ] GC(271) Soft Max Capacity: 8192M(100%)
[127.468s][info][gc,heap     ] GC(271)                Mark Start          Mark End        Relocate Start      Relocate End           High               Low         
[127.468s][info][gc,heap     ] GC(271)  Capacity:     8192M (100%)       8192M (100%)       8192M (100%)       8192M (100%)       8192M (100%)       8192M (100%)   
[127.468s][info][gc,heap     ] GC(271)      Free:     8184M (100%)       8184M (100%)       8184M (100%)       8186M (100%)       8186M (100%)       8178M (100%)   
[127.468s][info][gc,heap     ] GC(271)      Used:        8M (0%)            8M (0%)            8M (0%)            6M (0%)           14M (0%)            6M (0%)     
[127.468s][info][gc,heap     ] GC(271)      Live:         -                 0M (0%)            0M (0%)            0M (0%)             -                  -          
[127.468s][info][gc,heap     ] GC(271) Allocated:         -                 0M (0%)            0M (0%)            0M (0%)             -                  -          
[127.468s][info][gc,heap     ] GC(271)   Garbage:         -                 7M (0%)            7M (0%)            5M (0%)             -                  -          
[127.468s][info][gc,heap     ] GC(271) Reclaimed:         -                  -                 0M (0%)            2M (0%)             -                  -          
[127.468s][info][gc          ] GC(271) Garbage Collection (System.gc()) 8M(0%)->6M(0%)
[127.923s][info][gc,start    ] GC(272) Garbage Collection (System.gc())
[127.923s][info][gc,task     ] GC(272) Using 3 workers
[127.923s][info][gc,phases   ] GC(272) Pause Mark Start 0.014ms
[127.933s][info][gc,phases   ] GC(272) Concurrent Mark 9.943ms
[127.933s][info][gc,phases   ] GC(272) Pause Mark End 0.010ms
[127.933s][info][gc,phases   ] GC(272) Concurrent Mark Free 0.000ms
[127.934s][info][gc,phases   ] GC(272) Concurrent Process Non-Strong References 1.060ms
[127.934s][info][gc,phases   ] GC(272) Concurrent Reset Relocation Set 0.004ms
[127.937s][info][gc,phases   ] GC(272) Concurrent Select Relocation Set 3.610ms
[127.938s][info][gc,phases   ] GC(272) Pause Relocate Start 0.009ms
[127.938s][info][gc,phases   ] GC(272) Concurrent Relocate 0.551ms
[127.938s][info][gc,load     ] GC(272) Load: 1.47/1.41/1.57
[127.938s][info][gc,mmu      ] GC(272) MMU: 2ms/93.1%, 5ms/97.0%, 10ms/98.3%, 20ms/99.2%, 50ms/99.7%, 100ms/99.8%
[127.938s][info][gc,marking  ] GC(272) Mark: 2 stripe(s), 1 proactive flush(es), 1 terminate flush(es), 0 completion(s), 0 continuation(s) 
[127.938s][info][gc,marking  ] GC(272) Mark Stack Usage: 32M
[127.938s][info][gc,nmethod  ] GC(272) NMethods: 412 registered, 16 unregistered
[127.938s][info][gc,metaspace] GC(272) Metaspace: 0M used, 0M committed, 1088M reserved
[127.938s][info][gc,ref      ] GC(272) Soft: 2 encountered, 0 discovered, 0 enqueued
[127.938s][info][gc,ref      ] GC(272) Weak: 9 encountered, 0 discovered, 0 enqueued
[127.938s][info][gc,ref      ] GC(272) Final: 0 encountered, 0 discovered, 0 enqueued
[127.938s][info][gc,ref      ] GC(272) Phantom: 3 encountered, 2 discovered, 0 enqueued
[127.938s][info][gc,reloc    ] GC(272) Small Pages: 4 / 8M, Empty: 0M, Relocated: 0M, In-Place: 0
[127.938s][info][gc,reloc    ] GC(272) Medium Pages: 0 / 0M, Empty: 0M, Relocated: 0M, In-Place: 0
[127.938s][info][gc,reloc    ] GC(272) Large Pages: 0 / 0M, Empty: 0M, Relocated: 0M, In-Place: 0
[127.938s][info][gc,reloc    ] GC(272) Forwarding Usage: 0M
[127.938s][info][gc,heap     ] GC(272) Min Capacity: 8192M(100%)
[127.938s][info][gc,heap     ] GC(272) Max Capacity: 8192M(100%)
[127.938s][info][gc,heap     ] GC(272) Soft Max Capacity: 8192M(100%)
[127.938s][info][gc,heap     ] GC(272)                Mark Start          Mark End        Relocate Start      Relocate End           High               Low         
[127.938s][info][gc,heap     ] GC(272)  Capacity:     8192M (100%)       8192M (100%)       8192M (100%)       8192M (100%)       8192M (100%)       8192M (100%)   
[127.938s][info][gc,heap     ] GC(272)      Free:     8184M (100%)       8184M (100%)       8184M (100%)       8186M (100%)       8186M (100%)       8178M (100%)   
[127.938s][info][gc,heap     ] GC(272)      Used:        8M (0%)            8M (0%)            8M (0%)            6M (0%)           14M (0%)            6M (0%)     
[127.938s][info][gc,heap     ] GC(272)      Live:         -                 0M (0%)            0M (0%)            0M (0%)             -                  -          
[127.938s][info][gc,heap     ] GC(272) Allocated:         -                 0M (0%)            0M (0%)            0M (0%)             -                  -          
[127.938s][info][gc,heap     ] GC(272)   Garbage:         -                 7M (0%)            7M (0%)            5M (0%)             -                  -          
[127.938s][info][gc,heap     ] GC(272) Reclaimed:         -                  -                 0M (0%)            2M (0%)             -                  -          
[127.938s][info][gc          ] GC(272) Garbage Collection (System.gc()) 8M(0%)->6M(0%)
[128.403s][info][gc,start    ] GC(273) Garbage Collection (System.gc())
[128.403s][info][gc,task     ] GC(273) Using 3 workers
[128.403s][info][gc,phases   ] GC(273) Pause Mark Start 0.013ms
[128.406s][info][gc,phases   ] GC(273) Concurrent Mark 2.687ms
[128.406s][info][gc,phases   ] GC(273) Pause Mark End 0.012ms
[128.406s][info][gc,phases   ] GC(273) Concurrent Mark Free 0.000ms
[128.407s][info][gc,phases   ] GC(273) Concurrent Process Non-Strong References 1.114ms
[128.407s][info][gc,phases   ] GC(273) Concurrent Reset Relocation Set 0.001ms
[128.410s][info][gc,phases   ] GC(273) Concurrent Select Relocation Set 2.849ms
[128.410s][info][gc,phases   ] GC(273) Pause Relocate Start 0.004ms
[128.410s][info][gc,phases   ] GC(273) Concurrent Relocate 0.509ms
[128.411s][info][gc,load     ] GC(273) Load: 1.47/1.41/1.57
[128.411s][info][gc,mmu      ] GC(273) MMU: 2ms/93.1%, 5ms/97.0%, 10ms/98.3%, 20ms/99.2%, 50ms/99.7%, 100ms/99.8%
[128.411s][info][gc,marking  ] GC(273) Mark: 2 stripe(s), 1 proactive flush(es), 1 terminate flush(es), 0 completion(s), 0 continuation(s) 
[128.411s][info][gc,marking  ] GC(273) Mark Stack Usage: 32M
[128.411s][info][gc,nmethod  ] GC(273) NMethods: 412 registered, 16 unregistered
[128.411s][info][gc,metaspace] GC(273) Metaspace: 0M used, 0M committed, 1088M reserved
[128.411s][info][gc,ref      ] GC(273) Soft: 2 encountered, 0 discovered, 0 enqueued
[128.411s][info][gc,ref      ] GC(273) Weak: 9 encountered, 0 discovered, 0 enqueued
[128.411s][info][gc,ref      ] GC(273) Final: 0 encountered, 0 discovered, 0 enqueued
[128.411s][info][gc,ref      ] GC(273) Phantom: 3 encountered, 2 discovered, 0 enqueued
[128.411s][info][gc,reloc    ] GC(273) Small Pages: 4 / 8M, Empty: 2M, Relocated: 0M, In-Place: 0
[128.411s][info][gc,reloc    ] GC(273) Medium Pages: 0 / 0M, Empty: 0M, Relocated: 0M, In-Place: 0
[128.411s][info][gc,reloc    ] GC(273) Large Pages: 0 / 0M, Empty: 0M, Relocated: 0M, In-Place: 0
[128.411s][info][gc,reloc    ] GC(273) Forwarding Usage: 0M
[128.411s][info][gc,heap     ] GC(273) Min Capacity: 8192M(100%)
[128.411s][info][gc,heap     ] GC(273) Max Capacity: 8192M(100%)
[128.411s][info][gc,heap     ] GC(273) Soft Max Capacity: 8192M(100%)
[128.411s][info][gc,heap     ] GC(273)                Mark Start          Mark End        Relocate Start      Relocate End           High               Low         
[128.411s][info][gc,heap     ] GC(273)  Capacity:     8192M (100%)       8192M (100%)       8192M (100%)       8192M (100%)       8192M (100%)       8192M (100%)   
[128.411s][info][gc,heap     ] GC(273)      Free:     8184M (100%)       8184M (100%)       8186M (100%)       8186M (100%)       8186M (100%)       8180M (100%)   
[128.411s][info][gc,heap     ] GC(273)      Used:        8M (0%)            8M (0%)            6M (0%)            6M (0%)           12M (0%)            6M (0%)     
[128.411s][info][gc,heap     ] GC(273)      Live:         -                 0M (0%)            0M (0%)            0M (0%)             -                  -          
[128.411s][info][gc,heap     ] GC(273) Allocated:         -                 0M (0%)            0M (0%)            0M (0%)             -                  -          
[128.411s][info][gc,heap     ] GC(273)   Garbage:         -                 7M (0%)            5M (0%)            5M (0%)             -                  -          
[128.411s][info][gc,heap     ] GC(273) Reclaimed:         -                  -                 2M (0%)            2M (0%)             -                  -          
[128.411s][info][gc          ] GC(273) Garbage Collection (System.gc()) 8M(0%)->6M(0%)
[128.873s][info][gc,start    ] GC(274) Garbage Collection (System.gc())
[128.873s][info][gc,task     ] GC(274) Using 3 workers
[128.873s][info][gc,phases   ] GC(274) Pause Mark Start 0.014ms
[128.876s][info][gc,phases   ] GC(274) Concurrent Mark 2.512ms
[128.876s][info][gc,phases   ] GC(274) Pause Mark End 0.013ms
[128.876s][info][gc,phases   ] GC(274) Concurrent Mark Free 0.000ms
[128.877s][info][gc,phases   ] GC(274) Concurrent Process Non-Strong References 1.034ms
[128.877s][info][gc,phases   ] GC(274) Concurrent Reset Relocation Set 0.001ms
[128.880s][info][gc,phases   ] GC(274) Concurrent Select Relocation Set 3.141ms
[128.880s][info][gc,phases   ] GC(274) Pause Relocate Start 0.005ms
[128.881s][info][gc,phases   ] GC(274) Concurrent Relocate 0.587ms
[128.881s][info][gc,load     ] GC(274) Load: 1.47/1.41/1.57
[128.881s][info][gc,mmu      ] GC(274) MMU: 2ms/93.1%, 5ms/97.0%, 10ms/98.3%, 20ms/99.2%, 50ms/99.7%, 100ms/99.8%
[128.881s][info][gc,marking  ] GC(274) Mark: 2 stripe(s), 1 proactive flush(es), 1 terminate flush(es), 0 completion(s), 0 continuation(s) 
[128.881s][info][gc,marking  ] GC(274) Mark Stack Usage: 32M
[128.881s][info][gc,nmethod  ] GC(274) NMethods: 412 registered, 16 unregistered
[128.881s][info][gc,metaspace] GC(274) Metaspace: 0M used, 0M committed, 1088M reserved
[128.881s][info][gc,ref      ] GC(274) Soft: 2 encountered, 0 discovered, 0 enqueued
[128.881s][info][gc,ref      ] GC(274) Weak: 9 encountered, 0 discovered, 0 enqueued
[128.881s][info][gc,ref      ] GC(274) Final: 0 encountered, 0 discovered, 0 enqueued
[128.881s][info][gc,ref      ] GC(274) Phantom: 3 encountered, 1 discovered, 0 enqueued
[128.881s][info][gc,reloc    ] GC(274) Small Pages: 4 / 8M, Empty: 0M, Relocated: 0M, In-Place: 0
[128.881s][info][gc,reloc    ] GC(274) Medium Pages: 0 / 0M, Empty: 0M, Relocated: 0M, In-Place: 0
[128.881s][info][gc,reloc    ] GC(274) Large Pages: 0 / 0M, Empty: 0M, Relocated: 0M, In-Place: 0
[128.881s][info][gc,reloc    ] GC(274) Forwarding Usage: 0M
[128.881s][info][gc,heap     ] GC(274) Min Capacity: 8192M(100%)
[128.881s][info][gc,heap     ] GC(274) Max Capacity: 8192M(100%)
[128.881s][info][gc,heap     ] GC(274) Soft Max Capacity: 8192M(100%)
[128.881s][info][gc,heap     ] GC(274)                Mark Start          Mark End        Relocate Start      Relocate End           High               Low         
[128.881s][info][gc,heap     ] GC(274)  Capacity:     8192M (100%)       8192M (100%)       8192M (100%)       8192M (100%)       8192M (100%)       8192M (100%)   
[128.881s][info][gc,heap     ] GC(274)      Free:     8184M (100%)       8184M (100%)       8184M (100%)       8186M (100%)       8186M (100%)       8178M (100%)   
[128.881s][info][gc,heap     ] GC(274)      Used:        8M (0%)            8M (0%)            8M (0%)            6M (0%)           14M (0%)            6M (0%)     
[128.881s][info][gc,heap     ] GC(274)      Live:         -                 0M (0%)            0M (0%)            0M (0%)             -                  -          
[128.881s][info][gc,heap     ] GC(274) Allocated:         -                 0M (0%)            0M (0%)            0M (0%)             -                  -          
[128.881s][info][gc,heap     ] GC(274)   Garbage:         -                 7M (0%)            7M (0%)            5M (0%)             -                  -          
[128.881s][info][gc,heap     ] GC(274) Reclaimed:         -                  -                 0M (0%)            2M (0%)             -                  -          
[128.881s][info][gc          ] GC(274) Garbage Collection (System.gc()) 8M(0%)->6M(0%)
[129.338s][info][gc,start    ] GC(275) Garbage Collection (System.gc())
[129.338s][info][gc,task     ] GC(275) Using 3 workers
[129.339s][info][gc,phases   ] GC(275) Pause Mark Start 0.029ms
[129.351s][info][gc,phases   ] GC(275) Concurrent Mark 12.807ms
[129.351s][info][gc,phases   ] GC(275) Pause Mark End 0.025ms
[129.352s][info][gc,phases   ] GC(275) Concurrent Mark Free 0.001ms
[129.354s][info][gc,phases   ] GC(275) Concurrent Process Non-Strong References 2.324ms
[129.354s][info][gc,phases   ] GC(275) Concurrent Reset Relocation Set 0.002ms
[129.357s][info][gc,phases   ] GC(275) Concurrent Select Relocation Set 3.147ms
[129.357s][info][gc,phases   ] GC(275) Pause Relocate Start 0.003ms
[129.358s][info][gc,phases   ] GC(275) Concurrent Relocate 0.456ms
[129.358s][info][gc,load     ] GC(275) Load: 1.47/1.41/1.57
[129.358s][info][gc,mmu      ] GC(275) MMU: 2ms/93.1%, 5ms/97.0%, 10ms/98.3%, 20ms/99.2%, 50ms/99.7%, 100ms/99.8%
[129.358s][info][gc,marking  ] GC(275) Mark: 2 stripe(s), 1 proactive flush(es), 1 terminate flush(es), 0 completion(s), 0 continuation(s) 
[129.358s][info][gc,marking  ] GC(275) Mark Stack Usage: 32M
[129.358s][info][gc,nmethod  ] GC(275) NMethods: 412 registered, 16 unregistered
[129.358s][info][gc,metaspace] GC(275) Metaspace: 0M used, 0M committed, 1088M reserved
[129.358s][info][gc,ref      ] GC(275) Soft: 2 encountered, 0 discovered, 0 enqueued
[129.358s][info][gc,ref      ] GC(275) Weak: 9 encountered, 0 discovered, 0 enqueued
[129.358s][info][gc,ref      ] GC(275) Final: 0 encountered, 0 discovered, 0 enqueued
[129.358s][info][gc,ref      ] GC(275) Phantom: 3 encountered, 2 discovered, 0 enqueued
[129.358s][info][gc,reloc    ] GC(275) Small Pages: 4 / 8M, Empty: 0M, Relocated: 0M, In-Place: 0
[129.358s][info][gc,reloc    ] GC(275) Medium Pages: 0 / 0M, Empty: 0M, Relocated: 0M, In-Place: 0
[129.358s][info][gc,reloc    ] GC(275) Large Pages: 0 / 0M, Empty: 0M, Relocated: 0M, In-Place: 0
[129.358s][info][gc,reloc    ] GC(275) Forwarding Usage: 0M
[129.358s][info][gc,heap     ] GC(275) Min Capacity: 8192M(100%)
[129.358s][info][gc,heap     ] GC(275) Max Capacity: 8192M(100%)
[129.358s][info][gc,heap     ] GC(275) Soft Max Capacity: 8192M(100%)
[129.358s][info][gc,heap     ] GC(275)                Mark Start          Mark End        Relocate Start      Relocate End           High               Low         
[129.358s][info][gc,heap     ] GC(275)  Capacity:     8192M (100%)       8192M (100%)       8192M (100%)       8192M (100%)       8192M (100%)       8192M (100%)   
[129.358s][info][gc,heap     ] GC(275)      Free:     8184M (100%)       8184M (100%)       8184M (100%)       8186M (100%)       8186M (100%)       8178M (100%)   
[129.358s][info][gc,heap     ] GC(275)      Used:        8M (0%)            8M (0%)            8M (0%)            6M (0%)           14M (0%)            6M (0%)     
[129.358s][info][gc,heap     ] GC(275)      Live:         -                 0M (0%)            0M (0%)            0M (0%)             -                  -          
[129.358s][info][gc,heap     ] GC(275) Allocated:         -                 0M (0%)            0M (0%)            0M (0%)             -                  -          
[129.358s][info][gc,heap     ] GC(275)   Garbage:         -                 7M (0%)            7M (0%)            5M (0%)             -                  -          
[129.358s][info][gc,heap     ] GC(275) Reclaimed:         -                  -                 0M (0%)            2M (0%)             -                  -          
[129.358s][info][gc          ] GC(275) Garbage Collection (System.gc()) 8M(0%)->6M(0%)
[129.816s][info][gc,start    ] GC(276) Garbage Collection (System.gc())
[129.816s][info][gc,task     ] GC(276) Using 3 workers
[129.816s][info][gc,phases   ] GC(276) Pause Mark Start 0.011ms
[129.830s][info][gc,phases   ] GC(276) Concurrent Mark 13.465ms
[129.830s][info][gc,phases   ] GC(276) Pause Mark End 0.018ms
[129.830s][info][gc,phases   ] GC(276) Concurrent Mark Free 0.001ms
[129.831s][info][gc,phases   ] GC(276) Concurrent Process Non-Strong References 1.298ms
[129.831s][info][gc,phases   ] GC(276) Concurrent Reset Relocation Set 0.001ms
[129.835s][info][gc,phases   ] GC(276) Concurrent Select Relocation Set 3.910ms
[129.835s][info][gc,phases   ] GC(276) Pause Relocate Start 0.009ms
[129.836s][info][gc,phases   ] GC(276) Concurrent Relocate 0.717ms
[129.836s][info][gc,load     ] GC(276) Load: 1.47/1.41/1.57
[129.836s][info][gc,mmu      ] GC(276) MMU: 2ms/93.1%, 5ms/97.0%, 10ms/98.3%, 20ms/99.2%, 50ms/99.7%, 100ms/99.8%
[129.836s][info][gc,marking  ] GC(276) Mark: 2 stripe(s), 1 proactive flush(es), 1 terminate flush(es), 0 completion(s), 0 continuation(s) 
[129.836s][info][gc,marking  ] GC(276) Mark Stack Usage: 32M
[129.836s][info][gc,nmethod  ] GC(276) NMethods: 412 registered, 16 unregistered
[129.836s][info][gc,metaspace] GC(276) Metaspace: 0M used, 0M committed, 1088M reserved
[129.836s][info][gc,ref      ] GC(276) Soft: 2 encountered, 0 discovered, 0 enqueued
[129.836s][info][gc,ref      ] GC(276) Weak: 9 encountered, 0 discovered, 0 enqueued
[129.836s][info][gc,ref      ] GC(276) Final: 0 encountered, 0 discovered, 0 enqueued
[129.836s][info][gc,ref      ] GC(276) Phantom: 3 encountered, 2 discovered, 0 enqueued
[129.836s][info][gc,reloc    ] GC(276) Small Pages: 4 / 8M, Empty: 0M, Relocated: 0M, In-Place: 0
[129.836s][info][gc,reloc    ] GC(276) Medium Pages: 0 / 0M, Empty: 0M, Relocated: 0M, In-Place: 0
[129.836s][info][gc,reloc    ] GC(276) Large Pages: 0 / 0M, Empty: 0M, Relocated: 0M, In-Place: 0
[129.836s][info][gc,reloc    ] GC(276) Forwarding Usage: 0M
[129.836s][info][gc,heap     ] GC(276) Min Capacity: 8192M(100%)
[129.836s][info][gc,heap     ] GC(276) Max Capacity: 8192M(100%)
[129.836s][info][gc,heap     ] GC(276) Soft Max Capacity: 8192M(100%)
[129.836s][info][gc,heap     ] GC(276)                Mark Start          Mark End        Relocate Start      Relocate End           High               Low         
[129.836s][info][gc,heap     ] GC(276)  Capacity:     8192M (100%)       8192M (100%)       8192M (100%)       8192M (100%)       8192M (100%)       8192M (100%)   
[129.836s][info][gc,heap     ] GC(276)      Free:     8184M (100%)       8184M (100%)       8184M (100%)       8186M (100%)       8186M (100%)       8178M (100%)   
[129.836s][info][gc,heap     ] GC(276)      Used:        8M (0%)            8M (0%)            8M (0%)            6M (0%)           14M (0%)            6M (0%)     
[129.836s][info][gc,heap     ] GC(276)      Live:         -                 0M (0%)            0M (0%)            0M (0%)             -                  -          
[129.836s][info][gc,heap     ] GC(276) Allocated:         -                 0M (0%)            0M (0%)            0M (0%)             -                  -          
[129.836s][info][gc,heap     ] GC(276)   Garbage:         -                 7M (0%)            7M (0%)            5M (0%)             -                  -          
[129.836s][info][gc,heap     ] GC(276) Reclaimed:         -                  -                 0M (0%)            2M (0%)             -                  -          
[129.836s][info][gc          ] GC(276) Garbage Collection (System.gc()) 8M(0%)->6M(0%)
[130.017s][info][gc,stats    ] === Garbage Collection Statistics =======================================================================================================================
[130.017s][info][gc,stats    ]                                                              Last 10s              Last 10m              Last 10h                Total
[130.017s][info][gc,stats    ]                                                              Avg / Max             Avg / Max             Avg / Max             Avg / Max
[130.017s][info][gc,stats    ]   Collector: Garbage Collection Cycle                     15.752 / 23.956       12.671 / 24.910       12.671 / 24.910       12.671 / 24.910      ms
[130.017s][info][gc,stats    ]  Contention: Mark Segment Reset Contention                     0 / 2                 0 / 4                 0 / 4                 0 / 4           ops/s
[130.017s][info][gc,stats    ]  Contention: Mark SeqNum Reset Contention                      1 / 2                 0 / 3                 0 / 3                 0 / 3           ops/s
[130.017s][info][gc,stats    ]    Critical: Allocation Stall                                  0 / 0                 0 / 0                 0 / 0                 0 / 0           ops/s
[130.017s][info][gc,stats    ]    Critical: Allocation Stall                              0.000 / 0.000         0.000 / 0.000         0.000 / 0.000         0.000 / 0.000       ms
[130.017s][info][gc,stats    ]    Critical: GC Locker Stall                                   0 / 0                 0 / 0                 0 / 0                 0 / 0           ops/s
[130.017s][info][gc,stats    ]    Critical: GC Locker Stall                               0.000 / 0.000         0.000 / 0.000         0.000 / 0.000         0.000 / 0.000       ms
[130.017s][info][gc,stats    ]    Critical: Relocation Stall                                  0 / 0                 0 / 0                 0 / 0                 0 / 0           ops/s
[130.017s][info][gc,stats    ]    Critical: Relocation Stall                              0.000 / 0.000         0.000 / 0.000         0.000 / 0.000         0.000 / 0.000       ms
[130.017s][info][gc,stats    ]      Memory: Allocation Rate                                   4 / 6                 4 / 6                 4 / 6                 4 / 6           MB/s
[130.017s][info][gc,stats    ]      Memory: Defragment                                        0 / 0                 0 / 0                 0 / 0                 0 / 0           ops/s
[130.017s][info][gc,stats    ]      Memory: Out Of Memory                                     0 / 0                 0 / 0                 0 / 0                 0 / 0           ops/s
[130.017s][info][gc,stats    ]      Memory: Page Cache Flush                                  0 / 0                 0 / 0                 0 / 0                 0 / 0           MB/s
[130.018s][info][gc,stats    ]      Memory: Page Cache Hit L1                                 8 / 12                8 / 12                8 / 12                8 / 12          ops/s
[130.018s][info][gc,stats    ]      Memory: Page Cache Hit L2                                 0 / 0                 0 / 0                 0 / 0                 0 / 0           ops/s
[130.018s][info][gc,stats    ]      Memory: Page Cache Hit L3                                 0 / 0                 0 / 6                 0 / 6                 0 / 6           ops/s
[130.018s][info][gc,stats    ]      Memory: Page Cache Miss                                   0 / 0                 0 / 1                 0 / 1                 0 / 1           ops/s
[130.018s][info][gc,stats    ]      Memory: Uncommit                                          0 / 0                 0 / 0                 0 / 0                 0 / 0           MB/s
[130.018s][info][gc,stats    ]      Memory: Undo Object Allocation Failed                     0 / 0                 0 / 0                 0 / 0                 0 / 0           ops/s
[130.018s][info][gc,stats    ]      Memory: Undo Object Allocation Succeeded                  0 / 0                 0 / 0                 0 / 0                 0 / 0           ops/s
[130.018s][info][gc,stats    ]      Memory: Undo Page Allocation                              0 / 0                 0 / 0                 0 / 0                 0 / 0           ops/s
[130.018s][info][gc,stats    ]       Phase: Concurrent Mark                               6.980 / 13.465        4.388 / 15.502        4.388 / 15.502        4.388 / 15.502      ms
[130.018s][info][gc,stats    ]       Phase: Concurrent Mark Continue                      0.000 / 0.000         0.000 / 0.000         0.000 / 0.000         0.000 / 0.000       ms
[130.018s][info][gc,stats    ]       Phase: Concurrent Mark Free                          0.001 / 0.002         0.001 / 0.004         0.001 / 0.004         0.001 / 0.004       ms
[130.018s][info][gc,stats    ]       Phase: Concurrent Process Non-Strong References      3.179 / 11.736        1.844 / 13.093        1.844 / 13.093        1.844 / 13.093      ms
[130.018s][info][gc,stats    ]       Phase: Concurrent Relocate                           0.595 / 0.787         0.630 / 1.182         0.630 / 1.182         0.630 / 1.182       ms
[130.018s][info][gc,stats    ]       Phase: Concurrent Reset Relocation Set               0.002 / 0.004         0.002 / 0.028         0.002 / 0.028         0.002 / 0.028       ms
[130.018s][info][gc,stats    ]       Phase: Concurrent Select Relocation Set              3.803 / 6.202         4.523 / 15.311        4.523 / 15.311        4.523 / 15.311      ms
[130.018s][info][gc,stats    ]       Phase: Pause Mark End                                0.018 / 0.031         0.016 / 0.137         0.016 / 0.137         0.016 / 0.137       ms
[130.018s][info][gc,stats    ]       Phase: Pause Mark Start                              0.014 / 0.029         0.012 / 0.029         0.012 / 0.029         0.012 / 0.029       ms
[130.018s][info][gc,stats    ]       Phase: Pause Relocate Start                          0.008 / 0.018         0.009 / 0.134         0.009 / 0.134         0.009 / 0.134       ms
[130.018s][info][gc,stats    ]    Subphase: Concurrent Classes Purge                      0.028 / 0.065         0.029 / 0.287         0.029 / 0.287         0.029 / 0.287       ms
[130.018s][info][gc,stats    ]    Subphase: Concurrent Classes Unlink                     1.223 / 2.593         1.076 / 11.679        1.076 / 11.679        1.076 / 11.679      ms
[130.018s][info][gc,stats    ]    Subphase: Concurrent Mark                               3.496 / 10.658        2.333 / 11.772        2.333 / 11.772        2.333 / 11.772      ms
[130.018s][info][gc,stats    ]    Subphase: Concurrent Mark Try Flush                     0.625 / 6.755         0.212 / 6.755         0.212 / 6.755         0.212 / 6.755       ms
[130.018s][info][gc,stats    ]    Subphase: Concurrent Mark Try Terminate                 1.526 / 8.740         0.908 / 8.740         0.908 / 8.740         0.908 / 8.740       ms
[130.018s][info][gc,stats    ]    Subphase: Concurrent References Enqueue                 0.000 / 0.001         0.000 / 0.004         0.000 / 0.004         0.000 / 0.004       ms
[130.018s][info][gc,stats    ]    Subphase: Concurrent References Process                 0.874 / 8.799         0.367 / 9.421         0.367 / 9.421         0.367 / 9.421       ms
[130.018s][info][gc,stats    ]    Subphase: Concurrent Roots ClassLoaderDataGraph         0.148 / 0.386         0.127 / 2.621         0.127 / 2.621         0.127 / 2.621       ms
[130.018s][info][gc,stats    ]    Subphase: Concurrent Roots CodeCache                    0.000 / 0.000         0.000 / 0.000         0.000 / 0.000         0.000 / 0.000       ms
[130.018s][info][gc,stats    ]    Subphase: Concurrent Roots JavaThreads                  0.204 / 0.468         0.185 / 1.065         0.185 / 1.065         0.185 / 1.065       ms
[130.018s][info][gc,stats    ]    Subphase: Concurrent Roots OopStorageSet                0.018 / 0.032         0.016 / 0.358         0.016 / 0.358         0.016 / 0.358       ms
[130.018s][info][gc,stats    ]    Subphase: Concurrent Weak Roots OopStorageSet           0.097 / 0.522         0.058 / 0.522         0.058 / 0.522         0.058 / 0.522       ms
[130.018s][info][gc,stats    ]    Subphase: Pause Mark Try Complete                       0.000 / 0.000         0.000 / 0.000         0.000 / 0.000         0.000 / 0.000       ms
[130.018s][info][gc,stats    ]      System: Java Threads                                     10 / 10               10 / 10               10 / 10               10 / 10          threads
[130.018s][info][gc,stats    ] =========================================================================================================================================================
[130.293s][info][gc,start    ] GC(277) Garbage Collection (System.gc())
[130.293s][info][gc,task     ] GC(277) Using 3 workers
[130.293s][info][gc,phases   ] GC(277) Pause Mark Start 0.011ms
[130.304s][info][gc,phases   ] GC(277) Concurrent Mark 11.276ms
[130.305s][info][gc,phases   ] GC(277) Pause Mark End 0.029ms
[130.305s][info][gc,phases   ] GC(277) Concurrent Mark Free 0.001ms
[130.307s][info][gc,phases   ] GC(277) Concurrent Process Non-Strong References 2.705ms
[130.307s][info][gc,phases   ] GC(277) Concurrent Reset Relocation Set 0.002ms
[130.311s][info][gc,phases   ] GC(277) Concurrent Select Relocation Set 3.802ms
[130.311s][info][gc,phases   ] GC(277) Pause Relocate Start 0.005ms
[130.312s][info][gc,phases   ] GC(277) Concurrent Relocate 0.667ms
[130.312s][info][gc,load     ] GC(277) Load: 1.76/1.47/1.59
[130.312s][info][gc,mmu      ] GC(277) MMU: 2ms/93.1%, 5ms/97.0%, 10ms/98.3%, 20ms/99.2%, 50ms/99.7%, 100ms/99.8%
[130.312s][info][gc,marking  ] GC(277) Mark: 2 stripe(s), 1 proactive flush(es), 1 terminate flush(es), 0 completion(s), 0 continuation(s) 
[130.312s][info][gc,marking  ] GC(277) Mark Stack Usage: 32M
[130.312s][info][gc,nmethod  ] GC(277) NMethods: 412 registered, 16 unregistered
[130.312s][info][gc,metaspace] GC(277) Metaspace: 0M used, 0M committed, 1088M reserved
[130.312s][info][gc,ref      ] GC(277) Soft: 2 encountered, 0 discovered, 0 enqueued
[130.312s][info][gc,ref      ] GC(277) Weak: 9 encountered, 0 discovered, 0 enqueued
[130.312s][info][gc,ref      ] GC(277) Final: 0 encountered, 0 discovered, 0 enqueued
[130.312s][info][gc,ref      ] GC(277) Phantom: 3 encountered, 1 discovered, 0 enqueued
[130.312s][info][gc,reloc    ] GC(277) Small Pages: 4 / 8M, Empty: 0M, Relocated: 0M, In-Place: 0
[130.312s][info][gc,reloc    ] GC(277) Medium Pages: 0 / 0M, Empty: 0M, Relocated: 0M, In-Place: 0
[130.312s][info][gc,reloc    ] GC(277) Large Pages: 0 / 0M, Empty: 0M, Relocated: 0M, In-Place: 0
[130.312s][info][gc,reloc    ] GC(277) Forwarding Usage: 0M
[130.312s][info][gc,heap     ] GC(277) Min Capacity: 8192M(100%)
[130.312s][info][gc,heap     ] GC(277) Max Capacity: 8192M(100%)
[130.312s][info][gc,heap     ] GC(277) Soft Max Capacity: 8192M(100%)
[130.312s][info][gc,heap     ] GC(277)                Mark Start          Mark End        Relocate Start      Relocate End           High               Low         
[130.312s][info][gc,heap     ] GC(277)  Capacity:     8192M (100%)       8192M (100%)       8192M (100%)       8192M (100%)       8192M (100%)       8192M (100%)   
[130.312s][info][gc,heap     ] GC(277)      Free:     8184M (100%)       8184M (100%)       8184M (100%)       8186M (100%)       8186M (100%)       8178M (100%)   
[130.312s][info][gc,heap     ] GC(277)      Used:        8M (0%)            8M (0%)            8M (0%)            6M (0%)           14M (0%)            6M (0%)     
[130.312s][info][gc,heap     ] GC(277)      Live:         -                 0M (0%)            0M (0%)            0M (0%)             -                  -          
[130.312s][info][gc,heap     ] GC(277) Allocated:         -                 0M (0%)            0M (0%)            0M (0%)             -                  -          
[130.312s][info][gc,heap     ] GC(277)   Garbage:         -                 7M (0%)            7M (0%)            5M (0%)             -                  -          
[130.312s][info][gc,heap     ] GC(277) Reclaimed:         -                  -                 0M (0%)            2M (0%)             -                  -          
[130.312s][info][gc          ] GC(277) Garbage Collection (System.gc()) 8M(0%)->6M(0%)
[130.778s][info][gc,start    ] GC(278) Garbage Collection (System.gc())
[130.778s][info][gc,task     ] GC(278) Using 3 workers
[130.779s][info][gc,phases   ] GC(278) Pause Mark Start 0.011ms
[130.781s][info][gc,phases   ] GC(278) Concurrent Mark 2.301ms
[130.781s][info][gc,phases   ] GC(278) Pause Mark End 0.008ms
[130.781s][info][gc,phases   ] GC(278) Concurrent Mark Free 0.000ms
[130.782s][info][gc,phases   ] GC(278) Concurrent Process Non-Strong References 1.191ms
[130.782s][info][gc,phases   ] GC(278) Concurrent Reset Relocation Set 0.001ms
[130.785s][info][gc,phases   ] GC(278) Concurrent Select Relocation Set 2.931ms
[130.785s][info][gc,phases   ] GC(278) Pause Relocate Start 0.004ms
[130.786s][info][gc,phases   ] GC(278) Concurrent Relocate 0.388ms
[130.786s][info][gc,load     ] GC(278) Load: 1.76/1.47/1.59
[130.786s][info][gc,mmu      ] GC(278) MMU: 2ms/93.1%, 5ms/97.0%, 10ms/98.3%, 20ms/99.2%, 50ms/99.7%, 100ms/99.8%
[130.786s][info][gc,marking  ] GC(278) Mark: 2 stripe(s), 1 proactive flush(es), 1 terminate flush(es), 0 completion(s), 0 continuation(s) 
[130.786s][info][gc,marking  ] GC(278) Mark Stack Usage: 32M
[130.786s][info][gc,nmethod  ] GC(278) NMethods: 412 registered, 16 unregistered
[130.786s][info][gc,metaspace] GC(278) Metaspace: 0M used, 0M committed, 1088M reserved
[130.786s][info][gc,ref      ] GC(278) Soft: 2 encountered, 0 discovered, 0 enqueued
[130.786s][info][gc,ref      ] GC(278) Weak: 9 encountered, 0 discovered, 0 enqueued
[130.786s][info][gc,ref      ] GC(278) Final: 0 encountered, 0 discovered, 0 enqueued
[130.786s][info][gc,ref      ] GC(278) Phantom: 3 encountered, 2 discovered, 0 enqueued
[130.786s][info][gc,reloc    ] GC(278) Small Pages: 4 / 8M, Empty: 0M, Relocated: 0M, In-Place: 0
[130.786s][info][gc,reloc    ] GC(278) Medium Pages: 0 / 0M, Empty: 0M, Relocated: 0M, In-Place: 0
[130.786s][info][gc,reloc    ] GC(278) Large Pages: 0 / 0M, Empty: 0M, Relocated: 0M, In-Place: 0
[130.786s][info][gc,reloc    ] GC(278) Forwarding Usage: 0M
[130.786s][info][gc,heap     ] GC(278) Min Capacity: 8192M(100%)
[130.786s][info][gc,heap     ] GC(278) Max Capacity: 8192M(100%)
[130.786s][info][gc,heap     ] GC(278) Soft Max Capacity: 8192M(100%)
[130.786s][info][gc,heap     ] GC(278)                Mark Start          Mark End        Relocate Start      Relocate End           High               Low         
[130.786s][info][gc,heap     ] GC(278)  Capacity:     8192M (100%)       8192M (100%)       8192M (100%)       8192M (100%)       8192M (100%)       8192M (100%)   
[130.786s][info][gc,heap     ] GC(278)      Free:     8184M (100%)       8184M (100%)       8184M (100%)       8186M (100%)       8186M (100%)       8178M (100%)   
[130.786s][info][gc,heap     ] GC(278)      Used:        8M (0%)            8M (0%)            8M (0%)            6M (0%)           14M (0%)            6M (0%)     
[130.786s][info][gc,heap     ] GC(278)      Live:         -                 0M (0%)            0M (0%)            0M (0%)             -                  -          
[130.786s][info][gc,heap     ] GC(278) Allocated:         -                 0M (0%)            0M (0%)            0M (0%)             -                  -          
[130.786s][info][gc,heap     ] GC(278)   Garbage:         -                 7M (0%)            7M (0%)            5M (0%)             -                  -          
[130.786s][info][gc,heap     ] GC(278) Reclaimed:         -                  -                 0M (0%)            2M (0%)             -                  -          
[130.786s][info][gc          ] GC(278) Garbage Collection (System.gc()) 8M(0%)->6M(0%)
[131.251s][info][gc,start    ] GC(279) Garbage Collection (System.gc())
[131.251s][info][gc,task     ] GC(279) Using 3 workers
[131.251s][info][gc,phases   ] GC(279) Pause Mark Start 0.012ms
[131.254s][info][gc,phases   ] GC(279) Concurrent Mark 2.615ms
[131.254s][info][gc,phases   ] GC(279) Pause Mark End 0.011ms
[131.254s][info][gc,phases   ] GC(279) Concurrent Mark Free 0.000ms
[131.255s][info][gc,phases   ] GC(279) Concurrent Process Non-Strong References 0.921ms
[131.255s][info][gc,phases   ] GC(279) Concurrent Reset Relocation Set 0.001ms
[131.258s][info][gc,phases   ] GC(279) Concurrent Select Relocation Set 3.117ms
[131.258s][info][gc,phases   ] GC(279) Pause Relocate Start 0.005ms
[131.258s][info][gc,phases   ] GC(279) Concurrent Relocate 0.488ms
[131.258s][info][gc,load     ] GC(279) Load: 1.76/1.47/1.59
[131.258s][info][gc,mmu      ] GC(279) MMU: 2ms/93.1%, 5ms/97.0%, 10ms/98.3%, 20ms/99.2%, 50ms/99.7%, 100ms/99.8%
[131.258s][info][gc,marking  ] GC(279) Mark: 2 stripe(s), 1 proactive flush(es), 1 terminate flush(es), 0 completion(s), 0 continuation(s) 
[131.258s][info][gc,marking  ] GC(279) Mark Stack Usage: 32M
[131.258s][info][gc,nmethod  ] GC(279) NMethods: 412 registered, 16 unregistered
[131.258s][info][gc,metaspace] GC(279) Metaspace: 0M used, 0M committed, 1088M reserved
[131.258s][info][gc,ref      ] GC(279) Soft: 2 encountered, 0 discovered, 0 enqueued
[131.258s][info][gc,ref      ] GC(279) Weak: 9 encountered, 0 discovered, 0 enqueued
[131.258s][info][gc,ref      ] GC(279) Final: 0 encountered, 0 discovered, 0 enqueued
[131.258s][info][gc,ref      ] GC(279) Phantom: 3 encountered, 2 discovered, 0 enqueued
[131.258s][info][gc,reloc    ] GC(279) Small Pages: 4 / 8M, Empty: 0M, Relocated: 0M, In-Place: 0
[131.258s][info][gc,reloc    ] GC(279) Medium Pages: 0 / 0M, Empty: 0M, Relocated: 0M, In-Place: 0
[131.258s][info][gc,reloc    ] GC(279) Large Pages: 0 / 0M, Empty: 0M, Relocated: 0M, In-Place: 0
[131.259s][info][gc,reloc    ] GC(279) Forwarding Usage: 0M
[131.259s][info][gc,heap     ] GC(279) Min Capacity: 8192M(100%)
[131.259s][info][gc,heap     ] GC(279) Max Capacity: 8192M(100%)
[131.259s][info][gc,heap     ] GC(279) Soft Max Capacity: 8192M(100%)
[131.259s][info][gc,heap     ] GC(279)                Mark Start          Mark End        Relocate Start      Relocate End           High               Low         
[131.259s][info][gc,heap     ] GC(279)  Capacity:     8192M (100%)       8192M (100%)       8192M (100%)       8192M (100%)       8192M (100%)       8192M (100%)   
[131.259s][info][gc,heap     ] GC(279)      Free:     8184M (100%)       8184M (100%)       8184M (100%)       8186M (100%)       8186M (100%)       8178M (100%)   
[131.259s][info][gc,heap     ] GC(279)      Used:        8M (0%)            8M (0%)            8M (0%)            6M (0%)           14M (0%)            6M (0%)     
[131.259s][info][gc,heap     ] GC(279)      Live:         -                 0M (0%)            0M (0%)            0M (0%)             -                  -          
[131.259s][info][gc,heap     ] GC(279) Allocated:         -                 0M (0%)            0M (0%)            0M (0%)             -                  -          
[131.259s][info][gc,heap     ] GC(279)   Garbage:         -                 7M (0%)            7M (0%)            5M (0%)             -                  -          
[131.259s][info][gc,heap     ] GC(279) Reclaimed:         -                  -                 0M (0%)            2M (0%)             -                  -          
[131.259s][info][gc          ] GC(279) Garbage Collection (System.gc()) 8M(0%)->6M(0%)
[131.717s][info][gc,start    ] GC(280) Garbage Collection (System.gc())
[131.717s][info][gc,task     ] GC(280) Using 3 workers
[131.717s][info][gc,phases   ] GC(280) Pause Mark Start 0.017ms
[131.730s][info][gc,phases   ] GC(280) Concurrent Mark 2.476ms
[131.730s][info][gc,phases   ] GC(280) Pause Mark End 0.019ms
[131.730s][info][gc,phases   ] GC(280) Concurrent Mark Free 0.001ms
[131.731s][info][gc,phases   ] GC(280) Concurrent Process Non-Strong References 1.209ms
[131.731s][info][gc,phases   ] GC(280) Concurrent Reset Relocation Set 0.002ms
[131.734s][info][gc,phases   ] GC(280) Concurrent Select Relocation Set 2.695ms
[131.734s][info][gc,phases   ] GC(280) Pause Relocate Start 0.007ms
[131.734s][info][gc,phases   ] GC(280) Concurrent Relocate 0.462ms
[131.734s][info][gc,load     ] GC(280) Load: 1.76/1.47/1.59
[131.734s][info][gc,mmu      ] GC(280) MMU: 2ms/93.1%, 5ms/97.0%, 10ms/98.3%, 20ms/99.2%, 50ms/99.7%, 100ms/99.8%
[131.734s][info][gc,marking  ] GC(280) Mark: 2 stripe(s), 1 proactive flush(es), 1 terminate flush(es), 0 completion(s), 0 continuation(s) 
[131.734s][info][gc,marking  ] GC(280) Mark Stack Usage: 32M
[131.734s][info][gc,nmethod  ] GC(280) NMethods: 412 registered, 16 unregistered
[131.734s][info][gc,metaspace] GC(280) Metaspace: 0M used, 0M committed, 1088M reserved
[131.734s][info][gc,ref      ] GC(280) Soft: 2 encountered, 0 discovered, 0 enqueued
[131.734s][info][gc,ref      ] GC(280) Weak: 9 encountered, 2 discovered, 0 enqueued
[131.734s][info][gc,ref      ] GC(280) Final: 0 encountered, 0 discovered, 0 enqueued
[131.734s][info][gc,ref      ] GC(280) Phantom: 3 encountered, 2 discovered, 0 enqueued
[131.734s][info][gc,reloc    ] GC(280) Small Pages: 4 / 8M, Empty: 0M, Relocated: 0M, In-Place: 0
[131.734s][info][gc,reloc    ] GC(280) Medium Pages: 0 / 0M, Empty: 0M, Relocated: 0M, In-Place: 0
[131.734s][info][gc,reloc    ] GC(280) Large Pages: 0 / 0M, Empty: 0M, Relocated: 0M, In-Place: 0
[131.734s][info][gc,reloc    ] GC(280) Forwarding Usage: 0M
[131.734s][info][gc,heap     ] GC(280) Min Capacity: 8192M(100%)
[131.734s][info][gc,heap     ] GC(280) Max Capacity: 8192M(100%)
[131.734s][info][gc,heap     ] GC(280) Soft Max Capacity: 8192M(100%)
[131.735s][info][gc,heap     ] GC(280)                Mark Start          Mark End        Relocate Start      Relocate End           High               Low         
[131.735s][info][gc,heap     ] GC(280)  Capacity:     8192M (100%)       8192M (100%)       8192M (100%)       8192M (100%)       8192M (100%)       8192M (100%)   
[131.735s][info][gc,heap     ] GC(280)      Free:     8184M (100%)       8184M (100%)       8184M (100%)       8186M (100%)       8186M (100%)       8178M (100%)   
[131.735s][info][gc,heap     ] GC(280)      Used:        8M (0%)            8M (0%)            8M (0%)            6M (0%)           14M (0%)            6M (0%)     
[131.735s][info][gc,heap     ] GC(280)      Live:         -                 0M (0%)            0M (0%)            0M (0%)             -                  -          
[131.735s][info][gc,heap     ] GC(280) Allocated:         -                 0M (0%)            0M (0%)            0M (0%)             -                  -          
[131.735s][info][gc,heap     ] GC(280)   Garbage:         -                 7M (0%)            7M (0%)            5M (0%)             -                  -          
[131.735s][info][gc,heap     ] GC(280) Reclaimed:         -                  -                 0M (0%)            2M (0%)             -                  -          
[131.735s][info][gc          ] GC(280) Garbage Collection (System.gc()) 8M(0%)->6M(0%)
[132.192s][info][gc,start    ] GC(281) Garbage Collection (System.gc())
[132.192s][info][gc,task     ] GC(281) Using 3 workers
[132.192s][info][gc,phases   ] GC(281) Pause Mark Start 0.011ms
[132.205s][info][gc,phases   ] GC(281) Concurrent Mark 10.736ms
[132.205s][info][gc,phases   ] GC(281) Pause Mark End 0.012ms
[132.205s][info][gc,phases   ] GC(281) Concurrent Mark Free 0.000ms
[132.206s][info][gc,phases   ] GC(281) Concurrent Process Non-Strong References 0.978ms
[132.206s][info][gc,phases   ] GC(281) Concurrent Reset Relocation Set 0.001ms
[132.211s][info][gc,phases   ] GC(281) Concurrent Select Relocation Set 4.765ms
[132.211s][info][gc,phases   ] GC(281) Pause Relocate Start 0.006ms
[132.211s][info][gc,phases   ] GC(281) Concurrent Relocate 0.691ms
[132.212s][info][gc,load     ] GC(281) Load: 1.76/1.47/1.59
[132.212s][info][gc,mmu      ] GC(281) MMU: 2ms/93.1%, 5ms/97.0%, 10ms/98.3%, 20ms/99.2%, 50ms/99.7%, 100ms/99.8%
[132.212s][info][gc,marking  ] GC(281) Mark: 2 stripe(s), 1 proactive flush(es), 1 terminate flush(es), 0 completion(s), 0 continuation(s) 
[132.212s][info][gc,marking  ] GC(281) Mark Stack Usage: 32M
[132.212s][info][gc,nmethod  ] GC(281) NMethods: 412 registered, 16 unregistered
[132.212s][info][gc,metaspace] GC(281) Metaspace: 0M used, 0M committed, 1088M reserved
[132.212s][info][gc,ref      ] GC(281) Soft: 2 encountered, 0 discovered, 0 enqueued
[132.212s][info][gc,ref      ] GC(281) Weak: 9 encountered, 0 discovered, 0 enqueued
[132.212s][info][gc,ref      ] GC(281) Final: 0 encountered, 0 discovered, 0 enqueued
[132.212s][info][gc,ref      ] GC(281) Phantom: 3 encountered, 2 discovered, 0 enqueued
[132.212s][info][gc,reloc    ] GC(281) Small Pages: 4 / 8M, Empty: 0M, Relocated: 0M, In-Place: 0
[132.212s][info][gc,reloc    ] GC(281) Medium Pages: 0 / 0M, Empty: 0M, Relocated: 0M, In-Place: 0
[132.212s][info][gc,reloc    ] GC(281) Large Pages: 0 / 0M, Empty: 0M, Relocated: 0M, In-Place: 0
[132.212s][info][gc,reloc    ] GC(281) Forwarding Usage: 0M
[132.212s][info][gc,heap     ] GC(281) Min Capacity: 8192M(100%)
[132.212s][info][gc,heap     ] GC(281) Max Capacity: 8192M(100%)
[132.212s][info][gc,heap     ] GC(281) Soft Max Capacity: 8192M(100%)
[132.212s][info][gc,heap     ] GC(281)                Mark Start          Mark End        Relocate Start      Relocate End           High               Low         
[132.212s][info][gc,heap     ] GC(281)  Capacity:     8192M (100%)       8192M (100%)       8192M (100%)       8192M (100%)       8192M (100%)       8192M (100%)   
[132.212s][info][gc,heap     ] GC(281)      Free:     8184M (100%)       8184M (100%)       8184M (100%)       8186M (100%)       8186M (100%)       8178M (100%)   
[132.212s][info][gc,heap     ] GC(281)      Used:        8M (0%)            8M (0%)            8M (0%)            6M (0%)           14M (0%)            6M (0%)     
[132.212s][info][gc,heap     ] GC(281)      Live:         -                 0M (0%)            0M (0%)            0M (0%)             -                  -          
[132.212s][info][gc,heap     ] GC(281) Allocated:         -                 0M (0%)            0M (0%)            0M (0%)             -                  -          
[132.212s][info][gc,heap     ] GC(281)   Garbage:         -                 7M (0%)            7M (0%)            5M (0%)             -                  -          
[132.212s][info][gc,heap     ] GC(281) Reclaimed:         -                  -                 0M (0%)            2M (0%)             -                  -          
[132.212s][info][gc          ] GC(281) Garbage Collection (System.gc()) 8M(0%)->6M(0%)
[132.670s][info][gc,start    ] GC(282) Garbage Collection (System.gc())
[132.670s][info][gc,task     ] GC(282) Using 3 workers
[132.670s][info][gc,phases   ] GC(282) Pause Mark Start 0.006ms
[132.672s][info][gc,phases   ] GC(282) Concurrent Mark 1.967ms
[132.672s][info][gc,phases   ] GC(282) Pause Mark End 0.011ms
[132.672s][info][gc,phases   ] GC(282) Concurrent Mark Free 0.000ms
[132.673s][info][gc,phases   ] GC(282) Concurrent Process Non-Strong References 0.445ms
[132.673s][info][gc,phases   ] GC(282) Concurrent Reset Relocation Set 0.001ms
[132.676s][info][gc,phases   ] GC(282) Concurrent Select Relocation Set 3.126ms
[132.676s][info][gc,phases   ] GC(282) Pause Relocate Start 0.014ms
[132.677s][info][gc,phases   ] GC(282) Concurrent Relocate 0.960ms
[132.677s][info][gc,load     ] GC(282) Load: 1.76/1.47/1.59
[132.677s][info][gc,mmu      ] GC(282) MMU: 2ms/93.1%, 5ms/97.0%, 10ms/98.3%, 20ms/99.2%, 50ms/99.7%, 100ms/99.8%
[132.677s][info][gc,marking  ] GC(282) Mark: 2 stripe(s), 1 proactive flush(es), 1 terminate flush(es), 0 completion(s), 0 continuation(s) 
[132.677s][info][gc,marking  ] GC(282) Mark Stack Usage: 32M
[132.677s][info][gc,nmethod  ] GC(282) NMethods: 412 registered, 16 unregistered
[132.677s][info][gc,metaspace] GC(282) Metaspace: 0M used, 0M committed, 1088M reserved
[132.677s][info][gc,ref      ] GC(282) Soft: 2 encountered, 0 discovered, 0 enqueued
[132.677s][info][gc,ref      ] GC(282) Weak: 9 encountered, 0 discovered, 0 enqueued
[132.677s][info][gc,ref      ] GC(282) Final: 0 encountered, 0 discovered, 0 enqueued
[132.677s][info][gc,ref      ] GC(282) Phantom: 3 encountered, 2 discovered, 0 enqueued
[132.677s][info][gc,reloc    ] GC(282) Small Pages: 4 / 8M, Empty: 0M, Relocated: 0M, In-Place: 0
[132.677s][info][gc,reloc    ] GC(282) Medium Pages: 0 / 0M, Empty: 0M, Relocated: 0M, In-Place: 0
[132.677s][info][gc,reloc    ] GC(282) Large Pages: 0 / 0M, Empty: 0M, Relocated: 0M, In-Place: 0
[132.677s][info][gc,reloc    ] GC(282) Forwarding Usage: 0M
[132.677s][info][gc,heap     ] GC(282) Min Capacity: 8192M(100%)
[132.677s][info][gc,heap     ] GC(282) Max Capacity: 8192M(100%)
[132.677s][info][gc,heap     ] GC(282) Soft Max Capacity: 8192M(100%)
[132.677s][info][gc,heap     ] GC(282)                Mark Start          Mark End        Relocate Start      Relocate End           High               Low         
[132.677s][info][gc,heap     ] GC(282)  Capacity:     8192M (100%)       8192M (100%)       8192M (100%)       8192M (100%)       8192M (100%)       8192M (100%)   
[132.677s][info][gc,heap     ] GC(282)      Free:     8184M (100%)       8184M (100%)       8184M (100%)       8186M (100%)       8186M (100%)       8178M (100%)   
[132.677s][info][gc,heap     ] GC(282)      Used:        8M (0%)            8M (0%)            8M (0%)            6M (0%)           14M (0%)            6M (0%)     
[132.677s][info][gc,heap     ] GC(282)      Live:         -                 0M (0%)            0M (0%)            0M (0%)             -                  -          
[132.677s][info][gc,heap     ] GC(282) Allocated:         -                 0M (0%)            0M (0%)            0M (0%)             -                  -          
[132.677s][info][gc,heap     ] GC(282)   Garbage:         -                 7M (0%)            7M (0%)            5M (0%)             -                  -          
[132.677s][info][gc,heap     ] GC(282) Reclaimed:         -                  -                 0M (0%)            2M (0%)             -                  -          
[132.677s][info][gc          ] GC(282) Garbage Collection (System.gc()) 8M(0%)->6M(0%)
[133.131s][info][gc,start    ] GC(283) Garbage Collection (System.gc())
[133.131s][info][gc,task     ] GC(283) Using 3 workers
[133.132s][info][gc,phases   ] GC(283) Pause Mark Start 0.015ms
[133.143s][info][gc,phases   ] GC(283) Concurrent Mark 2.447ms
[133.143s][info][gc,phases   ] GC(283) Pause Mark End 0.022ms
[133.143s][info][gc,phases   ] GC(283) Concurrent Mark Free 0.000ms
[133.146s][info][gc,phases   ] GC(283) Concurrent Process Non-Strong References 2.143ms
[133.146s][info][gc,phases   ] GC(283) Concurrent Reset Relocation Set 0.003ms
[133.151s][info][gc,phases   ] GC(283) Concurrent Select Relocation Set 4.918ms
[133.151s][info][gc,phases   ] GC(283) Pause Relocate Start 0.005ms
[133.151s][info][gc,phases   ] GC(283) Concurrent Relocate 0.677ms
[133.151s][info][gc,load     ] GC(283) Load: 1.76/1.47/1.59
[133.151s][info][gc,mmu      ] GC(283) MMU: 2ms/93.1%, 5ms/97.0%, 10ms/98.3%, 20ms/99.2%, 50ms/99.7%, 100ms/99.8%
[133.151s][info][gc,marking  ] GC(283) Mark: 2 stripe(s), 1 proactive flush(es), 1 terminate flush(es), 0 completion(s), 0 continuation(s) 
[133.151s][info][gc,marking  ] GC(283) Mark Stack Usage: 32M
[133.151s][info][gc,nmethod  ] GC(283) NMethods: 412 registered, 16 unregistered
[133.151s][info][gc,metaspace] GC(283) Metaspace: 0M used, 0M committed, 1088M reserved
[133.152s][info][gc,ref      ] GC(283) Soft: 2 encountered, 0 discovered, 0 enqueued
[133.152s][info][gc,ref      ] GC(283) Weak: 9 encountered, 0 discovered, 0 enqueued
[133.152s][info][gc,ref      ] GC(283) Final: 0 encountered, 0 discovered, 0 enqueued
[133.152s][info][gc,ref      ] GC(283) Phantom: 3 encountered, 2 discovered, 0 enqueued
[133.152s][info][gc,reloc    ] GC(283) Small Pages: 4 / 8M, Empty: 0M, Relocated: 0M, In-Place: 0
[133.152s][info][gc,reloc    ] GC(283) Medium Pages: 0 / 0M, Empty: 0M, Relocated: 0M, In-Place: 0
[133.152s][info][gc,reloc    ] GC(283) Large Pages: 0 / 0M, Empty: 0M, Relocated: 0M, In-Place: 0
[133.152s][info][gc,reloc    ] GC(283) Forwarding Usage: 0M
[133.152s][info][gc,heap     ] GC(283) Min Capacity: 8192M(100%)
[133.152s][info][gc,heap     ] GC(283) Max Capacity: 8192M(100%)
[133.152s][info][gc,heap     ] GC(283) Soft Max Capacity: 8192M(100%)
[133.152s][info][gc,heap     ] GC(283)                Mark Start          Mark End        Relocate Start      Relocate End           High               Low         
[133.152s][info][gc,heap     ] GC(283)  Capacity:     8192M (100%)       8192M (100%)       8192M (100%)       8192M (100%)       8192M (100%)       8192M (100%)   
[133.152s][info][gc,heap     ] GC(283)      Free:     8184M (100%)       8184M (100%)       8184M (100%)       8186M (100%)       8186M (100%)       8180M (100%)   
[133.152s][info][gc,heap     ] GC(283)      Used:        8M (0%)            8M (0%)            8M (0%)            6M (0%)           12M (0%)            6M (0%)     
[133.152s][info][gc,heap     ] GC(283)      Live:         -                 0M (0%)            0M (0%)            0M (0%)             -                  -          
[133.152s][info][gc,heap     ] GC(283) Allocated:         -                 0M (0%)            0M (0%)            0M (0%)             -                  -          
[133.152s][info][gc,heap     ] GC(283)   Garbage:         -                 7M (0%)            7M (0%)            5M (0%)             -                  -          
[133.152s][info][gc,heap     ] GC(283) Reclaimed:         -                  -                 0M (0%)            2M (0%)             -                  -          
[133.152s][info][gc          ] GC(283) Garbage Collection (System.gc()) 8M(0%)->6M(0%)
[133.619s][info][gc,start    ] GC(284) Garbage Collection (System.gc())
[133.619s][info][gc,task     ] GC(284) Using 3 workers
[133.619s][info][gc,phases   ] GC(284) Pause Mark Start 0.007ms
[133.621s][info][gc,phases   ] GC(284) Concurrent Mark 2.005ms
[133.621s][info][gc,phases   ] GC(284) Pause Mark End 0.013ms
[133.621s][info][gc,phases   ] GC(284) Concurrent Mark Free 0.000ms
[133.622s][info][gc,phases   ] GC(284) Concurrent Process Non-Strong References 1.085ms
[133.622s][info][gc,phases   ] GC(284) Concurrent Reset Relocation Set 0.001ms
[133.625s][info][gc,phases   ] GC(284) Concurrent Select Relocation Set 2.622ms
[133.625s][info][gc,phases   ] GC(284) Pause Relocate Start 0.003ms
[133.625s][info][gc,phases   ] GC(284) Concurrent Relocate 0.372ms
[133.625s][info][gc,load     ] GC(284) Load: 1.76/1.47/1.59
[133.625s][info][gc,mmu      ] GC(284) MMU: 2ms/93.1%, 5ms/97.0%, 10ms/98.3%, 20ms/99.2%, 50ms/99.7%, 100ms/99.8%
[133.625s][info][gc,marking  ] GC(284) Mark: 2 stripe(s), 1 proactive flush(es), 1 terminate flush(es), 0 completion(s), 0 continuation(s) 
[133.625s][info][gc,marking  ] GC(284) Mark Stack Usage: 32M
[133.625s][info][gc,nmethod  ] GC(284) NMethods: 412 registered, 16 unregistered
[133.625s][info][gc,metaspace] GC(284) Metaspace: 0M used, 0M committed, 1088M reserved
[133.625s][info][gc,ref      ] GC(284) Soft: 2 encountered, 0 discovered, 0 enqueued
[133.625s][info][gc,ref      ] GC(284) Weak: 9 encountered, 0 discovered, 0 enqueued
[133.625s][info][gc,ref      ] GC(284) Final: 0 encountered, 0 discovered, 0 enqueued
[133.625s][info][gc,ref      ] GC(284) Phantom: 3 encountered, 2 discovered, 0 enqueued
[133.625s][info][gc,reloc    ] GC(284) Small Pages: 4 / 8M, Empty: 0M, Relocated: 0M, In-Place: 0
[133.625s][info][gc,reloc    ] GC(284) Medium Pages: 0 / 0M, Empty: 0M, Relocated: 0M, In-Place: 0
[133.625s][info][gc,reloc    ] GC(284) Large Pages: 0 / 0M, Empty: 0M, Relocated: 0M, In-Place: 0
[133.625s][info][gc,reloc    ] GC(284) Forwarding Usage: 0M
[133.625s][info][gc,heap     ] GC(284) Min Capacity: 8192M(100%)
[133.625s][info][gc,heap     ] GC(284) Max Capacity: 8192M(100%)
[133.625s][info][gc,heap     ] GC(284) Soft Max Capacity: 8192M(100%)
[133.625s][info][gc,heap     ] GC(284)                Mark Start          Mark End        Relocate Start      Relocate End           High               Low         
[133.626s][info][gc,heap     ] GC(284)  Capacity:     8192M (100%)       8192M (100%)       8192M (100%)       8192M (100%)       8192M (100%)       8192M (100%)   
[133.626s][info][gc,heap     ] GC(284)      Free:     8184M (100%)       8184M (100%)       8184M (100%)       8186M (100%)       8186M (100%)       8180M (100%)   
[133.626s][info][gc,heap     ] GC(284)      Used:        8M (0%)            8M (0%)            8M (0%)            6M (0%)           12M (0%)            6M (0%)     
[133.626s][info][gc,heap     ] GC(284)      Live:         -                 0M (0%)            0M (0%)            0M (0%)             -                  -          
[133.626s][info][gc,heap     ] GC(284) Allocated:         -                 0M (0%)            0M (0%)            0M (0%)             -                  -          
[133.626s][info][gc,heap     ] GC(284)   Garbage:         -                 7M (0%)            7M (0%)            5M (0%)             -                  -          
[133.626s][info][gc,heap     ] GC(284) Reclaimed:         -                  -                 0M (0%)            2M (0%)             -                  -          
[133.626s][info][gc          ] GC(284) Garbage Collection (System.gc()) 8M(0%)->6M(0%)
[134.081s][info][gc,start    ] GC(285) Garbage Collection (System.gc())
[134.081s][info][gc,task     ] GC(285) Using 3 workers
[134.081s][info][gc,phases   ] GC(285) Pause Mark Start 0.012ms
[134.094s][info][gc,phases   ] GC(285) Concurrent Mark 12.509ms
[134.094s][info][gc,phases   ] GC(285) Pause Mark End 0.018ms
[134.094s][info][gc,phases   ] GC(285) Concurrent Mark Free 0.000ms
[134.095s][info][gc,phases   ] GC(285) Concurrent Process Non-Strong References 0.551ms
[134.095s][info][gc,phases   ] GC(285) Concurrent Reset Relocation Set 0.002ms
[134.098s][info][gc,phases   ] GC(285) Concurrent Select Relocation Set 3.111ms
[134.098s][info][gc,phases   ] GC(285) Pause Relocate Start 0.003ms
[134.099s][info][gc,phases   ] GC(285) Concurrent Relocate 0.564ms
[134.099s][info][gc,load     ] GC(285) Load: 1.76/1.47/1.59
[134.099s][info][gc,mmu      ] GC(285) MMU: 2ms/93.1%, 5ms/97.0%, 10ms/98.3%, 20ms/99.2%, 50ms/99.7%, 100ms/99.8%
[134.099s][info][gc,marking  ] GC(285) Mark: 2 stripe(s), 1 proactive flush(es), 1 terminate flush(es), 0 completion(s), 0 continuation(s) 
[134.099s][info][gc,marking  ] GC(285) Mark Stack Usage: 32M
[134.099s][info][gc,nmethod  ] GC(285) NMethods: 412 registered, 16 unregistered
[134.099s][info][gc,metaspace] GC(285) Metaspace: 0M used, 0M committed, 1088M reserved
[134.099s][info][gc,ref      ] GC(285) Soft: 2 encountered, 0 discovered, 0 enqueued
[134.099s][info][gc,ref      ] GC(285) Weak: 9 encountered, 0 discovered, 0 enqueued
[134.099s][info][gc,ref      ] GC(285) Final: 0 encountered, 0 discovered, 0 enqueued
[134.099s][info][gc,ref      ] GC(285) Phantom: 3 encountered, 2 discovered, 0 enqueued
[134.099s][info][gc,reloc    ] GC(285) Small Pages: 4 / 8M, Empty: 0M, Relocated: 0M, In-Place: 0
[134.099s][info][gc,reloc    ] GC(285) Medium Pages: 0 / 0M, Empty: 0M, Relocated: 0M, In-Place: 0
[134.099s][info][gc,reloc    ] GC(285) Large Pages: 0 / 0M, Empty: 0M, Relocated: 0M, In-Place: 0
[134.099s][info][gc,reloc    ] GC(285) Forwarding Usage: 0M
[134.099s][info][gc,heap     ] GC(285) Min Capacity: 8192M(100%)
[134.099s][info][gc,heap     ] GC(285) Max Capacity: 8192M(100%)
[134.099s][info][gc,heap     ] GC(285) Soft Max Capacity: 8192M(100%)
[134.099s][info][gc,heap     ] GC(285)                Mark Start          Mark End        Relocate Start      Relocate End           High               Low         
[134.099s][info][gc,heap     ] GC(285)  Capacity:     8192M (100%)       8192M (100%)       8192M (100%)       8192M (100%)       8192M (100%)       8192M (100%)   
[134.099s][info][gc,heap     ] GC(285)      Free:     8184M (100%)       8184M (100%)       8184M (100%)       8186M (100%)       8186M (100%)       8178M (100%)   
[134.099s][info][gc,heap     ] GC(285)      Used:        8M (0%)            8M (0%)            8M (0%)            6M (0%)           14M (0%)            6M (0%)     
[134.099s][info][gc,heap     ] GC(285)      Live:         -                 0M (0%)            0M (0%)            0M (0%)             -                  -          
[134.099s][info][gc,heap     ] GC(285) Allocated:         -                 0M (0%)            0M (0%)            0M (0%)             -                  -          
[134.099s][info][gc,heap     ] GC(285)   Garbage:         -                 7M (0%)            7M (0%)            5M (0%)             -                  -          
[134.099s][info][gc,heap     ] GC(285) Reclaimed:         -                  -                 0M (0%)            2M (0%)             -                  -          
[134.099s][info][gc          ] GC(285) Garbage Collection (System.gc()) 8M(0%)->6M(0%)
[134.562s][info][gc,start    ] GC(286) Garbage Collection (System.gc())
[134.562s][info][gc,task     ] GC(286) Using 3 workers
[134.562s][info][gc,phases   ] GC(286) Pause Mark Start 0.257ms
[134.565s][info][gc,phases   ] GC(286) Concurrent Mark 2.485ms
[134.565s][info][gc,phases   ] GC(286) Pause Mark End 0.029ms
[134.565s][info][gc,phases   ] GC(286) Concurrent Mark Free 0.000ms
[134.566s][info][gc,phases   ] GC(286) Concurrent Process Non-Strong References 1.126ms
[134.566s][info][gc,phases   ] GC(286) Concurrent Reset Relocation Set 0.001ms
[134.569s][info][gc,phases   ] GC(286) Concurrent Select Relocation Set 3.504ms
[134.569s][info][gc,phases   ] GC(286) Pause Relocate Start 0.005ms
[134.570s][info][gc,phases   ] GC(286) Concurrent Relocate 0.607ms
[134.570s][info][gc,load     ] GC(286) Load: 1.76/1.47/1.59
[134.570s][info][gc,mmu      ] GC(286) MMU: 2ms/87.2%, 5ms/94.3%, 10ms/97.1%, 20ms/98.5%, 50ms/99.4%, 100ms/99.7%
[134.570s][info][gc,marking  ] GC(286) Mark: 2 stripe(s), 1 proactive flush(es), 1 terminate flush(es), 0 completion(s), 0 continuation(s) 
[134.570s][info][gc,marking  ] GC(286) Mark Stack Usage: 32M
[134.570s][info][gc,nmethod  ] GC(286) NMethods: 412 registered, 16 unregistered
[134.570s][info][gc,metaspace] GC(286) Metaspace: 0M used, 0M committed, 1088M reserved
[134.570s][info][gc,ref      ] GC(286) Soft: 2 encountered, 0 discovered, 0 enqueued
[134.570s][info][gc,ref      ] GC(286) Weak: 9 encountered, 0 discovered, 0 enqueued
[134.570s][info][gc,ref      ] GC(286) Final: 0 encountered, 0 discovered, 0 enqueued
[134.570s][info][gc,ref      ] GC(286) Phantom: 3 encountered, 1 discovered, 0 enqueued
[134.570s][info][gc,reloc    ] GC(286) Small Pages: 4 / 8M, Empty: 0M, Relocated: 0M, In-Place: 0
[134.570s][info][gc,reloc    ] GC(286) Medium Pages: 0 / 0M, Empty: 0M, Relocated: 0M, In-Place: 0
[134.570s][info][gc,reloc    ] GC(286) Large Pages: 0 / 0M, Empty: 0M, Relocated: 0M, In-Place: 0
[134.570s][info][gc,reloc    ] GC(286) Forwarding Usage: 0M
[134.570s][info][gc,heap     ] GC(286) Min Capacity: 8192M(100%)
[134.570s][info][gc,heap     ] GC(286) Max Capacity: 8192M(100%)
[134.570s][info][gc,heap     ] GC(286) Soft Max Capacity: 8192M(100%)
[134.570s][info][gc,heap     ] GC(286)                Mark Start          Mark End        Relocate Start      Relocate End           High               Low         
[134.570s][info][gc,heap     ] GC(286)  Capacity:     8192M (100%)       8192M (100%)       8192M (100%)       8192M (100%)       8192M (100%)       8192M (100%)   
[134.570s][info][gc,heap     ] GC(286)      Free:     8184M (100%)       8184M (100%)       8184M (100%)       8186M (100%)       8186M (100%)       8178M (100%)   
[134.570s][info][gc,heap     ] GC(286)      Used:        8M (0%)            8M (0%)            8M (0%)            6M (0%)           14M (0%)            6M (0%)     
[134.570s][info][gc,heap     ] GC(286)      Live:         -                 0M (0%)            0M (0%)            0M (0%)             -                  -          
[134.570s][info][gc,heap     ] GC(286) Allocated:         -                 0M (0%)            0M (0%)            0M (0%)             -                  -          
[134.570s][info][gc,heap     ] GC(286)   Garbage:         -                 7M (0%)            7M (0%)            5M (0%)             -                  -          
[134.570s][info][gc,heap     ] GC(286) Reclaimed:         -                  -                 0M (0%)            2M (0%)             -                  -          
[134.570s][info][gc          ] GC(286) Garbage Collection (System.gc()) 8M(0%)->6M(0%)
[135.033s][info][gc,start    ] GC(287) Garbage Collection (System.gc())
[135.033s][info][gc,task     ] GC(287) Using 3 workers
[135.033s][info][gc,phases   ] GC(287) Pause Mark Start 0.016ms
[135.036s][info][gc,phases   ] GC(287) Concurrent Mark 2.609ms
[135.036s][info][gc,phases   ] GC(287) Pause Mark End 0.021ms
[135.036s][info][gc,phases   ] GC(287) Concurrent Mark Free 0.001ms
[135.037s][info][gc,phases   ] GC(287) Concurrent Process Non-Strong References 1.176ms
[135.037s][info][gc,phases   ] GC(287) Concurrent Reset Relocation Set 0.005ms
[135.041s][info][gc,phases   ] GC(287) Concurrent Select Relocation Set 3.592ms
[135.041s][info][gc,phases   ] GC(287) Pause Relocate Start 0.008ms
[135.042s][info][gc,phases   ] GC(287) Concurrent Relocate 0.600ms
[135.042s][info][gc,load     ] GC(287) Load: 3.14/1.76/1.69
[135.042s][info][gc,mmu      ] GC(287) MMU: 2ms/87.2%, 5ms/94.3%, 10ms/97.1%, 20ms/98.5%, 50ms/99.4%, 100ms/99.7%
[135.042s][info][gc,marking  ] GC(287) Mark: 2 stripe(s), 1 proactive flush(es), 1 terminate flush(es), 0 completion(s), 0 continuation(s) 
[135.042s][info][gc,marking  ] GC(287) Mark Stack Usage: 32M
[135.042s][info][gc,nmethod  ] GC(287) NMethods: 412 registered, 16 unregistered
[135.042s][info][gc,metaspace] GC(287) Metaspace: 0M used, 0M committed, 1088M reserved
[135.042s][info][gc,ref      ] GC(287) Soft: 2 encountered, 0 discovered, 0 enqueued
[135.042s][info][gc,ref      ] GC(287) Weak: 9 encountered, 0 discovered, 0 enqueued
[135.042s][info][gc,ref      ] GC(287) Final: 0 encountered, 0 discovered, 0 enqueued
[135.042s][info][gc,ref      ] GC(287) Phantom: 3 encountered, 1 discovered, 0 enqueued
[135.042s][info][gc,reloc    ] GC(287) Small Pages: 4 / 8M, Empty: 0M, Relocated: 0M, In-Place: 0
[135.042s][info][gc,reloc    ] GC(287) Medium Pages: 0 / 0M, Empty: 0M, Relocated: 0M, In-Place: 0
[135.042s][info][gc,reloc    ] GC(287) Large Pages: 0 / 0M, Empty: 0M, Relocated: 0M, In-Place: 0
[135.042s][info][gc,reloc    ] GC(287) Forwarding Usage: 0M
[135.042s][info][gc,heap     ] GC(287) Min Capacity: 8192M(100%)
[135.042s][info][gc,heap     ] GC(287) Max Capacity: 8192M(100%)
[135.042s][info][gc,heap     ] GC(287) Soft Max Capacity: 8192M(100%)
[135.042s][info][gc,heap     ] GC(287)                Mark Start          Mark End        Relocate Start      Relocate End           High               Low         
[135.042s][info][gc,heap     ] GC(287)  Capacity:     8192M (100%)       8192M (100%)       8192M (100%)       8192M (100%)       8192M (100%)       8192M (100%)   
[135.042s][info][gc,heap     ] GC(287)      Free:     8184M (100%)       8184M (100%)       8184M (100%)       8186M (100%)       8186M (100%)       8178M (100%)   
[135.042s][info][gc,heap     ] GC(287)      Used:        8M (0%)            8M (0%)            8M (0%)            6M (0%)           14M (0%)            6M (0%)     
[135.042s][info][gc,heap     ] GC(287)      Live:         -                 0M (0%)            0M (0%)            0M (0%)             -                  -          
[135.042s][info][gc,heap     ] GC(287) Allocated:         -                 0M (0%)            0M (0%)            0M (0%)             -                  -          
[135.042s][info][gc,heap     ] GC(287)   Garbage:         -                 7M (0%)            7M (0%)            5M (0%)             -                  -          
[135.042s][info][gc,heap     ] GC(287) Reclaimed:         -                  -                 0M (0%)            2M (0%)             -                  -          
[135.042s][info][gc          ] GC(287) Garbage Collection (System.gc()) 8M(0%)->6M(0%)
[135.500s][info][gc,start    ] GC(288) Garbage Collection (System.gc())
[135.500s][info][gc,task     ] GC(288) Using 3 workers
[135.500s][info][gc,phases   ] GC(288) Pause Mark Start 0.013ms
[135.512s][info][gc,phases   ] GC(288) Concurrent Mark 12.066ms
[135.513s][info][gc,phases   ] GC(288) Pause Mark End 0.031ms
[135.513s][info][gc,phases   ] GC(288) Concurrent Mark Free 0.001ms
[135.515s][info][gc,phases   ] GC(288) Concurrent Process Non-Strong References 2.201ms
[135.515s][info][gc,phases   ] GC(288) Concurrent Reset Relocation Set 0.002ms
[135.519s][info][gc,phases   ] GC(288) Concurrent Select Relocation Set 4.374ms
[135.519s][info][gc,phases   ] GC(288) Pause Relocate Start 0.007ms
[135.520s][info][gc,phases   ] GC(288) Concurrent Relocate 0.732ms
[135.520s][info][gc,load     ] GC(288) Load: 3.14/1.76/1.69
[135.520s][info][gc,mmu      ] GC(288) MMU: 2ms/87.2%, 5ms/94.3%, 10ms/97.1%, 20ms/98.5%, 50ms/99.4%, 100ms/99.7%
[135.520s][info][gc,marking  ] GC(288) Mark: 2 stripe(s), 1 proactive flush(es), 1 terminate flush(es), 0 completion(s), 0 continuation(s) 
[135.520s][info][gc,marking  ] GC(288) Mark Stack Usage: 32M
[135.520s][info][gc,nmethod  ] GC(288) NMethods: 412 registered, 16 unregistered
[135.520s][info][gc,metaspace] GC(288) Metaspace: 0M used, 0M committed, 1088M reserved
[135.520s][info][gc,ref      ] GC(288) Soft: 2 encountered, 0 discovered, 0 enqueued
[135.520s][info][gc,ref      ] GC(288) Weak: 9 encountered, 0 discovered, 0 enqueued
[135.520s][info][gc,ref      ] GC(288) Final: 0 encountered, 0 discovered, 0 enqueued
[135.520s][info][gc,ref      ] GC(288) Phantom: 3 encountered, 1 discovered, 0 enqueued
[135.520s][info][gc,reloc    ] GC(288) Small Pages: 4 / 8M, Empty: 0M, Relocated: 0M, In-Place: 0
[135.520s][info][gc,reloc    ] GC(288) Medium Pages: 0 / 0M, Empty: 0M, Relocated: 0M, In-Place: 0
[135.520s][info][gc,reloc    ] GC(288) Large Pages: 0 / 0M, Empty: 0M, Relocated: 0M, In-Place: 0
[135.520s][info][gc,reloc    ] GC(288) Forwarding Usage: 0M
[135.520s][info][gc,heap     ] GC(288) Min Capacity: 8192M(100%)
[135.520s][info][gc,heap     ] GC(288) Max Capacity: 8192M(100%)
[135.520s][info][gc,heap     ] GC(288) Soft Max Capacity: 8192M(100%)
[135.520s][info][gc,heap     ] GC(288)                Mark Start          Mark End        Relocate Start      Relocate End           High               Low         
[135.520s][info][gc,heap     ] GC(288)  Capacity:     8192M (100%)       8192M (100%)       8192M (100%)       8192M (100%)       8192M (100%)       8192M (100%)   
[135.521s][info][gc,heap     ] GC(288)      Free:     8184M (100%)       8184M (100%)       8184M (100%)       8186M (100%)       8186M (100%)       8180M (100%)   
[135.521s][info][gc,heap     ] GC(288)      Used:        8M (0%)            8M (0%)            8M (0%)            6M (0%)           12M (0%)            6M (0%)     
[135.521s][info][gc,heap     ] GC(288)      Live:         -                 0M (0%)            0M (0%)            0M (0%)             -                  -          
[135.521s][info][gc,heap     ] GC(288) Allocated:         -                 0M (0%)            0M (0%)            0M (0%)             -                  -          
[135.521s][info][gc,heap     ] GC(288)   Garbage:         -                 7M (0%)            7M (0%)            5M (0%)             -                  -          
[135.521s][info][gc,heap     ] GC(288) Reclaimed:         -                  -                 0M (0%)            2M (0%)             -                  -          
[135.521s][info][gc          ] GC(288) Garbage Collection (System.gc()) 8M(0%)->6M(0%)
[135.977s][info][gc,start    ] GC(289) Garbage Collection (System.gc())
[135.978s][info][gc,task     ] GC(289) Using 3 workers
[135.978s][info][gc,phases   ] GC(289) Pause Mark Start 0.015ms
[135.985s][info][gc,phases   ] GC(289) Concurrent Mark 7.508ms
[135.986s][info][gc,phases   ] GC(289) Pause Mark End 0.021ms
[135.986s][info][gc,phases   ] GC(289) Concurrent Mark Free 0.001ms
[135.996s][info][gc,phases   ] GC(289) Concurrent Process Non-Strong References 10.319ms
[135.996s][info][gc,phases   ] GC(289) Concurrent Reset Relocation Set 0.006ms
[136.000s][info][gc,phases   ] GC(289) Concurrent Select Relocation Set 3.925ms
[136.000s][info][gc,phases   ] GC(289) Pause Relocate Start 0.008ms
[136.001s][info][gc,phases   ] GC(289) Concurrent Relocate 0.462ms
[136.001s][info][gc,load     ] GC(289) Load: 3.14/1.76/1.69
[136.001s][info][gc,mmu      ] GC(289) MMU: 2ms/87.2%, 5ms/94.3%, 10ms/97.1%, 20ms/98.5%, 50ms/99.4%, 100ms/99.7%
[136.001s][info][gc,marking  ] GC(289) Mark: 2 stripe(s), 1 proactive flush(es), 1 terminate flush(es), 0 completion(s), 0 continuation(s) 
[136.001s][info][gc,marking  ] GC(289) Mark Stack Usage: 32M
[136.001s][info][gc,nmethod  ] GC(289) NMethods: 412 registered, 16 unregistered
[136.001s][info][gc,metaspace] GC(289) Metaspace: 0M used, 0M committed, 1088M reserved
[136.001s][info][gc,ref      ] GC(289) Soft: 2 encountered, 0 discovered, 0 enqueued
[136.001s][info][gc,ref      ] GC(289) Weak: 9 encountered, 0 discovered, 0 enqueued
[136.001s][info][gc,ref      ] GC(289) Final: 0 encountered, 0 discovered, 0 enqueued
[136.001s][info][gc,ref      ] GC(289) Phantom: 3 encountered, 2 discovered, 0 enqueued
[136.001s][info][gc,reloc    ] GC(289) Small Pages: 4 / 8M, Empty: 0M, Relocated: 0M, In-Place: 0
[136.001s][info][gc,reloc    ] GC(289) Medium Pages: 0 / 0M, Empty: 0M, Relocated: 0M, In-Place: 0
[136.001s][info][gc,reloc    ] GC(289) Large Pages: 0 / 0M, Empty: 0M, Relocated: 0M, In-Place: 0
[136.001s][info][gc,reloc    ] GC(289) Forwarding Usage: 0M
[136.001s][info][gc,heap     ] GC(289) Min Capacity: 8192M(100%)
[136.001s][info][gc,heap     ] GC(289) Max Capacity: 8192M(100%)
[136.001s][info][gc,heap     ] GC(289) Soft Max Capacity: 8192M(100%)
[136.001s][info][gc,heap     ] GC(289)                Mark Start          Mark End        Relocate Start      Relocate End           High               Low         
[136.001s][info][gc,heap     ] GC(289)  Capacity:     8192M (100%)       8192M (100%)       8192M (100%)       8192M (100%)       8192M (100%)       8192M (100%)   
[136.001s][info][gc,heap     ] GC(289)      Free:     8184M (100%)       8184M (100%)       8184M (100%)       8186M (100%)       8186M (100%)       8178M (100%)   
[136.001s][info][gc,heap     ] GC(289)      Used:        8M (0%)            8M (0%)            8M (0%)            6M (0%)           14M (0%)            6M (0%)     
[136.001s][info][gc,heap     ] GC(289)      Live:         -                 0M (0%)            0M (0%)            0M (0%)             -                  -          
[136.001s][info][gc,heap     ] GC(289) Allocated:         -                 0M (0%)            0M (0%)            0M (0%)             -                  -          
[136.001s][info][gc,heap     ] GC(289)   Garbage:         -                 7M (0%)            7M (0%)            5M (0%)             -                  -          
[136.001s][info][gc,heap     ] GC(289) Reclaimed:         -                  -                 0M (0%)            2M (0%)             -                  -          
[136.001s][info][gc          ] GC(289) Garbage Collection (System.gc()) 8M(0%)->6M(0%)
[136.459s][info][gc,start    ] GC(290) Garbage Collection (System.gc())
[136.459s][info][gc,task     ] GC(290) Using 3 workers
[136.459s][info][gc,phases   ] GC(290) Pause Mark Start 0.013ms
[136.472s][info][gc,phases   ] GC(290) Concurrent Mark 12.325ms
[136.472s][info][gc,phases   ] GC(290) Pause Mark End 0.105ms
[136.472s][info][gc,phases   ] GC(290) Concurrent Mark Free 0.003ms
[136.473s][info][gc,phases   ] GC(290) Concurrent Process Non-Strong References 1.253ms
[136.473s][info][gc,phases   ] GC(290) Concurrent Reset Relocation Set 0.003ms
[136.476s][info][gc,phases   ] GC(290) Concurrent Select Relocation Set 3.189ms
[136.477s][info][gc,phases   ] GC(290) Pause Relocate Start 0.008ms
[136.477s][info][gc,phases   ] GC(290) Concurrent Relocate 0.573ms
[136.477s][info][gc,load     ] GC(290) Load: 3.14/1.76/1.69
[136.477s][info][gc,mmu      ] GC(290) MMU: 2ms/87.2%, 5ms/94.3%, 10ms/97.1%, 20ms/98.5%, 50ms/99.4%, 100ms/99.7%
[136.477s][info][gc,marking  ] GC(290) Mark: 2 stripe(s), 1 proactive flush(es), 1 terminate flush(es), 0 completion(s), 0 continuation(s) 
[136.477s][info][gc,marking  ] GC(290) Mark Stack Usage: 32M
[136.477s][info][gc,nmethod  ] GC(290) NMethods: 412 registered, 16 unregistered
[136.477s][info][gc,metaspace] GC(290) Metaspace: 0M used, 0M committed, 1088M reserved
[136.477s][info][gc,ref      ] GC(290) Soft: 2 encountered, 0 discovered, 0 enqueued
[136.477s][info][gc,ref      ] GC(290) Weak: 9 encountered, 0 discovered, 0 enqueued
[136.477s][info][gc,ref      ] GC(290) Final: 0 encountered, 0 discovered, 0 enqueued
[136.477s][info][gc,ref      ] GC(290) Phantom: 3 encountered, 1 discovered, 0 enqueued
[136.477s][info][gc,reloc    ] GC(290) Small Pages: 4 / 8M, Empty: 0M, Relocated: 0M, In-Place: 0
[136.477s][info][gc,reloc    ] GC(290) Medium Pages: 0 / 0M, Empty: 0M, Relocated: 0M, In-Place: 0
[136.477s][info][gc,reloc    ] GC(290) Large Pages: 0 / 0M, Empty: 0M, Relocated: 0M, In-Place: 0
[136.477s][info][gc,reloc    ] GC(290) Forwarding Usage: 0M
[136.477s][info][gc,heap     ] GC(290) Min Capacity: 8192M(100%)
[136.477s][info][gc,heap     ] GC(290) Max Capacity: 8192M(100%)
[136.477s][info][gc,heap     ] GC(290) Soft Max Capacity: 8192M(100%)
[136.477s][info][gc,heap     ] GC(290)                Mark Start          Mark End        Relocate Start      Relocate End           High               Low         
[136.477s][info][gc,heap     ] GC(290)  Capacity:     8192M (100%)       8192M (100%)       8192M (100%)       8192M (100%)       8192M (100%)       8192M (100%)   
[136.477s][info][gc,heap     ] GC(290)      Free:     8184M (100%)       8184M (100%)       8184M (100%)       8186M (100%)       8186M (100%)       8178M (100%)   
[136.477s][info][gc,heap     ] GC(290)      Used:        8M (0%)            8M (0%)            8M (0%)            6M (0%)           14M (0%)            6M (0%)     
[136.477s][info][gc,heap     ] GC(290)      Live:         -                 0M (0%)            0M (0%)            0M (0%)             -                  -          
[136.477s][info][gc,heap     ] GC(290) Allocated:         -                 0M (0%)            0M (0%)            0M (0%)             -                  -          
[136.477s][info][gc,heap     ] GC(290)   Garbage:         -                 7M (0%)            7M (0%)            5M (0%)             -                  -          
[136.477s][info][gc,heap     ] GC(290) Reclaimed:         -                  -                 0M (0%)            2M (0%)             -                  -          
[136.477s][info][gc          ] GC(290) Garbage Collection (System.gc()) 8M(0%)->6M(0%)
[136.933s][info][gc,start    ] GC(291) Garbage Collection (System.gc())
[136.933s][info][gc,task     ] GC(291) Using 3 workers
[136.934s][info][gc,phases   ] GC(291) Pause Mark Start 0.011ms
[136.946s][info][gc,phases   ] GC(291) Concurrent Mark 12.264ms
[136.946s][info][gc,phases   ] GC(291) Pause Mark End 0.024ms
[136.946s][info][gc,phases   ] GC(291) Concurrent Mark Free 0.001ms
[136.947s][info][gc,phases   ] GC(291) Concurrent Process Non-Strong References 0.809ms
[136.947s][info][gc,phases   ] GC(291) Concurrent Reset Relocation Set 0.002ms
[136.951s][info][gc,phases   ] GC(291) Concurrent Select Relocation Set 3.703ms
[136.951s][info][gc,phases   ] GC(291) Pause Relocate Start 0.009ms
[136.951s][info][gc,phases   ] GC(291) Concurrent Relocate 0.472ms
[136.951s][info][gc,load     ] GC(291) Load: 3.14/1.76/1.69
[136.951s][info][gc,mmu      ] GC(291) MMU: 2ms/87.2%, 5ms/94.3%, 10ms/97.1%, 20ms/98.5%, 50ms/99.4%, 100ms/99.7%
[136.951s][info][gc,marking  ] GC(291) Mark: 2 stripe(s), 1 proactive flush(es), 1 terminate flush(es), 0 completion(s), 0 continuation(s) 
[136.951s][info][gc,marking  ] GC(291) Mark Stack Usage: 32M
[136.951s][info][gc,nmethod  ] GC(291) NMethods: 412 registered, 16 unregistered
[136.951s][info][gc,metaspace] GC(291) Metaspace: 0M used, 0M committed, 1088M reserved
[136.951s][info][gc,ref      ] GC(291) Soft: 2 encountered, 0 discovered, 0 enqueued
[136.951s][info][gc,ref      ] GC(291) Weak: 9 encountered, 1 discovered, 0 enqueued
[136.951s][info][gc,ref      ] GC(291) Final: 0 encountered, 0 discovered, 0 enqueued
[136.951s][info][gc,ref      ] GC(291) Phantom: 3 encountered, 2 discovered, 0 enqueued
[136.951s][info][gc,reloc    ] GC(291) Small Pages: 4 / 8M, Empty: 0M, Relocated: 0M, In-Place: 0
[136.951s][info][gc,reloc    ] GC(291) Medium Pages: 0 / 0M, Empty: 0M, Relocated: 0M, In-Place: 0
[136.951s][info][gc,reloc    ] GC(291) Large Pages: 0 / 0M, Empty: 0M, Relocated: 0M, In-Place: 0
[136.951s][info][gc,reloc    ] GC(291) Forwarding Usage: 0M
[136.951s][info][gc,heap     ] GC(291) Min Capacity: 8192M(100%)
[136.951s][info][gc,heap     ] GC(291) Max Capacity: 8192M(100%)
[136.951s][info][gc,heap     ] GC(291) Soft Max Capacity: 8192M(100%)
[136.951s][info][gc,heap     ] GC(291)                Mark Start          Mark End        Relocate Start      Relocate End           High               Low         
[136.951s][info][gc,heap     ] GC(291)  Capacity:     8192M (100%)       8192M (100%)       8192M (100%)       8192M (100%)       8192M (100%)       8192M (100%)   
[136.951s][info][gc,heap     ] GC(291)      Free:     8184M (100%)       8184M (100%)       8184M (100%)       8186M (100%)       8186M (100%)       8178M (100%)   
[136.952s][info][gc,heap     ] GC(291)      Used:        8M (0%)            8M (0%)            8M (0%)            6M (0%)           14M (0%)            6M (0%)     
[136.952s][info][gc,heap     ] GC(291)      Live:         -                 0M (0%)            0M (0%)            0M (0%)             -                  -          
[136.952s][info][gc,heap     ] GC(291) Allocated:         -                 0M (0%)            0M (0%)            0M (0%)             -                  -          
[136.952s][info][gc,heap     ] GC(291)   Garbage:         -                 7M (0%)            7M (0%)            5M (0%)             -                  -          
[136.952s][info][gc,heap     ] GC(291) Reclaimed:         -                  -                 0M (0%)            2M (0%)             -                  -          
[136.952s][info][gc          ] GC(291) Garbage Collection (System.gc()) 8M(0%)->6M(0%)
[137.417s][info][gc,start    ] GC(292) Garbage Collection (System.gc())
[137.417s][info][gc,task     ] GC(292) Using 3 workers
[137.417s][info][gc,phases   ] GC(292) Pause Mark Start 0.008ms
[137.419s][info][gc,phases   ] GC(292) Concurrent Mark 2.005ms
[137.419s][info][gc,phases   ] GC(292) Pause Mark End 0.014ms
[137.419s][info][gc,phases   ] GC(292) Concurrent Mark Free 0.001ms
[137.420s][info][gc,phases   ] GC(292) Concurrent Process Non-Strong References 0.533ms
[137.420s][info][gc,phases   ] GC(292) Concurrent Reset Relocation Set 0.001ms
[137.425s][info][gc,phases   ] GC(292) Concurrent Select Relocation Set 4.709ms
[137.427s][info][gc,phases   ] GC(292) Pause Relocate Start 0.007ms
[137.428s][info][gc,phases   ] GC(292) Concurrent Relocate 0.687ms
[137.428s][info][gc,load     ] GC(292) Load: 3.14/1.76/1.69
[137.428s][info][gc,mmu      ] GC(292) MMU: 2ms/87.2%, 5ms/94.3%, 10ms/97.1%, 20ms/98.5%, 50ms/99.4%, 100ms/99.7%
[137.428s][info][gc,marking  ] GC(292) Mark: 2 stripe(s), 1 proactive flush(es), 1 terminate flush(es), 0 completion(s), 0 continuation(s) 
[137.428s][info][gc,marking  ] GC(292) Mark Stack Usage: 32M
[137.428s][info][gc,nmethod  ] GC(292) NMethods: 412 registered, 16 unregistered
[137.428s][info][gc,metaspace] GC(292) Metaspace: 0M used, 0M committed, 1088M reserved
[137.428s][info][gc,ref      ] GC(292) Soft: 2 encountered, 0 discovered, 0 enqueued
[137.428s][info][gc,ref      ] GC(292) Weak: 9 encountered, 0 discovered, 0 enqueued
[137.428s][info][gc,ref      ] GC(292) Final: 0 encountered, 0 discovered, 0 enqueued
[137.428s][info][gc,ref      ] GC(292) Phantom: 3 encountered, 1 discovered, 0 enqueued
[137.428s][info][gc,reloc    ] GC(292) Small Pages: 4 / 8M, Empty: 0M, Relocated: 0M, In-Place: 0
[137.428s][info][gc,reloc    ] GC(292) Medium Pages: 0 / 0M, Empty: 0M, Relocated: 0M, In-Place: 0
[137.428s][info][gc,reloc    ] GC(292) Large Pages: 0 / 0M, Empty: 0M, Relocated: 0M, In-Place: 0
[137.428s][info][gc,reloc    ] GC(292) Forwarding Usage: 0M
[137.428s][info][gc,heap     ] GC(292) Min Capacity: 8192M(100%)
[137.428s][info][gc,heap     ] GC(292) Max Capacity: 8192M(100%)
[137.428s][info][gc,heap     ] GC(292) Soft Max Capacity: 8192M(100%)
[137.428s][info][gc,heap     ] GC(292)                Mark Start          Mark End        Relocate Start      Relocate End           High               Low         
[137.428s][info][gc,heap     ] GC(292)  Capacity:     8192M (100%)       8192M (100%)       8192M (100%)       8192M (100%)       8192M (100%)       8192M (100%)   
[137.428s][info][gc,heap     ] GC(292)      Free:     8184M (100%)       8184M (100%)       8184M (100%)       8186M (100%)       8186M (100%)       8180M (100%)   
[137.428s][info][gc,heap     ] GC(292)      Used:        8M (0%)            8M (0%)            8M (0%)            6M (0%)           12M (0%)            6M (0%)     
[137.428s][info][gc,heap     ] GC(292)      Live:         -                 0M (0%)            0M (0%)            0M (0%)             -                  -          
[137.428s][info][gc,heap     ] GC(292) Allocated:         -                 0M (0%)            0M (0%)            0M (0%)             -                  -          
[137.428s][info][gc,heap     ] GC(292)   Garbage:         -                 7M (0%)            7M (0%)            5M (0%)             -                  -          
[137.428s][info][gc,heap     ] GC(292) Reclaimed:         -                  -                 0M (0%)            2M (0%)             -                  -          
[137.428s][info][gc          ] GC(292) Garbage Collection (System.gc()) 8M(0%)->6M(0%)
[137.886s][info][gc,start    ] GC(293) Garbage Collection (System.gc())
[137.886s][info][gc,task     ] GC(293) Using 3 workers
[137.887s][info][gc,phases   ] GC(293) Pause Mark Start 0.011ms
[137.889s][info][gc,phases   ] GC(293) Concurrent Mark 2.456ms
[137.889s][info][gc,phases   ] GC(293) Pause Mark End 0.011ms
[137.889s][info][gc,phases   ] GC(293) Concurrent Mark Free 0.000ms
[137.890s][info][gc,phases   ] GC(293) Concurrent Process Non-Strong References 0.397ms
[137.890s][info][gc,phases   ] GC(293) Concurrent Reset Relocation Set 0.001ms
[137.892s][info][gc,phases   ] GC(293) Concurrent Select Relocation Set 2.490ms
[137.892s][info][gc,phases   ] GC(293) Pause Relocate Start 0.004ms
[137.893s][info][gc,phases   ] GC(293) Concurrent Relocate 0.401ms
[137.893s][info][gc,load     ] GC(293) Load: 3.14/1.76/1.69
[137.893s][info][gc,mmu      ] GC(293) MMU: 2ms/87.2%, 5ms/94.3%, 10ms/97.1%, 20ms/98.5%, 50ms/99.4%, 100ms/99.7%
[137.893s][info][gc,marking  ] GC(293) Mark: 2 stripe(s), 1 proactive flush(es), 1 terminate flush(es), 0 completion(s), 0 continuation(s) 
[137.893s][info][gc,marking  ] GC(293) Mark Stack Usage: 32M
[137.893s][info][gc,nmethod  ] GC(293) NMethods: 412 registered, 16 unregistered
[137.893s][info][gc,metaspace] GC(293) Metaspace: 0M used, 1M committed, 1088M reserved
[137.893s][info][gc,ref      ] GC(293) Soft: 2 encountered, 0 discovered, 0 enqueued
[137.893s][info][gc,ref      ] GC(293) Weak: 9 encountered, 0 discovered, 0 enqueued
[137.893s][info][gc,ref      ] GC(293) Final: 0 encountered, 0 discovered, 0 enqueued
[137.893s][info][gc,ref      ] GC(293) Phantom: 3 encountered, 1 discovered, 0 enqueued
[137.893s][info][gc,reloc    ] GC(293) Small Pages: 4 / 8M, Empty: 0M, Relocated: 0M, In-Place: 0
[137.893s][info][gc,reloc    ] GC(293) Medium Pages: 0 / 0M, Empty: 0M, Relocated: 0M, In-Place: 0
[137.893s][info][gc,reloc    ] GC(293) Large Pages: 0 / 0M, Empty: 0M, Relocated: 0M, In-Place: 0
[137.893s][info][gc,reloc    ] GC(293) Forwarding Usage: 0M
[137.893s][info][gc,heap     ] GC(293) Min Capacity: 8192M(100%)
[137.893s][info][gc,heap     ] GC(293) Max Capacity: 8192M(100%)
[137.893s][info][gc,heap     ] GC(293) Soft Max Capacity: 8192M(100%)
[137.893s][info][gc,heap     ] GC(293)                Mark Start          Mark End        Relocate Start      Relocate End           High               Low         
[137.893s][info][gc,heap     ] GC(293)  Capacity:     8192M (100%)       8192M (100%)       8192M (100%)       8192M (100%)       8192M (100%)       8192M (100%)   
[137.893s][info][gc,heap     ] GC(293)      Free:     8184M (100%)       8184M (100%)       8184M (100%)       8186M (100%)       8186M (100%)       8180M (100%)   
[137.893s][info][gc,heap     ] GC(293)      Used:        8M (0%)            8M (0%)            8M (0%)            6M (0%)           12M (0%)            6M (0%)     
[137.893s][info][gc,heap     ] GC(293)      Live:         -                 0M (0%)            0M (0%)            0M (0%)             -                  -          
[137.893s][info][gc,heap     ] GC(293) Allocated:         -                 0M (0%)            0M (0%)            0M (0%)             -                  -          
[137.893s][info][gc,heap     ] GC(293)   Garbage:         -                 7M (0%)            7M (0%)            5M (0%)             -                  -          
[137.893s][info][gc,heap     ] GC(293) Reclaimed:         -                  -                 0M (0%)            2M (0%)             -                  -          
[137.893s][info][gc          ] GC(293) Garbage Collection (System.gc()) 8M(0%)->6M(0%)
[138.348s][info][gc,start    ] GC(294) Garbage Collection (System.gc())
[138.348s][info][gc,task     ] GC(294) Using 3 workers
[138.348s][info][gc,phases   ] GC(294) Pause Mark Start 0.013ms
[138.360s][info][gc,phases   ] GC(294) Concurrent Mark 11.299ms
[138.360s][info][gc,phases   ] GC(294) Pause Mark End 0.020ms
[138.360s][info][gc,phases   ] GC(294) Concurrent Mark Free 0.001ms
[138.361s][info][gc,phases   ] GC(294) Concurrent Process Non-Strong References 1.084ms
[138.361s][info][gc,phases   ] GC(294) Concurrent Reset Relocation Set 0.001ms
[138.365s][info][gc,phases   ] GC(294) Concurrent Select Relocation Set 4.035ms
[138.365s][info][gc,phases   ] GC(294) Pause Relocate Start 0.007ms
[138.366s][info][gc,phases   ] GC(294) Concurrent Relocate 0.714ms
[138.366s][info][gc,load     ] GC(294) Load: 3.14/1.76/1.69
[138.366s][info][gc,mmu      ] GC(294) MMU: 2ms/87.2%, 5ms/94.3%, 10ms/97.1%, 20ms/98.5%, 50ms/99.4%, 100ms/99.7%
[138.366s][info][gc,marking  ] GC(294) Mark: 2 stripe(s), 1 proactive flush(es), 1 terminate flush(es), 0 completion(s), 0 continuation(s) 
[138.366s][info][gc,marking  ] GC(294) Mark Stack Usage: 32M
[138.366s][info][gc,nmethod  ] GC(294) NMethods: 412 registered, 16 unregistered
[138.366s][info][gc,metaspace] GC(294) Metaspace: 0M used, 1M committed, 1088M reserved
[138.366s][info][gc,ref      ] GC(294) Soft: 2 encountered, 0 discovered, 0 enqueued
[138.366s][info][gc,ref      ] GC(294) Weak: 9 encountered, 0 discovered, 0 enqueued
[138.366s][info][gc,ref      ] GC(294) Final: 0 encountered, 0 discovered, 0 enqueued
[138.366s][info][gc,ref      ] GC(294) Phantom: 3 encountered, 2 discovered, 0 enqueued
[138.366s][info][gc,reloc    ] GC(294) Small Pages: 4 / 8M, Empty: 0M, Relocated: 0M, In-Place: 0
[138.366s][info][gc,reloc    ] GC(294) Medium Pages: 0 / 0M, Empty: 0M, Relocated: 0M, In-Place: 0
[138.366s][info][gc,reloc    ] GC(294) Large Pages: 0 / 0M, Empty: 0M, Relocated: 0M, In-Place: 0
[138.366s][info][gc,reloc    ] GC(294) Forwarding Usage: 0M
[138.366s][info][gc,heap     ] GC(294) Min Capacity: 8192M(100%)
[138.366s][info][gc,heap     ] GC(294) Max Capacity: 8192M(100%)
[138.366s][info][gc,heap     ] GC(294) Soft Max Capacity: 8192M(100%)
[138.366s][info][gc,heap     ] GC(294)                Mark Start          Mark End        Relocate Start      Relocate End           High               Low         
[138.366s][info][gc,heap     ] GC(294)  Capacity:     8192M (100%)       8192M (100%)       8192M (100%)       8192M (100%)       8192M (100%)       8192M (100%)   
[138.366s][info][gc,heap     ] GC(294)      Free:     8184M (100%)       8184M (100%)       8184M (100%)       8186M (100%)       8186M (100%)       8178M (100%)   
[138.366s][info][gc,heap     ] GC(294)      Used:        8M (0%)            8M (0%)            8M (0%)            6M (0%)           14M (0%)            6M (0%)     
[138.366s][info][gc,heap     ] GC(294)      Live:         -                 0M (0%)            0M (0%)            0M (0%)             -                  -          
[138.366s][info][gc,heap     ] GC(294) Allocated:         -                 0M (0%)            0M (0%)            0M (0%)             -                  -          
[138.366s][info][gc,heap     ] GC(294)   Garbage:         -                 7M (0%)            7M (0%)            5M (0%)             -                  -          
[138.366s][info][gc,heap     ] GC(294) Reclaimed:         -                  -                 0M (0%)            2M (0%)             -                  -          
[138.366s][info][gc          ] GC(294) Garbage Collection (System.gc()) 8M(0%)->6M(0%)
[138.825s][info][gc,start    ] GC(295) Garbage Collection (System.gc())
[138.825s][info][gc,task     ] GC(295) Using 3 workers
[138.826s][info][gc,phases   ] GC(295) Pause Mark Start 0.015ms
[138.838s][info][gc,phases   ] GC(295) Concurrent Mark 3.085ms
[138.838s][info][gc,phases   ] GC(295) Pause Mark End 0.020ms
[138.838s][info][gc,phases   ] GC(295) Concurrent Mark Free 0.000ms
[138.839s][info][gc,phases   ] GC(295) Concurrent Process Non-Strong References 1.098ms
[138.839s][info][gc,phases   ] GC(295) Concurrent Reset Relocation Set 0.001ms
[138.842s][info][gc,phases   ] GC(295) Concurrent Select Relocation Set 3.151ms
[138.842s][info][gc,phases   ] GC(295) Pause Relocate Start 0.005ms
[138.843s][info][gc,phases   ] GC(295) Concurrent Relocate 0.586ms
[138.843s][info][gc,load     ] GC(295) Load: 3.14/1.76/1.69
[138.843s][info][gc,mmu      ] GC(295) MMU: 2ms/87.2%, 5ms/94.3%, 10ms/97.1%, 20ms/98.5%, 50ms/99.4%, 100ms/99.7%
[138.843s][info][gc,marking  ] GC(295) Mark: 2 stripe(s), 2 proactive flush(es), 1 terminate flush(es), 0 completion(s), 0 continuation(s) 
[138.843s][info][gc,marking  ] GC(295) Mark Stack Usage: 32M
[138.843s][info][gc,nmethod  ] GC(295) NMethods: 412 registered, 17 unregistered
[138.843s][info][gc,metaspace] GC(295) Metaspace: 0M used, 1M committed, 1088M reserved
[138.843s][info][gc,ref      ] GC(295) Soft: 2 encountered, 0 discovered, 0 enqueued
[138.843s][info][gc,ref      ] GC(295) Weak: 9 encountered, 0 discovered, 0 enqueued
[138.843s][info][gc,ref      ] GC(295) Final: 0 encountered, 0 discovered, 0 enqueued
[138.843s][info][gc,ref      ] GC(295) Phantom: 3 encountered, 2 discovered, 0 enqueued
[138.843s][info][gc,reloc    ] GC(295) Small Pages: 4 / 8M, Empty: 2M, Relocated: 0M, In-Place: 0
[138.843s][info][gc,reloc    ] GC(295) Medium Pages: 0 / 0M, Empty: 0M, Relocated: 0M, In-Place: 0
[138.843s][info][gc,reloc    ] GC(295) Large Pages: 0 / 0M, Empty: 0M, Relocated: 0M, In-Place: 0
[138.843s][info][gc,reloc    ] GC(295) Forwarding Usage: 0M
[138.843s][info][gc,heap     ] GC(295) Min Capacity: 8192M(100%)
[138.843s][info][gc,heap     ] GC(295) Max Capacity: 8192M(100%)
[138.843s][info][gc,heap     ] GC(295) Soft Max Capacity: 8192M(100%)
[138.843s][info][gc,heap     ] GC(295)                Mark Start          Mark End        Relocate Start      Relocate End           High               Low         
[138.843s][info][gc,heap     ] GC(295)  Capacity:     8192M (100%)       8192M (100%)       8192M (100%)       8192M (100%)       8192M (100%)       8192M (100%)   
[138.843s][info][gc,heap     ] GC(295)      Free:     8184M (100%)       8184M (100%)       8186M (100%)       8186M (100%)       8186M (100%)       8180M (100%)   
[138.843s][info][gc,heap     ] GC(295)      Used:        8M (0%)            8M (0%)            6M (0%)            6M (0%)           12M (0%)            6M (0%)     
[138.843s][info][gc,heap     ] GC(295)      Live:         -                 0M (0%)            0M (0%)            0M (0%)             -                  -          
[138.843s][info][gc,heap     ] GC(295) Allocated:         -                 0M (0%)            0M (0%)            0M (0%)             -                  -          
[138.843s][info][gc,heap     ] GC(295)   Garbage:         -                 7M (0%)            5M (0%)            5M (0%)             -                  -          
[138.843s][info][gc,heap     ] GC(295) Reclaimed:         -                  -                 2M (0%)            2M (0%)             -                  -          
[138.843s][info][gc          ] GC(295) Garbage Collection (System.gc()) 8M(0%)->6M(0%)
[139.300s][info][gc,start    ] GC(296) Garbage Collection (System.gc())
[139.300s][info][gc,task     ] GC(296) Using 3 workers
[139.301s][info][gc,phases   ] GC(296) Pause Mark Start 0.014ms
[139.314s][info][gc,phases   ] GC(296) Concurrent Mark 13.140ms
[139.314s][info][gc,phases   ] GC(296) Pause Mark End 0.023ms
[139.314s][info][gc,phases   ] GC(296) Concurrent Mark Free 0.001ms
[139.317s][info][gc,phases   ] GC(296) Concurrent Process Non-Strong References 2.861ms
[139.317s][info][gc,phases   ] GC(296) Concurrent Reset Relocation Set 0.002ms
[139.321s][info][gc,phases   ] GC(296) Concurrent Select Relocation Set 3.553ms
[139.321s][info][gc,phases   ] GC(296) Pause Relocate Start 0.007ms
[139.321s][info][gc,phases   ] GC(296) Concurrent Relocate 0.504ms
[139.321s][info][gc,load     ] GC(296) Load: 3.14/1.76/1.69
[139.321s][info][gc,mmu      ] GC(296) MMU: 2ms/87.2%, 5ms/94.3%, 10ms/97.1%, 20ms/98.5%, 50ms/99.4%, 100ms/99.7%
[139.321s][info][gc,marking  ] GC(296) Mark: 2 stripe(s), 1 proactive flush(es), 1 terminate flush(es), 0 completion(s), 0 continuation(s) 
[139.321s][info][gc,marking  ] GC(296) Mark Stack Usage: 32M
[139.321s][info][gc,nmethod  ] GC(296) NMethods: 412 registered, 17 unregistered
[139.321s][info][gc,metaspace] GC(296) Metaspace: 0M used, 1M committed, 1088M reserved
[139.321s][info][gc,ref      ] GC(296) Soft: 2 encountered, 0 discovered, 0 enqueued
[139.321s][info][gc,ref      ] GC(296) Weak: 9 encountered, 0 discovered, 0 enqueued
[139.321s][info][gc,ref      ] GC(296) Final: 0 encountered, 0 discovered, 0 enqueued
[139.321s][info][gc,ref      ] GC(296) Phantom: 3 encountered, 2 discovered, 0 enqueued
[139.321s][info][gc,reloc    ] GC(296) Small Pages: 4 / 8M, Empty: 0M, Relocated: 0M, In-Place: 0
[139.321s][info][gc,reloc    ] GC(296) Medium Pages: 0 / 0M, Empty: 0M, Relocated: 0M, In-Place: 0
[139.321s][info][gc,reloc    ] GC(296) Large Pages: 0 / 0M, Empty: 0M, Relocated: 0M, In-Place: 0
[139.321s][info][gc,reloc    ] GC(296) Forwarding Usage: 0M
[139.321s][info][gc,heap     ] GC(296) Min Capacity: 8192M(100%)
[139.321s][info][gc,heap     ] GC(296) Max Capacity: 8192M(100%)
[139.322s][info][gc,heap     ] GC(296) Soft Max Capacity: 8192M(100%)
[139.322s][info][gc,heap     ] GC(296)                Mark Start          Mark End        Relocate Start      Relocate End           High               Low         
[139.322s][info][gc,heap     ] GC(296)  Capacity:     8192M (100%)       8192M (100%)       8192M (100%)       8192M (100%)       8192M (100%)       8192M (100%)   
[139.322s][info][gc,heap     ] GC(296)      Free:     8184M (100%)       8184M (100%)       8184M (100%)       8186M (100%)       8186M (100%)       8180M (100%)   
[139.322s][info][gc,heap     ] GC(296)      Used:        8M (0%)            8M (0%)            8M (0%)            6M (0%)           12M (0%)            6M (0%)     
[139.322s][info][gc,heap     ] GC(296)      Live:         -                 0M (0%)            0M (0%)            0M (0%)             -                  -          
[139.322s][info][gc,heap     ] GC(296) Allocated:         -                 0M (0%)            0M (0%)            0M (0%)             -                  -          
[139.322s][info][gc,heap     ] GC(296)   Garbage:         -                 7M (0%)            7M (0%)            5M (0%)             -                  -          
[139.322s][info][gc,heap     ] GC(296) Reclaimed:         -                  -                 0M (0%)            2M (0%)             -                  -          
[139.322s][info][gc          ] GC(296) Garbage Collection (System.gc()) 8M(0%)->6M(0%)
[139.786s][info][gc,start    ] GC(297) Garbage Collection (System.gc())
[139.786s][info][gc,task     ] GC(297) Using 3 workers
[139.786s][info][gc,phases   ] GC(297) Pause Mark Start 0.012ms
[139.789s][info][gc,phases   ] GC(297) Concurrent Mark 2.710ms
[139.789s][info][gc,phases   ] GC(297) Pause Mark End 0.013ms
[139.789s][info][gc,phases   ] GC(297) Concurrent Mark Free 0.000ms
[139.790s][info][gc,phases   ] GC(297) Concurrent Process Non-Strong References 1.041ms
[139.790s][info][gc,phases   ] GC(297) Concurrent Reset Relocation Set 0.001ms
[139.794s][info][gc,phases   ] GC(297) Concurrent Select Relocation Set 3.893ms
[139.794s][info][gc,phases   ] GC(297) Pause Relocate Start 0.009ms
[139.795s][info][gc,phases   ] GC(297) Concurrent Relocate 0.767ms
[139.795s][info][gc,load     ] GC(297) Load: 3.14/1.76/1.69
[139.795s][info][gc,mmu      ] GC(297) MMU: 2ms/87.2%, 5ms/94.3%, 10ms/97.1%, 20ms/98.5%, 50ms/99.4%, 100ms/99.7%
[139.795s][info][gc,marking  ] GC(297) Mark: 2 stripe(s), 2 proactive flush(es), 1 terminate flush(es), 0 completion(s), 0 continuation(s) 
[139.795s][info][gc,marking  ] GC(297) Mark Stack Usage: 32M
[139.795s][info][gc,nmethod  ] GC(297) NMethods: 412 registered, 17 unregistered
[139.795s][info][gc,metaspace] GC(297) Metaspace: 0M used, 1M committed, 1088M reserved
[139.795s][info][gc,ref      ] GC(297) Soft: 2 encountered, 0 discovered, 0 enqueued
[139.795s][info][gc,ref      ] GC(297) Weak: 9 encountered, 0 discovered, 0 enqueued
[139.795s][info][gc,ref      ] GC(297) Final: 0 encountered, 0 discovered, 0 enqueued
[139.795s][info][gc,ref      ] GC(297) Phantom: 3 encountered, 2 discovered, 0 enqueued
[139.795s][info][gc,reloc    ] GC(297) Small Pages: 4 / 8M, Empty: 0M, Relocated: 0M, In-Place: 0
[139.795s][info][gc,reloc    ] GC(297) Medium Pages: 0 / 0M, Empty: 0M, Relocated: 0M, In-Place: 0
[139.795s][info][gc,reloc    ] GC(297) Large Pages: 0 / 0M, Empty: 0M, Relocated: 0M, In-Place: 0
[139.795s][info][gc,reloc    ] GC(297) Forwarding Usage: 0M
[139.795s][info][gc,heap     ] GC(297) Min Capacity: 8192M(100%)
[139.795s][info][gc,heap     ] GC(297) Max Capacity: 8192M(100%)
[139.795s][info][gc,heap     ] GC(297) Soft Max Capacity: 8192M(100%)
[139.795s][info][gc,heap     ] GC(297)                Mark Start          Mark End        Relocate Start      Relocate End           High               Low         
[139.795s][info][gc,heap     ] GC(297)  Capacity:     8192M (100%)       8192M (100%)       8192M (100%)       8192M (100%)       8192M (100%)       8192M (100%)   
[139.795s][info][gc,heap     ] GC(297)      Free:     8184M (100%)       8184M (100%)       8184M (100%)       8186M (100%)       8186M (100%)       8178M (100%)   
[139.795s][info][gc,heap     ] GC(297)      Used:        8M (0%)            8M (0%)            8M (0%)            6M (0%)           14M (0%)            6M (0%)     
[139.795s][info][gc,heap     ] GC(297)      Live:         -                 0M (0%)            0M (0%)            0M (0%)             -                  -          
[139.795s][info][gc,heap     ] GC(297) Allocated:         -                 0M (0%)            0M (0%)            0M (0%)             -                  -          
[139.795s][info][gc,heap     ] GC(297)   Garbage:         -                 7M (0%)            7M (0%)            5M (0%)             -                  -          
[139.795s][info][gc,heap     ] GC(297) Reclaimed:         -                  -                 0M (0%)            2M (0%)             -                  -          
[139.795s][info][gc          ] GC(297) Garbage Collection (System.gc()) 8M(0%)->6M(0%)
[140.015s][info][gc,stats    ] === Garbage Collection Statistics =======================================================================================================================
[140.015s][info][gc,stats    ]                                                              Last 10s              Last 10m              Last 10h                Total
[140.015s][info][gc,stats    ]                                                              Avg / Max             Avg / Max             Avg / Max             Avg / Max
[140.015s][info][gc,stats    ]   Collector: Garbage Collection Cycle                     14.492 / 23.250       12.799 / 24.910       12.799 / 24.910       12.799 / 24.910      ms
[140.015s][info][gc,stats    ]  Contention: Mark Segment Reset Contention                     0 / 2                 0 / 4                 0 / 4                 0 / 4           ops/s
[140.015s][info][gc,stats    ]  Contention: Mark SeqNum Reset Contention                      0 / 2                 0 / 3                 0 / 3                 0 / 3           ops/s
[140.015s][info][gc,stats    ]    Critical: Allocation Stall                                  0 / 0                 0 / 0                 0 / 0                 0 / 0           ops/s
[140.015s][info][gc,stats    ]    Critical: Allocation Stall                              0.000 / 0.000         0.000 / 0.000         0.000 / 0.000         0.000 / 0.000       ms
[140.015s][info][gc,stats    ]    Critical: GC Locker Stall                                   0 / 0                 0 / 0                 0 / 0                 0 / 0           ops/s
[140.015s][info][gc,stats    ]    Critical: GC Locker Stall                               0.000 / 0.000         0.000 / 0.000         0.000 / 0.000         0.000 / 0.000       ms
[140.015s][info][gc,stats    ]    Critical: Relocation Stall                                  0 / 0                 0 / 0                 0 / 0                 0 / 0           ops/s
[140.015s][info][gc,stats    ]    Critical: Relocation Stall                              0.000 / 0.000         0.000 / 0.000         0.000 / 0.000         0.000 / 0.000       ms
[140.015s][info][gc,stats    ]      Memory: Allocation Rate                                   4 / 6                 4 / 6                 4 / 6                 4 / 6           MB/s
[140.015s][info][gc,stats    ]      Memory: Defragment                                        0 / 0                 0 / 0                 0 / 0                 0 / 0           ops/s
[140.015s][info][gc,stats    ]      Memory: Out Of Memory                                     0 / 0                 0 / 0                 0 / 0                 0 / 0           ops/s
[140.015s][info][gc,stats    ]      Memory: Page Cache Flush                                  0 / 0                 0 / 0                 0 / 0                 0 / 0           MB/s
[140.015s][info][gc,stats    ]      Memory: Page Cache Hit L1                                 8 / 12                8 / 12                8 / 12                8 / 12          ops/s
[140.016s][info][gc,stats    ]      Memory: Page Cache Hit L2                                 0 / 0                 0 / 0                 0 / 0                 0 / 0           ops/s
[140.016s][info][gc,stats    ]      Memory: Page Cache Hit L3                                 0 / 0                 0 / 6                 0 / 6                 0 / 6           ops/s
[140.016s][info][gc,stats    ]      Memory: Page Cache Miss                                   0 / 0                 0 / 1                 0 / 1                 0 / 1           ops/s
[140.016s][info][gc,stats    ]      Memory: Uncommit                                          0 / 0                 0 / 0                 0 / 0                 0 / 0           MB/s
[140.016s][info][gc,stats    ]      Memory: Undo Object Allocation Failed                     0 / 0                 0 / 0                 0 / 0                 0 / 0           ops/s
[140.016s][info][gc,stats    ]      Memory: Undo Object Allocation Succeeded                  0 / 0                 0 / 0                 0 / 0                 0 / 0           ops/s
[140.016s][info][gc,stats    ]      Memory: Undo Page Allocation                              0 / 0                 0 / 0                 0 / 0                 0 / 0           ops/s
[140.016s][info][gc,stats    ]       Phase: Concurrent Mark                               6.299 / 13.140        4.522 / 15.502        4.522 / 15.502        4.522 / 15.502      ms
[140.016s][info][gc,stats    ]       Phase: Concurrent Mark Continue                      0.000 / 0.000         0.000 / 0.000         0.000 / 0.000         0.000 / 0.000       ms
[140.016s][info][gc,stats    ]       Phase: Concurrent Mark Free                          0.001 / 0.003         0.001 / 0.004         0.001 / 0.004         0.001 / 0.004       ms
[140.016s][info][gc,stats    ]       Phase: Concurrent Process Non-Strong References      1.673 / 10.319        1.832 / 13.093        1.832 / 13.093        1.832 / 13.093      ms
[140.016s][info][gc,stats    ]       Phase: Concurrent Relocate                           0.589 / 0.960         0.627 / 1.182         0.627 / 1.182         0.627 / 1.182       ms
[140.016s][info][gc,stats    ]       Phase: Concurrent Reset Relocation Set               0.002 / 0.006         0.002 / 0.028         0.002 / 0.028         0.002 / 0.028       ms
[140.016s][info][gc,stats    ]       Phase: Concurrent Select Relocation Set              3.581 / 4.918         4.456 / 15.311        4.456 / 15.311        4.456 / 15.311      ms
[140.016s][info][gc,stats    ]       Phase: Pause Mark End                                0.023 / 0.105         0.017 / 0.137         0.017 / 0.137         0.017 / 0.137       ms
[140.016s][info][gc,stats    ]       Phase: Pause Mark Start                              0.024 / 0.257         0.013 / 0.257         0.013 / 0.257         0.013 / 0.257       ms
[140.016s][info][gc,stats    ]       Phase: Pause Relocate Start                          0.007 / 0.014         0.008 / 0.134         0.008 / 0.134         0.008 / 0.134       ms
[140.016s][info][gc,stats    ]    Subphase: Concurrent Classes Purge                      0.026 / 0.092         0.029 / 0.287         0.029 / 0.287         0.029 / 0.287       ms
[140.016s][info][gc,stats    ]    Subphase: Concurrent Classes Unlink                     1.032 / 2.212         1.073 / 11.679        1.073 / 11.679        1.073 / 11.679      ms
[140.016s][info][gc,stats    ]    Subphase: Concurrent Mark                               2.122 / 4.625         2.318 / 11.772        2.318 / 11.772        2.318 / 11.772      ms
[140.016s][info][gc,stats    ]    Subphase: Concurrent Mark Try Flush                     0.189 / 1.557         0.211 / 6.755         0.211 / 6.755         0.211 / 6.755       ms
[140.016s][info][gc,stats    ]    Subphase: Concurrent Mark Try Terminate                 0.798 / 3.490         0.900 / 8.740         0.900 / 8.740         0.900 / 8.740       ms
[140.016s][info][gc,stats    ]    Subphase: Concurrent References Enqueue                 0.000 / 0.001         0.000 / 0.004         0.000 / 0.004         0.000 / 0.004       ms
[140.016s][info][gc,stats    ]    Subphase: Concurrent References Process                 0.451 / 8.625         0.373 / 9.421         0.373 / 9.421         0.373 / 9.421       ms
[140.016s][info][gc,stats    ]    Subphase: Concurrent Roots ClassLoaderDataGraph         0.134 / 0.572         0.127 / 2.621         0.127 / 2.621         0.127 / 2.621       ms
[140.016s][info][gc,stats    ]    Subphase: Concurrent Roots CodeCache                    0.000 / 0.000         0.000 / 0.000         0.000 / 0.000         0.000 / 0.000       ms
[140.016s][info][gc,stats    ]    Subphase: Concurrent Roots JavaThreads                  0.205 / 0.969         0.186 / 1.065         0.186 / 1.065         0.186 / 1.065       ms
[140.016s][info][gc,stats    ]    Subphase: Concurrent Roots OopStorageSet                0.017 / 0.066         0.016 / 0.358         0.016 / 0.358         0.016 / 0.358       ms
[140.016s][info][gc,stats    ]    Subphase: Concurrent Weak Roots OopStorageSet           0.066 / 0.625         0.058 / 0.625         0.058 / 0.625         0.058 / 0.625       ms
[140.016s][info][gc,stats    ]    Subphase: Pause Mark Try Complete                       0.000 / 0.000         0.000 / 0.000         0.000 / 0.000         0.000 / 0.000       ms
[140.016s][info][gc,stats    ]      System: Java Threads                                     10 / 10               10 / 10               10 / 10               10 / 10          threads
[140.016s][info][gc,stats    ] =========================================================================================================================================================
[140.257s][info][gc,start    ] GC(298) Garbage Collection (System.gc())
[140.257s][info][gc,task     ] GC(298) Using 3 workers
[140.258s][info][gc,phases   ] GC(298) Pause Mark Start 0.013ms
[140.261s][info][gc,phases   ] GC(298) Concurrent Mark 3.042ms
[140.261s][info][gc,phases   ] GC(298) Pause Mark End 0.012ms
[140.261s][info][gc,phases   ] GC(298) Concurrent Mark Free 0.000ms
[140.262s][info][gc,phases   ] GC(298) Concurrent Process Non-Strong References 1.014ms
[140.263s][info][gc,phases   ] GC(298) Concurrent Reset Relocation Set 0.001ms
[140.266s][info][gc,phases   ] GC(298) Concurrent Select Relocation Set 3.740ms
[140.266s][info][gc,phases   ] GC(298) Pause Relocate Start 0.008ms
[140.267s][info][gc,phases   ] GC(298) Concurrent Relocate 0.680ms
[140.267s][info][gc,load     ] GC(298) Load: 3.13/1.78/1.70
[140.267s][info][gc,mmu      ] GC(298) MMU: 2ms/87.2%, 5ms/94.3%, 10ms/97.1%, 20ms/98.5%, 50ms/99.4%, 100ms/99.7%
[140.267s][info][gc,marking  ] GC(298) Mark: 2 stripe(s), 2 proactive flush(es), 1 terminate flush(es), 0 completion(s), 0 continuation(s) 
[140.267s][info][gc,marking  ] GC(298) Mark Stack Usage: 32M
[140.267s][info][gc,nmethod  ] GC(298) NMethods: 431 registered, 18 unregistered
[140.267s][info][gc,metaspace] GC(298) Metaspace: 0M used, 1M committed, 1088M reserved
[140.267s][info][gc,ref      ] GC(298) Soft: 2 encountered, 0 discovered, 0 enqueued
[140.267s][info][gc,ref      ] GC(298) Weak: 9 encountered, 0 discovered, 0 enqueued
[140.267s][info][gc,ref      ] GC(298) Final: 0 encountered, 0 discovered, 0 enqueued
[140.267s][info][gc,ref      ] GC(298) Phantom: 3 encountered, 2 discovered, 0 enqueued
[140.267s][info][gc,reloc    ] GC(298) Small Pages: 4 / 8M, Empty: 0M, Relocated: 0M, In-Place: 0
[140.267s][info][gc,reloc    ] GC(298) Medium Pages: 0 / 0M, Empty: 0M, Relocated: 0M, In-Place: 0
[140.267s][info][gc,reloc    ] GC(298) Large Pages: 0 / 0M, Empty: 0M, Relocated: 0M, In-Place: 0
[140.267s][info][gc,reloc    ] GC(298) Forwarding Usage: 0M
[140.267s][info][gc,heap     ] GC(298) Min Capacity: 8192M(100%)
[140.267s][info][gc,heap     ] GC(298) Max Capacity: 8192M(100%)
[140.267s][info][gc,heap     ] GC(298) Soft Max Capacity: 8192M(100%)
[140.267s][info][gc,heap     ] GC(298)                Mark Start          Mark End        Relocate Start      Relocate End           High               Low         
[140.267s][info][gc,heap     ] GC(298)  Capacity:     8192M (100%)       8192M (100%)       8192M (100%)       8192M (100%)       8192M (100%)       8192M (100%)   
[140.267s][info][gc,heap     ] GC(298)      Free:     8184M (100%)       8184M (100%)       8184M (100%)       8186M (100%)       8186M (100%)       8178M (100%)   
[140.267s][info][gc,heap     ] GC(298)      Used:        8M (0%)            8M (0%)            8M (0%)            6M (0%)           14M (0%)            6M (0%)     
[140.267s][info][gc,heap     ] GC(298)      Live:         -                 0M (0%)            0M (0%)            0M (0%)             -                  -          
[140.267s][info][gc,heap     ] GC(298) Allocated:         -                 0M (0%)            0M (0%)            0M (0%)             -                  -          
[140.267s][info][gc,heap     ] GC(298)   Garbage:         -                 7M (0%)            7M (0%)            5M (0%)             -                  -          
[140.267s][info][gc,heap     ] GC(298) Reclaimed:         -                  -                 0M (0%)            2M (0%)             -                  -          
[140.267s][info][gc          ] GC(298) Garbage Collection (System.gc()) 8M(0%)->6M(0%)
[140.731s][info][gc,start    ] GC(299) Garbage Collection (System.gc())
[140.731s][info][gc,task     ] GC(299) Using 3 workers
[140.731s][info][gc,phases   ] GC(299) Pause Mark Start 0.008ms
[140.733s][info][gc,phases   ] GC(299) Concurrent Mark 2.094ms
[140.733s][info][gc,phases   ] GC(299) Pause Mark End 0.013ms
[140.734s][info][gc,phases   ] GC(299) Concurrent Mark Free 0.000ms
[140.735s][info][gc,phases   ] GC(299) Concurrent Process Non-Strong References 1.131ms
[140.735s][info][gc,phases   ] GC(299) Concurrent Reset Relocation Set 0.002ms
[140.737s][info][gc,phases   ] GC(299) Concurrent Select Relocation Set 2.691ms
[140.737s][info][gc,phases   ] GC(299) Pause Relocate Start 0.005ms
[140.738s][info][gc,phases   ] GC(299) Concurrent Relocate 0.388ms
[140.738s][info][gc,load     ] GC(299) Load: 3.13/1.78/1.70
[140.738s][info][gc,mmu      ] GC(299) MMU: 2ms/87.2%, 5ms/94.3%, 10ms/97.1%, 20ms/98.5%, 50ms/99.4%, 100ms/99.7%
[140.738s][info][gc,marking  ] GC(299) Mark: 2 stripe(s), 1 proactive flush(es), 1 terminate flush(es), 0 completion(s), 0 continuation(s) 
[140.738s][info][gc,marking  ] GC(299) Mark Stack Usage: 32M
[140.738s][info][gc,nmethod  ] GC(299) NMethods: 431 registered, 18 unregistered
[140.738s][info][gc,metaspace] GC(299) Metaspace: 0M used, 1M committed, 1088M reserved
[140.738s][info][gc,ref      ] GC(299) Soft: 2 encountered, 0 discovered, 0 enqueued
[140.738s][info][gc,ref      ] GC(299) Weak: 9 encountered, 0 discovered, 0 enqueued
[140.738s][info][gc,ref      ] GC(299) Final: 0 encountered, 0 discovered, 0 enqueued
[140.738s][info][gc,ref      ] GC(299) Phantom: 3 encountered, 2 discovered, 0 enqueued
[140.738s][info][gc,reloc    ] GC(299) Small Pages: 4 / 8M, Empty: 0M, Relocated: 0M, In-Place: 0
[140.738s][info][gc,reloc    ] GC(299) Medium Pages: 0 / 0M, Empty: 0M, Relocated: 0M, In-Place: 0
[140.738s][info][gc,reloc    ] GC(299) Large Pages: 0 / 0M, Empty: 0M, Relocated: 0M, In-Place: 0
[140.738s][info][gc,reloc    ] GC(299) Forwarding Usage: 0M
[140.738s][info][gc,heap     ] GC(299) Min Capacity: 8192M(100%)
[140.738s][info][gc,heap     ] GC(299) Max Capacity: 8192M(100%)
[140.738s][info][gc,heap     ] GC(299) Soft Max Capacity: 8192M(100%)
[140.738s][info][gc,heap     ] GC(299)                Mark Start          Mark End        Relocate Start      Relocate End           High               Low         
[140.738s][info][gc,heap     ] GC(299)  Capacity:     8192M (100%)       8192M (100%)       8192M (100%)       8192M (100%)       8192M (100%)       8192M (100%)   
[140.738s][info][gc,heap     ] GC(299)      Free:     8184M (100%)       8184M (100%)       8184M (100%)       8186M (100%)       8186M (100%)       8180M (100%)   
[140.738s][info][gc,heap     ] GC(299)      Used:        8M (0%)            8M (0%)            8M (0%)            6M (0%)           12M (0%)            6M (0%)     
[140.738s][info][gc,heap     ] GC(299)      Live:         -                 0M (0%)            0M (0%)            0M (0%)             -                  -          
[140.738s][info][gc,heap     ] GC(299) Allocated:         -                 0M (0%)            0M (0%)            0M (0%)             -                  -          
[140.738s][info][gc,heap     ] GC(299)   Garbage:         -                 7M (0%)            7M (0%)            5M (0%)             -                  -          
[140.738s][info][gc,heap     ] GC(299) Reclaimed:         -                  -                 0M (0%)            2M (0%)             -                  -          
[140.738s][info][gc          ] GC(299) Garbage Collection (System.gc()) 8M(0%)->6M(0%)
[141.191s][info][gc,start    ] GC(300) Garbage Collection (System.gc())
[141.191s][info][gc,task     ] GC(300) Using 3 workers
[141.191s][info][gc,phases   ] GC(300) Pause Mark Start 0.013ms
[141.203s][info][gc,phases   ] GC(300) Concurrent Mark 11.811ms
[141.203s][info][gc,phases   ] GC(300) Pause Mark End 0.027ms
[141.204s][info][gc,phases   ] GC(300) Concurrent Mark Free 0.001ms
[141.206s][info][gc,phases   ] GC(300) Concurrent Process Non-Strong References 2.087ms
[141.206s][info][gc,phases   ] GC(300) Concurrent Reset Relocation Set 0.002ms
[141.209s][info][gc,phases   ] GC(300) Concurrent Select Relocation Set 3.688ms
[141.209s][info][gc,phases   ] GC(300) Pause Relocate Start 0.008ms
[141.210s][info][gc,phases   ] GC(300) Concurrent Relocate 0.522ms
[141.210s][info][gc,load     ] GC(300) Load: 3.13/1.78/1.70
[141.210s][info][gc,mmu      ] GC(300) MMU: 2ms/87.2%, 5ms/94.3%, 10ms/97.1%, 20ms/98.5%, 50ms/99.4%, 100ms/99.7%
[141.210s][info][gc,marking  ] GC(300) Mark: 2 stripe(s), 1 proactive flush(es), 1 terminate flush(es), 0 completion(s), 0 continuation(s) 
[141.210s][info][gc,marking  ] GC(300) Mark Stack Usage: 32M
[141.210s][info][gc,nmethod  ] GC(300) NMethods: 431 registered, 18 unregistered
[141.210s][info][gc,metaspace] GC(300) Metaspace: 0M used, 1M committed, 1088M reserved
[141.210s][info][gc,ref      ] GC(300) Soft: 2 encountered, 0 discovered, 0 enqueued
[141.210s][info][gc,ref      ] GC(300) Weak: 9 encountered, 0 discovered, 0 enqueued
[141.210s][info][gc,ref      ] GC(300) Final: 0 encountered, 0 discovered, 0 enqueued
[141.210s][info][gc,ref      ] GC(300) Phantom: 3 encountered, 1 discovered, 0 enqueued
[141.210s][info][gc,reloc    ] GC(300) Small Pages: 4 / 8M, Empty: 0M, Relocated: 0M, In-Place: 0
[141.210s][info][gc,reloc    ] GC(300) Medium Pages: 0 / 0M, Empty: 0M, Relocated: 0M, In-Place: 0
[141.210s][info][gc,reloc    ] GC(300) Large Pages: 0 / 0M, Empty: 0M, Relocated: 0M, In-Place: 0
[141.210s][info][gc,reloc    ] GC(300) Forwarding Usage: 0M
[141.210s][info][gc,heap     ] GC(300) Min Capacity: 8192M(100%)
[141.210s][info][gc,heap     ] GC(300) Max Capacity: 8192M(100%)
[141.210s][info][gc,heap     ] GC(300) Soft Max Capacity: 8192M(100%)
[141.210s][info][gc,heap     ] GC(300)                Mark Start          Mark End        Relocate Start      Relocate End           High               Low         
[141.210s][info][gc,heap     ] GC(300)  Capacity:     8192M (100%)       8192M (100%)       8192M (100%)       8192M (100%)       8192M (100%)       8192M (100%)   
[141.210s][info][gc,heap     ] GC(300)      Free:     8184M (100%)       8184M (100%)       8184M (100%)       8186M (100%)       8186M (100%)       8178M (100%)   
[141.210s][info][gc,heap     ] GC(300)      Used:        8M (0%)            8M (0%)            8M (0%)            6M (0%)           14M (0%)            6M (0%)     
[141.210s][info][gc,heap     ] GC(300)      Live:         -                 0M (0%)            0M (0%)            0M (0%)             -                  -          
[141.210s][info][gc,heap     ] GC(300) Allocated:         -                 0M (0%)            0M (0%)            0M (0%)             -                  -          
[141.210s][info][gc,heap     ] GC(300)   Garbage:         -                 7M (0%)            7M (0%)            5M (0%)             -                  -          
[141.210s][info][gc,heap     ] GC(300) Reclaimed:         -                  -                 0M (0%)            2M (0%)             -                  -          
[141.210s][info][gc          ] GC(300) Garbage Collection (System.gc()) 8M(0%)->6M(0%)
[141.667s][info][gc,start    ] GC(301) Garbage Collection (System.gc())
[141.667s][info][gc,task     ] GC(301) Using 3 workers
[141.667s][info][gc,phases   ] GC(301) Pause Mark Start 0.010ms
[141.678s][info][gc,phases   ] GC(301) Concurrent Mark 2.680ms
[141.679s][info][gc,phases   ] GC(301) Pause Mark End 0.015ms
[141.679s][info][gc,phases   ] GC(301) Concurrent Mark Free 0.000ms
[141.680s][info][gc,phases   ] GC(301) Concurrent Process Non-Strong References 1.063ms
[141.680s][info][gc,phases   ] GC(301) Concurrent Reset Relocation Set 0.001ms
[141.684s][info][gc,phases   ] GC(301) Concurrent Select Relocation Set 3.861ms
[141.684s][info][gc,phases   ] GC(301) Pause Relocate Start 0.008ms
[141.685s][info][gc,phases   ] GC(301) Concurrent Relocate 0.776ms
[141.685s][info][gc,load     ] GC(301) Load: 3.13/1.78/1.70
[141.685s][info][gc,mmu      ] GC(301) MMU: 2ms/87.2%, 5ms/94.3%, 10ms/97.1%, 20ms/98.5%, 50ms/99.4%, 100ms/99.7%
[141.685s][info][gc,marking  ] GC(301) Mark: 2 stripe(s), 1 proactive flush(es), 1 terminate flush(es), 0 completion(s), 0 continuation(s) 
[141.685s][info][gc,marking  ] GC(301) Mark Stack Usage: 32M
[141.685s][info][gc,nmethod  ] GC(301) NMethods: 431 registered, 18 unregistered
[141.685s][info][gc,metaspace] GC(301) Metaspace: 0M used, 1M committed, 1088M reserved
[141.685s][info][gc,ref      ] GC(301) Soft: 2 encountered, 0 discovered, 0 enqueued
[141.685s][info][gc,ref      ] GC(301) Weak: 9 encountered, 0 discovered, 0 enqueued
[141.685s][info][gc,ref      ] GC(301) Final: 0 encountered, 0 discovered, 0 enqueued
[141.685s][info][gc,ref      ] GC(301) Phantom: 3 encountered, 2 discovered, 0 enqueued
[141.685s][info][gc,reloc    ] GC(301) Small Pages: 4 / 8M, Empty: 0M, Relocated: 0M, In-Place: 0
[141.685s][info][gc,reloc    ] GC(301) Medium Pages: 0 / 0M, Empty: 0M, Relocated: 0M, In-Place: 0
[141.685s][info][gc,reloc    ] GC(301) Large Pages: 0 / 0M, Empty: 0M, Relocated: 0M, In-Place: 0
[141.685s][info][gc,reloc    ] GC(301) Forwarding Usage: 0M
[141.685s][info][gc,heap     ] GC(301) Min Capacity: 8192M(100%)
[141.685s][info][gc,heap     ] GC(301) Max Capacity: 8192M(100%)
[141.685s][info][gc,heap     ] GC(301) Soft Max Capacity: 8192M(100%)
[141.685s][info][gc,heap     ] GC(301)                Mark Start          Mark End        Relocate Start      Relocate End           High               Low         
[141.685s][info][gc,heap     ] GC(301)  Capacity:     8192M (100%)       8192M (100%)       8192M (100%)       8192M (100%)       8192M (100%)       8192M (100%)   
[141.685s][info][gc,heap     ] GC(301)      Free:     8184M (100%)       8184M (100%)       8184M (100%)       8186M (100%)       8186M (100%)       8178M (100%)   
[141.685s][info][gc,heap     ] GC(301)      Used:        8M (0%)            8M (0%)            8M (0%)            6M (0%)           14M (0%)            6M (0%)     
[141.685s][info][gc,heap     ] GC(301)      Live:         -                 0M (0%)            0M (0%)            0M (0%)             -                  -          
[141.685s][info][gc,heap     ] GC(301) Allocated:         -                 0M (0%)            0M (0%)            0M (0%)             -                  -          
[141.685s][info][gc,heap     ] GC(301)   Garbage:         -                 7M (0%)            7M (0%)            5M (0%)             -                  -          
[141.685s][info][gc,heap     ] GC(301) Reclaimed:         -                  -                 0M (0%)            2M (0%)             -                  -          
[141.685s][info][gc          ] GC(301) Garbage Collection (System.gc()) 8M(0%)->6M(0%)
[142.148s][info][gc,start    ] GC(302) Garbage Collection (System.gc())
[142.148s][info][gc,task     ] GC(302) Using 3 workers
[142.148s][info][gc,phases   ] GC(302) Pause Mark Start 0.034ms
[142.151s][info][gc,phases   ] GC(302) Concurrent Mark 2.638ms
[142.151s][info][gc,phases   ] GC(302) Pause Mark End 0.013ms
[142.151s][info][gc,phases   ] GC(302) Concurrent Mark Free 0.001ms
[142.152s][info][gc,phases   ] GC(302) Concurrent Process Non-Strong References 0.926ms
[142.152s][info][gc,phases   ] GC(302) Concurrent Reset Relocation Set 0.001ms
[142.155s][info][gc,phases   ] GC(302) Concurrent Select Relocation Set 2.989ms
[142.155s][info][gc,phases   ] GC(302) Pause Relocate Start 0.009ms
[142.156s][info][gc,phases   ] GC(302) Concurrent Relocate 0.729ms
[142.156s][info][gc,load     ] GC(302) Load: 3.13/1.78/1.70
[142.156s][info][gc,mmu      ] GC(302) MMU: 2ms/87.2%, 5ms/94.3%, 10ms/97.1%, 20ms/98.5%, 50ms/99.4%, 100ms/99.7%
[142.156s][info][gc,marking  ] GC(302) Mark: 2 stripe(s), 1 proactive flush(es), 1 terminate flush(es), 0 completion(s), 0 continuation(s) 
[142.156s][info][gc,marking  ] GC(302) Mark Stack Usage: 32M
[142.156s][info][gc,nmethod  ] GC(302) NMethods: 431 registered, 18 unregistered
[142.156s][info][gc,metaspace] GC(302) Metaspace: 0M used, 1M committed, 1088M reserved
[142.156s][info][gc,ref      ] GC(302) Soft: 2 encountered, 0 discovered, 0 enqueued
[142.156s][info][gc,ref      ] GC(302) Weak: 9 encountered, 0 discovered, 0 enqueued
[142.156s][info][gc,ref      ] GC(302) Final: 0 encountered, 0 discovered, 0 enqueued
[142.156s][info][gc,ref      ] GC(302) Phantom: 3 encountered, 1 discovered, 0 enqueued
[142.156s][info][gc,reloc    ] GC(302) Small Pages: 4 / 8M, Empty: 0M, Relocated: 0M, In-Place: 0
[142.156s][info][gc,reloc    ] GC(302) Medium Pages: 0 / 0M, Empty: 0M, Relocated: 0M, In-Place: 0
[142.156s][info][gc,reloc    ] GC(302) Large Pages: 0 / 0M, Empty: 0M, Relocated: 0M, In-Place: 0
[142.156s][info][gc,reloc    ] GC(302) Forwarding Usage: 0M
[142.156s][info][gc,heap     ] GC(302) Min Capacity: 8192M(100%)
[142.156s][info][gc,heap     ] GC(302) Max Capacity: 8192M(100%)
[142.156s][info][gc,heap     ] GC(302) Soft Max Capacity: 8192M(100%)
[142.156s][info][gc,heap     ] GC(302)                Mark Start          Mark End        Relocate Start      Relocate End           High               Low         
[142.156s][info][gc,heap     ] GC(302)  Capacity:     8192M (100%)       8192M (100%)       8192M (100%)       8192M (100%)       8192M (100%)       8192M (100%)   
[142.156s][info][gc,heap     ] GC(302)      Free:     8184M (100%)       8184M (100%)       8184M (100%)       8186M (100%)       8186M (100%)       8178M (100%)   
[142.156s][info][gc,heap     ] GC(302)      Used:        8M (0%)            8M (0%)            8M (0%)            6M (0%)           14M (0%)            6M (0%)     
[142.156s][info][gc,heap     ] GC(302)      Live:         -                 0M (0%)            0M (0%)            0M (0%)             -                  -          
[142.156s][info][gc,heap     ] GC(302) Allocated:         -                 0M (0%)            0M (0%)            0M (0%)             -                  -          
[142.156s][info][gc,heap     ] GC(302)   Garbage:         -                 7M (0%)            7M (0%)            5M (0%)             -                  -          
[142.156s][info][gc,heap     ] GC(302) Reclaimed:         -                  -                 0M (0%)            2M (0%)             -                  -          
[142.156s][info][gc          ] GC(302) Garbage Collection (System.gc()) 8M(0%)->6M(0%)
[142.611s][info][gc,start    ] GC(303) Garbage Collection (System.gc())
[142.611s][info][gc,task     ] GC(303) Using 3 workers
[142.611s][info][gc,phases   ] GC(303) Pause Mark Start 0.003ms
[142.613s][info][gc,phases   ] GC(303) Concurrent Mark 1.680ms
[142.613s][info][gc,phases   ] GC(303) Pause Mark End 0.005ms
[142.613s][info][gc,phases   ] GC(303) Concurrent Mark Free 0.000ms
[142.613s][info][gc,phases   ] GC(303) Concurrent Process Non-Strong References 0.311ms
[142.613s][info][gc,phases   ] GC(303) Concurrent Reset Relocation Set 0.001ms
[142.616s][info][gc,phases   ] GC(303) Concurrent Select Relocation Set 2.404ms
[142.616s][info][gc,phases   ] GC(303) Pause Relocate Start 0.003ms
[142.616s][info][gc,phases   ] GC(303) Concurrent Relocate 0.344ms
[142.616s][info][gc,load     ] GC(303) Load: 3.13/1.78/1.70
[142.616s][info][gc,mmu      ] GC(303) MMU: 2ms/87.2%, 5ms/94.3%, 10ms/97.1%, 20ms/98.5%, 50ms/99.4%, 100ms/99.7%
[142.616s][info][gc,marking  ] GC(303) Mark: 2 stripe(s), 1 proactive flush(es), 1 terminate flush(es), 0 completion(s), 0 continuation(s) 
[142.616s][info][gc,marking  ] GC(303) Mark Stack Usage: 32M
[142.616s][info][gc,nmethod  ] GC(303) NMethods: 431 registered, 18 unregistered
[142.616s][info][gc,metaspace] GC(303) Metaspace: 0M used, 1M committed, 1088M reserved
[142.616s][info][gc,ref      ] GC(303) Soft: 2 encountered, 0 discovered, 0 enqueued
[142.616s][info][gc,ref      ] GC(303) Weak: 9 encountered, 0 discovered, 0 enqueued
[142.616s][info][gc,ref      ] GC(303) Final: 0 encountered, 0 discovered, 0 enqueued
[142.616s][info][gc,ref      ] GC(303) Phantom: 3 encountered, 2 discovered, 0 enqueued
[142.616s][info][gc,reloc    ] GC(303) Small Pages: 4 / 8M, Empty: 0M, Relocated: 0M, In-Place: 0
[142.616s][info][gc,reloc    ] GC(303) Medium Pages: 0 / 0M, Empty: 0M, Relocated: 0M, In-Place: 0
[142.616s][info][gc,reloc    ] GC(303) Large Pages: 0 / 0M, Empty: 0M, Relocated: 0M, In-Place: 0
[142.616s][info][gc,reloc    ] GC(303) Forwarding Usage: 0M
[142.616s][info][gc,heap     ] GC(303) Min Capacity: 8192M(100%)
[142.616s][info][gc,heap     ] GC(303) Max Capacity: 8192M(100%)
[142.616s][info][gc,heap     ] GC(303) Soft Max Capacity: 8192M(100%)
[142.616s][info][gc,heap     ] GC(303)                Mark Start          Mark End        Relocate Start      Relocate End           High               Low         
[142.616s][info][gc,heap     ] GC(303)  Capacity:     8192M (100%)       8192M (100%)       8192M (100%)       8192M (100%)       8192M (100%)       8192M (100%)   
[142.616s][info][gc,heap     ] GC(303)      Free:     8184M (100%)       8184M (100%)       8184M (100%)       8186M (100%)       8186M (100%)       8178M (100%)   
[142.616s][info][gc,heap     ] GC(303)      Used:        8M (0%)            8M (0%)            8M (0%)            6M (0%)           14M (0%)            6M (0%)     
[142.616s][info][gc,heap     ] GC(303)      Live:         -                 0M (0%)            0M (0%)            0M (0%)             -                  -          
[142.616s][info][gc,heap     ] GC(303) Allocated:         -                 0M (0%)            0M (0%)            0M (0%)             -                  -          
[142.616s][info][gc,heap     ] GC(303)   Garbage:         -                 7M (0%)            7M (0%)            5M (0%)             -                  -          
[142.616s][info][gc,heap     ] GC(303) Reclaimed:         -                  -                 0M (0%)            2M (0%)             -                  -          
[142.616s][info][gc          ] GC(303) Garbage Collection (System.gc()) 8M(0%)->6M(0%)
[143.084s][info][gc,start    ] GC(304) Garbage Collection (System.gc())
[143.084s][info][gc,task     ] GC(304) Using 3 workers
[143.084s][info][gc,phases   ] GC(304) Pause Mark Start 0.016ms
[143.087s][info][gc,phases   ] GC(304) Concurrent Mark 2.798ms
[143.087s][info][gc,phases   ] GC(304) Pause Mark End 0.011ms
[143.087s][info][gc,phases   ] GC(304) Concurrent Mark Free 0.001ms
[143.088s][info][gc,phases   ] GC(304) Concurrent Process Non-Strong References 0.997ms
[143.088s][info][gc,phases   ] GC(304) Concurrent Reset Relocation Set 0.001ms
[143.091s][info][gc,phases   ] GC(304) Concurrent Select Relocation Set 3.014ms
[143.091s][info][gc,phases   ] GC(304) Pause Relocate Start 0.004ms
[143.091s][info][gc,phases   ] GC(304) Concurrent Relocate 0.330ms
[143.091s][info][gc,load     ] GC(304) Load: 3.13/1.78/1.70
[143.091s][info][gc,mmu      ] GC(304) MMU: 2ms/87.2%, 5ms/94.3%, 10ms/97.1%, 20ms/98.5%, 50ms/99.4%, 100ms/99.7%
[143.091s][info][gc,marking  ] GC(304) Mark: 2 stripe(s), 1 proactive flush(es), 1 terminate flush(es), 0 completion(s), 0 continuation(s) 
[143.091s][info][gc,marking  ] GC(304) Mark Stack Usage: 32M
[143.091s][info][gc,nmethod  ] GC(304) NMethods: 431 registered, 18 unregistered
[143.091s][info][gc,metaspace] GC(304) Metaspace: 0M used, 1M committed, 1088M reserved
[143.091s][info][gc,ref      ] GC(304) Soft: 2 encountered, 0 discovered, 0 enqueued
[143.091s][info][gc,ref      ] GC(304) Weak: 9 encountered, 0 discovered, 0 enqueued
[143.091s][info][gc,ref      ] GC(304) Final: 0 encountered, 0 discovered, 0 enqueued
[143.091s][info][gc,ref      ] GC(304) Phantom: 3 encountered, 1 discovered, 0 enqueued
[143.091s][info][gc,reloc    ] GC(304) Small Pages: 4 / 8M, Empty: 0M, Relocated: 0M, In-Place: 0
[143.091s][info][gc,reloc    ] GC(304) Medium Pages: 0 / 0M, Empty: 0M, Relocated: 0M, In-Place: 0
[143.091s][info][gc,reloc    ] GC(304) Large Pages: 0 / 0M, Empty: 0M, Relocated: 0M, In-Place: 0
[143.091s][info][gc,reloc    ] GC(304) Forwarding Usage: 0M
[143.091s][info][gc,heap     ] GC(304) Min Capacity: 8192M(100%)
[143.091s][info][gc,heap     ] GC(304) Max Capacity: 8192M(100%)
[143.091s][info][gc,heap     ] GC(304) Soft Max Capacity: 8192M(100%)
[143.091s][info][gc,heap     ] GC(304)                Mark Start          Mark End        Relocate Start      Relocate End           High               Low         
[143.091s][info][gc,heap     ] GC(304)  Capacity:     8192M (100%)       8192M (100%)       8192M (100%)       8192M (100%)       8192M (100%)       8192M (100%)   
[143.091s][info][gc,heap     ] GC(304)      Free:     8184M (100%)       8184M (100%)       8184M (100%)       8186M (100%)       8186M (100%)       8178M (100%)   
[143.091s][info][gc,heap     ] GC(304)      Used:        8M (0%)            8M (0%)            8M (0%)            6M (0%)           14M (0%)            6M (0%)     
[143.091s][info][gc,heap     ] GC(304)      Live:         -                 0M (0%)            0M (0%)            0M (0%)             -                  -          
[143.091s][info][gc,heap     ] GC(304) Allocated:         -                 0M (0%)            0M (0%)            0M (0%)             -                  -          
[143.091s][info][gc,heap     ] GC(304)   Garbage:         -                 7M (0%)            7M (0%)            5M (0%)             -                  -          
[143.091s][info][gc,heap     ] GC(304) Reclaimed:         -                  -                 0M (0%)            2M (0%)             -                  -          
[143.091s][info][gc          ] GC(304) Garbage Collection (System.gc()) 8M(0%)->6M(0%)
[143.547s][info][gc,start    ] GC(305) Garbage Collection (System.gc())
[143.547s][info][gc,task     ] GC(305) Using 3 workers
[143.547s][info][gc,phases   ] GC(305) Pause Mark Start 0.014ms
[143.561s][info][gc,phases   ] GC(305) Concurrent Mark 13.941ms
[143.562s][info][gc,phases   ] GC(305) Pause Mark End 0.027ms
[143.562s][info][gc,phases   ] GC(305) Concurrent Mark Free 0.001ms
[143.564s][info][gc,phases   ] GC(305) Concurrent Process Non-Strong References 2.309ms
[143.564s][info][gc,phases   ] GC(305) Concurrent Reset Relocation Set 0.002ms
[143.567s][info][gc,phases   ] GC(305) Concurrent Select Relocation Set 3.048ms
[143.567s][info][gc,phases   ] GC(305) Pause Relocate Start 0.007ms
[143.568s][info][gc,phases   ] GC(305) Concurrent Relocate 0.594ms
[143.568s][info][gc,load     ] GC(305) Load: 3.13/1.78/1.70
[143.568s][info][gc,mmu      ] GC(305) MMU: 2ms/87.2%, 5ms/94.3%, 10ms/97.1%, 20ms/98.5%, 50ms/99.4%, 100ms/99.7%
[143.568s][info][gc,marking  ] GC(305) Mark: 2 stripe(s), 1 proactive flush(es), 1 terminate flush(es), 0 completion(s), 0 continuation(s) 
[143.568s][info][gc,marking  ] GC(305) Mark Stack Usage: 32M
[143.568s][info][gc,nmethod  ] GC(305) NMethods: 431 registered, 18 unregistered
[143.568s][info][gc,metaspace] GC(305) Metaspace: 0M used, 1M committed, 1088M reserved
[143.568s][info][gc,ref      ] GC(305) Soft: 2 encountered, 0 discovered, 0 enqueued
[143.568s][info][gc,ref      ] GC(305) Weak: 9 encountered, 0 discovered, 0 enqueued
[143.568s][info][gc,ref      ] GC(305) Final: 0 encountered, 0 discovered, 0 enqueued
[143.568s][info][gc,ref      ] GC(305) Phantom: 3 encountered, 2 discovered, 0 enqueued
[143.568s][info][gc,reloc    ] GC(305) Small Pages: 4 / 8M, Empty: 0M, Relocated: 0M, In-Place: 0
[143.568s][info][gc,reloc    ] GC(305) Medium Pages: 0 / 0M, Empty: 0M, Relocated: 0M, In-Place: 0
[143.568s][info][gc,reloc    ] GC(305) Large Pages: 0 / 0M, Empty: 0M, Relocated: 0M, In-Place: 0
[143.568s][info][gc,reloc    ] GC(305) Forwarding Usage: 0M
[143.568s][info][gc,heap     ] GC(305) Min Capacity: 8192M(100%)
[143.568s][info][gc,heap     ] GC(305) Max Capacity: 8192M(100%)
[143.568s][info][gc,heap     ] GC(305) Soft Max Capacity: 8192M(100%)
[143.568s][info][gc,heap     ] GC(305)                Mark Start          Mark End        Relocate Start      Relocate End           High               Low         
[143.568s][info][gc,heap     ] GC(305)  Capacity:     8192M (100%)       8192M (100%)       8192M (100%)       8192M (100%)       8192M (100%)       8192M (100%)   
[143.568s][info][gc,heap     ] GC(305)      Free:     8184M (100%)       8184M (100%)       8184M (100%)       8186M (100%)       8186M (100%)       8178M (100%)   
[143.568s][info][gc,heap     ] GC(305)      Used:        8M (0%)            8M (0%)            8M (0%)            6M (0%)           14M (0%)            6M (0%)     
[143.568s][info][gc,heap     ] GC(305)      Live:         -                 0M (0%)            0M (0%)            0M (0%)             -                  -          
[143.568s][info][gc,heap     ] GC(305) Allocated:         -                 0M (0%)            0M (0%)            0M (0%)             -                  -          
[143.568s][info][gc,heap     ] GC(305)   Garbage:         -                 7M (0%)            7M (0%)            5M (0%)             -                  -          
[143.568s][info][gc,heap     ] GC(305) Reclaimed:         -                  -                 0M (0%)            2M (0%)             -                  -          
[143.568s][info][gc          ] GC(305) Garbage Collection (System.gc()) 8M(0%)->6M(0%)
[144.024s][info][gc,start    ] GC(306) Garbage Collection (System.gc())
[144.024s][info][gc,task     ] GC(306) Using 3 workers
[144.025s][info][gc,phases   ] GC(306) Pause Mark Start 0.010ms
[144.036s][info][gc,phases   ] GC(306) Concurrent Mark 2.675ms
[144.036s][info][gc,phases   ] GC(306) Pause Mark End 0.015ms
[144.036s][info][gc,phases   ] GC(306) Concurrent Mark Free 0.001ms
[144.037s][info][gc,phases   ] GC(306) Concurrent Process Non-Strong References 1.283ms
[144.037s][info][gc,phases   ] GC(306) Concurrent Reset Relocation Set 0.001ms
[144.041s][info][gc,phases   ] GC(306) Concurrent Select Relocation Set 3.444ms
[144.041s][info][gc,phases   ] GC(306) Pause Relocate Start 0.007ms
[144.042s][info][gc,phases   ] GC(306) Concurrent Relocate 0.487ms
[144.042s][info][gc,load     ] GC(306) Load: 3.13/1.78/1.70
[144.042s][info][gc,mmu      ] GC(306) MMU: 2ms/87.2%, 5ms/94.3%, 10ms/97.1%, 20ms/98.5%, 50ms/99.4%, 100ms/99.7%
[144.042s][info][gc,marking  ] GC(306) Mark: 2 stripe(s), 1 proactive flush(es), 1 terminate flush(es), 0 completion(s), 0 continuation(s) 
[144.042s][info][gc,marking  ] GC(306) Mark Stack Usage: 32M
[144.042s][info][gc,nmethod  ] GC(306) NMethods: 431 registered, 19 unregistered
[144.042s][info][gc,metaspace] GC(306) Metaspace: 0M used, 1M committed, 1088M reserved
[144.042s][info][gc,ref      ] GC(306) Soft: 2 encountered, 0 discovered, 0 enqueued
[144.042s][info][gc,ref      ] GC(306) Weak: 9 encountered, 1 discovered, 0 enqueued
[144.042s][info][gc,ref      ] GC(306) Final: 0 encountered, 0 discovered, 0 enqueued
[144.042s][info][gc,ref      ] GC(306) Phantom: 3 encountered, 2 discovered, 0 enqueued
[144.042s][info][gc,reloc    ] GC(306) Small Pages: 4 / 8M, Empty: 0M, Relocated: 0M, In-Place: 0
[144.042s][info][gc,reloc    ] GC(306) Medium Pages: 0 / 0M, Empty: 0M, Relocated: 0M, In-Place: 0
[144.042s][info][gc,reloc    ] GC(306) Large Pages: 0 / 0M, Empty: 0M, Relocated: 0M, In-Place: 0
[144.042s][info][gc,reloc    ] GC(306) Forwarding Usage: 0M
[144.042s][info][gc,heap     ] GC(306) Min Capacity: 8192M(100%)
[144.042s][info][gc,heap     ] GC(306) Max Capacity: 8192M(100%)
[144.042s][info][gc,heap     ] GC(306) Soft Max Capacity: 8192M(100%)
[144.042s][info][gc,heap     ] GC(306)                Mark Start          Mark End        Relocate Start      Relocate End           High               Low         
[144.042s][info][gc,heap     ] GC(306)  Capacity:     8192M (100%)       8192M (100%)       8192M (100%)       8192M (100%)       8192M (100%)       8192M (100%)   
[144.042s][info][gc,heap     ] GC(306)      Free:     8184M (100%)       8184M (100%)       8184M (100%)       8186M (100%)       8186M (100%)       8182M (100%)   
[144.042s][info][gc,heap     ] GC(306)      Used:        8M (0%)            8M (0%)            8M (0%)            6M (0%)           10M (0%)            6M (0%)     
[144.042s][info][gc,heap     ] GC(306)      Live:         -                 0M (0%)            0M (0%)            0M (0%)             -                  -          
[144.042s][info][gc,heap     ] GC(306) Allocated:         -                 0M (0%)            0M (0%)            0M (0%)             -                  -          
[144.042s][info][gc,heap     ] GC(306)   Garbage:         -                 7M (0%)            7M (0%)            5M (0%)             -                  -          
[144.042s][info][gc,heap     ] GC(306) Reclaimed:         -                  -                 0M (0%)            2M (0%)             -                  -          
[144.042s][info][gc          ] GC(306) Garbage Collection (System.gc()) 8M(0%)->6M(0%)
[144.499s][info][gc,start    ] GC(307) Garbage Collection (System.gc())
[144.499s][info][gc,task     ] GC(307) Using 3 workers
[144.499s][info][gc,phases   ] GC(307) Pause Mark Start 0.014ms
[144.513s][info][gc,phases   ] GC(307) Concurrent Mark 11.784ms
[144.513s][info][gc,phases   ] GC(307) Pause Mark End 0.019ms
[144.513s][info][gc,phases   ] GC(307) Concurrent Mark Free 0.001ms
[144.514s][info][gc,phases   ] GC(307) Concurrent Process Non-Strong References 1.192ms
[144.515s][info][gc,phases   ] GC(307) Concurrent Reset Relocation Set 0.001ms
[144.518s][info][gc,phases   ] GC(307) Concurrent Select Relocation Set 3.711ms
[144.518s][info][gc,phases   ] GC(307) Pause Relocate Start 0.009ms
[144.519s][info][gc,phases   ] GC(307) Concurrent Relocate 0.774ms
[144.519s][info][gc,load     ] GC(307) Load: 3.13/1.78/1.70
[144.519s][info][gc,mmu      ] GC(307) MMU: 2ms/87.2%, 5ms/94.3%, 10ms/97.1%, 20ms/98.5%, 50ms/99.4%, 100ms/99.7%
[144.519s][info][gc,marking  ] GC(307) Mark: 2 stripe(s), 1 proactive flush(es), 1 terminate flush(es), 0 completion(s), 0 continuation(s) 
[144.519s][info][gc,marking  ] GC(307) Mark Stack Usage: 32M
[144.519s][info][gc,nmethod  ] GC(307) NMethods: 431 registered, 19 unregistered
[144.519s][info][gc,metaspace] GC(307) Metaspace: 0M used, 1M committed, 1088M reserved
[144.519s][info][gc,ref      ] GC(307) Soft: 2 encountered, 0 discovered, 0 enqueued
[144.519s][info][gc,ref      ] GC(307) Weak: 9 encountered, 0 discovered, 0 enqueued
[144.519s][info][gc,ref      ] GC(307) Final: 0 encountered, 0 discovered, 0 enqueued
[144.519s][info][gc,ref      ] GC(307) Phantom: 3 encountered, 2 discovered, 0 enqueued
[144.519s][info][gc,reloc    ] GC(307) Small Pages: 4 / 8M, Empty: 0M, Relocated: 0M, In-Place: 0
[144.519s][info][gc,reloc    ] GC(307) Medium Pages: 0 / 0M, Empty: 0M, Relocated: 0M, In-Place: 0
[144.519s][info][gc,reloc    ] GC(307) Large Pages: 0 / 0M, Empty: 0M, Relocated: 0M, In-Place: 0
[144.519s][info][gc,reloc    ] GC(307) Forwarding Usage: 0M
[144.519s][info][gc,heap     ] GC(307) Min Capacity: 8192M(100%)
[144.519s][info][gc,heap     ] GC(307) Max Capacity: 8192M(100%)
[144.519s][info][gc,heap     ] GC(307) Soft Max Capacity: 8192M(100%)
[144.519s][info][gc,heap     ] GC(307)                Mark Start          Mark End        Relocate Start      Relocate End           High               Low         
[144.519s][info][gc,heap     ] GC(307)  Capacity:     8192M (100%)       8192M (100%)       8192M (100%)       8192M (100%)       8192M (100%)       8192M (100%)   
[144.519s][info][gc,heap     ] GC(307)      Free:     8184M (100%)       8184M (100%)       8184M (100%)       8186M (100%)       8186M (100%)       8178M (100%)   
[144.519s][info][gc,heap     ] GC(307)      Used:        8M (0%)            8M (0%)            8M (0%)            6M (0%)           14M (0%)            6M (0%)     
[144.519s][info][gc,heap     ] GC(307)      Live:         -                 0M (0%)            0M (0%)            0M (0%)             -                  -          
[144.519s][info][gc,heap     ] GC(307) Allocated:         -                 0M (0%)            0M (0%)            0M (0%)             -                  -          
[144.520s][info][gc,heap     ] GC(307)   Garbage:         -                 7M (0%)            7M (0%)            5M (0%)             -                  -          
[144.520s][info][gc,heap     ] GC(307) Reclaimed:         -                  -                 0M (0%)            2M (0%)             -                  -          
[144.520s][info][gc          ] GC(307) Garbage Collection (System.gc()) 8M(0%)->6M(0%)
[144.983s][info][gc,start    ] GC(308) Garbage Collection (System.gc())
[144.983s][info][gc,task     ] GC(308) Using 3 workers
[144.984s][info][gc,phases   ] GC(308) Pause Mark Start 0.014ms
[144.987s][info][gc,phases   ] GC(308) Concurrent Mark 2.957ms
[144.987s][info][gc,phases   ] GC(308) Pause Mark End 0.014ms
[144.987s][info][gc,phases   ] GC(308) Concurrent Mark Free 0.000ms
[144.988s][info][gc,phases   ] GC(308) Concurrent Process Non-Strong References 1.262ms
[144.988s][info][gc,phases   ] GC(308) Concurrent Reset Relocation Set 0.001ms
[144.991s][info][gc,phases   ] GC(308) Concurrent Select Relocation Set 2.881ms
[144.991s][info][gc,phases   ] GC(308) Pause Relocate Start 0.005ms
[144.991s][info][gc,phases   ] GC(308) Concurrent Relocate 0.401ms
[144.991s][info][gc,load     ] GC(308) Load: 3.13/1.78/1.70
[144.991s][info][gc,mmu      ] GC(308) MMU: 2ms/87.2%, 5ms/94.3%, 10ms/97.1%, 20ms/98.5%, 50ms/99.4%, 100ms/99.7%
[144.991s][info][gc,marking  ] GC(308) Mark: 2 stripe(s), 1 proactive flush(es), 1 terminate flush(es), 0 completion(s), 0 continuation(s) 
[144.991s][info][gc,marking  ] GC(308) Mark Stack Usage: 32M
[144.991s][info][gc,nmethod  ] GC(308) NMethods: 431 registered, 19 unregistered
[144.991s][info][gc,metaspace] GC(308) Metaspace: 0M used, 1M committed, 1088M reserved
[144.991s][info][gc,ref      ] GC(308) Soft: 2 encountered, 0 discovered, 0 enqueued
[144.991s][info][gc,ref      ] GC(308) Weak: 9 encountered, 0 discovered, 0 enqueued
[144.991s][info][gc,ref      ] GC(308) Final: 0 encountered, 0 discovered, 0 enqueued
[144.991s][info][gc,ref      ] GC(308) Phantom: 3 encountered, 1 discovered, 0 enqueued
[144.991s][info][gc,reloc    ] GC(308) Small Pages: 4 / 8M, Empty: 0M, Relocated: 0M, In-Place: 0
[144.991s][info][gc,reloc    ] GC(308) Medium Pages: 0 / 0M, Empty: 0M, Relocated: 0M, In-Place: 0
[144.991s][info][gc,reloc    ] GC(308) Large Pages: 0 / 0M, Empty: 0M, Relocated: 0M, In-Place: 0
[144.991s][info][gc,reloc    ] GC(308) Forwarding Usage: 0M
[144.991s][info][gc,heap     ] GC(308) Min Capacity: 8192M(100%)
[144.992s][info][gc,heap     ] GC(308) Max Capacity: 8192M(100%)
[144.992s][info][gc,heap     ] GC(308) Soft Max Capacity: 8192M(100%)
[144.992s][info][gc,heap     ] GC(308)                Mark Start          Mark End        Relocate Start      Relocate End           High               Low         
[144.992s][info][gc,heap     ] GC(308)  Capacity:     8192M (100%)       8192M (100%)       8192M (100%)       8192M (100%)       8192M (100%)       8192M (100%)   
[144.992s][info][gc,heap     ] GC(308)      Free:     8184M (100%)       8184M (100%)       8184M (100%)       8186M (100%)       8186M (100%)       8178M (100%)   
[144.992s][info][gc,heap     ] GC(308)      Used:        8M (0%)            8M (0%)            8M (0%)            6M (0%)           14M (0%)            6M (0%)     
[144.992s][info][gc,heap     ] GC(308)      Live:         -                 0M (0%)            0M (0%)            0M (0%)             -                  -          
[144.992s][info][gc,heap     ] GC(308) Allocated:         -                 0M (0%)            0M (0%)            0M (0%)             -                  -          
[144.992s][info][gc,heap     ] GC(308)   Garbage:         -                 7M (0%)            7M (0%)            5M (0%)             -                  -          
[144.992s][info][gc,heap     ] GC(308) Reclaimed:         -                  -                 0M (0%)            2M (0%)             -                  -          
[144.992s][info][gc          ] GC(308) Garbage Collection (System.gc()) 8M(0%)->6M(0%)
[145.448s][info][gc,start    ] GC(309) Garbage Collection (System.gc())
[145.448s][info][gc,task     ] GC(309) Using 3 workers
[145.448s][info][gc,phases   ] GC(309) Pause Mark Start 0.016ms
[145.460s][info][gc,phases   ] GC(309) Concurrent Mark 2.071ms
[145.460s][info][gc,phases   ] GC(309) Pause Mark End 0.010ms
[145.460s][info][gc,phases   ] GC(309) Concurrent Mark Free 0.000ms
[145.461s][info][gc,phases   ] GC(309) Concurrent Process Non-Strong References 0.881ms
[145.461s][info][gc,phases   ] GC(309) Concurrent Reset Relocation Set 0.001ms
[145.465s][info][gc,phases   ] GC(309) Concurrent Select Relocation Set 3.816ms
[145.465s][info][gc,phases   ] GC(309) Pause Relocate Start 0.018ms
[145.466s][info][gc,phases   ] GC(309) Concurrent Relocate 0.602ms
[145.466s][info][gc,load     ] GC(309) Load: 3.04/1.78/1.70
[145.466s][info][gc,mmu      ] GC(309) MMU: 2ms/87.2%, 5ms/94.3%, 10ms/97.1%, 20ms/98.5%, 50ms/99.4%, 100ms/99.7%
[145.466s][info][gc,marking  ] GC(309) Mark: 2 stripe(s), 1 proactive flush(es), 1 terminate flush(es), 0 completion(s), 0 continuation(s) 
[145.466s][info][gc,marking  ] GC(309) Mark Stack Usage: 32M
[145.466s][info][gc,nmethod  ] GC(309) NMethods: 431 registered, 19 unregistered
[145.466s][info][gc,metaspace] GC(309) Metaspace: 0M used, 1M committed, 1088M reserved
[145.466s][info][gc,ref      ] GC(309) Soft: 2 encountered, 0 discovered, 0 enqueued
[145.466s][info][gc,ref      ] GC(309) Weak: 9 encountered, 0 discovered, 0 enqueued
[145.466s][info][gc,ref      ] GC(309) Final: 0 encountered, 0 discovered, 0 enqueued
[145.466s][info][gc,ref      ] GC(309) Phantom: 3 encountered, 2 discovered, 0 enqueued
[145.466s][info][gc,reloc    ] GC(309) Small Pages: 4 / 8M, Empty: 0M, Relocated: 0M, In-Place: 0
[145.466s][info][gc,reloc    ] GC(309) Medium Pages: 0 / 0M, Empty: 0M, Relocated: 0M, In-Place: 0
[145.466s][info][gc,reloc    ] GC(309) Large Pages: 0 / 0M, Empty: 0M, Relocated: 0M, In-Place: 0
[145.466s][info][gc,reloc    ] GC(309) Forwarding Usage: 0M
[145.466s][info][gc,heap     ] GC(309) Min Capacity: 8192M(100%)
[145.466s][info][gc,heap     ] GC(309) Max Capacity: 8192M(100%)
[145.466s][info][gc,heap     ] GC(309) Soft Max Capacity: 8192M(100%)
[145.466s][info][gc,heap     ] GC(309)                Mark Start          Mark End        Relocate Start      Relocate End           High               Low         
[145.466s][info][gc,heap     ] GC(309)  Capacity:     8192M (100%)       8192M (100%)       8192M (100%)       8192M (100%)       8192M (100%)       8192M (100%)   
[145.466s][info][gc,heap     ] GC(309)      Free:     8184M (100%)       8184M (100%)       8184M (100%)       8186M (100%)       8186M (100%)       8178M (100%)   
[145.466s][info][gc,heap     ] GC(309)      Used:        8M (0%)            8M (0%)            8M (0%)            6M (0%)           14M (0%)            6M (0%)     
[145.466s][info][gc,heap     ] GC(309)      Live:         -                 0M (0%)            0M (0%)            0M (0%)             -                  -          
[145.466s][info][gc,heap     ] GC(309) Allocated:         -                 0M (0%)            0M (0%)            0M (0%)             -                  -          
[145.466s][info][gc,heap     ] GC(309)   Garbage:         -                 7M (0%)            7M (0%)            5M (0%)             -                  -          
[145.466s][info][gc,heap     ] GC(309) Reclaimed:         -                  -                 0M (0%)            2M (0%)             -                  -          
[145.466s][info][gc          ] GC(309) Garbage Collection (System.gc()) 8M(0%)->6M(0%)
[145.927s][info][gc,start    ] GC(310) Garbage Collection (System.gc())
[145.927s][info][gc,task     ] GC(310) Using 3 workers
[145.928s][info][gc,phases   ] GC(310) Pause Mark Start 0.014ms
[145.930s][info][gc,phases   ] GC(310) Concurrent Mark 2.547ms
[145.930s][info][gc,phases   ] GC(310) Pause Mark End 0.013ms
[145.930s][info][gc,phases   ] GC(310) Concurrent Mark Free 0.000ms
[145.931s][info][gc,phases   ] GC(310) Concurrent Process Non-Strong References 1.045ms
[145.931s][info][gc,phases   ] GC(310) Concurrent Reset Relocation Set 0.002ms
[145.935s][info][gc,phases   ] GC(310) Concurrent Select Relocation Set 3.783ms
[145.935s][info][gc,phases   ] GC(310) Pause Relocate Start 0.006ms
[145.936s][info][gc,phases   ] GC(310) Concurrent Relocate 0.712ms
[145.936s][info][gc,load     ] GC(310) Load: 3.04/1.78/1.70
[145.936s][info][gc,mmu      ] GC(310) MMU: 2ms/87.2%, 5ms/94.3%, 10ms/97.1%, 20ms/98.5%, 50ms/99.4%, 100ms/99.7%
[145.936s][info][gc,marking  ] GC(310) Mark: 2 stripe(s), 1 proactive flush(es), 1 terminate flush(es), 0 completion(s), 0 continuation(s) 
[145.936s][info][gc,marking  ] GC(310) Mark Stack Usage: 32M
[145.936s][info][gc,nmethod  ] GC(310) NMethods: 431 registered, 19 unregistered
[145.936s][info][gc,metaspace] GC(310) Metaspace: 0M used, 1M committed, 1088M reserved
[145.936s][info][gc,ref      ] GC(310) Soft: 2 encountered, 0 discovered, 0 enqueued
[145.936s][info][gc,ref      ] GC(310) Weak: 9 encountered, 1 discovered, 0 enqueued
[145.936s][info][gc,ref      ] GC(310) Final: 0 encountered, 0 discovered, 0 enqueued
[145.936s][info][gc,ref      ] GC(310) Phantom: 3 encountered, 1 discovered, 0 enqueued
[145.936s][info][gc,reloc    ] GC(310) Small Pages: 4 / 8M, Empty: 0M, Relocated: 0M, In-Place: 0
[145.936s][info][gc,reloc    ] GC(310) Medium Pages: 0 / 0M, Empty: 0M, Relocated: 0M, In-Place: 0
[145.936s][info][gc,reloc    ] GC(310) Large Pages: 0 / 0M, Empty: 0M, Relocated: 0M, In-Place: 0
[145.936s][info][gc,reloc    ] GC(310) Forwarding Usage: 0M
[145.936s][info][gc,heap     ] GC(310) Min Capacity: 8192M(100%)
[145.936s][info][gc,heap     ] GC(310) Max Capacity: 8192M(100%)
[145.936s][info][gc,heap     ] GC(310) Soft Max Capacity: 8192M(100%)
[145.936s][info][gc,heap     ] GC(310)                Mark Start          Mark End        Relocate Start      Relocate End           High               Low         
[145.936s][info][gc,heap     ] GC(310)  Capacity:     8192M (100%)       8192M (100%)       8192M (100%)       8192M (100%)       8192M (100%)       8192M (100%)   
[145.936s][info][gc,heap     ] GC(310)      Free:     8184M (100%)       8184M (100%)       8184M (100%)       8186M (100%)       8186M (100%)       8178M (100%)   
[145.936s][info][gc,heap     ] GC(310)      Used:        8M (0%)            8M (0%)            8M (0%)            6M (0%)           14M (0%)            6M (0%)     
[145.936s][info][gc,heap     ] GC(310)      Live:         -                 0M (0%)            0M (0%)            0M (0%)             -                  -          
[145.936s][info][gc,heap     ] GC(310) Allocated:         -                 0M (0%)            0M (0%)            0M (0%)             -                  -          
[145.936s][info][gc,heap     ] GC(310)   Garbage:         -                 7M (0%)            7M (0%)            5M (0%)             -                  -          
[145.936s][info][gc,heap     ] GC(310) Reclaimed:         -                  -                 0M (0%)            2M (0%)             -                  -          
[145.936s][info][gc          ] GC(310) Garbage Collection (System.gc()) 8M(0%)->6M(0%)
[146.400s][info][gc,start    ] GC(311) Garbage Collection (System.gc())
[146.400s][info][gc,task     ] GC(311) Using 3 workers
[146.401s][info][gc,phases   ] GC(311) Pause Mark Start 0.011ms
[146.403s][info][gc,phases   ] GC(311) Concurrent Mark 2.530ms
[146.403s][info][gc,phases   ] GC(311) Pause Mark End 0.013ms
[146.403s][info][gc,phases   ] GC(311) Concurrent Mark Free 0.000ms
[146.404s][info][gc,phases   ] GC(311) Concurrent Process Non-Strong References 0.989ms
[146.404s][info][gc,phases   ] GC(311) Concurrent Reset Relocation Set 0.001ms
[146.409s][info][gc,phases   ] GC(311) Concurrent Select Relocation Set 4.694ms
[146.409s][info][gc,phases   ] GC(311) Pause Relocate Start 0.010ms
[146.410s][info][gc,phases   ] GC(311) Concurrent Relocate 0.680ms
[146.410s][info][gc,load     ] GC(311) Load: 3.04/1.78/1.70
[146.410s][info][gc,mmu      ] GC(311) MMU: 2ms/87.2%, 5ms/94.3%, 10ms/97.1%, 20ms/98.5%, 50ms/99.4%, 100ms/99.7%
[146.410s][info][gc,marking  ] GC(311) Mark: 2 stripe(s), 1 proactive flush(es), 1 terminate flush(es), 0 completion(s), 0 continuation(s) 
[146.410s][info][gc,marking  ] GC(311) Mark Stack Usage: 32M
[146.410s][info][gc,nmethod  ] GC(311) NMethods: 431 registered, 19 unregistered
[146.410s][info][gc,metaspace] GC(311) Metaspace: 0M used, 1M committed, 1088M reserved
[146.410s][info][gc,ref      ] GC(311) Soft: 2 encountered, 0 discovered, 0 enqueued
[146.410s][info][gc,ref      ] GC(311) Weak: 9 encountered, 0 discovered, 0 enqueued
[146.410s][info][gc,ref      ] GC(311) Final: 0 encountered, 0 discovered, 0 enqueued
[146.410s][info][gc,ref      ] GC(311) Phantom: 3 encountered, 2 discovered, 0 enqueued
[146.410s][info][gc,reloc    ] GC(311) Small Pages: 4 / 8M, Empty: 0M, Relocated: 0M, In-Place: 0
[146.410s][info][gc,reloc    ] GC(311) Medium Pages: 0 / 0M, Empty: 0M, Relocated: 0M, In-Place: 0
[146.410s][info][gc,reloc    ] GC(311) Large Pages: 0 / 0M, Empty: 0M, Relocated: 0M, In-Place: 0
[146.410s][info][gc,reloc    ] GC(311) Forwarding Usage: 0M
[146.410s][info][gc,heap     ] GC(311) Min Capacity: 8192M(100%)
[146.410s][info][gc,heap     ] GC(311) Max Capacity: 8192M(100%)
[146.410s][info][gc,heap     ] GC(311) Soft Max Capacity: 8192M(100%)
[146.410s][info][gc,heap     ] GC(311)                Mark Start          Mark End        Relocate Start      Relocate End           High               Low         
[146.410s][info][gc,heap     ] GC(311)  Capacity:     8192M (100%)       8192M (100%)       8192M (100%)       8192M (100%)       8192M (100%)       8192M (100%)   
[146.410s][info][gc,heap     ] GC(311)      Free:     8184M (100%)       8184M (100%)       8184M (100%)       8186M (100%)       8186M (100%)       8178M (100%)   
[146.410s][info][gc,heap     ] GC(311)      Used:        8M (0%)            8M (0%)            8M (0%)            6M (0%)           14M (0%)            6M (0%)     
[146.410s][info][gc,heap     ] GC(311)      Live:         -                 0M (0%)            0M (0%)            0M (0%)             -                  -          
[146.410s][info][gc,heap     ] GC(311) Allocated:         -                 0M (0%)            0M (0%)            0M (0%)             -                  -          
[146.410s][info][gc,heap     ] GC(311)   Garbage:         -                 7M (0%)            7M (0%)            5M (0%)             -                  -          
[146.410s][info][gc,heap     ] GC(311) Reclaimed:         -                  -                 0M (0%)            2M (0%)             -                  -          
[146.410s][info][gc          ] GC(311) Garbage Collection (System.gc()) 8M(0%)->6M(0%)
[146.869s][info][gc,start    ] GC(312) Garbage Collection (System.gc())
[146.869s][info][gc,task     ] GC(312) Using 3 workers
[146.869s][info][gc,phases   ] GC(312) Pause Mark Start 0.012ms
[146.873s][info][gc,phases   ] GC(312) Concurrent Mark 4.290ms
[146.873s][info][gc,phases   ] GC(312) Pause Mark End 0.021ms
[146.873s][info][gc,phases   ] GC(312) Concurrent Mark Free 0.001ms
[146.883s][info][gc,phases   ] GC(312) Concurrent Process Non-Strong References 9.010ms
[146.883s][info][gc,phases   ] GC(312) Concurrent Reset Relocation Set 0.004ms
[146.886s][info][gc,phases   ] GC(312) Concurrent Select Relocation Set 3.487ms
[146.886s][info][gc,phases   ] GC(312) Pause Relocate Start 0.009ms
[146.887s][info][gc,phases   ] GC(312) Concurrent Relocate 0.613ms
[146.887s][info][gc,load     ] GC(312) Load: 3.04/1.78/1.70
[146.887s][info][gc,mmu      ] GC(312) MMU: 2ms/87.2%, 5ms/94.3%, 10ms/97.1%, 20ms/98.5%, 50ms/99.4%, 100ms/99.7%
[146.887s][info][gc,marking  ] GC(312) Mark: 2 stripe(s), 1 proactive flush(es), 1 terminate flush(es), 0 completion(s), 0 continuation(s) 
[146.887s][info][gc,marking  ] GC(312) Mark Stack Usage: 32M
[146.887s][info][gc,nmethod  ] GC(312) NMethods: 431 registered, 19 unregistered
[146.887s][info][gc,metaspace] GC(312) Metaspace: 0M used, 1M committed, 1088M reserved
[146.887s][info][gc,ref      ] GC(312) Soft: 2 encountered, 0 discovered, 0 enqueued
[146.887s][info][gc,ref      ] GC(312) Weak: 9 encountered, 0 discovered, 0 enqueued
[146.887s][info][gc,ref      ] GC(312) Final: 0 encountered, 0 discovered, 0 enqueued
[146.887s][info][gc,ref      ] GC(312) Phantom: 3 encountered, 2 discovered, 0 enqueued
[146.887s][info][gc,reloc    ] GC(312) Small Pages: 4 / 8M, Empty: 0M, Relocated: 0M, In-Place: 0
[146.887s][info][gc,reloc    ] GC(312) Medium Pages: 0 / 0M, Empty: 0M, Relocated: 0M, In-Place: 0
[146.887s][info][gc,reloc    ] GC(312) Large Pages: 0 / 0M, Empty: 0M, Relocated: 0M, In-Place: 0
[146.887s][info][gc,reloc    ] GC(312) Forwarding Usage: 0M
[146.887s][info][gc,heap     ] GC(312) Min Capacity: 8192M(100%)
[146.887s][info][gc,heap     ] GC(312) Max Capacity: 8192M(100%)
[146.887s][info][gc,heap     ] GC(312) Soft Max Capacity: 8192M(100%)
[146.887s][info][gc,heap     ] GC(312)                Mark Start          Mark End        Relocate Start      Relocate End           High               Low         
[146.887s][info][gc,heap     ] GC(312)  Capacity:     8192M (100%)       8192M (100%)       8192M (100%)       8192M (100%)       8192M (100%)       8192M (100%)   
[146.887s][info][gc,heap     ] GC(312)      Free:     8184M (100%)       8184M (100%)       8184M (100%)       8186M (100%)       8186M (100%)       8178M (100%)   
[146.887s][info][gc,heap     ] GC(312)      Used:        8M (0%)            8M (0%)            8M (0%)            6M (0%)           14M (0%)            6M (0%)     
[146.887s][info][gc,heap     ] GC(312)      Live:         -                 0M (0%)            0M (0%)            0M (0%)             -                  -          
[146.887s][info][gc,heap     ] GC(312) Allocated:         -                 0M (0%)            0M (0%)            0M (0%)             -                  -          
[146.887s][info][gc,heap     ] GC(312)   Garbage:         -                 7M (0%)            7M (0%)            5M (0%)             -                  -          
[146.887s][info][gc,heap     ] GC(312) Reclaimed:         -                  -                 0M (0%)            2M (0%)             -                  -          
[146.887s][info][gc          ] GC(312) Garbage Collection (System.gc()) 8M(0%)->6M(0%)
[147.345s][info][gc,start    ] GC(313) Garbage Collection (System.gc())
[147.345s][info][gc,task     ] GC(313) Using 3 workers
[147.345s][info][gc,phases   ] GC(313) Pause Mark Start 0.011ms
[147.349s][info][gc,phases   ] GC(313) Concurrent Mark 3.525ms
[147.349s][info][gc,phases   ] GC(313) Pause Mark End 0.024ms
[147.349s][info][gc,phases   ] GC(313) Concurrent Mark Free 0.001ms
[147.361s][info][gc,phases   ] GC(313) Concurrent Process Non-Strong References 11.246ms
[147.361s][info][gc,phases   ] GC(313) Concurrent Reset Relocation Set 0.002ms
[147.364s][info][gc,phases   ] GC(313) Concurrent Select Relocation Set 3.702ms
[147.364s][info][gc,phases   ] GC(313) Pause Relocate Start 0.015ms
[147.365s][info][gc,phases   ] GC(313) Concurrent Relocate 0.748ms
[147.365s][info][gc,load     ] GC(313) Load: 3.04/1.78/1.70
[147.365s][info][gc,mmu      ] GC(313) MMU: 2ms/87.2%, 5ms/94.3%, 10ms/97.1%, 20ms/98.5%, 50ms/99.4%, 100ms/99.7%
[147.365s][info][gc,marking  ] GC(313) Mark: 2 stripe(s), 1 proactive flush(es), 1 terminate flush(es), 0 completion(s), 0 continuation(s) 
[147.365s][info][gc,marking  ] GC(313) Mark Stack Usage: 32M
[147.365s][info][gc,nmethod  ] GC(313) NMethods: 431 registered, 19 unregistered
[147.365s][info][gc,metaspace] GC(313) Metaspace: 0M used, 1M committed, 1088M reserved
[147.365s][info][gc,ref      ] GC(313) Soft: 2 encountered, 0 discovered, 0 enqueued
[147.365s][info][gc,ref      ] GC(313) Weak: 9 encountered, 0 discovered, 0 enqueued
[147.365s][info][gc,ref      ] GC(313) Final: 0 encountered, 0 discovered, 0 enqueued
[147.365s][info][gc,ref      ] GC(313) Phantom: 3 encountered, 1 discovered, 0 enqueued
[147.365s][info][gc,reloc    ] GC(313) Small Pages: 4 / 8M, Empty: 0M, Relocated: 0M, In-Place: 0
[147.365s][info][gc,reloc    ] GC(313) Medium Pages: 0 / 0M, Empty: 0M, Relocated: 0M, In-Place: 0
[147.365s][info][gc,reloc    ] GC(313) Large Pages: 0 / 0M, Empty: 0M, Relocated: 0M, In-Place: 0
[147.365s][info][gc,reloc    ] GC(313) Forwarding Usage: 0M
[147.365s][info][gc,heap     ] GC(313) Min Capacity: 8192M(100%)
[147.365s][info][gc,heap     ] GC(313) Max Capacity: 8192M(100%)
[147.365s][info][gc,heap     ] GC(313) Soft Max Capacity: 8192M(100%)
[147.365s][info][gc,heap     ] GC(313)                Mark Start          Mark End        Relocate Start      Relocate End           High               Low         
[147.366s][info][gc,heap     ] GC(313)  Capacity:     8192M (100%)       8192M (100%)       8192M (100%)       8192M (100%)       8192M (100%)       8192M (100%)   
[147.366s][info][gc,heap     ] GC(313)      Free:     8184M (100%)       8184M (100%)       8184M (100%)       8186M (100%)       8186M (100%)       8180M (100%)   
[147.366s][info][gc,heap     ] GC(313)      Used:        8M (0%)            8M (0%)            8M (0%)            6M (0%)           12M (0%)            6M (0%)     
[147.366s][info][gc,heap     ] GC(313)      Live:         -                 0M (0%)            0M (0%)            0M (0%)             -                  -          
[147.366s][info][gc,heap     ] GC(313) Allocated:         -                 0M (0%)            0M (0%)            0M (0%)             -                  -          
[147.366s][info][gc,heap     ] GC(313)   Garbage:         -                 7M (0%)            7M (0%)            5M (0%)             -                  -          
[147.366s][info][gc,heap     ] GC(313) Reclaimed:         -                  -                 0M (0%)            2M (0%)             -                  -          
[147.366s][info][gc          ] GC(313) Garbage Collection (System.gc()) 8M(0%)->6M(0%)
[147.823s][info][gc,start    ] GC(314) Garbage Collection (System.gc())
[147.823s][info][gc,task     ] GC(314) Using 3 workers
[147.823s][info][gc,phases   ] GC(314) Pause Mark Start 0.014ms
[147.835s][info][gc,phases   ] GC(314) Concurrent Mark 11.985ms
[147.836s][info][gc,phases   ] GC(314) Pause Mark End 0.026ms
[147.836s][info][gc,phases   ] GC(314) Concurrent Mark Free 0.001ms
[147.838s][info][gc,phases   ] GC(314) Concurrent Process Non-Strong References 2.229ms
[147.838s][info][gc,phases   ] GC(314) Concurrent Reset Relocation Set 0.001ms
[147.842s][info][gc,phases   ] GC(314) Concurrent Select Relocation Set 3.462ms
[147.842s][info][gc,phases   ] GC(314) Pause Relocate Start 0.007ms
[147.842s][info][gc,phases   ] GC(314) Concurrent Relocate 0.746ms
[147.842s][info][gc,load     ] GC(314) Load: 3.04/1.78/1.70
[147.842s][info][gc,mmu      ] GC(314) MMU: 2ms/87.2%, 5ms/94.3%, 10ms/97.1%, 20ms/98.5%, 50ms/99.4%, 100ms/99.7%
[147.843s][info][gc,marking  ] GC(314) Mark: 2 stripe(s), 1 proactive flush(es), 1 terminate flush(es), 0 completion(s), 0 continuation(s) 
[147.843s][info][gc,marking  ] GC(314) Mark Stack Usage: 32M
[147.843s][info][gc,nmethod  ] GC(314) NMethods: 431 registered, 19 unregistered
[147.843s][info][gc,metaspace] GC(314) Metaspace: 0M used, 1M committed, 1088M reserved
[147.843s][info][gc,ref      ] GC(314) Soft: 2 encountered, 0 discovered, 0 enqueued
[147.843s][info][gc,ref      ] GC(314) Weak: 9 encountered, 0 discovered, 0 enqueued
[147.843s][info][gc,ref      ] GC(314) Final: 0 encountered, 0 discovered, 0 enqueued
[147.843s][info][gc,ref      ] GC(314) Phantom: 3 encountered, 2 discovered, 0 enqueued
[147.843s][info][gc,reloc    ] GC(314) Small Pages: 4 / 8M, Empty: 2M, Relocated: 0M, In-Place: 0
[147.843s][info][gc,reloc    ] GC(314) Medium Pages: 0 / 0M, Empty: 0M, Relocated: 0M, In-Place: 0
[147.843s][info][gc,reloc    ] GC(314) Large Pages: 0 / 0M, Empty: 0M, Relocated: 0M, In-Place: 0
[147.843s][info][gc,reloc    ] GC(314) Forwarding Usage: 0M
[147.843s][info][gc,heap     ] GC(314) Min Capacity: 8192M(100%)
[147.843s][info][gc,heap     ] GC(314) Max Capacity: 8192M(100%)
[147.843s][info][gc,heap     ] GC(314) Soft Max Capacity: 8192M(100%)
[147.843s][info][gc,heap     ] GC(314)                Mark Start          Mark End        Relocate Start      Relocate End           High               Low         
[147.843s][info][gc,heap     ] GC(314)  Capacity:     8192M (100%)       8192M (100%)       8192M (100%)       8192M (100%)       8192M (100%)       8192M (100%)   
[147.843s][info][gc,heap     ] GC(314)      Free:     8184M (100%)       8184M (100%)       8186M (100%)       8186M (100%)       8186M (100%)       8182M (100%)   
[147.843s][info][gc,heap     ] GC(314)      Used:        8M (0%)            8M (0%)            6M (0%)            6M (0%)           10M (0%)            6M (0%)     
[147.843s][info][gc,heap     ] GC(314)      Live:         -                 0M (0%)            0M (0%)            0M (0%)             -                  -          
[147.843s][info][gc,heap     ] GC(314) Allocated:         -                 0M (0%)            0M (0%)            0M (0%)             -                  -          
[147.843s][info][gc,heap     ] GC(314)   Garbage:         -                 7M (0%)            5M (0%)            5M (0%)             -                  -          
[147.843s][info][gc,heap     ] GC(314) Reclaimed:         -                  -                 2M (0%)            2M (0%)             -                  -          
[147.843s][info][gc          ] GC(314) Garbage Collection (System.gc()) 8M(0%)->6M(0%)
[148.301s][info][gc,start    ] GC(315) Garbage Collection (System.gc())
[148.301s][info][gc,task     ] GC(315) Using 3 workers
[148.301s][info][gc,phases   ] GC(315) Pause Mark Start 0.013ms
[148.312s][info][gc,phases   ] GC(315) Concurrent Mark 2.531ms
[148.312s][info][gc,phases   ] GC(315) Pause Mark End 0.018ms
[148.312s][info][gc,phases   ] GC(315) Concurrent Mark Free 0.001ms
[148.314s][info][gc,phases   ] GC(315) Concurrent Process Non-Strong References 1.850ms
[148.314s][info][gc,phases   ] GC(315) Concurrent Reset Relocation Set 0.001ms
[148.318s][info][gc,phases   ] GC(315) Concurrent Select Relocation Set 3.778ms
[148.318s][info][gc,phases   ] GC(315) Pause Relocate Start 0.014ms
[148.319s][info][gc,phases   ] GC(315) Concurrent Relocate 0.749ms
[148.319s][info][gc,load     ] GC(315) Load: 3.04/1.78/1.70
[148.319s][info][gc,mmu      ] GC(315) MMU: 2ms/87.2%, 5ms/94.3%, 10ms/97.1%, 20ms/98.5%, 50ms/99.4%, 100ms/99.7%
[148.319s][info][gc,marking  ] GC(315) Mark: 2 stripe(s), 1 proactive flush(es), 1 terminate flush(es), 0 completion(s), 0 continuation(s) 
[148.319s][info][gc,marking  ] GC(315) Mark Stack Usage: 32M
[148.319s][info][gc,nmethod  ] GC(315) NMethods: 431 registered, 19 unregistered
[148.319s][info][gc,metaspace] GC(315) Metaspace: 0M used, 1M committed, 1088M reserved
[148.319s][info][gc,ref      ] GC(315) Soft: 2 encountered, 0 discovered, 0 enqueued
[148.319s][info][gc,ref      ] GC(315) Weak: 9 encountered, 0 discovered, 0 enqueued
[148.319s][info][gc,ref      ] GC(315) Final: 0 encountered, 0 discovered, 0 enqueued
[148.319s][info][gc,ref      ] GC(315) Phantom: 3 encountered, 2 discovered, 0 enqueued
[148.319s][info][gc,reloc    ] GC(315) Small Pages: 4 / 8M, Empty: 2M, Relocated: 0M, In-Place: 0
[148.319s][info][gc,reloc    ] GC(315) Medium Pages: 0 / 0M, Empty: 0M, Relocated: 0M, In-Place: 0
[148.319s][info][gc,reloc    ] GC(315) Large Pages: 0 / 0M, Empty: 0M, Relocated: 0M, In-Place: 0
[148.319s][info][gc,reloc    ] GC(315) Forwarding Usage: 0M
[148.319s][info][gc,heap     ] GC(315) Min Capacity: 8192M(100%)
[148.319s][info][gc,heap     ] GC(315) Max Capacity: 8192M(100%)
[148.319s][info][gc,heap     ] GC(315) Soft Max Capacity: 8192M(100%)
[148.319s][info][gc,heap     ] GC(315)                Mark Start          Mark End        Relocate Start      Relocate End           High               Low         
[148.319s][info][gc,heap     ] GC(315)  Capacity:     8192M (100%)       8192M (100%)       8192M (100%)       8192M (100%)       8192M (100%)       8192M (100%)   
[148.319s][info][gc,heap     ] GC(315)      Free:     8184M (100%)       8184M (100%)       8186M (100%)       8186M (100%)       8186M (100%)       8180M (100%)   
[148.319s][info][gc,heap     ] GC(315)      Used:        8M (0%)            8M (0%)            6M (0%)            6M (0%)           12M (0%)            6M (0%)     
[148.319s][info][gc,heap     ] GC(315)      Live:         -                 0M (0%)            0M (0%)            0M (0%)             -                  -          
[148.319s][info][gc,heap     ] GC(315) Allocated:         -                 0M (0%)            0M (0%)            0M (0%)             -                  -          
[148.319s][info][gc,heap     ] GC(315)   Garbage:         -                 7M (0%)            5M (0%)            5M (0%)             -                  -          
[148.319s][info][gc,heap     ] GC(315) Reclaimed:         -                  -                 2M (0%)            2M (0%)             -                  -          
[148.319s][info][gc          ] GC(315) Garbage Collection (System.gc()) 8M(0%)->6M(0%)
[148.776s][info][gc,start    ] GC(316) Garbage Collection (System.gc())
[148.776s][info][gc,task     ] GC(316) Using 3 workers
[148.776s][info][gc,phases   ] GC(316) Pause Mark Start 0.013ms
[148.789s][info][gc,phases   ] GC(316) Concurrent Mark 12.475ms
[148.789s][info][gc,phases   ] GC(316) Pause Mark End 0.015ms
[148.789s][info][gc,phases   ] GC(316) Concurrent Mark Free 0.000ms
[148.790s][info][gc,phases   ] GC(316) Concurrent Process Non-Strong References 0.962ms
[148.790s][info][gc,phases   ] GC(316) Concurrent Reset Relocation Set 0.001ms
[148.793s][info][gc,phases   ] GC(316) Concurrent Select Relocation Set 3.189ms
[148.793s][info][gc,phases   ] GC(316) Pause Relocate Start 0.006ms
[148.794s][info][gc,phases   ] GC(316) Concurrent Relocate 0.594ms
[148.794s][info][gc,load     ] GC(316) Load: 3.04/1.78/1.70
[148.794s][info][gc,mmu      ] GC(316) MMU: 2ms/87.2%, 5ms/94.3%, 10ms/97.1%, 20ms/98.5%, 50ms/99.4%, 100ms/99.7%
[148.794s][info][gc,marking  ] GC(316) Mark: 2 stripe(s), 1 proactive flush(es), 1 terminate flush(es), 0 completion(s), 0 continuation(s) 
[148.794s][info][gc,marking  ] GC(316) Mark Stack Usage: 32M
[148.794s][info][gc,nmethod  ] GC(316) NMethods: 431 registered, 19 unregistered
[148.794s][info][gc,metaspace] GC(316) Metaspace: 0M used, 1M committed, 1088M reserved
[148.794s][info][gc,ref      ] GC(316) Soft: 2 encountered, 0 discovered, 0 enqueued
[148.794s][info][gc,ref      ] GC(316) Weak: 9 encountered, 0 discovered, 0 enqueued
[148.794s][info][gc,ref      ] GC(316) Final: 0 encountered, 0 discovered, 0 enqueued
[148.794s][info][gc,ref      ] GC(316) Phantom: 3 encountered, 2 discovered, 0 enqueued
[148.794s][info][gc,reloc    ] GC(316) Small Pages: 4 / 8M, Empty: 0M, Relocated: 0M, In-Place: 0
[148.794s][info][gc,reloc    ] GC(316) Medium Pages: 0 / 0M, Empty: 0M, Relocated: 0M, In-Place: 0
[148.794s][info][gc,reloc    ] GC(316) Large Pages: 0 / 0M, Empty: 0M, Relocated: 0M, In-Place: 0
[148.794s][info][gc,reloc    ] GC(316) Forwarding Usage: 0M
[148.794s][info][gc,heap     ] GC(316) Min Capacity: 8192M(100%)
[148.794s][info][gc,heap     ] GC(316) Max Capacity: 8192M(100%)
[148.794s][info][gc,heap     ] GC(316) Soft Max Capacity: 8192M(100%)
[148.794s][info][gc,heap     ] GC(316)                Mark Start          Mark End        Relocate Start      Relocate End           High               Low         
[148.794s][info][gc,heap     ] GC(316)  Capacity:     8192M (100%)       8192M (100%)       8192M (100%)       8192M (100%)       8192M (100%)       8192M (100%)   
[148.794s][info][gc,heap     ] GC(316)      Free:     8184M (100%)       8184M (100%)       8184M (100%)       8186M (100%)       8186M (100%)       8178M (100%)   
[148.794s][info][gc,heap     ] GC(316)      Used:        8M (0%)            8M (0%)            8M (0%)            6M (0%)           14M (0%)            6M (0%)     
[148.794s][info][gc,heap     ] GC(316)      Live:         -                 0M (0%)            0M (0%)            0M (0%)             -                  -          
[148.794s][info][gc,heap     ] GC(316) Allocated:         -                 0M (0%)            0M (0%)            0M (0%)             -                  -          
[148.794s][info][gc,heap     ] GC(316)   Garbage:         -                 7M (0%)            7M (0%)            5M (0%)             -                  -          
[148.794s][info][gc,heap     ] GC(316) Reclaimed:         -                  -                 0M (0%)            2M (0%)             -                  -          
[148.794s][info][gc          ] GC(316) Garbage Collection (System.gc()) 8M(0%)->6M(0%)
[149.256s][info][gc,start    ] GC(317) Garbage Collection (System.gc())
[149.256s][info][gc,task     ] GC(317) Using 3 workers
[149.256s][info][gc,phases   ] GC(317) Pause Mark Start 0.012ms
[149.259s][info][gc,phases   ] GC(317) Concurrent Mark 3.017ms
[149.259s][info][gc,phases   ] GC(317) Pause Mark End 0.019ms
[149.259s][info][gc,phases   ] GC(317) Concurrent Mark Free 0.000ms
[149.260s][info][gc,phases   ] GC(317) Concurrent Process Non-Strong References 0.847ms
[149.260s][info][gc,phases   ] GC(317) Concurrent Reset Relocation Set 0.001ms
[149.264s][info][gc,phases   ] GC(317) Concurrent Select Relocation Set 3.721ms
[149.264s][info][gc,phases   ] GC(317) Pause Relocate Start 0.006ms
[149.265s][info][gc,phases   ] GC(317) Concurrent Relocate 0.679ms
[149.265s][info][gc,load     ] GC(317) Load: 3.04/1.78/1.70
[149.265s][info][gc,mmu      ] GC(317) MMU: 2ms/87.2%, 5ms/94.3%, 10ms/97.1%, 20ms/98.5%, 50ms/99.4%, 100ms/99.7%
[149.265s][info][gc,marking  ] GC(317) Mark: 2 stripe(s), 1 proactive flush(es), 1 terminate flush(es), 0 completion(s), 0 continuation(s) 
[149.265s][info][gc,marking  ] GC(317) Mark Stack Usage: 32M
[149.265s][info][gc,nmethod  ] GC(317) NMethods: 431 registered, 19 unregistered
[149.265s][info][gc,metaspace] GC(317) Metaspace: 0M used, 1M committed, 1088M reserved
[149.265s][info][gc,ref      ] GC(317) Soft: 2 encountered, 0 discovered, 0 enqueued
[149.265s][info][gc,ref      ] GC(317) Weak: 9 encountered, 0 discovered, 0 enqueued
[149.265s][info][gc,ref      ] GC(317) Final: 0 encountered, 0 discovered, 0 enqueued
[149.265s][info][gc,ref      ] GC(317) Phantom: 3 encountered, 2 discovered, 0 enqueued
[149.265s][info][gc,reloc    ] GC(317) Small Pages: 4 / 8M, Empty: 0M, Relocated: 0M, In-Place: 0
[149.265s][info][gc,reloc    ] GC(317) Medium Pages: 0 / 0M, Empty: 0M, Relocated: 0M, In-Place: 0
[149.265s][info][gc,reloc    ] GC(317) Large Pages: 0 / 0M, Empty: 0M, Relocated: 0M, In-Place: 0
[149.265s][info][gc,reloc    ] GC(317) Forwarding Usage: 0M
[149.265s][info][gc,heap     ] GC(317) Min Capacity: 8192M(100%)
[149.265s][info][gc,heap     ] GC(317) Max Capacity: 8192M(100%)
[149.265s][info][gc,heap     ] GC(317) Soft Max Capacity: 8192M(100%)
[149.265s][info][gc,heap     ] GC(317)                Mark Start          Mark End        Relocate Start      Relocate End           High               Low         
[149.265s][info][gc,heap     ] GC(317)  Capacity:     8192M (100%)       8192M (100%)       8192M (100%)       8192M (100%)       8192M (100%)       8192M (100%)   
[149.265s][info][gc,heap     ] GC(317)      Free:     8184M (100%)       8184M (100%)       8184M (100%)       8186M (100%)       8186M (100%)       8178M (100%)   
[149.265s][info][gc,heap     ] GC(317)      Used:        8M (0%)            8M (0%)            8M (0%)            6M (0%)           14M (0%)            6M (0%)     
[149.265s][info][gc,heap     ] GC(317)      Live:         -                 0M (0%)            0M (0%)            0M (0%)             -                  -          
[149.265s][info][gc,heap     ] GC(317) Allocated:         -                 0M (0%)            0M (0%)            0M (0%)             -                  -          
[149.265s][info][gc,heap     ] GC(317)   Garbage:         -                 7M (0%)            7M (0%)            5M (0%)             -                  -          
[149.265s][info][gc,heap     ] GC(317) Reclaimed:         -                  -                 0M (0%)            2M (0%)             -                  -          
[149.265s][info][gc          ] GC(317) Garbage Collection (System.gc()) 8M(0%)->6M(0%)
[149.722s][info][gc,start    ] GC(318) Garbage Collection (System.gc())
[149.722s][info][gc,task     ] GC(318) Using 3 workers
[149.722s][info][gc,phases   ] GC(318) Pause Mark Start 0.013ms
[149.727s][info][gc,phases   ] GC(318) Concurrent Mark 4.413ms
[149.727s][info][gc,phases   ] GC(318) Pause Mark End 0.023ms
[149.735s][info][gc,phases   ] GC(318) Concurrent Mark Free 0.004ms
[149.736s][info][gc,phases   ] GC(318) Concurrent Process Non-Strong References 0.714ms
[149.736s][info][gc,phases   ] GC(318) Concurrent Reset Relocation Set 0.002ms
[149.740s][info][gc,phases   ] GC(318) Concurrent Select Relocation Set 3.979ms
[149.740s][info][gc,phases   ] GC(318) Pause Relocate Start 0.010ms
[149.741s][info][gc,phases   ] GC(318) Concurrent Relocate 0.598ms
[149.741s][info][gc,load     ] GC(318) Load: 3.04/1.78/1.70
[149.741s][info][gc,mmu      ] GC(318) MMU: 2ms/87.2%, 5ms/94.3%, 10ms/97.1%, 20ms/98.5%, 50ms/99.4%, 100ms/99.7%
[149.741s][info][gc,marking  ] GC(318) Mark: 2 stripe(s), 1 proactive flush(es), 1 terminate flush(es), 0 completion(s), 0 continuation(s) 
[149.741s][info][gc,marking  ] GC(318) Mark Stack Usage: 32M
[149.741s][info][gc,nmethod  ] GC(318) NMethods: 431 registered, 19 unregistered
[149.741s][info][gc,metaspace] GC(318) Metaspace: 0M used, 1M committed, 1088M reserved
[149.741s][info][gc,ref      ] GC(318) Soft: 2 encountered, 0 discovered, 0 enqueued
[149.741s][info][gc,ref      ] GC(318) Weak: 9 encountered, 0 discovered, 0 enqueued
[149.741s][info][gc,ref      ] GC(318) Final: 0 encountered, 0 discovered, 0 enqueued
[149.741s][info][gc,ref      ] GC(318) Phantom: 3 encountered, 2 discovered, 0 enqueued
[149.741s][info][gc,reloc    ] GC(318) Small Pages: 4 / 8M, Empty: 0M, Relocated: 0M, In-Place: 0
[149.741s][info][gc,reloc    ] GC(318) Medium Pages: 0 / 0M, Empty: 0M, Relocated: 0M, In-Place: 0
[149.741s][info][gc,reloc    ] GC(318) Large Pages: 0 / 0M, Empty: 0M, Relocated: 0M, In-Place: 0
[149.741s][info][gc,reloc    ] GC(318) Forwarding Usage: 0M
[149.741s][info][gc,heap     ] GC(318) Min Capacity: 8192M(100%)
[149.741s][info][gc,heap     ] GC(318) Max Capacity: 8192M(100%)
[149.741s][info][gc,heap     ] GC(318) Soft Max Capacity: 8192M(100%)
[149.741s][info][gc,heap     ] GC(318)                Mark Start          Mark End        Relocate Start      Relocate End           High               Low         
[149.741s][info][gc,heap     ] GC(318)  Capacity:     8192M (100%)       8192M (100%)       8192M (100%)       8192M (100%)       8192M (100%)       8192M (100%)   
[149.741s][info][gc,heap     ] GC(318)      Free:     8184M (100%)       8184M (100%)       8184M (100%)       8186M (100%)       8186M (100%)       8178M (100%)   
[149.741s][info][gc,heap     ] GC(318)      Used:        8M (0%)            8M (0%)            8M (0%)            6M (0%)           14M (0%)            6M (0%)     
[149.741s][info][gc,heap     ] GC(318)      Live:         -                 0M (0%)            0M (0%)            0M (0%)             -                  -          
[149.741s][info][gc,heap     ] GC(318) Allocated:         -                 0M (0%)            0M (0%)            0M (0%)             -                  -          
[149.741s][info][gc,heap     ] GC(318)   Garbage:         -                 7M (0%)            7M (0%)            5M (0%)             -                  -          
[149.741s][info][gc,heap     ] GC(318) Reclaimed:         -                  -                 0M (0%)            2M (0%)             -                  -          
[149.741s][info][gc          ] GC(318) Garbage Collection (System.gc()) 8M(0%)->6M(0%)
[150.015s][info][gc,stats    ] === Garbage Collection Statistics =======================================================================================================================
[150.015s][info][gc,stats    ]                                                              Last 10s              Last 10m              Last 10h                Total
[150.015s][info][gc,stats    ]                                                              Avg / Max             Avg / Max             Avg / Max             Avg / Max
[150.015s][info][gc,stats    ]   Collector: Garbage Collection Cycle                     14.275 / 21.014       12.896 / 24.910       12.896 / 24.910       12.896 / 24.910      ms
[150.015s][info][gc,stats    ]  Contention: Mark Segment Reset Contention                     0 / 2                 0 / 4                 0 / 4                 0 / 4           ops/s
[150.015s][info][gc,stats    ]  Contention: Mark SeqNum Reset Contention                      0 / 2                 0 / 3                 0 / 3                 0 / 3           ops/s
[150.015s][info][gc,stats    ]    Critical: Allocation Stall                                  0 / 0                 0 / 0                 0 / 0                 0 / 0           ops/s
[150.015s][info][gc,stats    ]    Critical: Allocation Stall                              0.000 / 0.000         0.000 / 0.000         0.000 / 0.000         0.000 / 0.000       ms
[150.015s][info][gc,stats    ]    Critical: GC Locker Stall                                   0 / 0                 0 / 0                 0 / 0                 0 / 0           ops/s
[150.015s][info][gc,stats    ]    Critical: GC Locker Stall                               0.000 / 0.000         0.000 / 0.000         0.000 / 0.000         0.000 / 0.000       ms
[150.015s][info][gc,stats    ]    Critical: Relocation Stall                                  0 / 0                 0 / 0                 0 / 0                 0 / 0           ops/s
[150.015s][info][gc,stats    ]    Critical: Relocation Stall                              0.000 / 0.000         0.000 / 0.000         0.000 / 0.000         0.000 / 0.000       ms
[150.015s][info][gc,stats    ]      Memory: Allocation Rate                                   4 / 6                 4 / 6                 4 / 6                 4 / 6           MB/s
[150.015s][info][gc,stats    ]      Memory: Defragment                                        0 / 0                 0 / 0                 0 / 0                 0 / 0           ops/s
[150.015s][info][gc,stats    ]      Memory: Out Of Memory                                     0 / 0                 0 / 0                 0 / 0                 0 / 0           ops/s
[150.015s][info][gc,stats    ]      Memory: Page Cache Flush                                  0 / 0                 0 / 0                 0 / 0                 0 / 0           MB/s
[150.015s][info][gc,stats    ]      Memory: Page Cache Hit L1                                 8 / 12                8 / 12                8 / 12                8 / 12          ops/s
[150.015s][info][gc,stats    ]      Memory: Page Cache Hit L2                                 0 / 0                 0 / 0                 0 / 0                 0 / 0           ops/s
[150.015s][info][gc,stats    ]      Memory: Page Cache Hit L3                                 0 / 0                 0 / 6                 0 / 6                 0 / 6           ops/s
[150.015s][info][gc,stats    ]      Memory: Page Cache Miss                                   0 / 0                 0 / 1                 0 / 1                 0 / 1           ops/s
[150.015s][info][gc,stats    ]      Memory: Uncommit                                          0 / 0                 0 / 0                 0 / 0                 0 / 0           MB/s
[150.015s][info][gc,stats    ]      Memory: Undo Object Allocation Failed                     0 / 0                 0 / 0                 0 / 0                 0 / 0           ops/s
[150.015s][info][gc,stats    ]      Memory: Undo Object Allocation Succeeded                  0 / 0                 0 / 0                 0 / 0                 0 / 0           ops/s
[150.015s][info][gc,stats    ]      Memory: Undo Page Allocation                              0 / 0                 0 / 0                 0 / 0                 0 / 0           ops/s
[150.015s][info][gc,stats    ]       Phase: Concurrent Mark                               5.118 / 13.941        4.562 / 15.502        4.562 / 15.502        4.562 / 15.502      ms
[150.015s][info][gc,stats    ]       Phase: Concurrent Mark Continue                      0.000 / 0.000         0.000 / 0.000         0.000 / 0.000         0.000 / 0.000       ms
[150.015s][info][gc,stats    ]       Phase: Concurrent Mark Free                          0.001 / 0.004         0.001 / 0.004         0.001 / 0.004         0.001 / 0.004       ms
[150.015s][info][gc,stats    ]       Phase: Concurrent Process Non-Strong References      2.064 / 11.246        1.847 / 13.093        1.847 / 13.093        1.847 / 13.093      ms
[150.015s][info][gc,stats    ]       Phase: Concurrent Relocate                           0.607 / 0.776         0.626 / 1.182         0.626 / 1.182         0.626 / 1.182       ms
[150.015s][info][gc,stats    ]       Phase: Concurrent Reset Relocation Set               0.001 / 0.004         0.002 / 0.028         0.002 / 0.028         0.002 / 0.028       ms
[150.015s][info][gc,stats    ]       Phase: Concurrent Select Relocation Set              3.480 / 4.694         4.392 / 15.311        4.392 / 15.311        4.392 / 15.311      ms
[150.015s][info][gc,stats    ]       Phase: Pause Mark End                                0.017 / 0.027         0.017 / 0.137         0.017 / 0.137         0.017 / 0.137       ms
[150.015s][info][gc,stats    ]       Phase: Pause Mark Start                              0.013 / 0.034         0.013 / 0.257         0.013 / 0.257         0.013 / 0.257       ms
[150.015s][info][gc,stats    ]       Phase: Pause Relocate Start                          0.008 / 0.018         0.008 / 0.134         0.008 / 0.134         0.008 / 0.134       ms
[150.015s][info][gc,stats    ]    Subphase: Concurrent Classes Purge                      0.027 / 0.099         0.028 / 0.287         0.028 / 0.287         0.028 / 0.287       ms
[150.015s][info][gc,stats    ]    Subphase: Concurrent Classes Unlink                     1.471 / 8.702         1.099 / 11.679        1.099 / 11.679        1.099 / 11.679      ms
[150.015s][info][gc,stats    ]    Subphase: Concurrent Mark                               2.512 / 8.866         2.331 / 11.772        2.331 / 11.772        2.331 / 11.772      ms
[150.015s][info][gc,stats    ]    Subphase: Concurrent Mark Try Flush                     0.239 / 6.239         0.212 / 6.755         0.212 / 6.755         0.212 / 6.755       ms
[150.015s][info][gc,stats    ]    Subphase: Concurrent Mark Try Terminate                 0.966 / 5.935         0.905 / 8.740         0.905 / 8.740         0.905 / 8.740       ms
[150.015s][info][gc,stats    ]    Subphase: Concurrent References Enqueue                 0.000 / 0.001         0.000 / 0.004         0.000 / 0.004         0.000 / 0.004       ms
[150.016s][info][gc,stats    ]    Subphase: Concurrent References Process                 0.027 / 0.062         0.350 / 9.421         0.350 / 9.421         0.350 / 9.421       ms
[150.016s][info][gc,stats    ]    Subphase: Concurrent Roots ClassLoaderDataGraph         0.132 / 0.489         0.128 / 2.621         0.128 / 2.621         0.128 / 2.621       ms
[150.016s][info][gc,stats    ]    Subphase: Concurrent Roots CodeCache                    0.000 / 0.000         0.000 / 0.000         0.000 / 0.000         0.000 / 0.000       ms
[150.016s][info][gc,stats    ]    Subphase: Concurrent Roots JavaThreads                  0.187 / 0.562         0.186 / 1.065         0.186 / 1.065         0.186 / 1.065       ms
[150.016s][info][gc,stats    ]    Subphase: Concurrent Roots OopStorageSet                0.019 / 0.128         0.016 / 0.358         0.016 / 0.358         0.016 / 0.358       ms
[150.016s][info][gc,stats    ]    Subphase: Concurrent Weak Roots OopStorageSet           0.057 / 0.311         0.058 / 0.625         0.058 / 0.625         0.058 / 0.625       ms
[150.016s][info][gc,stats    ]    Subphase: Pause Mark Try Complete                       0.000 / 0.000         0.000 / 0.000         0.000 / 0.000         0.000 / 0.000       ms
[150.016s][info][gc,stats    ]      System: Java Threads                                     10 / 10               10 / 10               10 / 10               10 / 10          threads
[150.016s][info][gc,stats    ] =========================================================================================================================================================
[150.197s][info][gc,start    ] GC(319) Garbage Collection (System.gc())
[150.197s][info][gc,task     ] GC(319) Using 3 workers
[150.197s][info][gc,phases   ] GC(319) Pause Mark Start 0.013ms
[150.210s][info][gc,phases   ] GC(319) Concurrent Mark 12.630ms
[150.210s][info][gc,phases   ] GC(319) Pause Mark End 0.016ms
[150.210s][info][gc,phases   ] GC(319) Concurrent Mark Free 0.001ms
[150.211s][info][gc,phases   ] GC(319) Concurrent Process Non-Strong References 0.873ms
[150.211s][info][gc,phases   ] GC(319) Concurrent Reset Relocation Set 0.001ms
[150.215s][info][gc,phases   ] GC(319) Concurrent Select Relocation Set 3.691ms
[150.215s][info][gc,phases   ] GC(319) Pause Relocate Start 0.006ms
[150.215s][info][gc,phases   ] GC(319) Concurrent Relocate 0.678ms
[150.216s][info][gc,load     ] GC(319) Load: 2.95/1.78/1.70
[150.216s][info][gc,mmu      ] GC(319) MMU: 2ms/87.2%, 5ms/94.3%, 10ms/97.1%, 20ms/98.5%, 50ms/99.4%, 100ms/99.7%
[150.216s][info][gc,marking  ] GC(319) Mark: 2 stripe(s), 1 proactive flush(es), 1 terminate flush(es), 0 completion(s), 0 continuation(s) 
[150.216s][info][gc,marking  ] GC(319) Mark Stack Usage: 32M
[150.216s][info][gc,nmethod  ] GC(319) NMethods: 431 registered, 19 unregistered
[150.216s][info][gc,metaspace] GC(319) Metaspace: 0M used, 1M committed, 1088M reserved
[150.216s][info][gc,ref      ] GC(319) Soft: 2 encountered, 0 discovered, 0 enqueued
[150.216s][info][gc,ref      ] GC(319) Weak: 9 encountered, 0 discovered, 0 enqueued
[150.216s][info][gc,ref      ] GC(319) Final: 0 encountered, 0 discovered, 0 enqueued
[150.216s][info][gc,ref      ] GC(319) Phantom: 3 encountered, 2 discovered, 0 enqueued
[150.216s][info][gc,reloc    ] GC(319) Small Pages: 4 / 8M, Empty: 0M, Relocated: 0M, In-Place: 0
[150.216s][info][gc,reloc    ] GC(319) Medium Pages: 0 / 0M, Empty: 0M, Relocated: 0M, In-Place: 0
[150.216s][info][gc,reloc    ] GC(319) Large Pages: 0 / 0M, Empty: 0M, Relocated: 0M, In-Place: 0
[150.216s][info][gc,reloc    ] GC(319) Forwarding Usage: 0M
[150.216s][info][gc,heap     ] GC(319) Min Capacity: 8192M(100%)
[150.216s][info][gc,heap     ] GC(319) Max Capacity: 8192M(100%)
[150.216s][info][gc,heap     ] GC(319) Soft Max Capacity: 8192M(100%)
[150.216s][info][gc,heap     ] GC(319)                Mark Start          Mark End        Relocate Start      Relocate End           High               Low         
[150.216s][info][gc,heap     ] GC(319)  Capacity:     8192M (100%)       8192M (100%)       8192M (100%)       8192M (100%)       8192M (100%)       8192M (100%)   
[150.216s][info][gc,heap     ] GC(319)      Free:     8184M (100%)       8184M (100%)       8184M (100%)       8186M (100%)       8186M (100%)       8178M (100%)   
[150.216s][info][gc,heap     ] GC(319)      Used:        8M (0%)            8M (0%)            8M (0%)            6M (0%)           14M (0%)            6M (0%)     
[150.216s][info][gc,heap     ] GC(319)      Live:         -                 0M (0%)            0M (0%)            0M (0%)             -                  -          
[150.216s][info][gc,heap     ] GC(319) Allocated:         -                 0M (0%)            0M (0%)            0M (0%)             -                  -          
[150.216s][info][gc,heap     ] GC(319)   Garbage:         -                 7M (0%)            7M (0%)            5M (0%)             -                  -          
[150.216s][info][gc,heap     ] GC(319) Reclaimed:         -                  -                 0M (0%)            2M (0%)             -                  -          
[150.216s][info][gc          ] GC(319) Garbage Collection (System.gc()) 8M(0%)->6M(0%)
[150.674s][info][gc,start    ] GC(320) Garbage Collection (System.gc())
[150.674s][info][gc,task     ] GC(320) Using 3 workers
[150.674s][info][gc,phases   ] GC(320) Pause Mark Start 0.015ms
[150.686s][info][gc,phases   ] GC(320) Concurrent Mark 3.129ms
[150.686s][info][gc,phases   ] GC(320) Pause Mark End 0.023ms
[150.686s][info][gc,phases   ] GC(320) Concurrent Mark Free 0.001ms
[150.687s][info][gc,phases   ] GC(320) Concurrent Process Non-Strong References 1.098ms
[150.687s][info][gc,phases   ] GC(320) Concurrent Reset Relocation Set 0.001ms
[150.692s][info][gc,phases   ] GC(320) Concurrent Select Relocation Set 4.381ms
[150.692s][info][gc,phases   ] GC(320) Pause Relocate Start 0.009ms
[150.693s][info][gc,phases   ] GC(320) Concurrent Relocate 0.709ms
[150.693s][info][gc,load     ] GC(320) Load: 2.95/1.78/1.70
[150.693s][info][gc,mmu      ] GC(320) MMU: 2ms/87.2%, 5ms/94.3%, 10ms/97.1%, 20ms/98.5%, 50ms/99.4%, 100ms/99.7%
[150.693s][info][gc,marking  ] GC(320) Mark: 2 stripe(s), 1 proactive flush(es), 1 terminate flush(es), 0 completion(s), 0 continuation(s) 
[150.693s][info][gc,marking  ] GC(320) Mark Stack Usage: 32M
[150.693s][info][gc,nmethod  ] GC(320) NMethods: 431 registered, 19 unregistered
[150.693s][info][gc,metaspace] GC(320) Metaspace: 0M used, 1M committed, 1088M reserved
[150.693s][info][gc,ref      ] GC(320) Soft: 2 encountered, 0 discovered, 0 enqueued
[150.693s][info][gc,ref      ] GC(320) Weak: 9 encountered, 0 discovered, 0 enqueued
[150.693s][info][gc,ref      ] GC(320) Final: 0 encountered, 0 discovered, 0 enqueued
[150.693s][info][gc,ref      ] GC(320) Phantom: 3 encountered, 2 discovered, 0 enqueued
[150.693s][info][gc,reloc    ] GC(320) Small Pages: 4 / 8M, Empty: 0M, Relocated: 0M, In-Place: 0
[150.693s][info][gc,reloc    ] GC(320) Medium Pages: 0 / 0M, Empty: 0M, Relocated: 0M, In-Place: 0
[150.693s][info][gc,reloc    ] GC(320) Large Pages: 0 / 0M, Empty: 0M, Relocated: 0M, In-Place: 0
[150.693s][info][gc,reloc    ] GC(320) Forwarding Usage: 0M
[150.693s][info][gc,heap     ] GC(320) Min Capacity: 8192M(100%)
[150.693s][info][gc,heap     ] GC(320) Max Capacity: 8192M(100%)
[150.693s][info][gc,heap     ] GC(320) Soft Max Capacity: 8192M(100%)
[150.693s][info][gc,heap     ] GC(320)                Mark Start          Mark End        Relocate Start      Relocate End           High               Low         
[150.693s][info][gc,heap     ] GC(320)  Capacity:     8192M (100%)       8192M (100%)       8192M (100%)       8192M (100%)       8192M (100%)       8192M (100%)   
[150.693s][info][gc,heap     ] GC(320)      Free:     8184M (100%)       8184M (100%)       8184M (100%)       8186M (100%)       8186M (100%)       8178M (100%)   
[150.693s][info][gc,heap     ] GC(320)      Used:        8M (0%)            8M (0%)            8M (0%)            6M (0%)           14M (0%)            6M (0%)     
[150.693s][info][gc,heap     ] GC(320)      Live:         -                 0M (0%)            0M (0%)            0M (0%)             -                  -          
[150.693s][info][gc,heap     ] GC(320) Allocated:         -                 0M (0%)            0M (0%)            0M (0%)             -                  -          
[150.693s][info][gc,heap     ] GC(320)   Garbage:         -                 7M (0%)            7M (0%)            5M (0%)             -                  -          
[150.693s][info][gc,heap     ] GC(320) Reclaimed:         -                  -                 0M (0%)            2M (0%)             -                  -          
[150.693s][info][gc          ] GC(320) Garbage Collection (System.gc()) 8M(0%)->6M(0%)
[151.156s][info][gc,start    ] GC(321) Garbage Collection (System.gc())
[151.156s][info][gc,task     ] GC(321) Using 3 workers
[151.156s][info][gc,phases   ] GC(321) Pause Mark Start 0.012ms
[151.159s][info][gc,phases   ] GC(321) Concurrent Mark 2.269ms
[151.159s][info][gc,phases   ] GC(321) Pause Mark End 0.011ms
[151.159s][info][gc,phases   ] GC(321) Concurrent Mark Free 0.000ms
[151.160s][info][gc,phases   ] GC(321) Concurrent Process Non-Strong References 0.867ms
[151.160s][info][gc,phases   ] GC(321) Concurrent Reset Relocation Set 0.001ms
[151.163s][info][gc,phases   ] GC(321) Concurrent Select Relocation Set 3.575ms
[151.163s][info][gc,phases   ] GC(321) Pause Relocate Start 0.005ms
[151.164s][info][gc,phases   ] GC(321) Concurrent Relocate 0.560ms
[151.164s][info][gc,load     ] GC(321) Load: 2.95/1.78/1.70
[151.164s][info][gc,mmu      ] GC(321) MMU: 2ms/87.2%, 5ms/94.3%, 10ms/97.1%, 20ms/98.5%, 50ms/99.4%, 100ms/99.7%
[151.164s][info][gc,marking  ] GC(321) Mark: 2 stripe(s), 1 proactive flush(es), 1 terminate flush(es), 0 completion(s), 0 continuation(s) 
[151.164s][info][gc,marking  ] GC(321) Mark Stack Usage: 32M
[151.164s][info][gc,nmethod  ] GC(321) NMethods: 431 registered, 19 unregistered
[151.164s][info][gc,metaspace] GC(321) Metaspace: 0M used, 1M committed, 1088M reserved
[151.164s][info][gc,ref      ] GC(321) Soft: 2 encountered, 0 discovered, 0 enqueued
[151.164s][info][gc,ref      ] GC(321) Weak: 9 encountered, 0 discovered, 0 enqueued
[151.164s][info][gc,ref      ] GC(321) Final: 0 encountered, 0 discovered, 0 enqueued
[151.164s][info][gc,ref      ] GC(321) Phantom: 3 encountered, 2 discovered, 0 enqueued
[151.164s][info][gc,reloc    ] GC(321) Small Pages: 4 / 8M, Empty: 0M, Relocated: 0M, In-Place: 0
[151.164s][info][gc,reloc    ] GC(321) Medium Pages: 0 / 0M, Empty: 0M, Relocated: 0M, In-Place: 0
[151.164s][info][gc,reloc    ] GC(321) Large Pages: 0 / 0M, Empty: 0M, Relocated: 0M, In-Place: 0
[151.164s][info][gc,reloc    ] GC(321) Forwarding Usage: 0M
[151.164s][info][gc,heap     ] GC(321) Min Capacity: 8192M(100%)
[151.164s][info][gc,heap     ] GC(321) Max Capacity: 8192M(100%)
[151.164s][info][gc,heap     ] GC(321) Soft Max Capacity: 8192M(100%)
[151.164s][info][gc,heap     ] GC(321)                Mark Start          Mark End        Relocate Start      Relocate End           High               Low         
[151.164s][info][gc,heap     ] GC(321)  Capacity:     8192M (100%)       8192M (100%)       8192M (100%)       8192M (100%)       8192M (100%)       8192M (100%)   
[151.164s][info][gc,heap     ] GC(321)      Free:     8184M (100%)       8184M (100%)       8184M (100%)       8186M (100%)       8186M (100%)       8178M (100%)   
[151.164s][info][gc,heap     ] GC(321)      Used:        8M (0%)            8M (0%)            8M (0%)            6M (0%)           14M (0%)            6M (0%)     
[151.164s][info][gc,heap     ] GC(321)      Live:         -                 0M (0%)            0M (0%)            0M (0%)             -                  -          
[151.164s][info][gc,heap     ] GC(321) Allocated:         -                 0M (0%)            0M (0%)            0M (0%)             -                  -          
[151.164s][info][gc,heap     ] GC(321)   Garbage:         -                 7M (0%)            7M (0%)            5M (0%)             -                  -          
[151.164s][info][gc,heap     ] GC(321) Reclaimed:         -                  -                 0M (0%)            2M (0%)             -                  -          
[151.164s][info][gc          ] GC(321) Garbage Collection (System.gc()) 8M(0%)->6M(0%)
[151.626s][info][gc,start    ] GC(322) Garbage Collection (System.gc())
[151.626s][info][gc,task     ] GC(322) Using 3 workers
[151.626s][info][gc,phases   ] GC(322) Pause Mark Start 0.009ms
[151.629s][info][gc,phases   ] GC(322) Concurrent Mark 2.218ms
[151.629s][info][gc,phases   ] GC(322) Pause Mark End 0.024ms
[151.629s][info][gc,phases   ] GC(322) Concurrent Mark Free 0.001ms
[151.631s][info][gc,phases   ] GC(322) Concurrent Process Non-Strong References 1.746ms
[151.631s][info][gc,phases   ] GC(322) Concurrent Reset Relocation Set 0.002ms
[151.635s][info][gc,phases   ] GC(322) Concurrent Select Relocation Set 4.479ms
[151.635s][info][gc,phases   ] GC(322) Pause Relocate Start 0.016ms
[151.636s][info][gc,phases   ] GC(322) Concurrent Relocate 0.893ms
[151.636s][info][gc,load     ] GC(322) Load: 2.95/1.78/1.70
[151.636s][info][gc,mmu      ] GC(322) MMU: 2ms/87.2%, 5ms/94.3%, 10ms/97.1%, 20ms/98.5%, 50ms/99.4%, 100ms/99.7%
[151.636s][info][gc,marking  ] GC(322) Mark: 2 stripe(s), 1 proactive flush(es), 1 terminate flush(es), 0 completion(s), 0 continuation(s) 
[151.636s][info][gc,marking  ] GC(322) Mark Stack Usage: 32M
[151.636s][info][gc,nmethod  ] GC(322) NMethods: 431 registered, 19 unregistered
[151.636s][info][gc,metaspace] GC(322) Metaspace: 0M used, 1M committed, 1088M reserved
[151.636s][info][gc,ref      ] GC(322) Soft: 2 encountered, 0 discovered, 0 enqueued
[151.636s][info][gc,ref      ] GC(322) Weak: 9 encountered, 0 discovered, 0 enqueued
[151.636s][info][gc,ref      ] GC(322) Final: 0 encountered, 0 discovered, 0 enqueued
[151.636s][info][gc,ref      ] GC(322) Phantom: 3 encountered, 2 discovered, 0 enqueued
[151.636s][info][gc,reloc    ] GC(322) Small Pages: 4 / 8M, Empty: 0M, Relocated: 0M, In-Place: 0
[151.636s][info][gc,reloc    ] GC(322) Medium Pages: 0 / 0M, Empty: 0M, Relocated: 0M, In-Place: 0
[151.637s][info][gc,reloc    ] GC(322) Large Pages: 0 / 0M, Empty: 0M, Relocated: 0M, In-Place: 0
[151.637s][info][gc,reloc    ] GC(322) Forwarding Usage: 0M
[151.637s][info][gc,heap     ] GC(322) Min Capacity: 8192M(100%)
[151.637s][info][gc,heap     ] GC(322) Max Capacity: 8192M(100%)
[151.637s][info][gc,heap     ] GC(322) Soft Max Capacity: 8192M(100%)
[151.637s][info][gc,heap     ] GC(322)                Mark Start          Mark End        Relocate Start      Relocate End           High               Low         
[151.637s][info][gc,heap     ] GC(322)  Capacity:     8192M (100%)       8192M (100%)       8192M (100%)       8192M (100%)       8192M (100%)       8192M (100%)   
[151.637s][info][gc,heap     ] GC(322)      Free:     8184M (100%)       8184M (100%)       8184M (100%)       8186M (100%)       8186M (100%)       8178M (100%)   
[151.637s][info][gc,heap     ] GC(322)      Used:        8M (0%)            8M (0%)            8M (0%)            6M (0%)           14M (0%)            6M (0%)     
[151.637s][info][gc,heap     ] GC(322)      Live:         -                 0M (0%)            0M (0%)            0M (0%)             -                  -          
[151.637s][info][gc,heap     ] GC(322) Allocated:         -                 0M (0%)            0M (0%)            0M (0%)             -                  -          
[151.637s][info][gc,heap     ] GC(322)   Garbage:         -                 7M (0%)            7M (0%)            5M (0%)             -                  -          
[151.637s][info][gc,heap     ] GC(322) Reclaimed:         -                  -                 0M (0%)            2M (0%)             -                  -          
[151.637s][info][gc          ] GC(322) Garbage Collection (System.gc()) 8M(0%)->6M(0%)
[152.103s][info][gc,start    ] GC(323) Garbage Collection (System.gc())
[152.103s][info][gc,task     ] GC(323) Using 3 workers
[152.103s][info][gc,phases   ] GC(323) Pause Mark Start 0.013ms
[152.106s][info][gc,phases   ] GC(323) Concurrent Mark 2.847ms
[152.106s][info][gc,phases   ] GC(323) Pause Mark End 0.013ms
[152.106s][info][gc,phases   ] GC(323) Concurrent Mark Free 0.001ms
[152.107s][info][gc,phases   ] GC(323) Concurrent Process Non-Strong References 0.595ms
[152.107s][info][gc,phases   ] GC(323) Concurrent Reset Relocation Set 0.002ms
[152.111s][info][gc,phases   ] GC(323) Concurrent Select Relocation Set 3.770ms
[152.111s][info][gc,phases   ] GC(323) Pause Relocate Start 0.007ms
[152.112s][info][gc,phases   ] GC(323) Concurrent Relocate 0.582ms
[152.112s][info][gc,load     ] GC(323) Load: 2.95/1.78/1.70
[152.112s][info][gc,mmu      ] GC(323) MMU: 2ms/87.2%, 5ms/94.3%, 10ms/97.1%, 20ms/98.5%, 50ms/99.4%, 100ms/99.7%
[152.112s][info][gc,marking  ] GC(323) Mark: 2 stripe(s), 1 proactive flush(es), 1 terminate flush(es), 0 completion(s), 0 continuation(s) 
[152.112s][info][gc,marking  ] GC(323) Mark Stack Usage: 32M
[152.112s][info][gc,nmethod  ] GC(323) NMethods: 431 registered, 20 unregistered
[152.112s][info][gc,metaspace] GC(323) Metaspace: 0M used, 1M committed, 1088M reserved
[152.112s][info][gc,ref      ] GC(323) Soft: 2 encountered, 0 discovered, 0 enqueued
[152.112s][info][gc,ref      ] GC(323) Weak: 9 encountered, 0 discovered, 0 enqueued
[152.112s][info][gc,ref      ] GC(323) Final: 0 encountered, 0 discovered, 0 enqueued
[152.112s][info][gc,ref      ] GC(323) Phantom: 3 encountered, 2 discovered, 0 enqueued
[152.112s][info][gc,reloc    ] GC(323) Small Pages: 4 / 8M, Empty: 0M, Relocated: 0M, In-Place: 0
[152.112s][info][gc,reloc    ] GC(323) Medium Pages: 0 / 0M, Empty: 0M, Relocated: 0M, In-Place: 0
[152.112s][info][gc,reloc    ] GC(323) Large Pages: 0 / 0M, Empty: 0M, Relocated: 0M, In-Place: 0
[152.112s][info][gc,reloc    ] GC(323) Forwarding Usage: 0M
[152.112s][info][gc,heap     ] GC(323) Min Capacity: 8192M(100%)
[152.112s][info][gc,heap     ] GC(323) Max Capacity: 8192M(100%)
[152.112s][info][gc,heap     ] GC(323) Soft Max Capacity: 8192M(100%)
[152.112s][info][gc,heap     ] GC(323)                Mark Start          Mark End        Relocate Start      Relocate End           High               Low         
[152.112s][info][gc,heap     ] GC(323)  Capacity:     8192M (100%)       8192M (100%)       8192M (100%)       8192M (100%)       8192M (100%)       8192M (100%)   
[152.112s][info][gc,heap     ] GC(323)      Free:     8184M (100%)       8184M (100%)       8184M (100%)       8186M (100%)       8186M (100%)       8180M (100%)   
[152.112s][info][gc,heap     ] GC(323)      Used:        8M (0%)            8M (0%)            8M (0%)            6M (0%)           12M (0%)            6M (0%)     
[152.112s][info][gc,heap     ] GC(323)      Live:         -                 0M (0%)            0M (0%)            0M (0%)             -                  -          
[152.112s][info][gc,heap     ] GC(323) Allocated:         -                 0M (0%)            0M (0%)            0M (0%)             -                  -          
[152.112s][info][gc,heap     ] GC(323)   Garbage:         -                 7M (0%)            7M (0%)            5M (0%)             -                  -          
[152.112s][info][gc,heap     ] GC(323) Reclaimed:         -                  -                 0M (0%)            2M (0%)             -                  -          
[152.112s][info][gc          ] GC(323) Garbage Collection (System.gc()) 8M(0%)->6M(0%)
[152.568s][info][gc,start    ] GC(324) Garbage Collection (System.gc())
[152.568s][info][gc,task     ] GC(324) Using 3 workers
[152.568s][info][gc,phases   ] GC(324) Pause Mark Start 0.015ms
[152.581s][info][gc,phases   ] GC(324) Concurrent Mark 12.849ms
[152.581s][info][gc,phases   ] GC(324) Pause Mark End 0.027ms
[152.581s][info][gc,phases   ] GC(324) Concurrent Mark Free 0.001ms
[152.582s][info][gc,phases   ] GC(324) Concurrent Process Non-Strong References 0.961ms
[152.582s][info][gc,phases   ] GC(324) Concurrent Reset Relocation Set 0.003ms
[152.586s][info][gc,phases   ] GC(324) Concurrent Select Relocation Set 4.113ms
[152.586s][info][gc,phases   ] GC(324) Pause Relocate Start 0.007ms
[152.587s][info][gc,phases   ] GC(324) Concurrent Relocate 0.577ms
[152.587s][info][gc,load     ] GC(324) Load: 2.95/1.78/1.70
[152.587s][info][gc,mmu      ] GC(324) MMU: 2ms/87.2%, 5ms/94.3%, 10ms/97.1%, 20ms/98.5%, 50ms/99.4%, 100ms/99.7%
[152.587s][info][gc,marking  ] GC(324) Mark: 2 stripe(s), 1 proactive flush(es), 1 terminate flush(es), 0 completion(s), 0 continuation(s) 
[152.587s][info][gc,marking  ] GC(324) Mark Stack Usage: 32M
[152.587s][info][gc,nmethod  ] GC(324) NMethods: 431 registered, 20 unregistered
[152.587s][info][gc,metaspace] GC(324) Metaspace: 0M used, 1M committed, 1088M reserved
[152.587s][info][gc,ref      ] GC(324) Soft: 2 encountered, 0 discovered, 0 enqueued
[152.587s][info][gc,ref      ] GC(324) Weak: 9 encountered, 0 discovered, 0 enqueued
[152.587s][info][gc,ref      ] GC(324) Final: 0 encountered, 0 discovered, 0 enqueued
[152.587s][info][gc,ref      ] GC(324) Phantom: 3 encountered, 2 discovered, 0 enqueued
[152.587s][info][gc,reloc    ] GC(324) Small Pages: 4 / 8M, Empty: 0M, Relocated: 0M, In-Place: 0
[152.587s][info][gc,reloc    ] GC(324) Medium Pages: 0 / 0M, Empty: 0M, Relocated: 0M, In-Place: 0
[152.587s][info][gc,reloc    ] GC(324) Large Pages: 0 / 0M, Empty: 0M, Relocated: 0M, In-Place: 0
[152.587s][info][gc,reloc    ] GC(324) Forwarding Usage: 0M
[152.587s][info][gc,heap     ] GC(324) Min Capacity: 8192M(100%)
[152.587s][info][gc,heap     ] GC(324) Max Capacity: 8192M(100%)
[152.587s][info][gc,heap     ] GC(324) Soft Max Capacity: 8192M(100%)
[152.587s][info][gc,heap     ] GC(324)                Mark Start          Mark End        Relocate Start      Relocate End           High               Low         
[152.587s][info][gc,heap     ] GC(324)  Capacity:     8192M (100%)       8192M (100%)       8192M (100%)       8192M (100%)       8192M (100%)       8192M (100%)   
[152.587s][info][gc,heap     ] GC(324)      Free:     8184M (100%)       8184M (100%)       8184M (100%)       8186M (100%)       8186M (100%)       8178M (100%)   
[152.587s][info][gc,heap     ] GC(324)      Used:        8M (0%)            8M (0%)            8M (0%)            6M (0%)           14M (0%)            6M (0%)     
[152.587s][info][gc,heap     ] GC(324)      Live:         -                 0M (0%)            0M (0%)            0M (0%)             -                  -          
[152.587s][info][gc,heap     ] GC(324) Allocated:         -                 0M (0%)            0M (0%)            0M (0%)             -                  -          
[152.587s][info][gc,heap     ] GC(324)   Garbage:         -                 7M (0%)            7M (0%)            5M (0%)             -                  -          
[152.587s][info][gc,heap     ] GC(324) Reclaimed:         -                  -                 0M (0%)            2M (0%)             -                  -          
[152.587s][info][gc          ] GC(324) Garbage Collection (System.gc()) 8M(0%)->6M(0%)
[153.044s][info][gc,start    ] GC(325) Garbage Collection (System.gc())
[153.044s][info][gc,task     ] GC(325) Using 3 workers
[153.044s][info][gc,phases   ] GC(325) Pause Mark Start 0.012ms
[153.056s][info][gc,phases   ] GC(325) Concurrent Mark 11.954ms
[153.056s][info][gc,phases   ] GC(325) Pause Mark End 0.021ms
[153.056s][info][gc,phases   ] GC(325) Concurrent Mark Free 0.000ms
[153.057s][info][gc,phases   ] GC(325) Concurrent Process Non-Strong References 0.737ms
[153.057s][info][gc,phases   ] GC(325) Concurrent Reset Relocation Set 0.002ms
[153.060s][info][gc,phases   ] GC(325) Concurrent Select Relocation Set 3.026ms
[153.060s][info][gc,phases   ] GC(325) Pause Relocate Start 0.007ms
[153.061s][info][gc,phases   ] GC(325) Concurrent Relocate 0.635ms
[153.061s][info][gc,load     ] GC(325) Load: 2.95/1.78/1.70
[153.061s][info][gc,mmu      ] GC(325) MMU: 2ms/87.2%, 5ms/94.3%, 10ms/97.1%, 20ms/98.5%, 50ms/99.4%, 100ms/99.7%
[153.061s][info][gc,marking  ] GC(325) Mark: 2 stripe(s), 1 proactive flush(es), 1 terminate flush(es), 0 completion(s), 0 continuation(s) 
[153.061s][info][gc,marking  ] GC(325) Mark Stack Usage: 32M
[153.061s][info][gc,nmethod  ] GC(325) NMethods: 431 registered, 20 unregistered
[153.061s][info][gc,metaspace] GC(325) Metaspace: 0M used, 1M committed, 1088M reserved
[153.061s][info][gc,ref      ] GC(325) Soft: 2 encountered, 0 discovered, 0 enqueued
[153.061s][info][gc,ref      ] GC(325) Weak: 9 encountered, 1 discovered, 0 enqueued
[153.061s][info][gc,ref      ] GC(325) Final: 0 encountered, 0 discovered, 0 enqueued
[153.061s][info][gc,ref      ] GC(325) Phantom: 3 encountered, 2 discovered, 0 enqueued
[153.061s][info][gc,reloc    ] GC(325) Small Pages: 4 / 8M, Empty: 0M, Relocated: 0M, In-Place: 0
[153.061s][info][gc,reloc    ] GC(325) Medium Pages: 0 / 0M, Empty: 0M, Relocated: 0M, In-Place: 0
[153.061s][info][gc,reloc    ] GC(325) Large Pages: 0 / 0M, Empty: 0M, Relocated: 0M, In-Place: 0
[153.061s][info][gc,reloc    ] GC(325) Forwarding Usage: 0M
[153.061s][info][gc,heap     ] GC(325) Min Capacity: 8192M(100%)
[153.061s][info][gc,heap     ] GC(325) Max Capacity: 8192M(100%)
[153.061s][info][gc,heap     ] GC(325) Soft Max Capacity: 8192M(100%)
[153.061s][info][gc,heap     ] GC(325)                Mark Start          Mark End        Relocate Start      Relocate End           High               Low         
[153.061s][info][gc,heap     ] GC(325)  Capacity:     8192M (100%)       8192M (100%)       8192M (100%)       8192M (100%)       8192M (100%)       8192M (100%)   
[153.061s][info][gc,heap     ] GC(325)      Free:     8184M (100%)       8184M (100%)       8184M (100%)       8186M (100%)       8186M (100%)       8180M (100%)   
[153.061s][info][gc,heap     ] GC(325)      Used:        8M (0%)            8M (0%)            8M (0%)            6M (0%)           12M (0%)            6M (0%)     
[153.061s][info][gc,heap     ] GC(325)      Live:         -                 0M (0%)            0M (0%)            0M (0%)             -                  -          
[153.061s][info][gc,heap     ] GC(325) Allocated:         -                 0M (0%)            0M (0%)            0M (0%)             -                  -          
[153.061s][info][gc,heap     ] GC(325)   Garbage:         -                 7M (0%)            7M (0%)            5M (0%)             -                  -          
[153.061s][info][gc,heap     ] GC(325) Reclaimed:         -                  -                 0M (0%)            2M (0%)             -                  -          
[153.061s][info][gc          ] GC(325) Garbage Collection (System.gc()) 8M(0%)->6M(0%)
[153.521s][info][gc,start    ] GC(326) Garbage Collection (System.gc())
[153.521s][info][gc,task     ] GC(326) Using 3 workers
[153.521s][info][gc,phases   ] GC(326) Pause Mark Start 0.013ms
[153.524s][info][gc,phases   ] GC(326) Concurrent Mark 3.608ms
[153.525s][info][gc,phases   ] GC(326) Pause Mark End 0.026ms
[153.525s][info][gc,phases   ] GC(326) Concurrent Mark Free 0.001ms
[153.536s][info][gc,phases   ] GC(326) Concurrent Process Non-Strong References 10.811ms
[153.536s][info][gc,phases   ] GC(326) Concurrent Reset Relocation Set 0.002ms
[153.540s][info][gc,phases   ] GC(326) Concurrent Select Relocation Set 4.115ms
[153.540s][info][gc,phases   ] GC(326) Pause Relocate Start 0.006ms
[153.541s][info][gc,phases   ] GC(326) Concurrent Relocate 0.604ms
[153.541s][info][gc,load     ] GC(326) Load: 2.95/1.78/1.70
[153.541s][info][gc,mmu      ] GC(326) MMU: 2ms/87.2%, 5ms/94.3%, 10ms/97.1%, 20ms/98.5%, 50ms/99.4%, 100ms/99.7%
[153.541s][info][gc,marking  ] GC(326) Mark: 2 stripe(s), 1 proactive flush(es), 1 terminate flush(es), 0 completion(s), 0 continuation(s) 
[153.541s][info][gc,marking  ] GC(326) Mark Stack Usage: 32M
[153.541s][info][gc,nmethod  ] GC(326) NMethods: 431 registered, 20 unregistered
[153.541s][info][gc,metaspace] GC(326) Metaspace: 0M used, 1M committed, 1088M reserved
[153.541s][info][gc,ref      ] GC(326) Soft: 2 encountered, 0 discovered, 0 enqueued
[153.541s][info][gc,ref      ] GC(326) Weak: 9 encountered, 0 discovered, 0 enqueued
[153.541s][info][gc,ref      ] GC(326) Final: 0 encountered, 0 discovered, 0 enqueued
[153.541s][info][gc,ref      ] GC(326) Phantom: 3 encountered, 2 discovered, 0 enqueued
[153.541s][info][gc,reloc    ] GC(326) Small Pages: 4 / 8M, Empty: 0M, Relocated: 0M, In-Place: 0
[153.541s][info][gc,reloc    ] GC(326) Medium Pages: 0 / 0M, Empty: 0M, Relocated: 0M, In-Place: 0
[153.541s][info][gc,reloc    ] GC(326) Large Pages: 0 / 0M, Empty: 0M, Relocated: 0M, In-Place: 0
[153.541s][info][gc,reloc    ] GC(326) Forwarding Usage: 0M
[153.541s][info][gc,heap     ] GC(326) Min Capacity: 8192M(100%)
[153.541s][info][gc,heap     ] GC(326) Max Capacity: 8192M(100%)
[153.541s][info][gc,heap     ] GC(326) Soft Max Capacity: 8192M(100%)
[153.541s][info][gc,heap     ] GC(326)                Mark Start          Mark End        Relocate Start      Relocate End           High               Low         
[153.541s][info][gc,heap     ] GC(326)  Capacity:     8192M (100%)       8192M (100%)       8192M (100%)       8192M (100%)       8192M (100%)       8192M (100%)   
[153.541s][info][gc,heap     ] GC(326)      Free:     8184M (100%)       8184M (100%)       8184M (100%)       8186M (100%)       8186M (100%)       8178M (100%)   
[153.541s][info][gc,heap     ] GC(326)      Used:        8M (0%)            8M (0%)            8M (0%)            6M (0%)           14M (0%)            6M (0%)     
[153.541s][info][gc,heap     ] GC(326)      Live:         -                 0M (0%)            0M (0%)            0M (0%)             -                  -          
[153.541s][info][gc,heap     ] GC(326) Allocated:         -                 0M (0%)            0M (0%)            0M (0%)             -                  -          
[153.541s][info][gc,heap     ] GC(326)   Garbage:         -                 7M (0%)            7M (0%)            5M (0%)             -                  -          
[153.541s][info][gc,heap     ] GC(326) Reclaimed:         -                  -                 0M (0%)            2M (0%)             -                  -          
[153.541s][info][gc          ] GC(326) Garbage Collection (System.gc()) 8M(0%)->6M(0%)
[154.000s][info][gc,start    ] GC(327) Garbage Collection (System.gc())
[154.000s][info][gc,task     ] GC(327) Using 3 workers
[154.000s][info][gc,phases   ] GC(327) Pause Mark Start 0.014ms
[154.012s][info][gc,phases   ] GC(327) Concurrent Mark 11.600ms
[154.012s][info][gc,phases   ] GC(327) Pause Mark End 0.018ms
[154.012s][info][gc,phases   ] GC(327) Concurrent Mark Free 0.001ms
[154.014s][info][gc,phases   ] GC(327) Concurrent Process Non-Strong References 1.696ms
[154.014s][info][gc,phases   ] GC(327) Concurrent Reset Relocation Set 0.001ms
[154.017s][info][gc,phases   ] GC(327) Concurrent Select Relocation Set 3.704ms
[154.018s][info][gc,phases   ] GC(327) Pause Relocate Start 0.008ms
[154.018s][info][gc,phases   ] GC(327) Concurrent Relocate 0.717ms
[154.018s][info][gc,load     ] GC(327) Load: 2.95/1.78/1.70
[154.018s][info][gc,mmu      ] GC(327) MMU: 2ms/87.2%, 5ms/94.3%, 10ms/97.1%, 20ms/98.5%, 50ms/99.4%, 100ms/99.7%
[154.018s][info][gc,marking  ] GC(327) Mark: 2 stripe(s), 1 proactive flush(es), 1 terminate flush(es), 0 completion(s), 0 continuation(s) 
[154.018s][info][gc,marking  ] GC(327) Mark Stack Usage: 32M
[154.018s][info][gc,nmethod  ] GC(327) NMethods: 431 registered, 20 unregistered
[154.018s][info][gc,metaspace] GC(327) Metaspace: 0M used, 1M committed, 1088M reserved
[154.018s][info][gc,ref      ] GC(327) Soft: 2 encountered, 0 discovered, 0 enqueued
[154.019s][info][gc,ref      ] GC(327) Weak: 9 encountered, 0 discovered, 0 enqueued
[154.019s][info][gc,ref      ] GC(327) Final: 0 encountered, 0 discovered, 0 enqueued
[154.019s][info][gc,ref      ] GC(327) Phantom: 3 encountered, 3 discovered, 0 enqueued
[154.019s][info][gc,reloc    ] GC(327) Small Pages: 4 / 8M, Empty: 0M, Relocated: 0M, In-Place: 0
[154.019s][info][gc,reloc    ] GC(327) Medium Pages: 0 / 0M, Empty: 0M, Relocated: 0M, In-Place: 0
[154.019s][info][gc,reloc    ] GC(327) Large Pages: 0 / 0M, Empty: 0M, Relocated: 0M, In-Place: 0
[154.019s][info][gc,reloc    ] GC(327) Forwarding Usage: 0M
[154.019s][info][gc,heap     ] GC(327) Min Capacity: 8192M(100%)
[154.019s][info][gc,heap     ] GC(327) Max Capacity: 8192M(100%)
[154.019s][info][gc,heap     ] GC(327) Soft Max Capacity: 8192M(100%)
[154.019s][info][gc,heap     ] GC(327)                Mark Start          Mark End        Relocate Start      Relocate End           High               Low         
[154.019s][info][gc,heap     ] GC(327)  Capacity:     8192M (100%)       8192M (100%)       8192M (100%)       8192M (100%)       8192M (100%)       8192M (100%)   
[154.019s][info][gc,heap     ] GC(327)      Free:     8184M (100%)       8184M (100%)       8184M (100%)       8186M (100%)       8186M (100%)       8178M (100%)   
[154.019s][info][gc,heap     ] GC(327)      Used:        8M (0%)            8M (0%)            8M (0%)            6M (0%)           14M (0%)            6M (0%)     
[154.019s][info][gc,heap     ] GC(327)      Live:         -                 0M (0%)            0M (0%)            0M (0%)             -                  -          
[154.019s][info][gc,heap     ] GC(327) Allocated:         -                 0M (0%)            0M (0%)            0M (0%)             -                  -          
[154.019s][info][gc,heap     ] GC(327)   Garbage:         -                 7M (0%)            7M (0%)            5M (0%)             -                  -          
[154.019s][info][gc,heap     ] GC(327) Reclaimed:         -                  -                 0M (0%)            2M (0%)             -                  -          
[154.019s][info][gc          ] GC(327) Garbage Collection (System.gc()) 8M(0%)->6M(0%)
[154.483s][info][gc,start    ] GC(328) Garbage Collection (System.gc())
[154.483s][info][gc,task     ] GC(328) Using 3 workers
[154.484s][info][gc,phases   ] GC(328) Pause Mark Start 0.012ms
[154.488s][info][gc,phases   ] GC(328) Concurrent Mark 2.109ms
[154.488s][info][gc,phases   ] GC(328) Pause Mark End 0.009ms
[154.488s][info][gc,phases   ] GC(328) Concurrent Mark Free 0.000ms
[154.488s][info][gc,phases   ] GC(328) Concurrent Process Non-Strong References 0.423ms
[154.488s][info][gc,phases   ] GC(328) Concurrent Reset Relocation Set 0.001ms
[154.492s][info][gc,phases   ] GC(328) Concurrent Select Relocation Set 4.107ms
[154.492s][info][gc,phases   ] GC(328) Pause Relocate Start 0.006ms
[154.493s][info][gc,phases   ] GC(328) Concurrent Relocate 0.727ms
[154.493s][info][gc,load     ] GC(328) Load: 2.95/1.78/1.70
[154.493s][info][gc,mmu      ] GC(328) MMU: 2ms/87.2%, 5ms/94.3%, 10ms/97.1%, 20ms/98.5%, 50ms/99.4%, 100ms/99.7%
[154.493s][info][gc,marking  ] GC(328) Mark: 2 stripe(s), 2 proactive flush(es), 1 terminate flush(es), 0 completion(s), 0 continuation(s) 
[154.493s][info][gc,marking  ] GC(328) Mark Stack Usage: 32M
[154.493s][info][gc,nmethod  ] GC(328) NMethods: 432 registered, 20 unregistered
[154.493s][info][gc,metaspace] GC(328) Metaspace: 0M used, 1M committed, 1088M reserved
[154.493s][info][gc,ref      ] GC(328) Soft: 2 encountered, 0 discovered, 0 enqueued
[154.493s][info][gc,ref      ] GC(328) Weak: 9 encountered, 0 discovered, 0 enqueued
[154.493s][info][gc,ref      ] GC(328) Final: 0 encountered, 0 discovered, 0 enqueued
[154.493s][info][gc,ref      ] GC(328) Phantom: 3 encountered, 2 discovered, 0 enqueued
[154.493s][info][gc,reloc    ] GC(328) Small Pages: 4 / 8M, Empty: 0M, Relocated: 0M, In-Place: 0
[154.493s][info][gc,reloc    ] GC(328) Medium Pages: 0 / 0M, Empty: 0M, Relocated: 0M, In-Place: 0
[154.493s][info][gc,reloc    ] GC(328) Large Pages: 0 / 0M, Empty: 0M, Relocated: 0M, In-Place: 0
[154.493s][info][gc,reloc    ] GC(328) Forwarding Usage: 0M
[154.493s][info][gc,heap     ] GC(328) Min Capacity: 8192M(100%)
[154.493s][info][gc,heap     ] GC(328) Max Capacity: 8192M(100%)
[154.493s][info][gc,heap     ] GC(328) Soft Max Capacity: 8192M(100%)
[154.493s][info][gc,heap     ] GC(328)                Mark Start          Mark End        Relocate Start      Relocate End           High               Low         
[154.493s][info][gc,heap     ] GC(328)  Capacity:     8192M (100%)       8192M (100%)       8192M (100%)       8192M (100%)       8192M (100%)       8192M (100%)   
[154.493s][info][gc,heap     ] GC(328)      Free:     8184M (100%)       8184M (100%)       8184M (100%)       8186M (100%)       8186M (100%)       8178M (100%)   
[154.493s][info][gc,heap     ] GC(328)      Used:        8M (0%)            8M (0%)            8M (0%)            6M (0%)           14M (0%)            6M (0%)     
[154.493s][info][gc,heap     ] GC(328)      Live:         -                 0M (0%)            0M (0%)            0M (0%)             -                  -          
[154.493s][info][gc,heap     ] GC(328) Allocated:         -                 0M (0%)            0M (0%)            0M (0%)             -                  -          
[154.493s][info][gc,heap     ] GC(328)   Garbage:         -                 7M (0%)            7M (0%)            5M (0%)             -                  -          
[154.493s][info][gc,heap     ] GC(328) Reclaimed:         -                  -                 0M (0%)            2M (0%)             -                  -          
[154.493s][info][gc          ] GC(328) Garbage Collection (System.gc()) 8M(0%)->6M(0%)
[154.947s][info][gc,start    ] GC(329) Garbage Collection (System.gc())
[154.947s][info][gc,task     ] GC(329) Using 3 workers
[154.947s][info][gc,phases   ] GC(329) Pause Mark Start 0.011ms
[154.952s][info][gc,phases   ] GC(329) Concurrent Mark 5.674ms
[154.953s][info][gc,phases   ] GC(329) Pause Mark End 0.023ms
[154.953s][info][gc,phases   ] GC(329) Concurrent Mark Free 0.001ms
[154.964s][info][gc,phases   ] GC(329) Concurrent Process Non-Strong References 11.169ms
[154.964s][info][gc,phases   ] GC(329) Concurrent Reset Relocation Set 0.001ms
[154.968s][info][gc,phases   ] GC(329) Concurrent Select Relocation Set 3.827ms
[154.968s][info][gc,phases   ] GC(329) Pause Relocate Start 0.007ms
[154.969s][info][gc,phases   ] GC(329) Concurrent Relocate 0.760ms
[154.969s][info][gc,load     ] GC(329) Load: 2.95/1.78/1.70
[154.969s][info][gc,mmu      ] GC(329) MMU: 2ms/87.2%, 5ms/94.3%, 10ms/97.1%, 20ms/98.5%, 50ms/99.4%, 100ms/99.7%
[154.969s][info][gc,marking  ] GC(329) Mark: 2 stripe(s), 1 proactive flush(es), 1 terminate flush(es), 0 completion(s), 0 continuation(s) 
[154.969s][info][gc,marking  ] GC(329) Mark Stack Usage: 32M
[154.969s][info][gc,nmethod  ] GC(329) NMethods: 431 registered, 21 unregistered
[154.969s][info][gc,metaspace] GC(329) Metaspace: 0M used, 1M committed, 1088M reserved
[154.969s][info][gc,ref      ] GC(329) Soft: 2 encountered, 0 discovered, 0 enqueued
[154.969s][info][gc,ref      ] GC(329) Weak: 9 encountered, 0 discovered, 0 enqueued
[154.969s][info][gc,ref      ] GC(329) Final: 0 encountered, 0 discovered, 0 enqueued
[154.969s][info][gc,ref      ] GC(329) Phantom: 3 encountered, 2 discovered, 0 enqueued
[154.969s][info][gc,reloc    ] GC(329) Small Pages: 4 / 8M, Empty: 0M, Relocated: 0M, In-Place: 0
[154.969s][info][gc,reloc    ] GC(329) Medium Pages: 0 / 0M, Empty: 0M, Relocated: 0M, In-Place: 0
[154.969s][info][gc,reloc    ] GC(329) Large Pages: 0 / 0M, Empty: 0M, Relocated: 0M, In-Place: 0
[154.969s][info][gc,reloc    ] GC(329) Forwarding Usage: 0M
[154.969s][info][gc,heap     ] GC(329) Min Capacity: 8192M(100%)
[154.969s][info][gc,heap     ] GC(329) Max Capacity: 8192M(100%)
[154.969s][info][gc,heap     ] GC(329) Soft Max Capacity: 8192M(100%)
[154.969s][info][gc,heap     ] GC(329)                Mark Start          Mark End        Relocate Start      Relocate End           High               Low         
[154.969s][info][gc,heap     ] GC(329)  Capacity:     8192M (100%)       8192M (100%)       8192M (100%)       8192M (100%)       8192M (100%)       8192M (100%)   
[154.969s][info][gc,heap     ] GC(329)      Free:     8184M (100%)       8184M (100%)       8184M (100%)       8186M (100%)       8186M (100%)       8178M (100%)   
[154.969s][info][gc,heap     ] GC(329)      Used:        8M (0%)            8M (0%)            8M (0%)            6M (0%)           14M (0%)            6M (0%)     
[154.969s][info][gc,heap     ] GC(329)      Live:         -                 0M (0%)            0M (0%)            0M (0%)             -                  -          
[154.969s][info][gc,heap     ] GC(329) Allocated:         -                 0M (0%)            0M (0%)            0M (0%)             -                  -          
[154.969s][info][gc,heap     ] GC(329)   Garbage:         -                 7M (0%)            7M (0%)            5M (0%)             -                  -          
[154.969s][info][gc,heap     ] GC(329) Reclaimed:         -                  -                 0M (0%)            2M (0%)             -                  -          
[154.969s][info][gc          ] GC(329) Garbage Collection (System.gc()) 8M(0%)->6M(0%)
[155.423s][info][gc,start    ] GC(330) Garbage Collection (System.gc())
[155.424s][info][gc,task     ] GC(330) Using 3 workers
[155.424s][info][gc,phases   ] GC(330) Pause Mark Start 0.011ms
[155.435s][info][gc,phases   ] GC(330) Concurrent Mark 11.619ms
[155.436s][info][gc,phases   ] GC(330) Pause Mark End 0.026ms
[155.436s][info][gc,phases   ] GC(330) Concurrent Mark Free 0.001ms
[155.437s][info][gc,phases   ] GC(330) Concurrent Process Non-Strong References 1.541ms
[155.437s][info][gc,phases   ] GC(330) Concurrent Reset Relocation Set 0.001ms
[155.442s][info][gc,phases   ] GC(330) Concurrent Select Relocation Set 4.415ms
[155.442s][info][gc,phases   ] GC(330) Pause Relocate Start 0.008ms
[155.443s][info][gc,phases   ] GC(330) Concurrent Relocate 0.698ms
[155.443s][info][gc,load     ] GC(330) Load: 2.80/1.77/1.70
[155.443s][info][gc,mmu      ] GC(330) MMU: 2ms/87.2%, 5ms/94.3%, 10ms/97.1%, 20ms/98.5%, 50ms/99.4%, 100ms/99.7%
[155.443s][info][gc,marking  ] GC(330) Mark: 2 stripe(s), 1 proactive flush(es), 1 terminate flush(es), 0 completion(s), 0 continuation(s) 
[155.443s][info][gc,marking  ] GC(330) Mark Stack Usage: 32M
[155.443s][info][gc,nmethod  ] GC(330) NMethods: 431 registered, 21 unregistered
[155.443s][info][gc,metaspace] GC(330) Metaspace: 0M used, 1M committed, 1088M reserved
[155.443s][info][gc,ref      ] GC(330) Soft: 2 encountered, 0 discovered, 0 enqueued
[155.443s][info][gc,ref      ] GC(330) Weak: 9 encountered, 0 discovered, 0 enqueued
[155.443s][info][gc,ref      ] GC(330) Final: 0 encountered, 0 discovered, 0 enqueued
[155.443s][info][gc,ref      ] GC(330) Phantom: 3 encountered, 1 discovered, 0 enqueued
[155.443s][info][gc,reloc    ] GC(330) Small Pages: 4 / 8M, Empty: 0M, Relocated: 0M, In-Place: 0
[155.443s][info][gc,reloc    ] GC(330) Medium Pages: 0 / 0M, Empty: 0M, Relocated: 0M, In-Place: 0
[155.443s][info][gc,reloc    ] GC(330) Large Pages: 0 / 0M, Empty: 0M, Relocated: 0M, In-Place: 0
[155.443s][info][gc,reloc    ] GC(330) Forwarding Usage: 0M
[155.443s][info][gc,heap     ] GC(330) Min Capacity: 8192M(100%)
[155.443s][info][gc,heap     ] GC(330) Max Capacity: 8192M(100%)
[155.443s][info][gc,heap     ] GC(330) Soft Max Capacity: 8192M(100%)
[155.443s][info][gc,heap     ] GC(330)                Mark Start          Mark End        Relocate Start      Relocate End           High               Low         
[155.443s][info][gc,heap     ] GC(330)  Capacity:     8192M (100%)       8192M (100%)       8192M (100%)       8192M (100%)       8192M (100%)       8192M (100%)   
[155.443s][info][gc,heap     ] GC(330)      Free:     8184M (100%)       8184M (100%)       8184M (100%)       8186M (100%)       8186M (100%)       8178M (100%)   
[155.443s][info][gc,heap     ] GC(330)      Used:        8M (0%)            8M (0%)            8M (0%)            6M (0%)           14M (0%)            6M (0%)     
[155.443s][info][gc,heap     ] GC(330)      Live:         -                 0M (0%)            0M (0%)            0M (0%)             -                  -          
[155.443s][info][gc,heap     ] GC(330) Allocated:         -                 0M (0%)            0M (0%)            0M (0%)             -                  -          
[155.443s][info][gc,heap     ] GC(330)   Garbage:         -                 7M (0%)            7M (0%)            5M (0%)             -                  -          
[155.443s][info][gc,heap     ] GC(330) Reclaimed:         -                  -                 0M (0%)            2M (0%)             -                  -          
[155.443s][info][gc          ] GC(330) Garbage Collection (System.gc()) 8M(0%)->6M(0%)
[155.899s][info][gc,start    ] GC(331) Garbage Collection (System.gc())
[155.899s][info][gc,task     ] GC(331) Using 3 workers
[155.899s][info][gc,phases   ] GC(331) Pause Mark Start 0.013ms
[155.910s][info][gc,phases   ] GC(331) Concurrent Mark 10.703ms
[155.910s][info][gc,phases   ] GC(331) Pause Mark End 0.019ms
[155.910s][info][gc,phases   ] GC(331) Concurrent Mark Free 0.001ms
[155.911s][info][gc,phases   ] GC(331) Concurrent Process Non-Strong References 0.708ms
[155.911s][info][gc,phases   ] GC(331) Concurrent Reset Relocation Set 0.002ms
[155.914s][info][gc,phases   ] GC(331) Concurrent Select Relocation Set 3.137ms
[155.914s][info][gc,phases   ] GC(331) Pause Relocate Start 0.007ms
[155.914s][info][gc,phases   ] GC(331) Concurrent Relocate 0.458ms
[155.915s][info][gc,load     ] GC(331) Load: 2.80/1.77/1.70
[155.915s][info][gc,mmu      ] GC(331) MMU: 2ms/87.2%, 5ms/94.3%, 10ms/97.1%, 20ms/98.5%, 50ms/99.4%, 100ms/99.7%
[155.915s][info][gc,marking  ] GC(331) Mark: 2 stripe(s), 1 proactive flush(es), 1 terminate flush(es), 0 completion(s), 0 continuation(s) 
[155.915s][info][gc,marking  ] GC(331) Mark Stack Usage: 32M
[155.915s][info][gc,nmethod  ] GC(331) NMethods: 431 registered, 21 unregistered
[155.915s][info][gc,metaspace] GC(331) Metaspace: 0M used, 1M committed, 1088M reserved
[155.915s][info][gc,ref      ] GC(331) Soft: 2 encountered, 0 discovered, 0 enqueued
[155.915s][info][gc,ref      ] GC(331) Weak: 9 encountered, 0 discovered, 0 enqueued
[155.915s][info][gc,ref      ] GC(331) Final: 0 encountered, 0 discovered, 0 enqueued
[155.915s][info][gc,ref      ] GC(331) Phantom: 3 encountered, 2 discovered, 0 enqueued
[155.915s][info][gc,reloc    ] GC(331) Small Pages: 4 / 8M, Empty: 0M, Relocated: 0M, In-Place: 0
[155.915s][info][gc,reloc    ] GC(331) Medium Pages: 0 / 0M, Empty: 0M, Relocated: 0M, In-Place: 0
[155.915s][info][gc,reloc    ] GC(331) Large Pages: 0 / 0M, Empty: 0M, Relocated: 0M, In-Place: 0
[155.915s][info][gc,reloc    ] GC(331) Forwarding Usage: 0M
[155.915s][info][gc,heap     ] GC(331) Min Capacity: 8192M(100%)
[155.915s][info][gc,heap     ] GC(331) Max Capacity: 8192M(100%)
[155.915s][info][gc,heap     ] GC(331) Soft Max Capacity: 8192M(100%)
[155.915s][info][gc,heap     ] GC(331)                Mark Start          Mark End        Relocate Start      Relocate End           High               Low         
[155.915s][info][gc,heap     ] GC(331)  Capacity:     8192M (100%)       8192M (100%)       8192M (100%)       8192M (100%)       8192M (100%)       8192M (100%)   
[155.915s][info][gc,heap     ] GC(331)      Free:     8184M (100%)       8184M (100%)       8184M (100%)       8186M (100%)       8186M (100%)       8178M (100%)   
[155.915s][info][gc,heap     ] GC(331)      Used:        8M (0%)            8M (0%)            8M (0%)            6M (0%)           14M (0%)            6M (0%)     
[155.915s][info][gc,heap     ] GC(331)      Live:         -                 0M (0%)            0M (0%)            0M (0%)             -                  -          
[155.915s][info][gc,heap     ] GC(331) Allocated:         -                 0M (0%)            0M (0%)            0M (0%)             -                  -          
[155.915s][info][gc,heap     ] GC(331)   Garbage:         -                 7M (0%)            7M (0%)            5M (0%)             -                  -          
[155.915s][info][gc,heap     ] GC(331) Reclaimed:         -                  -                 0M (0%)            2M (0%)             -                  -          
[155.915s][info][gc          ] GC(331) Garbage Collection (System.gc()) 8M(0%)->6M(0%)
[156.370s][info][gc,start    ] GC(332) Garbage Collection (System.gc())
[156.370s][info][gc,task     ] GC(332) Using 3 workers
[156.371s][info][gc,phases   ] GC(332) Pause Mark Start 0.011ms
[156.375s][info][gc,phases   ] GC(332) Concurrent Mark 3.517ms
[156.375s][info][gc,phases   ] GC(332) Pause Mark End 0.022ms
[156.375s][info][gc,phases   ] GC(332) Concurrent Mark Free 0.001ms
[156.384s][info][gc,phases   ] GC(332) Concurrent Process Non-Strong References 9.460ms
[156.385s][info][gc,phases   ] GC(332) Concurrent Reset Relocation Set 0.002ms
[156.389s][info][gc,phases   ] GC(332) Concurrent Select Relocation Set 4.117ms
[156.389s][info][gc,phases   ] GC(332) Pause Relocate Start 0.011ms
[156.389s][info][gc,phases   ] GC(332) Concurrent Relocate 0.744ms
[156.390s][info][gc,load     ] GC(332) Load: 2.80/1.77/1.70
[156.390s][info][gc,mmu      ] GC(332) MMU: 2ms/87.2%, 5ms/94.3%, 10ms/97.1%, 20ms/98.5%, 50ms/99.4%, 100ms/99.7%
[156.390s][info][gc,marking  ] GC(332) Mark: 2 stripe(s), 1 proactive flush(es), 1 terminate flush(es), 0 completion(s), 0 continuation(s) 
[156.390s][info][gc,marking  ] GC(332) Mark Stack Usage: 32M
[156.390s][info][gc,nmethod  ] GC(332) NMethods: 431 registered, 21 unregistered
[156.390s][info][gc,metaspace] GC(332) Metaspace: 0M used, 1M committed, 1088M reserved
[156.390s][info][gc,ref      ] GC(332) Soft: 2 encountered, 0 discovered, 0 enqueued
[156.390s][info][gc,ref      ] GC(332) Weak: 9 encountered, 0 discovered, 0 enqueued
[156.390s][info][gc,ref      ] GC(332) Final: 0 encountered, 0 discovered, 0 enqueued
[156.390s][info][gc,ref      ] GC(332) Phantom: 3 encountered, 2 discovered, 0 enqueued
[156.390s][info][gc,reloc    ] GC(332) Small Pages: 4 / 8M, Empty: 0M, Relocated: 0M, In-Place: 0
[156.390s][info][gc,reloc    ] GC(332) Medium Pages: 0 / 0M, Empty: 0M, Relocated: 0M, In-Place: 0
[156.390s][info][gc,reloc    ] GC(332) Large Pages: 0 / 0M, Empty: 0M, Relocated: 0M, In-Place: 0
[156.390s][info][gc,reloc    ] GC(332) Forwarding Usage: 0M
[156.390s][info][gc,heap     ] GC(332) Min Capacity: 8192M(100%)
[156.390s][info][gc,heap     ] GC(332) Max Capacity: 8192M(100%)
[156.390s][info][gc,heap     ] GC(332) Soft Max Capacity: 8192M(100%)
[156.390s][info][gc,heap     ] GC(332)                Mark Start          Mark End        Relocate Start      Relocate End           High               Low         
[156.390s][info][gc,heap     ] GC(332)  Capacity:     8192M (100%)       8192M (100%)       8192M (100%)       8192M (100%)       8192M (100%)       8192M (100%)   
[156.390s][info][gc,heap     ] GC(332)      Free:     8184M (100%)       8184M (100%)       8184M (100%)       8186M (100%)       8186M (100%)       8178M (100%)   
[156.390s][info][gc,heap     ] GC(332)      Used:        8M (0%)            8M (0%)            8M (0%)            6M (0%)           14M (0%)            6M (0%)     
[156.390s][info][gc,heap     ] GC(332)      Live:         -                 0M (0%)            0M (0%)            0M (0%)             -                  -          
[156.390s][info][gc,heap     ] GC(332) Allocated:         -                 0M (0%)            0M (0%)            0M (0%)             -                  -          
[156.390s][info][gc,heap     ] GC(332)   Garbage:         -                 7M (0%)            7M (0%)            5M (0%)             -                  -          
[156.390s][info][gc,heap     ] GC(332) Reclaimed:         -                  -                 0M (0%)            2M (0%)             -                  -          
[156.390s][info][gc          ] GC(332) Garbage Collection (System.gc()) 8M(0%)->6M(0%)
[156.846s][info][gc,start    ] GC(333) Garbage Collection (System.gc())
[156.846s][info][gc,task     ] GC(333) Using 3 workers
[156.847s][info][gc,phases   ] GC(333) Pause Mark Start 0.013ms
[156.862s][info][gc,phases   ] GC(333) Concurrent Mark 15.235ms
[156.862s][info][gc,phases   ] GC(333) Pause Mark End 0.025ms
[156.862s][info][gc,phases   ] GC(333) Concurrent Mark Free 0.001ms
[156.863s][info][gc,phases   ] GC(333) Concurrent Process Non-Strong References 1.070ms
[156.863s][info][gc,phases   ] GC(333) Concurrent Reset Relocation Set 0.003ms
[156.866s][info][gc,phases   ] GC(333) Concurrent Select Relocation Set 2.843ms
[156.869s][info][gc,phases   ] GC(333) Pause Relocate Start 0.006ms
[156.870s][info][gc,phases   ] GC(333) Concurrent Relocate 0.529ms
[156.870s][info][gc,load     ] GC(333) Load: 2.80/1.77/1.70
[156.870s][info][gc,mmu      ] GC(333) MMU: 2ms/87.2%, 5ms/94.3%, 10ms/97.1%, 20ms/98.5%, 50ms/99.4%, 100ms/99.7%
[156.870s][info][gc,marking  ] GC(333) Mark: 2 stripe(s), 1 proactive flush(es), 1 terminate flush(es), 0 completion(s), 0 continuation(s) 
[156.870s][info][gc,marking  ] GC(333) Mark Stack Usage: 32M
[156.870s][info][gc,nmethod  ] GC(333) NMethods: 431 registered, 21 unregistered
[156.870s][info][gc,metaspace] GC(333) Metaspace: 0M used, 1M committed, 1088M reserved
[156.870s][info][gc,ref      ] GC(333) Soft: 2 encountered, 0 discovered, 0 enqueued
[156.870s][info][gc,ref      ] GC(333) Weak: 9 encountered, 0 discovered, 0 enqueued
[156.870s][info][gc,ref      ] GC(333) Final: 0 encountered, 0 discovered, 0 enqueued
[156.870s][info][gc,ref      ] GC(333) Phantom: 3 encountered, 2 discovered, 0 enqueued
[156.870s][info][gc,reloc    ] GC(333) Small Pages: 4 / 8M, Empty: 0M, Relocated: 0M, In-Place: 0
[156.870s][info][gc,reloc    ] GC(333) Medium Pages: 0 / 0M, Empty: 0M, Relocated: 0M, In-Place: 0
[156.870s][info][gc,reloc    ] GC(333) Large Pages: 0 / 0M, Empty: 0M, Relocated: 0M, In-Place: 0
[156.870s][info][gc,reloc    ] GC(333) Forwarding Usage: 0M
[156.870s][info][gc,heap     ] GC(333) Min Capacity: 8192M(100%)
[156.870s][info][gc,heap     ] GC(333) Max Capacity: 8192M(100%)
[156.870s][info][gc,heap     ] GC(333) Soft Max Capacity: 8192M(100%)
[156.870s][info][gc,heap     ] GC(333)                Mark Start          Mark End        Relocate Start      Relocate End           High               Low         
[156.870s][info][gc,heap     ] GC(333)  Capacity:     8192M (100%)       8192M (100%)       8192M (100%)       8192M (100%)       8192M (100%)       8192M (100%)   
[156.870s][info][gc,heap     ] GC(333)      Free:     8184M (100%)       8184M (100%)       8184M (100%)       8186M (100%)       8186M (100%)       8180M (100%)   
[156.870s][info][gc,heap     ] GC(333)      Used:        8M (0%)            8M (0%)            8M (0%)            6M (0%)           12M (0%)            6M (0%)     
[156.870s][info][gc,heap     ] GC(333)      Live:         -                 0M (0%)            0M (0%)            0M (0%)             -                  -          
[156.870s][info][gc,heap     ] GC(333) Allocated:         -                 0M (0%)            0M (0%)            0M (0%)             -                  -          
[156.870s][info][gc,heap     ] GC(333)   Garbage:         -                 7M (0%)            7M (0%)            5M (0%)             -                  -          
[156.870s][info][gc,heap     ] GC(333) Reclaimed:         -                  -                 0M (0%)            2M (0%)             -                  -          
[156.870s][info][gc          ] GC(333) Garbage Collection (System.gc()) 8M(0%)->6M(0%)
[157.323s][info][gc,start    ] GC(334) Garbage Collection (System.gc())
[157.323s][info][gc,task     ] GC(334) Using 3 workers
[157.323s][info][gc,phases   ] GC(334) Pause Mark Start 0.012ms
[157.329s][info][gc,phases   ] GC(334) Concurrent Mark 5.150ms
[157.329s][info][gc,phases   ] GC(334) Pause Mark End 0.019ms
[157.329s][info][gc,phases   ] GC(334) Concurrent Mark Free 0.002ms
[157.333s][info][gc,phases   ] GC(334) Concurrent Process Non-Strong References 3.841ms
[157.333s][info][gc,phases   ] GC(334) Concurrent Reset Relocation Set 0.003ms
[157.343s][info][gc,phases   ] GC(334) Concurrent Select Relocation Set 9.759ms
[157.343s][info][gc,phases   ] GC(334) Pause Relocate Start 0.012ms
[157.344s][info][gc,phases   ] GC(334) Concurrent Relocate 0.869ms
[157.344s][info][gc,load     ] GC(334) Load: 2.80/1.77/1.70
[157.344s][info][gc,mmu      ] GC(334) MMU: 2ms/87.2%, 5ms/94.3%, 10ms/97.1%, 20ms/98.5%, 50ms/99.4%, 100ms/99.7%
[157.344s][info][gc,marking  ] GC(334) Mark: 2 stripe(s), 1 proactive flush(es), 1 terminate flush(es), 0 completion(s), 0 continuation(s) 
[157.344s][info][gc,marking  ] GC(334) Mark Stack Usage: 32M
[157.344s][info][gc,nmethod  ] GC(334) NMethods: 431 registered, 21 unregistered
[157.344s][info][gc,metaspace] GC(334) Metaspace: 0M used, 1M committed, 1088M reserved
[157.344s][info][gc,ref      ] GC(334) Soft: 2 encountered, 0 discovered, 0 enqueued
[157.344s][info][gc,ref      ] GC(334) Weak: 9 encountered, 0 discovered, 0 enqueued
[157.344s][info][gc,ref      ] GC(334) Final: 0 encountered, 0 discovered, 0 enqueued
[157.344s][info][gc,ref      ] GC(334) Phantom: 3 encountered, 1 discovered, 0 enqueued
[157.344s][info][gc,reloc    ] GC(334) Small Pages: 4 / 8M, Empty: 0M, Relocated: 0M, In-Place: 0
[157.344s][info][gc,reloc    ] GC(334) Medium Pages: 0 / 0M, Empty: 0M, Relocated: 0M, In-Place: 0
[157.344s][info][gc,reloc    ] GC(334) Large Pages: 0 / 0M, Empty: 0M, Relocated: 0M, In-Place: 0
[157.344s][info][gc,reloc    ] GC(334) Forwarding Usage: 0M
[157.344s][info][gc,heap     ] GC(334) Min Capacity: 8192M(100%)
[157.344s][info][gc,heap     ] GC(334) Max Capacity: 8192M(100%)
[157.344s][info][gc,heap     ] GC(334) Soft Max Capacity: 8192M(100%)
[157.344s][info][gc,heap     ] GC(334)                Mark Start          Mark End        Relocate Start      Relocate End           High               Low         
[157.344s][info][gc,heap     ] GC(334)  Capacity:     8192M (100%)       8192M (100%)       8192M (100%)       8192M (100%)       8192M (100%)       8192M (100%)   
[157.344s][info][gc,heap     ] GC(334)      Free:     8184M (100%)       8184M (100%)       8184M (100%)       8186M (100%)       8186M (100%)       8178M (100%)   
[157.344s][info][gc,heap     ] GC(334)      Used:        8M (0%)            8M (0%)            8M (0%)            6M (0%)           14M (0%)            6M (0%)     
[157.344s][info][gc,heap     ] GC(334)      Live:         -                 0M (0%)            0M (0%)            0M (0%)             -                  -          
[157.344s][info][gc,heap     ] GC(334) Allocated:         -                 0M (0%)            0M (0%)            0M (0%)             -                  -          
[157.344s][info][gc,heap     ] GC(334)   Garbage:         -                 7M (0%)            7M (0%)            5M (0%)             -                  -          
[157.344s][info][gc,heap     ] GC(334) Reclaimed:         -                  -                 0M (0%)            2M (0%)             -                  -          
[157.344s][info][gc          ] GC(334) Garbage Collection (System.gc()) 8M(0%)->6M(0%)
[157.801s][info][gc,start    ] GC(335) Garbage Collection (System.gc())
[157.801s][info][gc,task     ] GC(335) Using 3 workers
[157.803s][info][gc,phases   ] GC(335) Pause Mark Start 0.014ms
[157.809s][info][gc,phases   ] GC(335) Concurrent Mark 6.063ms
[157.809s][info][gc,phases   ] GC(335) Pause Mark End 0.020ms
[157.809s][info][gc,phases   ] GC(335) Concurrent Mark Free 0.001ms
[157.813s][info][gc,phases   ] GC(335) Concurrent Process Non-Strong References 4.055ms
[157.813s][info][gc,phases   ] GC(335) Concurrent Reset Relocation Set 0.003ms
[157.823s][info][gc,phases   ] GC(335) Concurrent Select Relocation Set 9.933ms
[157.823s][info][gc,phases   ] GC(335) Pause Relocate Start 0.009ms
[157.824s][info][gc,phases   ] GC(335) Concurrent Relocate 0.814ms
[157.824s][info][gc,load     ] GC(335) Load: 2.80/1.77/1.70
[157.824s][info][gc,mmu      ] GC(335) MMU: 2ms/87.2%, 5ms/94.3%, 10ms/97.1%, 20ms/98.5%, 50ms/99.4%, 100ms/99.7%
[157.824s][info][gc,marking  ] GC(335) Mark: 2 stripe(s), 1 proactive flush(es), 1 terminate flush(es), 0 completion(s), 0 continuation(s) 
[157.824s][info][gc,marking  ] GC(335) Mark Stack Usage: 32M
[157.824s][info][gc,nmethod  ] GC(335) NMethods: 431 registered, 21 unregistered
[157.824s][info][gc,metaspace] GC(335) Metaspace: 0M used, 1M committed, 1088M reserved
[157.824s][info][gc,ref      ] GC(335) Soft: 2 encountered, 0 discovered, 0 enqueued
[157.824s][info][gc,ref      ] GC(335) Weak: 9 encountered, 0 discovered, 0 enqueued
[157.824s][info][gc,ref      ] GC(335) Final: 0 encountered, 0 discovered, 0 enqueued
[157.824s][info][gc,ref      ] GC(335) Phantom: 3 encountered, 2 discovered, 0 enqueued
[157.824s][info][gc,reloc    ] GC(335) Small Pages: 4 / 8M, Empty: 0M, Relocated: 0M, In-Place: 0
[157.824s][info][gc,reloc    ] GC(335) Medium Pages: 0 / 0M, Empty: 0M, Relocated: 0M, In-Place: 0
[157.824s][info][gc,reloc    ] GC(335) Large Pages: 0 / 0M, Empty: 0M, Relocated: 0M, In-Place: 0
[157.824s][info][gc,reloc    ] GC(335) Forwarding Usage: 0M
[157.824s][info][gc,heap     ] GC(335) Min Capacity: 8192M(100%)
[157.824s][info][gc,heap     ] GC(335) Max Capacity: 8192M(100%)
[157.824s][info][gc,heap     ] GC(335) Soft Max Capacity: 8192M(100%)
[157.824s][info][gc,heap     ] GC(335)                Mark Start          Mark End        Relocate Start      Relocate End           High               Low         
[157.824s][info][gc,heap     ] GC(335)  Capacity:     8192M (100%)       8192M (100%)       8192M (100%)       8192M (100%)       8192M (100%)       8192M (100%)   
[157.825s][info][gc,heap     ] GC(335)      Free:     8184M (100%)       8184M (100%)       8184M (100%)       8186M (100%)       8186M (100%)       8178M (100%)   
[157.825s][info][gc,heap     ] GC(335)      Used:        8M (0%)            8M (0%)            8M (0%)            6M (0%)           14M (0%)            6M (0%)     
[157.825s][info][gc,heap     ] GC(335)      Live:         -                 0M (0%)            0M (0%)            0M (0%)             -                  -          
[157.825s][info][gc,heap     ] GC(335) Allocated:         -                 0M (0%)            0M (0%)            0M (0%)             -                  -          
[157.825s][info][gc,heap     ] GC(335)   Garbage:         -                 7M (0%)            7M (0%)            5M (0%)             -                  -          
[157.825s][info][gc,heap     ] GC(335) Reclaimed:         -                  -                 0M (0%)            2M (0%)             -                  -          
[157.825s][info][gc          ] GC(335) Garbage Collection (System.gc()) 8M(0%)->6M(0%)
[158.278s][info][gc,start    ] GC(336) Garbage Collection (System.gc())
[158.278s][info][gc,task     ] GC(336) Using 3 workers
[158.279s][info][gc,phases   ] GC(336) Pause Mark Start 0.012ms
[158.288s][info][gc,phases   ] GC(336) Concurrent Mark 8.451ms
[158.288s][info][gc,phases   ] GC(336) Pause Mark End 0.075ms
[158.288s][info][gc,phases   ] GC(336) Concurrent Mark Free 0.001ms
[158.301s][info][gc,phases   ] GC(336) Concurrent Process Non-Strong References 12.492ms
[158.301s][info][gc,phases   ] GC(336) Concurrent Reset Relocation Set 0.004ms
[158.305s][info][gc,phases   ] GC(336) Concurrent Select Relocation Set 3.858ms
[158.305s][info][gc,phases   ] GC(336) Pause Relocate Start 0.006ms
[158.305s][info][gc,phases   ] GC(336) Concurrent Relocate 0.563ms
[158.305s][info][gc,load     ] GC(336) Load: 2.80/1.77/1.70
[158.305s][info][gc,mmu      ] GC(336) MMU: 2ms/87.2%, 5ms/94.3%, 10ms/97.1%, 20ms/98.5%, 50ms/99.4%, 100ms/99.7%
[158.305s][info][gc,marking  ] GC(336) Mark: 2 stripe(s), 1 proactive flush(es), 1 terminate flush(es), 0 completion(s), 0 continuation(s) 
[158.305s][info][gc,marking  ] GC(336) Mark Stack Usage: 32M
[158.305s][info][gc,nmethod  ] GC(336) NMethods: 431 registered, 21 unregistered
[158.306s][info][gc,metaspace] GC(336) Metaspace: 0M used, 1M committed, 1088M reserved
[158.306s][info][gc,ref      ] GC(336) Soft: 2 encountered, 0 discovered, 0 enqueued
[158.306s][info][gc,ref      ] GC(336) Weak: 9 encountered, 0 discovered, 0 enqueued
[158.306s][info][gc,ref      ] GC(336) Final: 0 encountered, 0 discovered, 0 enqueued
[158.306s][info][gc,ref      ] GC(336) Phantom: 3 encountered, 2 discovered, 0 enqueued
[158.306s][info][gc,reloc    ] GC(336) Small Pages: 4 / 8M, Empty: 0M, Relocated: 0M, In-Place: 0
[158.306s][info][gc,reloc    ] GC(336) Medium Pages: 0 / 0M, Empty: 0M, Relocated: 0M, In-Place: 0
[158.306s][info][gc,reloc    ] GC(336) Large Pages: 0 / 0M, Empty: 0M, Relocated: 0M, In-Place: 0
[158.306s][info][gc,reloc    ] GC(336) Forwarding Usage: 0M
[158.306s][info][gc,heap     ] GC(336) Min Capacity: 8192M(100%)
[158.306s][info][gc,heap     ] GC(336) Max Capacity: 8192M(100%)
[158.306s][info][gc,heap     ] GC(336) Soft Max Capacity: 8192M(100%)
[158.306s][info][gc,heap     ] GC(336)                Mark Start          Mark End        Relocate Start      Relocate End           High               Low         
[158.306s][info][gc,heap     ] GC(336)  Capacity:     8192M (100%)       8192M (100%)       8192M (100%)       8192M (100%)       8192M (100%)       8192M (100%)   
[158.306s][info][gc,heap     ] GC(336)      Free:     8184M (100%)       8184M (100%)       8184M (100%)       8188M (100%)       8188M (100%)       8180M (100%)   
[158.306s][info][gc,heap     ] GC(336)      Used:        8M (0%)            8M (0%)            8M (0%)            4M (0%)           12M (0%)            4M (0%)     
[158.306s][info][gc,heap     ] GC(336)      Live:         -                 0M (0%)            0M (0%)            0M (0%)             -                  -          
[158.306s][info][gc,heap     ] GC(336) Allocated:         -                 0M (0%)            0M (0%)            0M (0%)             -                  -          
[158.306s][info][gc,heap     ] GC(336)   Garbage:         -                 7M (0%)            7M (0%)            3M (0%)             -                  -          
[158.306s][info][gc,heap     ] GC(336) Reclaimed:         -                  -                 0M (0%)            4M (0%)             -                  -          
[158.306s][info][gc          ] GC(336) Garbage Collection (System.gc()) 8M(0%)->4M(0%)
[158.763s][info][gc,start    ] GC(337) Garbage Collection (System.gc())
[158.763s][info][gc,task     ] GC(337) Using 3 workers
[158.763s][info][gc,phases   ] GC(337) Pause Mark Start 0.013ms
[158.769s][info][gc,phases   ] GC(337) Concurrent Mark 6.057ms
[158.769s][info][gc,phases   ] GC(337) Pause Mark End 0.028ms
[158.778s][info][gc,phases   ] GC(337) Concurrent Mark Free 0.004ms
[158.780s][info][gc,phases   ] GC(337) Concurrent Process Non-Strong References 1.728ms
[158.780s][info][gc,phases   ] GC(337) Concurrent Reset Relocation Set 0.001ms
[158.784s][info][gc,phases   ] GC(337) Concurrent Select Relocation Set 3.862ms
[158.784s][info][gc,phases   ] GC(337) Pause Relocate Start 0.006ms
[158.785s][info][gc,phases   ] GC(337) Concurrent Relocate 0.712ms
[158.785s][info][gc,load     ] GC(337) Load: 2.80/1.77/1.70
[158.785s][info][gc,mmu      ] GC(337) MMU: 2ms/87.2%, 5ms/94.3%, 10ms/97.1%, 20ms/98.5%, 50ms/99.4%, 100ms/99.7%
[158.785s][info][gc,marking  ] GC(337) Mark: 2 stripe(s), 1 proactive flush(es), 1 terminate flush(es), 0 completion(s), 0 continuation(s) 
[158.785s][info][gc,marking  ] GC(337) Mark Stack Usage: 32M
[158.785s][info][gc,nmethod  ] GC(337) NMethods: 431 registered, 21 unregistered
[158.785s][info][gc,metaspace] GC(337) Metaspace: 0M used, 1M committed, 1088M reserved
[158.785s][info][gc,ref      ] GC(337) Soft: 2 encountered, 0 discovered, 0 enqueued
[158.785s][info][gc,ref      ] GC(337) Weak: 9 encountered, 0 discovered, 0 enqueued
[158.785s][info][gc,ref      ] GC(337) Final: 0 encountered, 0 discovered, 0 enqueued
[158.785s][info][gc,ref      ] GC(337) Phantom: 3 encountered, 2 discovered, 0 enqueued
[158.785s][info][gc,reloc    ] GC(337) Small Pages: 3 / 6M, Empty: 0M, Relocated: 0M, In-Place: 0
[158.785s][info][gc,reloc    ] GC(337) Medium Pages: 0 / 0M, Empty: 0M, Relocated: 0M, In-Place: 0
[158.785s][info][gc,reloc    ] GC(337) Large Pages: 0 / 0M, Empty: 0M, Relocated: 0M, In-Place: 0
[158.785s][info][gc,reloc    ] GC(337) Forwarding Usage: 0M
[158.785s][info][gc,heap     ] GC(337) Min Capacity: 8192M(100%)
[158.785s][info][gc,heap     ] GC(337) Max Capacity: 8192M(100%)
[158.785s][info][gc,heap     ] GC(337) Soft Max Capacity: 8192M(100%)
[158.785s][info][gc,heap     ] GC(337)                Mark Start          Mark End        Relocate Start      Relocate End           High               Low         
[158.785s][info][gc,heap     ] GC(337)  Capacity:     8192M (100%)       8192M (100%)       8192M (100%)       8192M (100%)       8192M (100%)       8192M (100%)   
[158.785s][info][gc,heap     ] GC(337)      Free:     8186M (100%)       8186M (100%)       8186M (100%)       8186M (100%)       8186M (100%)       8180M (100%)   
[158.785s][info][gc,heap     ] GC(337)      Used:        6M (0%)            6M (0%)            6M (0%)            6M (0%)           12M (0%)            6M (0%)     
[158.785s][info][gc,heap     ] GC(337)      Live:         -                 0M (0%)            0M (0%)            0M (0%)             -                  -          
[158.785s][info][gc,heap     ] GC(337) Allocated:         -                 0M (0%)            0M (0%)            0M (0%)             -                  -          
[158.785s][info][gc,heap     ] GC(337)   Garbage:         -                 5M (0%)            5M (0%)            5M (0%)             -                  -          
[158.785s][info][gc,heap     ] GC(337) Reclaimed:         -                  -                 0M (0%)            0M (0%)             -                  -          
[158.785s][info][gc          ] GC(337) Garbage Collection (System.gc()) 6M(0%)->6M(0%)
[159.242s][info][gc,start    ] GC(338) Garbage Collection (System.gc())
[159.242s][info][gc,task     ] GC(338) Using 3 workers
[159.242s][info][gc,phases   ] GC(338) Pause Mark Start 0.010ms
[159.246s][info][gc,phases   ] GC(338) Concurrent Mark 3.253ms
[159.246s][info][gc,phases   ] GC(338) Pause Mark End 0.023ms
[159.255s][info][gc,phases   ] GC(338) Concurrent Mark Free 0.003ms
[159.256s][info][gc,phases   ] GC(338) Concurrent Process Non-Strong References 1.351ms
[159.256s][info][gc,phases   ] GC(338) Concurrent Reset Relocation Set 0.001ms
[159.260s][info][gc,phases   ] GC(338) Concurrent Select Relocation Set 3.524ms
[159.260s][info][gc,phases   ] GC(338) Pause Relocate Start 0.005ms
[159.261s][info][gc,phases   ] GC(338) Concurrent Relocate 0.476ms
[159.261s][info][gc,load     ] GC(338) Load: 2.80/1.77/1.70
[159.261s][info][gc,mmu      ] GC(338) MMU: 2ms/87.2%, 5ms/94.3%, 10ms/97.1%, 20ms/98.5%, 50ms/99.4%, 100ms/99.7%
[159.261s][info][gc,marking  ] GC(338) Mark: 2 stripe(s), 1 proactive flush(es), 1 terminate flush(es), 0 completion(s), 0 continuation(s) 
[159.261s][info][gc,marking  ] GC(338) Mark Stack Usage: 32M
[159.261s][info][gc,nmethod  ] GC(338) NMethods: 431 registered, 21 unregistered
[159.261s][info][gc,metaspace] GC(338) Metaspace: 0M used, 1M committed, 1088M reserved
[159.261s][info][gc,ref      ] GC(338) Soft: 2 encountered, 0 discovered, 0 enqueued
[159.261s][info][gc,ref      ] GC(338) Weak: 9 encountered, 0 discovered, 0 enqueued
[159.261s][info][gc,ref      ] GC(338) Final: 0 encountered, 0 discovered, 0 enqueued
[159.261s][info][gc,ref      ] GC(338) Phantom: 3 encountered, 1 discovered, 0 enqueued
[159.261s][info][gc,reloc    ] GC(338) Small Pages: 4 / 8M, Empty: 0M, Relocated: 0M, In-Place: 0
[159.261s][info][gc,reloc    ] GC(338) Medium Pages: 0 / 0M, Empty: 0M, Relocated: 0M, In-Place: 0
[159.261s][info][gc,reloc    ] GC(338) Large Pages: 0 / 0M, Empty: 0M, Relocated: 0M, In-Place: 0
[159.261s][info][gc,reloc    ] GC(338) Forwarding Usage: 0M
[159.261s][info][gc,heap     ] GC(338) Min Capacity: 8192M(100%)
[159.261s][info][gc,heap     ] GC(338) Max Capacity: 8192M(100%)
[159.261s][info][gc,heap     ] GC(338) Soft Max Capacity: 8192M(100%)
[159.261s][info][gc,heap     ] GC(338)                Mark Start          Mark End        Relocate Start      Relocate End           High               Low         
[159.261s][info][gc,heap     ] GC(338)  Capacity:     8192M (100%)       8192M (100%)       8192M (100%)       8192M (100%)       8192M (100%)       8192M (100%)   
[159.261s][info][gc,heap     ] GC(338)      Free:     8184M (100%)       8184M (100%)       8184M (100%)       8186M (100%)       8186M (100%)       8178M (100%)   
[159.261s][info][gc,heap     ] GC(338)      Used:        8M (0%)            8M (0%)            8M (0%)            6M (0%)           14M (0%)            6M (0%)     
[159.261s][info][gc,heap     ] GC(338)      Live:         -                 0M (0%)            0M (0%)            0M (0%)             -                  -          
[159.261s][info][gc,heap     ] GC(338) Allocated:         -                 0M (0%)            0M (0%)            0M (0%)             -                  -          
[159.261s][info][gc,heap     ] GC(338)   Garbage:         -                 7M (0%)            7M (0%)            5M (0%)             -                  -          
[159.261s][info][gc,heap     ] GC(338) Reclaimed:         -                  -                 0M (0%)            2M (0%)             -                  -          
[159.261s][info][gc          ] GC(338) Garbage Collection (System.gc()) 8M(0%)->6M(0%)
[159.717s][info][gc,start    ] GC(339) Garbage Collection (System.gc())
[159.717s][info][gc,task     ] GC(339) Using 3 workers
[159.717s][info][gc,phases   ] GC(339) Pause Mark Start 0.013ms
[159.730s][info][gc,phases   ] GC(339) Concurrent Mark 12.461ms
[159.730s][info][gc,phases   ] GC(339) Pause Mark End 0.026ms
[159.730s][info][gc,phases   ] GC(339) Concurrent Mark Free 0.001ms
[159.732s][info][gc,phases   ] GC(339) Concurrent Process Non-Strong References 2.315ms
[159.732s][info][gc,phases   ] GC(339) Concurrent Reset Relocation Set 0.001ms
[159.736s][info][gc,phases   ] GC(339) Concurrent Select Relocation Set 3.865ms
[159.736s][info][gc,phases   ] GC(339) Pause Relocate Start 0.005ms
[159.737s][info][gc,phases   ] GC(339) Concurrent Relocate 0.739ms
[159.737s][info][gc,load     ] GC(339) Load: 2.80/1.77/1.70
[159.737s][info][gc,mmu      ] GC(339) MMU: 2ms/87.2%, 5ms/94.3%, 10ms/97.1%, 20ms/98.5%, 50ms/99.4%, 100ms/99.7%
[159.737s][info][gc,marking  ] GC(339) Mark: 2 stripe(s), 1 proactive flush(es), 1 terminate flush(es), 0 completion(s), 0 continuation(s) 
[159.737s][info][gc,marking  ] GC(339) Mark Stack Usage: 32M
[159.737s][info][gc,nmethod  ] GC(339) NMethods: 431 registered, 21 unregistered
[159.737s][info][gc,metaspace] GC(339) Metaspace: 0M used, 1M committed, 1088M reserved
[159.737s][info][gc,ref      ] GC(339) Soft: 2 encountered, 0 discovered, 0 enqueued
[159.737s][info][gc,ref      ] GC(339) Weak: 9 encountered, 0 discovered, 0 enqueued
[159.737s][info][gc,ref      ] GC(339) Final: 0 encountered, 0 discovered, 0 enqueued
[159.737s][info][gc,ref      ] GC(339) Phantom: 3 encountered, 1 discovered, 0 enqueued
[159.737s][info][gc,reloc    ] GC(339) Small Pages: 4 / 8M, Empty: 0M, Relocated: 0M, In-Place: 0
[159.737s][info][gc,reloc    ] GC(339) Medium Pages: 0 / 0M, Empty: 0M, Relocated: 0M, In-Place: 0
[159.737s][info][gc,reloc    ] GC(339) Large Pages: 0 / 0M, Empty: 0M, Relocated: 0M, In-Place: 0
[159.737s][info][gc,reloc    ] GC(339) Forwarding Usage: 0M
[159.737s][info][gc,heap     ] GC(339) Min Capacity: 8192M(100%)
[159.737s][info][gc,heap     ] GC(339) Max Capacity: 8192M(100%)
[159.737s][info][gc,heap     ] GC(339) Soft Max Capacity: 8192M(100%)
[159.737s][info][gc,heap     ] GC(339)                Mark Start          Mark End        Relocate Start      Relocate End           High               Low         
[159.737s][info][gc,heap     ] GC(339)  Capacity:     8192M (100%)       8192M (100%)       8192M (100%)       8192M (100%)       8192M (100%)       8192M (100%)   
[159.737s][info][gc,heap     ] GC(339)      Free:     8184M (100%)       8184M (100%)       8184M (100%)       8186M (100%)       8186M (100%)       8178M (100%)   
[159.737s][info][gc,heap     ] GC(339)      Used:        8M (0%)            8M (0%)            8M (0%)            6M (0%)           14M (0%)            6M (0%)     
[159.737s][info][gc,heap     ] GC(339)      Live:         -                 0M (0%)            0M (0%)            0M (0%)             -                  -          
[159.737s][info][gc,heap     ] GC(339) Allocated:         -                 0M (0%)            0M (0%)            0M (0%)             -                  -          
[159.737s][info][gc,heap     ] GC(339)   Garbage:         -                 7M (0%)            7M (0%)            5M (0%)             -                  -          
[159.737s][info][gc,heap     ] GC(339) Reclaimed:         -                  -                 0M (0%)            2M (0%)             -                  -          
[159.737s][info][gc          ] GC(339) Garbage Collection (System.gc()) 8M(0%)->6M(0%)
[160.018s][info][gc,stats    ] === Garbage Collection Statistics =======================================================================================================================
[160.018s][info][gc,stats    ]                                                              Last 10s              Last 10m              Last 10h                Total
[160.018s][info][gc,stats    ]                                                              Avg / Max             Avg / Max             Avg / Max             Avg / Max
[160.018s][info][gc,stats    ]   Collector: Garbage Collection Cycle                     18.208 / 27.701       13.224 / 27.701       13.224 / 27.701       13.224 / 27.701      ms
[160.018s][info][gc,stats    ]  Contention: Mark Segment Reset Contention                     0 / 2                 0 / 4                 0 / 4                 0 / 4           ops/s
[160.018s][info][gc,stats    ]  Contention: Mark SeqNum Reset Contention                      0 / 2                 0 / 3                 0 / 3                 0 / 3           ops/s
[160.018s][info][gc,stats    ]    Critical: Allocation Stall                                  0 / 0                 0 / 0                 0 / 0                 0 / 0           ops/s
[160.018s][info][gc,stats    ]    Critical: Allocation Stall                              0.000 / 0.000         0.000 / 0.000         0.000 / 0.000         0.000 / 0.000       ms
[160.018s][info][gc,stats    ]    Critical: GC Locker Stall                                   0 / 0                 0 / 0                 0 / 0                 0 / 0           ops/s
[160.018s][info][gc,stats    ]    Critical: GC Locker Stall                               0.000 / 0.000         0.000 / 0.000         0.000 / 0.000         0.000 / 0.000       ms
[160.018s][info][gc,stats    ]    Critical: Relocation Stall                                  0 / 0                 0 / 0                 0 / 0                 0 / 0           ops/s
[160.018s][info][gc,stats    ]    Critical: Relocation Stall                              0.000 / 0.000         0.000 / 0.000         0.000 / 0.000         0.000 / 0.000       ms
[160.019s][info][gc,stats    ]      Memory: Allocation Rate                                   4 / 6                 4 / 6                 4 / 6                 4 / 6           MB/s
[160.019s][info][gc,stats    ]      Memory: Defragment                                        0 / 0                 0 / 0                 0 / 0                 0 / 0           ops/s
[160.019s][info][gc,stats    ]      Memory: Out Of Memory                                     0 / 0                 0 / 0                 0 / 0                 0 / 0           ops/s
[160.019s][info][gc,stats    ]      Memory: Page Cache Flush                                  0 / 0                 0 / 0                 0 / 0                 0 / 0           MB/s
[160.019s][info][gc,stats    ]      Memory: Page Cache Hit L1                                 8 / 12                8 / 12                8 / 12                8 / 12          ops/s
[160.019s][info][gc,stats    ]      Memory: Page Cache Hit L2                                 0 / 0                 0 / 0                 0 / 0                 0 / 0           ops/s
[160.019s][info][gc,stats    ]      Memory: Page Cache Hit L3                                 0 / 0                 0 / 6                 0 / 6                 0 / 6           ops/s
[160.019s][info][gc,stats    ]      Memory: Page Cache Miss                                   0 / 0                 0 / 1                 0 / 1                 0 / 1           ops/s
[160.019s][info][gc,stats    ]      Memory: Uncommit                                          0 / 0                 0 / 0                 0 / 0                 0 / 0           MB/s
[160.019s][info][gc,stats    ]      Memory: Undo Object Allocation Failed                     0 / 0                 0 / 0                 0 / 0                 0 / 0           ops/s
[160.019s][info][gc,stats    ]      Memory: Undo Object Allocation Succeeded                  0 / 0                 0 / 0                 0 / 0                 0 / 0           ops/s
[160.019s][info][gc,stats    ]      Memory: Undo Page Allocation                              0 / 0                 0 / 0                 0 / 0                 0 / 0           ops/s
[160.019s][info][gc,stats    ]       Phase: Concurrent Mark                               7.305 / 15.235        4.731 / 15.502        4.731 / 15.502        4.731 / 15.502      ms
[160.019s][info][gc,stats    ]       Phase: Concurrent Mark Continue                      0.000 / 0.000         0.000 / 0.000         0.000 / 0.000         0.000 / 0.000       ms
[160.019s][info][gc,stats    ]       Phase: Concurrent Mark Free                          0.001 / 0.004         0.001 / 0.004         0.001 / 0.004         0.001 / 0.004       ms
[160.019s][info][gc,stats    ]       Phase: Concurrent Process Non-Strong References      3.311 / 12.492        1.937 / 13.093        1.937 / 13.093        1.937 / 13.093      ms
[160.019s][info][gc,stats    ]       Phase: Concurrent Relocate                           0.669 / 0.893         0.629 / 1.182         0.629 / 1.182         0.629 / 1.182       ms
[160.019s][info][gc,stats    ]       Phase: Concurrent Reset Relocation Set               0.002 / 0.004         0.002 / 0.028         0.002 / 0.028         0.002 / 0.028       ms
[160.019s][info][gc,stats    ]       Phase: Concurrent Select Relocation Set              4.386 / 9.933         4.392 / 15.311        4.392 / 15.311        4.392 / 15.311      ms
[160.019s][info][gc,stats    ]       Phase: Pause Mark End                                0.023 / 0.075         0.017 / 0.137         0.017 / 0.137         0.017 / 0.137       ms
[160.019s][info][gc,stats    ]       Phase: Pause Mark Start                              0.012 / 0.015         0.013 / 0.257         0.013 / 0.257         0.013 / 0.257       ms
[160.019s][info][gc,stats    ]       Phase: Pause Relocate Start                          0.008 / 0.016         0.008 / 0.134         0.008 / 0.134         0.008 / 0.134       ms
[160.019s][info][gc,stats    ]    Subphase: Concurrent Classes Purge                      0.026 / 0.109         0.028 / 0.287         0.028 / 0.287         0.028 / 0.287       ms
[160.019s][info][gc,stats    ]    Subphase: Concurrent Classes Unlink                     1.811 / 11.578        1.143 / 11.679        1.143 / 11.679        1.143 / 11.679      ms
[160.019s][info][gc,stats    ]    Subphase: Concurrent Mark                               3.621 / 11.703        2.410 / 11.772        2.410 / 11.772        2.410 / 11.772      ms
[160.019s][info][gc,stats    ]    Subphase: Concurrent Mark Try Flush                     0.485 / 4.340         0.228 / 6.755         0.228 / 6.755         0.228 / 6.755       ms
[160.019s][info][gc,stats    ]    Subphase: Concurrent Mark Try Terminate                 1.408 / 8.716         0.938 / 8.740         0.938 / 8.740         0.938 / 8.740       ms
[160.019s][info][gc,stats    ]    Subphase: Concurrent References Enqueue                 0.000 / 0.001         0.000 / 0.004         0.000 / 0.004         0.000 / 0.004       ms
[160.019s][info][gc,stats    ]    Subphase: Concurrent References Process                 0.851 / 8.697         0.381 / 9.421         0.381 / 9.421         0.381 / 9.421       ms
[160.019s][info][gc,stats    ]    Subphase: Concurrent Roots ClassLoaderDataGraph         0.196 / 1.828         0.132 / 2.621         0.132 / 2.621         0.132 / 2.621       ms
[160.019s][info][gc,stats    ]    Subphase: Concurrent Roots CodeCache                    0.000 / 0.000         0.000 / 0.000         0.000 / 0.000         0.000 / 0.000       ms
[160.019s][info][gc,stats    ]    Subphase: Concurrent Roots JavaThreads                  0.232 / 0.669         0.189 / 1.065         0.189 / 1.065         0.189 / 1.065       ms
[160.019s][info][gc,stats    ]    Subphase: Concurrent Roots OopStorageSet                0.017 / 0.031         0.016 / 0.358         0.016 / 0.358         0.016 / 0.358       ms
[160.019s][info][gc,stats    ]    Subphase: Concurrent Weak Roots OopStorageSet           0.093 / 0.280         0.060 / 0.625         0.060 / 0.625         0.060 / 0.625       ms
[160.019s][info][gc,stats    ]    Subphase: Pause Mark Try Complete                       0.000 / 0.000         0.000 / 0.000         0.000 / 0.000         0.000 / 0.000       ms
[160.019s][info][gc,stats    ]      System: Java Threads                                     10 / 10               10 / 10               10 / 10               10 / 10          threads
[160.019s][info][gc,stats    ] =========================================================================================================================================================
[160.200s][info][gc,start    ] GC(340) Garbage Collection (System.gc())
[160.201s][info][gc,task     ] GC(340) Using 3 workers
[160.201s][info][gc,phases   ] GC(340) Pause Mark Start 0.013ms
[160.205s][info][gc,phases   ] GC(340) Concurrent Mark 4.038ms
[160.205s][info][gc,phases   ] GC(340) Pause Mark End 0.015ms
[160.205s][info][gc,phases   ] GC(340) Concurrent Mark Free 0.000ms
[160.206s][info][gc,phases   ] GC(340) Concurrent Process Non-Strong References 0.646ms
[160.206s][info][gc,phases   ] GC(340) Concurrent Reset Relocation Set 0.001ms
[160.210s][info][gc,phases   ] GC(340) Concurrent Select Relocation Set 4.011ms
[160.210s][info][gc,phases   ] GC(340) Pause Relocate Start 0.006ms
[160.210s][info][gc,phases   ] GC(340) Concurrent Relocate 0.681ms
[160.210s][info][gc,load     ] GC(340) Load: 2.57/1.74/1.69
[160.210s][info][gc,mmu      ] GC(340) MMU: 2ms/87.2%, 5ms/94.3%, 10ms/97.1%, 20ms/98.5%, 50ms/99.4%, 100ms/99.7%
[160.210s][info][gc,marking  ] GC(340) Mark: 2 stripe(s), 1 proactive flush(es), 1 terminate flush(es), 0 completion(s), 0 continuation(s) 
[160.210s][info][gc,marking  ] GC(340) Mark Stack Usage: 32M
[160.210s][info][gc,nmethod  ] GC(340) NMethods: 431 registered, 21 unregistered
[160.210s][info][gc,metaspace] GC(340) Metaspace: 0M used, 1M committed, 1088M reserved
[160.210s][info][gc,ref      ] GC(340) Soft: 2 encountered, 0 discovered, 0 enqueued
[160.210s][info][gc,ref      ] GC(340) Weak: 9 encountered, 0 discovered, 0 enqueued
[160.210s][info][gc,ref      ] GC(340) Final: 0 encountered, 0 discovered, 0 enqueued
[160.211s][info][gc,ref      ] GC(340) Phantom: 3 encountered, 2 discovered, 0 enqueued
[160.211s][info][gc,reloc    ] GC(340) Small Pages: 4 / 8M, Empty: 0M, Relocated: 0M, In-Place: 0
[160.211s][info][gc,reloc    ] GC(340) Medium Pages: 0 / 0M, Empty: 0M, Relocated: 0M, In-Place: 0
[160.211s][info][gc,reloc    ] GC(340) Large Pages: 0 / 0M, Empty: 0M, Relocated: 0M, In-Place: 0
[160.211s][info][gc,reloc    ] GC(340) Forwarding Usage: 0M
[160.211s][info][gc,heap     ] GC(340) Min Capacity: 8192M(100%)
[160.211s][info][gc,heap     ] GC(340) Max Capacity: 8192M(100%)
[160.211s][info][gc,heap     ] GC(340) Soft Max Capacity: 8192M(100%)
[160.211s][info][gc,heap     ] GC(340)                Mark Start          Mark End        Relocate Start      Relocate End           High               Low         
[160.211s][info][gc,heap     ] GC(340)  Capacity:     8192M (100%)       8192M (100%)       8192M (100%)       8192M (100%)       8192M (100%)       8192M (100%)   
[160.211s][info][gc,heap     ] GC(340)      Free:     8184M (100%)       8184M (100%)       8184M (100%)       8186M (100%)       8186M (100%)       8178M (100%)   
[160.211s][info][gc,heap     ] GC(340)      Used:        8M (0%)            8M (0%)            8M (0%)            6M (0%)           14M (0%)            6M (0%)     
[160.211s][info][gc,heap     ] GC(340)      Live:         -                 0M (0%)            0M (0%)            0M (0%)             -                  -          
[160.211s][info][gc,heap     ] GC(340) Allocated:         -                 0M (0%)            0M (0%)            0M (0%)             -                  -          
[160.211s][info][gc,heap     ] GC(340)   Garbage:         -                 7M (0%)            7M (0%)            5M (0%)             -                  -          
[160.211s][info][gc,heap     ] GC(340) Reclaimed:         -                  -                 0M (0%)            2M (0%)             -                  -          
[160.211s][info][gc          ] GC(340) Garbage Collection (System.gc()) 8M(0%)->6M(0%)
[160.668s][info][gc,start    ] GC(341) Garbage Collection (System.gc())
[160.668s][info][gc,task     ] GC(341) Using 3 workers
[160.670s][info][gc,phases   ] GC(341) Pause Mark Start 0.013ms
[160.682s][info][gc,phases   ] GC(341) Concurrent Mark 2.610ms
[160.682s][info][gc,phases   ] GC(341) Pause Mark End 0.023ms
[160.682s][info][gc,phases   ] GC(341) Concurrent Mark Free 0.002ms
[160.683s][info][gc,phases   ] GC(341) Concurrent Process Non-Strong References 0.911ms
[160.683s][info][gc,phases   ] GC(341) Concurrent Reset Relocation Set 0.001ms
[160.686s][info][gc,phases   ] GC(341) Concurrent Select Relocation Set 2.791ms
[160.686s][info][gc,phases   ] GC(341) Pause Relocate Start 0.008ms
[160.687s][info][gc,phases   ] GC(341) Concurrent Relocate 0.528ms
[160.687s][info][gc,load     ] GC(341) Load: 2.57/1.74/1.69
[160.687s][info][gc,mmu      ] GC(341) MMU: 2ms/87.2%, 5ms/94.3%, 10ms/97.1%, 20ms/98.5%, 50ms/99.4%, 100ms/99.7%
[160.687s][info][gc,marking  ] GC(341) Mark: 2 stripe(s), 2 proactive flush(es), 1 terminate flush(es), 0 completion(s), 0 continuation(s) 
[160.687s][info][gc,marking  ] GC(341) Mark Stack Usage: 32M
[160.687s][info][gc,nmethod  ] GC(341) NMethods: 438 registered, 21 unregistered
[160.687s][info][gc,metaspace] GC(341) Metaspace: 0M used, 1M committed, 1088M reserved
[160.687s][info][gc,ref      ] GC(341) Soft: 2 encountered, 0 discovered, 0 enqueued
[160.687s][info][gc,ref      ] GC(341) Weak: 9 encountered, 0 discovered, 0 enqueued
[160.687s][info][gc,ref      ] GC(341) Final: 0 encountered, 0 discovered, 0 enqueued
[160.687s][info][gc,ref      ] GC(341) Phantom: 3 encountered, 2 discovered, 0 enqueued
[160.687s][info][gc,reloc    ] GC(341) Small Pages: 4 / 8M, Empty: 0M, Relocated: 0M, In-Place: 0
[160.687s][info][gc,reloc    ] GC(341) Medium Pages: 0 / 0M, Empty: 0M, Relocated: 0M, In-Place: 0
[160.687s][info][gc,reloc    ] GC(341) Large Pages: 0 / 0M, Empty: 0M, Relocated: 0M, In-Place: 0
[160.687s][info][gc,reloc    ] GC(341) Forwarding Usage: 0M
[160.687s][info][gc,heap     ] GC(341) Min Capacity: 8192M(100%)
[160.687s][info][gc,heap     ] GC(341) Max Capacity: 8192M(100%)
[160.687s][info][gc,heap     ] GC(341) Soft Max Capacity: 8192M(100%)
[160.687s][info][gc,heap     ] GC(341)                Mark Start          Mark End        Relocate Start      Relocate End           High               Low         
[160.687s][info][gc,heap     ] GC(341)  Capacity:     8192M (100%)       8192M (100%)       8192M (100%)       8192M (100%)       8192M (100%)       8192M (100%)   
[160.687s][info][gc,heap     ] GC(341)      Free:     8184M (100%)       8182M (100%)       8182M (100%)       8184M (100%)       8184M (100%)       8176M (100%)   
[160.687s][info][gc,heap     ] GC(341)      Used:        8M (0%)           10M (0%)           10M (0%)            8M (0%)           16M (0%)            8M (0%)     
[160.687s][info][gc,heap     ] GC(341)      Live:         -                 0M (0%)            0M (0%)            0M (0%)             -                  -          
[160.687s][info][gc,heap     ] GC(341) Allocated:         -                 2M (0%)            2M (0%)            2M (0%)             -                  -          
[160.687s][info][gc,heap     ] GC(341)   Garbage:         -                 7M (0%)            7M (0%)            5M (0%)             -                  -          
[160.687s][info][gc,heap     ] GC(341) Reclaimed:         -                  -                 0M (0%)            2M (0%)             -                  -          
[160.687s][info][gc          ] GC(341) Garbage Collection (System.gc()) 8M(0%)->8M(0%)
[161.144s][info][gc,start    ] GC(342) Garbage Collection (System.gc())
[161.144s][info][gc,task     ] GC(342) Using 3 workers
[161.144s][info][gc,phases   ] GC(342) Pause Mark Start 0.013ms
[161.157s][info][gc,phases   ] GC(342) Concurrent Mark 2.799ms
[161.157s][info][gc,phases   ] GC(342) Pause Mark End 0.017ms
[161.157s][info][gc,phases   ] GC(342) Concurrent Mark Free 0.000ms
[161.158s][info][gc,phases   ] GC(342) Concurrent Process Non-Strong References 0.585ms
[161.158s][info][gc,phases   ] GC(342) Concurrent Reset Relocation Set 0.002ms
[161.161s][info][gc,phases   ] GC(342) Concurrent Select Relocation Set 3.026ms
[161.161s][info][gc,phases   ] GC(342) Pause Relocate Start 0.003ms
[161.162s][info][gc,phases   ] GC(342) Concurrent Relocate 0.578ms
[161.162s][info][gc,load     ] GC(342) Load: 2.57/1.74/1.69
[161.162s][info][gc,mmu      ] GC(342) MMU: 2ms/87.2%, 5ms/94.3%, 10ms/97.1%, 20ms/98.5%, 50ms/99.4%, 100ms/99.7%
[161.162s][info][gc,marking  ] GC(342) Mark: 2 stripe(s), 1 proactive flush(es), 1 terminate flush(es), 0 completion(s), 0 continuation(s) 
[161.162s][info][gc,marking  ] GC(342) Mark Stack Usage: 32M
[161.162s][info][gc,nmethod  ] GC(342) NMethods: 438 registered, 21 unregistered
[161.162s][info][gc,metaspace] GC(342) Metaspace: 0M used, 1M committed, 1088M reserved
[161.162s][info][gc,ref      ] GC(342) Soft: 2 encountered, 0 discovered, 0 enqueued
[161.162s][info][gc,ref      ] GC(342) Weak: 9 encountered, 0 discovered, 0 enqueued
[161.162s][info][gc,ref      ] GC(342) Final: 0 encountered, 0 discovered, 0 enqueued
[161.162s][info][gc,ref      ] GC(342) Phantom: 3 encountered, 2 discovered, 0 enqueued
[161.162s][info][gc,reloc    ] GC(342) Small Pages: 4 / 8M, Empty: 0M, Relocated: 0M, In-Place: 0
[161.162s][info][gc,reloc    ] GC(342) Medium Pages: 0 / 0M, Empty: 0M, Relocated: 0M, In-Place: 0
[161.162s][info][gc,reloc    ] GC(342) Large Pages: 0 / 0M, Empty: 0M, Relocated: 0M, In-Place: 0
[161.162s][info][gc,reloc    ] GC(342) Forwarding Usage: 0M
[161.162s][info][gc,heap     ] GC(342) Min Capacity: 8192M(100%)
[161.162s][info][gc,heap     ] GC(342) Max Capacity: 8192M(100%)
[161.162s][info][gc,heap     ] GC(342) Soft Max Capacity: 8192M(100%)
[161.162s][info][gc,heap     ] GC(342)                Mark Start          Mark End        Relocate Start      Relocate End           High               Low         
[161.162s][info][gc,heap     ] GC(342)  Capacity:     8192M (100%)       8192M (100%)       8192M (100%)       8192M (100%)       8192M (100%)       8192M (100%)   
[161.162s][info][gc,heap     ] GC(342)      Free:     8184M (100%)       8184M (100%)       8184M (100%)       8186M (100%)       8186M (100%)       8178M (100%)   
[161.162s][info][gc,heap     ] GC(342)      Used:        8M (0%)            8M (0%)            8M (0%)            6M (0%)           14M (0%)            6M (0%)     
[161.162s][info][gc,heap     ] GC(342)      Live:         -                 0M (0%)            0M (0%)            0M (0%)             -                  -          
[161.162s][info][gc,heap     ] GC(342) Allocated:         -                 0M (0%)            0M (0%)            0M (0%)             -                  -          
[161.162s][info][gc,heap     ] GC(342)   Garbage:         -                 7M (0%)            7M (0%)            5M (0%)             -                  -          
[161.162s][info][gc,heap     ] GC(342) Reclaimed:         -                  -                 0M (0%)            2M (0%)             -                  -          
[161.162s][info][gc          ] GC(342) Garbage Collection (System.gc()) 8M(0%)->6M(0%)
[161.628s][info][gc,start    ] GC(343) Garbage Collection (System.gc())
[161.628s][info][gc,task     ] GC(343) Using 3 workers
[161.628s][info][gc,phases   ] GC(343) Pause Mark Start 0.012ms
[161.631s][info][gc,phases   ] GC(343) Concurrent Mark 2.946ms
[161.631s][info][gc,phases   ] GC(343) Pause Mark End 0.010ms
[161.631s][info][gc,phases   ] GC(343) Concurrent Mark Free 0.000ms
[161.632s][info][gc,phases   ] GC(343) Concurrent Process Non-Strong References 1.056ms
[161.632s][info][gc,phases   ] GC(343) Concurrent Reset Relocation Set 0.001ms
[161.637s][info][gc,phases   ] GC(343) Concurrent Select Relocation Set 4.770ms
[161.637s][info][gc,phases   ] GC(343) Pause Relocate Start 0.007ms
[161.638s][info][gc,phases   ] GC(343) Concurrent Relocate 0.761ms
[161.638s][info][gc,load     ] GC(343) Load: 2.57/1.74/1.69
[161.638s][info][gc,mmu      ] GC(343) MMU: 2ms/87.2%, 5ms/94.3%, 10ms/97.1%, 20ms/98.5%, 50ms/99.4%, 100ms/99.7%
[161.638s][info][gc,marking  ] GC(343) Mark: 2 stripe(s), 1 proactive flush(es), 1 terminate flush(es), 0 completion(s), 0 continuation(s) 
[161.638s][info][gc,marking  ] GC(343) Mark Stack Usage: 32M
[161.638s][info][gc,nmethod  ] GC(343) NMethods: 438 registered, 21 unregistered
[161.638s][info][gc,metaspace] GC(343) Metaspace: 0M used, 1M committed, 1088M reserved
[161.638s][info][gc,ref      ] GC(343) Soft: 2 encountered, 0 discovered, 0 enqueued
[161.638s][info][gc,ref      ] GC(343) Weak: 9 encountered, 0 discovered, 0 enqueued
[161.638s][info][gc,ref      ] GC(343) Final: 0 encountered, 0 discovered, 0 enqueued
[161.638s][info][gc,ref      ] GC(343) Phantom: 3 encountered, 2 discovered, 0 enqueued
[161.638s][info][gc,reloc    ] GC(343) Small Pages: 4 / 8M, Empty: 0M, Relocated: 0M, In-Place: 0
[161.638s][info][gc,reloc    ] GC(343) Medium Pages: 0 / 0M, Empty: 0M, Relocated: 0M, In-Place: 0
[161.638s][info][gc,reloc    ] GC(343) Large Pages: 0 / 0M, Empty: 0M, Relocated: 0M, In-Place: 0
[161.638s][info][gc,reloc    ] GC(343) Forwarding Usage: 0M
[161.638s][info][gc,heap     ] GC(343) Min Capacity: 8192M(100%)
[161.638s][info][gc,heap     ] GC(343) Max Capacity: 8192M(100%)
[161.638s][info][gc,heap     ] GC(343) Soft Max Capacity: 8192M(100%)
[161.638s][info][gc,heap     ] GC(343)                Mark Start          Mark End        Relocate Start      Relocate End           High               Low         
[161.638s][info][gc,heap     ] GC(343)  Capacity:     8192M (100%)       8192M (100%)       8192M (100%)       8192M (100%)       8192M (100%)       8192M (100%)   
[161.638s][info][gc,heap     ] GC(343)      Free:     8184M (100%)       8184M (100%)       8184M (100%)       8186M (100%)       8186M (100%)       8178M (100%)   
[161.638s][info][gc,heap     ] GC(343)      Used:        8M (0%)            8M (0%)            8M (0%)            6M (0%)           14M (0%)            6M (0%)     
[161.638s][info][gc,heap     ] GC(343)      Live:         -                 0M (0%)            0M (0%)            0M (0%)             -                  -          
[161.638s][info][gc,heap     ] GC(343) Allocated:         -                 0M (0%)            0M (0%)            0M (0%)             -                  -          
[161.638s][info][gc,heap     ] GC(343)   Garbage:         -                 7M (0%)            7M (0%)            5M (0%)             -                  -          
[161.638s][info][gc,heap     ] GC(343) Reclaimed:         -                  -                 0M (0%)            2M (0%)             -                  -          
[161.638s][info][gc          ] GC(343) Garbage Collection (System.gc()) 8M(0%)->6M(0%)
[162.101s][info][gc,start    ] GC(344) Garbage Collection (System.gc())
[162.101s][info][gc,task     ] GC(344) Using 3 workers
[162.101s][info][gc,phases   ] GC(344) Pause Mark Start 0.014ms
[162.104s][info][gc,phases   ] GC(344) Concurrent Mark 2.514ms
[162.104s][info][gc,phases   ] GC(344) Pause Mark End 0.017ms
[162.104s][info][gc,phases   ] GC(344) Concurrent Mark Free 0.000ms
[162.105s][info][gc,phases   ] GC(344) Concurrent Process Non-Strong References 1.021ms
[162.105s][info][gc,phases   ] GC(344) Concurrent Reset Relocation Set 0.001ms
[162.109s][info][gc,phases   ] GC(344) Concurrent Select Relocation Set 4.530ms
[162.109s][info][gc,phases   ] GC(344) Pause Relocate Start 0.006ms
[162.110s][info][gc,phases   ] GC(344) Concurrent Relocate 0.749ms
[162.110s][info][gc,load     ] GC(344) Load: 2.57/1.74/1.69
[162.110s][info][gc,mmu      ] GC(344) MMU: 2ms/87.2%, 5ms/94.3%, 10ms/97.1%, 20ms/98.5%, 50ms/99.4%, 100ms/99.7%
[162.110s][info][gc,marking  ] GC(344) Mark: 2 stripe(s), 1 proactive flush(es), 1 terminate flush(es), 0 completion(s), 0 continuation(s) 
[162.110s][info][gc,marking  ] GC(344) Mark Stack Usage: 32M
[162.110s][info][gc,nmethod  ] GC(344) NMethods: 438 registered, 21 unregistered
[162.110s][info][gc,metaspace] GC(344) Metaspace: 0M used, 1M committed, 1088M reserved
[162.110s][info][gc,ref      ] GC(344) Soft: 2 encountered, 0 discovered, 0 enqueued
[162.110s][info][gc,ref      ] GC(344) Weak: 9 encountered, 0 discovered, 0 enqueued
[162.110s][info][gc,ref      ] GC(344) Final: 0 encountered, 0 discovered, 0 enqueued
[162.110s][info][gc,ref      ] GC(344) Phantom: 3 encountered, 2 discovered, 0 enqueued
[162.110s][info][gc,reloc    ] GC(344) Small Pages: 4 / 8M, Empty: 0M, Relocated: 0M, In-Place: 0
[162.110s][info][gc,reloc    ] GC(344) Medium Pages: 0 / 0M, Empty: 0M, Relocated: 0M, In-Place: 0
[162.110s][info][gc,reloc    ] GC(344) Large Pages: 0 / 0M, Empty: 0M, Relocated: 0M, In-Place: 0
[162.110s][info][gc,reloc    ] GC(344) Forwarding Usage: 0M
[162.111s][info][gc,heap     ] GC(344) Min Capacity: 8192M(100%)
[162.111s][info][gc,heap     ] GC(344) Max Capacity: 8192M(100%)
[162.111s][info][gc,heap     ] GC(344) Soft Max Capacity: 8192M(100%)
[162.111s][info][gc,heap     ] GC(344)                Mark Start          Mark End        Relocate Start      Relocate End           High               Low         
[162.111s][info][gc,heap     ] GC(344)  Capacity:     8192M (100%)       8192M (100%)       8192M (100%)       8192M (100%)       8192M (100%)       8192M (100%)   
[162.111s][info][gc,heap     ] GC(344)      Free:     8184M (100%)       8184M (100%)       8184M (100%)       8186M (100%)       8186M (100%)       8178M (100%)   
[162.111s][info][gc,heap     ] GC(344)      Used:        8M (0%)            8M (0%)            8M (0%)            6M (0%)           14M (0%)            6M (0%)     
[162.111s][info][gc,heap     ] GC(344)      Live:         -                 0M (0%)            0M (0%)            0M (0%)             -                  -          
[162.111s][info][gc,heap     ] GC(344) Allocated:         -                 0M (0%)            0M (0%)            0M (0%)             -                  -          
[162.111s][info][gc,heap     ] GC(344)   Garbage:         -                 7M (0%)            7M (0%)            5M (0%)             -                  -          
[162.111s][info][gc,heap     ] GC(344) Reclaimed:         -                  -                 0M (0%)            2M (0%)             -                  -          
[162.111s][info][gc          ] GC(344) Garbage Collection (System.gc()) 8M(0%)->6M(0%)
[162.576s][info][gc,start    ] GC(345) Garbage Collection (System.gc())
[162.576s][info][gc,task     ] GC(345) Using 3 workers
[162.576s][info][gc,phases   ] GC(345) Pause Mark Start 0.014ms
[162.579s][info][gc,phases   ] GC(345) Concurrent Mark 2.734ms
[162.579s][info][gc,phases   ] GC(345) Pause Mark End 0.010ms
[162.579s][info][gc,phases   ] GC(345) Concurrent Mark Free 0.000ms
[162.579s][info][gc,phases   ] GC(345) Concurrent Process Non-Strong References 0.567ms
[162.579s][info][gc,phases   ] GC(345) Concurrent Reset Relocation Set 0.005ms
[162.583s][info][gc,phases   ] GC(345) Concurrent Select Relocation Set 4.188ms
[162.584s][info][gc,phases   ] GC(345) Pause Relocate Start 0.006ms
[162.584s][info][gc,phases   ] GC(345) Concurrent Relocate 0.738ms
[162.584s][info][gc,load     ] GC(345) Load: 2.57/1.74/1.69
[162.584s][info][gc,mmu      ] GC(345) MMU: 2ms/87.2%, 5ms/94.3%, 10ms/97.1%, 20ms/98.5%, 50ms/99.4%, 100ms/99.7%
[162.584s][info][gc,marking  ] GC(345) Mark: 2 stripe(s), 1 proactive flush(es), 1 terminate flush(es), 0 completion(s), 0 continuation(s) 
[162.584s][info][gc,marking  ] GC(345) Mark Stack Usage: 32M
[162.584s][info][gc,nmethod  ] GC(345) NMethods: 438 registered, 21 unregistered
[162.584s][info][gc,metaspace] GC(345) Metaspace: 0M used, 1M committed, 1088M reserved
[162.584s][info][gc,ref      ] GC(345) Soft: 2 encountered, 0 discovered, 0 enqueued
[162.584s][info][gc,ref      ] GC(345) Weak: 9 encountered, 0 discovered, 0 enqueued
[162.584s][info][gc,ref      ] GC(345) Final: 0 encountered, 0 discovered, 0 enqueued
[162.584s][info][gc,ref      ] GC(345) Phantom: 3 encountered, 2 discovered, 0 enqueued
[162.584s][info][gc,reloc    ] GC(345) Small Pages: 4 / 8M, Empty: 0M, Relocated: 0M, In-Place: 0
[162.584s][info][gc,reloc    ] GC(345) Medium Pages: 0 / 0M, Empty: 0M, Relocated: 0M, In-Place: 0
[162.585s][info][gc,reloc    ] GC(345) Large Pages: 0 / 0M, Empty: 0M, Relocated: 0M, In-Place: 0
[162.585s][info][gc,reloc    ] GC(345) Forwarding Usage: 0M
[162.585s][info][gc,heap     ] GC(345) Min Capacity: 8192M(100%)
[162.585s][info][gc,heap     ] GC(345) Max Capacity: 8192M(100%)
[162.585s][info][gc,heap     ] GC(345) Soft Max Capacity: 8192M(100%)
[162.585s][info][gc,heap     ] GC(345)                Mark Start          Mark End        Relocate Start      Relocate End           High               Low         
[162.585s][info][gc,heap     ] GC(345)  Capacity:     8192M (100%)       8192M (100%)       8192M (100%)       8192M (100%)       8192M (100%)       8192M (100%)   
[162.585s][info][gc,heap     ] GC(345)      Free:     8184M (100%)       8184M (100%)       8184M (100%)       8186M (100%)       8186M (100%)       8178M (100%)   
[162.585s][info][gc,heap     ] GC(345)      Used:        8M (0%)            8M (0%)            8M (0%)            6M (0%)           14M (0%)            6M (0%)     
[162.585s][info][gc,heap     ] GC(345)      Live:         -                 0M (0%)            0M (0%)            0M (0%)             -                  -          
[162.585s][info][gc,heap     ] GC(345) Allocated:         -                 0M (0%)            0M (0%)            0M (0%)             -                  -          
[162.585s][info][gc,heap     ] GC(345)   Garbage:         -                 7M (0%)            7M (0%)            5M (0%)             -                  -          
[162.585s][info][gc,heap     ] GC(345) Reclaimed:         -                  -                 0M (0%)            2M (0%)             -                  -          
[162.585s][info][gc          ] GC(345) Garbage Collection (System.gc()) 8M(0%)->6M(0%)
[163.039s][info][gc,start    ] GC(346) Garbage Collection (System.gc())
[163.039s][info][gc,task     ] GC(346) Using 3 workers
[163.040s][info][gc,phases   ] GC(346) Pause Mark Start 0.023ms
[163.052s][info][gc,phases   ] GC(346) Concurrent Mark 11.915ms
[163.052s][info][gc,phases   ] GC(346) Pause Mark End 0.013ms
[163.052s][info][gc,phases   ] GC(346) Concurrent Mark Free 0.000ms
[163.053s][info][gc,phases   ] GC(346) Concurrent Process Non-Strong References 1.381ms
[163.053s][info][gc,phases   ] GC(346) Concurrent Reset Relocation Set 0.001ms
[163.056s][info][gc,phases   ] GC(346) Concurrent Select Relocation Set 2.588ms
[163.056s][info][gc,phases   ] GC(346) Pause Relocate Start 0.002ms
[163.056s][info][gc,phases   ] GC(346) Concurrent Relocate 0.350ms
[163.056s][info][gc,load     ] GC(346) Load: 2.57/1.74/1.69
[163.056s][info][gc,mmu      ] GC(346) MMU: 2ms/87.2%, 5ms/94.3%, 10ms/97.1%, 20ms/98.5%, 50ms/99.4%, 100ms/99.7%
[163.056s][info][gc,marking  ] GC(346) Mark: 2 stripe(s), 1 proactive flush(es), 1 terminate flush(es), 0 completion(s), 0 continuation(s) 
[163.056s][info][gc,marking  ] GC(346) Mark Stack Usage: 32M
[163.056s][info][gc,nmethod  ] GC(346) NMethods: 438 registered, 21 unregistered
[163.056s][info][gc,metaspace] GC(346) Metaspace: 0M used, 1M committed, 1088M reserved
[163.056s][info][gc,ref      ] GC(346) Soft: 2 encountered, 0 discovered, 0 enqueued
[163.056s][info][gc,ref      ] GC(346) Weak: 9 encountered, 0 discovered, 0 enqueued
[163.056s][info][gc,ref      ] GC(346) Final: 0 encountered, 0 discovered, 0 enqueued
[163.056s][info][gc,ref      ] GC(346) Phantom: 3 encountered, 1 discovered, 0 enqueued
[163.056s][info][gc,reloc    ] GC(346) Small Pages: 4 / 8M, Empty: 0M, Relocated: 0M, In-Place: 0
[163.056s][info][gc,reloc    ] GC(346) Medium Pages: 0 / 0M, Empty: 0M, Relocated: 0M, In-Place: 0
[163.056s][info][gc,reloc    ] GC(346) Large Pages: 0 / 0M, Empty: 0M, Relocated: 0M, In-Place: 0
[163.056s][info][gc,reloc    ] GC(346) Forwarding Usage: 0M
[163.056s][info][gc,heap     ] GC(346) Min Capacity: 8192M(100%)
[163.056s][info][gc,heap     ] GC(346) Max Capacity: 8192M(100%)
[163.056s][info][gc,heap     ] GC(346) Soft Max Capacity: 8192M(100%)
[163.056s][info][gc,heap     ] GC(346)                Mark Start          Mark End        Relocate Start      Relocate End           High               Low         
[163.056s][info][gc,heap     ] GC(346)  Capacity:     8192M (100%)       8192M (100%)       8192M (100%)       8192M (100%)       8192M (100%)       8192M (100%)   
[163.056s][info][gc,heap     ] GC(346)      Free:     8184M (100%)       8184M (100%)       8184M (100%)       8186M (100%)       8186M (100%)       8178M (100%)   
[163.056s][info][gc,heap     ] GC(346)      Used:        8M (0%)            8M (0%)            8M (0%)            6M (0%)           14M (0%)            6M (0%)     
[163.056s][info][gc,heap     ] GC(346)      Live:         -                 0M (0%)            0M (0%)            0M (0%)             -                  -          
[163.056s][info][gc,heap     ] GC(346) Allocated:         -                 0M (0%)            0M (0%)            0M (0%)             -                  -          
[163.056s][info][gc,heap     ] GC(346)   Garbage:         -                 7M (0%)            7M (0%)            5M (0%)             -                  -          
[163.056s][info][gc,heap     ] GC(346) Reclaimed:         -                  -                 0M (0%)            2M (0%)             -                  -          
[163.056s][info][gc          ] GC(346) Garbage Collection (System.gc()) 8M(0%)->6M(0%)
[163.518s][info][gc,start    ] GC(347) Garbage Collection (System.gc())
[163.518s][info][gc,task     ] GC(347) Using 3 workers
[163.519s][info][gc,phases   ] GC(347) Pause Mark Start 0.014ms
[163.529s][info][gc,phases   ] GC(347) Concurrent Mark 10.063ms
[163.529s][info][gc,phases   ] GC(347) Pause Mark End 0.021ms
[163.529s][info][gc,phases   ] GC(347) Concurrent Mark Free 0.001ms
[163.530s][info][gc,phases   ] GC(347) Concurrent Process Non-Strong References 1.394ms
[163.530s][info][gc,phases   ] GC(347) Concurrent Reset Relocation Set 0.002ms
[163.533s][info][gc,phases   ] GC(347) Concurrent Select Relocation Set 3.083ms
[163.533s][info][gc,phases   ] GC(347) Pause Relocate Start 0.005ms
[163.534s][info][gc,phases   ] GC(347) Concurrent Relocate 0.564ms
[163.534s][info][gc,load     ] GC(347) Load: 2.57/1.74/1.69
[163.534s][info][gc,mmu      ] GC(347) MMU: 2ms/87.2%, 5ms/94.3%, 10ms/97.1%, 20ms/98.5%, 50ms/99.4%, 100ms/99.7%
[163.534s][info][gc,marking  ] GC(347) Mark: 2 stripe(s), 1 proactive flush(es), 1 terminate flush(es), 0 completion(s), 0 continuation(s) 
[163.534s][info][gc,marking  ] GC(347) Mark Stack Usage: 32M
[163.534s][info][gc,nmethod  ] GC(347) NMethods: 438 registered, 21 unregistered
[163.534s][info][gc,metaspace] GC(347) Metaspace: 0M used, 1M committed, 1088M reserved
[163.534s][info][gc,ref      ] GC(347) Soft: 2 encountered, 0 discovered, 0 enqueued
[163.534s][info][gc,ref      ] GC(347) Weak: 9 encountered, 0 discovered, 0 enqueued
[163.534s][info][gc,ref      ] GC(347) Final: 0 encountered, 0 discovered, 0 enqueued
[163.534s][info][gc,ref      ] GC(347) Phantom: 3 encountered, 2 discovered, 0 enqueued
[163.534s][info][gc,reloc    ] GC(347) Small Pages: 4 / 8M, Empty: 0M, Relocated: 0M, In-Place: 0
[163.534s][info][gc,reloc    ] GC(347) Medium Pages: 0 / 0M, Empty: 0M, Relocated: 0M, In-Place: 0
[163.534s][info][gc,reloc    ] GC(347) Large Pages: 0 / 0M, Empty: 0M, Relocated: 0M, In-Place: 0
[163.534s][info][gc,reloc    ] GC(347) Forwarding Usage: 0M
[163.534s][info][gc,heap     ] GC(347) Min Capacity: 8192M(100%)
[163.534s][info][gc,heap     ] GC(347) Max Capacity: 8192M(100%)
[163.534s][info][gc,heap     ] GC(347) Soft Max Capacity: 8192M(100%)
[163.534s][info][gc,heap     ] GC(347)                Mark Start          Mark End        Relocate Start      Relocate End           High               Low         
[163.534s][info][gc,heap     ] GC(347)  Capacity:     8192M (100%)       8192M (100%)       8192M (100%)       8192M (100%)       8192M (100%)       8192M (100%)   
[163.534s][info][gc,heap     ] GC(347)      Free:     8184M (100%)       8184M (100%)       8184M (100%)       8186M (100%)       8186M (100%)       8178M (100%)   
[163.534s][info][gc,heap     ] GC(347)      Used:        8M (0%)            8M (0%)            8M (0%)            6M (0%)           14M (0%)            6M (0%)     
[163.534s][info][gc,heap     ] GC(347)      Live:         -                 0M (0%)            0M (0%)            0M (0%)             -                  -          
[163.534s][info][gc,heap     ] GC(347) Allocated:         -                 0M (0%)            0M (0%)            0M (0%)             -                  -          
[163.534s][info][gc,heap     ] GC(347)   Garbage:         -                 7M (0%)            7M (0%)            5M (0%)             -                  -          
[163.534s][info][gc,heap     ] GC(347) Reclaimed:         -                  -                 0M (0%)            2M (0%)             -                  -          
[163.534s][info][gc          ] GC(347) Garbage Collection (System.gc()) 8M(0%)->6M(0%)
[163.992s][info][gc,start    ] GC(348) Garbage Collection (System.gc())
[163.992s][info][gc,task     ] GC(348) Using 3 workers
[163.992s][info][gc,phases   ] GC(348) Pause Mark Start 0.014ms
[164.005s][info][gc,phases   ] GC(348) Concurrent Mark 12.408ms
[164.005s][info][gc,phases   ] GC(348) Pause Mark End 0.026ms
[164.005s][info][gc,phases   ] GC(348) Concurrent Mark Free 0.001ms
[164.006s][info][gc,phases   ] GC(348) Concurrent Process Non-Strong References 0.984ms
[164.006s][info][gc,phases   ] GC(348) Concurrent Reset Relocation Set 0.003ms
[164.010s][info][gc,phases   ] GC(348) Concurrent Select Relocation Set 3.744ms
[164.010s][info][gc,phases   ] GC(348) Pause Relocate Start 0.007ms
[164.010s][info][gc,phases   ] GC(348) Concurrent Relocate 0.535ms
[164.010s][info][gc,load     ] GC(348) Load: 2.57/1.74/1.69
[164.010s][info][gc,mmu      ] GC(348) MMU: 2ms/87.2%, 5ms/94.3%, 10ms/97.1%, 20ms/98.5%, 50ms/99.4%, 100ms/99.7%
[164.010s][info][gc,marking  ] GC(348) Mark: 2 stripe(s), 1 proactive flush(es), 1 terminate flush(es), 0 completion(s), 0 continuation(s) 
[164.010s][info][gc,marking  ] GC(348) Mark Stack Usage: 32M
[164.010s][info][gc,nmethod  ] GC(348) NMethods: 438 registered, 21 unregistered
[164.010s][info][gc,metaspace] GC(348) Metaspace: 0M used, 1M committed, 1088M reserved
[164.010s][info][gc,ref      ] GC(348) Soft: 2 encountered, 0 discovered, 0 enqueued
[164.010s][info][gc,ref      ] GC(348) Weak: 9 encountered, 3 discovered, 0 enqueued
[164.010s][info][gc,ref      ] GC(348) Final: 0 encountered, 0 discovered, 0 enqueued
[164.010s][info][gc,ref      ] GC(348) Phantom: 3 encountered, 2 discovered, 0 enqueued
[164.010s][info][gc,reloc    ] GC(348) Small Pages: 4 / 8M, Empty: 0M, Relocated: 0M, In-Place: 0
[164.010s][info][gc,reloc    ] GC(348) Medium Pages: 0 / 0M, Empty: 0M, Relocated: 0M, In-Place: 0
[164.010s][info][gc,reloc    ] GC(348) Large Pages: 0 / 0M, Empty: 0M, Relocated: 0M, In-Place: 0
[164.010s][info][gc,reloc    ] GC(348) Forwarding Usage: 0M
[164.010s][info][gc,heap     ] GC(348) Min Capacity: 8192M(100%)
[164.010s][info][gc,heap     ] GC(348) Max Capacity: 8192M(100%)
[164.010s][info][gc,heap     ] GC(348) Soft Max Capacity: 8192M(100%)
[164.011s][info][gc,heap     ] GC(348)                Mark Start          Mark End        Relocate Start      Relocate End           High               Low         
[164.011s][info][gc,heap     ] GC(348)  Capacity:     8192M (100%)       8192M (100%)       8192M (100%)       8192M (100%)       8192M (100%)       8192M (100%)   
[164.011s][info][gc,heap     ] GC(348)      Free:     8184M (100%)       8184M (100%)       8184M (100%)       8186M (100%)       8186M (100%)       8178M (100%)   
[164.011s][info][gc,heap     ] GC(348)      Used:        8M (0%)            8M (0%)            8M (0%)            6M (0%)           14M (0%)            6M (0%)     
[164.011s][info][gc,heap     ] GC(348)      Live:         -                 0M (0%)            0M (0%)            0M (0%)             -                  -          
[164.011s][info][gc,heap     ] GC(348) Allocated:         -                 0M (0%)            0M (0%)            0M (0%)             -                  -          
[164.011s][info][gc,heap     ] GC(348)   Garbage:         -                 7M (0%)            7M (0%)            5M (0%)             -                  -          
[164.011s][info][gc,heap     ] GC(348) Reclaimed:         -                  -                 0M (0%)            2M (0%)             -                  -          
[164.011s][info][gc          ] GC(348) Garbage Collection (System.gc()) 8M(0%)->6M(0%)
[164.464s][info][gc,start    ] GC(349) Garbage Collection (System.gc())
[164.465s][info][gc,task     ] GC(349) Using 3 workers
[164.465s][info][gc,phases   ] GC(349) Pause Mark Start 0.012ms
[164.479s][info][gc,phases   ] GC(349) Concurrent Mark 14.482ms
[164.479s][info][gc,phases   ] GC(349) Pause Mark End 0.028ms
[164.480s][info][gc,phases   ] GC(349) Concurrent Mark Free 0.001ms
[164.484s][info][gc,phases   ] GC(349) Concurrent Process Non-Strong References 4.284ms
[164.484s][info][gc,phases   ] GC(349) Concurrent Reset Relocation Set 0.002ms
[164.488s][info][gc,phases   ] GC(349) Concurrent Select Relocation Set 3.713ms
[164.488s][info][gc,phases   ] GC(349) Pause Relocate Start 0.004ms
[164.488s][info][gc,phases   ] GC(349) Concurrent Relocate 0.695ms
[164.488s][info][gc,load     ] GC(349) Load: 2.57/1.74/1.69
[164.488s][info][gc,mmu      ] GC(349) MMU: 2ms/87.2%, 5ms/94.3%, 10ms/97.1%, 20ms/98.5%, 50ms/99.4%, 100ms/99.7%
[164.488s][info][gc,marking  ] GC(349) Mark: 2 stripe(s), 1 proactive flush(es), 1 terminate flush(es), 0 completion(s), 0 continuation(s) 
[164.488s][info][gc,marking  ] GC(349) Mark Stack Usage: 32M
[164.488s][info][gc,nmethod  ] GC(349) NMethods: 438 registered, 21 unregistered
[164.488s][info][gc,metaspace] GC(349) Metaspace: 0M used, 1M committed, 1088M reserved
[164.488s][info][gc,ref      ] GC(349) Soft: 2 encountered, 0 discovered, 0 enqueued
[164.488s][info][gc,ref      ] GC(349) Weak: 9 encountered, 0 discovered, 0 enqueued
[164.488s][info][gc,ref      ] GC(349) Final: 0 encountered, 0 discovered, 0 enqueued
[164.489s][info][gc,ref      ] GC(349) Phantom: 3 encountered, 1 discovered, 0 enqueued
[164.489s][info][gc,reloc    ] GC(349) Small Pages: 4 / 8M, Empty: 0M, Relocated: 0M, In-Place: 0
[164.489s][info][gc,reloc    ] GC(349) Medium Pages: 0 / 0M, Empty: 0M, Relocated: 0M, In-Place: 0
[164.489s][info][gc,reloc    ] GC(349) Large Pages: 0 / 0M, Empty: 0M, Relocated: 0M, In-Place: 0
[164.489s][info][gc,reloc    ] GC(349) Forwarding Usage: 0M
[164.489s][info][gc,heap     ] GC(349) Min Capacity: 8192M(100%)
[164.489s][info][gc,heap     ] GC(349) Max Capacity: 8192M(100%)
[164.489s][info][gc,heap     ] GC(349) Soft Max Capacity: 8192M(100%)
[164.489s][info][gc,heap     ] GC(349)                Mark Start          Mark End        Relocate Start      Relocate End           High               Low         
[164.489s][info][gc,heap     ] GC(349)  Capacity:     8192M (100%)       8192M (100%)       8192M (100%)       8192M (100%)       8192M (100%)       8192M (100%)   
[164.489s][info][gc,heap     ] GC(349)      Free:     8184M (100%)       8184M (100%)       8184M (100%)       8186M (100%)       8186M (100%)       8178M (100%)   
[164.489s][info][gc,heap     ] GC(349)      Used:        8M (0%)            8M (0%)            8M (0%)            6M (0%)           14M (0%)            6M (0%)     
[164.489s][info][gc,heap     ] GC(349)      Live:         -                 0M (0%)            0M (0%)            0M (0%)             -                  -          
[164.489s][info][gc,heap     ] GC(349) Allocated:         -                 0M (0%)            0M (0%)            0M (0%)             -                  -          
[164.489s][info][gc,heap     ] GC(349)   Garbage:         -                 7M (0%)            7M (0%)            5M (0%)             -                  -          
[164.489s][info][gc,heap     ] GC(349) Reclaimed:         -                  -                 0M (0%)            2M (0%)             -                  -          
[164.489s][info][gc          ] GC(349) Garbage Collection (System.gc()) 8M(0%)->6M(0%)
[164.942s][info][gc,start    ] GC(350) Garbage Collection (System.gc())
[164.942s][info][gc,task     ] GC(350) Using 3 workers
[164.942s][info][gc,phases   ] GC(350) Pause Mark Start 0.013ms
[164.954s][info][gc,phases   ] GC(350) Concurrent Mark 10.587ms
[164.954s][info][gc,phases   ] GC(350) Pause Mark End 0.014ms
[164.954s][info][gc,phases   ] GC(350) Concurrent Mark Free 0.002ms
[164.955s][info][gc,phases   ] GC(350) Concurrent Process Non-Strong References 1.354ms
[164.955s][info][gc,phases   ] GC(350) Concurrent Reset Relocation Set 0.001ms
[164.960s][info][gc,phases   ] GC(350) Concurrent Select Relocation Set 4.778ms
[164.960s][info][gc,phases   ] GC(350) Pause Relocate Start 0.005ms
[164.961s][info][gc,phases   ] GC(350) Concurrent Relocate 0.574ms
[164.961s][info][gc,load     ] GC(350) Load: 2.57/1.74/1.69
[164.961s][info][gc,mmu      ] GC(350) MMU: 2ms/87.2%, 5ms/94.3%, 10ms/97.1%, 20ms/98.5%, 50ms/99.4%, 100ms/99.7%
[164.961s][info][gc,marking  ] GC(350) Mark: 2 stripe(s), 1 proactive flush(es), 1 terminate flush(es), 0 completion(s), 0 continuation(s) 
[164.961s][info][gc,marking  ] GC(350) Mark Stack Usage: 32M
[164.961s][info][gc,nmethod  ] GC(350) NMethods: 438 registered, 21 unregistered
[164.961s][info][gc,metaspace] GC(350) Metaspace: 0M used, 1M committed, 1088M reserved
[164.961s][info][gc,ref      ] GC(350) Soft: 2 encountered, 0 discovered, 0 enqueued
[164.961s][info][gc,ref      ] GC(350) Weak: 9 encountered, 0 discovered, 0 enqueued
[164.961s][info][gc,ref      ] GC(350) Final: 0 encountered, 0 discovered, 0 enqueued
[164.961s][info][gc,ref      ] GC(350) Phantom: 3 encountered, 1 discovered, 0 enqueued
[164.961s][info][gc,reloc    ] GC(350) Small Pages: 4 / 8M, Empty: 0M, Relocated: 0M, In-Place: 0
[164.961s][info][gc,reloc    ] GC(350) Medium Pages: 0 / 0M, Empty: 0M, Relocated: 0M, In-Place: 0
[164.961s][info][gc,reloc    ] GC(350) Large Pages: 0 / 0M, Empty: 0M, Relocated: 0M, In-Place: 0
[164.961s][info][gc,reloc    ] GC(350) Forwarding Usage: 0M
[164.961s][info][gc,heap     ] GC(350) Min Capacity: 8192M(100%)
[164.961s][info][gc,heap     ] GC(350) Max Capacity: 8192M(100%)
[164.961s][info][gc,heap     ] GC(350) Soft Max Capacity: 8192M(100%)
[164.961s][info][gc,heap     ] GC(350)                Mark Start          Mark End        Relocate Start      Relocate End           High               Low         
[164.961s][info][gc,heap     ] GC(350)  Capacity:     8192M (100%)       8192M (100%)       8192M (100%)       8192M (100%)       8192M (100%)       8192M (100%)   
[164.961s][info][gc,heap     ] GC(350)      Free:     8184M (100%)       8184M (100%)       8184M (100%)       8186M (100%)       8186M (100%)       8178M (100%)   
[164.961s][info][gc,heap     ] GC(350)      Used:        8M (0%)            8M (0%)            8M (0%)            6M (0%)           14M (0%)            6M (0%)     
[164.961s][info][gc,heap     ] GC(350)      Live:         -                 0M (0%)            0M (0%)            0M (0%)             -                  -          
[164.961s][info][gc,heap     ] GC(350) Allocated:         -                 0M (0%)            0M (0%)            0M (0%)             -                  -          
[164.961s][info][gc,heap     ] GC(350)   Garbage:         -                 7M (0%)            7M (0%)            5M (0%)             -                  -          
[164.961s][info][gc,heap     ] GC(350) Reclaimed:         -                  -                 0M (0%)            2M (0%)             -                  -          
[164.961s][info][gc          ] GC(350) Garbage Collection (System.gc()) 8M(0%)->6M(0%)
[165.423s][info][gc,start    ] GC(351) Garbage Collection (System.gc())
[165.423s][info][gc,task     ] GC(351) Using 3 workers
[165.423s][info][gc,phases   ] GC(351) Pause Mark Start 0.012ms
[165.426s][info][gc,phases   ] GC(351) Concurrent Mark 2.647ms
[165.426s][info][gc,phases   ] GC(351) Pause Mark End 0.015ms
[165.426s][info][gc,phases   ] GC(351) Concurrent Mark Free 0.000ms
[165.427s][info][gc,phases   ] GC(351) Concurrent Process Non-Strong References 1.092ms
[165.427s][info][gc,phases   ] GC(351) Concurrent Reset Relocation Set 0.001ms
[165.432s][info][gc,phases   ] GC(351) Concurrent Select Relocation Set 4.502ms
[165.432s][info][gc,phases   ] GC(351) Pause Relocate Start 0.008ms
[165.432s][info][gc,phases   ] GC(351) Concurrent Relocate 0.660ms
[165.432s][info][gc,load     ] GC(351) Load: 2.37/1.71/1.68
[165.432s][info][gc,mmu      ] GC(351) MMU: 2ms/87.2%, 5ms/94.3%, 10ms/97.1%, 20ms/98.5%, 50ms/99.4%, 100ms/99.7%
[165.432s][info][gc,marking  ] GC(351) Mark: 2 stripe(s), 1 proactive flush(es), 1 terminate flush(es), 0 completion(s), 0 continuation(s) 
[165.432s][info][gc,marking  ] GC(351) Mark Stack Usage: 32M
[165.432s][info][gc,nmethod  ] GC(351) NMethods: 438 registered, 21 unregistered
[165.432s][info][gc,metaspace] GC(351) Metaspace: 0M used, 1M committed, 1088M reserved
[165.432s][info][gc,ref      ] GC(351) Soft: 2 encountered, 0 discovered, 0 enqueued
[165.432s][info][gc,ref      ] GC(351) Weak: 9 encountered, 0 discovered, 0 enqueued
[165.432s][info][gc,ref      ] GC(351) Final: 0 encountered, 0 discovered, 0 enqueued
[165.432s][info][gc,ref      ] GC(351) Phantom: 3 encountered, 2 discovered, 0 enqueued
[165.432s][info][gc,reloc    ] GC(351) Small Pages: 4 / 8M, Empty: 0M, Relocated: 0M, In-Place: 0
[165.433s][info][gc,reloc    ] GC(351) Medium Pages: 0 / 0M, Empty: 0M, Relocated: 0M, In-Place: 0
[165.433s][info][gc,reloc    ] GC(351) Large Pages: 0 / 0M, Empty: 0M, Relocated: 0M, In-Place: 0
[165.433s][info][gc,reloc    ] GC(351) Forwarding Usage: 0M
[165.433s][info][gc,heap     ] GC(351) Min Capacity: 8192M(100%)
[165.433s][info][gc,heap     ] GC(351) Max Capacity: 8192M(100%)
[165.433s][info][gc,heap     ] GC(351) Soft Max Capacity: 8192M(100%)
[165.433s][info][gc,heap     ] GC(351)                Mark Start          Mark End        Relocate Start      Relocate End           High               Low         
[165.433s][info][gc,heap     ] GC(351)  Capacity:     8192M (100%)       8192M (100%)       8192M (100%)       8192M (100%)       8192M (100%)       8192M (100%)   
[165.433s][info][gc,heap     ] GC(351)      Free:     8184M (100%)       8184M (100%)       8184M (100%)       8186M (100%)       8186M (100%)       8180M (100%)   
[165.433s][info][gc,heap     ] GC(351)      Used:        8M (0%)            8M (0%)            8M (0%)            6M (0%)           12M (0%)            6M (0%)     
[165.433s][info][gc,heap     ] GC(351)      Live:         -                 0M (0%)            0M (0%)            0M (0%)             -                  -          
[165.433s][info][gc,heap     ] GC(351) Allocated:         -                 0M (0%)            0M (0%)            0M (0%)             -                  -          
[165.433s][info][gc,heap     ] GC(351)   Garbage:         -                 7M (0%)            7M (0%)            5M (0%)             -                  -          
[165.433s][info][gc,heap     ] GC(351) Reclaimed:         -                  -                 0M (0%)            2M (0%)             -                  -          
[165.433s][info][gc          ] GC(351) Garbage Collection (System.gc()) 8M(0%)->6M(0%)
[165.886s][info][gc,start    ] GC(352) Garbage Collection (System.gc())
[165.886s][info][gc,task     ] GC(352) Using 3 workers
[165.886s][info][gc,phases   ] GC(352) Pause Mark Start 0.013ms
[165.898s][info][gc,phases   ] GC(352) Concurrent Mark 10.367ms
[165.898s][info][gc,phases   ] GC(352) Pause Mark End 0.014ms
[165.898s][info][gc,phases   ] GC(352) Concurrent Mark Free 0.000ms
[165.900s][info][gc,phases   ] GC(352) Concurrent Process Non-Strong References 1.356ms
[165.900s][info][gc,phases   ] GC(352) Concurrent Reset Relocation Set 0.002ms
[165.903s][info][gc,phases   ] GC(352) Concurrent Select Relocation Set 3.776ms
[165.903s][info][gc,phases   ] GC(352) Pause Relocate Start 0.004ms
[165.904s][info][gc,phases   ] GC(352) Concurrent Relocate 0.627ms
[165.904s][info][gc,load     ] GC(352) Load: 2.37/1.71/1.68
[165.904s][info][gc,mmu      ] GC(352) MMU: 2ms/87.2%, 5ms/94.3%, 10ms/97.1%, 20ms/98.5%, 50ms/99.4%, 100ms/99.7%
[165.904s][info][gc,marking  ] GC(352) Mark: 2 stripe(s), 1 proactive flush(es), 1 terminate flush(es), 0 completion(s), 0 continuation(s) 
[165.904s][info][gc,marking  ] GC(352) Mark Stack Usage: 32M
[165.904s][info][gc,nmethod  ] GC(352) NMethods: 438 registered, 21 unregistered
[165.904s][info][gc,metaspace] GC(352) Metaspace: 0M used, 1M committed, 1088M reserved
[165.904s][info][gc,ref      ] GC(352) Soft: 2 encountered, 0 discovered, 0 enqueued
[165.904s][info][gc,ref      ] GC(352) Weak: 9 encountered, 0 discovered, 0 enqueued
[165.904s][info][gc,ref      ] GC(352) Final: 0 encountered, 0 discovered, 0 enqueued
[165.904s][info][gc,ref      ] GC(352) Phantom: 3 encountered, 1 discovered, 0 enqueued
[165.904s][info][gc,reloc    ] GC(352) Small Pages: 4 / 8M, Empty: 0M, Relocated: 0M, In-Place: 0
[165.904s][info][gc,reloc    ] GC(352) Medium Pages: 0 / 0M, Empty: 0M, Relocated: 0M, In-Place: 0
[165.904s][info][gc,reloc    ] GC(352) Large Pages: 0 / 0M, Empty: 0M, Relocated: 0M, In-Place: 0
[165.904s][info][gc,reloc    ] GC(352) Forwarding Usage: 0M
[165.904s][info][gc,heap     ] GC(352) Min Capacity: 8192M(100%)
[165.904s][info][gc,heap     ] GC(352) Max Capacity: 8192M(100%)
[165.904s][info][gc,heap     ] GC(352) Soft Max Capacity: 8192M(100%)
[165.904s][info][gc,heap     ] GC(352)                Mark Start          Mark End        Relocate Start      Relocate End           High               Low         
[165.904s][info][gc,heap     ] GC(352)  Capacity:     8192M (100%)       8192M (100%)       8192M (100%)       8192M (100%)       8192M (100%)       8192M (100%)   
[165.904s][info][gc,heap     ] GC(352)      Free:     8184M (100%)       8184M (100%)       8184M (100%)       8186M (100%)       8186M (100%)       8178M (100%)   
[165.904s][info][gc,heap     ] GC(352)      Used:        8M (0%)            8M (0%)            8M (0%)            6M (0%)           14M (0%)            6M (0%)     
[165.904s][info][gc,heap     ] GC(352)      Live:         -                 0M (0%)            0M (0%)            0M (0%)             -                  -          
[165.904s][info][gc,heap     ] GC(352) Allocated:         -                 0M (0%)            0M (0%)            0M (0%)             -                  -          
[165.904s][info][gc,heap     ] GC(352)   Garbage:         -                 7M (0%)            7M (0%)            5M (0%)             -                  -          
[165.904s][info][gc,heap     ] GC(352) Reclaimed:         -                  -                 0M (0%)            2M (0%)             -                  -          
[165.904s][info][gc          ] GC(352) Garbage Collection (System.gc()) 8M(0%)->6M(0%)
[166.372s][info][gc,start    ] GC(353) Garbage Collection (System.gc())
[166.372s][info][gc,task     ] GC(353) Using 3 workers
[166.372s][info][gc,phases   ] GC(353) Pause Mark Start 0.011ms
[166.375s][info][gc,phases   ] GC(353) Concurrent Mark 2.780ms
[166.375s][info][gc,phases   ] GC(353) Pause Mark End 0.009ms
[166.375s][info][gc,phases   ] GC(353) Concurrent Mark Free 0.000ms
[166.375s][info][gc,phases   ] GC(353) Concurrent Process Non-Strong References 0.386ms
[166.375s][info][gc,phases   ] GC(353) Concurrent Reset Relocation Set 0.001ms
[166.378s][info][gc,phases   ] GC(353) Concurrent Select Relocation Set 2.663ms
[166.378s][info][gc,phases   ] GC(353) Pause Relocate Start 0.004ms
[166.378s][info][gc,phases   ] GC(353) Concurrent Relocate 0.488ms
[166.378s][info][gc,load     ] GC(353) Load: 2.37/1.71/1.68
[166.378s][info][gc,mmu      ] GC(353) MMU: 2ms/87.2%, 5ms/94.3%, 10ms/97.1%, 20ms/98.5%, 50ms/99.4%, 100ms/99.7%
[166.378s][info][gc,marking  ] GC(353) Mark: 2 stripe(s), 1 proactive flush(es), 1 terminate flush(es), 0 completion(s), 0 continuation(s) 
[166.378s][info][gc,marking  ] GC(353) Mark Stack Usage: 32M
[166.378s][info][gc,nmethod  ] GC(353) NMethods: 438 registered, 21 unregistered
[166.378s][info][gc,metaspace] GC(353) Metaspace: 0M used, 1M committed, 1088M reserved
[166.378s][info][gc,ref      ] GC(353) Soft: 2 encountered, 0 discovered, 0 enqueued
[166.378s][info][gc,ref      ] GC(353) Weak: 9 encountered, 0 discovered, 0 enqueued
[166.378s][info][gc,ref      ] GC(353) Final: 0 encountered, 0 discovered, 0 enqueued
[166.379s][info][gc,ref      ] GC(353) Phantom: 3 encountered, 2 discovered, 0 enqueued
[166.379s][info][gc,reloc    ] GC(353) Small Pages: 4 / 8M, Empty: 0M, Relocated: 0M, In-Place: 0
[166.379s][info][gc,reloc    ] GC(353) Medium Pages: 0 / 0M, Empty: 0M, Relocated: 0M, In-Place: 0
[166.379s][info][gc,reloc    ] GC(353) Large Pages: 0 / 0M, Empty: 0M, Relocated: 0M, In-Place: 0
[166.379s][info][gc,reloc    ] GC(353) Forwarding Usage: 0M
[166.379s][info][gc,heap     ] GC(353) Min Capacity: 8192M(100%)
[166.379s][info][gc,heap     ] GC(353) Max Capacity: 8192M(100%)
[166.379s][info][gc,heap     ] GC(353) Soft Max Capacity: 8192M(100%)
[166.379s][info][gc,heap     ] GC(353)                Mark Start          Mark End        Relocate Start      Relocate End           High               Low         
[166.379s][info][gc,heap     ] GC(353)  Capacity:     8192M (100%)       8192M (100%)       8192M (100%)       8192M (100%)       8192M (100%)       8192M (100%)   
[166.379s][info][gc,heap     ] GC(353)      Free:     8184M (100%)       8184M (100%)       8184M (100%)       8186M (100%)       8186M (100%)       8178M (100%)   
[166.379s][info][gc,heap     ] GC(353)      Used:        8M (0%)            8M (0%)            8M (0%)            6M (0%)           14M (0%)            6M (0%)     
[166.379s][info][gc,heap     ] GC(353)      Live:         -                 0M (0%)            0M (0%)            0M (0%)             -                  -          
[166.379s][info][gc,heap     ] GC(353) Allocated:         -                 0M (0%)            0M (0%)            0M (0%)             -                  -          
[166.379s][info][gc,heap     ] GC(353)   Garbage:         -                 7M (0%)            7M (0%)            5M (0%)             -                  -          
[166.379s][info][gc,heap     ] GC(353) Reclaimed:         -                  -                 0M (0%)            2M (0%)             -                  -          
[166.379s][info][gc          ] GC(353) Garbage Collection (System.gc()) 8M(0%)->6M(0%)
[166.834s][info][gc,start    ] GC(354) Garbage Collection (System.gc())
[166.835s][info][gc,task     ] GC(354) Using 3 workers
[166.835s][info][gc,phases   ] GC(354) Pause Mark Start 0.013ms
[166.846s][info][gc,phases   ] GC(354) Concurrent Mark 11.390ms
[166.846s][info][gc,phases   ] GC(354) Pause Mark End 0.014ms
[166.846s][info][gc,phases   ] GC(354) Concurrent Mark Free 0.000ms
[166.847s][info][gc,phases   ] GC(354) Concurrent Process Non-Strong References 0.605ms
[166.847s][info][gc,phases   ] GC(354) Concurrent Reset Relocation Set 0.004ms
[166.851s][info][gc,phases   ] GC(354) Concurrent Select Relocation Set 4.471ms
[166.851s][info][gc,phases   ] GC(354) Pause Relocate Start 0.011ms
[166.852s][info][gc,phases   ] GC(354) Concurrent Relocate 0.728ms
[166.852s][info][gc,load     ] GC(354) Load: 2.37/1.71/1.68
[166.852s][info][gc,mmu      ] GC(354) MMU: 2ms/87.2%, 5ms/94.3%, 10ms/97.1%, 20ms/98.5%, 50ms/99.4%, 100ms/99.7%
[166.852s][info][gc,marking  ] GC(354) Mark: 2 stripe(s), 1 proactive flush(es), 1 terminate flush(es), 0 completion(s), 0 continuation(s) 
[166.852s][info][gc,marking  ] GC(354) Mark Stack Usage: 32M
[166.852s][info][gc,nmethod  ] GC(354) NMethods: 438 registered, 21 unregistered
[166.852s][info][gc,metaspace] GC(354) Metaspace: 0M used, 1M committed, 1088M reserved
[166.852s][info][gc,ref      ] GC(354) Soft: 2 encountered, 0 discovered, 0 enqueued
[166.852s][info][gc,ref      ] GC(354) Weak: 9 encountered, 0 discovered, 0 enqueued
[166.852s][info][gc,ref      ] GC(354) Final: 0 encountered, 0 discovered, 0 enqueued
[166.852s][info][gc,ref      ] GC(354) Phantom: 3 encountered, 1 discovered, 0 enqueued
[166.852s][info][gc,reloc    ] GC(354) Small Pages: 4 / 8M, Empty: 0M, Relocated: 0M, In-Place: 0
[166.852s][info][gc,reloc    ] GC(354) Medium Pages: 0 / 0M, Empty: 0M, Relocated: 0M, In-Place: 0
[166.852s][info][gc,reloc    ] GC(354) Large Pages: 0 / 0M, Empty: 0M, Relocated: 0M, In-Place: 0
[166.852s][info][gc,reloc    ] GC(354) Forwarding Usage: 0M
[166.852s][info][gc,heap     ] GC(354) Min Capacity: 8192M(100%)
[166.852s][info][gc,heap     ] GC(354) Max Capacity: 8192M(100%)
[166.852s][info][gc,heap     ] GC(354) Soft Max Capacity: 8192M(100%)
[166.852s][info][gc,heap     ] GC(354)                Mark Start          Mark End        Relocate Start      Relocate End           High               Low         
[166.852s][info][gc,heap     ] GC(354)  Capacity:     8192M (100%)       8192M (100%)       8192M (100%)       8192M (100%)       8192M (100%)       8192M (100%)   
[166.852s][info][gc,heap     ] GC(354)      Free:     8184M (100%)       8184M (100%)       8184M (100%)       8186M (100%)       8186M (100%)       8178M (100%)   
[166.852s][info][gc,heap     ] GC(354)      Used:        8M (0%)            8M (0%)            8M (0%)            6M (0%)           14M (0%)            6M (0%)     
[166.852s][info][gc,heap     ] GC(354)      Live:         -                 0M (0%)            0M (0%)            0M (0%)             -                  -          
[166.852s][info][gc,heap     ] GC(354) Allocated:         -                 0M (0%)            0M (0%)            0M (0%)             -                  -          
[166.852s][info][gc,heap     ] GC(354)   Garbage:         -                 7M (0%)            7M (0%)            5M (0%)             -                  -          
[166.852s][info][gc,heap     ] GC(354) Reclaimed:         -                  -                 0M (0%)            2M (0%)             -                  -          
[166.852s][info][gc          ] GC(354) Garbage Collection (System.gc()) 8M(0%)->6M(0%)
[167.308s][info][gc,start    ] GC(355) Garbage Collection (System.gc())
[167.308s][info][gc,task     ] GC(355) Using 3 workers
[167.308s][info][gc,phases   ] GC(355) Pause Mark Start 0.011ms
[167.320s][info][gc,phases   ] GC(355) Concurrent Mark 11.137ms
[167.320s][info][gc,phases   ] GC(355) Pause Mark End 0.021ms
[167.320s][info][gc,phases   ] GC(355) Concurrent Mark Free 0.001ms
[167.321s][info][gc,phases   ] GC(355) Concurrent Process Non-Strong References 1.360ms
[167.321s][info][gc,phases   ] GC(355) Concurrent Reset Relocation Set 0.001ms
[167.325s][info][gc,phases   ] GC(355) Concurrent Select Relocation Set 3.732ms
[167.325s][info][gc,phases   ] GC(355) Pause Relocate Start 0.008ms
[167.326s][info][gc,phases   ] GC(355) Concurrent Relocate 0.772ms
[167.326s][info][gc,load     ] GC(355) Load: 2.37/1.71/1.68
[167.326s][info][gc,mmu      ] GC(355) MMU: 2ms/87.2%, 5ms/94.3%, 10ms/97.1%, 20ms/98.5%, 50ms/99.4%, 100ms/99.7%
[167.326s][info][gc,marking  ] GC(355) Mark: 2 stripe(s), 1 proactive flush(es), 1 terminate flush(es), 0 completion(s), 0 continuation(s) 
[167.326s][info][gc,marking  ] GC(355) Mark Stack Usage: 32M
[167.326s][info][gc,nmethod  ] GC(355) NMethods: 438 registered, 21 unregistered
[167.326s][info][gc,metaspace] GC(355) Metaspace: 0M used, 1M committed, 1088M reserved
[167.326s][info][gc,ref      ] GC(355) Soft: 2 encountered, 0 discovered, 0 enqueued
[167.326s][info][gc,ref      ] GC(355) Weak: 9 encountered, 0 discovered, 0 enqueued
[167.326s][info][gc,ref      ] GC(355) Final: 0 encountered, 0 discovered, 0 enqueued
[167.326s][info][gc,ref      ] GC(355) Phantom: 3 encountered, 1 discovered, 0 enqueued
[167.326s][info][gc,reloc    ] GC(355) Small Pages: 4 / 8M, Empty: 0M, Relocated: 0M, In-Place: 0
[167.326s][info][gc,reloc    ] GC(355) Medium Pages: 0 / 0M, Empty: 0M, Relocated: 0M, In-Place: 0
[167.326s][info][gc,reloc    ] GC(355) Large Pages: 0 / 0M, Empty: 0M, Relocated: 0M, In-Place: 0
[167.326s][info][gc,reloc    ] GC(355) Forwarding Usage: 0M
[167.326s][info][gc,heap     ] GC(355) Min Capacity: 8192M(100%)
[167.326s][info][gc,heap     ] GC(355) Max Capacity: 8192M(100%)
[167.326s][info][gc,heap     ] GC(355) Soft Max Capacity: 8192M(100%)
[167.326s][info][gc,heap     ] GC(355)                Mark Start          Mark End        Relocate Start      Relocate End           High               Low         
[167.326s][info][gc,heap     ] GC(355)  Capacity:     8192M (100%)       8192M (100%)       8192M (100%)       8192M (100%)       8192M (100%)       8192M (100%)   
[167.326s][info][gc,heap     ] GC(355)      Free:     8184M (100%)       8184M (100%)       8184M (100%)       8186M (100%)       8186M (100%)       8178M (100%)   
[167.326s][info][gc,heap     ] GC(355)      Used:        8M (0%)            8M (0%)            8M (0%)            6M (0%)           14M (0%)            6M (0%)     
[167.326s][info][gc,heap     ] GC(355)      Live:         -                 0M (0%)            0M (0%)            0M (0%)             -                  -          
[167.326s][info][gc,heap     ] GC(355) Allocated:         -                 0M (0%)            0M (0%)            0M (0%)             -                  -          
[167.326s][info][gc,heap     ] GC(355)   Garbage:         -                 7M (0%)            7M (0%)            5M (0%)             -                  -          
[167.326s][info][gc,heap     ] GC(355) Reclaimed:         -                  -                 0M (0%)            2M (0%)             -                  -          
[167.326s][info][gc          ] GC(355) Garbage Collection (System.gc()) 8M(0%)->6M(0%)
[167.791s][info][gc,start    ] GC(356) Garbage Collection (System.gc())
[167.791s][info][gc,task     ] GC(356) Using 3 workers
[167.791s][info][gc,phases   ] GC(356) Pause Mark Start 0.013ms
[167.794s][info][gc,phases   ] GC(356) Concurrent Mark 2.263ms
[167.794s][info][gc,phases   ] GC(356) Pause Mark End 0.011ms
[167.794s][info][gc,phases   ] GC(356) Concurrent Mark Free 0.000ms
[167.795s][info][gc,phases   ] GC(356) Concurrent Process Non-Strong References 0.970ms
[167.795s][info][gc,phases   ] GC(356) Concurrent Reset Relocation Set 0.001ms
[167.799s][info][gc,phases   ] GC(356) Concurrent Select Relocation Set 4.469ms
[167.799s][info][gc,phases   ] GC(356) Pause Relocate Start 0.012ms
[167.800s][info][gc,phases   ] GC(356) Concurrent Relocate 0.724ms
[167.800s][info][gc,load     ] GC(356) Load: 2.37/1.71/1.68
[167.800s][info][gc,mmu      ] GC(356) MMU: 2ms/87.2%, 5ms/94.3%, 10ms/97.1%, 20ms/98.5%, 50ms/99.4%, 100ms/99.7%
[167.800s][info][gc,marking  ] GC(356) Mark: 2 stripe(s), 1 proactive flush(es), 1 terminate flush(es), 0 completion(s), 0 continuation(s) 
[167.800s][info][gc,marking  ] GC(356) Mark Stack Usage: 32M
[167.800s][info][gc,nmethod  ] GC(356) NMethods: 438 registered, 21 unregistered
[167.800s][info][gc,metaspace] GC(356) Metaspace: 0M used, 1M committed, 1088M reserved
[167.800s][info][gc,ref      ] GC(356) Soft: 2 encountered, 0 discovered, 0 enqueued
[167.800s][info][gc,ref      ] GC(356) Weak: 9 encountered, 0 discovered, 0 enqueued
[167.800s][info][gc,ref      ] GC(356) Final: 0 encountered, 0 discovered, 0 enqueued
[167.800s][info][gc,ref      ] GC(356) Phantom: 3 encountered, 1 discovered, 0 enqueued
[167.800s][info][gc,reloc    ] GC(356) Small Pages: 4 / 8M, Empty: 0M, Relocated: 0M, In-Place: 0
[167.800s][info][gc,reloc    ] GC(356) Medium Pages: 0 / 0M, Empty: 0M, Relocated: 0M, In-Place: 0
[167.800s][info][gc,reloc    ] GC(356) Large Pages: 0 / 0M, Empty: 0M, Relocated: 0M, In-Place: 0
[167.800s][info][gc,reloc    ] GC(356) Forwarding Usage: 0M
[167.800s][info][gc,heap     ] GC(356) Min Capacity: 8192M(100%)
[167.800s][info][gc,heap     ] GC(356) Max Capacity: 8192M(100%)
[167.800s][info][gc,heap     ] GC(356) Soft Max Capacity: 8192M(100%)
[167.800s][info][gc,heap     ] GC(356)                Mark Start          Mark End        Relocate Start      Relocate End           High               Low         
[167.800s][info][gc,heap     ] GC(356)  Capacity:     8192M (100%)       8192M (100%)       8192M (100%)       8192M (100%)       8192M (100%)       8192M (100%)   
[167.800s][info][gc,heap     ] GC(356)      Free:     8184M (100%)       8184M (100%)       8184M (100%)       8186M (100%)       8186M (100%)       8178M (100%)   
[167.800s][info][gc,heap     ] GC(356)      Used:        8M (0%)            8M (0%)            8M (0%)            6M (0%)           14M (0%)            6M (0%)     
[167.800s][info][gc,heap     ] GC(356)      Live:         -                 0M (0%)            0M (0%)            0M (0%)             -                  -          
[167.800s][info][gc,heap     ] GC(356) Allocated:         -                 0M (0%)            0M (0%)            0M (0%)             -                  -          
[167.800s][info][gc,heap     ] GC(356)   Garbage:         -                 7M (0%)            7M (0%)            5M (0%)             -                  -          
[167.800s][info][gc,heap     ] GC(356) Reclaimed:         -                  -                 0M (0%)            2M (0%)             -                  -          
[167.800s][info][gc          ] GC(356) Garbage Collection (System.gc()) 8M(0%)->6M(0%)
[168.255s][info][gc,start    ] GC(357) Garbage Collection (System.gc())
[168.256s][info][gc,task     ] GC(357) Using 3 workers
[168.256s][info][gc,phases   ] GC(357) Pause Mark Start 0.013ms
[168.267s][info][gc,phases   ] GC(357) Concurrent Mark 11.651ms
[168.268s][info][gc,phases   ] GC(357) Pause Mark End 0.031ms
[168.268s][info][gc,phases   ] GC(357) Concurrent Mark Free 0.001ms
[168.270s][info][gc,phases   ] GC(357) Concurrent Process Non-Strong References 2.181ms
[168.270s][info][gc,phases   ] GC(357) Concurrent Reset Relocation Set 0.003ms
[168.274s][info][gc,phases   ] GC(357) Concurrent Select Relocation Set 3.716ms
[168.274s][info][gc,phases   ] GC(357) Pause Relocate Start 0.005ms
[168.274s][info][gc,phases   ] GC(357) Concurrent Relocate 0.562ms
[168.274s][info][gc,load     ] GC(357) Load: 2.37/1.71/1.68
[168.274s][info][gc,mmu      ] GC(357) MMU: 2ms/87.2%, 5ms/94.3%, 10ms/97.1%, 20ms/98.5%, 50ms/99.4%, 100ms/99.7%
[168.274s][info][gc,marking  ] GC(357) Mark: 2 stripe(s), 2 proactive flush(es), 1 terminate flush(es), 0 completion(s), 0 continuation(s) 
[168.274s][info][gc,marking  ] GC(357) Mark Stack Usage: 32M
[168.274s][info][gc,nmethod  ] GC(357) NMethods: 438 registered, 23 unregistered
[168.274s][info][gc,metaspace] GC(357) Metaspace: 0M used, 1M committed, 1088M reserved
[168.275s][info][gc,ref      ] GC(357) Soft: 2 encountered, 0 discovered, 0 enqueued
[168.275s][info][gc,ref      ] GC(357) Weak: 9 encountered, 0 discovered, 0 enqueued
[168.275s][info][gc,ref      ] GC(357) Final: 0 encountered, 0 discovered, 0 enqueued
[168.275s][info][gc,ref      ] GC(357) Phantom: 3 encountered, 2 discovered, 0 enqueued
[168.275s][info][gc,reloc    ] GC(357) Small Pages: 4 / 8M, Empty: 0M, Relocated: 0M, In-Place: 0
[168.275s][info][gc,reloc    ] GC(357) Medium Pages: 0 / 0M, Empty: 0M, Relocated: 0M, In-Place: 0
[168.275s][info][gc,reloc    ] GC(357) Large Pages: 0 / 0M, Empty: 0M, Relocated: 0M, In-Place: 0
[168.275s][info][gc,reloc    ] GC(357) Forwarding Usage: 0M
[168.275s][info][gc,heap     ] GC(357) Min Capacity: 8192M(100%)
[168.275s][info][gc,heap     ] GC(357) Max Capacity: 8192M(100%)
[168.275s][info][gc,heap     ] GC(357) Soft Max Capacity: 8192M(100%)
[168.275s][info][gc,heap     ] GC(357)                Mark Start          Mark End        Relocate Start      Relocate End           High               Low         
[168.275s][info][gc,heap     ] GC(357)  Capacity:     8192M (100%)       8192M (100%)       8192M (100%)       8192M (100%)       8192M (100%)       8192M (100%)   
[168.275s][info][gc,heap     ] GC(357)      Free:     8184M (100%)       8184M (100%)       8184M (100%)       8186M (100%)       8186M (100%)       8178M (100%)   
[168.275s][info][gc,heap     ] GC(357)      Used:        8M (0%)            8M (0%)            8M (0%)            6M (0%)           14M (0%)            6M (0%)     
[168.275s][info][gc,heap     ] GC(357)      Live:         -                 0M (0%)            0M (0%)            0M (0%)             -                  -          
[168.275s][info][gc,heap     ] GC(357) Allocated:         -                 0M (0%)            0M (0%)            0M (0%)             -                  -          
[168.275s][info][gc,heap     ] GC(357)   Garbage:         -                 7M (0%)            7M (0%)            5M (0%)             -                  -          
[168.275s][info][gc,heap     ] GC(357) Reclaimed:         -                  -                 0M (0%)            2M (0%)             -                  -          
[168.275s][info][gc          ] GC(357) Garbage Collection (System.gc()) 8M(0%)->6M(0%)
[168.730s][info][gc,start    ] GC(358) Garbage Collection (System.gc())
[168.730s][info][gc,task     ] GC(358) Using 3 workers
[168.730s][info][gc,phases   ] GC(358) Pause Mark Start 0.013ms
[168.743s][info][gc,phases   ] GC(358) Concurrent Mark 12.984ms
[168.743s][info][gc,phases   ] GC(358) Pause Mark End 0.019ms
[168.743s][info][gc,phases   ] GC(358) Concurrent Mark Free 0.001ms
[168.744s][info][gc,phases   ] GC(358) Concurrent Process Non-Strong References 1.217ms
[168.744s][info][gc,phases   ] GC(358) Concurrent Reset Relocation Set 0.001ms
[168.749s][info][gc,phases   ] GC(358) Concurrent Select Relocation Set 4.119ms
[168.749s][info][gc,phases   ] GC(358) Pause Relocate Start 0.015ms
[168.750s][info][gc,phases   ] GC(358) Concurrent Relocate 0.837ms
[168.750s][info][gc,load     ] GC(358) Load: 2.37/1.71/1.68
[168.750s][info][gc,mmu      ] GC(358) MMU: 2ms/87.2%, 5ms/94.3%, 10ms/97.1%, 20ms/98.5%, 50ms/99.4%, 100ms/99.7%
[168.750s][info][gc,marking  ] GC(358) Mark: 2 stripe(s), 1 proactive flush(es), 1 terminate flush(es), 0 completion(s), 0 continuation(s) 
[168.750s][info][gc,marking  ] GC(358) Mark Stack Usage: 32M
[168.750s][info][gc,nmethod  ] GC(358) NMethods: 438 registered, 23 unregistered
[168.750s][info][gc,metaspace] GC(358) Metaspace: 0M used, 1M committed, 1088M reserved
[168.750s][info][gc,ref      ] GC(358) Soft: 2 encountered, 0 discovered, 0 enqueued
[168.750s][info][gc,ref      ] GC(358) Weak: 9 encountered, 0 discovered, 0 enqueued
[168.750s][info][gc,ref      ] GC(358) Final: 0 encountered, 0 discovered, 0 enqueued
[168.750s][info][gc,ref      ] GC(358) Phantom: 3 encountered, 2 discovered, 0 enqueued
[168.750s][info][gc,reloc    ] GC(358) Small Pages: 4 / 8M, Empty: 0M, Relocated: 0M, In-Place: 0
[168.750s][info][gc,reloc    ] GC(358) Medium Pages: 0 / 0M, Empty: 0M, Relocated: 0M, In-Place: 0
[168.750s][info][gc,reloc    ] GC(358) Large Pages: 0 / 0M, Empty: 0M, Relocated: 0M, In-Place: 0
[168.750s][info][gc,reloc    ] GC(358) Forwarding Usage: 0M
[168.750s][info][gc,heap     ] GC(358) Min Capacity: 8192M(100%)
[168.750s][info][gc,heap     ] GC(358) Max Capacity: 8192M(100%)
[168.750s][info][gc,heap     ] GC(358) Soft Max Capacity: 8192M(100%)
[168.750s][info][gc,heap     ] GC(358)                Mark Start          Mark End        Relocate Start      Relocate End           High               Low         
[168.750s][info][gc,heap     ] GC(358)  Capacity:     8192M (100%)       8192M (100%)       8192M (100%)       8192M (100%)       8192M (100%)       8192M (100%)   
[168.750s][info][gc,heap     ] GC(358)      Free:     8184M (100%)       8184M (100%)       8184M (100%)       8186M (100%)       8186M (100%)       8178M (100%)   
[168.750s][info][gc,heap     ] GC(358)      Used:        8M (0%)            8M (0%)            8M (0%)            6M (0%)           14M (0%)            6M (0%)     
[168.750s][info][gc,heap     ] GC(358)      Live:         -                 0M (0%)            0M (0%)            0M (0%)             -                  -          
[168.750s][info][gc,heap     ] GC(358) Allocated:         -                 0M (0%)            0M (0%)            0M (0%)             -                  -          
[168.750s][info][gc,heap     ] GC(358)   Garbage:         -                 7M (0%)            7M (0%)            5M (0%)             -                  -          
[168.750s][info][gc,heap     ] GC(358) Reclaimed:         -                  -                 0M (0%)            2M (0%)             -                  -          
[168.750s][info][gc          ] GC(358) Garbage Collection (System.gc()) 8M(0%)->6M(0%)
[169.218s][info][gc,start    ] GC(359) Garbage Collection (System.gc())
[169.218s][info][gc,task     ] GC(359) Using 3 workers
[169.218s][info][gc,phases   ] GC(359) Pause Mark Start 0.009ms
[169.220s][info][gc,phases   ] GC(359) Concurrent Mark 2.129ms
[169.220s][info][gc,phases   ] GC(359) Pause Mark End 0.007ms
[169.220s][info][gc,phases   ] GC(359) Concurrent Mark Free 0.000ms
[169.221s][info][gc,phases   ] GC(359) Concurrent Process Non-Strong References 0.871ms
[169.221s][info][gc,phases   ] GC(359) Concurrent Reset Relocation Set 0.001ms
[169.225s][info][gc,phases   ] GC(359) Concurrent Select Relocation Set 3.726ms
[169.225s][info][gc,phases   ] GC(359) Pause Relocate Start 0.005ms
[169.225s][info][gc,phases   ] GC(359) Concurrent Relocate 0.611ms
[169.226s][info][gc,load     ] GC(359) Load: 2.37/1.71/1.68
[169.226s][info][gc,mmu      ] GC(359) MMU: 2ms/87.2%, 5ms/94.3%, 10ms/97.1%, 20ms/98.5%, 50ms/99.4%, 100ms/99.7%
[169.226s][info][gc,marking  ] GC(359) Mark: 2 stripe(s), 1 proactive flush(es), 1 terminate flush(es), 0 completion(s), 0 continuation(s) 
[169.226s][info][gc,marking  ] GC(359) Mark Stack Usage: 32M
[169.226s][info][gc,nmethod  ] GC(359) NMethods: 438 registered, 23 unregistered
[169.226s][info][gc,metaspace] GC(359) Metaspace: 0M used, 1M committed, 1088M reserved
[169.226s][info][gc,ref      ] GC(359) Soft: 2 encountered, 0 discovered, 0 enqueued
[169.226s][info][gc,ref      ] GC(359) Weak: 9 encountered, 1 discovered, 0 enqueued
[169.226s][info][gc,ref      ] GC(359) Final: 0 encountered, 0 discovered, 0 enqueued
[169.226s][info][gc,ref      ] GC(359) Phantom: 3 encountered, 2 discovered, 0 enqueued
[169.226s][info][gc,reloc    ] GC(359) Small Pages: 4 / 8M, Empty: 0M, Relocated: 0M, In-Place: 0
[169.226s][info][gc,reloc    ] GC(359) Medium Pages: 0 / 0M, Empty: 0M, Relocated: 0M, In-Place: 0
[169.226s][info][gc,reloc    ] GC(359) Large Pages: 0 / 0M, Empty: 0M, Relocated: 0M, In-Place: 0
[169.226s][info][gc,reloc    ] GC(359) Forwarding Usage: 0M
[169.226s][info][gc,heap     ] GC(359) Min Capacity: 8192M(100%)
[169.226s][info][gc,heap     ] GC(359) Max Capacity: 8192M(100%)
[169.226s][info][gc,heap     ] GC(359) Soft Max Capacity: 8192M(100%)
[169.226s][info][gc,heap     ] GC(359)                Mark Start          Mark End        Relocate Start      Relocate End           High               Low         
[169.226s][info][gc,heap     ] GC(359)  Capacity:     8192M (100%)       8192M (100%)       8192M (100%)       8192M (100%)       8192M (100%)       8192M (100%)   
[169.226s][info][gc,heap     ] GC(359)      Free:     8184M (100%)       8184M (100%)       8184M (100%)       8186M (100%)       8186M (100%)       8180M (100%)   
[169.226s][info][gc,heap     ] GC(359)      Used:        8M (0%)            8M (0%)            8M (0%)            6M (0%)           12M (0%)            6M (0%)     
[169.226s][info][gc,heap     ] GC(359)      Live:         -                 0M (0%)            0M (0%)            0M (0%)             -                  -          
[169.226s][info][gc,heap     ] GC(359) Allocated:         -                 0M (0%)            0M (0%)            0M (0%)             -                  -          
[169.226s][info][gc,heap     ] GC(359)   Garbage:         -                 7M (0%)            7M (0%)            5M (0%)             -                  -          
[169.226s][info][gc,heap     ] GC(359) Reclaimed:         -                  -                 0M (0%)            2M (0%)             -                  -          
[169.226s][info][gc          ] GC(359) Garbage Collection (System.gc()) 8M(0%)->6M(0%)
[169.684s][info][gc,start    ] GC(360) Garbage Collection (System.gc())
[169.684s][info][gc,task     ] GC(360) Using 3 workers
[169.684s][info][gc,phases   ] GC(360) Pause Mark Start 0.012ms
[169.696s][info][gc,phases   ] GC(360) Concurrent Mark 11.740ms
[169.696s][info][gc,phases   ] GC(360) Pause Mark End 0.029ms
[169.696s][info][gc,phases   ] GC(360) Concurrent Mark Free 0.001ms
[169.698s][info][gc,phases   ] GC(360) Concurrent Process Non-Strong References 2.145ms
[169.698s][info][gc,phases   ] GC(360) Concurrent Reset Relocation Set 0.002ms
[169.703s][info][gc,phases   ] GC(360) Concurrent Select Relocation Set 4.224ms
[169.703s][info][gc,phases   ] GC(360) Pause Relocate Start 0.005ms
[169.703s][info][gc,phases   ] GC(360) Concurrent Relocate 0.599ms
[169.703s][info][gc,load     ] GC(360) Load: 2.37/1.71/1.68
[169.703s][info][gc,mmu      ] GC(360) MMU: 2ms/87.2%, 5ms/94.3%, 10ms/97.1%, 20ms/98.5%, 50ms/99.4%, 100ms/99.7%
[169.703s][info][gc,marking  ] GC(360) Mark: 2 stripe(s), 1 proactive flush(es), 1 terminate flush(es), 0 completion(s), 0 continuation(s) 
[169.703s][info][gc,marking  ] GC(360) Mark Stack Usage: 32M
[169.703s][info][gc,nmethod  ] GC(360) NMethods: 438 registered, 23 unregistered
[169.703s][info][gc,metaspace] GC(360) Metaspace: 0M used, 1M committed, 1088M reserved
[169.703s][info][gc,ref      ] GC(360) Soft: 2 encountered, 0 discovered, 0 enqueued
[169.703s][info][gc,ref      ] GC(360) Weak: 9 encountered, 0 discovered, 0 enqueued
[169.703s][info][gc,ref      ] GC(360) Final: 0 encountered, 0 discovered, 0 enqueued
[169.703s][info][gc,ref      ] GC(360) Phantom: 3 encountered, 2 discovered, 0 enqueued
[169.703s][info][gc,reloc    ] GC(360) Small Pages: 4 / 8M, Empty: 0M, Relocated: 0M, In-Place: 0
[169.703s][info][gc,reloc    ] GC(360) Medium Pages: 0 / 0M, Empty: 0M, Relocated: 0M, In-Place: 0
[169.703s][info][gc,reloc    ] GC(360) Large Pages: 0 / 0M, Empty: 0M, Relocated: 0M, In-Place: 0
[169.703s][info][gc,reloc    ] GC(360) Forwarding Usage: 0M
[169.703s][info][gc,heap     ] GC(360) Min Capacity: 8192M(100%)
[169.703s][info][gc,heap     ] GC(360) Max Capacity: 8192M(100%)
[169.703s][info][gc,heap     ] GC(360) Soft Max Capacity: 8192M(100%)
[169.703s][info][gc,heap     ] GC(360)                Mark Start          Mark End        Relocate Start      Relocate End           High               Low         
[169.703s][info][gc,heap     ] GC(360)  Capacity:     8192M (100%)       8192M (100%)       8192M (100%)       8192M (100%)       8192M (100%)       8192M (100%)   
[169.703s][info][gc,heap     ] GC(360)      Free:     8184M (100%)       8184M (100%)       8184M (100%)       8186M (100%)       8186M (100%)       8178M (100%)   
[169.703s][info][gc,heap     ] GC(360)      Used:        8M (0%)            8M (0%)            8M (0%)            6M (0%)           14M (0%)            6M (0%)     
[169.703s][info][gc,heap     ] GC(360)      Live:         -                 0M (0%)            0M (0%)            0M (0%)             -                  -          
[169.703s][info][gc,heap     ] GC(360) Allocated:         -                 0M (0%)            0M (0%)            0M (0%)             -                  -          
[169.703s][info][gc,heap     ] GC(360)   Garbage:         -                 7M (0%)            7M (0%)            5M (0%)             -                  -          
[169.703s][info][gc,heap     ] GC(360) Reclaimed:         -                  -                 0M (0%)            2M (0%)             -                  -          
[169.703s][info][gc          ] GC(360) Garbage Collection (System.gc()) 8M(0%)->6M(0%)
[170.015s][info][gc,stats    ] === Garbage Collection Statistics =======================================================================================================================
[170.015s][info][gc,stats    ]                                                              Last 10s              Last 10m              Last 10h                Total
[170.015s][info][gc,stats    ]                                                              Avg / Max             Avg / Max             Avg / Max             Avg / Max
[170.015s][info][gc,stats    ]   Collector: Garbage Collection Cycle                     14.985 / 23.911       13.327 / 27.701       13.327 / 27.701       13.327 / 27.701      ms
[170.015s][info][gc,stats    ]  Contention: Mark Segment Reset Contention                     0 / 0                 0 / 4                 0 / 4                 0 / 4           ops/s
[170.015s][info][gc,stats    ]  Contention: Mark SeqNum Reset Contention                      0 / 1                 0 / 3                 0 / 3                 0 / 3           ops/s
[170.015s][info][gc,stats    ]    Critical: Allocation Stall                                  0 / 0                 0 / 0                 0 / 0                 0 / 0           ops/s
[170.015s][info][gc,stats    ]    Critical: Allocation Stall                              0.000 / 0.000         0.000 / 0.000         0.000 / 0.000         0.000 / 0.000       ms
[170.015s][info][gc,stats    ]    Critical: GC Locker Stall                                   0 / 0                 0 / 0                 0 / 0                 0 / 0           ops/s
[170.015s][info][gc,stats    ]    Critical: GC Locker Stall                               0.000 / 0.000         0.000 / 0.000         0.000 / 0.000         0.000 / 0.000       ms
[170.015s][info][gc,stats    ]    Critical: Relocation Stall                                  0 / 0                 0 / 0                 0 / 0                 0 / 0           ops/s
[170.015s][info][gc,stats    ]    Critical: Relocation Stall                              0.000 / 0.000         0.000 / 0.000         0.000 / 0.000         0.000 / 0.000       ms
[170.015s][info][gc,stats    ]      Memory: Allocation Rate                                   4 / 6                 4 / 6                 4 / 6                 4 / 6           MB/s
[170.015s][info][gc,stats    ]      Memory: Defragment                                        0 / 0                 0 / 0                 0 / 0                 0 / 0           ops/s
[170.015s][info][gc,stats    ]      Memory: Out Of Memory                                     0 / 0                 0 / 0                 0 / 0                 0 / 0           ops/s
[170.015s][info][gc,stats    ]      Memory: Page Cache Flush                                  0 / 0                 0 / 0                 0 / 0                 0 / 0           MB/s
[170.016s][info][gc,stats    ]      Memory: Page Cache Hit L1                                 8 / 12                8 / 12                8 / 12                8 / 12          ops/s
[170.016s][info][gc,stats    ]      Memory: Page Cache Hit L2                                 0 / 0                 0 / 0                 0 / 0                 0 / 0           ops/s
[170.016s][info][gc,stats    ]      Memory: Page Cache Hit L3                                 0 / 0                 0 / 6                 0 / 6                 0 / 6           ops/s
[170.016s][info][gc,stats    ]      Memory: Page Cache Miss                                   0 / 0                 0 / 1                 0 / 1                 0 / 1           ops/s
[170.016s][info][gc,stats    ]      Memory: Uncommit                                          0 / 0                 0 / 0                 0 / 0                 0 / 0           MB/s
[170.016s][info][gc,stats    ]      Memory: Undo Object Allocation Failed                     0 / 0                 0 / 0                 0 / 0                 0 / 0           ops/s
[170.016s][info][gc,stats    ]      Memory: Undo Object Allocation Succeeded                  0 / 0                 0 / 0                 0 / 0                 0 / 0           ops/s
[170.016s][info][gc,stats    ]      Memory: Undo Page Allocation                              0 / 0                 0 / 0                 0 / 0                 0 / 0           ops/s
[170.016s][info][gc,stats    ]       Phase: Concurrent Mark                               7.437 / 14.482        4.888 / 15.502        4.888 / 15.502        4.888 / 15.502      ms
[170.016s][info][gc,stats    ]       Phase: Concurrent Mark Continue                      0.000 / 0.000         0.000 / 0.000         0.000 / 0.000         0.000 / 0.000       ms
[170.016s][info][gc,stats    ]       Phase: Concurrent Mark Free                          0.001 / 0.002         0.001 / 0.004         0.001 / 0.004         0.001 / 0.004       ms
[170.016s][info][gc,stats    ]       Phase: Concurrent Process Non-Strong References      1.255 / 4.284         1.898 / 13.093        1.898 / 13.093        1.898 / 13.093      ms
[170.016s][info][gc,stats    ]       Phase: Concurrent Relocate                           0.636 / 0.837         0.629 / 1.182         0.629 / 1.182         0.629 / 1.182       ms
[170.016s][info][gc,stats    ]       Phase: Concurrent Reset Relocation Set               0.002 / 0.005         0.002 / 0.028         0.002 / 0.028         0.002 / 0.028       ms
[170.016s][info][gc,stats    ]       Phase: Concurrent Select Relocation Set              3.839 / 4.778         4.360 / 15.311        4.360 / 15.311        4.360 / 15.311      ms
[170.016s][info][gc,stats    ]       Phase: Pause Mark End                                0.017 / 0.031         0.017 / 0.137         0.017 / 0.137         0.017 / 0.137       ms
[170.016s][info][gc,stats    ]       Phase: Pause Mark Start                              0.013 / 0.023         0.013 / 0.257         0.013 / 0.257         0.013 / 0.257       ms
[170.016s][info][gc,stats    ]       Phase: Pause Relocate Start                          0.007 / 0.015         0.008 / 0.134         0.008 / 0.134         0.008 / 0.134       ms
[170.016s][info][gc,stats    ]    Subphase: Concurrent Classes Purge                      0.022 / 0.116         0.028 / 0.287         0.028 / 0.287         0.028 / 0.287       ms
[170.016s][info][gc,stats    ]    Subphase: Concurrent Classes Unlink                     1.057 / 3.986         1.138 / 11.679        1.138 / 11.679        1.138 / 11.679      ms
[170.016s][info][gc,stats    ]    Subphase: Concurrent Mark                               3.493 / 10.357        2.473 / 11.772        2.473 / 11.772        2.473 / 11.772      ms
[170.016s][info][gc,stats    ]    Subphase: Concurrent Mark Try Flush                     0.515 / 5.776         0.245 / 6.755         0.245 / 6.755         0.245 / 6.755       ms
[170.016s][info][gc,stats    ]    Subphase: Concurrent Mark Try Terminate                 1.324 / 5.903         0.963 / 8.740         0.963 / 8.740         0.963 / 8.740       ms
[170.016s][info][gc,stats    ]    Subphase: Concurrent References Enqueue                 0.000 / 0.001         0.000 / 0.004         0.000 / 0.004         0.000 / 0.004       ms
[170.016s][info][gc,stats    ]    Subphase: Concurrent References Process                 0.032 / 0.072         0.361 / 9.421         0.361 / 9.421         0.361 / 9.421       ms
[170.016s][info][gc,stats    ]    Subphase: Concurrent Roots ClassLoaderDataGraph         0.149 / 0.495         0.133 / 2.621         0.133 / 2.621         0.133 / 2.621       ms
[170.016s][info][gc,stats    ]    Subphase: Concurrent Roots CodeCache                    0.000 / 0.000         0.000 / 0.000         0.000 / 0.000         0.000 / 0.000       ms
[170.016s][info][gc,stats    ]    Subphase: Concurrent Roots JavaThreads                  0.188 / 0.506         0.189 / 1.065         0.189 / 1.065         0.189 / 1.065       ms
[170.016s][info][gc,stats    ]    Subphase: Concurrent Roots OopStorageSet                0.040 / 1.078         0.017 / 1.078         0.017 / 1.078         0.017 / 1.078       ms
[170.016s][info][gc,stats    ]    Subphase: Concurrent Weak Roots OopStorageSet           0.061 / 0.332         0.060 / 0.625         0.060 / 0.625         0.060 / 0.625       ms
[170.016s][info][gc,stats    ]    Subphase: Pause Mark Try Complete                       0.000 / 0.000         0.000 / 0.000         0.000 / 0.000         0.000 / 0.000       ms
[170.016s][info][gc,stats    ]      System: Java Threads                                     10 / 10               10 / 10               10 / 10               10 / 10          threads
[170.016s][info][gc,stats    ] =========================================================================================================================================================
[170.158s][info][gc,start    ] GC(361) Garbage Collection (System.gc())
[170.158s][info][gc,task     ] GC(361) Using 3 workers
[170.158s][info][gc,phases   ] GC(361) Pause Mark Start 0.014ms
[170.170s][info][gc,phases   ] GC(361) Concurrent Mark 2.844ms
[170.170s][info][gc,phases   ] GC(361) Pause Mark End 0.017ms
[170.170s][info][gc,phases   ] GC(361) Concurrent Mark Free 0.001ms
[170.171s][info][gc,phases   ] GC(361) Concurrent Process Non-Strong References 1.581ms
[170.171s][info][gc,phases   ] GC(361) Concurrent Reset Relocation Set 0.001ms
[170.175s][info][gc,phases   ] GC(361) Concurrent Select Relocation Set 3.834ms
[170.175s][info][gc,phases   ] GC(361) Pause Relocate Start 0.010ms
[170.176s][info][gc,phases   ] GC(361) Concurrent Relocate 0.689ms
[170.176s][info][gc,load     ] GC(361) Load: 2.18/1.68/1.67
[170.176s][info][gc,mmu      ] GC(361) MMU: 2ms/87.2%, 5ms/94.3%, 10ms/97.1%, 20ms/98.5%, 50ms/99.4%, 100ms/99.7%
[170.176s][info][gc,marking  ] GC(361) Mark: 2 stripe(s), 1 proactive flush(es), 1 terminate flush(es), 0 completion(s), 0 continuation(s) 
[170.176s][info][gc,marking  ] GC(361) Mark Stack Usage: 32M
[170.176s][info][gc,nmethod  ] GC(361) NMethods: 438 registered, 23 unregistered
[170.176s][info][gc,metaspace] GC(361) Metaspace: 0M used, 1M committed, 1088M reserved
[170.176s][info][gc,ref      ] GC(361) Soft: 2 encountered, 0 discovered, 0 enqueued
[170.176s][info][gc,ref      ] GC(361) Weak: 9 encountered, 0 discovered, 0 enqueued
[170.176s][info][gc,ref      ] GC(361) Final: 0 encountered, 0 discovered, 0 enqueued
[170.176s][info][gc,ref      ] GC(361) Phantom: 3 encountered, 2 discovered, 0 enqueued
[170.176s][info][gc,reloc    ] GC(361) Small Pages: 4 / 8M, Empty: 2M, Relocated: 0M, In-Place: 0
[170.176s][info][gc,reloc    ] GC(361) Medium Pages: 0 / 0M, Empty: 0M, Relocated: 0M, In-Place: 0
[170.176s][info][gc,reloc    ] GC(361) Large Pages: 0 / 0M, Empty: 0M, Relocated: 0M, In-Place: 0
[170.176s][info][gc,reloc    ] GC(361) Forwarding Usage: 0M
[170.176s][info][gc,heap     ] GC(361) Min Capacity: 8192M(100%)
[170.176s][info][gc,heap     ] GC(361) Max Capacity: 8192M(100%)
[170.176s][info][gc,heap     ] GC(361) Soft Max Capacity: 8192M(100%)
[170.176s][info][gc,heap     ] GC(361)                Mark Start          Mark End        Relocate Start      Relocate End           High               Low         
[170.176s][info][gc,heap     ] GC(361)  Capacity:     8192M (100%)       8192M (100%)       8192M (100%)       8192M (100%)       8192M (100%)       8192M (100%)   
[170.176s][info][gc,heap     ] GC(361)      Free:     8184M (100%)       8184M (100%)       8186M (100%)       8186M (100%)       8186M (100%)       8180M (100%)   
[170.176s][info][gc,heap     ] GC(361)      Used:        8M (0%)            8M (0%)            6M (0%)            6M (0%)           12M (0%)            6M (0%)     
[170.176s][info][gc,heap     ] GC(361)      Live:         -                 0M (0%)            0M (0%)            0M (0%)             -                  -          
[170.176s][info][gc,heap     ] GC(361) Allocated:         -                 0M (0%)            0M (0%)            0M (0%)             -                  -          
[170.176s][info][gc,heap     ] GC(361)   Garbage:         -                 7M (0%)            5M (0%)            5M (0%)             -                  -          
[170.176s][info][gc,heap     ] GC(361) Reclaimed:         -                  -                 2M (0%)            2M (0%)             -                  -          
[170.176s][info][gc          ] GC(361) Garbage Collection (System.gc()) 8M(0%)->6M(0%)
[170.632s][info][gc,start    ] GC(362) Garbage Collection (System.gc())
[170.632s][info][gc,task     ] GC(362) Using 3 workers
[170.632s][info][gc,phases   ] GC(362) Pause Mark Start 0.015ms
[170.645s][info][gc,phases   ] GC(362) Concurrent Mark 12.681ms
[170.645s][info][gc,phases   ] GC(362) Pause Mark End 0.027ms
[170.645s][info][gc,phases   ] GC(362) Concurrent Mark Free 0.001ms
[170.648s][info][gc,phases   ] GC(362) Concurrent Process Non-Strong References 2.357ms
[170.648s][info][gc,phases   ] GC(362) Concurrent Reset Relocation Set 0.002ms
[170.652s][info][gc,phases   ] GC(362) Concurrent Select Relocation Set 3.727ms
[170.652s][info][gc,phases   ] GC(362) Pause Relocate Start 0.011ms
[170.652s][info][gc,phases   ] GC(362) Concurrent Relocate 0.684ms
[170.652s][info][gc,load     ] GC(362) Load: 2.18/1.68/1.67
[170.652s][info][gc,mmu      ] GC(362) MMU: 2ms/87.2%, 5ms/94.3%, 10ms/97.1%, 20ms/98.5%, 50ms/99.4%, 100ms/99.7%
[170.652s][info][gc,marking  ] GC(362) Mark: 2 stripe(s), 1 proactive flush(es), 1 terminate flush(es), 0 completion(s), 0 continuation(s) 
[170.652s][info][gc,marking  ] GC(362) Mark Stack Usage: 32M
[170.653s][info][gc,nmethod  ] GC(362) NMethods: 438 registered, 23 unregistered
[170.653s][info][gc,metaspace] GC(362) Metaspace: 0M used, 1M committed, 1088M reserved
[170.653s][info][gc,ref      ] GC(362) Soft: 2 encountered, 0 discovered, 0 enqueued
[170.653s][info][gc,ref      ] GC(362) Weak: 9 encountered, 0 discovered, 0 enqueued
[170.653s][info][gc,ref      ] GC(362) Final: 0 encountered, 0 discovered, 0 enqueued
[170.653s][info][gc,ref      ] GC(362) Phantom: 3 encountered, 2 discovered, 0 enqueued
[170.653s][info][gc,reloc    ] GC(362) Small Pages: 4 / 8M, Empty: 0M, Relocated: 0M, In-Place: 0
[170.653s][info][gc,reloc    ] GC(362) Medium Pages: 0 / 0M, Empty: 0M, Relocated: 0M, In-Place: 0
[170.653s][info][gc,reloc    ] GC(362) Large Pages: 0 / 0M, Empty: 0M, Relocated: 0M, In-Place: 0
[170.653s][info][gc,reloc    ] GC(362) Forwarding Usage: 0M
[170.653s][info][gc,heap     ] GC(362) Min Capacity: 8192M(100%)
[170.653s][info][gc,heap     ] GC(362) Max Capacity: 8192M(100%)
[170.653s][info][gc,heap     ] GC(362) Soft Max Capacity: 8192M(100%)
[170.653s][info][gc,heap     ] GC(362)                Mark Start          Mark End        Relocate Start      Relocate End           High               Low         
[170.653s][info][gc,heap     ] GC(362)  Capacity:     8192M (100%)       8192M (100%)       8192M (100%)       8192M (100%)       8192M (100%)       8192M (100%)   
[170.653s][info][gc,heap     ] GC(362)      Free:     8184M (100%)       8184M (100%)       8184M (100%)       8186M (100%)       8186M (100%)       8178M (100%)   
[170.653s][info][gc,heap     ] GC(362)      Used:        8M (0%)            8M (0%)            8M (0%)            6M (0%)           14M (0%)            6M (0%)     
[170.653s][info][gc,heap     ] GC(362)      Live:         -                 0M (0%)            0M (0%)            0M (0%)             -                  -          
[170.653s][info][gc,heap     ] GC(362) Allocated:         -                 0M (0%)            0M (0%)            0M (0%)             -                  -          
[170.653s][info][gc,heap     ] GC(362)   Garbage:         -                 7M (0%)            7M (0%)            5M (0%)             -                  -          
[170.653s][info][gc,heap     ] GC(362) Reclaimed:         -                  -                 0M (0%)            2M (0%)             -                  -          
[170.653s][info][gc          ] GC(362) Garbage Collection (System.gc()) 8M(0%)->6M(0%)
[171.118s][info][gc,start    ] GC(363) Garbage Collection (System.gc())
[171.118s][info][gc,task     ] GC(363) Using 3 workers
[171.118s][info][gc,phases   ] GC(363) Pause Mark Start 0.014ms
[171.120s][info][gc,phases   ] GC(363) Concurrent Mark 2.214ms
[171.120s][info][gc,phases   ] GC(363) Pause Mark End 0.009ms
[171.120s][info][gc,phases   ] GC(363) Concurrent Mark Free 0.000ms
[171.121s][info][gc,phases   ] GC(363) Concurrent Process Non-Strong References 0.479ms
[171.121s][info][gc,phases   ] GC(363) Concurrent Reset Relocation Set 0.006ms
[171.124s][info][gc,phases   ] GC(363) Concurrent Select Relocation Set 3.500ms
[171.124s][info][gc,phases   ] GC(363) Pause Relocate Start 0.008ms
[171.125s][info][gc,phases   ] GC(363) Concurrent Relocate 0.522ms
[171.125s][info][gc,load     ] GC(363) Load: 2.18/1.68/1.67
[171.125s][info][gc,mmu      ] GC(363) MMU: 2ms/87.2%, 5ms/94.3%, 10ms/97.1%, 20ms/98.5%, 50ms/99.4%, 100ms/99.7%
[171.125s][info][gc,marking  ] GC(363) Mark: 2 stripe(s), 1 proactive flush(es), 1 terminate flush(es), 0 completion(s), 0 continuation(s) 
[171.125s][info][gc,marking  ] GC(363) Mark Stack Usage: 32M
[171.125s][info][gc,nmethod  ] GC(363) NMethods: 438 registered, 23 unregistered
[171.125s][info][gc,metaspace] GC(363) Metaspace: 0M used, 1M committed, 1088M reserved
[171.125s][info][gc,ref      ] GC(363) Soft: 2 encountered, 0 discovered, 0 enqueued
[171.125s][info][gc,ref      ] GC(363) Weak: 9 encountered, 0 discovered, 0 enqueued
[171.125s][info][gc,ref      ] GC(363) Final: 0 encountered, 0 discovered, 0 enqueued
[171.125s][info][gc,ref      ] GC(363) Phantom: 3 encountered, 2 discovered, 0 enqueued
[171.125s][info][gc,reloc    ] GC(363) Small Pages: 4 / 8M, Empty: 0M, Relocated: 0M, In-Place: 0
[171.125s][info][gc,reloc    ] GC(363) Medium Pages: 0 / 0M, Empty: 0M, Relocated: 0M, In-Place: 0
[171.125s][info][gc,reloc    ] GC(363) Large Pages: 0 / 0M, Empty: 0M, Relocated: 0M, In-Place: 0
[171.125s][info][gc,reloc    ] GC(363) Forwarding Usage: 0M
[171.125s][info][gc,heap     ] GC(363) Min Capacity: 8192M(100%)
[171.125s][info][gc,heap     ] GC(363) Max Capacity: 8192M(100%)
[171.125s][info][gc,heap     ] GC(363) Soft Max Capacity: 8192M(100%)
[171.125s][info][gc,heap     ] GC(363)                Mark Start          Mark End        Relocate Start      Relocate End           High               Low         
[171.125s][info][gc,heap     ] GC(363)  Capacity:     8192M (100%)       8192M (100%)       8192M (100%)       8192M (100%)       8192M (100%)       8192M (100%)   
[171.125s][info][gc,heap     ] GC(363)      Free:     8184M (100%)       8184M (100%)       8184M (100%)       8186M (100%)       8186M (100%)       8178M (100%)   
[171.125s][info][gc,heap     ] GC(363)      Used:        8M (0%)            8M (0%)            8M (0%)            6M (0%)           14M (0%)            6M (0%)     
[171.125s][info][gc,heap     ] GC(363)      Live:         -                 0M (0%)            0M (0%)            0M (0%)             -                  -          
[171.125s][info][gc,heap     ] GC(363) Allocated:         -                 0M (0%)            0M (0%)            0M (0%)             -                  -          
[171.125s][info][gc,heap     ] GC(363)   Garbage:         -                 7M (0%)            7M (0%)            5M (0%)             -                  -          
[171.125s][info][gc,heap     ] GC(363) Reclaimed:         -                  -                 0M (0%)            2M (0%)             -                  -          
[171.125s][info][gc          ] GC(363) Garbage Collection (System.gc()) 8M(0%)->6M(0%)
[171.577s][info][gc,start    ] GC(364) Garbage Collection (System.gc())
[171.577s][info][gc,task     ] GC(364) Using 3 workers
[171.577s][info][gc,phases   ] GC(364) Pause Mark Start 0.007ms
[171.585s][info][gc,phases   ] GC(364) Concurrent Mark 2.456ms
[171.585s][info][gc,phases   ] GC(364) Pause Mark End 0.010ms
[171.585s][info][gc,phases   ] GC(364) Concurrent Mark Free 0.000ms
[171.586s][info][gc,phases   ] GC(364) Concurrent Process Non-Strong References 0.706ms
[171.586s][info][gc,phases   ] GC(364) Concurrent Reset Relocation Set 0.001ms
[171.589s][info][gc,phases   ] GC(364) Concurrent Select Relocation Set 3.199ms
[171.589s][info][gc,phases   ] GC(364) Pause Relocate Start 0.005ms
[171.590s][info][gc,phases   ] GC(364) Concurrent Relocate 0.603ms
[171.590s][info][gc,load     ] GC(364) Load: 2.18/1.68/1.67
[171.590s][info][gc,mmu      ] GC(364) MMU: 2ms/87.2%, 5ms/94.3%, 10ms/97.1%, 20ms/98.5%, 50ms/99.4%, 100ms/99.7%
[171.590s][info][gc,marking  ] GC(364) Mark: 2 stripe(s), 1 proactive flush(es), 1 terminate flush(es), 0 completion(s), 0 continuation(s) 
[171.590s][info][gc,marking  ] GC(364) Mark Stack Usage: 32M
[171.590s][info][gc,nmethod  ] GC(364) NMethods: 438 registered, 23 unregistered
[171.590s][info][gc,metaspace] GC(364) Metaspace: 0M used, 1M committed, 1088M reserved
[171.590s][info][gc,ref      ] GC(364) Soft: 2 encountered, 0 discovered, 0 enqueued
[171.590s][info][gc,ref      ] GC(364) Weak: 9 encountered, 0 discovered, 0 enqueued
[171.590s][info][gc,ref      ] GC(364) Final: 0 encountered, 0 discovered, 0 enqueued
[171.590s][info][gc,ref      ] GC(364) Phantom: 3 encountered, 2 discovered, 0 enqueued
[171.590s][info][gc,reloc    ] GC(364) Small Pages: 4 / 8M, Empty: 0M, Relocated: 0M, In-Place: 0
[171.590s][info][gc,reloc    ] GC(364) Medium Pages: 0 / 0M, Empty: 0M, Relocated: 0M, In-Place: 0
[171.590s][info][gc,reloc    ] GC(364) Large Pages: 0 / 0M, Empty: 0M, Relocated: 0M, In-Place: 0
[171.590s][info][gc,reloc    ] GC(364) Forwarding Usage: 0M
[171.590s][info][gc,heap     ] GC(364) Min Capacity: 8192M(100%)
[171.590s][info][gc,heap     ] GC(364) Max Capacity: 8192M(100%)
[171.590s][info][gc,heap     ] GC(364) Soft Max Capacity: 8192M(100%)
[171.590s][info][gc,heap     ] GC(364)                Mark Start          Mark End        Relocate Start      Relocate End           High               Low         
[171.590s][info][gc,heap     ] GC(364)  Capacity:     8192M (100%)       8192M (100%)       8192M (100%)       8192M (100%)       8192M (100%)       8192M (100%)   
[171.590s][info][gc,heap     ] GC(364)      Free:     8184M (100%)       8184M (100%)       8184M (100%)       8186M (100%)       8186M (100%)       8178M (100%)   
[171.590s][info][gc,heap     ] GC(364)      Used:        8M (0%)            8M (0%)            8M (0%)            6M (0%)           14M (0%)            6M (0%)     
[171.590s][info][gc,heap     ] GC(364)      Live:         -                 0M (0%)            0M (0%)            0M (0%)             -                  -          
[171.590s][info][gc,heap     ] GC(364) Allocated:         -                 0M (0%)            0M (0%)            0M (0%)             -                  -          
[171.590s][info][gc,heap     ] GC(364)   Garbage:         -                 7M (0%)            7M (0%)            5M (0%)             -                  -          
[171.590s][info][gc,heap     ] GC(364) Reclaimed:         -                  -                 0M (0%)            2M (0%)             -                  -          
[171.590s][info][gc          ] GC(364) Garbage Collection (System.gc()) 8M(0%)->6M(0%)
[172.045s][info][gc,start    ] GC(365) Garbage Collection (System.gc())
[172.045s][info][gc,task     ] GC(365) Using 3 workers
[172.045s][info][gc,phases   ] GC(365) Pause Mark Start 0.014ms
[172.052s][info][gc,phases   ] GC(365) Concurrent Mark 6.419ms
[172.052s][info][gc,phases   ] GC(365) Pause Mark End 0.025ms
[172.052s][info][gc,phases   ] GC(365) Concurrent Mark Free 0.001ms
[172.061s][info][gc,phases   ] GC(365) Concurrent Process Non-Strong References 9.274ms
[172.062s][info][gc,phases   ] GC(365) Concurrent Reset Relocation Set 0.003ms
[172.066s][info][gc,phases   ] GC(365) Concurrent Select Relocation Set 4.156ms
[172.066s][info][gc,phases   ] GC(365) Pause Relocate Start 0.006ms
[172.066s][info][gc,phases   ] GC(365) Concurrent Relocate 0.521ms
[172.066s][info][gc,load     ] GC(365) Load: 2.18/1.68/1.67
[172.066s][info][gc,mmu      ] GC(365) MMU: 2ms/87.2%, 5ms/94.3%, 10ms/97.1%, 20ms/98.5%, 50ms/99.4%, 100ms/99.7%
[172.066s][info][gc,marking  ] GC(365) Mark: 2 stripe(s), 1 proactive flush(es), 1 terminate flush(es), 0 completion(s), 0 continuation(s) 
[172.066s][info][gc,marking  ] GC(365) Mark Stack Usage: 32M
[172.066s][info][gc,nmethod  ] GC(365) NMethods: 438 registered, 23 unregistered
[172.066s][info][gc,metaspace] GC(365) Metaspace: 0M used, 1M committed, 1088M reserved
[172.066s][info][gc,ref      ] GC(365) Soft: 2 encountered, 0 discovered, 0 enqueued
[172.066s][info][gc,ref      ] GC(365) Weak: 9 encountered, 0 discovered, 0 enqueued
[172.066s][info][gc,ref      ] GC(365) Final: 0 encountered, 0 discovered, 0 enqueued
[172.066s][info][gc,ref      ] GC(365) Phantom: 3 encountered, 1 discovered, 0 enqueued
[172.066s][info][gc,reloc    ] GC(365) Small Pages: 4 / 8M, Empty: 0M, Relocated: 0M, In-Place: 0
[172.066s][info][gc,reloc    ] GC(365) Medium Pages: 0 / 0M, Empty: 0M, Relocated: 0M, In-Place: 0
[172.066s][info][gc,reloc    ] GC(365) Large Pages: 0 / 0M, Empty: 0M, Relocated: 0M, In-Place: 0
[172.066s][info][gc,reloc    ] GC(365) Forwarding Usage: 0M
[172.067s][info][gc,heap     ] GC(365) Min Capacity: 8192M(100%)
[172.067s][info][gc,heap     ] GC(365) Max Capacity: 8192M(100%)
[172.067s][info][gc,heap     ] GC(365) Soft Max Capacity: 8192M(100%)
[172.067s][info][gc,heap     ] GC(365)                Mark Start          Mark End        Relocate Start      Relocate End           High               Low         
[172.067s][info][gc,heap     ] GC(365)  Capacity:     8192M (100%)       8192M (100%)       8192M (100%)       8192M (100%)       8192M (100%)       8192M (100%)   
[172.067s][info][gc,heap     ] GC(365)      Free:     8184M (100%)       8184M (100%)       8184M (100%)       8186M (100%)       8186M (100%)       8178M (100%)   
[172.067s][info][gc,heap     ] GC(365)      Used:        8M (0%)            8M (0%)            8M (0%)            6M (0%)           14M (0%)            6M (0%)     
[172.067s][info][gc,heap     ] GC(365)      Live:         -                 0M (0%)            0M (0%)            0M (0%)             -                  -          
[172.067s][info][gc,heap     ] GC(365) Allocated:         -                 0M (0%)            0M (0%)            0M (0%)             -                  -          
[172.067s][info][gc,heap     ] GC(365)   Garbage:         -                 7M (0%)            7M (0%)            5M (0%)             -                  -          
[172.067s][info][gc,heap     ] GC(365) Reclaimed:         -                  -                 0M (0%)            2M (0%)             -                  -          
[172.067s][info][gc          ] GC(365) Garbage Collection (System.gc()) 8M(0%)->6M(0%)
[172.524s][info][gc,start    ] GC(366) Garbage Collection (System.gc())
[172.524s][info][gc,task     ] GC(366) Using 3 workers
[172.525s][info][gc,phases   ] GC(366) Pause Mark Start 0.014ms
[172.537s][info][gc,phases   ] GC(366) Concurrent Mark 11.116ms
[172.537s][info][gc,phases   ] GC(366) Pause Mark End 0.012ms
[172.537s][info][gc,phases   ] GC(366) Concurrent Mark Free 0.000ms
[172.538s][info][gc,phases   ] GC(366) Concurrent Process Non-Strong References 1.021ms
[172.538s][info][gc,phases   ] GC(366) Concurrent Reset Relocation Set 0.001ms
[172.542s][info][gc,phases   ] GC(366) Concurrent Select Relocation Set 4.449ms
[172.542s][info][gc,phases   ] GC(366) Pause Relocate Start 0.005ms
[172.543s][info][gc,phases   ] GC(366) Concurrent Relocate 0.697ms
[172.543s][info][gc,load     ] GC(366) Load: 2.18/1.68/1.67
[172.543s][info][gc,mmu      ] GC(366) MMU: 2ms/87.2%, 5ms/94.3%, 10ms/97.1%, 20ms/98.5%, 50ms/99.4%, 100ms/99.7%
[172.543s][info][gc,marking  ] GC(366) Mark: 2 stripe(s), 1 proactive flush(es), 1 terminate flush(es), 0 completion(s), 0 continuation(s) 
[172.543s][info][gc,marking  ] GC(366) Mark Stack Usage: 32M
[172.543s][info][gc,nmethod  ] GC(366) NMethods: 438 registered, 23 unregistered
[172.543s][info][gc,metaspace] GC(366) Metaspace: 0M used, 1M committed, 1088M reserved
[172.543s][info][gc,ref      ] GC(366) Soft: 2 encountered, 0 discovered, 0 enqueued
[172.543s][info][gc,ref      ] GC(366) Weak: 9 encountered, 0 discovered, 0 enqueued
[172.543s][info][gc,ref      ] GC(366) Final: 0 encountered, 0 discovered, 0 enqueued
[172.543s][info][gc,ref      ] GC(366) Phantom: 3 encountered, 2 discovered, 0 enqueued
[172.543s][info][gc,reloc    ] GC(366) Small Pages: 4 / 8M, Empty: 0M, Relocated: 0M, In-Place: 0
[172.543s][info][gc,reloc    ] GC(366) Medium Pages: 0 / 0M, Empty: 0M, Relocated: 0M, In-Place: 0
[172.543s][info][gc,reloc    ] GC(366) Large Pages: 0 / 0M, Empty: 0M, Relocated: 0M, In-Place: 0
[172.543s][info][gc,reloc    ] GC(366) Forwarding Usage: 0M
[172.543s][info][gc,heap     ] GC(366) Min Capacity: 8192M(100%)
[172.543s][info][gc,heap     ] GC(366) Max Capacity: 8192M(100%)
[172.543s][info][gc,heap     ] GC(366) Soft Max Capacity: 8192M(100%)
[172.543s][info][gc,heap     ] GC(366)                Mark Start          Mark End        Relocate Start      Relocate End           High               Low         
[172.543s][info][gc,heap     ] GC(366)  Capacity:     8192M (100%)       8192M (100%)       8192M (100%)       8192M (100%)       8192M (100%)       8192M (100%)   
[172.543s][info][gc,heap     ] GC(366)      Free:     8184M (100%)       8184M (100%)       8184M (100%)       8186M (100%)       8186M (100%)       8178M (100%)   
[172.543s][info][gc,heap     ] GC(366)      Used:        8M (0%)            8M (0%)            8M (0%)            6M (0%)           14M (0%)            6M (0%)     
[172.543s][info][gc,heap     ] GC(366)      Live:         -                 0M (0%)            0M (0%)            0M (0%)             -                  -          
[172.543s][info][gc,heap     ] GC(366) Allocated:         -                 0M (0%)            0M (0%)            0M (0%)             -                  -          
[172.543s][info][gc,heap     ] GC(366)   Garbage:         -                 7M (0%)            7M (0%)            5M (0%)             -                  -          
[172.543s][info][gc,heap     ] GC(366) Reclaimed:         -                  -                 0M (0%)            2M (0%)             -                  -          
[172.543s][info][gc          ] GC(366) Garbage Collection (System.gc()) 8M(0%)->6M(0%)
[173.001s][info][gc,start    ] GC(367) Garbage Collection (System.gc())
[173.001s][info][gc,task     ] GC(367) Using 3 workers
[173.001s][info][gc,phases   ] GC(367) Pause Mark Start 0.015ms
[173.015s][info][gc,phases   ] GC(367) Concurrent Mark 4.698ms
[173.015s][info][gc,phases   ] GC(367) Pause Mark End 0.012ms
[173.015s][info][gc,phases   ] GC(367) Concurrent Mark Free 0.000ms
[173.016s][info][gc,phases   ] GC(367) Concurrent Process Non-Strong References 0.970ms
[173.016s][info][gc,phases   ] GC(367) Concurrent Reset Relocation Set 0.001ms
[173.020s][info][gc,phases   ] GC(367) Concurrent Select Relocation Set 4.025ms
[173.020s][info][gc,phases   ] GC(367) Pause Relocate Start 0.006ms
[173.021s][info][gc,phases   ] GC(367) Concurrent Relocate 0.683ms
[173.021s][info][gc,load     ] GC(367) Load: 2.18/1.68/1.67
[173.021s][info][gc,mmu      ] GC(367) MMU: 2ms/87.2%, 5ms/94.3%, 10ms/97.1%, 20ms/98.5%, 50ms/99.4%, 100ms/99.7%
[173.021s][info][gc,marking  ] GC(367) Mark: 2 stripe(s), 1 proactive flush(es), 1 terminate flush(es), 0 completion(s), 0 continuation(s) 
[173.021s][info][gc,marking  ] GC(367) Mark Stack Usage: 32M
[173.021s][info][gc,nmethod  ] GC(367) NMethods: 438 registered, 23 unregistered
[173.021s][info][gc,metaspace] GC(367) Metaspace: 0M used, 1M committed, 1088M reserved
[173.021s][info][gc,ref      ] GC(367) Soft: 2 encountered, 0 discovered, 0 enqueued
[173.021s][info][gc,ref      ] GC(367) Weak: 9 encountered, 0 discovered, 0 enqueued
[173.021s][info][gc,ref      ] GC(367) Final: 0 encountered, 0 discovered, 0 enqueued
[173.021s][info][gc,ref      ] GC(367) Phantom: 3 encountered, 1 discovered, 0 enqueued
[173.021s][info][gc,reloc    ] GC(367) Small Pages: 4 / 8M, Empty: 0M, Relocated: 0M, In-Place: 0
[173.021s][info][gc,reloc    ] GC(367) Medium Pages: 0 / 0M, Empty: 0M, Relocated: 0M, In-Place: 0
[173.021s][info][gc,reloc    ] GC(367) Large Pages: 0 / 0M, Empty: 0M, Relocated: 0M, In-Place: 0
[173.021s][info][gc,reloc    ] GC(367) Forwarding Usage: 0M
[173.021s][info][gc,heap     ] GC(367) Min Capacity: 8192M(100%)
[173.021s][info][gc,heap     ] GC(367) Max Capacity: 8192M(100%)
[173.021s][info][gc,heap     ] GC(367) Soft Max Capacity: 8192M(100%)
[173.021s][info][gc,heap     ] GC(367)                Mark Start          Mark End        Relocate Start      Relocate End           High               Low         
[173.021s][info][gc,heap     ] GC(367)  Capacity:     8192M (100%)       8192M (100%)       8192M (100%)       8192M (100%)       8192M (100%)       8192M (100%)   
[173.021s][info][gc,heap     ] GC(367)      Free:     8184M (100%)       8184M (100%)       8184M (100%)       8186M (100%)       8186M (100%)       8178M (100%)   
[173.021s][info][gc,heap     ] GC(367)      Used:        8M (0%)            8M (0%)            8M (0%)            6M (0%)           14M (0%)            6M (0%)     
[173.021s][info][gc,heap     ] GC(367)      Live:         -                 0M (0%)            0M (0%)            0M (0%)             -                  -          
[173.021s][info][gc,heap     ] GC(367) Allocated:         -                 0M (0%)            0M (0%)            0M (0%)             -                  -          
[173.021s][info][gc,heap     ] GC(367)   Garbage:         -                 7M (0%)            7M (0%)            5M (0%)             -                  -          
[173.021s][info][gc,heap     ] GC(367) Reclaimed:         -                  -                 0M (0%)            2M (0%)             -                  -          
[173.021s][info][gc          ] GC(367) Garbage Collection (System.gc()) 8M(0%)->6M(0%)
[173.480s][info][gc,start    ] GC(368) Garbage Collection (System.gc())
[173.480s][info][gc,task     ] GC(368) Using 3 workers
[173.480s][info][gc,phases   ] GC(368) Pause Mark Start 0.011ms
[173.492s][info][gc,phases   ] GC(368) Concurrent Mark 2.786ms
[173.492s][info][gc,phases   ] GC(368) Pause Mark End 0.019ms
[173.492s][info][gc,phases   ] GC(368) Concurrent Mark Free 0.001ms
[173.494s][info][gc,phases   ] GC(368) Concurrent Process Non-Strong References 1.956ms
[173.494s][info][gc,phases   ] GC(368) Concurrent Reset Relocation Set 0.002ms
[173.498s][info][gc,phases   ] GC(368) Concurrent Select Relocation Set 3.759ms
[173.498s][info][gc,phases   ] GC(368) Pause Relocate Start 0.009ms
[173.499s][info][gc,phases   ] GC(368) Concurrent Relocate 0.766ms
[173.499s][info][gc,load     ] GC(368) Load: 2.18/1.68/1.67
[173.499s][info][gc,mmu      ] GC(368) MMU: 2ms/87.2%, 5ms/94.3%, 10ms/97.1%, 20ms/98.5%, 50ms/99.4%, 100ms/99.7%
[173.499s][info][gc,marking  ] GC(368) Mark: 2 stripe(s), 1 proactive flush(es), 1 terminate flush(es), 0 completion(s), 0 continuation(s) 
[173.499s][info][gc,marking  ] GC(368) Mark Stack Usage: 32M
[173.499s][info][gc,nmethod  ] GC(368) NMethods: 438 registered, 23 unregistered
[173.499s][info][gc,metaspace] GC(368) Metaspace: 0M used, 1M committed, 1088M reserved
[173.499s][info][gc,ref      ] GC(368) Soft: 2 encountered, 0 discovered, 0 enqueued
[173.499s][info][gc,ref      ] GC(368) Weak: 9 encountered, 0 discovered, 0 enqueued
[173.499s][info][gc,ref      ] GC(368) Final: 0 encountered, 0 discovered, 0 enqueued
[173.499s][info][gc,ref      ] GC(368) Phantom: 3 encountered, 2 discovered, 0 enqueued
[173.499s][info][gc,reloc    ] GC(368) Small Pages: 4 / 8M, Empty: 0M, Relocated: 0M, In-Place: 0
[173.499s][info][gc,reloc    ] GC(368) Medium Pages: 0 / 0M, Empty: 0M, Relocated: 0M, In-Place: 0
[173.499s][info][gc,reloc    ] GC(368) Large Pages: 0 / 0M, Empty: 0M, Relocated: 0M, In-Place: 0
[173.499s][info][gc,reloc    ] GC(368) Forwarding Usage: 0M
[173.499s][info][gc,heap     ] GC(368) Min Capacity: 8192M(100%)
[173.499s][info][gc,heap     ] GC(368) Max Capacity: 8192M(100%)
[173.499s][info][gc,heap     ] GC(368) Soft Max Capacity: 8192M(100%)
[173.499s][info][gc,heap     ] GC(368)                Mark Start          Mark End        Relocate Start      Relocate End           High               Low         
[173.499s][info][gc,heap     ] GC(368)  Capacity:     8192M (100%)       8192M (100%)       8192M (100%)       8192M (100%)       8192M (100%)       8192M (100%)   
[173.499s][info][gc,heap     ] GC(368)      Free:     8184M (100%)       8184M (100%)       8184M (100%)       8186M (100%)       8186M (100%)       8178M (100%)   
[173.499s][info][gc,heap     ] GC(368)      Used:        8M (0%)            8M (0%)            8M (0%)            6M (0%)           14M (0%)            6M (0%)     
[173.499s][info][gc,heap     ] GC(368)      Live:         -                 0M (0%)            0M (0%)            0M (0%)             -                  -          
[173.499s][info][gc,heap     ] GC(368) Allocated:         -                 0M (0%)            0M (0%)            0M (0%)             -                  -          
[173.499s][info][gc,heap     ] GC(368)   Garbage:         -                 7M (0%)            7M (0%)            5M (0%)             -                  -          
[173.499s][info][gc,heap     ] GC(368) Reclaimed:         -                  -                 0M (0%)            2M (0%)             -                  -          
[173.499s][info][gc          ] GC(368) Garbage Collection (System.gc()) 8M(0%)->6M(0%)
[173.965s][info][gc,start    ] GC(369) Garbage Collection (System.gc())
[173.965s][info][gc,task     ] GC(369) Using 3 workers
[173.965s][info][gc,phases   ] GC(369) Pause Mark Start 0.012ms
[173.968s][info][gc,phases   ] GC(369) Concurrent Mark 2.790ms
[173.968s][info][gc,phases   ] GC(369) Pause Mark End 0.011ms
[173.968s][info][gc,phases   ] GC(369) Concurrent Mark Free 0.000ms
[173.969s][info][gc,phases   ] GC(369) Concurrent Process Non-Strong References 1.057ms
[173.969s][info][gc,phases   ] GC(369) Concurrent Reset Relocation Set 0.004ms
[173.973s][info][gc,phases   ] GC(369) Concurrent Select Relocation Set 4.109ms
[173.973s][info][gc,phases   ] GC(369) Pause Relocate Start 0.005ms
[173.974s][info][gc,phases   ] GC(369) Concurrent Relocate 0.716ms
[173.974s][info][gc,load     ] GC(369) Load: 2.18/1.68/1.67
[173.974s][info][gc,mmu      ] GC(369) MMU: 2ms/87.2%, 5ms/94.3%, 10ms/97.1%, 20ms/98.5%, 50ms/99.4%, 100ms/99.7%
[173.974s][info][gc,marking  ] GC(369) Mark: 2 stripe(s), 1 proactive flush(es), 1 terminate flush(es), 0 completion(s), 0 continuation(s) 
[173.974s][info][gc,marking  ] GC(369) Mark Stack Usage: 32M
[173.974s][info][gc,nmethod  ] GC(369) NMethods: 438 registered, 23 unregistered
[173.974s][info][gc,metaspace] GC(369) Metaspace: 0M used, 1M committed, 1088M reserved
[173.974s][info][gc,ref      ] GC(369) Soft: 2 encountered, 0 discovered, 0 enqueued
[173.974s][info][gc,ref      ] GC(369) Weak: 9 encountered, 0 discovered, 0 enqueued
[173.974s][info][gc,ref      ] GC(369) Final: 0 encountered, 0 discovered, 0 enqueued
[173.974s][info][gc,ref      ] GC(369) Phantom: 3 encountered, 1 discovered, 0 enqueued
[173.974s][info][gc,reloc    ] GC(369) Small Pages: 4 / 8M, Empty: 0M, Relocated: 0M, In-Place: 0
[173.974s][info][gc,reloc    ] GC(369) Medium Pages: 0 / 0M, Empty: 0M, Relocated: 0M, In-Place: 0
[173.974s][info][gc,reloc    ] GC(369) Large Pages: 0 / 0M, Empty: 0M, Relocated: 0M, In-Place: 0
[173.974s][info][gc,reloc    ] GC(369) Forwarding Usage: 0M
[173.974s][info][gc,heap     ] GC(369) Min Capacity: 8192M(100%)
[173.974s][info][gc,heap     ] GC(369) Max Capacity: 8192M(100%)
[173.974s][info][gc,heap     ] GC(369) Soft Max Capacity: 8192M(100%)
[173.974s][info][gc,heap     ] GC(369)                Mark Start          Mark End        Relocate Start      Relocate End           High               Low         
[173.974s][info][gc,heap     ] GC(369)  Capacity:     8192M (100%)       8192M (100%)       8192M (100%)       8192M (100%)       8192M (100%)       8192M (100%)   
[173.974s][info][gc,heap     ] GC(369)      Free:     8184M (100%)       8184M (100%)       8184M (100%)       8186M (100%)       8186M (100%)       8178M (100%)   
[173.974s][info][gc,heap     ] GC(369)      Used:        8M (0%)            8M (0%)            8M (0%)            6M (0%)           14M (0%)            6M (0%)     
[173.974s][info][gc,heap     ] GC(369)      Live:         -                 0M (0%)            0M (0%)            0M (0%)             -                  -          
[173.974s][info][gc,heap     ] GC(369) Allocated:         -                 0M (0%)            0M (0%)            0M (0%)             -                  -          
[173.974s][info][gc,heap     ] GC(369)   Garbage:         -                 7M (0%)            7M (0%)            5M (0%)             -                  -          
[173.974s][info][gc,heap     ] GC(369) Reclaimed:         -                  -                 0M (0%)            2M (0%)             -                  -          
[173.974s][info][gc          ] GC(369) Garbage Collection (System.gc()) 8M(0%)->6M(0%)
[174.432s][info][gc,start    ] GC(370) Garbage Collection (System.gc())
[174.432s][info][gc,task     ] GC(370) Using 3 workers
[174.432s][info][gc,phases   ] GC(370) Pause Mark Start 0.012ms
[174.443s][info][gc,phases   ] GC(370) Concurrent Mark 10.929ms
[174.443s][info][gc,phases   ] GC(370) Pause Mark End 0.023ms
[174.443s][info][gc,phases   ] GC(370) Concurrent Mark Free 0.001ms
[174.445s][info][gc,phases   ] GC(370) Concurrent Process Non-Strong References 1.208ms
[174.445s][info][gc,phases   ] GC(370) Concurrent Reset Relocation Set 0.001ms
[174.448s][info][gc,phases   ] GC(370) Concurrent Select Relocation Set 3.303ms
[174.448s][info][gc,phases   ] GC(370) Pause Relocate Start 0.005ms
[174.449s][info][gc,phases   ] GC(370) Concurrent Relocate 0.557ms
[174.449s][info][gc,load     ] GC(370) Load: 2.18/1.68/1.67
[174.449s][info][gc,mmu      ] GC(370) MMU: 2ms/87.2%, 5ms/94.3%, 10ms/97.1%, 20ms/98.5%, 50ms/99.4%, 100ms/99.7%
[174.449s][info][gc,marking  ] GC(370) Mark: 2 stripe(s), 2 proactive flush(es), 1 terminate flush(es), 0 completion(s), 0 continuation(s) 
[174.449s][info][gc,marking  ] GC(370) Mark Stack Usage: 32M
[174.449s][info][gc,nmethod  ] GC(370) NMethods: 438 registered, 24 unregistered
[174.449s][info][gc,metaspace] GC(370) Metaspace: 0M used, 1M committed, 1088M reserved
[174.449s][info][gc,ref      ] GC(370) Soft: 2 encountered, 0 discovered, 0 enqueued
[174.449s][info][gc,ref      ] GC(370) Weak: 9 encountered, 0 discovered, 0 enqueued
[174.449s][info][gc,ref      ] GC(370) Final: 0 encountered, 0 discovered, 0 enqueued
[174.449s][info][gc,ref      ] GC(370) Phantom: 3 encountered, 1 discovered, 0 enqueued
[174.449s][info][gc,reloc    ] GC(370) Small Pages: 4 / 8M, Empty: 0M, Relocated: 0M, In-Place: 0
[174.449s][info][gc,reloc    ] GC(370) Medium Pages: 0 / 0M, Empty: 0M, Relocated: 0M, In-Place: 0
[174.449s][info][gc,reloc    ] GC(370) Large Pages: 0 / 0M, Empty: 0M, Relocated: 0M, In-Place: 0
[174.449s][info][gc,reloc    ] GC(370) Forwarding Usage: 0M
[174.449s][info][gc,heap     ] GC(370) Min Capacity: 8192M(100%)
[174.449s][info][gc,heap     ] GC(370) Max Capacity: 8192M(100%)
[174.449s][info][gc,heap     ] GC(370) Soft Max Capacity: 8192M(100%)
[174.449s][info][gc,heap     ] GC(370)                Mark Start          Mark End        Relocate Start      Relocate End           High               Low         
[174.449s][info][gc,heap     ] GC(370)  Capacity:     8192M (100%)       8192M (100%)       8192M (100%)       8192M (100%)       8192M (100%)       8192M (100%)   
[174.449s][info][gc,heap     ] GC(370)      Free:     8184M (100%)       8184M (100%)       8184M (100%)       8186M (100%)       8186M (100%)       8178M (100%)   
[174.449s][info][gc,heap     ] GC(370)      Used:        8M (0%)            8M (0%)            8M (0%)            6M (0%)           14M (0%)            6M (0%)     
[174.449s][info][gc,heap     ] GC(370)      Live:         -                 0M (0%)            0M (0%)            0M (0%)             -                  -          
[174.449s][info][gc,heap     ] GC(370) Allocated:         -                 0M (0%)            0M (0%)            0M (0%)             -                  -          
[174.449s][info][gc,heap     ] GC(370)   Garbage:         -                 7M (0%)            7M (0%)            5M (0%)             -                  -          
[174.449s][info][gc,heap     ] GC(370) Reclaimed:         -                  -                 0M (0%)            2M (0%)             -                  -          
[174.449s][info][gc          ] GC(370) Garbage Collection (System.gc()) 8M(0%)->6M(0%)
[174.905s][info][gc,start    ] GC(371) Garbage Collection (System.gc())
[174.905s][info][gc,task     ] GC(371) Using 3 workers
[174.905s][info][gc,phases   ] GC(371) Pause Mark Start 0.013ms
[174.918s][info][gc,phases   ] GC(371) Concurrent Mark 12.878ms
[174.918s][info][gc,phases   ] GC(371) Pause Mark End 0.028ms
[174.918s][info][gc,phases   ] GC(371) Concurrent Mark Free 0.001ms
[174.921s][info][gc,phases   ] GC(371) Concurrent Process Non-Strong References 2.406ms
[174.921s][info][gc,phases   ] GC(371) Concurrent Reset Relocation Set 0.001ms
[174.925s][info][gc,phases   ] GC(371) Concurrent Select Relocation Set 3.769ms
[174.925s][info][gc,phases   ] GC(371) Pause Relocate Start 0.010ms
[174.925s][info][gc,phases   ] GC(371) Concurrent Relocate 0.695ms
[174.926s][info][gc,load     ] GC(371) Load: 2.18/1.68/1.67
[174.926s][info][gc,mmu      ] GC(371) MMU: 2ms/87.2%, 5ms/94.3%, 10ms/97.1%, 20ms/98.5%, 50ms/99.4%, 100ms/99.7%
[174.926s][info][gc,marking  ] GC(371) Mark: 2 stripe(s), 1 proactive flush(es), 1 terminate flush(es), 0 completion(s), 0 continuation(s) 
[174.926s][info][gc,marking  ] GC(371) Mark Stack Usage: 32M
[174.926s][info][gc,nmethod  ] GC(371) NMethods: 438 registered, 24 unregistered
[174.926s][info][gc,metaspace] GC(371) Metaspace: 0M used, 1M committed, 1088M reserved
[174.926s][info][gc,ref      ] GC(371) Soft: 2 encountered, 0 discovered, 0 enqueued
[174.926s][info][gc,ref      ] GC(371) Weak: 9 encountered, 0 discovered, 0 enqueued
[174.926s][info][gc,ref      ] GC(371) Final: 0 encountered, 0 discovered, 0 enqueued
[174.926s][info][gc,ref      ] GC(371) Phantom: 3 encountered, 1 discovered, 0 enqueued
[174.926s][info][gc,reloc    ] GC(371) Small Pages: 4 / 8M, Empty: 2M, Relocated: 0M, In-Place: 0
[174.926s][info][gc,reloc    ] GC(371) Medium Pages: 0 / 0M, Empty: 0M, Relocated: 0M, In-Place: 0
[174.926s][info][gc,reloc    ] GC(371) Large Pages: 0 / 0M, Empty: 0M, Relocated: 0M, In-Place: 0
[174.926s][info][gc,reloc    ] GC(371) Forwarding Usage: 0M
[174.926s][info][gc,heap     ] GC(371) Min Capacity: 8192M(100%)
[174.926s][info][gc,heap     ] GC(371) Max Capacity: 8192M(100%)
[174.926s][info][gc,heap     ] GC(371) Soft Max Capacity: 8192M(100%)
[174.926s][info][gc,heap     ] GC(371)                Mark Start          Mark End        Relocate Start      Relocate End           High               Low         
[174.926s][info][gc,heap     ] GC(371)  Capacity:     8192M (100%)       8192M (100%)       8192M (100%)       8192M (100%)       8192M (100%)       8192M (100%)   
[174.926s][info][gc,heap     ] GC(371)      Free:     8184M (100%)       8184M (100%)       8186M (100%)       8186M (100%)       8186M (100%)       8180M (100%)   
[174.926s][info][gc,heap     ] GC(371)      Used:        8M (0%)            8M (0%)            6M (0%)            6M (0%)           12M (0%)            6M (0%)     
[174.926s][info][gc,heap     ] GC(371)      Live:         -                 0M (0%)            0M (0%)            0M (0%)             -                  -          
[174.926s][info][gc,heap     ] GC(371) Allocated:         -                 0M (0%)            0M (0%)            0M (0%)             -                  -          
[174.926s][info][gc,heap     ] GC(371)   Garbage:         -                 7M (0%)            5M (0%)            5M (0%)             -                  -          
[174.926s][info][gc,heap     ] GC(371) Reclaimed:         -                  -                 2M (0%)            2M (0%)             -                  -          
[174.926s][info][gc          ] GC(371) Garbage Collection (System.gc()) 8M(0%)->6M(0%)
[175.391s][info][gc,start    ] GC(372) Garbage Collection (System.gc())
[175.391s][info][gc,task     ] GC(372) Using 3 workers
[175.391s][info][gc,phases   ] GC(372) Pause Mark Start 0.012ms
[175.394s][info][gc,phases   ] GC(372) Concurrent Mark 2.529ms
[175.394s][info][gc,phases   ] GC(372) Pause Mark End 0.013ms
[175.394s][info][gc,phases   ] GC(372) Concurrent Mark Free 0.001ms
[175.395s][info][gc,phases   ] GC(372) Concurrent Process Non-Strong References 1.054ms
[175.395s][info][gc,phases   ] GC(372) Concurrent Reset Relocation Set 0.001ms
[175.398s][info][gc,phases   ] GC(372) Concurrent Select Relocation Set 2.743ms
[175.398s][info][gc,phases   ] GC(372) Pause Relocate Start 0.006ms
[175.398s][info][gc,phases   ] GC(372) Concurrent Relocate 0.401ms
[175.399s][info][gc,load     ] GC(372) Load: 2.00/1.65/1.66
[175.399s][info][gc,mmu      ] GC(372) MMU: 2ms/87.2%, 5ms/94.3%, 10ms/97.1%, 20ms/98.5%, 50ms/99.4%, 100ms/99.7%
[175.399s][info][gc,marking  ] GC(372) Mark: 2 stripe(s), 1 proactive flush(es), 1 terminate flush(es), 0 completion(s), 0 continuation(s) 
[175.399s][info][gc,marking  ] GC(372) Mark Stack Usage: 32M
[175.399s][info][gc,nmethod  ] GC(372) NMethods: 438 registered, 24 unregistered
[175.399s][info][gc,metaspace] GC(372) Metaspace: 0M used, 1M committed, 1088M reserved
[175.399s][info][gc,ref      ] GC(372) Soft: 2 encountered, 0 discovered, 0 enqueued
[175.399s][info][gc,ref      ] GC(372) Weak: 9 encountered, 0 discovered, 0 enqueued
[175.399s][info][gc,ref      ] GC(372) Final: 0 encountered, 0 discovered, 0 enqueued
[175.399s][info][gc,ref      ] GC(372) Phantom: 3 encountered, 2 discovered, 0 enqueued
[175.399s][info][gc,reloc    ] GC(372) Small Pages: 4 / 8M, Empty: 0M, Relocated: 0M, In-Place: 0
[175.399s][info][gc,reloc    ] GC(372) Medium Pages: 0 / 0M, Empty: 0M, Relocated: 0M, In-Place: 0
[175.399s][info][gc,reloc    ] GC(372) Large Pages: 0 / 0M, Empty: 0M, Relocated: 0M, In-Place: 0
[175.399s][info][gc,reloc    ] GC(372) Forwarding Usage: 0M
[175.399s][info][gc,heap     ] GC(372) Min Capacity: 8192M(100%)
[175.399s][info][gc,heap     ] GC(372) Max Capacity: 8192M(100%)
[175.399s][info][gc,heap     ] GC(372) Soft Max Capacity: 8192M(100%)
[175.399s][info][gc,heap     ] GC(372)                Mark Start          Mark End        Relocate Start      Relocate End           High               Low         
[175.399s][info][gc,heap     ] GC(372)  Capacity:     8192M (100%)       8192M (100%)       8192M (100%)       8192M (100%)       8192M (100%)       8192M (100%)   
[175.399s][info][gc,heap     ] GC(372)      Free:     8184M (100%)       8184M (100%)       8184M (100%)       8186M (100%)       8186M (100%)       8180M (100%)   
[175.399s][info][gc,heap     ] GC(372)      Used:        8M (0%)            8M (0%)            8M (0%)            6M (0%)           12M (0%)            6M (0%)     
[175.399s][info][gc,heap     ] GC(372)      Live:         -                 0M (0%)            0M (0%)            0M (0%)             -                  -          
[175.399s][info][gc,heap     ] GC(372) Allocated:         -                 0M (0%)            0M (0%)            0M (0%)             -                  -          
[175.399s][info][gc,heap     ] GC(372)   Garbage:         -                 7M (0%)            7M (0%)            5M (0%)             -                  -          
[175.399s][info][gc,heap     ] GC(372) Reclaimed:         -                  -                 0M (0%)            2M (0%)             -                  -          
[175.399s][info][gc          ] GC(372) Garbage Collection (System.gc()) 8M(0%)->6M(0%)
[175.855s][info][gc,start    ] GC(373) Garbage Collection (System.gc())
[175.856s][info][gc,task     ] GC(373) Using 3 workers
[175.856s][info][gc,phases   ] GC(373) Pause Mark Start 0.014ms
[175.863s][info][gc,phases   ] GC(373) Concurrent Mark 6.907ms
[175.863s][info][gc,phases   ] GC(373) Pause Mark End 0.023ms
[175.863s][info][gc,phases   ] GC(373) Concurrent Mark Free 0.001ms
[175.873s][info][gc,phases   ] GC(373) Concurrent Process Non-Strong References 9.493ms
[175.873s][info][gc,phases   ] GC(373) Concurrent Reset Relocation Set 0.010ms
[175.877s][info][gc,phases   ] GC(373) Concurrent Select Relocation Set 3.592ms
[175.877s][info][gc,phases   ] GC(373) Pause Relocate Start 0.006ms
[175.877s][info][gc,phases   ] GC(373) Concurrent Relocate 0.543ms
[175.877s][info][gc,load     ] GC(373) Load: 2.00/1.65/1.66
[175.877s][info][gc,mmu      ] GC(373) MMU: 2ms/87.2%, 5ms/94.3%, 10ms/97.1%, 20ms/98.5%, 50ms/99.4%, 100ms/99.7%
[175.877s][info][gc,marking  ] GC(373) Mark: 2 stripe(s), 1 proactive flush(es), 1 terminate flush(es), 0 completion(s), 0 continuation(s) 
[175.877s][info][gc,marking  ] GC(373) Mark Stack Usage: 32M
[175.877s][info][gc,nmethod  ] GC(373) NMethods: 438 registered, 24 unregistered
[175.877s][info][gc,metaspace] GC(373) Metaspace: 0M used, 1M committed, 1088M reserved
[175.877s][info][gc,ref      ] GC(373) Soft: 2 encountered, 0 discovered, 0 enqueued
[175.877s][info][gc,ref      ] GC(373) Weak: 9 encountered, 0 discovered, 0 enqueued
[175.877s][info][gc,ref      ] GC(373) Final: 0 encountered, 0 discovered, 0 enqueued
[175.877s][info][gc,ref      ] GC(373) Phantom: 3 encountered, 2 discovered, 0 enqueued
[175.877s][info][gc,reloc    ] GC(373) Small Pages: 4 / 8M, Empty: 0M, Relocated: 0M, In-Place: 0
[175.877s][info][gc,reloc    ] GC(373) Medium Pages: 0 / 0M, Empty: 0M, Relocated: 0M, In-Place: 0
[175.877s][info][gc,reloc    ] GC(373) Large Pages: 0 / 0M, Empty: 0M, Relocated: 0M, In-Place: 0
[175.877s][info][gc,reloc    ] GC(373) Forwarding Usage: 0M
[175.878s][info][gc,heap     ] GC(373) Min Capacity: 8192M(100%)
[175.878s][info][gc,heap     ] GC(373) Max Capacity: 8192M(100%)
[175.878s][info][gc,heap     ] GC(373) Soft Max Capacity: 8192M(100%)
[175.878s][info][gc,heap     ] GC(373)                Mark Start          Mark End        Relocate Start      Relocate End           High               Low         
[175.878s][info][gc,heap     ] GC(373)  Capacity:     8192M (100%)       8192M (100%)       8192M (100%)       8192M (100%)       8192M (100%)       8192M (100%)   
[175.878s][info][gc,heap     ] GC(373)      Free:     8184M (100%)       8184M (100%)       8184M (100%)       8186M (100%)       8186M (100%)       8178M (100%)   
[175.878s][info][gc,heap     ] GC(373)      Used:        8M (0%)            8M (0%)            8M (0%)            6M (0%)           14M (0%)            6M (0%)     
[175.878s][info][gc,heap     ] GC(373)      Live:         -                 0M (0%)            0M (0%)            0M (0%)             -                  -          
[175.878s][info][gc,heap     ] GC(373) Allocated:         -                 0M (0%)            0M (0%)            0M (0%)             -                  -          
[175.878s][info][gc,heap     ] GC(373)   Garbage:         -                 7M (0%)            7M (0%)            5M (0%)             -                  -          
[175.878s][info][gc,heap     ] GC(373) Reclaimed:         -                  -                 0M (0%)            2M (0%)             -                  -          
[175.878s][info][gc          ] GC(373) Garbage Collection (System.gc()) 8M(0%)->6M(0%)
[176.331s][info][gc,start    ] GC(374) Garbage Collection (System.gc())
[176.331s][info][gc,task     ] GC(374) Using 3 workers
[176.331s][info][gc,phases   ] GC(374) Pause Mark Start 0.014ms
[176.336s][info][gc,phases   ] GC(374) Concurrent Mark 5.185ms
[176.337s][info][gc,phases   ] GC(374) Pause Mark End 0.019ms
[176.337s][info][gc,phases   ] GC(374) Concurrent Mark Free 0.001ms
[176.341s][info][gc,phases   ] GC(374) Concurrent Process Non-Strong References 3.850ms
[176.341s][info][gc,phases   ] GC(374) Concurrent Reset Relocation Set 0.004ms
[176.352s][info][gc,phases   ] GC(374) Concurrent Select Relocation Set 10.764ms
[176.352s][info][gc,phases   ] GC(374) Pause Relocate Start 0.017ms
[176.353s][info][gc,phases   ] GC(374) Concurrent Relocate 0.926ms
[176.353s][info][gc,load     ] GC(374) Load: 2.00/1.65/1.66
[176.353s][info][gc,mmu      ] GC(374) MMU: 2ms/87.2%, 5ms/94.3%, 10ms/97.1%, 20ms/98.5%, 50ms/99.4%, 100ms/99.7%
[176.354s][info][gc,marking  ] GC(374) Mark: 2 stripe(s), 1 proactive flush(es), 1 terminate flush(es), 0 completion(s), 0 continuation(s) 
[176.354s][info][gc,marking  ] GC(374) Mark Stack Usage: 32M
[176.354s][info][gc,nmethod  ] GC(374) NMethods: 438 registered, 24 unregistered
[176.354s][info][gc,metaspace] GC(374) Metaspace: 0M used, 1M committed, 1088M reserved
[176.354s][info][gc,ref      ] GC(374) Soft: 2 encountered, 0 discovered, 0 enqueued
[176.354s][info][gc,ref      ] GC(374) Weak: 9 encountered, 0 discovered, 0 enqueued
[176.354s][info][gc,ref      ] GC(374) Final: 0 encountered, 0 discovered, 0 enqueued
[176.354s][info][gc,ref      ] GC(374) Phantom: 3 encountered, 2 discovered, 0 enqueued
[176.354s][info][gc,reloc    ] GC(374) Small Pages: 4 / 8M, Empty: 0M, Relocated: 0M, In-Place: 0
[176.354s][info][gc,reloc    ] GC(374) Medium Pages: 0 / 0M, Empty: 0M, Relocated: 0M, In-Place: 0
[176.354s][info][gc,reloc    ] GC(374) Large Pages: 0 / 0M, Empty: 0M, Relocated: 0M, In-Place: 0
[176.354s][info][gc,reloc    ] GC(374) Forwarding Usage: 0M
[176.354s][info][gc,heap     ] GC(374) Min Capacity: 8192M(100%)
[176.354s][info][gc,heap     ] GC(374) Max Capacity: 8192M(100%)
[176.354s][info][gc,heap     ] GC(374) Soft Max Capacity: 8192M(100%)
[176.354s][info][gc,heap     ] GC(374)                Mark Start          Mark End        Relocate Start      Relocate End           High               Low         
[176.354s][info][gc,heap     ] GC(374)  Capacity:     8192M (100%)       8192M (100%)       8192M (100%)       8192M (100%)       8192M (100%)       8192M (100%)   
[176.354s][info][gc,heap     ] GC(374)      Free:     8184M (100%)       8184M (100%)       8184M (100%)       8190M (100%)       8190M (100%)       8182M (100%)   
[176.354s][info][gc,heap     ] GC(374)      Used:        8M (0%)            8M (0%)            8M (0%)            2M (0%)           10M (0%)            2M (0%)     
[176.354s][info][gc,heap     ] GC(374)      Live:         -                 0M (0%)            0M (0%)            0M (0%)             -                  -          
[176.354s][info][gc,heap     ] GC(374) Allocated:         -                 0M (0%)            0M (0%)            0M (0%)             -                  -          
[176.354s][info][gc,heap     ] GC(374)   Garbage:         -                 7M (0%)            7M (0%)            1M (0%)             -                  -          
[176.354s][info][gc,heap     ] GC(374) Reclaimed:         -                  -                 0M (0%)            6M (0%)             -                  -          
[176.354s][info][gc          ] GC(374) Garbage Collection (System.gc()) 8M(0%)->2M(0%)
[176.807s][info][gc,start    ] GC(375) Garbage Collection (System.gc())
[176.807s][info][gc,task     ] GC(375) Using 3 workers
[176.807s][info][gc,phases   ] GC(375) Pause Mark Start 0.014ms
[176.813s][info][gc,phases   ] GC(375) Concurrent Mark 6.018ms
[176.814s][info][gc,phases   ] GC(375) Pause Mark End 0.019ms
[176.814s][info][gc,phases   ] GC(375) Concurrent Mark Free 0.002ms
[176.818s][info][gc,phases   ] GC(375) Concurrent Process Non-Strong References 3.993ms
[176.819s][info][gc,phases   ] GC(375) Concurrent Reset Relocation Set 0.003ms
[176.829s][info][gc,phases   ] GC(375) Concurrent Select Relocation Set 10.361ms
[176.829s][info][gc,phases   ] GC(375) Pause Relocate Start 0.014ms
[176.830s][info][gc,phases   ] GC(375) Concurrent Relocate 0.802ms
[176.830s][info][gc,load     ] GC(375) Load: 2.00/1.65/1.66
[176.830s][info][gc,mmu      ] GC(375) MMU: 2ms/87.2%, 5ms/94.3%, 10ms/97.1%, 20ms/98.5%, 50ms/99.4%, 100ms/99.7%
[176.830s][info][gc,marking  ] GC(375) Mark: 2 stripe(s), 1 proactive flush(es), 1 terminate flush(es), 0 completion(s), 0 continuation(s) 
[176.830s][info][gc,marking  ] GC(375) Mark Stack Usage: 32M
[176.830s][info][gc,nmethod  ] GC(375) NMethods: 438 registered, 24 unregistered
[176.830s][info][gc,metaspace] GC(375) Metaspace: 0M used, 1M committed, 1088M reserved
[176.830s][info][gc,ref      ] GC(375) Soft: 2 encountered, 0 discovered, 0 enqueued
[176.830s][info][gc,ref      ] GC(375) Weak: 9 encountered, 0 discovered, 0 enqueued
[176.830s][info][gc,ref      ] GC(375) Final: 0 encountered, 0 discovered, 0 enqueued
[176.830s][info][gc,ref      ] GC(375) Phantom: 3 encountered, 2 discovered, 0 enqueued
[176.830s][info][gc,reloc    ] GC(375) Small Pages: 2 / 4M, Empty: 0M, Relocated: 0M, In-Place: 0
[176.830s][info][gc,reloc    ] GC(375) Medium Pages: 0 / 0M, Empty: 0M, Relocated: 0M, In-Place: 0
[176.830s][info][gc,reloc    ] GC(375) Large Pages: 0 / 0M, Empty: 0M, Relocated: 0M, In-Place: 0
[176.830s][info][gc,reloc    ] GC(375) Forwarding Usage: 0M
[176.830s][info][gc,heap     ] GC(375) Min Capacity: 8192M(100%)
[176.830s][info][gc,heap     ] GC(375) Max Capacity: 8192M(100%)
[176.830s][info][gc,heap     ] GC(375) Soft Max Capacity: 8192M(100%)
[176.830s][info][gc,heap     ] GC(375)                Mark Start          Mark End        Relocate Start      Relocate End           High               Low         
[176.830s][info][gc,heap     ] GC(375)  Capacity:     8192M (100%)       8192M (100%)       8192M (100%)       8192M (100%)       8192M (100%)       8192M (100%)   
[176.830s][info][gc,heap     ] GC(375)      Free:     8188M (100%)       8188M (100%)       8188M (100%)       8188M (100%)       8188M (100%)       8184M (100%)   
[176.830s][info][gc,heap     ] GC(375)      Used:        4M (0%)            4M (0%)            4M (0%)            4M (0%)            8M (0%)            4M (0%)     
[176.830s][info][gc,heap     ] GC(375)      Live:         -                 0M (0%)            0M (0%)            0M (0%)             -                  -          
[176.830s][info][gc,heap     ] GC(375) Allocated:         -                 0M (0%)            0M (0%)            0M (0%)             -                  -          
[176.830s][info][gc,heap     ] GC(375)   Garbage:         -                 3M (0%)            3M (0%)            3M (0%)             -                  -          
[176.830s][info][gc,heap     ] GC(375) Reclaimed:         -                  -                 0M (0%)            0M (0%)             -                  -          
[176.830s][info][gc          ] GC(375) Garbage Collection (System.gc()) 4M(0%)->4M(0%)
[177.287s][info][gc,start    ] GC(376) Garbage Collection (System.gc())
[177.287s][info][gc,task     ] GC(376) Using 3 workers
[177.287s][info][gc,phases   ] GC(376) Pause Mark Start 0.013ms
[177.293s][info][gc,phases   ] GC(376) Concurrent Mark 3.512ms
[177.293s][info][gc,phases   ] GC(376) Pause Mark End 0.018ms
[177.293s][info][gc,phases   ] GC(376) Concurrent Mark Free 0.001ms
[177.306s][info][gc,phases   ] GC(376) Concurrent Process Non-Strong References 12.828ms
[177.306s][info][gc,phases   ] GC(376) Concurrent Reset Relocation Set 0.003ms
[177.310s][info][gc,phases   ] GC(376) Concurrent Select Relocation Set 4.335ms
[177.311s][info][gc,phases   ] GC(376) Pause Relocate Start 0.009ms
[177.311s][info][gc,phases   ] GC(376) Concurrent Relocate 0.606ms
[177.311s][info][gc,load     ] GC(376) Load: 2.00/1.65/1.66
[177.311s][info][gc,mmu      ] GC(376) MMU: 2ms/87.2%, 5ms/94.3%, 10ms/97.1%, 20ms/98.5%, 50ms/99.4%, 100ms/99.7%
[177.311s][info][gc,marking  ] GC(376) Mark: 2 stripe(s), 1 proactive flush(es), 1 terminate flush(es), 0 completion(s), 0 continuation(s) 
[177.311s][info][gc,marking  ] GC(376) Mark Stack Usage: 32M
[177.311s][info][gc,nmethod  ] GC(376) NMethods: 438 registered, 24 unregistered
[177.311s][info][gc,metaspace] GC(376) Metaspace: 0M used, 1M committed, 1088M reserved
[177.311s][info][gc,ref      ] GC(376) Soft: 2 encountered, 0 discovered, 0 enqueued
[177.311s][info][gc,ref      ] GC(376) Weak: 9 encountered, 0 discovered, 0 enqueued
[177.311s][info][gc,ref      ] GC(376) Final: 0 encountered, 0 discovered, 0 enqueued
[177.311s][info][gc,ref      ] GC(376) Phantom: 3 encountered, 2 discovered, 0 enqueued
[177.311s][info][gc,reloc    ] GC(376) Small Pages: 3 / 6M, Empty: 0M, Relocated: 0M, In-Place: 0
[177.311s][info][gc,reloc    ] GC(376) Medium Pages: 0 / 0M, Empty: 0M, Relocated: 0M, In-Place: 0
[177.311s][info][gc,reloc    ] GC(376) Large Pages: 0 / 0M, Empty: 0M, Relocated: 0M, In-Place: 0
[177.311s][info][gc,reloc    ] GC(376) Forwarding Usage: 0M
[177.311s][info][gc,heap     ] GC(376) Min Capacity: 8192M(100%)
[177.311s][info][gc,heap     ] GC(376) Max Capacity: 8192M(100%)
[177.311s][info][gc,heap     ] GC(376) Soft Max Capacity: 8192M(100%)
[177.311s][info][gc,heap     ] GC(376)                Mark Start          Mark End        Relocate Start      Relocate End           High               Low         
[177.311s][info][gc,heap     ] GC(376)  Capacity:     8192M (100%)       8192M (100%)       8192M (100%)       8192M (100%)       8192M (100%)       8192M (100%)   
[177.311s][info][gc,heap     ] GC(376)      Free:     8186M (100%)       8186M (100%)       8186M (100%)       8186M (100%)       8186M (100%)       8182M (100%)   
[177.311s][info][gc,heap     ] GC(376)      Used:        6M (0%)            6M (0%)            6M (0%)            6M (0%)           10M (0%)            6M (0%)     
[177.311s][info][gc,heap     ] GC(376)      Live:         -                 0M (0%)            0M (0%)            0M (0%)             -                  -          
[177.311s][info][gc,heap     ] GC(376) Allocated:         -                 0M (0%)            0M (0%)            0M (0%)             -                  -          
[177.311s][info][gc,heap     ] GC(376)   Garbage:         -                 5M (0%)            5M (0%)            5M (0%)             -                  -          
[177.311s][info][gc,heap     ] GC(376) Reclaimed:         -                  -                 0M (0%)            0M (0%)             -                  -          
[177.311s][info][gc          ] GC(376) Garbage Collection (System.gc()) 6M(0%)->6M(0%)
[177.768s][info][gc,start    ] GC(377) Garbage Collection (System.gc())
[177.768s][info][gc,task     ] GC(377) Using 3 workers
[177.768s][info][gc,phases   ] GC(377) Pause Mark Start 0.016ms
[177.773s][info][gc,phases   ] GC(377) Concurrent Mark 4.936ms
[177.773s][info][gc,phases   ] GC(377) Pause Mark End 0.020ms
[177.773s][info][gc,phases   ] GC(377) Concurrent Mark Free 0.001ms
[177.774s][info][gc,phases   ] GC(377) Concurrent Process Non-Strong References 0.981ms
[177.774s][info][gc,phases   ] GC(377) Concurrent Reset Relocation Set 0.002ms
[177.786s][info][gc,phases   ] GC(377) Concurrent Select Relocation Set 11.886ms
[177.787s][info][gc,phases   ] GC(377) Pause Relocate Start 0.017ms
[177.788s][info][gc,phases   ] GC(377) Concurrent Relocate 0.745ms
[177.788s][info][gc,load     ] GC(377) Load: 2.00/1.65/1.66
[177.788s][info][gc,mmu      ] GC(377) MMU: 2ms/87.2%, 5ms/94.3%, 10ms/97.1%, 20ms/98.5%, 50ms/99.4%, 100ms/99.7%
[177.788s][info][gc,marking  ] GC(377) Mark: 2 stripe(s), 1 proactive flush(es), 1 terminate flush(es), 0 completion(s), 0 continuation(s) 
[177.788s][info][gc,marking  ] GC(377) Mark Stack Usage: 32M
[177.788s][info][gc,nmethod  ] GC(377) NMethods: 438 registered, 24 unregistered
[177.788s][info][gc,metaspace] GC(377) Metaspace: 0M used, 1M committed, 1088M reserved
[177.788s][info][gc,ref      ] GC(377) Soft: 2 encountered, 0 discovered, 0 enqueued
[177.788s][info][gc,ref      ] GC(377) Weak: 9 encountered, 0 discovered, 0 enqueued
[177.788s][info][gc,ref      ] GC(377) Final: 0 encountered, 0 discovered, 0 enqueued
[177.788s][info][gc,ref      ] GC(377) Phantom: 3 encountered, 2 discovered, 0 enqueued
[177.788s][info][gc,reloc    ] GC(377) Small Pages: 4 / 8M, Empty: 0M, Relocated: 0M, In-Place: 0
[177.788s][info][gc,reloc    ] GC(377) Medium Pages: 0 / 0M, Empty: 0M, Relocated: 0M, In-Place: 0
[177.788s][info][gc,reloc    ] GC(377) Large Pages: 0 / 0M, Empty: 0M, Relocated: 0M, In-Place: 0
[177.788s][info][gc,reloc    ] GC(377) Forwarding Usage: 0M
[177.788s][info][gc,heap     ] GC(377) Min Capacity: 8192M(100%)
[177.788s][info][gc,heap     ] GC(377) Max Capacity: 8192M(100%)
[177.788s][info][gc,heap     ] GC(377) Soft Max Capacity: 8192M(100%)
[177.788s][info][gc,heap     ] GC(377)                Mark Start          Mark End        Relocate Start      Relocate End           High               Low         
[177.788s][info][gc,heap     ] GC(377)  Capacity:     8192M (100%)       8192M (100%)       8192M (100%)       8192M (100%)       8192M (100%)       8192M (100%)   
[177.788s][info][gc,heap     ] GC(377)      Free:     8184M (100%)       8184M (100%)       8184M (100%)       8186M (100%)       8186M (100%)       8180M (100%)   
[177.788s][info][gc,heap     ] GC(377)      Used:        8M (0%)            8M (0%)            8M (0%)            6M (0%)           12M (0%)            6M (0%)     
[177.788s][info][gc,heap     ] GC(377)      Live:         -                 0M (0%)            0M (0%)            0M (0%)             -                  -          
[177.788s][info][gc,heap     ] GC(377) Allocated:         -                 0M (0%)            0M (0%)            0M (0%)             -                  -          
[177.788s][info][gc,heap     ] GC(377)   Garbage:         -                 7M (0%)            7M (0%)            5M (0%)             -                  -          
[177.788s][info][gc,heap     ] GC(377) Reclaimed:         -                  -                 0M (0%)            2M (0%)             -                  -          
[177.788s][info][gc          ] GC(377) Garbage Collection (System.gc()) 8M(0%)->6M(0%)
[178.240s][info][gc,start    ] GC(378) Garbage Collection (System.gc())
[178.240s][info][gc,task     ] GC(378) Using 3 workers
[178.240s][info][gc,phases   ] GC(378) Pause Mark Start 0.011ms
[178.248s][info][gc,phases   ] GC(378) Concurrent Mark 6.467ms
[178.248s][info][gc,phases   ] GC(378) Pause Mark End 0.018ms
[178.248s][info][gc,phases   ] GC(378) Concurrent Mark Free 0.001ms
[178.251s][info][gc,phases   ] GC(378) Concurrent Process Non-Strong References 2.802ms
[178.251s][info][gc,phases   ] GC(378) Concurrent Reset Relocation Set 0.004ms
[178.259s][info][gc,phases   ] GC(378) Concurrent Select Relocation Set 8.314ms
[178.260s][info][gc,phases   ] GC(378) Pause Relocate Start 0.018ms
[178.261s][info][gc,phases   ] GC(378) Concurrent Relocate 0.649ms
[178.261s][info][gc,load     ] GC(378) Load: 2.00/1.65/1.66
[178.261s][info][gc,mmu      ] GC(378) MMU: 2ms/87.2%, 5ms/94.3%, 10ms/97.1%, 20ms/98.5%, 50ms/99.4%, 100ms/99.7%
[178.261s][info][gc,marking  ] GC(378) Mark: 2 stripe(s), 1 proactive flush(es), 1 terminate flush(es), 0 completion(s), 0 continuation(s) 
[178.261s][info][gc,marking  ] GC(378) Mark Stack Usage: 32M
[178.261s][info][gc,nmethod  ] GC(378) NMethods: 438 registered, 24 unregistered
[178.261s][info][gc,metaspace] GC(378) Metaspace: 0M used, 1M committed, 1088M reserved
[178.261s][info][gc,ref      ] GC(378) Soft: 2 encountered, 0 discovered, 0 enqueued
[178.261s][info][gc,ref      ] GC(378) Weak: 9 encountered, 0 discovered, 0 enqueued
[178.261s][info][gc,ref      ] GC(378) Final: 0 encountered, 0 discovered, 0 enqueued
[178.261s][info][gc,ref      ] GC(378) Phantom: 3 encountered, 1 discovered, 0 enqueued
[178.261s][info][gc,reloc    ] GC(378) Small Pages: 4 / 8M, Empty: 0M, Relocated: 0M, In-Place: 0
[178.261s][info][gc,reloc    ] GC(378) Medium Pages: 0 / 0M, Empty: 0M, Relocated: 0M, In-Place: 0
[178.261s][info][gc,reloc    ] GC(378) Large Pages: 0 / 0M, Empty: 0M, Relocated: 0M, In-Place: 0
[178.261s][info][gc,reloc    ] GC(378) Forwarding Usage: 0M
[178.261s][info][gc,heap     ] GC(378) Min Capacity: 8192M(100%)
[178.261s][info][gc,heap     ] GC(378) Max Capacity: 8192M(100%)
[178.261s][info][gc,heap     ] GC(378) Soft Max Capacity: 8192M(100%)
[178.261s][info][gc,heap     ] GC(378)                Mark Start          Mark End        Relocate Start      Relocate End           High               Low         
[178.261s][info][gc,heap     ] GC(378)  Capacity:     8192M (100%)       8192M (100%)       8192M (100%)       8192M (100%)       8192M (100%)       8192M (100%)   
[178.262s][info][gc,heap     ] GC(378)      Free:     8184M (100%)       8184M (100%)       8184M (100%)       8186M (100%)       8186M (100%)       8178M (100%)   
[178.262s][info][gc,heap     ] GC(378)      Used:        8M (0%)            8M (0%)            8M (0%)            6M (0%)           14M (0%)            6M (0%)     
[178.262s][info][gc,heap     ] GC(378)      Live:         -                 0M (0%)            0M (0%)            0M (0%)             -                  -          
[178.262s][info][gc,heap     ] GC(378) Allocated:         -                 0M (0%)            0M (0%)            0M (0%)             -                  -          
[178.262s][info][gc,heap     ] GC(378)   Garbage:         -                 7M (0%)            7M (0%)            5M (0%)             -                  -          
[178.262s][info][gc,heap     ] GC(378) Reclaimed:         -                  -                 0M (0%)            2M (0%)             -                  -          
[178.262s][info][gc          ] GC(378) Garbage Collection (System.gc()) 8M(0%)->6M(0%)
[178.720s][info][gc,start    ] GC(379) Garbage Collection (System.gc())
[178.720s][info][gc,task     ] GC(379) Using 3 workers
[178.720s][info][gc,phases   ] GC(379) Pause Mark Start 0.013ms
[178.724s][info][gc,phases   ] GC(379) Concurrent Mark 4.119ms
[178.725s][info][gc,phases   ] GC(379) Pause Mark End 0.019ms
[178.725s][info][gc,phases   ] GC(379) Concurrent Mark Free 0.001ms
[178.728s][info][gc,phases   ] GC(379) Concurrent Process Non-Strong References 3.186ms
[178.728s][info][gc,phases   ] GC(379) Concurrent Reset Relocation Set 0.003ms
[178.738s][info][gc,phases   ] GC(379) Concurrent Select Relocation Set 10.519ms
[178.739s][info][gc,phases   ] GC(379) Pause Relocate Start 0.013ms
[178.739s][info][gc,phases   ] GC(379) Concurrent Relocate 0.794ms
[178.739s][info][gc,load     ] GC(379) Load: 2.00/1.65/1.66
[178.739s][info][gc,mmu      ] GC(379) MMU: 2ms/87.2%, 5ms/94.3%, 10ms/97.1%, 20ms/98.5%, 50ms/99.4%, 100ms/99.7%
[178.739s][info][gc,marking  ] GC(379) Mark: 2 stripe(s), 1 proactive flush(es), 1 terminate flush(es), 0 completion(s), 0 continuation(s) 
[178.739s][info][gc,marking  ] GC(379) Mark Stack Usage: 32M
[178.740s][info][gc,nmethod  ] GC(379) NMethods: 438 registered, 24 unregistered
[178.740s][info][gc,metaspace] GC(379) Metaspace: 0M used, 1M committed, 1088M reserved
[178.740s][info][gc,ref      ] GC(379) Soft: 2 encountered, 0 discovered, 0 enqueued
[178.740s][info][gc,ref      ] GC(379) Weak: 9 encountered, 0 discovered, 0 enqueued
[178.740s][info][gc,ref      ] GC(379) Final: 0 encountered, 0 discovered, 0 enqueued
[178.740s][info][gc,ref      ] GC(379) Phantom: 3 encountered, 1 discovered, 0 enqueued
[178.740s][info][gc,reloc    ] GC(379) Small Pages: 4 / 8M, Empty: 0M, Relocated: 0M, In-Place: 0
[178.740s][info][gc,reloc    ] GC(379) Medium Pages: 0 / 0M, Empty: 0M, Relocated: 0M, In-Place: 0
[178.740s][info][gc,reloc    ] GC(379) Large Pages: 0 / 0M, Empty: 0M, Relocated: 0M, In-Place: 0
[178.740s][info][gc,reloc    ] GC(379) Forwarding Usage: 0M
[178.740s][info][gc,heap     ] GC(379) Min Capacity: 8192M(100%)
[178.740s][info][gc,heap     ] GC(379) Max Capacity: 8192M(100%)
[178.740s][info][gc,heap     ] GC(379) Soft Max Capacity: 8192M(100%)
[178.740s][info][gc,heap     ] GC(379)                Mark Start          Mark End        Relocate Start      Relocate End           High               Low         
[178.740s][info][gc,heap     ] GC(379)  Capacity:     8192M (100%)       8192M (100%)       8192M (100%)       8192M (100%)       8192M (100%)       8192M (100%)   
[178.740s][info][gc,heap     ] GC(379)      Free:     8184M (100%)       8184M (100%)       8184M (100%)       8186M (100%)       8186M (100%)       8178M (100%)   
[178.740s][info][gc,heap     ] GC(379)      Used:        8M (0%)            8M (0%)            8M (0%)            6M (0%)           14M (0%)            6M (0%)     
[178.740s][info][gc,heap     ] GC(379)      Live:         -                 0M (0%)            0M (0%)            0M (0%)             -                  -          
[178.740s][info][gc,heap     ] GC(379) Allocated:         -                 0M (0%)            0M (0%)            0M (0%)             -                  -          
[178.740s][info][gc,heap     ] GC(379)   Garbage:         -                 7M (0%)            7M (0%)            5M (0%)             -                  -          
[178.740s][info][gc,heap     ] GC(379) Reclaimed:         -                  -                 0M (0%)            2M (0%)             -                  -          
[178.740s][info][gc          ] GC(379) Garbage Collection (System.gc()) 8M(0%)->6M(0%)
[179.197s][info][gc,start    ] GC(380) Garbage Collection (System.gc())
[179.197s][info][gc,task     ] GC(380) Using 3 workers
[179.197s][info][gc,phases   ] GC(380) Pause Mark Start 0.010ms
[179.204s][info][gc,phases   ] GC(380) Concurrent Mark 5.797ms
[179.205s][info][gc,phases   ] GC(380) Pause Mark End 0.020ms
[179.205s][info][gc,phases   ] GC(380) Concurrent Mark Free 0.001ms
[179.211s][info][gc,phases   ] GC(380) Concurrent Process Non-Strong References 6.350ms
[179.211s][info][gc,phases   ] GC(380) Concurrent Reset Relocation Set 0.003ms
[179.221s][info][gc,phases   ] GC(380) Concurrent Select Relocation Set 10.236ms
[179.222s][info][gc,phases   ] GC(380) Pause Relocate Start 0.011ms
[179.223s][info][gc,phases   ] GC(380) Concurrent Relocate 1.048ms
[179.223s][info][gc,load     ] GC(380) Load: 2.00/1.65/1.66
[179.223s][info][gc,mmu      ] GC(380) MMU: 2ms/87.2%, 5ms/94.3%, 10ms/97.1%, 20ms/98.5%, 50ms/99.4%, 100ms/99.7%
[179.223s][info][gc,marking  ] GC(380) Mark: 2 stripe(s), 1 proactive flush(es), 1 terminate flush(es), 0 completion(s), 0 continuation(s) 
[179.223s][info][gc,marking  ] GC(380) Mark Stack Usage: 32M
[179.223s][info][gc,nmethod  ] GC(380) NMethods: 438 registered, 24 unregistered
[179.223s][info][gc,metaspace] GC(380) Metaspace: 0M used, 1M committed, 1088M reserved
[179.223s][info][gc,ref      ] GC(380) Soft: 2 encountered, 0 discovered, 0 enqueued
[179.223s][info][gc,ref      ] GC(380) Weak: 9 encountered, 0 discovered, 0 enqueued
[179.223s][info][gc,ref      ] GC(380) Final: 0 encountered, 0 discovered, 0 enqueued
[179.223s][info][gc,ref      ] GC(380) Phantom: 3 encountered, 2 discovered, 0 enqueued
[179.223s][info][gc,reloc    ] GC(380) Small Pages: 4 / 8M, Empty: 0M, Relocated: 0M, In-Place: 0
[179.223s][info][gc,reloc    ] GC(380) Medium Pages: 0 / 0M, Empty: 0M, Relocated: 0M, In-Place: 0
[179.223s][info][gc,reloc    ] GC(380) Large Pages: 0 / 0M, Empty: 0M, Relocated: 0M, In-Place: 0
[179.223s][info][gc,reloc    ] GC(380) Forwarding Usage: 0M
[179.223s][info][gc,heap     ] GC(380) Min Capacity: 8192M(100%)
[179.223s][info][gc,heap     ] GC(380) Max Capacity: 8192M(100%)
[179.223s][info][gc,heap     ] GC(380) Soft Max Capacity: 8192M(100%)
[179.223s][info][gc,heap     ] GC(380)                Mark Start          Mark End        Relocate Start      Relocate End           High               Low         
[179.223s][info][gc,heap     ] GC(380)  Capacity:     8192M (100%)       8192M (100%)       8192M (100%)       8192M (100%)       8192M (100%)       8192M (100%)   
[179.223s][info][gc,heap     ] GC(380)      Free:     8184M (100%)       8184M (100%)       8184M (100%)       8186M (100%)       8186M (100%)       8178M (100%)   
[179.223s][info][gc,heap     ] GC(380)      Used:        8M (0%)            8M (0%)            8M (0%)            6M (0%)           14M (0%)            6M (0%)     
[179.223s][info][gc,heap     ] GC(380)      Live:         -                 0M (0%)            0M (0%)            0M (0%)             -                  -          
[179.223s][info][gc,heap     ] GC(380) Allocated:         -                 0M (0%)            0M (0%)            0M (0%)             -                  -          
[179.223s][info][gc,heap     ] GC(380)   Garbage:         -                 7M (0%)            7M (0%)            5M (0%)             -                  -          
[179.223s][info][gc,heap     ] GC(380) Reclaimed:         -                  -                 0M (0%)            2M (0%)             -                  -          
[179.223s][info][gc          ] GC(380) Garbage Collection (System.gc()) 8M(0%)->6M(0%)
[179.680s][info][gc,start    ] GC(381) Garbage Collection (System.gc())
[179.680s][info][gc,task     ] GC(381) Using 3 workers
[179.680s][info][gc,phases   ] GC(381) Pause Mark Start 0.008ms
[179.685s][info][gc,phases   ] GC(381) Concurrent Mark 4.663ms
[179.685s][info][gc,phases   ] GC(381) Pause Mark End 0.012ms
[179.685s][info][gc,phases   ] GC(381) Concurrent Mark Free 0.001ms
[179.697s][info][gc,phases   ] GC(381) Concurrent Process Non-Strong References 11.605ms
[179.697s][info][gc,phases   ] GC(381) Concurrent Reset Relocation Set 0.002ms
[179.701s][info][gc,phases   ] GC(381) Concurrent Select Relocation Set 3.901ms
[179.701s][info][gc,phases   ] GC(381) Pause Relocate Start 0.004ms
[179.701s][info][gc,phases   ] GC(381) Concurrent Relocate 0.503ms
[179.702s][info][gc,load     ] GC(381) Load: 2.00/1.65/1.66
[179.702s][info][gc,mmu      ] GC(381) MMU: 2ms/87.2%, 5ms/94.3%, 10ms/97.1%, 20ms/98.5%, 50ms/99.4%, 100ms/99.7%
[179.702s][info][gc,marking  ] GC(381) Mark: 2 stripe(s), 1 proactive flush(es), 1 terminate flush(es), 0 completion(s), 0 continuation(s) 
[179.702s][info][gc,marking  ] GC(381) Mark Stack Usage: 32M
[179.702s][info][gc,nmethod  ] GC(381) NMethods: 438 registered, 24 unregistered
[179.702s][info][gc,metaspace] GC(381) Metaspace: 0M used, 1M committed, 1088M reserved
[179.702s][info][gc,ref      ] GC(381) Soft: 2 encountered, 0 discovered, 0 enqueued
[179.702s][info][gc,ref      ] GC(381) Weak: 9 encountered, 0 discovered, 0 enqueued
[179.702s][info][gc,ref      ] GC(381) Final: 0 encountered, 0 discovered, 0 enqueued
[179.702s][info][gc,ref      ] GC(381) Phantom: 3 encountered, 2 discovered, 0 enqueued
[179.702s][info][gc,reloc    ] GC(381) Small Pages: 4 / 8M, Empty: 0M, Relocated: 0M, In-Place: 0
[179.702s][info][gc,reloc    ] GC(381) Medium Pages: 0 / 0M, Empty: 0M, Relocated: 0M, In-Place: 0
[179.702s][info][gc,reloc    ] GC(381) Large Pages: 0 / 0M, Empty: 0M, Relocated: 0M, In-Place: 0
[179.702s][info][gc,reloc    ] GC(381) Forwarding Usage: 0M
[179.702s][info][gc,heap     ] GC(381) Min Capacity: 8192M(100%)
[179.702s][info][gc,heap     ] GC(381) Max Capacity: 8192M(100%)
[179.702s][info][gc,heap     ] GC(381) Soft Max Capacity: 8192M(100%)
[179.702s][info][gc,heap     ] GC(381)                Mark Start          Mark End        Relocate Start      Relocate End           High               Low         
[179.702s][info][gc,heap     ] GC(381)  Capacity:     8192M (100%)       8192M (100%)       8192M (100%)       8192M (100%)       8192M (100%)       8192M (100%)   
[179.702s][info][gc,heap     ] GC(381)      Free:     8184M (100%)       8184M (100%)       8184M (100%)       8186M (100%)       8186M (100%)       8178M (100%)   
[179.702s][info][gc,heap     ] GC(381)      Used:        8M (0%)            8M (0%)            8M (0%)            6M (0%)           14M (0%)            6M (0%)     
[179.702s][info][gc,heap     ] GC(381)      Live:         -                 0M (0%)            0M (0%)            0M (0%)             -                  -          
[179.702s][info][gc,heap     ] GC(381) Allocated:         -                 0M (0%)            0M (0%)            0M (0%)             -                  -          
[179.702s][info][gc,heap     ] GC(381)   Garbage:         -                 7M (0%)            7M (0%)            5M (0%)             -                  -          
[179.702s][info][gc,heap     ] GC(381) Reclaimed:         -                  -                 0M (0%)            2M (0%)             -                  -          
[179.702s][info][gc          ] GC(381) Garbage Collection (System.gc()) 8M(0%)->6M(0%)
[180.015s][info][gc,stats    ] === Garbage Collection Statistics =======================================================================================================================
[180.015s][info][gc,stats    ]                                                              Last 10s              Last 10m              Last 10h                Total
[180.015s][info][gc,stats    ]                                                              Avg / Max             Avg / Max             Avg / Max             Avg / Max
[180.015s][info][gc,stats    ]   Collector: Garbage Collection Cycle                     18.670 / 26.058       13.620 / 27.701       13.620 / 27.701       13.620 / 27.701      ms
[180.015s][info][gc,stats    ]  Contention: Mark Segment Reset Contention                     0 / 2                 0 / 4                 0 / 4                 0 / 4           ops/s
[180.015s][info][gc,stats    ]  Contention: Mark SeqNum Reset Contention                      0 / 2                 0 / 3                 0 / 3                 0 / 3           ops/s
[180.015s][info][gc,stats    ]    Critical: Allocation Stall                                  0 / 0                 0 / 0                 0 / 0                 0 / 0           ops/s
[180.015s][info][gc,stats    ]    Critical: Allocation Stall                              0.000 / 0.000         0.000 / 0.000         0.000 / 0.000         0.000 / 0.000       ms
[180.015s][info][gc,stats    ]    Critical: GC Locker Stall                                   0 / 0                 0 / 0                 0 / 0                 0 / 0           ops/s
[180.015s][info][gc,stats    ]    Critical: GC Locker Stall                               0.000 / 0.000         0.000 / 0.000         0.000 / 0.000         0.000 / 0.000       ms
[180.015s][info][gc,stats    ]    Critical: Relocation Stall                                  0 / 0                 0 / 0                 0 / 0                 0 / 0           ops/s
[180.015s][info][gc,stats    ]    Critical: Relocation Stall                              0.000 / 0.000         0.000 / 0.000         0.000 / 0.000         0.000 / 0.000       ms
[180.015s][info][gc,stats    ]      Memory: Allocation Rate                                   4 / 6                 4 / 6                 4 / 6                 4 / 6           MB/s
[180.015s][info][gc,stats    ]      Memory: Defragment                                        0 / 0                 0 / 0                 0 / 0                 0 / 0           ops/s
[180.015s][info][gc,stats    ]      Memory: Out Of Memory                                     0 / 0                 0 / 0                 0 / 0                 0 / 0           ops/s
[180.015s][info][gc,stats    ]      Memory: Page Cache Flush                                  0 / 0                 0 / 0                 0 / 0                 0 / 0           MB/s
[180.015s][info][gc,stats    ]      Memory: Page Cache Hit L1                                 8 / 12                8 / 12                8 / 12                8 / 12          ops/s
[180.015s][info][gc,stats    ]      Memory: Page Cache Hit L2                                 0 / 0                 0 / 0                 0 / 0                 0 / 0           ops/s
[180.015s][info][gc,stats    ]      Memory: Page Cache Hit L3                                 0 / 0                 0 / 6                 0 / 6                 0 / 6           ops/s
[180.015s][info][gc,stats    ]      Memory: Page Cache Miss                                   0 / 0                 0 / 1                 0 / 1                 0 / 1           ops/s
[180.015s][info][gc,stats    ]      Memory: Uncommit                                          0 / 0                 0 / 0                 0 / 0                 0 / 0           MB/s
[180.015s][info][gc,stats    ]      Memory: Undo Object Allocation Failed                     0 / 0                 0 / 0                 0 / 0                 0 / 0           ops/s
[180.015s][info][gc,stats    ]      Memory: Undo Object Allocation Succeeded                  0 / 0                 0 / 0                 0 / 0                 0 / 0           ops/s
[180.015s][info][gc,stats    ]      Memory: Undo Page Allocation                              0 / 0                 0 / 0                 0 / 0                 0 / 0           ops/s
[180.015s][info][gc,stats    ]       Phase: Concurrent Mark                               5.807 / 12.878        4.939 / 15.502        4.939 / 15.502        4.939 / 15.502      ms
[180.015s][info][gc,stats    ]       Phase: Concurrent Mark Continue                      0.000 / 0.000         0.000 / 0.000         0.000 / 0.000         0.000 / 0.000       ms
[180.015s][info][gc,stats    ]       Phase: Concurrent Mark Free                          0.001 / 0.002         0.001 / 0.004         0.001 / 0.004         0.001 / 0.004       ms
[180.015s][info][gc,stats    ]       Phase: Concurrent Process Non-Strong References      3.769 / 12.828        2.001 / 13.093        2.001 / 13.093        2.001 / 13.093      ms
[180.015s][info][gc,stats    ]       Phase: Concurrent Relocate                           0.674 / 1.048         0.632 / 1.182         0.632 / 1.182         0.632 / 1.182       ms
[180.015s][info][gc,stats    ]       Phase: Concurrent Reset Relocation Set               0.003 / 0.010         0.002 / 0.028         0.002 / 0.028         0.002 / 0.028       ms
[180.015s][info][gc,stats    ]       Phase: Concurrent Select Relocation Set              5.642 / 11.886        4.430 / 15.311        4.430 / 15.311        4.430 / 15.311      ms
[180.016s][info][gc,stats    ]       Phase: Pause Mark End                                0.018 / 0.028         0.017 / 0.137         0.017 / 0.137         0.017 / 0.137       ms
[180.016s][info][gc,stats    ]       Phase: Pause Mark Start                              0.013 / 0.016         0.013 / 0.257         0.013 / 0.257         0.013 / 0.257       ms
[180.016s][info][gc,stats    ]       Phase: Pause Relocate Start                          0.009 / 0.018         0.008 / 0.134         0.008 / 0.134         0.008 / 0.134       ms
[180.016s][info][gc,stats    ]    Subphase: Concurrent Classes Purge                      0.034 / 0.177         0.028 / 0.287         0.028 / 0.287         0.028 / 0.287       ms
[180.016s][info][gc,stats    ]    Subphase: Concurrent Classes Unlink                     2.070 / 9.016         1.189 / 11.679        1.189 / 11.679        1.189 / 11.679      ms
[180.016s][info][gc,stats    ]    Subphase: Concurrent Mark                               2.688 / 5.894         2.485 / 11.772        2.485 / 11.772        2.485 / 11.772      ms
[180.016s][info][gc,stats    ]    Subphase: Concurrent Mark Try Flush                     0.311 / 1.639         0.248 / 6.755         0.248 / 6.755         0.248 / 6.755       ms
[180.016s][info][gc,stats    ]    Subphase: Concurrent Mark Try Terminate                 0.899 / 4.504         0.960 / 8.740         0.960 / 8.740         0.960 / 8.740       ms
[180.016s][info][gc,stats    ]    Subphase: Concurrent References Enqueue                 0.000 / 0.001         0.000 / 0.004         0.000 / 0.004         0.000 / 0.004       ms
[180.016s][info][gc,stats    ]    Subphase: Concurrent References Process                 0.555 / 8.482         0.371 / 9.421         0.371 / 9.421         0.371 / 9.421       ms
[180.016s][info][gc,stats    ]    Subphase: Concurrent Roots ClassLoaderDataGraph         0.157 / 0.524         0.134 / 2.621         0.134 / 2.621         0.134 / 2.621       ms
[180.016s][info][gc,stats    ]    Subphase: Concurrent Roots CodeCache                    0.000 / 0.000         0.000 / 0.000         0.000 / 0.000         0.000 / 0.000       ms
[180.016s][info][gc,stats    ]    Subphase: Concurrent Roots JavaThreads                  0.232 / 0.781         0.191 / 1.065         0.191 / 1.065         0.191 / 1.065       ms
[180.016s][info][gc,stats    ]    Subphase: Concurrent Roots OopStorageSet                0.019 / 0.075         0.017 / 1.078         0.017 / 1.078         0.017 / 1.078       ms
[180.016s][info][gc,stats    ]    Subphase: Concurrent Weak Roots OopStorageSet           0.087 / 0.338         0.061 / 0.625         0.061 / 0.625         0.061 / 0.625       ms
[180.016s][info][gc,stats    ]    Subphase: Pause Mark Try Complete                       0.000 / 0.000         0.000 / 0.000         0.000 / 0.000         0.000 / 0.000       ms
[180.016s][info][gc,stats    ]      System: Java Threads                                     10 / 10               10 / 10               10 / 10               10 / 10          threads
[180.016s][info][gc,stats    ] =========================================================================================================================================================
[180.159s][info][gc,start    ] GC(382) Garbage Collection (System.gc())
[180.159s][info][gc,task     ] GC(382) Using 3 workers
[180.159s][info][gc,phases   ] GC(382) Pause Mark Start 0.014ms
[180.167s][info][gc,phases   ] GC(382) Concurrent Mark 7.827ms
[180.167s][info][gc,phases   ] GC(382) Pause Mark End 0.021ms
[180.167s][info][gc,phases   ] GC(382) Concurrent Mark Free 0.001ms
[180.179s][info][gc,phases   ] GC(382) Concurrent Process Non-Strong References 11.612ms
[180.179s][info][gc,phases   ] GC(382) Concurrent Reset Relocation Set 0.001ms
[180.183s][info][gc,phases   ] GC(382) Concurrent Select Relocation Set 3.688ms
[180.183s][info][gc,phases   ] GC(382) Pause Relocate Start 0.006ms
[180.183s][info][gc,phases   ] GC(382) Concurrent Relocate 0.611ms
[180.183s][info][gc,load     ] GC(382) Load: 1.84/1.63/1.65
[180.183s][info][gc,mmu      ] GC(382) MMU: 2ms/87.2%, 5ms/94.3%, 10ms/97.1%, 20ms/98.5%, 50ms/99.4%, 100ms/99.7%
[180.183s][info][gc,marking  ] GC(382) Mark: 2 stripe(s), 1 proactive flush(es), 1 terminate flush(es), 0 completion(s), 0 continuation(s) 
[180.183s][info][gc,marking  ] GC(382) Mark Stack Usage: 32M
[180.183s][info][gc,nmethod  ] GC(382) NMethods: 438 registered, 24 unregistered
[180.183s][info][gc,metaspace] GC(382) Metaspace: 0M used, 1M committed, 1088M reserved
[180.183s][info][gc,ref      ] GC(382) Soft: 2 encountered, 0 discovered, 0 enqueued
[180.183s][info][gc,ref      ] GC(382) Weak: 9 encountered, 0 discovered, 0 enqueued
[180.183s][info][gc,ref      ] GC(382) Final: 0 encountered, 0 discovered, 0 enqueued
[180.184s][info][gc,ref      ] GC(382) Phantom: 3 encountered, 2 discovered, 0 enqueued
[180.184s][info][gc,reloc    ] GC(382) Small Pages: 4 / 8M, Empty: 0M, Relocated: 0M, In-Place: 0
[180.184s][info][gc,reloc    ] GC(382) Medium Pages: 0 / 0M, Empty: 0M, Relocated: 0M, In-Place: 0
[180.184s][info][gc,reloc    ] GC(382) Large Pages: 0 / 0M, Empty: 0M, Relocated: 0M, In-Place: 0
[180.184s][info][gc,reloc    ] GC(382) Forwarding Usage: 0M
[180.184s][info][gc,heap     ] GC(382) Min Capacity: 8192M(100%)
[180.184s][info][gc,heap     ] GC(382) Max Capacity: 8192M(100%)
[180.184s][info][gc,heap     ] GC(382) Soft Max Capacity: 8192M(100%)
[180.184s][info][gc,heap     ] GC(382)                Mark Start          Mark End        Relocate Start      Relocate End           High               Low         
[180.184s][info][gc,heap     ] GC(382)  Capacity:     8192M (100%)       8192M (100%)       8192M (100%)       8192M (100%)       8192M (100%)       8192M (100%)   
[180.184s][info][gc,heap     ] GC(382)      Free:     8184M (100%)       8184M (100%)       8184M (100%)       8186M (100%)       8186M (100%)       8178M (100%)   
[180.184s][info][gc,heap     ] GC(382)      Used:        8M (0%)            8M (0%)            8M (0%)            6M (0%)           14M (0%)            6M (0%)     
[180.184s][info][gc,heap     ] GC(382)      Live:         -                 0M (0%)            0M (0%)            0M (0%)             -                  -          
[180.184s][info][gc,heap     ] GC(382) Allocated:         -                 0M (0%)            0M (0%)            0M (0%)             -                  -          
[180.184s][info][gc,heap     ] GC(382)   Garbage:         -                 7M (0%)            7M (0%)            5M (0%)             -                  -          
[180.184s][info][gc,heap     ] GC(382) Reclaimed:         -                  -                 0M (0%)            2M (0%)             -                  -          
[180.184s][info][gc          ] GC(382) Garbage Collection (System.gc()) 8M(0%)->6M(0%)
[180.650s][info][gc,start    ] GC(383) Garbage Collection (System.gc())
[180.650s][info][gc,task     ] GC(383) Using 3 workers
[180.651s][info][gc,phases   ] GC(383) Pause Mark Start 0.016ms
[180.654s][info][gc,phases   ] GC(383) Concurrent Mark 2.484ms
[180.654s][info][gc,phases   ] GC(383) Pause Mark End 0.013ms
[180.654s][info][gc,phases   ] GC(383) Concurrent Mark Free 0.000ms
[180.655s][info][gc,phases   ] GC(383) Concurrent Process Non-Strong References 1.084ms
[180.655s][info][gc,phases   ] GC(383) Concurrent Reset Relocation Set 0.001ms
[180.659s][info][gc,phases   ] GC(383) Concurrent Select Relocation Set 4.003ms
[180.659s][info][gc,phases   ] GC(383) Pause Relocate Start 0.003ms
[180.660s][info][gc,phases   ] GC(383) Concurrent Relocate 0.547ms
[180.660s][info][gc,load     ] GC(383) Load: 1.84/1.63/1.65
[180.660s][info][gc,mmu      ] GC(383) MMU: 2ms/87.2%, 5ms/94.3%, 10ms/97.1%, 20ms/98.5%, 50ms/99.4%, 100ms/99.7%
[180.660s][info][gc,marking  ] GC(383) Mark: 2 stripe(s), 2 proactive flush(es), 1 terminate flush(es), 0 completion(s), 0 continuation(s) 
[180.660s][info][gc,marking  ] GC(383) Mark Stack Usage: 32M
[180.660s][info][gc,nmethod  ] GC(383) NMethods: 443 registered, 24 unregistered
[180.660s][info][gc,metaspace] GC(383) Metaspace: 0M used, 1M committed, 1088M reserved
[180.660s][info][gc,ref      ] GC(383) Soft: 2 encountered, 0 discovered, 0 enqueued
[180.660s][info][gc,ref      ] GC(383) Weak: 9 encountered, 0 discovered, 0 enqueued
[180.660s][info][gc,ref      ] GC(383) Final: 0 encountered, 0 discovered, 0 enqueued
[180.660s][info][gc,ref      ] GC(383) Phantom: 3 encountered, 1 discovered, 0 enqueued
[180.660s][info][gc,reloc    ] GC(383) Small Pages: 4 / 8M, Empty: 0M, Relocated: 0M, In-Place: 0
[180.660s][info][gc,reloc    ] GC(383) Medium Pages: 0 / 0M, Empty: 0M, Relocated: 0M, In-Place: 0
[180.660s][info][gc,reloc    ] GC(383) Large Pages: 0 / 0M, Empty: 0M, Relocated: 0M, In-Place: 0
[180.660s][info][gc,reloc    ] GC(383) Forwarding Usage: 0M
[180.660s][info][gc,heap     ] GC(383) Min Capacity: 8192M(100%)
[180.660s][info][gc,heap     ] GC(383) Max Capacity: 8192M(100%)
[180.660s][info][gc,heap     ] GC(383) Soft Max Capacity: 8192M(100%)
[180.660s][info][gc,heap     ] GC(383)                Mark Start          Mark End        Relocate Start      Relocate End           High               Low         
[180.660s][info][gc,heap     ] GC(383)  Capacity:     8192M (100%)       8192M (100%)       8192M (100%)       8192M (100%)       8192M (100%)       8192M (100%)   
[180.660s][info][gc,heap     ] GC(383)      Free:     8184M (100%)       8184M (100%)       8184M (100%)       8186M (100%)       8186M (100%)       8180M (100%)   
[180.660s][info][gc,heap     ] GC(383)      Used:        8M (0%)            8M (0%)            8M (0%)            6M (0%)           12M (0%)            6M (0%)     
[180.660s][info][gc,heap     ] GC(383)      Live:         -                 0M (0%)            0M (0%)            0M (0%)             -                  -          
[180.660s][info][gc,heap     ] GC(383) Allocated:         -                 0M (0%)            0M (0%)            0M (0%)             -                  -          
[180.660s][info][gc,heap     ] GC(383)   Garbage:         -                 7M (0%)            7M (0%)            5M (0%)             -                  -          
[180.660s][info][gc,heap     ] GC(383) Reclaimed:         -                  -                 0M (0%)            2M (0%)             -                  -          
[180.660s][info][gc          ] GC(383) Garbage Collection (System.gc()) 8M(0%)->6M(0%)
[181.117s][info][gc,start    ] GC(384) Garbage Collection (System.gc())
[181.118s][info][gc,task     ] GC(384) Using 3 workers
[181.118s][info][gc,phases   ] GC(384) Pause Mark Start 0.015ms
[181.128s][info][gc,phases   ] GC(384) Concurrent Mark 9.997ms
[181.128s][info][gc,phases   ] GC(384) Pause Mark End 0.018ms
[181.128s][info][gc,phases   ] GC(384) Concurrent Mark Free 0.000ms
[181.129s][info][gc,phases   ] GC(384) Concurrent Process Non-Strong References 1.085ms
[181.129s][info][gc,phases   ] GC(384) Concurrent Reset Relocation Set 0.001ms
[181.133s][info][gc,phases   ] GC(384) Concurrent Select Relocation Set 3.670ms
[181.133s][info][gc,phases   ] GC(384) Pause Relocate Start 0.004ms
[181.134s][info][gc,phases   ] GC(384) Concurrent Relocate 0.595ms
[181.134s][info][gc,load     ] GC(384) Load: 1.84/1.63/1.65
[181.134s][info][gc,mmu      ] GC(384) MMU: 2ms/87.2%, 5ms/94.3%, 10ms/97.1%, 20ms/98.5%, 50ms/99.4%, 100ms/99.7%
[181.134s][info][gc,marking  ] GC(384) Mark: 2 stripe(s), 1 proactive flush(es), 1 terminate flush(es), 0 completion(s), 0 continuation(s) 
[181.134s][info][gc,marking  ] GC(384) Mark Stack Usage: 32M
[181.134s][info][gc,nmethod  ] GC(384) NMethods: 449 registered, 25 unregistered
[181.134s][info][gc,metaspace] GC(384) Metaspace: 0M used, 1M committed, 1088M reserved
[181.134s][info][gc,ref      ] GC(384) Soft: 2 encountered, 0 discovered, 0 enqueued
[181.134s][info][gc,ref      ] GC(384) Weak: 9 encountered, 0 discovered, 0 enqueued
[181.134s][info][gc,ref      ] GC(384) Final: 0 encountered, 0 discovered, 0 enqueued
[181.134s][info][gc,ref      ] GC(384) Phantom: 3 encountered, 2 discovered, 0 enqueued
[181.134s][info][gc,reloc    ] GC(384) Small Pages: 4 / 8M, Empty: 0M, Relocated: 0M, In-Place: 0
[181.134s][info][gc,reloc    ] GC(384) Medium Pages: 0 / 0M, Empty: 0M, Relocated: 0M, In-Place: 0
[181.134s][info][gc,reloc    ] GC(384) Large Pages: 0 / 0M, Empty: 0M, Relocated: 0M, In-Place: 0
[181.134s][info][gc,reloc    ] GC(384) Forwarding Usage: 0M
[181.134s][info][gc,heap     ] GC(384) Min Capacity: 8192M(100%)
[181.134s][info][gc,heap     ] GC(384) Max Capacity: 8192M(100%)
[181.134s][info][gc,heap     ] GC(384) Soft Max Capacity: 8192M(100%)
[181.134s][info][gc,heap     ] GC(384)                Mark Start          Mark End        Relocate Start      Relocate End           High               Low         
[181.134s][info][gc,heap     ] GC(384)  Capacity:     8192M (100%)       8192M (100%)       8192M (100%)       8192M (100%)       8192M (100%)       8192M (100%)   
[181.134s][info][gc,heap     ] GC(384)      Free:     8184M (100%)       8184M (100%)       8184M (100%)       8186M (100%)       8186M (100%)       8178M (100%)   
[181.134s][info][gc,heap     ] GC(384)      Used:        8M (0%)            8M (0%)            8M (0%)            6M (0%)           14M (0%)            6M (0%)     
[181.134s][info][gc,heap     ] GC(384)      Live:         -                 0M (0%)            0M (0%)            0M (0%)             -                  -          
[181.134s][info][gc,heap     ] GC(384) Allocated:         -                 0M (0%)            0M (0%)            0M (0%)             -                  -          
[181.134s][info][gc,heap     ] GC(384)   Garbage:         -                 7M (0%)            7M (0%)            5M (0%)             -                  -          
[181.134s][info][gc,heap     ] GC(384) Reclaimed:         -                  -                 0M (0%)            2M (0%)             -                  -          
[181.134s][info][gc          ] GC(384) Garbage Collection (System.gc()) 8M(0%)->6M(0%)
[181.592s][info][gc,start    ] GC(385) Garbage Collection (System.gc())
[181.592s][info][gc,task     ] GC(385) Using 3 workers
[181.592s][info][gc,phases   ] GC(385) Pause Mark Start 0.013ms
[181.605s][info][gc,phases   ] GC(385) Concurrent Mark 13.462ms
[181.605s][info][gc,phases   ] GC(385) Pause Mark End 0.012ms
[181.605s][info][gc,phases   ] GC(385) Concurrent Mark Free 0.000ms
[181.607s][info][gc,phases   ] GC(385) Concurrent Process Non-Strong References 1.400ms
[181.607s][info][gc,phases   ] GC(385) Concurrent Reset Relocation Set 0.001ms
[181.610s][info][gc,phases   ] GC(385) Concurrent Select Relocation Set 2.849ms
[181.610s][info][gc,phases   ] GC(385) Pause Relocate Start 0.002ms
[181.610s][info][gc,phases   ] GC(385) Concurrent Relocate 0.382ms
[181.610s][info][gc,load     ] GC(385) Load: 1.84/1.63/1.65
[181.610s][info][gc,mmu      ] GC(385) MMU: 2ms/87.2%, 5ms/94.3%, 10ms/97.1%, 20ms/98.5%, 50ms/99.4%, 100ms/99.7%
[181.610s][info][gc,marking  ] GC(385) Mark: 2 stripe(s), 1 proactive flush(es), 1 terminate flush(es), 0 completion(s), 0 continuation(s) 
[181.610s][info][gc,marking  ] GC(385) Mark Stack Usage: 32M
[181.610s][info][gc,nmethod  ] GC(385) NMethods: 449 registered, 25 unregistered
[181.610s][info][gc,metaspace] GC(385) Metaspace: 0M used, 1M committed, 1088M reserved
[181.610s][info][gc,ref      ] GC(385) Soft: 2 encountered, 0 discovered, 0 enqueued
[181.610s][info][gc,ref      ] GC(385) Weak: 9 encountered, 0 discovered, 0 enqueued
[181.610s][info][gc,ref      ] GC(385) Final: 0 encountered, 0 discovered, 0 enqueued
[181.610s][info][gc,ref      ] GC(385) Phantom: 3 encountered, 2 discovered, 0 enqueued
[181.610s][info][gc,reloc    ] GC(385) Small Pages: 4 / 8M, Empty: 0M, Relocated: 0M, In-Place: 0
[181.610s][info][gc,reloc    ] GC(385) Medium Pages: 0 / 0M, Empty: 0M, Relocated: 0M, In-Place: 0
[181.610s][info][gc,reloc    ] GC(385) Large Pages: 0 / 0M, Empty: 0M, Relocated: 0M, In-Place: 0
[181.610s][info][gc,reloc    ] GC(385) Forwarding Usage: 0M
[181.610s][info][gc,heap     ] GC(385) Min Capacity: 8192M(100%)
[181.610s][info][gc,heap     ] GC(385) Max Capacity: 8192M(100%)
[181.610s][info][gc,heap     ] GC(385) Soft Max Capacity: 8192M(100%)
[181.610s][info][gc,heap     ] GC(385)                Mark Start          Mark End        Relocate Start      Relocate End           High               Low         
[181.610s][info][gc,heap     ] GC(385)  Capacity:     8192M (100%)       8192M (100%)       8192M (100%)       8192M (100%)       8192M (100%)       8192M (100%)   
[181.610s][info][gc,heap     ] GC(385)      Free:     8184M (100%)       8184M (100%)       8184M (100%)       8186M (100%)       8186M (100%)       8180M (100%)   
[181.610s][info][gc,heap     ] GC(385)      Used:        8M (0%)            8M (0%)            8M (0%)            6M (0%)           12M (0%)            6M (0%)     
[181.610s][info][gc,heap     ] GC(385)      Live:         -                 0M (0%)            0M (0%)            0M (0%)             -                  -          
[181.610s][info][gc,heap     ] GC(385) Allocated:         -                 0M (0%)            0M (0%)            0M (0%)             -                  -          
[181.610s][info][gc,heap     ] GC(385)   Garbage:         -                 7M (0%)            7M (0%)            5M (0%)             -                  -          
[181.610s][info][gc,heap     ] GC(385) Reclaimed:         -                  -                 0M (0%)            2M (0%)             -                  -          
[181.610s][info][gc          ] GC(385) Garbage Collection (System.gc()) 8M(0%)->6M(0%)
[182.077s][info][gc,start    ] GC(386) Garbage Collection (System.gc())
[182.077s][info][gc,task     ] GC(386) Using 3 workers
[182.077s][info][gc,phases   ] GC(386) Pause Mark Start 0.014ms
[182.080s][info][gc,phases   ] GC(386) Concurrent Mark 2.564ms
[182.080s][info][gc,phases   ] GC(386) Pause Mark End 0.016ms
[182.080s][info][gc,phases   ] GC(386) Concurrent Mark Free 0.000ms
[182.081s][info][gc,phases   ] GC(386) Concurrent Process Non-Strong References 1.381ms
[182.081s][info][gc,phases   ] GC(386) Concurrent Reset Relocation Set 0.001ms
[182.085s][info][gc,phases   ] GC(386) Concurrent Select Relocation Set 4.158ms
[182.085s][info][gc,phases   ] GC(386) Pause Relocate Start 0.005ms
[182.086s][info][gc,phases   ] GC(386) Concurrent Relocate 0.658ms
[182.086s][info][gc,load     ] GC(386) Load: 1.84/1.63/1.65
[182.086s][info][gc,mmu      ] GC(386) MMU: 2ms/87.2%, 5ms/94.3%, 10ms/97.1%, 20ms/98.5%, 50ms/99.4%, 100ms/99.7%
[182.086s][info][gc,marking  ] GC(386) Mark: 2 stripe(s), 1 proactive flush(es), 1 terminate flush(es), 0 completion(s), 0 continuation(s) 
[182.086s][info][gc,marking  ] GC(386) Mark Stack Usage: 32M
[182.086s][info][gc,nmethod  ] GC(386) NMethods: 449 registered, 25 unregistered
[182.086s][info][gc,metaspace] GC(386) Metaspace: 0M used, 0M committed, 1088M reserved
[182.086s][info][gc,ref      ] GC(386) Soft: 2 encountered, 0 discovered, 0 enqueued
[182.086s][info][gc,ref      ] GC(386) Weak: 9 encountered, 0 discovered, 0 enqueued
[182.086s][info][gc,ref      ] GC(386) Final: 0 encountered, 0 discovered, 0 enqueued
[182.086s][info][gc,ref      ] GC(386) Phantom: 3 encountered, 2 discovered, 0 enqueued
[182.086s][info][gc,reloc    ] GC(386) Small Pages: 4 / 8M, Empty: 0M, Relocated: 0M, In-Place: 0
[182.086s][info][gc,reloc    ] GC(386) Medium Pages: 0 / 0M, Empty: 0M, Relocated: 0M, In-Place: 0
[182.086s][info][gc,reloc    ] GC(386) Large Pages: 0 / 0M, Empty: 0M, Relocated: 0M, In-Place: 0
[182.086s][info][gc,reloc    ] GC(386) Forwarding Usage: 0M
[182.086s][info][gc,heap     ] GC(386) Min Capacity: 8192M(100%)
[182.086s][info][gc,heap     ] GC(386) Max Capacity: 8192M(100%)
[182.086s][info][gc,heap     ] GC(386) Soft Max Capacity: 8192M(100%)
[182.086s][info][gc,heap     ] GC(386)                Mark Start          Mark End        Relocate Start      Relocate End           High               Low         
[182.086s][info][gc,heap     ] GC(386)  Capacity:     8192M (100%)       8192M (100%)       8192M (100%)       8192M (100%)       8192M (100%)       8192M (100%)   
[182.086s][info][gc,heap     ] GC(386)      Free:     8184M (100%)       8184M (100%)       8184M (100%)       8186M (100%)       8186M (100%)       8178M (100%)   
[182.086s][info][gc,heap     ] GC(386)      Used:        8M (0%)            8M (0%)            8M (0%)            6M (0%)           14M (0%)            6M (0%)     
[182.086s][info][gc,heap     ] GC(386)      Live:         -                 0M (0%)            0M (0%)            0M (0%)             -                  -          
[182.086s][info][gc,heap     ] GC(386) Allocated:         -                 0M (0%)            0M (0%)            0M (0%)             -                  -          
[182.086s][info][gc,heap     ] GC(386)   Garbage:         -                 7M (0%)            7M (0%)            5M (0%)             -                  -          
[182.086s][info][gc,heap     ] GC(386) Reclaimed:         -                  -                 0M (0%)            2M (0%)             -                  -          
[182.086s][info][gc          ] GC(386) Garbage Collection (System.gc()) 8M(0%)->6M(0%)
[182.543s][info][gc,start    ] GC(387) Garbage Collection (System.gc())
[182.543s][info][gc,task     ] GC(387) Using 3 workers
[182.543s][info][gc,phases   ] GC(387) Pause Mark Start 0.012ms
[182.556s][info][gc,phases   ] GC(387) Concurrent Mark 12.156ms
[182.556s][info][gc,phases   ] GC(387) Pause Mark End 0.025ms
[182.556s][info][gc,phases   ] GC(387) Concurrent Mark Free 0.001ms
[182.558s][info][gc,phases   ] GC(387) Concurrent Process Non-Strong References 1.905ms
[182.558s][info][gc,phases   ] GC(387) Concurrent Reset Relocation Set 0.002ms
[182.561s][info][gc,phases   ] GC(387) Concurrent Select Relocation Set 3.072ms
[182.561s][info][gc,phases   ] GC(387) Pause Relocate Start 0.003ms
[182.562s][info][gc,phases   ] GC(387) Concurrent Relocate 0.375ms
[182.562s][info][gc,load     ] GC(387) Load: 1.84/1.63/1.65
[182.562s][info][gc,mmu      ] GC(387) MMU: 2ms/87.2%, 5ms/94.3%, 10ms/97.1%, 20ms/98.5%, 50ms/99.4%, 100ms/99.7%
[182.562s][info][gc,marking  ] GC(387) Mark: 2 stripe(s), 1 proactive flush(es), 1 terminate flush(es), 0 completion(s), 0 continuation(s) 
[182.562s][info][gc,marking  ] GC(387) Mark Stack Usage: 32M
[182.562s][info][gc,nmethod  ] GC(387) NMethods: 449 registered, 25 unregistered
[182.562s][info][gc,metaspace] GC(387) Metaspace: 0M used, 0M committed, 1088M reserved
[182.562s][info][gc,ref      ] GC(387) Soft: 2 encountered, 0 discovered, 0 enqueued
[182.562s][info][gc,ref      ] GC(387) Weak: 9 encountered, 0 discovered, 0 enqueued
[182.562s][info][gc,ref      ] GC(387) Final: 0 encountered, 0 discovered, 0 enqueued
[182.562s][info][gc,ref      ] GC(387) Phantom: 3 encountered, 1 discovered, 0 enqueued
[182.562s][info][gc,reloc    ] GC(387) Small Pages: 4 / 8M, Empty: 0M, Relocated: 0M, In-Place: 0
[182.562s][info][gc,reloc    ] GC(387) Medium Pages: 0 / 0M, Empty: 0M, Relocated: 0M, In-Place: 0
[182.562s][info][gc,reloc    ] GC(387) Large Pages: 0 / 0M, Empty: 0M, Relocated: 0M, In-Place: 0
[182.562s][info][gc,reloc    ] GC(387) Forwarding Usage: 0M
[182.562s][info][gc,heap     ] GC(387) Min Capacity: 8192M(100%)
[182.562s][info][gc,heap     ] GC(387) Max Capacity: 8192M(100%)
[182.562s][info][gc,heap     ] GC(387) Soft Max Capacity: 8192M(100%)
[182.562s][info][gc,heap     ] GC(387)                Mark Start          Mark End        Relocate Start      Relocate End           High               Low         
[182.562s][info][gc,heap     ] GC(387)  Capacity:     8192M (100%)       8192M (100%)       8192M (100%)       8192M (100%)       8192M (100%)       8192M (100%)   
[182.562s][info][gc,heap     ] GC(387)      Free:     8184M (100%)       8184M (100%)       8184M (100%)       8186M (100%)       8186M (100%)       8178M (100%)   
[182.562s][info][gc,heap     ] GC(387)      Used:        8M (0%)            8M (0%)            8M (0%)            6M (0%)           14M (0%)            6M (0%)     
[182.562s][info][gc,heap     ] GC(387)      Live:         -                 0M (0%)            0M (0%)            0M (0%)             -                  -          
[182.562s][info][gc,heap     ] GC(387) Allocated:         -                 0M (0%)            0M (0%)            0M (0%)             -                  -          
[182.562s][info][gc,heap     ] GC(387)   Garbage:         -                 7M (0%)            7M (0%)            5M (0%)             -                  -          
[182.562s][info][gc,heap     ] GC(387) Reclaimed:         -                  -                 0M (0%)            2M (0%)             -                  -          
[182.562s][info][gc          ] GC(387) Garbage Collection (System.gc()) 8M(0%)->6M(0%)
[183.024s][info][gc,start    ] GC(388) Garbage Collection (System.gc())
[183.024s][info][gc,task     ] GC(388) Using 3 workers
[183.024s][info][gc,phases   ] GC(388) Pause Mark Start 0.010ms
[183.027s][info][gc,phases   ] GC(388) Concurrent Mark 2.863ms
[183.027s][info][gc,phases   ] GC(388) Pause Mark End 0.017ms
[183.027s][info][gc,phases   ] GC(388) Concurrent Mark Free 0.001ms
[183.029s][info][gc,phases   ] GC(388) Concurrent Process Non-Strong References 1.915ms
[183.029s][info][gc,phases   ] GC(388) Concurrent Reset Relocation Set 0.002ms
[183.034s][info][gc,phases   ] GC(388) Concurrent Select Relocation Set 5.156ms
[183.034s][info][gc,phases   ] GC(388) Pause Relocate Start 0.011ms
[183.035s][info][gc,phases   ] GC(388) Concurrent Relocate 0.893ms
[183.035s][info][gc,load     ] GC(388) Load: 1.84/1.63/1.65
[183.035s][info][gc,mmu      ] GC(388) MMU: 2ms/87.2%, 5ms/94.3%, 10ms/97.1%, 20ms/98.5%, 50ms/99.4%, 100ms/99.7%
[183.035s][info][gc,marking  ] GC(388) Mark: 2 stripe(s), 1 proactive flush(es), 1 terminate flush(es), 0 completion(s), 0 continuation(s) 
[183.035s][info][gc,marking  ] GC(388) Mark Stack Usage: 32M
[183.035s][info][gc,nmethod  ] GC(388) NMethods: 449 registered, 25 unregistered
[183.035s][info][gc,metaspace] GC(388) Metaspace: 0M used, 0M committed, 1088M reserved
[183.035s][info][gc,ref      ] GC(388) Soft: 2 encountered, 0 discovered, 0 enqueued
[183.035s][info][gc,ref      ] GC(388) Weak: 9 encountered, 0 discovered, 0 enqueued
[183.035s][info][gc,ref      ] GC(388) Final: 0 encountered, 0 discovered, 0 enqueued
[183.035s][info][gc,ref      ] GC(388) Phantom: 3 encountered, 2 discovered, 0 enqueued
[183.035s][info][gc,reloc    ] GC(388) Small Pages: 4 / 8M, Empty: 0M, Relocated: 0M, In-Place: 0
[183.035s][info][gc,reloc    ] GC(388) Medium Pages: 0 / 0M, Empty: 0M, Relocated: 0M, In-Place: 0
[183.035s][info][gc,reloc    ] GC(388) Large Pages: 0 / 0M, Empty: 0M, Relocated: 0M, In-Place: 0
[183.035s][info][gc,reloc    ] GC(388) Forwarding Usage: 0M
[183.035s][info][gc,heap     ] GC(388) Min Capacity: 8192M(100%)
[183.035s][info][gc,heap     ] GC(388) Max Capacity: 8192M(100%)
[183.035s][info][gc,heap     ] GC(388) Soft Max Capacity: 8192M(100%)
[183.035s][info][gc,heap     ] GC(388)                Mark Start          Mark End        Relocate Start      Relocate End           High               Low         
[183.035s][info][gc,heap     ] GC(388)  Capacity:     8192M (100%)       8192M (100%)       8192M (100%)       8192M (100%)       8192M (100%)       8192M (100%)   
[183.035s][info][gc,heap     ] GC(388)      Free:     8184M (100%)       8184M (100%)       8184M (100%)       8186M (100%)       8186M (100%)       8178M (100%)   
[183.035s][info][gc,heap     ] GC(388)      Used:        8M (0%)            8M (0%)            8M (0%)            6M (0%)           14M (0%)            6M (0%)     
[183.035s][info][gc,heap     ] GC(388)      Live:         -                 0M (0%)            0M (0%)            0M (0%)             -                  -          
[183.035s][info][gc,heap     ] GC(388) Allocated:         -                 0M (0%)            0M (0%)            0M (0%)             -                  -          
[183.036s][info][gc,heap     ] GC(388)   Garbage:         -                 7M (0%)            7M (0%)            5M (0%)             -                  -          
[183.036s][info][gc,heap     ] GC(388) Reclaimed:         -                  -                 0M (0%)            2M (0%)             -                  -          
[183.036s][info][gc          ] GC(388) Garbage Collection (System.gc()) 8M(0%)->6M(0%)
[183.492s][info][gc,start    ] GC(389) Garbage Collection (System.gc())
[183.492s][info][gc,task     ] GC(389) Using 3 workers
[183.492s][info][gc,phases   ] GC(389) Pause Mark Start 0.013ms
[183.505s][info][gc,phases   ] GC(389) Concurrent Mark 12.244ms
[183.505s][info][gc,phases   ] GC(389) Pause Mark End 0.037ms
[183.506s][info][gc,phases   ] GC(389) Concurrent Mark Free 0.001ms
[183.507s][info][gc,phases   ] GC(389) Concurrent Process Non-Strong References 1.309ms
[183.510s][info][gc,phases   ] GC(389) Concurrent Reset Relocation Set 0.002ms
[183.514s][info][gc,phases   ] GC(389) Concurrent Select Relocation Set 4.855ms
[183.515s][info][gc,phases   ] GC(389) Pause Relocate Start 0.009ms
[183.515s][info][gc,phases   ] GC(389) Concurrent Relocate 0.706ms
[183.515s][info][gc,load     ] GC(389) Load: 1.84/1.63/1.65
[183.515s][info][gc,mmu      ] GC(389) MMU: 2ms/87.2%, 5ms/94.3%, 10ms/97.1%, 20ms/98.5%, 50ms/99.4%, 100ms/99.7%
[183.515s][info][gc,marking  ] GC(389) Mark: 2 stripe(s), 1 proactive flush(es), 1 terminate flush(es), 0 completion(s), 0 continuation(s) 
[183.515s][info][gc,marking  ] GC(389) Mark Stack Usage: 32M
[183.515s][info][gc,nmethod  ] GC(389) NMethods: 449 registered, 25 unregistered
[183.515s][info][gc,metaspace] GC(389) Metaspace: 0M used, 0M committed, 1088M reserved
[183.515s][info][gc,ref      ] GC(389) Soft: 2 encountered, 0 discovered, 0 enqueued
[183.515s][info][gc,ref      ] GC(389) Weak: 9 encountered, 0 discovered, 0 enqueued
[183.515s][info][gc,ref      ] GC(389) Final: 0 encountered, 0 discovered, 0 enqueued
[183.515s][info][gc,ref      ] GC(389) Phantom: 3 encountered, 2 discovered, 0 enqueued
[183.515s][info][gc,reloc    ] GC(389) Small Pages: 4 / 8M, Empty: 0M, Relocated: 0M, In-Place: 0
[183.516s][info][gc,reloc    ] GC(389) Medium Pages: 0 / 0M, Empty: 0M, Relocated: 0M, In-Place: 0
[183.516s][info][gc,reloc    ] GC(389) Large Pages: 0 / 0M, Empty: 0M, Relocated: 0M, In-Place: 0
[183.516s][info][gc,reloc    ] GC(389) Forwarding Usage: 0M
[183.516s][info][gc,heap     ] GC(389) Min Capacity: 8192M(100%)
[183.516s][info][gc,heap     ] GC(389) Max Capacity: 8192M(100%)
[183.516s][info][gc,heap     ] GC(389) Soft Max Capacity: 8192M(100%)
[183.516s][info][gc,heap     ] GC(389)                Mark Start          Mark End        Relocate Start      Relocate End           High               Low         
[183.516s][info][gc,heap     ] GC(389)  Capacity:     8192M (100%)       8192M (100%)       8192M (100%)       8192M (100%)       8192M (100%)       8192M (100%)   
[183.516s][info][gc,heap     ] GC(389)      Free:     8184M (100%)       8184M (100%)       8184M (100%)       8186M (100%)       8186M (100%)       8178M (100%)   
[183.516s][info][gc,heap     ] GC(389)      Used:        8M (0%)            8M (0%)            8M (0%)            6M (0%)           14M (0%)            6M (0%)     
[183.516s][info][gc,heap     ] GC(389)      Live:         -                 0M (0%)            0M (0%)            0M (0%)             -                  -          
[183.516s][info][gc,heap     ] GC(389) Allocated:         -                 0M (0%)            0M (0%)            0M (0%)             -                  -          
[183.516s][info][gc,heap     ] GC(389)   Garbage:         -                 7M (0%)            7M (0%)            5M (0%)             -                  -          
[183.516s][info][gc,heap     ] GC(389) Reclaimed:         -                  -                 0M (0%)            2M (0%)             -                  -          
[183.516s][info][gc          ] GC(389) Garbage Collection (System.gc()) 8M(0%)->6M(0%)
[183.970s][info][gc,start    ] GC(390) Garbage Collection (System.gc())
[183.970s][info][gc,task     ] GC(390) Using 3 workers
[183.970s][info][gc,phases   ] GC(390) Pause Mark Start 0.005ms
[183.972s][info][gc,phases   ] GC(390) Concurrent Mark 1.916ms
[183.972s][info][gc,phases   ] GC(390) Pause Mark End 0.011ms
[183.972s][info][gc,phases   ] GC(390) Concurrent Mark Free 0.001ms
[183.973s][info][gc,phases   ] GC(390) Concurrent Process Non-Strong References 0.954ms
[183.973s][info][gc,phases   ] GC(390) Concurrent Reset Relocation Set 0.001ms
[183.976s][info][gc,phases   ] GC(390) Concurrent Select Relocation Set 2.974ms
[183.976s][info][gc,phases   ] GC(390) Pause Relocate Start 0.003ms
[183.976s][info][gc,phases   ] GC(390) Concurrent Relocate 0.407ms
[183.976s][info][gc,load     ] GC(390) Load: 1.84/1.63/1.65
[183.976s][info][gc,mmu      ] GC(390) MMU: 2ms/87.2%, 5ms/94.3%, 10ms/97.1%, 20ms/98.5%, 50ms/99.4%, 100ms/99.7%
[183.976s][info][gc,marking  ] GC(390) Mark: 2 stripe(s), 1 proactive flush(es), 1 terminate flush(es), 0 completion(s), 0 continuation(s) 
[183.976s][info][gc,marking  ] GC(390) Mark Stack Usage: 32M
[183.976s][info][gc,nmethod  ] GC(390) NMethods: 449 registered, 25 unregistered
[183.976s][info][gc,metaspace] GC(390) Metaspace: 0M used, 0M committed, 1088M reserved
[183.976s][info][gc,ref      ] GC(390) Soft: 2 encountered, 0 discovered, 0 enqueued
[183.976s][info][gc,ref      ] GC(390) Weak: 9 encountered, 0 discovered, 0 enqueued
[183.976s][info][gc,ref      ] GC(390) Final: 0 encountered, 0 discovered, 0 enqueued
[183.976s][info][gc,ref      ] GC(390) Phantom: 3 encountered, 2 discovered, 0 enqueued
[183.976s][info][gc,reloc    ] GC(390) Small Pages: 4 / 8M, Empty: 0M, Relocated: 0M, In-Place: 0
[183.976s][info][gc,reloc    ] GC(390) Medium Pages: 0 / 0M, Empty: 0M, Relocated: 0M, In-Place: 0
[183.976s][info][gc,reloc    ] GC(390) Large Pages: 0 / 0M, Empty: 0M, Relocated: 0M, In-Place: 0
[183.976s][info][gc,reloc    ] GC(390) Forwarding Usage: 0M
[183.976s][info][gc,heap     ] GC(390) Min Capacity: 8192M(100%)
[183.976s][info][gc,heap     ] GC(390) Max Capacity: 8192M(100%)
[183.976s][info][gc,heap     ] GC(390) Soft Max Capacity: 8192M(100%)
[183.976s][info][gc,heap     ] GC(390)                Mark Start          Mark End        Relocate Start      Relocate End           High               Low         
[183.976s][info][gc,heap     ] GC(390)  Capacity:     8192M (100%)       8192M (100%)       8192M (100%)       8192M (100%)       8192M (100%)       8192M (100%)   
[183.976s][info][gc,heap     ] GC(390)      Free:     8184M (100%)       8184M (100%)       8184M (100%)       8186M (100%)       8186M (100%)       8178M (100%)   
[183.976s][info][gc,heap     ] GC(390)      Used:        8M (0%)            8M (0%)            8M (0%)            6M (0%)           14M (0%)            6M (0%)     
[183.976s][info][gc,heap     ] GC(390)      Live:         -                 0M (0%)            0M (0%)            0M (0%)             -                  -          
[183.976s][info][gc,heap     ] GC(390) Allocated:         -                 0M (0%)            0M (0%)            0M (0%)             -                  -          
[183.976s][info][gc,heap     ] GC(390)   Garbage:         -                 7M (0%)            7M (0%)            5M (0%)             -                  -          
[183.976s][info][gc,heap     ] GC(390) Reclaimed:         -                  -                 0M (0%)            2M (0%)             -                  -          
[183.976s][info][gc          ] GC(390) Garbage Collection (System.gc()) 8M(0%)->6M(0%)
[184.433s][info][gc,start    ] GC(391) Garbage Collection (System.gc())
[184.433s][info][gc,task     ] GC(391) Using 3 workers
[184.433s][info][gc,phases   ] GC(391) Pause Mark Start 0.009ms
[184.436s][info][gc,phases   ] GC(391) Concurrent Mark 2.432ms
[184.436s][info][gc,phases   ] GC(391) Pause Mark End 0.007ms
[184.436s][info][gc,phases   ] GC(391) Concurrent Mark Free 0.000ms
[184.436s][info][gc,phases   ] GC(391) Concurrent Process Non-Strong References 0.589ms
[184.436s][info][gc,phases   ] GC(391) Concurrent Reset Relocation Set 0.001ms
[184.440s][info][gc,phases   ] GC(391) Concurrent Select Relocation Set 3.459ms
[184.440s][info][gc,phases   ] GC(391) Pause Relocate Start 0.004ms
[184.440s][info][gc,phases   ] GC(391) Concurrent Relocate 0.495ms
[184.441s][info][gc,load     ] GC(391) Load: 1.84/1.63/1.65
[184.441s][info][gc,mmu      ] GC(391) MMU: 2ms/87.2%, 5ms/94.3%, 10ms/97.1%, 20ms/98.5%, 50ms/99.4%, 100ms/99.7%
[184.441s][info][gc,marking  ] GC(391) Mark: 2 stripe(s), 1 proactive flush(es), 1 terminate flush(es), 0 completion(s), 0 continuation(s) 
[184.441s][info][gc,marking  ] GC(391) Mark Stack Usage: 32M
[184.441s][info][gc,nmethod  ] GC(391) NMethods: 449 registered, 25 unregistered
[184.441s][info][gc,metaspace] GC(391) Metaspace: 0M used, 0M committed, 1088M reserved
[184.441s][info][gc,ref      ] GC(391) Soft: 2 encountered, 0 discovered, 0 enqueued
[184.441s][info][gc,ref      ] GC(391) Weak: 9 encountered, 0 discovered, 0 enqueued
[184.441s][info][gc,ref      ] GC(391) Final: 0 encountered, 0 discovered, 0 enqueued
[184.441s][info][gc,ref      ] GC(391) Phantom: 3 encountered, 2 discovered, 0 enqueued
[184.441s][info][gc,reloc    ] GC(391) Small Pages: 4 / 8M, Empty: 0M, Relocated: 0M, In-Place: 0
[184.441s][info][gc,reloc    ] GC(391) Medium Pages: 0 / 0M, Empty: 0M, Relocated: 0M, In-Place: 0
[184.441s][info][gc,reloc    ] GC(391) Large Pages: 0 / 0M, Empty: 0M, Relocated: 0M, In-Place: 0
[184.441s][info][gc,reloc    ] GC(391) Forwarding Usage: 0M
[184.441s][info][gc,heap     ] GC(391) Min Capacity: 8192M(100%)
[184.441s][info][gc,heap     ] GC(391) Max Capacity: 8192M(100%)
[184.441s][info][gc,heap     ] GC(391) Soft Max Capacity: 8192M(100%)
[184.441s][info][gc,heap     ] GC(391)                Mark Start          Mark End        Relocate Start      Relocate End           High               Low         
[184.441s][info][gc,heap     ] GC(391)  Capacity:     8192M (100%)       8192M (100%)       8192M (100%)       8192M (100%)       8192M (100%)       8192M (100%)   
[184.441s][info][gc,heap     ] GC(391)      Free:     8184M (100%)       8184M (100%)       8184M (100%)       8186M (100%)       8186M (100%)       8180M (100%)   
[184.441s][info][gc,heap     ] GC(391)      Used:        8M (0%)            8M (0%)            8M (0%)            6M (0%)           12M (0%)            6M (0%)     
[184.441s][info][gc,heap     ] GC(391)      Live:         -                 0M (0%)            0M (0%)            0M (0%)             -                  -          
[184.441s][info][gc,heap     ] GC(391) Allocated:         -                 0M (0%)            0M (0%)            0M (0%)             -                  -          
[184.441s][info][gc,heap     ] GC(391)   Garbage:         -                 7M (0%)            7M (0%)            5M (0%)             -                  -          
[184.441s][info][gc,heap     ] GC(391) Reclaimed:         -                  -                 0M (0%)            2M (0%)             -                  -          
[184.441s][info][gc          ] GC(391) Garbage Collection (System.gc()) 8M(0%)->6M(0%)
[184.896s][info][gc,start    ] GC(392) Garbage Collection (System.gc())
[184.896s][info][gc,task     ] GC(392) Using 3 workers
[184.896s][info][gc,phases   ] GC(392) Pause Mark Start 0.003ms
[184.898s][info][gc,phases   ] GC(392) Concurrent Mark 1.811ms
[184.898s][info][gc,phases   ] GC(392) Pause Mark End 0.004ms
[184.898s][info][gc,phases   ] GC(392) Concurrent Mark Free 0.000ms
[184.898s][info][gc,phases   ] GC(392) Concurrent Process Non-Strong References 0.603ms
[184.898s][info][gc,phases   ] GC(392) Concurrent Reset Relocation Set 0.001ms
[184.901s][info][gc,phases   ] GC(392) Concurrent Select Relocation Set 2.178ms
[184.901s][info][gc,phases   ] GC(392) Pause Relocate Start 0.022ms
[184.901s][info][gc,phases   ] GC(392) Concurrent Relocate 0.443ms
[184.901s][info][gc,load     ] GC(392) Load: 1.84/1.63/1.65
[184.901s][info][gc,mmu      ] GC(392) MMU: 2ms/87.2%, 5ms/94.3%, 10ms/97.1%, 20ms/98.5%, 50ms/99.4%, 100ms/99.7%
[184.901s][info][gc,marking  ] GC(392) Mark: 2 stripe(s), 1 proactive flush(es), 1 terminate flush(es), 0 completion(s), 0 continuation(s) 
[184.901s][info][gc,marking  ] GC(392) Mark Stack Usage: 32M
[184.901s][info][gc,nmethod  ] GC(392) NMethods: 449 registered, 25 unregistered
[184.901s][info][gc,metaspace] GC(392) Metaspace: 0M used, 0M committed, 1088M reserved
[184.901s][info][gc,ref      ] GC(392) Soft: 2 encountered, 0 discovered, 0 enqueued
[184.901s][info][gc,ref      ] GC(392) Weak: 9 encountered, 1 discovered, 0 enqueued
[184.901s][info][gc,ref      ] GC(392) Final: 0 encountered, 0 discovered, 0 enqueued
[184.901s][info][gc,ref      ] GC(392) Phantom: 3 encountered, 2 discovered, 0 enqueued
[184.901s][info][gc,reloc    ] GC(392) Small Pages: 4 / 8M, Empty: 0M, Relocated: 0M, In-Place: 0
[184.901s][info][gc,reloc    ] GC(392) Medium Pages: 0 / 0M, Empty: 0M, Relocated: 0M, In-Place: 0
[184.901s][info][gc,reloc    ] GC(392) Large Pages: 0 / 0M, Empty: 0M, Relocated: 0M, In-Place: 0
[184.901s][info][gc,reloc    ] GC(392) Forwarding Usage: 0M
[184.901s][info][gc,heap     ] GC(392) Min Capacity: 8192M(100%)
[184.901s][info][gc,heap     ] GC(392) Max Capacity: 8192M(100%)
[184.901s][info][gc,heap     ] GC(392) Soft Max Capacity: 8192M(100%)
[184.901s][info][gc,heap     ] GC(392)                Mark Start          Mark End        Relocate Start      Relocate End           High               Low         
[184.901s][info][gc,heap     ] GC(392)  Capacity:     8192M (100%)       8192M (100%)       8192M (100%)       8192M (100%)       8192M (100%)       8192M (100%)   
[184.901s][info][gc,heap     ] GC(392)      Free:     8184M (100%)       8184M (100%)       8184M (100%)       8186M (100%)       8186M (100%)       8178M (100%)   
[184.901s][info][gc,heap     ] GC(392)      Used:        8M (0%)            8M (0%)            8M (0%)            6M (0%)           14M (0%)            6M (0%)     
[184.901s][info][gc,heap     ] GC(392)      Live:         -                 0M (0%)            0M (0%)            0M (0%)             -                  -          
[184.901s][info][gc,heap     ] GC(392) Allocated:         -                 0M (0%)            0M (0%)            0M (0%)             -                  -          
[184.901s][info][gc,heap     ] GC(392)   Garbage:         -                 7M (0%)            7M (0%)            5M (0%)             -                  -          
[184.901s][info][gc,heap     ] GC(392) Reclaimed:         -                  -                 0M (0%)            2M (0%)             -                  -          
[184.901s][info][gc          ] GC(392) Garbage Collection (System.gc()) 8M(0%)->6M(0%)
[185.360s][info][gc,start    ] GC(393) Garbage Collection (System.gc())
[185.360s][info][gc,task     ] GC(393) Using 3 workers
[185.361s][info][gc,phases   ] GC(393) Pause Mark Start 0.012ms
[185.374s][info][gc,phases   ] GC(393) Concurrent Mark 13.494ms
[185.375s][info][gc,phases   ] GC(393) Pause Mark End 0.017ms
[185.375s][info][gc,phases   ] GC(393) Concurrent Mark Free 0.000ms
[185.376s][info][gc,phases   ] GC(393) Concurrent Process Non-Strong References 1.082ms
[185.376s][info][gc,phases   ] GC(393) Concurrent Reset Relocation Set 0.003ms
[185.378s][info][gc,phases   ] GC(393) Concurrent Select Relocation Set 2.303ms
[185.378s][info][gc,phases   ] GC(393) Pause Relocate Start 0.004ms
[185.378s][info][gc,phases   ] GC(393) Concurrent Relocate 0.333ms
[185.378s][info][gc,load     ] GC(393) Load: 1.93/1.65/1.66
[185.378s][info][gc,mmu      ] GC(393) MMU: 2ms/87.2%, 5ms/94.3%, 10ms/97.1%, 20ms/98.5%, 50ms/99.4%, 100ms/99.7%
[185.378s][info][gc,marking  ] GC(393) Mark: 2 stripe(s), 1 proactive flush(es), 1 terminate flush(es), 0 completion(s), 0 continuation(s) 
[185.378s][info][gc,marking  ] GC(393) Mark Stack Usage: 32M
[185.378s][info][gc,nmethod  ] GC(393) NMethods: 449 registered, 25 unregistered
[185.378s][info][gc,metaspace] GC(393) Metaspace: 0M used, 0M committed, 1088M reserved
[185.378s][info][gc,ref      ] GC(393) Soft: 2 encountered, 0 discovered, 0 enqueued
[185.378s][info][gc,ref      ] GC(393) Weak: 9 encountered, 0 discovered, 0 enqueued
[185.378s][info][gc,ref      ] GC(393) Final: 0 encountered, 0 discovered, 0 enqueued
[185.378s][info][gc,ref      ] GC(393) Phantom: 3 encountered, 1 discovered, 0 enqueued
[185.378s][info][gc,reloc    ] GC(393) Small Pages: 4 / 8M, Empty: 0M, Relocated: 0M, In-Place: 0
[185.378s][info][gc,reloc    ] GC(393) Medium Pages: 0 / 0M, Empty: 0M, Relocated: 0M, In-Place: 0
[185.378s][info][gc,reloc    ] GC(393) Large Pages: 0 / 0M, Empty: 0M, Relocated: 0M, In-Place: 0
[185.378s][info][gc,reloc    ] GC(393) Forwarding Usage: 0M
[185.378s][info][gc,heap     ] GC(393) Min Capacity: 8192M(100%)
[185.378s][info][gc,heap     ] GC(393) Max Capacity: 8192M(100%)
[185.378s][info][gc,heap     ] GC(393) Soft Max Capacity: 8192M(100%)
[185.378s][info][gc,heap     ] GC(393)                Mark Start          Mark End        Relocate Start      Relocate End           High               Low         
[185.378s][info][gc,heap     ] GC(393)  Capacity:     8192M (100%)       8192M (100%)       8192M (100%)       8192M (100%)       8192M (100%)       8192M (100%)   
[185.378s][info][gc,heap     ] GC(393)      Free:     8184M (100%)       8184M (100%)       8184M (100%)       8186M (100%)       8186M (100%)       8180M (100%)   
[185.378s][info][gc,heap     ] GC(393)      Used:        8M (0%)            8M (0%)            8M (0%)            6M (0%)           12M (0%)            6M (0%)     
[185.378s][info][gc,heap     ] GC(393)      Live:         -                 0M (0%)            0M (0%)            0M (0%)             -                  -          
[185.379s][info][gc,heap     ] GC(393) Allocated:         -                 0M (0%)            0M (0%)            0M (0%)             -                  -          
[185.379s][info][gc,heap     ] GC(393)   Garbage:         -                 7M (0%)            7M (0%)            5M (0%)             -                  -          
[185.379s][info][gc,heap     ] GC(393) Reclaimed:         -                  -                 0M (0%)            2M (0%)             -                  -          
[185.379s][info][gc          ] GC(393) Garbage Collection (System.gc()) 8M(0%)->6M(0%)
[185.833s][info][gc,start    ] GC(394) Garbage Collection (System.gc())
[185.833s][info][gc,task     ] GC(394) Using 3 workers
[185.834s][info][gc,phases   ] GC(394) Pause Mark Start 0.008ms
[185.837s][info][gc,phases   ] GC(394) Concurrent Mark 3.253ms
[185.837s][info][gc,phases   ] GC(394) Pause Mark End 0.022ms
[185.837s][info][gc,phases   ] GC(394) Concurrent Mark Free 0.002ms
[185.841s][info][gc,phases   ] GC(394) Concurrent Process Non-Strong References 3.554ms
[185.841s][info][gc,phases   ] GC(394) Concurrent Reset Relocation Set 0.003ms
[185.848s][info][gc,phases   ] GC(394) Concurrent Select Relocation Set 6.589ms
[185.848s][info][gc,phases   ] GC(394) Pause Relocate Start 0.018ms
[185.849s][info][gc,phases   ] GC(394) Concurrent Relocate 1.044ms
[185.849s][info][gc,load     ] GC(394) Load: 1.93/1.65/1.66
[185.849s][info][gc,mmu      ] GC(394) MMU: 2ms/87.2%, 5ms/94.3%, 10ms/97.1%, 20ms/98.5%, 50ms/99.4%, 100ms/99.7%
[185.849s][info][gc,marking  ] GC(394) Mark: 2 stripe(s), 1 proactive flush(es), 1 terminate flush(es), 0 completion(s), 0 continuation(s) 
[185.849s][info][gc,marking  ] GC(394) Mark Stack Usage: 32M
[185.849s][info][gc,nmethod  ] GC(394) NMethods: 449 registered, 25 unregistered
[185.849s][info][gc,metaspace] GC(394) Metaspace: 0M used, 0M committed, 1088M reserved
[185.849s][info][gc,ref      ] GC(394) Soft: 2 encountered, 0 discovered, 0 enqueued
[185.849s][info][gc,ref      ] GC(394) Weak: 9 encountered, 0 discovered, 0 enqueued
[185.849s][info][gc,ref      ] GC(394) Final: 0 encountered, 0 discovered, 0 enqueued
[185.849s][info][gc,ref      ] GC(394) Phantom: 3 encountered, 1 discovered, 0 enqueued
[185.849s][info][gc,reloc    ] GC(394) Small Pages: 4 / 8M, Empty: 0M, Relocated: 0M, In-Place: 0
[185.849s][info][gc,reloc    ] GC(394) Medium Pages: 0 / 0M, Empty: 0M, Relocated: 0M, In-Place: 0
[185.849s][info][gc,reloc    ] GC(394) Large Pages: 0 / 0M, Empty: 0M, Relocated: 0M, In-Place: 0
[185.849s][info][gc,reloc    ] GC(394) Forwarding Usage: 0M
[185.849s][info][gc,heap     ] GC(394) Min Capacity: 8192M(100%)
[185.849s][info][gc,heap     ] GC(394) Max Capacity: 8192M(100%)
[185.849s][info][gc,heap     ] GC(394) Soft Max Capacity: 8192M(100%)
[185.849s][info][gc,heap     ] GC(394)                Mark Start          Mark End        Relocate Start      Relocate End           High               Low         
[185.849s][info][gc,heap     ] GC(394)  Capacity:     8192M (100%)       8192M (100%)       8192M (100%)       8192M (100%)       8192M (100%)       8192M (100%)   
[185.849s][info][gc,heap     ] GC(394)      Free:     8184M (100%)       8184M (100%)       8184M (100%)       8186M (100%)       8186M (100%)       8180M (100%)   
[185.849s][info][gc,heap     ] GC(394)      Used:        8M (0%)            8M (0%)            8M (0%)            6M (0%)           12M (0%)            6M (0%)     
[185.849s][info][gc,heap     ] GC(394)      Live:         -                 0M (0%)            0M (0%)            0M (0%)             -                  -          
[185.849s][info][gc,heap     ] GC(394) Allocated:         -                 0M (0%)            0M (0%)            0M (0%)             -                  -          
[185.849s][info][gc,heap     ] GC(394)   Garbage:         -                 7M (0%)            7M (0%)            5M (0%)             -                  -          
[185.849s][info][gc,heap     ] GC(394) Reclaimed:         -                  -                 0M (0%)            2M (0%)             -                  -          
[185.849s][info][gc          ] GC(394) Garbage Collection (System.gc()) 8M(0%)->6M(0%)
[186.307s][info][gc,start    ] GC(395) Garbage Collection (System.gc())
[186.307s][info][gc,task     ] GC(395) Using 3 workers
[186.307s][info][gc,phases   ] GC(395) Pause Mark Start 0.011ms
[186.311s][info][gc,phases   ] GC(395) Concurrent Mark 3.617ms
[186.311s][info][gc,phases   ] GC(395) Pause Mark End 0.013ms
[186.311s][info][gc,phases   ] GC(395) Concurrent Mark Free 0.001ms
[186.317s][info][gc,phases   ] GC(395) Concurrent Process Non-Strong References 5.888ms
[186.317s][info][gc,phases   ] GC(395) Concurrent Reset Relocation Set 0.002ms
[186.320s][info][gc,phases   ] GC(395) Concurrent Select Relocation Set 3.622ms
[186.321s][info][gc,phases   ] GC(395) Pause Relocate Start 0.016ms
[186.321s][info][gc,phases   ] GC(395) Concurrent Relocate 0.678ms
[186.321s][info][gc,load     ] GC(395) Load: 1.93/1.65/1.66
[186.321s][info][gc,mmu      ] GC(395) MMU: 2ms/87.2%, 5ms/94.3%, 10ms/97.1%, 20ms/98.5%, 50ms/99.4%, 100ms/99.7%
[186.321s][info][gc,marking  ] GC(395) Mark: 2 stripe(s), 1 proactive flush(es), 1 terminate flush(es), 0 completion(s), 0 continuation(s) 
[186.321s][info][gc,marking  ] GC(395) Mark Stack Usage: 32M
[186.321s][info][gc,nmethod  ] GC(395) NMethods: 449 registered, 25 unregistered
[186.322s][info][gc,metaspace] GC(395) Metaspace: 0M used, 0M committed, 1088M reserved
[186.322s][info][gc,ref      ] GC(395) Soft: 2 encountered, 0 discovered, 0 enqueued
[186.322s][info][gc,ref      ] GC(395) Weak: 9 encountered, 0 discovered, 0 enqueued
[186.322s][info][gc,ref      ] GC(395) Final: 0 encountered, 0 discovered, 0 enqueued
[186.322s][info][gc,ref      ] GC(395) Phantom: 3 encountered, 2 discovered, 0 enqueued
[186.322s][info][gc,reloc    ] GC(395) Small Pages: 4 / 8M, Empty: 0M, Relocated: 0M, In-Place: 0
[186.322s][info][gc,reloc    ] GC(395) Medium Pages: 0 / 0M, Empty: 0M, Relocated: 0M, In-Place: 0
[186.322s][info][gc,reloc    ] GC(395) Large Pages: 0 / 0M, Empty: 0M, Relocated: 0M, In-Place: 0
[186.322s][info][gc,reloc    ] GC(395) Forwarding Usage: 0M
[186.322s][info][gc,heap     ] GC(395) Min Capacity: 8192M(100%)
[186.322s][info][gc,heap     ] GC(395) Max Capacity: 8192M(100%)
[186.322s][info][gc,heap     ] GC(395) Soft Max Capacity: 8192M(100%)
[186.322s][info][gc,heap     ] GC(395)                Mark Start          Mark End        Relocate Start      Relocate End           High               Low         
[186.322s][info][gc,heap     ] GC(395)  Capacity:     8192M (100%)       8192M (100%)       8192M (100%)       8192M (100%)       8192M (100%)       8192M (100%)   
[186.322s][info][gc,heap     ] GC(395)      Free:     8184M (100%)       8184M (100%)       8184M (100%)       8186M (100%)       8186M (100%)       8178M (100%)   
[186.322s][info][gc,heap     ] GC(395)      Used:        8M (0%)            8M (0%)            8M (0%)            6M (0%)           14M (0%)            6M (0%)     
[186.322s][info][gc,heap     ] GC(395)      Live:         -                 0M (0%)            0M (0%)            0M (0%)             -                  -          
[186.322s][info][gc,heap     ] GC(395) Allocated:         -                 0M (0%)            0M (0%)            0M (0%)             -                  -          
[186.322s][info][gc,heap     ] GC(395)   Garbage:         -                 7M (0%)            7M (0%)            5M (0%)             -                  -          
[186.322s][info][gc,heap     ] GC(395) Reclaimed:         -                  -                 0M (0%)            2M (0%)             -                  -          
[186.322s][info][gc          ] GC(395) Garbage Collection (System.gc()) 8M(0%)->6M(0%)
[186.779s][info][gc,start    ] GC(396) Garbage Collection (System.gc())
[186.779s][info][gc,task     ] GC(396) Using 3 workers
[186.779s][info][gc,phases   ] GC(396) Pause Mark Start 0.013ms
[186.785s][info][gc,phases   ] GC(396) Concurrent Mark 5.496ms
[186.785s][info][gc,phases   ] GC(396) Pause Mark End 0.025ms
[186.785s][info][gc,phases   ] GC(396) Concurrent Mark Free 0.001ms
[186.788s][info][gc,phases   ] GC(396) Concurrent Process Non-Strong References 2.277ms
[186.788s][info][gc,phases   ] GC(396) Concurrent Reset Relocation Set 0.002ms
[186.793s][info][gc,phases   ] GC(396) Concurrent Select Relocation Set 4.995ms
[186.793s][info][gc,phases   ] GC(396) Pause Relocate Start 0.007ms
[186.793s][info][gc,phases   ] GC(396) Concurrent Relocate 0.627ms
[186.793s][info][gc,load     ] GC(396) Load: 1.93/1.65/1.66
[186.793s][info][gc,mmu      ] GC(396) MMU: 2ms/87.2%, 5ms/94.3%, 10ms/97.1%, 20ms/98.5%, 50ms/99.4%, 100ms/99.7%
[186.793s][info][gc,marking  ] GC(396) Mark: 2 stripe(s), 1 proactive flush(es), 1 terminate flush(es), 0 completion(s), 0 continuation(s) 
[186.793s][info][gc,marking  ] GC(396) Mark Stack Usage: 32M
[186.793s][info][gc,nmethod  ] GC(396) NMethods: 449 registered, 25 unregistered
[186.793s][info][gc,metaspace] GC(396) Metaspace: 0M used, 0M committed, 1088M reserved
[186.793s][info][gc,ref      ] GC(396) Soft: 2 encountered, 0 discovered, 0 enqueued
[186.793s][info][gc,ref      ] GC(396) Weak: 9 encountered, 0 discovered, 0 enqueued
[186.793s][info][gc,ref      ] GC(396) Final: 0 encountered, 0 discovered, 0 enqueued
[186.793s][info][gc,ref      ] GC(396) Phantom: 3 encountered, 2 discovered, 0 enqueued
[186.793s][info][gc,reloc    ] GC(396) Small Pages: 4 / 8M, Empty: 0M, Relocated: 0M, In-Place: 0
[186.793s][info][gc,reloc    ] GC(396) Medium Pages: 0 / 0M, Empty: 0M, Relocated: 0M, In-Place: 0
[186.794s][info][gc,reloc    ] GC(396) Large Pages: 0 / 0M, Empty: 0M, Relocated: 0M, In-Place: 0
[186.794s][info][gc,reloc    ] GC(396) Forwarding Usage: 0M
[186.794s][info][gc,heap     ] GC(396) Min Capacity: 8192M(100%)
[186.794s][info][gc,heap     ] GC(396) Max Capacity: 8192M(100%)
[186.794s][info][gc,heap     ] GC(396) Soft Max Capacity: 8192M(100%)
[186.794s][info][gc,heap     ] GC(396)                Mark Start          Mark End        Relocate Start      Relocate End           High               Low         
[186.794s][info][gc,heap     ] GC(396)  Capacity:     8192M (100%)       8192M (100%)       8192M (100%)       8192M (100%)       8192M (100%)       8192M (100%)   
[186.794s][info][gc,heap     ] GC(396)      Free:     8184M (100%)       8184M (100%)       8184M (100%)       8186M (100%)       8186M (100%)       8178M (100%)   
[186.794s][info][gc,heap     ] GC(396)      Used:        8M (0%)            8M (0%)            8M (0%)            6M (0%)           14M (0%)            6M (0%)     
[186.794s][info][gc,heap     ] GC(396)      Live:         -                 0M (0%)            0M (0%)            0M (0%)             -                  -          
[186.794s][info][gc,heap     ] GC(396) Allocated:         -                 0M (0%)            0M (0%)            0M (0%)             -                  -          
[186.794s][info][gc,heap     ] GC(396)   Garbage:         -                 7M (0%)            7M (0%)            5M (0%)             -                  -          
[186.794s][info][gc,heap     ] GC(396) Reclaimed:         -                  -                 0M (0%)            2M (0%)             -                  -          
[186.794s][info][gc          ] GC(396) Garbage Collection (System.gc()) 8M(0%)->6M(0%)
[187.250s][info][gc,start    ] GC(397) Garbage Collection (System.gc())
[187.250s][info][gc,task     ] GC(397) Using 3 workers
[187.250s][info][gc,phases   ] GC(397) Pause Mark Start 0.013ms
[187.260s][info][gc,phases   ] GC(397) Concurrent Mark 2.164ms
[187.260s][info][gc,phases   ] GC(397) Pause Mark End 0.013ms
[187.261s][info][gc,phases   ] GC(397) Concurrent Mark Free 0.000ms
[187.261s][info][gc,phases   ] GC(397) Concurrent Process Non-Strong References 0.485ms
[187.261s][info][gc,phases   ] GC(397) Concurrent Reset Relocation Set 0.001ms
[187.266s][info][gc,phases   ] GC(397) Concurrent Select Relocation Set 4.487ms
[187.266s][info][gc,phases   ] GC(397) Pause Relocate Start 0.017ms
[187.267s][info][gc,phases   ] GC(397) Concurrent Relocate 1.180ms
[187.267s][info][gc,load     ] GC(397) Load: 1.93/1.65/1.66
[187.267s][info][gc,mmu      ] GC(397) MMU: 2ms/87.2%, 5ms/94.3%, 10ms/97.1%, 20ms/98.5%, 50ms/99.4%, 100ms/99.7%
[187.267s][info][gc,marking  ] GC(397) Mark: 2 stripe(s), 2 proactive flush(es), 1 terminate flush(es), 0 completion(s), 0 continuation(s) 
[187.267s][info][gc,marking  ] GC(397) Mark Stack Usage: 32M
[187.267s][info][gc,nmethod  ] GC(397) NMethods: 449 registered, 26 unregistered
[187.267s][info][gc,metaspace] GC(397) Metaspace: 0M used, 0M committed, 1088M reserved
[187.267s][info][gc,ref      ] GC(397) Soft: 2 encountered, 0 discovered, 0 enqueued
[187.267s][info][gc,ref      ] GC(397) Weak: 9 encountered, 0 discovered, 0 enqueued
[187.267s][info][gc,ref      ] GC(397) Final: 0 encountered, 0 discovered, 0 enqueued
[187.267s][info][gc,ref      ] GC(397) Phantom: 3 encountered, 1 discovered, 0 enqueued
[187.267s][info][gc,reloc    ] GC(397) Small Pages: 4 / 8M, Empty: 0M, Relocated: 0M, In-Place: 0
[187.267s][info][gc,reloc    ] GC(397) Medium Pages: 0 / 0M, Empty: 0M, Relocated: 0M, In-Place: 0
[187.267s][info][gc,reloc    ] GC(397) Large Pages: 0 / 0M, Empty: 0M, Relocated: 0M, In-Place: 0
[187.267s][info][gc,reloc    ] GC(397) Forwarding Usage: 0M
[187.267s][info][gc,heap     ] GC(397) Min Capacity: 8192M(100%)
[187.267s][info][gc,heap     ] GC(397) Max Capacity: 8192M(100%)
[187.267s][info][gc,heap     ] GC(397) Soft Max Capacity: 8192M(100%)
[187.267s][info][gc,heap     ] GC(397)                Mark Start          Mark End        Relocate Start      Relocate End           High               Low         
[187.267s][info][gc,heap     ] GC(397)  Capacity:     8192M (100%)       8192M (100%)       8192M (100%)       8192M (100%)       8192M (100%)       8192M (100%)   
[187.267s][info][gc,heap     ] GC(397)      Free:     8184M (100%)       8184M (100%)       8184M (100%)       8186M (100%)       8186M (100%)       8178M (100%)   
[187.267s][info][gc,heap     ] GC(397)      Used:        8M (0%)            8M (0%)            8M (0%)            6M (0%)           14M (0%)            6M (0%)     
[187.267s][info][gc,heap     ] GC(397)      Live:         -                 0M (0%)            0M (0%)            0M (0%)             -                  -          
[187.267s][info][gc,heap     ] GC(397) Allocated:         -                 0M (0%)            0M (0%)            0M (0%)             -                  -          
[187.267s][info][gc,heap     ] GC(397)   Garbage:         -                 7M (0%)            7M (0%)            5M (0%)             -                  -          
[187.267s][info][gc,heap     ] GC(397) Reclaimed:         -                  -                 0M (0%)            2M (0%)             -                  -          
[187.267s][info][gc          ] GC(397) Garbage Collection (System.gc()) 8M(0%)->6M(0%)
[187.728s][info][gc,start    ] GC(398) Garbage Collection (System.gc())
[187.728s][info][gc,task     ] GC(398) Using 3 workers
[187.728s][info][gc,phases   ] GC(398) Pause Mark Start 0.010ms
[187.730s][info][gc,phases   ] GC(398) Concurrent Mark 1.935ms
[187.730s][info][gc,phases   ] GC(398) Pause Mark End 0.007ms
[187.730s][info][gc,phases   ] GC(398) Concurrent Mark Free 0.000ms
[187.731s][info][gc,phases   ] GC(398) Concurrent Process Non-Strong References 0.463ms
[187.731s][info][gc,phases   ] GC(398) Concurrent Reset Relocation Set 0.001ms
[187.734s][info][gc,phases   ] GC(398) Concurrent Select Relocation Set 3.666ms
[187.734s][info][gc,phases   ] GC(398) Pause Relocate Start 0.006ms
[187.735s][info][gc,phases   ] GC(398) Concurrent Relocate 0.583ms
[187.735s][info][gc,load     ] GC(398) Load: 1.93/1.65/1.66
[187.735s][info][gc,mmu      ] GC(398) MMU: 2ms/87.2%, 5ms/94.3%, 10ms/97.1%, 20ms/98.5%, 50ms/99.4%, 100ms/99.7%
[187.735s][info][gc,marking  ] GC(398) Mark: 2 stripe(s), 1 proactive flush(es), 1 terminate flush(es), 0 completion(s), 0 continuation(s) 
[187.735s][info][gc,marking  ] GC(398) Mark Stack Usage: 32M
[187.735s][info][gc,nmethod  ] GC(398) NMethods: 449 registered, 26 unregistered
[187.735s][info][gc,metaspace] GC(398) Metaspace: 0M used, 0M committed, 1088M reserved
[187.735s][info][gc,ref      ] GC(398) Soft: 2 encountered, 0 discovered, 0 enqueued
[187.735s][info][gc,ref      ] GC(398) Weak: 9 encountered, 0 discovered, 0 enqueued
[187.735s][info][gc,ref      ] GC(398) Final: 0 encountered, 0 discovered, 0 enqueued
[187.735s][info][gc,ref      ] GC(398) Phantom: 3 encountered, 2 discovered, 0 enqueued
[187.735s][info][gc,reloc    ] GC(398) Small Pages: 4 / 8M, Empty: 0M, Relocated: 0M, In-Place: 0
[187.735s][info][gc,reloc    ] GC(398) Medium Pages: 0 / 0M, Empty: 0M, Relocated: 0M, In-Place: 0
[187.735s][info][gc,reloc    ] GC(398) Large Pages: 0 / 0M, Empty: 0M, Relocated: 0M, In-Place: 0
[187.735s][info][gc,reloc    ] GC(398) Forwarding Usage: 0M
[187.735s][info][gc,heap     ] GC(398) Min Capacity: 8192M(100%)
[187.735s][info][gc,heap     ] GC(398) Max Capacity: 8192M(100%)
[187.735s][info][gc,heap     ] GC(398) Soft Max Capacity: 8192M(100%)
[187.735s][info][gc,heap     ] GC(398)                Mark Start          Mark End        Relocate Start      Relocate End           High               Low         
[187.735s][info][gc,heap     ] GC(398)  Capacity:     8192M (100%)       8192M (100%)       8192M (100%)       8192M (100%)       8192M (100%)       8192M (100%)   
[187.735s][info][gc,heap     ] GC(398)      Free:     8184M (100%)       8184M (100%)       8184M (100%)       8186M (100%)       8186M (100%)       8178M (100%)   
[187.735s][info][gc,heap     ] GC(398)      Used:        8M (0%)            8M (0%)            8M (0%)            6M (0%)           14M (0%)            6M (0%)     
[187.735s][info][gc,heap     ] GC(398)      Live:         -                 0M (0%)            0M (0%)            0M (0%)             -                  -          
[187.735s][info][gc,heap     ] GC(398) Allocated:         -                 0M (0%)            0M (0%)            0M (0%)             -                  -          
[187.735s][info][gc,heap     ] GC(398)   Garbage:         -                 7M (0%)            7M (0%)            5M (0%)             -                  -          
[187.735s][info][gc,heap     ] GC(398) Reclaimed:         -                  -                 0M (0%)            2M (0%)             -                  -          
[187.735s][info][gc          ] GC(398) Garbage Collection (System.gc()) 8M(0%)->6M(0%)
[188.188s][info][gc,start    ] GC(399) Garbage Collection (System.gc())
[188.188s][info][gc,task     ] GC(399) Using 3 workers
[188.188s][info][gc,phases   ] GC(399) Pause Mark Start 0.012ms
[188.199s][info][gc,phases   ] GC(399) Concurrent Mark 2.654ms
[188.199s][info][gc,phases   ] GC(399) Pause Mark End 0.013ms
[188.199s][info][gc,phases   ] GC(399) Concurrent Mark Free 0.000ms
[188.200s][info][gc,phases   ] GC(399) Concurrent Process Non-Strong References 0.619ms
[188.200s][info][gc,phases   ] GC(399) Concurrent Reset Relocation Set 0.002ms
[188.204s][info][gc,phases   ] GC(399) Concurrent Select Relocation Set 4.089ms
[188.204s][info][gc,phases   ] GC(399) Pause Relocate Start 0.005ms
[188.205s][info][gc,phases   ] GC(399) Concurrent Relocate 0.606ms
[188.205s][info][gc,load     ] GC(399) Load: 1.93/1.65/1.66
[188.205s][info][gc,mmu      ] GC(399) MMU: 2ms/87.2%, 5ms/94.3%, 10ms/97.1%, 20ms/98.5%, 50ms/99.4%, 100ms/99.7%
[188.205s][info][gc,marking  ] GC(399) Mark: 2 stripe(s), 1 proactive flush(es), 1 terminate flush(es), 0 completion(s), 0 continuation(s) 
[188.205s][info][gc,marking  ] GC(399) Mark Stack Usage: 32M
[188.205s][info][gc,nmethod  ] GC(399) NMethods: 449 registered, 26 unregistered
[188.205s][info][gc,metaspace] GC(399) Metaspace: 0M used, 0M committed, 1088M reserved
[188.205s][info][gc,ref      ] GC(399) Soft: 2 encountered, 0 discovered, 0 enqueued
[188.205s][info][gc,ref      ] GC(399) Weak: 9 encountered, 0 discovered, 0 enqueued
[188.205s][info][gc,ref      ] GC(399) Final: 0 encountered, 0 discovered, 0 enqueued
[188.205s][info][gc,ref      ] GC(399) Phantom: 3 encountered, 2 discovered, 0 enqueued
[188.205s][info][gc,reloc    ] GC(399) Small Pages: 4 / 8M, Empty: 0M, Relocated: 0M, In-Place: 0
[188.205s][info][gc,reloc    ] GC(399) Medium Pages: 0 / 0M, Empty: 0M, Relocated: 0M, In-Place: 0
[188.205s][info][gc,reloc    ] GC(399) Large Pages: 0 / 0M, Empty: 0M, Relocated: 0M, In-Place: 0
[188.205s][info][gc,reloc    ] GC(399) Forwarding Usage: 0M
[188.205s][info][gc,heap     ] GC(399) Min Capacity: 8192M(100%)
[188.205s][info][gc,heap     ] GC(399) Max Capacity: 8192M(100%)
[188.205s][info][gc,heap     ] GC(399) Soft Max Capacity: 8192M(100%)
[188.205s][info][gc,heap     ] GC(399)                Mark Start          Mark End        Relocate Start      Relocate End           High               Low         
[188.205s][info][gc,heap     ] GC(399)  Capacity:     8192M (100%)       8192M (100%)       8192M (100%)       8192M (100%)       8192M (100%)       8192M (100%)   
[188.205s][info][gc,heap     ] GC(399)      Free:     8184M (100%)       8184M (100%)       8184M (100%)       8186M (100%)       8186M (100%)       8178M (100%)   
[188.205s][info][gc,heap     ] GC(399)      Used:        8M (0%)            8M (0%)            8M (0%)            6M (0%)           14M (0%)            6M (0%)     
[188.205s][info][gc,heap     ] GC(399)      Live:         -                 0M (0%)            0M (0%)            0M (0%)             -                  -          
[188.205s][info][gc,heap     ] GC(399) Allocated:         -                 0M (0%)            0M (0%)            0M (0%)             -                  -          
[188.205s][info][gc,heap     ] GC(399)   Garbage:         -                 7M (0%)            7M (0%)            5M (0%)             -                  -          
[188.205s][info][gc,heap     ] GC(399) Reclaimed:         -                  -                 0M (0%)            2M (0%)             -                  -          
[188.205s][info][gc          ] GC(399) Garbage Collection (System.gc()) 8M(0%)->6M(0%)
[188.670s][info][gc,start    ] GC(400) Garbage Collection (System.gc())
[188.670s][info][gc,task     ] GC(400) Using 3 workers
[188.670s][info][gc,phases   ] GC(400) Pause Mark Start 0.008ms
[188.672s][info][gc,phases   ] GC(400) Concurrent Mark 2.210ms
[188.672s][info][gc,phases   ] GC(400) Pause Mark End 0.009ms
[188.672s][info][gc,phases   ] GC(400) Concurrent Mark Free 0.001ms
[188.673s][info][gc,phases   ] GC(400) Concurrent Process Non-Strong References 0.633ms
[188.673s][info][gc,phases   ] GC(400) Concurrent Reset Relocation Set 0.002ms
[188.676s][info][gc,phases   ] GC(400) Concurrent Select Relocation Set 3.190ms
[188.676s][info][gc,phases   ] GC(400) Pause Relocate Start 0.004ms
[188.677s][info][gc,phases   ] GC(400) Concurrent Relocate 0.469ms
[188.677s][info][gc,load     ] GC(400) Load: 1.93/1.65/1.66
[188.677s][info][gc,mmu      ] GC(400) MMU: 2ms/87.2%, 5ms/94.3%, 10ms/97.1%, 20ms/98.5%, 50ms/99.4%, 100ms/99.7%
[188.677s][info][gc,marking  ] GC(400) Mark: 2 stripe(s), 1 proactive flush(es), 1 terminate flush(es), 0 completion(s), 0 continuation(s) 
[188.677s][info][gc,marking  ] GC(400) Mark Stack Usage: 32M
[188.677s][info][gc,nmethod  ] GC(400) NMethods: 449 registered, 26 unregistered
[188.677s][info][gc,metaspace] GC(400) Metaspace: 0M used, 1M committed, 1088M reserved
[188.677s][info][gc,ref      ] GC(400) Soft: 2 encountered, 0 discovered, 0 enqueued
[188.677s][info][gc,ref      ] GC(400) Weak: 9 encountered, 3 discovered, 0 enqueued
[188.677s][info][gc,ref      ] GC(400) Final: 0 encountered, 0 discovered, 0 enqueued
[188.677s][info][gc,ref      ] GC(400) Phantom: 3 encountered, 2 discovered, 0 enqueued
[188.677s][info][gc,reloc    ] GC(400) Small Pages: 4 / 8M, Empty: 0M, Relocated: 0M, In-Place: 0
[188.677s][info][gc,reloc    ] GC(400) Medium Pages: 0 / 0M, Empty: 0M, Relocated: 0M, In-Place: 0
[188.677s][info][gc,reloc    ] GC(400) Large Pages: 0 / 0M, Empty: 0M, Relocated: 0M, In-Place: 0
[188.677s][info][gc,reloc    ] GC(400) Forwarding Usage: 0M
[188.677s][info][gc,heap     ] GC(400) Min Capacity: 8192M(100%)
[188.677s][info][gc,heap     ] GC(400) Max Capacity: 8192M(100%)
[188.677s][info][gc,heap     ] GC(400) Soft Max Capacity: 8192M(100%)
[188.677s][info][gc,heap     ] GC(400)                Mark Start          Mark End        Relocate Start      Relocate End           High               Low         
[188.677s][info][gc,heap     ] GC(400)  Capacity:     8192M (100%)       8192M (100%)       8192M (100%)       8192M (100%)       8192M (100%)       8192M (100%)   
[188.677s][info][gc,heap     ] GC(400)      Free:     8184M (100%)       8184M (100%)       8184M (100%)       8186M (100%)       8186M (100%)       8178M (100%)   
[188.677s][info][gc,heap     ] GC(400)      Used:        8M (0%)            8M (0%)            8M (0%)            6M (0%)           14M (0%)            6M (0%)     
[188.677s][info][gc,heap     ] GC(400)      Live:         -                 0M (0%)            0M (0%)            0M (0%)             -                  -          
[188.677s][info][gc,heap     ] GC(400) Allocated:         -                 0M (0%)            0M (0%)            0M (0%)             -                  -          
[188.677s][info][gc,heap     ] GC(400)   Garbage:         -                 7M (0%)            7M (0%)            5M (0%)             -                  -          
[188.677s][info][gc,heap     ] GC(400) Reclaimed:         -                  -                 0M (0%)            2M (0%)             -                  -          
[188.677s][info][gc          ] GC(400) Garbage Collection (System.gc()) 8M(0%)->6M(0%)
[189.134s][info][gc,start    ] GC(401) Garbage Collection (System.gc())
[189.134s][info][gc,task     ] GC(401) Using 3 workers
[189.135s][info][gc,phases   ] GC(401) Pause Mark Start 0.014ms
[189.146s][info][gc,phases   ] GC(401) Concurrent Mark 11.539ms
[189.146s][info][gc,phases   ] GC(401) Pause Mark End 0.025ms
[189.146s][info][gc,phases   ] GC(401) Concurrent Mark Free 0.001ms
[189.148s][info][gc,phases   ] GC(401) Concurrent Process Non-Strong References 1.155ms
[189.148s][info][gc,phases   ] GC(401) Concurrent Reset Relocation Set 0.002ms
[189.151s][info][gc,phases   ] GC(401) Concurrent Select Relocation Set 3.787ms
[189.152s][info][gc,phases   ] GC(401) Pause Relocate Start 0.008ms
[189.152s][info][gc,phases   ] GC(401) Concurrent Relocate 0.714ms
[189.152s][info][gc,load     ] GC(401) Load: 1.93/1.65/1.66
[189.152s][info][gc,mmu      ] GC(401) MMU: 2ms/87.2%, 5ms/94.3%, 10ms/97.1%, 20ms/98.5%, 50ms/99.4%, 100ms/99.7%
[189.152s][info][gc,marking  ] GC(401) Mark: 2 stripe(s), 1 proactive flush(es), 1 terminate flush(es), 0 completion(s), 0 continuation(s) 
[189.152s][info][gc,marking  ] GC(401) Mark Stack Usage: 32M
[189.152s][info][gc,nmethod  ] GC(401) NMethods: 449 registered, 26 unregistered
[189.152s][info][gc,metaspace] GC(401) Metaspace: 0M used, 1M committed, 1088M reserved
[189.152s][info][gc,ref      ] GC(401) Soft: 2 encountered, 0 discovered, 0 enqueued
[189.152s][info][gc,ref      ] GC(401) Weak: 9 encountered, 0 discovered, 0 enqueued
[189.152s][info][gc,ref      ] GC(401) Final: 0 encountered, 0 discovered, 0 enqueued
[189.152s][info][gc,ref      ] GC(401) Phantom: 3 encountered, 1 discovered, 0 enqueued
[189.152s][info][gc,reloc    ] GC(401) Small Pages: 4 / 8M, Empty: 0M, Relocated: 0M, In-Place: 0
[189.152s][info][gc,reloc    ] GC(401) Medium Pages: 0 / 0M, Empty: 0M, Relocated: 0M, In-Place: 0
[189.153s][info][gc,reloc    ] GC(401) Large Pages: 0 / 0M, Empty: 0M, Relocated: 0M, In-Place: 0
[189.153s][info][gc,reloc    ] GC(401) Forwarding Usage: 0M
[189.153s][info][gc,heap     ] GC(401) Min Capacity: 8192M(100%)
[189.153s][info][gc,heap     ] GC(401) Max Capacity: 8192M(100%)
[189.153s][info][gc,heap     ] GC(401) Soft Max Capacity: 8192M(100%)
[189.153s][info][gc,heap     ] GC(401)                Mark Start          Mark End        Relocate Start      Relocate End           High               Low         
[189.153s][info][gc,heap     ] GC(401)  Capacity:     8192M (100%)       8192M (100%)       8192M (100%)       8192M (100%)       8192M (100%)       8192M (100%)   
[189.153s][info][gc,heap     ] GC(401)      Free:     8184M (100%)       8184M (100%)       8184M (100%)       8186M (100%)       8186M (100%)       8178M (100%)   
[189.153s][info][gc,heap     ] GC(401)      Used:        8M (0%)            8M (0%)            8M (0%)            6M (0%)           14M (0%)            6M (0%)     
[189.153s][info][gc,heap     ] GC(401)      Live:         -                 0M (0%)            0M (0%)            0M (0%)             -                  -          
[189.153s][info][gc,heap     ] GC(401) Allocated:         -                 0M (0%)            0M (0%)            0M (0%)             -                  -          
[189.153s][info][gc,heap     ] GC(401)   Garbage:         -                 7M (0%)            7M (0%)            5M (0%)             -                  -          
[189.153s][info][gc,heap     ] GC(401) Reclaimed:         -                  -                 0M (0%)            2M (0%)             -                  -          
[189.153s][info][gc          ] GC(401) Garbage Collection (System.gc()) 8M(0%)->6M(0%)
[189.608s][info][gc,start    ] GC(402) Garbage Collection (System.gc())
[189.608s][info][gc,task     ] GC(402) Using 3 workers
[189.608s][info][gc,phases   ] GC(402) Pause Mark Start 0.014ms
[189.621s][info][gc,phases   ] GC(402) Concurrent Mark 13.022ms
[189.621s][info][gc,phases   ] GC(402) Pause Mark End 0.027ms
[189.621s][info][gc,phases   ] GC(402) Concurrent Mark Free 0.001ms
[189.625s][info][gc,phases   ] GC(402) Concurrent Process Non-Strong References 3.190ms
[189.625s][info][gc,phases   ] GC(402) Concurrent Reset Relocation Set 0.002ms
[189.629s][info][gc,phases   ] GC(402) Concurrent Select Relocation Set 3.862ms
[189.629s][info][gc,phases   ] GC(402) Pause Relocate Start 0.009ms
[189.629s][info][gc,phases   ] GC(402) Concurrent Relocate 0.748ms
[189.630s][info][gc,load     ] GC(402) Load: 1.93/1.65/1.66
[189.630s][info][gc,mmu      ] GC(402) MMU: 2ms/87.2%, 5ms/94.3%, 10ms/97.1%, 20ms/98.5%, 50ms/99.4%, 100ms/99.7%
[189.630s][info][gc,marking  ] GC(402) Mark: 2 stripe(s), 1 proactive flush(es), 1 terminate flush(es), 0 completion(s), 0 continuation(s) 
[189.630s][info][gc,marking  ] GC(402) Mark Stack Usage: 32M
[189.630s][info][gc,nmethod  ] GC(402) NMethods: 449 registered, 26 unregistered
[189.630s][info][gc,metaspace] GC(402) Metaspace: 0M used, 1M committed, 1088M reserved
[189.630s][info][gc,ref      ] GC(402) Soft: 2 encountered, 0 discovered, 0 enqueued
[189.630s][info][gc,ref      ] GC(402) Weak: 9 encountered, 0 discovered, 0 enqueued
[189.630s][info][gc,ref      ] GC(402) Final: 0 encountered, 0 discovered, 0 enqueued
[189.630s][info][gc,ref      ] GC(402) Phantom: 3 encountered, 2 discovered, 0 enqueued
[189.630s][info][gc,reloc    ] GC(402) Small Pages: 4 / 8M, Empty: 0M, Relocated: 0M, In-Place: 0
[189.630s][info][gc,reloc    ] GC(402) Medium Pages: 0 / 0M, Empty: 0M, Relocated: 0M, In-Place: 0
[189.630s][info][gc,reloc    ] GC(402) Large Pages: 0 / 0M, Empty: 0M, Relocated: 0M, In-Place: 0
[189.630s][info][gc,reloc    ] GC(402) Forwarding Usage: 0M
[189.630s][info][gc,heap     ] GC(402) Min Capacity: 8192M(100%)
[189.630s][info][gc,heap     ] GC(402) Max Capacity: 8192M(100%)
[189.630s][info][gc,heap     ] GC(402) Soft Max Capacity: 8192M(100%)
[189.630s][info][gc,heap     ] GC(402)                Mark Start          Mark End        Relocate Start      Relocate End           High               Low         
[189.630s][info][gc,heap     ] GC(402)  Capacity:     8192M (100%)       8192M (100%)       8192M (100%)       8192M (100%)       8192M (100%)       8192M (100%)   
[189.630s][info][gc,heap     ] GC(402)      Free:     8184M (100%)       8184M (100%)       8184M (100%)       8186M (100%)       8186M (100%)       8178M (100%)   
[189.630s][info][gc,heap     ] GC(402)      Used:        8M (0%)            8M (0%)            8M (0%)            6M (0%)           14M (0%)            6M (0%)     
[189.630s][info][gc,heap     ] GC(402)      Live:         -                 0M (0%)            0M (0%)            0M (0%)             -                  -          
[189.630s][info][gc,heap     ] GC(402) Allocated:         -                 0M (0%)            0M (0%)            0M (0%)             -                  -          
[189.630s][info][gc,heap     ] GC(402)   Garbage:         -                 7M (0%)            7M (0%)            5M (0%)             -                  -          
[189.630s][info][gc,heap     ] GC(402) Reclaimed:         -                  -                 0M (0%)            2M (0%)             -                  -          
[189.630s][info][gc          ] GC(402) Garbage Collection (System.gc()) 8M(0%)->6M(0%)
[190.014s][info][gc,stats    ] === Garbage Collection Statistics =======================================================================================================================
[190.015s][info][gc,stats    ]                                                              Last 10s              Last 10m              Last 10h                Total
[190.015s][info][gc,stats    ]                                                              Avg / Max             Avg / Max             Avg / Max             Avg / Max
[190.015s][info][gc,stats    ]   Collector: Garbage Collection Cycle                     14.374 / 24.669       13.660 / 27.701       13.660 / 27.701       13.660 / 27.701      ms
[190.015s][info][gc,stats    ]  Contention: Mark Segment Reset Contention                     0 / 1                 0 / 4                 0 / 4                 0 / 4           ops/s
[190.015s][info][gc,stats    ]  Contention: Mark SeqNum Reset Contention                      0 / 1                 0 / 3                 0 / 3                 0 / 3           ops/s
[190.015s][info][gc,stats    ]    Critical: Allocation Stall                                  0 / 0                 0 / 0                 0 / 0                 0 / 0           ops/s
[190.015s][info][gc,stats    ]    Critical: Allocation Stall                              0.000 / 0.000         0.000 / 0.000         0.000 / 0.000         0.000 / 0.000       ms
[190.015s][info][gc,stats    ]    Critical: GC Locker Stall                                   0 / 0                 0 / 0                 0 / 0                 0 / 0           ops/s
[190.015s][info][gc,stats    ]    Critical: GC Locker Stall                               0.000 / 0.000         0.000 / 0.000         0.000 / 0.000         0.000 / 0.000       ms
[190.015s][info][gc,stats    ]    Critical: Relocation Stall                                  0 / 0                 0 / 0                 0 / 0                 0 / 0           ops/s
[190.015s][info][gc,stats    ]    Critical: Relocation Stall                              0.000 / 0.000         0.000 / 0.000         0.000 / 0.000         0.000 / 0.000       ms
[190.015s][info][gc,stats    ]      Memory: Allocation Rate                                   4 / 6                 4 / 6                 4 / 6                 4 / 6           MB/s
[190.015s][info][gc,stats    ]      Memory: Defragment                                        0 / 0                 0 / 0                 0 / 0                 0 / 0           ops/s
[190.015s][info][gc,stats    ]      Memory: Out Of Memory                                     0 / 0                 0 / 0                 0 / 0                 0 / 0           ops/s
[190.015s][info][gc,stats    ]      Memory: Page Cache Flush                                  0 / 0                 0 / 0                 0 / 0                 0 / 0           MB/s
[190.015s][info][gc,stats    ]      Memory: Page Cache Hit L1                                 8 / 12                8 / 12                8 / 12                8 / 12          ops/s
[190.015s][info][gc,stats    ]      Memory: Page Cache Hit L2                                 0 / 0                 0 / 0                 0 / 0                 0 / 0           ops/s
[190.015s][info][gc,stats    ]      Memory: Page Cache Hit L3                                 0 / 0                 0 / 6                 0 / 6                 0 / 6           ops/s
[190.015s][info][gc,stats    ]      Memory: Page Cache Miss                                   0 / 0                 0 / 1                 0 / 1                 0 / 1           ops/s
[190.015s][info][gc,stats    ]      Memory: Uncommit                                          0 / 0                 0 / 0                 0 / 0                 0 / 0           MB/s
[190.015s][info][gc,stats    ]      Memory: Undo Object Allocation Failed                     0 / 0                 0 / 0                 0 / 0                 0 / 0           ops/s
[190.016s][info][gc,stats    ]      Memory: Undo Object Allocation Succeeded                  0 / 0                 0 / 0                 0 / 0                 0 / 0           ops/s
[190.016s][info][gc,stats    ]      Memory: Undo Page Allocation                              0 / 0                 0 / 0                 0 / 0                 0 / 0           ops/s
[190.016s][info][gc,stats    ]       Phase: Concurrent Mark                               6.150 / 13.494        5.002 / 15.502        5.002 / 15.502        5.002 / 15.502      ms
[190.016s][info][gc,stats    ]       Phase: Concurrent Mark Continue                      0.000 / 0.000         0.000 / 0.000         0.000 / 0.000         0.000 / 0.000       ms
[190.016s][info][gc,stats    ]       Phase: Concurrent Mark Free                          0.001 / 0.002         0.001 / 0.004         0.001 / 0.004         0.001 / 0.004       ms
[190.016s][info][gc,stats    ]       Phase: Concurrent Process Non-Strong References      2.056 / 11.612        2.004 / 13.093        2.004 / 13.093        2.004 / 13.093      ms
[190.016s][info][gc,stats    ]       Phase: Concurrent Relocate                           0.623 / 1.180         0.631 / 1.182         0.631 / 1.182         0.631 / 1.182       ms
[190.016s][info][gc,stats    ]       Phase: Concurrent Reset Relocation Set               0.002 / 0.003         0.002 / 0.028         0.002 / 0.028         0.002 / 0.028       ms
[190.016s][info][gc,stats    ]       Phase: Concurrent Select Relocation Set              3.841 / 6.589         4.399 / 15.311        4.399 / 15.311        4.399 / 15.311      ms
[190.016s][info][gc,stats    ]       Phase: Pause Mark End                                0.017 / 0.037         0.017 / 0.137         0.017 / 0.137         0.017 / 0.137       ms
[190.016s][info][gc,stats    ]       Phase: Pause Mark Start                              0.011 / 0.016         0.013 / 0.257         0.013 / 0.257         0.013 / 0.257       ms
[190.016s][info][gc,stats    ]       Phase: Pause Relocate Start                          0.008 / 0.022         0.008 / 0.134         0.008 / 0.134         0.008 / 0.134       ms
[190.016s][info][gc,stats    ]    Subphase: Concurrent Classes Purge                      0.026 / 0.081         0.028 / 0.287         0.028 / 0.287         0.028 / 0.287       ms
[190.016s][info][gc,stats    ]    Subphase: Concurrent Classes Unlink                     1.154 / 3.192         1.187 / 11.679        1.187 / 11.679        1.187 / 11.679      ms
[190.016s][info][gc,stats    ]    Subphase: Concurrent Mark                               2.806 / 9.274         2.502 / 11.772        2.502 / 11.772        2.502 / 11.772      ms
[190.016s][info][gc,stats    ]    Subphase: Concurrent Mark Try Flush                     0.531 / 5.966         0.263 / 6.755         0.263 / 6.755         0.263 / 6.755       ms
[190.016s][info][gc,stats    ]    Subphase: Concurrent Mark Try Terminate                 1.176 / 6.162         0.971 / 8.740         0.971 / 8.740         0.971 / 8.740       ms
[190.016s][info][gc,stats    ]    Subphase: Concurrent References Enqueue                 0.000 / 0.001         0.000 / 0.004         0.000 / 0.004         0.000 / 0.004       ms
[190.016s][info][gc,stats    ]    Subphase: Concurrent References Process                 0.688 / 8.319         0.388 / 9.421         0.388 / 9.421         0.388 / 9.421       ms
[190.016s][info][gc,stats    ]    Subphase: Concurrent Roots ClassLoaderDataGraph         0.200 / 2.229         0.137 / 2.621         0.137 / 2.621         0.137 / 2.621       ms
[190.016s][info][gc,stats    ]    Subphase: Concurrent Roots CodeCache                    0.000 / 0.000         0.000 / 0.000         0.000 / 0.000         0.000 / 0.000       ms
[190.016s][info][gc,stats    ]    Subphase: Concurrent Roots JavaThreads                  0.173 / 0.507         0.190 / 1.065         0.190 / 1.065         0.190 / 1.065       ms
[190.016s][info][gc,stats    ]    Subphase: Concurrent Roots OopStorageSet                0.028 / 0.671         0.018 / 1.078         0.018 / 1.078         0.018 / 1.078       ms
[190.016s][info][gc,stats    ]    Subphase: Concurrent Weak Roots OopStorageSet           0.072 / 0.291         0.062 / 0.625         0.062 / 0.625         0.062 / 0.625       ms
[190.016s][info][gc,stats    ]    Subphase: Pause Mark Try Complete                       0.000 / 0.000         0.000 / 0.000         0.000 / 0.000         0.000 / 0.000       ms
[190.016s][info][gc,stats    ]      System: Java Threads                                     10 / 10               10 / 10               10 / 10               10 / 10          threads
[190.016s][info][gc,stats    ] =========================================================================================================================================================
[190.090s][info][gc,start    ] GC(403) Garbage Collection (System.gc())
[190.090s][info][gc,task     ] GC(403) Using 3 workers
[190.091s][info][gc,phases   ] GC(403) Pause Mark Start 0.014ms
[190.094s][info][gc,phases   ] GC(403) Concurrent Mark 2.667ms
[190.094s][info][gc,phases   ] GC(403) Pause Mark End 0.013ms
[190.094s][info][gc,phases   ] GC(403) Concurrent Mark Free 0.000ms
[190.095s][info][gc,phases   ] GC(403) Concurrent Process Non-Strong References 1.053ms
[190.095s][info][gc,phases   ] GC(403) Concurrent Reset Relocation Set 0.001ms
[190.100s][info][gc,phases   ] GC(403) Concurrent Select Relocation Set 4.632ms
[190.100s][info][gc,phases   ] GC(403) Pause Relocate Start 0.007ms
[190.101s][info][gc,phases   ] GC(403) Concurrent Relocate 0.736ms
[190.101s][info][gc,load     ] GC(403) Load: 1.93/1.65/1.66
[190.101s][info][gc,mmu      ] GC(403) MMU: 2ms/87.2%, 5ms/94.3%, 10ms/97.1%, 20ms/98.5%, 50ms/99.4%, 100ms/99.7%
[190.101s][info][gc,marking  ] GC(403) Mark: 2 stripe(s), 1 proactive flush(es), 1 terminate flush(es), 0 completion(s), 0 continuation(s) 
[190.101s][info][gc,marking  ] GC(403) Mark Stack Usage: 32M
[190.101s][info][gc,nmethod  ] GC(403) NMethods: 449 registered, 26 unregistered
[190.101s][info][gc,metaspace] GC(403) Metaspace: 0M used, 1M committed, 1088M reserved
[190.101s][info][gc,ref      ] GC(403) Soft: 2 encountered, 0 discovered, 0 enqueued
[190.101s][info][gc,ref      ] GC(403) Weak: 9 encountered, 0 discovered, 0 enqueued
[190.101s][info][gc,ref      ] GC(403) Final: 0 encountered, 0 discovered, 0 enqueued
[190.101s][info][gc,ref      ] GC(403) Phantom: 3 encountered, 2 discovered, 0 enqueued
[190.101s][info][gc,reloc    ] GC(403) Small Pages: 4 / 8M, Empty: 0M, Relocated: 0M, In-Place: 0
[190.101s][info][gc,reloc    ] GC(403) Medium Pages: 0 / 0M, Empty: 0M, Relocated: 0M, In-Place: 0
[190.101s][info][gc,reloc    ] GC(403) Large Pages: 0 / 0M, Empty: 0M, Relocated: 0M, In-Place: 0
[190.101s][info][gc,reloc    ] GC(403) Forwarding Usage: 0M
[190.101s][info][gc,heap     ] GC(403) Min Capacity: 8192M(100%)
[190.101s][info][gc,heap     ] GC(403) Max Capacity: 8192M(100%)
[190.101s][info][gc,heap     ] GC(403) Soft Max Capacity: 8192M(100%)
[190.101s][info][gc,heap     ] GC(403)                Mark Start          Mark End        Relocate Start      Relocate End           High               Low         
[190.101s][info][gc,heap     ] GC(403)  Capacity:     8192M (100%)       8192M (100%)       8192M (100%)       8192M (100%)       8192M (100%)       8192M (100%)   
[190.101s][info][gc,heap     ] GC(403)      Free:     8184M (100%)       8184M (100%)       8184M (100%)       8186M (100%)       8186M (100%)       8178M (100%)   
[190.101s][info][gc,heap     ] GC(403)      Used:        8M (0%)            8M (0%)            8M (0%)            6M (0%)           14M (0%)            6M (0%)     
[190.101s][info][gc,heap     ] GC(403)      Live:         -                 0M (0%)            0M (0%)            0M (0%)             -                  -          
[190.101s][info][gc,heap     ] GC(403) Allocated:         -                 0M (0%)            0M (0%)            0M (0%)             -                  -          
[190.101s][info][gc,heap     ] GC(403)   Garbage:         -                 7M (0%)            7M (0%)            5M (0%)             -                  -          
[190.101s][info][gc,heap     ] GC(403) Reclaimed:         -                  -                 0M (0%)            2M (0%)             -                  -          
[190.101s][info][gc          ] GC(403) Garbage Collection (System.gc()) 8M(0%)->6M(0%)
[190.562s][info][gc,start    ] GC(404) Garbage Collection (System.gc())
[190.562s][info][gc,task     ] GC(404) Using 3 workers
[190.562s][info][gc,phases   ] GC(404) Pause Mark Start 0.015ms
[190.565s][info][gc,phases   ] GC(404) Concurrent Mark 2.875ms
[190.565s][info][gc,phases   ] GC(404) Pause Mark End 0.013ms
[190.565s][info][gc,phases   ] GC(404) Concurrent Mark Free 0.000ms
[190.566s][info][gc,phases   ] GC(404) Concurrent Process Non-Strong References 1.001ms
[190.566s][info][gc,phases   ] GC(404) Concurrent Reset Relocation Set 0.001ms
[190.570s][info][gc,phases   ] GC(404) Concurrent Select Relocation Set 3.272ms
[190.570s][info][gc,phases   ] GC(404) Pause Relocate Start 0.007ms
[190.570s][info][gc,phases   ] GC(404) Concurrent Relocate 0.521ms
[190.570s][info][gc,load     ] GC(404) Load: 1.94/1.65/1.66
[190.570s][info][gc,mmu      ] GC(404) MMU: 2ms/87.2%, 5ms/94.3%, 10ms/97.1%, 20ms/98.5%, 50ms/99.4%, 100ms/99.7%
[190.570s][info][gc,marking  ] GC(404) Mark: 2 stripe(s), 1 proactive flush(es), 1 terminate flush(es), 0 completion(s), 0 continuation(s) 
[190.570s][info][gc,marking  ] GC(404) Mark Stack Usage: 32M
[190.570s][info][gc,nmethod  ] GC(404) NMethods: 449 registered, 26 unregistered
[190.570s][info][gc,metaspace] GC(404) Metaspace: 0M used, 1M committed, 1088M reserved
[190.570s][info][gc,ref      ] GC(404) Soft: 2 encountered, 0 discovered, 0 enqueued
[190.570s][info][gc,ref      ] GC(404) Weak: 9 encountered, 0 discovered, 0 enqueued
[190.570s][info][gc,ref      ] GC(404) Final: 0 encountered, 0 discovered, 0 enqueued
[190.570s][info][gc,ref      ] GC(404) Phantom: 3 encountered, 2 discovered, 0 enqueued
[190.570s][info][gc,reloc    ] GC(404) Small Pages: 4 / 8M, Empty: 2M, Relocated: 0M, In-Place: 0
[190.570s][info][gc,reloc    ] GC(404) Medium Pages: 0 / 0M, Empty: 0M, Relocated: 0M, In-Place: 0
[190.570s][info][gc,reloc    ] GC(404) Large Pages: 0 / 0M, Empty: 0M, Relocated: 0M, In-Place: 0
[190.570s][info][gc,reloc    ] GC(404) Forwarding Usage: 0M
[190.570s][info][gc,heap     ] GC(404) Min Capacity: 8192M(100%)
[190.570s][info][gc,heap     ] GC(404) Max Capacity: 8192M(100%)
[190.570s][info][gc,heap     ] GC(404) Soft Max Capacity: 8192M(100%)
[190.570s][info][gc,heap     ] GC(404)                Mark Start          Mark End        Relocate Start      Relocate End           High               Low         
[190.570s][info][gc,heap     ] GC(404)  Capacity:     8192M (100%)       8192M (100%)       8192M (100%)       8192M (100%)       8192M (100%)       8192M (100%)   
[190.570s][info][gc,heap     ] GC(404)      Free:     8184M (100%)       8184M (100%)       8186M (100%)       8186M (100%)       8186M (100%)       8180M (100%)   
[190.570s][info][gc,heap     ] GC(404)      Used:        8M (0%)            8M (0%)            6M (0%)            6M (0%)           12M (0%)            6M (0%)     
[190.570s][info][gc,heap     ] GC(404)      Live:         -                 0M (0%)            0M (0%)            0M (0%)             -                  -          
[190.570s][info][gc,heap     ] GC(404) Allocated:         -                 0M (0%)            0M (0%)            0M (0%)             -                  -          
[190.570s][info][gc,heap     ] GC(404)   Garbage:         -                 7M (0%)            5M (0%)            5M (0%)             -                  -          
[190.570s][info][gc,heap     ] GC(404) Reclaimed:         -                  -                 2M (0%)            2M (0%)             -                  -          
[190.570s][info][gc          ] GC(404) Garbage Collection (System.gc()) 8M(0%)->6M(0%)
[191.027s][info][gc,start    ] GC(405) Garbage Collection (System.gc())
[191.027s][info][gc,task     ] GC(405) Using 3 workers
[191.027s][info][gc,phases   ] GC(405) Pause Mark Start 0.012ms
[191.040s][info][gc,phases   ] GC(405) Concurrent Mark 11.788ms
[191.041s][info][gc,phases   ] GC(405) Pause Mark End 0.017ms
[191.041s][info][gc,phases   ] GC(405) Concurrent Mark Free 0.002ms
[191.042s][info][gc,phases   ] GC(405) Concurrent Process Non-Strong References 1.501ms
[191.042s][info][gc,phases   ] GC(405) Concurrent Reset Relocation Set 0.001ms
[191.046s][info][gc,phases   ] GC(405) Concurrent Select Relocation Set 3.710ms
[191.046s][info][gc,phases   ] GC(405) Pause Relocate Start 0.007ms
[191.047s][info][gc,phases   ] GC(405) Concurrent Relocate 0.572ms
[191.047s][info][gc,load     ] GC(405) Load: 1.94/1.65/1.66
[191.047s][info][gc,mmu      ] GC(405) MMU: 2ms/87.2%, 5ms/94.3%, 10ms/97.1%, 20ms/98.5%, 50ms/99.4%, 100ms/99.7%
[191.047s][info][gc,marking  ] GC(405) Mark: 2 stripe(s), 1 proactive flush(es), 1 terminate flush(es), 0 completion(s), 0 continuation(s) 
[191.047s][info][gc,marking  ] GC(405) Mark Stack Usage: 32M
[191.047s][info][gc,nmethod  ] GC(405) NMethods: 449 registered, 26 unregistered
[191.047s][info][gc,metaspace] GC(405) Metaspace: 0M used, 1M committed, 1088M reserved
[191.047s][info][gc,ref      ] GC(405) Soft: 2 encountered, 0 discovered, 0 enqueued
[191.047s][info][gc,ref      ] GC(405) Weak: 9 encountered, 0 discovered, 0 enqueued
[191.047s][info][gc,ref      ] GC(405) Final: 0 encountered, 0 discovered, 0 enqueued
[191.047s][info][gc,ref      ] GC(405) Phantom: 3 encountered, 2 discovered, 0 enqueued
[191.047s][info][gc,reloc    ] GC(405) Small Pages: 4 / 8M, Empty: 0M, Relocated: 0M, In-Place: 0
[191.047s][info][gc,reloc    ] GC(405) Medium Pages: 0 / 0M, Empty: 0M, Relocated: 0M, In-Place: 0
[191.047s][info][gc,reloc    ] GC(405) Large Pages: 0 / 0M, Empty: 0M, Relocated: 0M, In-Place: 0
[191.047s][info][gc,reloc    ] GC(405) Forwarding Usage: 0M
[191.047s][info][gc,heap     ] GC(405) Min Capacity: 8192M(100%)
[191.047s][info][gc,heap     ] GC(405) Max Capacity: 8192M(100%)
[191.047s][info][gc,heap     ] GC(405) Soft Max Capacity: 8192M(100%)
[191.047s][info][gc,heap     ] GC(405)                Mark Start          Mark End        Relocate Start      Relocate End           High               Low         
[191.047s][info][gc,heap     ] GC(405)  Capacity:     8192M (100%)       8192M (100%)       8192M (100%)       8192M (100%)       8192M (100%)       8192M (100%)   
[191.047s][info][gc,heap     ] GC(405)      Free:     8184M (100%)       8184M (100%)       8184M (100%)       8186M (100%)       8186M (100%)       8178M (100%)   
[191.047s][info][gc,heap     ] GC(405)      Used:        8M (0%)            8M (0%)            8M (0%)            6M (0%)           14M (0%)            6M (0%)     
[191.047s][info][gc,heap     ] GC(405)      Live:         -                 0M (0%)            0M (0%)            0M (0%)             -                  -          
[191.047s][info][gc,heap     ] GC(405) Allocated:         -                 0M (0%)            0M (0%)            0M (0%)             -                  -          
[191.047s][info][gc,heap     ] GC(405)   Garbage:         -                 7M (0%)            7M (0%)            5M (0%)             -                  -          
[191.047s][info][gc,heap     ] GC(405) Reclaimed:         -                  -                 0M (0%)            2M (0%)             -                  -          
[191.047s][info][gc          ] GC(405) Garbage Collection (System.gc()) 8M(0%)->6M(0%)
[191.503s][info][gc,start    ] GC(406) Garbage Collection (System.gc())
[191.503s][info][gc,task     ] GC(406) Using 3 workers
[191.503s][info][gc,phases   ] GC(406) Pause Mark Start 0.014ms
[191.515s][info][gc,phases   ] GC(406) Concurrent Mark 3.603ms
[191.516s][info][gc,phases   ] GC(406) Pause Mark End 0.015ms
[191.516s][info][gc,phases   ] GC(406) Concurrent Mark Free 0.001ms
[191.517s][info][gc,phases   ] GC(406) Concurrent Process Non-Strong References 1.042ms
[191.517s][info][gc,phases   ] GC(406) Concurrent Reset Relocation Set 0.001ms
[191.521s][info][gc,phases   ] GC(406) Concurrent Select Relocation Set 4.367ms
[191.521s][info][gc,phases   ] GC(406) Pause Relocate Start 0.008ms
[191.522s][info][gc,phases   ] GC(406) Concurrent Relocate 0.722ms
[191.522s][info][gc,load     ] GC(406) Load: 1.94/1.65/1.66
[191.522s][info][gc,mmu      ] GC(406) MMU: 2ms/87.2%, 5ms/94.3%, 10ms/97.1%, 20ms/98.5%, 50ms/99.4%, 100ms/99.7%
[191.522s][info][gc,marking  ] GC(406) Mark: 2 stripe(s), 1 proactive flush(es), 1 terminate flush(es), 0 completion(s), 0 continuation(s) 
[191.522s][info][gc,marking  ] GC(406) Mark Stack Usage: 32M
[191.522s][info][gc,nmethod  ] GC(406) NMethods: 449 registered, 26 unregistered
[191.522s][info][gc,metaspace] GC(406) Metaspace: 0M used, 1M committed, 1088M reserved
[191.522s][info][gc,ref      ] GC(406) Soft: 2 encountered, 0 discovered, 0 enqueued
[191.522s][info][gc,ref      ] GC(406) Weak: 9 encountered, 0 discovered, 0 enqueued
[191.522s][info][gc,ref      ] GC(406) Final: 0 encountered, 0 discovered, 0 enqueued
[191.522s][info][gc,ref      ] GC(406) Phantom: 3 encountered, 2 discovered, 0 enqueued
[191.522s][info][gc,reloc    ] GC(406) Small Pages: 4 / 8M, Empty: 0M, Relocated: 0M, In-Place: 0
[191.522s][info][gc,reloc    ] GC(406) Medium Pages: 0 / 0M, Empty: 0M, Relocated: 0M, In-Place: 0
[191.522s][info][gc,reloc    ] GC(406) Large Pages: 0 / 0M, Empty: 0M, Relocated: 0M, In-Place: 0
[191.522s][info][gc,reloc    ] GC(406) Forwarding Usage: 0M
[191.522s][info][gc,heap     ] GC(406) Min Capacity: 8192M(100%)
[191.522s][info][gc,heap     ] GC(406) Max Capacity: 8192M(100%)
[191.522s][info][gc,heap     ] GC(406) Soft Max Capacity: 8192M(100%)
[191.522s][info][gc,heap     ] GC(406)                Mark Start          Mark End        Relocate Start      Relocate End           High               Low         
[191.522s][info][gc,heap     ] GC(406)  Capacity:     8192M (100%)       8192M (100%)       8192M (100%)       8192M (100%)       8192M (100%)       8192M (100%)   
[191.522s][info][gc,heap     ] GC(406)      Free:     8184M (100%)       8184M (100%)       8184M (100%)       8186M (100%)       8186M (100%)       8180M (100%)   
[191.522s][info][gc,heap     ] GC(406)      Used:        8M (0%)            8M (0%)            8M (0%)            6M (0%)           12M (0%)            6M (0%)     
[191.522s][info][gc,heap     ] GC(406)      Live:         -                 0M (0%)            0M (0%)            0M (0%)             -                  -          
[191.522s][info][gc,heap     ] GC(406) Allocated:         -                 0M (0%)            0M (0%)            0M (0%)             -                  -          
[191.522s][info][gc,heap     ] GC(406)   Garbage:         -                 7M (0%)            7M (0%)            5M (0%)             -                  -          
[191.522s][info][gc,heap     ] GC(406) Reclaimed:         -                  -                 0M (0%)            2M (0%)             -                  -          
[191.522s][info][gc          ] GC(406) Garbage Collection (System.gc()) 8M(0%)->6M(0%)
[191.977s][info][gc,start    ] GC(407) Garbage Collection (System.gc())
[191.978s][info][gc,task     ] GC(407) Using 3 workers
[191.978s][info][gc,phases   ] GC(407) Pause Mark Start 0.014ms
[191.990s][info][gc,phases   ] GC(407) Concurrent Mark 12.633ms
[191.991s][info][gc,phases   ] GC(407) Pause Mark End 0.026ms
[191.991s][info][gc,phases   ] GC(407) Concurrent Mark Free 0.001ms
[191.993s][info][gc,phases   ] GC(407) Concurrent Process Non-Strong References 2.243ms
[191.993s][info][gc,phases   ] GC(407) Concurrent Reset Relocation Set 0.003ms
[191.998s][info][gc,phases   ] GC(407) Concurrent Select Relocation Set 5.062ms
[191.998s][info][gc,phases   ] GC(407) Pause Relocate Start 0.009ms
[191.999s][info][gc,phases   ] GC(407) Concurrent Relocate 0.732ms
[191.999s][info][gc,load     ] GC(407) Load: 1.94/1.65/1.66
[191.999s][info][gc,mmu      ] GC(407) MMU: 2ms/87.2%, 5ms/94.3%, 10ms/97.1%, 20ms/98.5%, 50ms/99.4%, 100ms/99.7%
[191.999s][info][gc,marking  ] GC(407) Mark: 2 stripe(s), 1 proactive flush(es), 1 terminate flush(es), 0 completion(s), 0 continuation(s) 
[191.999s][info][gc,marking  ] GC(407) Mark Stack Usage: 32M
[191.999s][info][gc,nmethod  ] GC(407) NMethods: 449 registered, 26 unregistered
[191.999s][info][gc,metaspace] GC(407) Metaspace: 0M used, 0M committed, 1088M reserved
[191.999s][info][gc,ref      ] GC(407) Soft: 2 encountered, 0 discovered, 0 enqueued
[191.999s][info][gc,ref      ] GC(407) Weak: 9 encountered, 0 discovered, 0 enqueued
[191.999s][info][gc,ref      ] GC(407) Final: 0 encountered, 0 discovered, 0 enqueued
[191.999s][info][gc,ref      ] GC(407) Phantom: 3 encountered, 1 discovered, 0 enqueued
[191.999s][info][gc,reloc    ] GC(407) Small Pages: 4 / 8M, Empty: 2M, Relocated: 0M, In-Place: 0
[191.999s][info][gc,reloc    ] GC(407) Medium Pages: 0 / 0M, Empty: 0M, Relocated: 0M, In-Place: 0
[191.999s][info][gc,reloc    ] GC(407) Large Pages: 0 / 0M, Empty: 0M, Relocated: 0M, In-Place: 0
[191.999s][info][gc,reloc    ] GC(407) Forwarding Usage: 0M
[191.999s][info][gc,heap     ] GC(407) Min Capacity: 8192M(100%)
[191.999s][info][gc,heap     ] GC(407) Max Capacity: 8192M(100%)
[191.999s][info][gc,heap     ] GC(407) Soft Max Capacity: 8192M(100%)
[191.999s][info][gc,heap     ] GC(407)                Mark Start          Mark End        Relocate Start      Relocate End           High               Low         
[191.999s][info][gc,heap     ] GC(407)  Capacity:     8192M (100%)       8192M (100%)       8192M (100%)       8192M (100%)       8192M (100%)       8192M (100%)   
[191.999s][info][gc,heap     ] GC(407)      Free:     8184M (100%)       8184M (100%)       8186M (100%)       8186M (100%)       8186M (100%)       8180M (100%)   
[191.999s][info][gc,heap     ] GC(407)      Used:        8M (0%)            8M (0%)            6M (0%)            6M (0%)           12M (0%)            6M (0%)     
[191.999s][info][gc,heap     ] GC(407)      Live:         -                 0M (0%)            0M (0%)            0M (0%)             -                  -          
[191.999s][info][gc,heap     ] GC(407) Allocated:         -                 0M (0%)            0M (0%)            0M (0%)             -                  -          
[191.999s][info][gc,heap     ] GC(407)   Garbage:         -                 7M (0%)            5M (0%)            5M (0%)             -                  -          
[191.999s][info][gc,heap     ] GC(407) Reclaimed:         -                  -                 2M (0%)            2M (0%)             -                  -          
[191.999s][info][gc          ] GC(407) Garbage Collection (System.gc()) 8M(0%)->6M(0%)
[192.456s][info][gc,start    ] GC(408) Garbage Collection (System.gc())
[192.456s][info][gc,task     ] GC(408) Using 3 workers
[192.456s][info][gc,phases   ] GC(408) Pause Mark Start 0.021ms
[192.460s][info][gc,phases   ] GC(408) Concurrent Mark 3.737ms
[192.460s][info][gc,phases   ] GC(408) Pause Mark End 0.035ms
[192.460s][info][gc,phases   ] GC(408) Concurrent Mark Free 0.001ms
[192.471s][info][gc,phases   ] GC(408) Concurrent Process Non-Strong References 10.777ms
[192.471s][info][gc,phases   ] GC(408) Concurrent Reset Relocation Set 0.001ms
[192.475s][info][gc,phases   ] GC(408) Concurrent Select Relocation Set 3.709ms
[192.475s][info][gc,phases   ] GC(408) Pause Relocate Start 0.009ms
[192.476s][info][gc,phases   ] GC(408) Concurrent Relocate 0.673ms
[192.476s][info][gc,load     ] GC(408) Load: 1.94/1.65/1.66
[192.476s][info][gc,mmu      ] GC(408) MMU: 2ms/87.2%, 5ms/94.3%, 10ms/97.1%, 20ms/98.5%, 50ms/99.4%, 100ms/99.7%
[192.476s][info][gc,marking  ] GC(408) Mark: 2 stripe(s), 1 proactive flush(es), 1 terminate flush(es), 0 completion(s), 0 continuation(s) 
[192.476s][info][gc,marking  ] GC(408) Mark Stack Usage: 32M
[192.476s][info][gc,nmethod  ] GC(408) NMethods: 449 registered, 26 unregistered
[192.476s][info][gc,metaspace] GC(408) Metaspace: 0M used, 0M committed, 1088M reserved
[192.476s][info][gc,ref      ] GC(408) Soft: 2 encountered, 0 discovered, 0 enqueued
[192.476s][info][gc,ref      ] GC(408) Weak: 9 encountered, 0 discovered, 0 enqueued
[192.476s][info][gc,ref      ] GC(408) Final: 0 encountered, 0 discovered, 0 enqueued
[192.476s][info][gc,ref      ] GC(408) Phantom: 3 encountered, 3 discovered, 0 enqueued
[192.476s][info][gc,reloc    ] GC(408) Small Pages: 4 / 8M, Empty: 0M, Relocated: 0M, In-Place: 0
[192.476s][info][gc,reloc    ] GC(408) Medium Pages: 0 / 0M, Empty: 0M, Relocated: 0M, In-Place: 0
[192.476s][info][gc,reloc    ] GC(408) Large Pages: 0 / 0M, Empty: 0M, Relocated: 0M, In-Place: 0
[192.476s][info][gc,reloc    ] GC(408) Forwarding Usage: 0M
[192.476s][info][gc,heap     ] GC(408) Min Capacity: 8192M(100%)
[192.476s][info][gc,heap     ] GC(408) Max Capacity: 8192M(100%)
[192.476s][info][gc,heap     ] GC(408) Soft Max Capacity: 8192M(100%)
[192.476s][info][gc,heap     ] GC(408)                Mark Start          Mark End        Relocate Start      Relocate End           High               Low         
[192.476s][info][gc,heap     ] GC(408)  Capacity:     8192M (100%)       8192M (100%)       8192M (100%)       8192M (100%)       8192M (100%)       8192M (100%)   
[192.476s][info][gc,heap     ] GC(408)      Free:     8184M (100%)       8184M (100%)       8184M (100%)       8186M (100%)       8186M (100%)       8178M (100%)   
[192.476s][info][gc,heap     ] GC(408)      Used:        8M (0%)            8M (0%)            8M (0%)            6M (0%)           14M (0%)            6M (0%)     
[192.476s][info][gc,heap     ] GC(408)      Live:         -                 0M (0%)            0M (0%)            0M (0%)             -                  -          
[192.476s][info][gc,heap     ] GC(408) Allocated:         -                 0M (0%)            0M (0%)            0M (0%)             -                  -          
[192.476s][info][gc,heap     ] GC(408)   Garbage:         -                 7M (0%)            7M (0%)            5M (0%)             -                  -          
[192.476s][info][gc,heap     ] GC(408) Reclaimed:         -                  -                 0M (0%)            2M (0%)             -                  -          
[192.476s][info][gc          ] GC(408) Garbage Collection (System.gc()) 8M(0%)->6M(0%)
[192.931s][info][gc,start    ] GC(409) Garbage Collection (System.gc())
[192.931s][info][gc,task     ] GC(409) Using 3 workers
[192.932s][info][gc,phases   ] GC(409) Pause Mark Start 0.013ms
[192.944s][info][gc,phases   ] GC(409) Concurrent Mark 12.655ms
[192.945s][info][gc,phases   ] GC(409) Pause Mark End 0.026ms
[192.945s][info][gc,phases   ] GC(409) Concurrent Mark Free 0.001ms
[192.946s][info][gc,phases   ] GC(409) Concurrent Process Non-Strong References 1.422ms
[192.946s][info][gc,phases   ] GC(409) Concurrent Reset Relocation Set 0.003ms
[192.950s][info][gc,phases   ] GC(409) Concurrent Select Relocation Set 3.851ms
[192.950s][info][gc,phases   ] GC(409) Pause Relocate Start 0.008ms
[192.951s][info][gc,phases   ] GC(409) Concurrent Relocate 0.519ms
[192.951s][info][gc,load     ] GC(409) Load: 1.94/1.65/1.66
[192.951s][info][gc,mmu      ] GC(409) MMU: 2ms/87.2%, 5ms/94.3%, 10ms/97.1%, 20ms/98.5%, 50ms/99.4%, 100ms/99.7%
[192.951s][info][gc,marking  ] GC(409) Mark: 2 stripe(s), 1 proactive flush(es), 1 terminate flush(es), 0 completion(s), 0 continuation(s) 
[192.951s][info][gc,marking  ] GC(409) Mark Stack Usage: 32M
[192.951s][info][gc,nmethod  ] GC(409) NMethods: 449 registered, 26 unregistered
[192.951s][info][gc,metaspace] GC(409) Metaspace: 0M used, 0M committed, 1088M reserved
[192.951s][info][gc,ref      ] GC(409) Soft: 2 encountered, 0 discovered, 0 enqueued
[192.951s][info][gc,ref      ] GC(409) Weak: 9 encountered, 0 discovered, 0 enqueued
[192.951s][info][gc,ref      ] GC(409) Final: 0 encountered, 0 discovered, 0 enqueued
[192.951s][info][gc,ref      ] GC(409) Phantom: 3 encountered, 2 discovered, 0 enqueued
[192.951s][info][gc,reloc    ] GC(409) Small Pages: 4 / 8M, Empty: 0M, Relocated: 0M, In-Place: 0
[192.951s][info][gc,reloc    ] GC(409) Medium Pages: 0 / 0M, Empty: 0M, Relocated: 0M, In-Place: 0
[192.951s][info][gc,reloc    ] GC(409) Large Pages: 0 / 0M, Empty: 0M, Relocated: 0M, In-Place: 0
[192.951s][info][gc,reloc    ] GC(409) Forwarding Usage: 0M
[192.951s][info][gc,heap     ] GC(409) Min Capacity: 8192M(100%)
[192.951s][info][gc,heap     ] GC(409) Max Capacity: 8192M(100%)
[192.951s][info][gc,heap     ] GC(409) Soft Max Capacity: 8192M(100%)
[192.951s][info][gc,heap     ] GC(409)                Mark Start          Mark End        Relocate Start      Relocate End           High               Low         
[192.951s][info][gc,heap     ] GC(409)  Capacity:     8192M (100%)       8192M (100%)       8192M (100%)       8192M (100%)       8192M (100%)       8192M (100%)   
[192.951s][info][gc,heap     ] GC(409)      Free:     8184M (100%)       8184M (100%)       8184M (100%)       8186M (100%)       8186M (100%)       8178M (100%)   
[192.951s][info][gc,heap     ] GC(409)      Used:        8M (0%)            8M (0%)            8M (0%)            6M (0%)           14M (0%)            6M (0%)     
[192.951s][info][gc,heap     ] GC(409)      Live:         -                 0M (0%)            0M (0%)            0M (0%)             -                  -          
[192.951s][info][gc,heap     ] GC(409) Allocated:         -                 0M (0%)            0M (0%)            0M (0%)             -                  -          
[192.951s][info][gc,heap     ] GC(409)   Garbage:         -                 7M (0%)            7M (0%)            5M (0%)             -                  -          
[192.951s][info][gc,heap     ] GC(409) Reclaimed:         -                  -                 0M (0%)            2M (0%)             -                  -          
[192.951s][info][gc          ] GC(409) Garbage Collection (System.gc()) 8M(0%)->6M(0%)
[193.408s][info][gc,start    ] GC(410) Garbage Collection (System.gc())
[193.408s][info][gc,task     ] GC(410) Using 3 workers
[193.408s][info][gc,phases   ] GC(410) Pause Mark Start 0.013ms
[193.421s][info][gc,phases   ] GC(410) Concurrent Mark 12.428ms
[193.421s][info][gc,phases   ] GC(410) Pause Mark End 0.024ms
[193.421s][info][gc,phases   ] GC(410) Concurrent Mark Free 0.001ms
[193.423s][info][gc,phases   ] GC(410) Concurrent Process Non-Strong References 2.260ms
[193.423s][info][gc,phases   ] GC(410) Concurrent Reset Relocation Set 0.003ms
[193.427s][info][gc,phases   ] GC(410) Concurrent Select Relocation Set 3.594ms
[193.427s][info][gc,phases   ] GC(410) Pause Relocate Start 0.007ms
[193.428s][info][gc,phases   ] GC(410) Concurrent Relocate 0.525ms
[193.428s][info][gc,load     ] GC(410) Load: 1.94/1.65/1.66
[193.428s][info][gc,mmu      ] GC(410) MMU: 2ms/87.2%, 5ms/94.3%, 10ms/97.1%, 20ms/98.5%, 50ms/99.4%, 100ms/99.7%
[193.428s][info][gc,marking  ] GC(410) Mark: 2 stripe(s), 1 proactive flush(es), 1 terminate flush(es), 0 completion(s), 0 continuation(s) 
[193.428s][info][gc,marking  ] GC(410) Mark Stack Usage: 32M
[193.428s][info][gc,nmethod  ] GC(410) NMethods: 449 registered, 26 unregistered
[193.428s][info][gc,metaspace] GC(410) Metaspace: 0M used, 0M committed, 1088M reserved
[193.428s][info][gc,ref      ] GC(410) Soft: 2 encountered, 0 discovered, 0 enqueued
[193.428s][info][gc,ref      ] GC(410) Weak: 9 encountered, 0 discovered, 0 enqueued
[193.428s][info][gc,ref      ] GC(410) Final: 0 encountered, 0 discovered, 0 enqueued
[193.428s][info][gc,ref      ] GC(410) Phantom: 3 encountered, 2 discovered, 0 enqueued
[193.428s][info][gc,reloc    ] GC(410) Small Pages: 4 / 8M, Empty: 0M, Relocated: 0M, In-Place: 0
[193.428s][info][gc,reloc    ] GC(410) Medium Pages: 0 / 0M, Empty: 0M, Relocated: 0M, In-Place: 0
[193.428s][info][gc,reloc    ] GC(410) Large Pages: 0 / 0M, Empty: 0M, Relocated: 0M, In-Place: 0
[193.428s][info][gc,reloc    ] GC(410) Forwarding Usage: 0M
[193.428s][info][gc,heap     ] GC(410) Min Capacity: 8192M(100%)
[193.428s][info][gc,heap     ] GC(410) Max Capacity: 8192M(100%)
[193.428s][info][gc,heap     ] GC(410) Soft Max Capacity: 8192M(100%)
[193.428s][info][gc,heap     ] GC(410)                Mark Start          Mark End        Relocate Start      Relocate End           High               Low         
[193.428s][info][gc,heap     ] GC(410)  Capacity:     8192M (100%)       8192M (100%)       8192M (100%)       8192M (100%)       8192M (100%)       8192M (100%)   
[193.428s][info][gc,heap     ] GC(410)      Free:     8184M (100%)       8184M (100%)       8184M (100%)       8186M (100%)       8186M (100%)       8178M (100%)   
[193.428s][info][gc,heap     ] GC(410)      Used:        8M (0%)            8M (0%)            8M (0%)            6M (0%)           14M (0%)            6M (0%)     
[193.428s][info][gc,heap     ] GC(410)      Live:         -                 0M (0%)            0M (0%)            0M (0%)             -                  -          
[193.428s][info][gc,heap     ] GC(410) Allocated:         -                 0M (0%)            0M (0%)            0M (0%)             -                  -          
[193.428s][info][gc,heap     ] GC(410)   Garbage:         -                 7M (0%)            7M (0%)            5M (0%)             -                  -          
[193.428s][info][gc,heap     ] GC(410) Reclaimed:         -                  -                 0M (0%)            2M (0%)             -                  -          
[193.428s][info][gc          ] GC(410) Garbage Collection (System.gc()) 8M(0%)->6M(0%)
[193.884s][info][gc,start    ] GC(411) Garbage Collection (System.gc())
[193.884s][info][gc,task     ] GC(411) Using 3 workers
[193.884s][info][gc,phases   ] GC(411) Pause Mark Start 0.013ms
[193.889s][info][gc,phases   ] GC(411) Concurrent Mark 4.923ms
[193.890s][info][gc,phases   ] GC(411) Pause Mark End 0.022ms
[193.890s][info][gc,phases   ] GC(411) Concurrent Mark Free 0.001ms
[193.901s][info][gc,phases   ] GC(411) Concurrent Process Non-Strong References 10.722ms
[193.901s][info][gc,phases   ] GC(411) Concurrent Reset Relocation Set 0.002ms
[193.905s][info][gc,phases   ] GC(411) Concurrent Select Relocation Set 3.824ms
[193.905s][info][gc,phases   ] GC(411) Pause Relocate Start 0.009ms
[193.905s][info][gc,phases   ] GC(411) Concurrent Relocate 0.766ms
[193.906s][info][gc,load     ] GC(411) Load: 1.94/1.65/1.66
[193.906s][info][gc,mmu      ] GC(411) MMU: 2ms/87.2%, 5ms/94.3%, 10ms/97.1%, 20ms/98.5%, 50ms/99.4%, 100ms/99.7%
[193.906s][info][gc,marking  ] GC(411) Mark: 2 stripe(s), 1 proactive flush(es), 1 terminate flush(es), 0 completion(s), 0 continuation(s) 
[193.906s][info][gc,marking  ] GC(411) Mark Stack Usage: 32M
[193.906s][info][gc,nmethod  ] GC(411) NMethods: 449 registered, 26 unregistered
[193.906s][info][gc,metaspace] GC(411) Metaspace: 0M used, 0M committed, 1088M reserved
[193.906s][info][gc,ref      ] GC(411) Soft: 2 encountered, 0 discovered, 0 enqueued
[193.906s][info][gc,ref      ] GC(411) Weak: 9 encountered, 1 discovered, 0 enqueued
[193.906s][info][gc,ref      ] GC(411) Final: 0 encountered, 0 discovered, 0 enqueued
[193.906s][info][gc,ref      ] GC(411) Phantom: 3 encountered, 2 discovered, 0 enqueued
[193.906s][info][gc,reloc    ] GC(411) Small Pages: 4 / 8M, Empty: 0M, Relocated: 0M, In-Place: 0
[193.906s][info][gc,reloc    ] GC(411) Medium Pages: 0 / 0M, Empty: 0M, Relocated: 0M, In-Place: 0
[193.906s][info][gc,reloc    ] GC(411) Large Pages: 0 / 0M, Empty: 0M, Relocated: 0M, In-Place: 0
[193.906s][info][gc,reloc    ] GC(411) Forwarding Usage: 0M
[193.906s][info][gc,heap     ] GC(411) Min Capacity: 8192M(100%)
[193.906s][info][gc,heap     ] GC(411) Max Capacity: 8192M(100%)
[193.906s][info][gc,heap     ] GC(411) Soft Max Capacity: 8192M(100%)
[193.906s][info][gc,heap     ] GC(411)                Mark Start          Mark End        Relocate Start      Relocate End           High               Low         
[193.906s][info][gc,heap     ] GC(411)  Capacity:     8192M (100%)       8192M (100%)       8192M (100%)       8192M (100%)       8192M (100%)       8192M (100%)   
[193.906s][info][gc,heap     ] GC(411)      Free:     8184M (100%)       8184M (100%)       8184M (100%)       8186M (100%)       8186M (100%)       8180M (100%)   
[193.906s][info][gc,heap     ] GC(411)      Used:        8M (0%)            8M (0%)            8M (0%)            6M (0%)           12M (0%)            6M (0%)     
[193.906s][info][gc,heap     ] GC(411)      Live:         -                 0M (0%)            0M (0%)            0M (0%)             -                  -          
[193.906s][info][gc,heap     ] GC(411) Allocated:         -                 0M (0%)            0M (0%)            0M (0%)             -                  -          
[193.906s][info][gc,heap     ] GC(411)   Garbage:         -                 7M (0%)            7M (0%)            5M (0%)             -                  -          
[193.906s][info][gc,heap     ] GC(411) Reclaimed:         -                  -                 0M (0%)            2M (0%)             -                  -          
[193.906s][info][gc          ] GC(411) Garbage Collection (System.gc()) 8M(0%)->6M(0%)
[194.360s][info][gc,start    ] GC(412) Garbage Collection (System.gc())
[194.360s][info][gc,task     ] GC(412) Using 3 workers
[194.361s][info][gc,phases   ] GC(412) Pause Mark Start 0.014ms
[194.373s][info][gc,phases   ] GC(412) Concurrent Mark 12.574ms
[194.373s][info][gc,phases   ] GC(412) Pause Mark End 0.026ms
[194.374s][info][gc,phases   ] GC(412) Concurrent Mark Free 0.001ms
[194.376s][info][gc,phases   ] GC(412) Concurrent Process Non-Strong References 2.201ms
[194.376s][info][gc,phases   ] GC(412) Concurrent Reset Relocation Set 0.003ms
[194.380s][info][gc,phases   ] GC(412) Concurrent Select Relocation Set 3.690ms
[194.380s][info][gc,phases   ] GC(412) Pause Relocate Start 0.016ms
[194.381s][info][gc,phases   ] GC(412) Concurrent Relocate 1.162ms
[194.381s][info][gc,load     ] GC(412) Load: 1.94/1.65/1.66
[194.381s][info][gc,mmu      ] GC(412) MMU: 2ms/87.2%, 5ms/94.3%, 10ms/97.1%, 20ms/98.5%, 50ms/99.4%, 100ms/99.7%
[194.381s][info][gc,marking  ] GC(412) Mark: 2 stripe(s), 1 proactive flush(es), 1 terminate flush(es), 0 completion(s), 0 continuation(s) 
[194.381s][info][gc,marking  ] GC(412) Mark Stack Usage: 32M
[194.381s][info][gc,nmethod  ] GC(412) NMethods: 449 registered, 26 unregistered
[194.381s][info][gc,metaspace] GC(412) Metaspace: 0M used, 0M committed, 1088M reserved
[194.381s][info][gc,ref      ] GC(412) Soft: 2 encountered, 0 discovered, 0 enqueued
[194.381s][info][gc,ref      ] GC(412) Weak: 9 encountered, 0 discovered, 0 enqueued
[194.381s][info][gc,ref      ] GC(412) Final: 0 encountered, 0 discovered, 0 enqueued
[194.381s][info][gc,ref      ] GC(412) Phantom: 3 encountered, 2 discovered, 0 enqueued
[194.381s][info][gc,reloc    ] GC(412) Small Pages: 4 / 8M, Empty: 0M, Relocated: 0M, In-Place: 0
[194.381s][info][gc,reloc    ] GC(412) Medium Pages: 0 / 0M, Empty: 0M, Relocated: 0M, In-Place: 0
[194.381s][info][gc,reloc    ] GC(412) Large Pages: 0 / 0M, Empty: 0M, Relocated: 0M, In-Place: 0
[194.381s][info][gc,reloc    ] GC(412) Forwarding Usage: 0M
[194.381s][info][gc,heap     ] GC(412) Min Capacity: 8192M(100%)
[194.381s][info][gc,heap     ] GC(412) Max Capacity: 8192M(100%)
[194.381s][info][gc,heap     ] GC(412) Soft Max Capacity: 8192M(100%)
[194.381s][info][gc,heap     ] GC(412)                Mark Start          Mark End        Relocate Start      Relocate End           High               Low         
[194.381s][info][gc,heap     ] GC(412)  Capacity:     8192M (100%)       8192M (100%)       8192M (100%)       8192M (100%)       8192M (100%)       8192M (100%)   
[194.381s][info][gc,heap     ] GC(412)      Free:     8184M (100%)       8184M (100%)       8184M (100%)       8186M (100%)       8186M (100%)       8178M (100%)   
[194.381s][info][gc,heap     ] GC(412)      Used:        8M (0%)            8M (0%)            8M (0%)            6M (0%)           14M (0%)            6M (0%)     
[194.381s][info][gc,heap     ] GC(412)      Live:         -                 0M (0%)            0M (0%)            0M (0%)             -                  -          
[194.381s][info][gc,heap     ] GC(412) Allocated:         -                 0M (0%)            0M (0%)            0M (0%)             -                  -          
[194.381s][info][gc,heap     ] GC(412)   Garbage:         -                 7M (0%)            7M (0%)            5M (0%)             -                  -          
[194.381s][info][gc,heap     ] GC(412) Reclaimed:         -                  -                 0M (0%)            2M (0%)             -                  -          
[194.381s][info][gc          ] GC(412) Garbage Collection (System.gc()) 8M(0%)->6M(0%)
[194.840s][info][gc,start    ] GC(413) Garbage Collection (System.gc())
[194.840s][info][gc,task     ] GC(413) Using 3 workers
[194.840s][info][gc,phases   ] GC(413) Pause Mark Start 0.015ms
[194.852s][info][gc,phases   ] GC(413) Concurrent Mark 11.378ms
[194.852s][info][gc,phases   ] GC(413) Pause Mark End 0.014ms
[194.852s][info][gc,phases   ] GC(413) Concurrent Mark Free 0.000ms
[194.853s][info][gc,phases   ] GC(413) Concurrent Process Non-Strong References 1.024ms
[194.853s][info][gc,phases   ] GC(413) Concurrent Reset Relocation Set 0.001ms
[194.857s][info][gc,phases   ] GC(413) Concurrent Select Relocation Set 4.058ms
[194.857s][info][gc,phases   ] GC(413) Pause Relocate Start 0.010ms
[194.858s][info][gc,phases   ] GC(413) Concurrent Relocate 0.697ms
[194.858s][info][gc,load     ] GC(413) Load: 1.94/1.65/1.66
[194.858s][info][gc,mmu      ] GC(413) MMU: 2ms/87.2%, 5ms/94.3%, 10ms/97.1%, 20ms/98.5%, 50ms/99.4%, 100ms/99.7%
[194.858s][info][gc,marking  ] GC(413) Mark: 2 stripe(s), 1 proactive flush(es), 1 terminate flush(es), 0 completion(s), 0 continuation(s) 
[194.858s][info][gc,marking  ] GC(413) Mark Stack Usage: 32M
[194.858s][info][gc,nmethod  ] GC(413) NMethods: 449 registered, 26 unregistered
[194.858s][info][gc,metaspace] GC(413) Metaspace: 0M used, 0M committed, 1088M reserved
[194.858s][info][gc,ref      ] GC(413) Soft: 2 encountered, 0 discovered, 0 enqueued
[194.858s][info][gc,ref      ] GC(413) Weak: 9 encountered, 0 discovered, 0 enqueued
[194.858s][info][gc,ref      ] GC(413) Final: 0 encountered, 0 discovered, 0 enqueued
[194.858s][info][gc,ref      ] GC(413) Phantom: 3 encountered, 2 discovered, 0 enqueued
[194.858s][info][gc,reloc    ] GC(413) Small Pages: 4 / 8M, Empty: 0M, Relocated: 0M, In-Place: 0
[194.858s][info][gc,reloc    ] GC(413) Medium Pages: 0 / 0M, Empty: 0M, Relocated: 0M, In-Place: 0
[194.858s][info][gc,reloc    ] GC(413) Large Pages: 0 / 0M, Empty: 0M, Relocated: 0M, In-Place: 0
[194.858s][info][gc,reloc    ] GC(413) Forwarding Usage: 0M
[194.858s][info][gc,heap     ] GC(413) Min Capacity: 8192M(100%)
[194.858s][info][gc,heap     ] GC(413) Max Capacity: 8192M(100%)
[194.858s][info][gc,heap     ] GC(413) Soft Max Capacity: 8192M(100%)
[194.858s][info][gc,heap     ] GC(413)                Mark Start          Mark End        Relocate Start      Relocate End           High               Low         
[194.858s][info][gc,heap     ] GC(413)  Capacity:     8192M (100%)       8192M (100%)       8192M (100%)       8192M (100%)       8192M (100%)       8192M (100%)   
[194.858s][info][gc,heap     ] GC(413)      Free:     8184M (100%)       8184M (100%)       8184M (100%)       8186M (100%)       8186M (100%)       8178M (100%)   
[194.858s][info][gc,heap     ] GC(413)      Used:        8M (0%)            8M (0%)            8M (0%)            6M (0%)           14M (0%)            6M (0%)     
[194.858s][info][gc,heap     ] GC(413)      Live:         -                 0M (0%)            0M (0%)            0M (0%)             -                  -          
[194.858s][info][gc,heap     ] GC(413) Allocated:         -                 0M (0%)            0M (0%)            0M (0%)             -                  -          
[194.858s][info][gc,heap     ] GC(413)   Garbage:         -                 7M (0%)            7M (0%)            5M (0%)             -                  -          
[194.858s][info][gc,heap     ] GC(413) Reclaimed:         -                  -                 0M (0%)            2M (0%)             -                  -          
[194.858s][info][gc          ] GC(413) Garbage Collection (System.gc()) 8M(0%)->6M(0%)
[195.313s][info][gc,start    ] GC(414) Garbage Collection (System.gc())
[195.314s][info][gc,task     ] GC(414) Using 3 workers
[195.314s][info][gc,phases   ] GC(414) Pause Mark Start 0.015ms
[195.318s][info][gc,phases   ] GC(414) Concurrent Mark 4.406ms
[195.318s][info][gc,phases   ] GC(414) Pause Mark End 0.020ms
[195.319s][info][gc,phases   ] GC(414) Concurrent Mark Free 0.001ms
[195.329s][info][gc,phases   ] GC(414) Concurrent Process Non-Strong References 10.748ms
[195.329s][info][gc,phases   ] GC(414) Concurrent Reset Relocation Set 0.002ms
[195.333s][info][gc,phases   ] GC(414) Concurrent Select Relocation Set 3.805ms
[195.333s][info][gc,phases   ] GC(414) Pause Relocate Start 0.010ms
[195.334s][info][gc,phases   ] GC(414) Concurrent Relocate 0.780ms
[195.334s][info][gc,load     ] GC(414) Load: 1.86/1.64/1.65
[195.334s][info][gc,mmu      ] GC(414) MMU: 2ms/87.2%, 5ms/94.3%, 10ms/97.1%, 20ms/98.5%, 50ms/99.4%, 100ms/99.7%
[195.334s][info][gc,marking  ] GC(414) Mark: 2 stripe(s), 1 proactive flush(es), 1 terminate flush(es), 0 completion(s), 0 continuation(s) 
[195.334s][info][gc,marking  ] GC(414) Mark Stack Usage: 32M
[195.334s][info][gc,nmethod  ] GC(414) NMethods: 449 registered, 26 unregistered
[195.334s][info][gc,metaspace] GC(414) Metaspace: 0M used, 0M committed, 1088M reserved
[195.334s][info][gc,ref      ] GC(414) Soft: 2 encountered, 0 discovered, 0 enqueued
[195.334s][info][gc,ref      ] GC(414) Weak: 9 encountered, 0 discovered, 0 enqueued
[195.334s][info][gc,ref      ] GC(414) Final: 0 encountered, 0 discovered, 0 enqueued
[195.334s][info][gc,ref      ] GC(414) Phantom: 3 encountered, 1 discovered, 0 enqueued
[195.334s][info][gc,reloc    ] GC(414) Small Pages: 4 / 8M, Empty: 0M, Relocated: 0M, In-Place: 0
[195.334s][info][gc,reloc    ] GC(414) Medium Pages: 0 / 0M, Empty: 0M, Relocated: 0M, In-Place: 0
[195.334s][info][gc,reloc    ] GC(414) Large Pages: 0 / 0M, Empty: 0M, Relocated: 0M, In-Place: 0
[195.334s][info][gc,reloc    ] GC(414) Forwarding Usage: 0M
[195.334s][info][gc,heap     ] GC(414) Min Capacity: 8192M(100%)
[195.334s][info][gc,heap     ] GC(414) Max Capacity: 8192M(100%)
[195.334s][info][gc,heap     ] GC(414) Soft Max Capacity: 8192M(100%)
[195.334s][info][gc,heap     ] GC(414)                Mark Start          Mark End        Relocate Start      Relocate End           High               Low         
[195.335s][info][gc,heap     ] GC(414)  Capacity:     8192M (100%)       8192M (100%)       8192M (100%)       8192M (100%)       8192M (100%)       8192M (100%)   
[195.335s][info][gc,heap     ] GC(414)      Free:     8184M (100%)       8184M (100%)       8184M (100%)       8186M (100%)       8186M (100%)       8178M (100%)   
[195.335s][info][gc,heap     ] GC(414)      Used:        8M (0%)            8M (0%)            8M (0%)            6M (0%)           14M (0%)            6M (0%)     
[195.335s][info][gc,heap     ] GC(414)      Live:         -                 0M (0%)            0M (0%)            0M (0%)             -                  -          
[195.335s][info][gc,heap     ] GC(414) Allocated:         -                 0M (0%)            0M (0%)            0M (0%)             -                  -          
[195.335s][info][gc,heap     ] GC(414)   Garbage:         -                 7M (0%)            7M (0%)            5M (0%)             -                  -          
[195.335s][info][gc,heap     ] GC(414) Reclaimed:         -                  -                 0M (0%)            2M (0%)             -                  -          
[195.335s][info][gc          ] GC(414) Garbage Collection (System.gc()) 8M(0%)->6M(0%)
[195.792s][info][gc,start    ] GC(415) Garbage Collection (System.gc())
[195.793s][info][gc,task     ] GC(415) Using 3 workers
[195.796s][info][gc,phases   ] GC(415) Pause Mark Start 0.028ms
[195.803s][info][gc,phases   ] GC(415) Concurrent Mark 2.403ms
[195.803s][info][gc,phases   ] GC(415) Pause Mark End 0.021ms
[195.804s][info][gc,phases   ] GC(415) Concurrent Mark Free 0.001ms
[195.805s][info][gc,phases   ] GC(415) Concurrent Process Non-Strong References 1.092ms
[195.805s][info][gc,phases   ] GC(415) Concurrent Reset Relocation Set 0.002ms
[195.808s][info][gc,phases   ] GC(415) Concurrent Select Relocation Set 3.469ms
[195.808s][info][gc,phases   ] GC(415) Pause Relocate Start 0.012ms
[195.809s][info][gc,phases   ] GC(415) Concurrent Relocate 0.572ms
[195.809s][info][gc,load     ] GC(415) Load: 1.86/1.64/1.65
[195.809s][info][gc,mmu      ] GC(415) MMU: 2ms/87.2%, 5ms/94.3%, 10ms/97.1%, 20ms/98.5%, 50ms/99.4%, 100ms/99.7%
[195.809s][info][gc,marking  ] GC(415) Mark: 2 stripe(s), 1 proactive flush(es), 1 terminate flush(es), 0 completion(s), 0 continuation(s) 
[195.809s][info][gc,marking  ] GC(415) Mark Stack Usage: 32M
[195.809s][info][gc,nmethod  ] GC(415) NMethods: 449 registered, 26 unregistered
[195.809s][info][gc,metaspace] GC(415) Metaspace: 0M used, 0M committed, 1088M reserved
[195.809s][info][gc,ref      ] GC(415) Soft: 2 encountered, 0 discovered, 0 enqueued
[195.809s][info][gc,ref      ] GC(415) Weak: 9 encountered, 0 discovered, 0 enqueued
[195.809s][info][gc,ref      ] GC(415) Final: 0 encountered, 0 discovered, 0 enqueued
[195.809s][info][gc,ref      ] GC(415) Phantom: 3 encountered, 1 discovered, 0 enqueued
[195.809s][info][gc,reloc    ] GC(415) Small Pages: 4 / 8M, Empty: 0M, Relocated: 0M, In-Place: 0
[195.809s][info][gc,reloc    ] GC(415) Medium Pages: 0 / 0M, Empty: 0M, Relocated: 0M, In-Place: 0
[195.809s][info][gc,reloc    ] GC(415) Large Pages: 0 / 0M, Empty: 0M, Relocated: 0M, In-Place: 0
[195.809s][info][gc,reloc    ] GC(415) Forwarding Usage: 0M
[195.809s][info][gc,heap     ] GC(415) Min Capacity: 8192M(100%)
[195.809s][info][gc,heap     ] GC(415) Max Capacity: 8192M(100%)
[195.809s][info][gc,heap     ] GC(415) Soft Max Capacity: 8192M(100%)
[195.809s][info][gc,heap     ] GC(415)                Mark Start          Mark End        Relocate Start      Relocate End           High               Low         
[195.809s][info][gc,heap     ] GC(415)  Capacity:     8192M (100%)       8192M (100%)       8192M (100%)       8192M (100%)       8192M (100%)       8192M (100%)   
[195.809s][info][gc,heap     ] GC(415)      Free:     8184M (100%)       8184M (100%)       8184M (100%)       8186M (100%)       8186M (100%)       8178M (100%)   
[195.809s][info][gc,heap     ] GC(415)      Used:        8M (0%)            8M (0%)            8M (0%)            6M (0%)           14M (0%)            6M (0%)     
[195.809s][info][gc,heap     ] GC(415)      Live:         -                 0M (0%)            0M (0%)            0M (0%)             -                  -          
[195.809s][info][gc,heap     ] GC(415) Allocated:         -                 0M (0%)            0M (0%)            0M (0%)             -                  -          
[195.809s][info][gc,heap     ] GC(415)   Garbage:         -                 7M (0%)            7M (0%)            5M (0%)             -                  -          
[195.809s][info][gc,heap     ] GC(415) Reclaimed:         -                  -                 0M (0%)            2M (0%)             -                  -          
[195.809s][info][gc          ] GC(415) Garbage Collection (System.gc()) 8M(0%)->6M(0%)
[196.265s][info][gc,start    ] GC(416) Garbage Collection (System.gc())
[196.266s][info][gc,task     ] GC(416) Using 3 workers
[196.266s][info][gc,phases   ] GC(416) Pause Mark Start 0.014ms
[196.277s][info][gc,phases   ] GC(416) Concurrent Mark 11.206ms
[196.278s][info][gc,phases   ] GC(416) Pause Mark End 0.028ms
[196.278s][info][gc,phases   ] GC(416) Concurrent Mark Free 0.003ms
[196.279s][info][gc,phases   ] GC(416) Concurrent Process Non-Strong References 1.305ms
[196.279s][info][gc,phases   ] GC(416) Concurrent Reset Relocation Set 0.001ms
[196.284s][info][gc,phases   ] GC(416) Concurrent Select Relocation Set 4.528ms
[196.284s][info][gc,phases   ] GC(416) Pause Relocate Start 0.023ms
[196.285s][info][gc,phases   ] GC(416) Concurrent Relocate 0.712ms
[196.285s][info][gc,load     ] GC(416) Load: 1.86/1.64/1.65
[196.285s][info][gc,mmu      ] GC(416) MMU: 2ms/87.2%, 5ms/94.3%, 10ms/97.1%, 20ms/98.5%, 50ms/99.4%, 100ms/99.7%
[196.285s][info][gc,marking  ] GC(416) Mark: 2 stripe(s), 1 proactive flush(es), 1 terminate flush(es), 0 completion(s), 0 continuation(s) 
[196.285s][info][gc,marking  ] GC(416) Mark Stack Usage: 32M
[196.285s][info][gc,nmethod  ] GC(416) NMethods: 449 registered, 26 unregistered
[196.285s][info][gc,metaspace] GC(416) Metaspace: 0M used, 0M committed, 1088M reserved
[196.285s][info][gc,ref      ] GC(416) Soft: 2 encountered, 0 discovered, 0 enqueued
[196.285s][info][gc,ref      ] GC(416) Weak: 9 encountered, 0 discovered, 0 enqueued
[196.285s][info][gc,ref      ] GC(416) Final: 0 encountered, 0 discovered, 0 enqueued
[196.285s][info][gc,ref      ] GC(416) Phantom: 3 encountered, 1 discovered, 0 enqueued
[196.285s][info][gc,reloc    ] GC(416) Small Pages: 4 / 8M, Empty: 0M, Relocated: 0M, In-Place: 0
[196.285s][info][gc,reloc    ] GC(416) Medium Pages: 0 / 0M, Empty: 0M, Relocated: 0M, In-Place: 0
[196.285s][info][gc,reloc    ] GC(416) Large Pages: 0 / 0M, Empty: 0M, Relocated: 0M, In-Place: 0
[196.285s][info][gc,reloc    ] GC(416) Forwarding Usage: 0M
[196.285s][info][gc,heap     ] GC(416) Min Capacity: 8192M(100%)
[196.285s][info][gc,heap     ] GC(416) Max Capacity: 8192M(100%)
[196.285s][info][gc,heap     ] GC(416) Soft Max Capacity: 8192M(100%)
[196.285s][info][gc,heap     ] GC(416)                Mark Start          Mark End        Relocate Start      Relocate End           High               Low         
[196.285s][info][gc,heap     ] GC(416)  Capacity:     8192M (100%)       8192M (100%)       8192M (100%)       8192M (100%)       8192M (100%)       8192M (100%)   
[196.285s][info][gc,heap     ] GC(416)      Free:     8184M (100%)       8184M (100%)       8184M (100%)       8186M (100%)       8186M (100%)       8178M (100%)   
[196.285s][info][gc,heap     ] GC(416)      Used:        8M (0%)            8M (0%)            8M (0%)            6M (0%)           14M (0%)            6M (0%)     
[196.285s][info][gc,heap     ] GC(416)      Live:         -                 0M (0%)            0M (0%)            0M (0%)             -                  -          
[196.285s][info][gc,heap     ] GC(416) Allocated:         -                 0M (0%)            0M (0%)            0M (0%)             -                  -          
[196.285s][info][gc,heap     ] GC(416)   Garbage:         -                 7M (0%)            7M (0%)            5M (0%)             -                  -          
[196.285s][info][gc,heap     ] GC(416) Reclaimed:         -                  -                 0M (0%)            2M (0%)             -                  -          
[196.285s][info][gc          ] GC(416) Garbage Collection (System.gc()) 8M(0%)->6M(0%)
[196.739s][info][gc,start    ] GC(417) Garbage Collection (System.gc())
[196.739s][info][gc,task     ] GC(417) Using 3 workers
[196.739s][info][gc,phases   ] GC(417) Pause Mark Start 0.014ms
[196.752s][info][gc,phases   ] GC(417) Concurrent Mark 12.476ms
[196.752s][info][gc,phases   ] GC(417) Pause Mark End 0.028ms
[196.752s][info][gc,phases   ] GC(417) Concurrent Mark Free 0.001ms
[196.754s][info][gc,phases   ] GC(417) Concurrent Process Non-Strong References 2.389ms
[196.755s][info][gc,phases   ] GC(417) Concurrent Reset Relocation Set 0.001ms
[196.758s][info][gc,phases   ] GC(417) Concurrent Select Relocation Set 3.697ms
[196.758s][info][gc,phases   ] GC(417) Pause Relocate Start 0.008ms
[196.759s][info][gc,phases   ] GC(417) Concurrent Relocate 0.706ms
[196.759s][info][gc,load     ] GC(417) Load: 1.86/1.64/1.65
[196.759s][info][gc,mmu      ] GC(417) MMU: 2ms/87.2%, 5ms/94.3%, 10ms/97.1%, 20ms/98.5%, 50ms/99.4%, 100ms/99.7%
[196.759s][info][gc,marking  ] GC(417) Mark: 2 stripe(s), 1 proactive flush(es), 1 terminate flush(es), 0 completion(s), 0 continuation(s) 
[196.759s][info][gc,marking  ] GC(417) Mark Stack Usage: 32M
[196.759s][info][gc,nmethod  ] GC(417) NMethods: 449 registered, 26 unregistered
[196.759s][info][gc,metaspace] GC(417) Metaspace: 0M used, 0M committed, 1088M reserved
[196.759s][info][gc,ref      ] GC(417) Soft: 2 encountered, 0 discovered, 0 enqueued
[196.759s][info][gc,ref      ] GC(417) Weak: 9 encountered, 0 discovered, 0 enqueued
[196.759s][info][gc,ref      ] GC(417) Final: 0 encountered, 0 discovered, 0 enqueued
[196.759s][info][gc,ref      ] GC(417) Phantom: 3 encountered, 2 discovered, 0 enqueued
[196.759s][info][gc,reloc    ] GC(417) Small Pages: 4 / 8M, Empty: 0M, Relocated: 0M, In-Place: 0
[196.759s][info][gc,reloc    ] GC(417) Medium Pages: 0 / 0M, Empty: 0M, Relocated: 0M, In-Place: 0
[196.759s][info][gc,reloc    ] GC(417) Large Pages: 0 / 0M, Empty: 0M, Relocated: 0M, In-Place: 0
[196.759s][info][gc,reloc    ] GC(417) Forwarding Usage: 0M
[196.759s][info][gc,heap     ] GC(417) Min Capacity: 8192M(100%)
[196.759s][info][gc,heap     ] GC(417) Max Capacity: 8192M(100%)
[196.759s][info][gc,heap     ] GC(417) Soft Max Capacity: 8192M(100%)
[196.759s][info][gc,heap     ] GC(417)                Mark Start          Mark End        Relocate Start      Relocate End           High               Low         
[196.759s][info][gc,heap     ] GC(417)  Capacity:     8192M (100%)       8192M (100%)       8192M (100%)       8192M (100%)       8192M (100%)       8192M (100%)   
[196.759s][info][gc,heap     ] GC(417)      Free:     8184M (100%)       8184M (100%)       8184M (100%)       8186M (100%)       8186M (100%)       8178M (100%)   
[196.759s][info][gc,heap     ] GC(417)      Used:        8M (0%)            8M (0%)            8M (0%)            6M (0%)           14M (0%)            6M (0%)     
[196.759s][info][gc,heap     ] GC(417)      Live:         -                 0M (0%)            0M (0%)            0M (0%)             -                  -          
[196.759s][info][gc,heap     ] GC(417) Allocated:         -                 0M (0%)            0M (0%)            0M (0%)             -                  -          
[196.759s][info][gc,heap     ] GC(417)   Garbage:         -                 7M (0%)            7M (0%)            5M (0%)             -                  -          
[196.760s][info][gc,heap     ] GC(417) Reclaimed:         -                  -                 0M (0%)            2M (0%)             -                  -          
[196.760s][info][gc          ] GC(417) Garbage Collection (System.gc()) 8M(0%)->6M(0%)
[197.219s][info][gc,start    ] GC(418) Garbage Collection (System.gc())
[197.219s][info][gc,task     ] GC(418) Using 3 workers
[197.219s][info][gc,phases   ] GC(418) Pause Mark Start 0.014ms
[197.230s][info][gc,phases   ] GC(418) Concurrent Mark 11.083ms
[197.230s][info][gc,phases   ] GC(418) Pause Mark End 0.016ms
[197.230s][info][gc,phases   ] GC(418) Concurrent Mark Free 0.000ms
[197.231s][info][gc,phases   ] GC(418) Concurrent Process Non-Strong References 1.055ms
[197.231s][info][gc,phases   ] GC(418) Concurrent Reset Relocation Set 0.001ms
[197.236s][info][gc,phases   ] GC(418) Concurrent Select Relocation Set 4.114ms
[197.236s][info][gc,phases   ] GC(418) Pause Relocate Start 0.008ms
[197.237s][info][gc,phases   ] GC(418) Concurrent Relocate 0.751ms
[197.237s][info][gc,load     ] GC(418) Load: 1.86/1.64/1.65
[197.237s][info][gc,mmu      ] GC(418) MMU: 2ms/87.2%, 5ms/94.3%, 10ms/97.1%, 20ms/98.5%, 50ms/99.4%, 100ms/99.7%
[197.237s][info][gc,marking  ] GC(418) Mark: 2 stripe(s), 1 proactive flush(es), 1 terminate flush(es), 0 completion(s), 0 continuation(s) 
[197.237s][info][gc,marking  ] GC(418) Mark Stack Usage: 32M
[197.237s][info][gc,nmethod  ] GC(418) NMethods: 449 registered, 26 unregistered
[197.237s][info][gc,metaspace] GC(418) Metaspace: 0M used, 0M committed, 1088M reserved
[197.237s][info][gc,ref      ] GC(418) Soft: 2 encountered, 0 discovered, 0 enqueued
[197.237s][info][gc,ref      ] GC(418) Weak: 9 encountered, 0 discovered, 0 enqueued
[197.237s][info][gc,ref      ] GC(418) Final: 0 encountered, 0 discovered, 0 enqueued
[197.237s][info][gc,ref      ] GC(418) Phantom: 3 encountered, 2 discovered, 0 enqueued
[197.237s][info][gc,reloc    ] GC(418) Small Pages: 4 / 8M, Empty: 0M, Relocated: 0M, In-Place: 0
[197.237s][info][gc,reloc    ] GC(418) Medium Pages: 0 / 0M, Empty: 0M, Relocated: 0M, In-Place: 0
[197.237s][info][gc,reloc    ] GC(418) Large Pages: 0 / 0M, Empty: 0M, Relocated: 0M, In-Place: 0
[197.237s][info][gc,reloc    ] GC(418) Forwarding Usage: 0M
[197.237s][info][gc,heap     ] GC(418) Min Capacity: 8192M(100%)
[197.237s][info][gc,heap     ] GC(418) Max Capacity: 8192M(100%)
[197.237s][info][gc,heap     ] GC(418) Soft Max Capacity: 8192M(100%)
[197.237s][info][gc,heap     ] GC(418)                Mark Start          Mark End        Relocate Start      Relocate End           High               Low         
[197.237s][info][gc,heap     ] GC(418)  Capacity:     8192M (100%)       8192M (100%)       8192M (100%)       8192M (100%)       8192M (100%)       8192M (100%)   
[197.237s][info][gc,heap     ] GC(418)      Free:     8184M (100%)       8184M (100%)       8184M (100%)       8186M (100%)       8186M (100%)       8178M (100%)   
[197.237s][info][gc,heap     ] GC(418)      Used:        8M (0%)            8M (0%)            8M (0%)            6M (0%)           14M (0%)            6M (0%)     
[197.237s][info][gc,heap     ] GC(418)      Live:         -                 0M (0%)            0M (0%)            0M (0%)             -                  -          
[197.237s][info][gc,heap     ] GC(418) Allocated:         -                 0M (0%)            0M (0%)            0M (0%)             -                  -          
[197.237s][info][gc,heap     ] GC(418)   Garbage:         -                 7M (0%)            7M (0%)            5M (0%)             -                  -          
[197.237s][info][gc,heap     ] GC(418) Reclaimed:         -                  -                 0M (0%)            2M (0%)             -                  -          
[197.237s][info][gc          ] GC(418) Garbage Collection (System.gc()) 8M(0%)->6M(0%)
[197.692s][info][gc,start    ] GC(419) Garbage Collection (System.gc())
[197.692s][info][gc,task     ] GC(419) Using 3 workers
[197.693s][info][gc,phases   ] GC(419) Pause Mark Start 0.015ms
[197.705s][info][gc,phases   ] GC(419) Concurrent Mark 11.881ms
[197.705s][info][gc,phases   ] GC(419) Pause Mark End 0.028ms
[197.705s][info][gc,phases   ] GC(419) Concurrent Mark Free 0.001ms
[197.706s][info][gc,phases   ] GC(419) Concurrent Process Non-Strong References 1.436ms
[197.706s][info][gc,phases   ] GC(419) Concurrent Reset Relocation Set 0.001ms
[197.711s][info][gc,phases   ] GC(419) Concurrent Select Relocation Set 4.351ms
[197.711s][info][gc,phases   ] GC(419) Pause Relocate Start 0.007ms
[197.712s][info][gc,phases   ] GC(419) Concurrent Relocate 0.725ms
[197.712s][info][gc,load     ] GC(419) Load: 1.86/1.64/1.65
[197.712s][info][gc,mmu      ] GC(419) MMU: 2ms/87.2%, 5ms/94.3%, 10ms/97.1%, 20ms/98.5%, 50ms/99.4%, 100ms/99.7%
[197.712s][info][gc,marking  ] GC(419) Mark: 2 stripe(s), 1 proactive flush(es), 1 terminate flush(es), 0 completion(s), 0 continuation(s) 
[197.712s][info][gc,marking  ] GC(419) Mark Stack Usage: 32M
[197.712s][info][gc,nmethod  ] GC(419) NMethods: 449 registered, 26 unregistered
[197.712s][info][gc,metaspace] GC(419) Metaspace: 0M used, 0M committed, 1088M reserved
[197.712s][info][gc,ref      ] GC(419) Soft: 2 encountered, 0 discovered, 0 enqueued
[197.712s][info][gc,ref      ] GC(419) Weak: 9 encountered, 1 discovered, 0 enqueued
[197.712s][info][gc,ref      ] GC(419) Final: 0 encountered, 0 discovered, 0 enqueued
[197.712s][info][gc,ref      ] GC(419) Phantom: 3 encountered, 2 discovered, 0 enqueued
[197.712s][info][gc,reloc    ] GC(419) Small Pages: 4 / 8M, Empty: 0M, Relocated: 0M, In-Place: 0
[197.712s][info][gc,reloc    ] GC(419) Medium Pages: 0 / 0M, Empty: 0M, Relocated: 0M, In-Place: 0
[197.712s][info][gc,reloc    ] GC(419) Large Pages: 0 / 0M, Empty: 0M, Relocated: 0M, In-Place: 0
[197.712s][info][gc,reloc    ] GC(419) Forwarding Usage: 0M
[197.712s][info][gc,heap     ] GC(419) Min Capacity: 8192M(100%)
[197.712s][info][gc,heap     ] GC(419) Max Capacity: 8192M(100%)
[197.712s][info][gc,heap     ] GC(419) Soft Max Capacity: 8192M(100%)
[197.712s][info][gc,heap     ] GC(419)                Mark Start          Mark End        Relocate Start      Relocate End           High               Low         
[197.712s][info][gc,heap     ] GC(419)  Capacity:     8192M (100%)       8192M (100%)       8192M (100%)       8192M (100%)       8192M (100%)       8192M (100%)   
[197.712s][info][gc,heap     ] GC(419)      Free:     8184M (100%)       8184M (100%)       8184M (100%)       8186M (100%)       8186M (100%)       8178M (100%)   
[197.712s][info][gc,heap     ] GC(419)      Used:        8M (0%)            8M (0%)            8M (0%)            6M (0%)           14M (0%)            6M (0%)     
[197.712s][info][gc,heap     ] GC(419)      Live:         -                 0M (0%)            0M (0%)            0M (0%)             -                  -          
[197.712s][info][gc,heap     ] GC(419) Allocated:         -                 0M (0%)            0M (0%)            0M (0%)             -                  -          
[197.712s][info][gc,heap     ] GC(419)   Garbage:         -                 7M (0%)            7M (0%)            5M (0%)             -                  -          
[197.712s][info][gc,heap     ] GC(419) Reclaimed:         -                  -                 0M (0%)            2M (0%)             -                  -          
[197.712s][info][gc          ] GC(419) Garbage Collection (System.gc()) 8M(0%)->6M(0%)
[198.170s][info][gc,start    ] GC(420) Garbage Collection (System.gc())
[198.170s][info][gc,task     ] GC(420) Using 3 workers
[198.170s][info][gc,phases   ] GC(420) Pause Mark Start 0.010ms
[198.181s][info][gc,phases   ] GC(420) Concurrent Mark 10.699ms
[198.181s][info][gc,phases   ] GC(420) Pause Mark End 0.011ms
[198.181s][info][gc,phases   ] GC(420) Concurrent Mark Free 0.001ms
[198.182s][info][gc,phases   ] GC(420) Concurrent Process Non-Strong References 0.521ms
[198.182s][info][gc,phases   ] GC(420) Concurrent Reset Relocation Set 0.001ms
[198.185s][info][gc,phases   ] GC(420) Concurrent Select Relocation Set 3.499ms
[198.186s][info][gc,phases   ] GC(420) Pause Relocate Start 0.010ms
[198.186s][info][gc,phases   ] GC(420) Concurrent Relocate 0.709ms
[198.186s][info][gc,load     ] GC(420) Load: 1.86/1.64/1.65
[198.186s][info][gc,mmu      ] GC(420) MMU: 2ms/87.2%, 5ms/94.3%, 10ms/97.1%, 20ms/98.5%, 50ms/99.4%, 100ms/99.7%
[198.186s][info][gc,marking  ] GC(420) Mark: 2 stripe(s), 1 proactive flush(es), 1 terminate flush(es), 0 completion(s), 0 continuation(s) 
[198.186s][info][gc,marking  ] GC(420) Mark Stack Usage: 32M
[198.186s][info][gc,nmethod  ] GC(420) NMethods: 449 registered, 26 unregistered
[198.186s][info][gc,metaspace] GC(420) Metaspace: 0M used, 0M committed, 1088M reserved
[198.187s][info][gc,ref      ] GC(420) Soft: 2 encountered, 0 discovered, 0 enqueued
[198.187s][info][gc,ref      ] GC(420) Weak: 9 encountered, 0 discovered, 0 enqueued
[198.187s][info][gc,ref      ] GC(420) Final: 0 encountered, 0 discovered, 0 enqueued
[198.187s][info][gc,ref      ] GC(420) Phantom: 3 encountered, 2 discovered, 0 enqueued
[198.187s][info][gc,reloc    ] GC(420) Small Pages: 4 / 8M, Empty: 0M, Relocated: 0M, In-Place: 0
[198.187s][info][gc,reloc    ] GC(420) Medium Pages: 0 / 0M, Empty: 0M, Relocated: 0M, In-Place: 0
[198.187s][info][gc,reloc    ] GC(420) Large Pages: 0 / 0M, Empty: 0M, Relocated: 0M, In-Place: 0
[198.187s][info][gc,reloc    ] GC(420) Forwarding Usage: 0M
[198.187s][info][gc,heap     ] GC(420) Min Capacity: 8192M(100%)
[198.187s][info][gc,heap     ] GC(420) Max Capacity: 8192M(100%)
[198.187s][info][gc,heap     ] GC(420) Soft Max Capacity: 8192M(100%)
[198.187s][info][gc,heap     ] GC(420)                Mark Start          Mark End        Relocate Start      Relocate End           High               Low         
[198.187s][info][gc,heap     ] GC(420)  Capacity:     8192M (100%)       8192M (100%)       8192M (100%)       8192M (100%)       8192M (100%)       8192M (100%)   
[198.187s][info][gc,heap     ] GC(420)      Free:     8184M (100%)       8184M (100%)       8184M (100%)       8186M (100%)       8186M (100%)       8178M (100%)   
[198.187s][info][gc,heap     ] GC(420)      Used:        8M (0%)            8M (0%)            8M (0%)            6M (0%)           14M (0%)            6M (0%)     
[198.187s][info][gc,heap     ] GC(420)      Live:         -                 0M (0%)            0M (0%)            0M (0%)             -                  -          
[198.187s][info][gc,heap     ] GC(420) Allocated:         -                 0M (0%)            0M (0%)            0M (0%)             -                  -          
[198.187s][info][gc,heap     ] GC(420)   Garbage:         -                 7M (0%)            7M (0%)            5M (0%)             -                  -          
[198.187s][info][gc,heap     ] GC(420) Reclaimed:         -                  -                 0M (0%)            2M (0%)             -                  -          
[198.187s][info][gc          ] GC(420) Garbage Collection (System.gc()) 8M(0%)->6M(0%)
[198.643s][info][gc,start    ] GC(421) Garbage Collection (System.gc())
[198.643s][info][gc,task     ] GC(421) Using 3 workers
[198.643s][info][gc,phases   ] GC(421) Pause Mark Start 0.015ms
[198.658s][info][gc,phases   ] GC(421) Concurrent Mark 14.829ms
[198.658s][info][gc,phases   ] GC(421) Pause Mark End 0.022ms
[198.658s][info][gc,phases   ] GC(421) Concurrent Mark Free 0.001ms
[198.662s][info][gc,phases   ] GC(421) Concurrent Process Non-Strong References 3.322ms
[198.662s][info][gc,phases   ] GC(421) Concurrent Reset Relocation Set 0.002ms
[198.664s][info][gc,phases   ] GC(421) Concurrent Select Relocation Set 2.693ms
[198.665s][info][gc,phases   ] GC(421) Pause Relocate Start 0.011ms
[198.665s][info][gc,phases   ] GC(421) Concurrent Relocate 0.350ms
[198.665s][info][gc,load     ] GC(421) Load: 1.86/1.64/1.65
[198.665s][info][gc,mmu      ] GC(421) MMU: 2ms/87.2%, 5ms/94.3%, 10ms/97.1%, 20ms/98.5%, 50ms/99.4%, 100ms/99.7%
[198.665s][info][gc,marking  ] GC(421) Mark: 2 stripe(s), 1 proactive flush(es), 1 terminate flush(es), 0 completion(s), 0 continuation(s) 
[198.665s][info][gc,marking  ] GC(421) Mark Stack Usage: 32M
[198.665s][info][gc,nmethod  ] GC(421) NMethods: 449 registered, 26 unregistered
[198.665s][info][gc,metaspace] GC(421) Metaspace: 0M used, 0M committed, 1088M reserved
[198.665s][info][gc,ref      ] GC(421) Soft: 2 encountered, 0 discovered, 0 enqueued
[198.665s][info][gc,ref      ] GC(421) Weak: 9 encountered, 0 discovered, 0 enqueued
[198.665s][info][gc,ref      ] GC(421) Final: 0 encountered, 0 discovered, 0 enqueued
[198.665s][info][gc,ref      ] GC(421) Phantom: 3 encountered, 2 discovered, 0 enqueued
[198.665s][info][gc,reloc    ] GC(421) Small Pages: 4 / 8M, Empty: 0M, Relocated: 0M, In-Place: 0
[198.665s][info][gc,reloc    ] GC(421) Medium Pages: 0 / 0M, Empty: 0M, Relocated: 0M, In-Place: 0
[198.665s][info][gc,reloc    ] GC(421) Large Pages: 0 / 0M, Empty: 0M, Relocated: 0M, In-Place: 0
[198.665s][info][gc,reloc    ] GC(421) Forwarding Usage: 0M
[198.665s][info][gc,heap     ] GC(421) Min Capacity: 8192M(100%)
[198.665s][info][gc,heap     ] GC(421) Max Capacity: 8192M(100%)
[198.665s][info][gc,heap     ] GC(421) Soft Max Capacity: 8192M(100%)
[198.665s][info][gc,heap     ] GC(421)                Mark Start          Mark End        Relocate Start      Relocate End           High               Low         
[198.665s][info][gc,heap     ] GC(421)  Capacity:     8192M (100%)       8192M (100%)       8192M (100%)       8192M (100%)       8192M (100%)       8192M (100%)   
[198.665s][info][gc,heap     ] GC(421)      Free:     8184M (100%)       8184M (100%)       8184M (100%)       8186M (100%)       8186M (100%)       8178M (100%)   
[198.665s][info][gc,heap     ] GC(421)      Used:        8M (0%)            8M (0%)            8M (0%)            6M (0%)           14M (0%)            6M (0%)     
[198.665s][info][gc,heap     ] GC(421)      Live:         -                 0M (0%)            0M (0%)            0M (0%)             -                  -          
[198.665s][info][gc,heap     ] GC(421) Allocated:         -                 0M (0%)            0M (0%)            0M (0%)             -                  -          
[198.665s][info][gc,heap     ] GC(421)   Garbage:         -                 7M (0%)            7M (0%)            5M (0%)             -                  -          
[198.665s][info][gc,heap     ] GC(421) Reclaimed:         -                  -                 0M (0%)            2M (0%)             -                  -          
[198.665s][info][gc          ] GC(421) Garbage Collection (System.gc()) 8M(0%)->6M(0%)
[199.122s][info][gc,start    ] GC(422) Garbage Collection (System.gc())
[199.122s][info][gc,task     ] GC(422) Using 3 workers
[199.122s][info][gc,phases   ] GC(422) Pause Mark Start 0.015ms
[199.128s][info][gc,phases   ] GC(422) Concurrent Mark 5.347ms
[199.128s][info][gc,phases   ] GC(422) Pause Mark End 0.026ms
[199.128s][info][gc,phases   ] GC(422) Concurrent Mark Free 0.001ms
[199.138s][info][gc,phases   ] GC(422) Concurrent Process Non-Strong References 10.216ms
[199.138s][info][gc,phases   ] GC(422) Concurrent Reset Relocation Set 0.002ms
[199.143s][info][gc,phases   ] GC(422) Concurrent Select Relocation Set 4.176ms
[199.143s][info][gc,phases   ] GC(422) Pause Relocate Start 0.011ms
[199.144s][info][gc,phases   ] GC(422) Concurrent Relocate 0.761ms
[199.144s][info][gc,load     ] GC(422) Load: 1.86/1.64/1.65
[199.144s][info][gc,mmu      ] GC(422) MMU: 2ms/87.2%, 5ms/94.3%, 10ms/97.1%, 20ms/98.5%, 50ms/99.4%, 100ms/99.7%
[199.144s][info][gc,marking  ] GC(422) Mark: 2 stripe(s), 1 proactive flush(es), 1 terminate flush(es), 0 completion(s), 0 continuation(s) 
[199.144s][info][gc,marking  ] GC(422) Mark Stack Usage: 32M
[199.144s][info][gc,nmethod  ] GC(422) NMethods: 449 registered, 26 unregistered
[199.144s][info][gc,metaspace] GC(422) Metaspace: 0M used, 0M committed, 1088M reserved
[199.144s][info][gc,ref      ] GC(422) Soft: 2 encountered, 0 discovered, 0 enqueued
[199.144s][info][gc,ref      ] GC(422) Weak: 9 encountered, 0 discovered, 0 enqueued
[199.144s][info][gc,ref      ] GC(422) Final: 0 encountered, 0 discovered, 0 enqueued
[199.144s][info][gc,ref      ] GC(422) Phantom: 3 encountered, 1 discovered, 0 enqueued
[199.144s][info][gc,reloc    ] GC(422) Small Pages: 4 / 8M, Empty: 0M, Relocated: 0M, In-Place: 0
[199.144s][info][gc,reloc    ] GC(422) Medium Pages: 0 / 0M, Empty: 0M, Relocated: 0M, In-Place: 0
[199.144s][info][gc,reloc    ] GC(422) Large Pages: 0 / 0M, Empty: 0M, Relocated: 0M, In-Place: 0
[199.144s][info][gc,reloc    ] GC(422) Forwarding Usage: 0M
[199.144s][info][gc,heap     ] GC(422) Min Capacity: 8192M(100%)
[199.144s][info][gc,heap     ] GC(422) Max Capacity: 8192M(100%)
[199.144s][info][gc,heap     ] GC(422) Soft Max Capacity: 8192M(100%)
[199.144s][info][gc,heap     ] GC(422)                Mark Start          Mark End        Relocate Start      Relocate End           High               Low         
[199.144s][info][gc,heap     ] GC(422)  Capacity:     8192M (100%)       8192M (100%)       8192M (100%)       8192M (100%)       8192M (100%)       8192M (100%)   
[199.144s][info][gc,heap     ] GC(422)      Free:     8184M (100%)       8184M (100%)       8184M (100%)       8186M (100%)       8186M (100%)       8178M (100%)   
[199.144s][info][gc,heap     ] GC(422)      Used:        8M (0%)            8M (0%)            8M (0%)            6M (0%)           14M (0%)            6M (0%)     
[199.144s][info][gc,heap     ] GC(422)      Live:         -                 0M (0%)            0M (0%)            0M (0%)             -                  -          
[199.144s][info][gc,heap     ] GC(422) Allocated:         -                 0M (0%)            0M (0%)            0M (0%)             -                  -          
[199.144s][info][gc,heap     ] GC(422)   Garbage:         -                 7M (0%)            7M (0%)            5M (0%)             -                  -          
[199.144s][info][gc,heap     ] GC(422) Reclaimed:         -                  -                 0M (0%)            2M (0%)             -                  -          
[199.144s][info][gc          ] GC(422) Garbage Collection (System.gc()) 8M(0%)->6M(0%)
[199.606s][info][gc,start    ] GC(423) Garbage Collection (System.gc())
[199.606s][info][gc,task     ] GC(423) Using 3 workers
[199.606s][info][gc,phases   ] GC(423) Pause Mark Start 0.014ms
[199.609s][info][gc,phases   ] GC(423) Concurrent Mark 2.974ms
[199.610s][info][gc,phases   ] GC(423) Pause Mark End 0.017ms
[199.610s][info][gc,phases   ] GC(423) Concurrent Mark Free 0.000ms
[199.611s][info][gc,phases   ] GC(423) Concurrent Process Non-Strong References 1.031ms
[199.611s][info][gc,phases   ] GC(423) Concurrent Reset Relocation Set 0.001ms
[199.615s][info][gc,phases   ] GC(423) Concurrent Select Relocation Set 4.121ms
[199.615s][info][gc,phases   ] GC(423) Pause Relocate Start 0.006ms
[199.616s][info][gc,phases   ] GC(423) Concurrent Relocate 0.725ms
[199.616s][info][gc,load     ] GC(423) Load: 1.86/1.64/1.65
[199.616s][info][gc,mmu      ] GC(423) MMU: 2ms/87.2%, 5ms/94.3%, 10ms/97.1%, 20ms/98.5%, 50ms/99.4%, 100ms/99.7%
[199.616s][info][gc,marking  ] GC(423) Mark: 2 stripe(s), 1 proactive flush(es), 1 terminate flush(es), 0 completion(s), 0 continuation(s) 
[199.616s][info][gc,marking  ] GC(423) Mark Stack Usage: 32M
[199.616s][info][gc,nmethod  ] GC(423) NMethods: 449 registered, 26 unregistered
[199.616s][info][gc,metaspace] GC(423) Metaspace: 0M used, 0M committed, 1088M reserved
[199.616s][info][gc,ref      ] GC(423) Soft: 2 encountered, 0 discovered, 0 enqueued
[199.616s][info][gc,ref      ] GC(423) Weak: 9 encountered, 0 discovered, 0 enqueued
[199.616s][info][gc,ref      ] GC(423) Final: 0 encountered, 0 discovered, 0 enqueued
[199.616s][info][gc,ref      ] GC(423) Phantom: 3 encountered, 2 discovered, 0 enqueued
[199.616s][info][gc,reloc    ] GC(423) Small Pages: 4 / 8M, Empty: 0M, Relocated: 0M, In-Place: 0
[199.616s][info][gc,reloc    ] GC(423) Medium Pages: 0 / 0M, Empty: 0M, Relocated: 0M, In-Place: 0
[199.616s][info][gc,reloc    ] GC(423) Large Pages: 0 / 0M, Empty: 0M, Relocated: 0M, In-Place: 0
[199.616s][info][gc,reloc    ] GC(423) Forwarding Usage: 0M
[199.616s][info][gc,heap     ] GC(423) Min Capacity: 8192M(100%)
[199.616s][info][gc,heap     ] GC(423) Max Capacity: 8192M(100%)
[199.616s][info][gc,heap     ] GC(423) Soft Max Capacity: 8192M(100%)
[199.616s][info][gc,heap     ] GC(423)                Mark Start          Mark End        Relocate Start      Relocate End           High               Low         
[199.616s][info][gc,heap     ] GC(423)  Capacity:     8192M (100%)       8192M (100%)       8192M (100%)       8192M (100%)       8192M (100%)       8192M (100%)   
[199.616s][info][gc,heap     ] GC(423)      Free:     8184M (100%)       8184M (100%)       8184M (100%)       8186M (100%)       8186M (100%)       8178M (100%)   
[199.616s][info][gc,heap     ] GC(423)      Used:        8M (0%)            8M (0%)            8M (0%)            6M (0%)           14M (0%)            6M (0%)     
[199.616s][info][gc,heap     ] GC(423)      Live:         -                 0M (0%)            0M (0%)            0M (0%)             -                  -          
[199.616s][info][gc,heap     ] GC(423) Allocated:         -                 0M (0%)            0M (0%)            0M (0%)             -                  -          
[199.616s][info][gc,heap     ] GC(423)   Garbage:         -                 7M (0%)            7M (0%)            5M (0%)             -                  -          
[199.616s][info][gc,heap     ] GC(423) Reclaimed:         -                  -                 0M (0%)            2M (0%)             -                  -          
[199.616s][info][gc          ] GC(423) Garbage Collection (System.gc()) 8M(0%)->6M(0%)
[200.014s][info][gc,stats    ] === Garbage Collection Statistics =======================================================================================================================
[200.014s][info][gc,stats    ]                                                              Last 10s              Last 10m              Last 10h                Total
[200.014s][info][gc,stats    ]                                                              Avg / Max             Avg / Max             Avg / Max             Avg / Max
[200.014s][info][gc,stats    ]   Collector: Garbage Collection Cycle                     18.197 / 22.034       13.884 / 27.701       13.884 / 27.701       13.884 / 27.701      ms
[200.014s][info][gc,stats    ]  Contention: Mark Segment Reset Contention                     0 / 1                 0 / 4                 0 / 4                 0 / 4           ops/s
[200.014s][info][gc,stats    ]  Contention: Mark SeqNum Reset Contention                      1 / 2                 0 / 3                 0 / 3                 0 / 3           ops/s
[200.014s][info][gc,stats    ]    Critical: Allocation Stall                                  0 / 0                 0 / 0                 0 / 0                 0 / 0           ops/s
[200.014s][info][gc,stats    ]    Critical: Allocation Stall                              0.000 / 0.000         0.000 / 0.000         0.000 / 0.000         0.000 / 0.000       ms
[200.014s][info][gc,stats    ]    Critical: GC Locker Stall                                   0 / 0                 0 / 0                 0 / 0                 0 / 0           ops/s
[200.014s][info][gc,stats    ]    Critical: GC Locker Stall                               0.000 / 0.000         0.000 / 0.000         0.000 / 0.000         0.000 / 0.000       ms
[200.014s][info][gc,stats    ]    Critical: Relocation Stall                                  0 / 0                 0 / 0                 0 / 0                 0 / 0           ops/s
[200.015s][info][gc,stats    ]    Critical: Relocation Stall                              0.000 / 0.000         0.000 / 0.000         0.000 / 0.000         0.000 / 0.000       ms
[200.015s][info][gc,stats    ]      Memory: Allocation Rate                                   4 / 6                 4 / 6                 4 / 6                 4 / 6           MB/s
[200.015s][info][gc,stats    ]      Memory: Defragment                                        0 / 0                 0 / 0                 0 / 0                 0 / 0           ops/s
[200.015s][info][gc,stats    ]      Memory: Out Of Memory                                     0 / 0                 0 / 0                 0 / 0                 0 / 0           ops/s
[200.015s][info][gc,stats    ]      Memory: Page Cache Flush                                  0 / 0                 0 / 0                 0 / 0                 0 / 0           MB/s
[200.015s][info][gc,stats    ]      Memory: Page Cache Hit L1                                 8 / 12                8 / 12                8 / 12                8 / 12          ops/s
[200.015s][info][gc,stats    ]      Memory: Page Cache Hit L2                                 0 / 0                 0 / 0                 0 / 0                 0 / 0           ops/s
[200.015s][info][gc,stats    ]      Memory: Page Cache Hit L3                                 0 / 0                 0 / 6                 0 / 6                 0 / 6           ops/s
[200.015s][info][gc,stats    ]      Memory: Page Cache Miss                                   0 / 0                 0 / 1                 0 / 1                 0 / 1           ops/s
[200.015s][info][gc,stats    ]      Memory: Uncommit                                          0 / 0                 0 / 0                 0 / 0                 0 / 0           MB/s
[200.015s][info][gc,stats    ]      Memory: Undo Object Allocation Failed                     0 / 0                 0 / 0                 0 / 0                 0 / 0           ops/s
[200.015s][info][gc,stats    ]      Memory: Undo Object Allocation Succeeded                  0 / 0                 0 / 0                 0 / 0                 0 / 0           ops/s
[200.015s][info][gc,stats    ]      Memory: Undo Page Allocation                              0 / 0                 0 / 0                 0 / 0                 0 / 0           ops/s
[200.015s][info][gc,stats    ]       Phase: Concurrent Mark                               8.503 / 14.829        5.175 / 15.502        5.175 / 15.502        5.175 / 15.502      ms
[200.015s][info][gc,stats    ]       Phase: Concurrent Mark Continue                      0.000 / 0.000         0.000 / 0.000         0.000 / 0.000         0.000 / 0.000       ms
[200.015s][info][gc,stats    ]       Phase: Concurrent Mark Free                          0.001 / 0.003         0.001 / 0.004         0.001 / 0.004         0.001 / 0.004       ms
[200.015s][info][gc,stats    ]       Phase: Concurrent Process Non-Strong References      3.255 / 10.777        2.066 / 13.093        2.066 / 13.093        2.066 / 13.093      ms
[200.015s][info][gc,stats    ]       Phase: Concurrent Relocate                           0.687 / 1.162         0.634 / 1.182         0.634 / 1.182         0.634 / 1.182       ms
[200.015s][info][gc,stats    ]       Phase: Concurrent Reset Relocation Set               0.002 / 0.003         0.002 / 0.028         0.002 / 0.028         0.002 / 0.028       ms
[200.015s][info][gc,stats    ]       Phase: Concurrent Select Relocation Set              3.915 / 5.062         4.375 / 15.311        4.375 / 15.311        4.375 / 15.311      ms
[200.015s][info][gc,stats    ]       Phase: Pause Mark End                                0.021 / 0.035         0.017 / 0.137         0.017 / 0.137         0.017 / 0.137       ms
[200.015s][info][gc,stats    ]       Phase: Pause Mark Start                              0.015 / 0.028         0.013 / 0.257         0.013 / 0.257         0.013 / 0.257       ms
[200.015s][info][gc,stats    ]       Phase: Pause Relocate Start                          0.010 / 0.023         0.008 / 0.134         0.008 / 0.134         0.008 / 0.134       ms
[200.015s][info][gc,stats    ]    Subphase: Concurrent Classes Purge                      0.038 / 0.140         0.029 / 0.287         0.029 / 0.287         0.029 / 0.287       ms
[200.015s][info][gc,stats    ]    Subphase: Concurrent Classes Unlink                     1.372 / 2.991         1.197 / 11.679        1.197 / 11.679        1.197 / 11.679      ms
[200.015s][info][gc,stats    ]    Subphase: Concurrent Mark                               3.163 / 9.585         2.534 / 11.772        2.534 / 11.772        2.534 / 11.772      ms
[200.015s][info][gc,stats    ]    Subphase: Concurrent Mark Try Flush                     0.493 / 5.810         0.274 / 6.755         0.274 / 6.755         0.274 / 6.755       ms
[200.015s][info][gc,stats    ]    Subphase: Concurrent Mark Try Terminate                 1.134 / 6.729         0.980 / 8.740         0.980 / 8.740         0.980 / 8.740       ms
[200.015s][info][gc,stats    ]    Subphase: Concurrent References Enqueue                 0.000 / 0.001         0.000 / 0.004         0.000 / 0.004         0.000 / 0.004       ms
[200.015s][info][gc,stats    ]    Subphase: Concurrent References Process                 0.438 / 8.528         0.390 / 9.421         0.390 / 9.421         0.390 / 9.421       ms
[200.015s][info][gc,stats    ]    Subphase: Concurrent Roots ClassLoaderDataGraph         0.193 / 0.766         0.140 / 2.621         0.140 / 2.621         0.140 / 2.621       ms
[200.015s][info][gc,stats    ]    Subphase: Concurrent Roots CodeCache                    0.000 / 0.000         0.000 / 0.000         0.000 / 0.000         0.000 / 0.000       ms
[200.015s][info][gc,stats    ]    Subphase: Concurrent Roots JavaThreads                  0.243 / 0.589         0.193 / 1.065         0.193 / 1.065         0.193 / 1.065       ms
[200.015s][info][gc,stats    ]    Subphase: Concurrent Roots OopStorageSet                0.018 / 0.036         0.018 / 1.078         0.018 / 1.078         0.018 / 1.078       ms
[200.015s][info][gc,stats    ]    Subphase: Concurrent Weak Roots OopStorageSet           0.088 / 0.443         0.063 / 0.625         0.063 / 0.625         0.063 / 0.625       ms
[200.015s][info][gc,stats    ]    Subphase: Pause Mark Try Complete                       0.000 / 0.000         0.000 / 0.000         0.000 / 0.000         0.000 / 0.000       ms
[200.015s][info][gc,stats    ]      System: Java Threads                                     10 / 10               10 / 10               10 / 10               10 / 10          threads
[200.016s][info][gc,stats    ] =========================================================================================================================================================
[200.071s][info][gc,start    ] GC(424) Garbage Collection (System.gc())
[200.071s][info][gc,task     ] GC(424) Using 3 workers
[200.071s][info][gc,phases   ] GC(424) Pause Mark Start 0.014ms
[200.084s][info][gc,phases   ] GC(424) Concurrent Mark 3.932ms
[200.084s][info][gc,phases   ] GC(424) Pause Mark End 0.022ms
[200.085s][info][gc,phases   ] GC(424) Concurrent Mark Free 0.003ms
[200.086s][info][gc,phases   ] GC(424) Concurrent Process Non-Strong References 1.093ms
[200.086s][info][gc,phases   ] GC(424) Concurrent Reset Relocation Set 0.001ms
[200.089s][info][gc,phases   ] GC(424) Concurrent Select Relocation Set 3.480ms
[200.089s][info][gc,phases   ] GC(424) Pause Relocate Start 0.004ms
[200.090s][info][gc,phases   ] GC(424) Concurrent Relocate 0.500ms
[200.090s][info][gc,load     ] GC(424) Load: 1.86/1.64/1.65
[200.090s][info][gc,mmu      ] GC(424) MMU: 2ms/87.2%, 5ms/94.3%, 10ms/97.1%, 20ms/98.5%, 50ms/99.4%, 100ms/99.7%
[200.090s][info][gc,marking  ] GC(424) Mark: 2 stripe(s), 1 proactive flush(es), 1 terminate flush(es), 0 completion(s), 0 continuation(s) 
[200.090s][info][gc,marking  ] GC(424) Mark Stack Usage: 32M
[200.090s][info][gc,nmethod  ] GC(424) NMethods: 449 registered, 26 unregistered
[200.090s][info][gc,metaspace] GC(424) Metaspace: 0M used, 0M committed, 1088M reserved
[200.090s][info][gc,ref      ] GC(424) Soft: 2 encountered, 0 discovered, 0 enqueued
[200.090s][info][gc,ref      ] GC(424) Weak: 9 encountered, 0 discovered, 0 enqueued
[200.090s][info][gc,ref      ] GC(424) Final: 0 encountered, 0 discovered, 0 enqueued
[200.090s][info][gc,ref      ] GC(424) Phantom: 3 encountered, 2 discovered, 0 enqueued
[200.090s][info][gc,reloc    ] GC(424) Small Pages: 4 / 8M, Empty: 2M, Relocated: 0M, In-Place: 0
[200.090s][info][gc,reloc    ] GC(424) Medium Pages: 0 / 0M, Empty: 0M, Relocated: 0M, In-Place: 0
[200.090s][info][gc,reloc    ] GC(424) Large Pages: 0 / 0M, Empty: 0M, Relocated: 0M, In-Place: 0
[200.090s][info][gc,reloc    ] GC(424) Forwarding Usage: 0M
[200.090s][info][gc,heap     ] GC(424) Min Capacity: 8192M(100%)
[200.090s][info][gc,heap     ] GC(424) Max Capacity: 8192M(100%)
[200.090s][info][gc,heap     ] GC(424) Soft Max Capacity: 8192M(100%)
[200.090s][info][gc,heap     ] GC(424)                Mark Start          Mark End        Relocate Start      Relocate End           High               Low         
[200.090s][info][gc,heap     ] GC(424)  Capacity:     8192M (100%)       8192M (100%)       8192M (100%)       8192M (100%)       8192M (100%)       8192M (100%)   
[200.090s][info][gc,heap     ] GC(424)      Free:     8184M (100%)       8184M (100%)       8186M (100%)       8186M (100%)       8186M (100%)       8180M (100%)   
[200.090s][info][gc,heap     ] GC(424)      Used:        8M (0%)            8M (0%)            6M (0%)            6M (0%)           12M (0%)            6M (0%)     
[200.090s][info][gc,heap     ] GC(424)      Live:         -                 0M (0%)            0M (0%)            0M (0%)             -                  -          
[200.090s][info][gc,heap     ] GC(424) Allocated:         -                 0M (0%)            0M (0%)            0M (0%)             -                  -          
[200.090s][info][gc,heap     ] GC(424)   Garbage:         -                 7M (0%)            5M (0%)            5M (0%)             -                  -          
[200.090s][info][gc,heap     ] GC(424) Reclaimed:         -                  -                 2M (0%)            2M (0%)             -                  -          
[200.090s][info][gc          ] GC(424) Garbage Collection (System.gc()) 8M(0%)->6M(0%)
[200.545s][info][gc,start    ] GC(425) Garbage Collection (System.gc())
[200.545s][info][gc,task     ] GC(425) Using 3 workers
[200.545s][info][gc,phases   ] GC(425) Pause Mark Start 0.015ms
[200.557s][info][gc,phases   ] GC(425) Concurrent Mark 12.205ms
[200.558s][info][gc,phases   ] GC(425) Pause Mark End 0.025ms
[200.558s][info][gc,phases   ] GC(425) Concurrent Mark Free 0.002ms
[200.560s][info][gc,phases   ] GC(425) Concurrent Process Non-Strong References 2.136ms
[200.560s][info][gc,phases   ] GC(425) Concurrent Reset Relocation Set 0.001ms
[200.564s][info][gc,phases   ] GC(425) Concurrent Select Relocation Set 4.415ms
[200.564s][info][gc,phases   ] GC(425) Pause Relocate Start 0.008ms
[200.565s][info][gc,phases   ] GC(425) Concurrent Relocate 0.756ms
[200.565s][info][gc,load     ] GC(425) Load: 2.11/1.70/1.67
[200.565s][info][gc,mmu      ] GC(425) MMU: 2ms/87.2%, 5ms/94.3%, 10ms/97.1%, 20ms/98.5%, 50ms/99.4%, 100ms/99.7%
[200.565s][info][gc,marking  ] GC(425) Mark: 2 stripe(s), 1 proactive flush(es), 1 terminate flush(es), 0 completion(s), 0 continuation(s) 
[200.565s][info][gc,marking  ] GC(425) Mark Stack Usage: 32M
[200.565s][info][gc,nmethod  ] GC(425) NMethods: 449 registered, 26 unregistered
[200.565s][info][gc,metaspace] GC(425) Metaspace: 0M used, 0M committed, 1088M reserved
[200.565s][info][gc,ref      ] GC(425) Soft: 2 encountered, 0 discovered, 0 enqueued
[200.565s][info][gc,ref      ] GC(425) Weak: 9 encountered, 0 discovered, 0 enqueued
[200.565s][info][gc,ref      ] GC(425) Final: 0 encountered, 0 discovered, 0 enqueued
[200.565s][info][gc,ref      ] GC(425) Phantom: 3 encountered, 2 discovered, 0 enqueued
[200.565s][info][gc,reloc    ] GC(425) Small Pages: 4 / 8M, Empty: 0M, Relocated: 0M, In-Place: 0
[200.565s][info][gc,reloc    ] GC(425) Medium Pages: 0 / 0M, Empty: 0M, Relocated: 0M, In-Place: 0
[200.565s][info][gc,reloc    ] GC(425) Large Pages: 0 / 0M, Empty: 0M, Relocated: 0M, In-Place: 0
[200.565s][info][gc,reloc    ] GC(425) Forwarding Usage: 0M
[200.565s][info][gc,heap     ] GC(425) Min Capacity: 8192M(100%)
[200.565s][info][gc,heap     ] GC(425) Max Capacity: 8192M(100%)
[200.566s][info][gc,heap     ] GC(425) Soft Max Capacity: 8192M(100%)
[200.566s][info][gc,heap     ] GC(425)                Mark Start          Mark End        Relocate Start      Relocate End           High               Low         
[200.566s][info][gc,heap     ] GC(425)  Capacity:     8192M (100%)       8192M (100%)       8192M (100%)       8192M (100%)       8192M (100%)       8192M (100%)   
[200.566s][info][gc,heap     ] GC(425)      Free:     8184M (100%)       8184M (100%)       8184M (100%)       8186M (100%)       8186M (100%)       8178M (100%)   
[200.566s][info][gc,heap     ] GC(425)      Used:        8M (0%)            8M (0%)            8M (0%)            6M (0%)           14M (0%)            6M (0%)     
[200.566s][info][gc,heap     ] GC(425)      Live:         -                 0M (0%)            0M (0%)            0M (0%)             -                  -          
[200.566s][info][gc,heap     ] GC(425) Allocated:         -                 0M (0%)            0M (0%)            0M (0%)             -                  -          
[200.566s][info][gc,heap     ] GC(425)   Garbage:         -                 7M (0%)            7M (0%)            5M (0%)             -                  -          
[200.566s][info][gc,heap     ] GC(425) Reclaimed:         -                  -                 0M (0%)            2M (0%)             -                  -          
[200.566s][info][gc          ] GC(425) Garbage Collection (System.gc()) 8M(0%)->6M(0%)
[201.022s][info][gc,start    ] GC(426) Garbage Collection (System.gc())
[201.022s][info][gc,task     ] GC(426) Using 3 workers
[201.022s][info][gc,phases   ] GC(426) Pause Mark Start 0.013ms
[201.035s][info][gc,phases   ] GC(426) Concurrent Mark 12.744ms
[201.035s][info][gc,phases   ] GC(426) Pause Mark End 0.021ms
[201.035s][info][gc,phases   ] GC(426) Concurrent Mark Free 0.001ms
[201.037s][info][gc,phases   ] GC(426) Concurrent Process Non-Strong References 2.628ms
[201.038s][info][gc,phases   ] GC(426) Concurrent Reset Relocation Set 0.001ms
[201.041s][info][gc,phases   ] GC(426) Concurrent Select Relocation Set 3.711ms
[201.041s][info][gc,phases   ] GC(426) Pause Relocate Start 0.009ms
[201.042s][info][gc,phases   ] GC(426) Concurrent Relocate 0.763ms
[201.042s][info][gc,load     ] GC(426) Load: 2.11/1.70/1.67
[201.042s][info][gc,mmu      ] GC(426) MMU: 2ms/87.2%, 5ms/94.3%, 10ms/97.1%, 20ms/98.5%, 50ms/99.4%, 100ms/99.7%
[201.042s][info][gc,marking  ] GC(426) Mark: 2 stripe(s), 1 proactive flush(es), 1 terminate flush(es), 0 completion(s), 0 continuation(s) 
[201.042s][info][gc,marking  ] GC(426) Mark Stack Usage: 32M
[201.042s][info][gc,nmethod  ] GC(426) NMethods: 449 registered, 26 unregistered
[201.042s][info][gc,metaspace] GC(426) Metaspace: 0M used, 0M committed, 1088M reserved
[201.042s][info][gc,ref      ] GC(426) Soft: 2 encountered, 0 discovered, 0 enqueued
[201.042s][info][gc,ref      ] GC(426) Weak: 9 encountered, 0 discovered, 0 enqueued
[201.042s][info][gc,ref      ] GC(426) Final: 0 encountered, 0 discovered, 0 enqueued
[201.042s][info][gc,ref      ] GC(426) Phantom: 3 encountered, 2 discovered, 0 enqueued
[201.042s][info][gc,reloc    ] GC(426) Small Pages: 4 / 8M, Empty: 0M, Relocated: 0M, In-Place: 0
[201.042s][info][gc,reloc    ] GC(426) Medium Pages: 0 / 0M, Empty: 0M, Relocated: 0M, In-Place: 0
[201.042s][info][gc,reloc    ] GC(426) Large Pages: 0 / 0M, Empty: 0M, Relocated: 0M, In-Place: 0
[201.042s][info][gc,reloc    ] GC(426) Forwarding Usage: 0M
[201.042s][info][gc,heap     ] GC(426) Min Capacity: 8192M(100%)
[201.042s][info][gc,heap     ] GC(426) Max Capacity: 8192M(100%)
[201.042s][info][gc,heap     ] GC(426) Soft Max Capacity: 8192M(100%)
[201.042s][info][gc,heap     ] GC(426)                Mark Start          Mark End        Relocate Start      Relocate End           High               Low         
[201.042s][info][gc,heap     ] GC(426)  Capacity:     8192M (100%)       8192M (100%)       8192M (100%)       8192M (100%)       8192M (100%)       8192M (100%)   
[201.042s][info][gc,heap     ] GC(426)      Free:     8184M (100%)       8184M (100%)       8184M (100%)       8186M (100%)       8186M (100%)       8178M (100%)   
[201.042s][info][gc,heap     ] GC(426)      Used:        8M (0%)            8M (0%)            8M (0%)            6M (0%)           14M (0%)            6M (0%)     
[201.042s][info][gc,heap     ] GC(426)      Live:         -                 0M (0%)            0M (0%)            0M (0%)             -                  -          
[201.043s][info][gc,heap     ] GC(426) Allocated:         -                 0M (0%)            0M (0%)            0M (0%)             -                  -          
[201.043s][info][gc,heap     ] GC(426)   Garbage:         -                 7M (0%)            7M (0%)            5M (0%)             -                  -          
[201.043s][info][gc,heap     ] GC(426) Reclaimed:         -                  -                 0M (0%)            2M (0%)             -                  -          
[201.043s][info][gc          ] GC(426) Garbage Collection (System.gc()) 8M(0%)->6M(0%)
[201.505s][info][gc,start    ] GC(427) Garbage Collection (System.gc())
[201.505s][info][gc,task     ] GC(427) Using 3 workers
[201.505s][info][gc,phases   ] GC(427) Pause Mark Start 0.007ms
[201.507s][info][gc,phases   ] GC(427) Concurrent Mark 1.968ms
[201.507s][info][gc,phases   ] GC(427) Pause Mark End 0.007ms
[201.507s][info][gc,phases   ] GC(427) Concurrent Mark Free 0.000ms
[201.508s][info][gc,phases   ] GC(427) Concurrent Process Non-Strong References 0.480ms
[201.508s][info][gc,phases   ] GC(427) Concurrent Reset Relocation Set 0.001ms
[201.512s][info][gc,phases   ] GC(427) Concurrent Select Relocation Set 4.398ms
[201.512s][info][gc,phases   ] GC(427) Pause Relocate Start 0.006ms
[201.513s][info][gc,phases   ] GC(427) Concurrent Relocate 0.705ms
[201.513s][info][gc,load     ] GC(427) Load: 2.11/1.70/1.67
[201.513s][info][gc,mmu      ] GC(427) MMU: 2ms/87.2%, 5ms/94.3%, 10ms/97.1%, 20ms/98.5%, 50ms/99.4%, 100ms/99.7%
[201.513s][info][gc,marking  ] GC(427) Mark: 2 stripe(s), 1 proactive flush(es), 1 terminate flush(es), 0 completion(s), 0 continuation(s) 
[201.513s][info][gc,marking  ] GC(427) Mark Stack Usage: 32M
[201.513s][info][gc,nmethod  ] GC(427) NMethods: 449 registered, 26 unregistered
[201.513s][info][gc,metaspace] GC(427) Metaspace: 0M used, 0M committed, 1088M reserved
[201.513s][info][gc,ref      ] GC(427) Soft: 2 encountered, 0 discovered, 0 enqueued
[201.513s][info][gc,ref      ] GC(427) Weak: 9 encountered, 0 discovered, 0 enqueued
[201.513s][info][gc,ref      ] GC(427) Final: 0 encountered, 0 discovered, 0 enqueued
[201.513s][info][gc,ref      ] GC(427) Phantom: 3 encountered, 2 discovered, 0 enqueued
[201.513s][info][gc,reloc    ] GC(427) Small Pages: 4 / 8M, Empty: 0M, Relocated: 0M, In-Place: 0
[201.513s][info][gc,reloc    ] GC(427) Medium Pages: 0 / 0M, Empty: 0M, Relocated: 0M, In-Place: 0
[201.513s][info][gc,reloc    ] GC(427) Large Pages: 0 / 0M, Empty: 0M, Relocated: 0M, In-Place: 0
[201.513s][info][gc,reloc    ] GC(427) Forwarding Usage: 0M
[201.513s][info][gc,heap     ] GC(427) Min Capacity: 8192M(100%)
[201.513s][info][gc,heap     ] GC(427) Max Capacity: 8192M(100%)
[201.513s][info][gc,heap     ] GC(427) Soft Max Capacity: 8192M(100%)
[201.513s][info][gc,heap     ] GC(427)                Mark Start          Mark End        Relocate Start      Relocate End           High               Low         
[201.513s][info][gc,heap     ] GC(427)  Capacity:     8192M (100%)       8192M (100%)       8192M (100%)       8192M (100%)       8192M (100%)       8192M (100%)   
[201.514s][info][gc,heap     ] GC(427)      Free:     8184M (100%)       8184M (100%)       8184M (100%)       8186M (100%)       8186M (100%)       8178M (100%)   
[201.514s][info][gc,heap     ] GC(427)      Used:        8M (0%)            8M (0%)            8M (0%)            6M (0%)           14M (0%)            6M (0%)     
[201.514s][info][gc,heap     ] GC(427)      Live:         -                 0M (0%)            0M (0%)            0M (0%)             -                  -          
[201.514s][info][gc,heap     ] GC(427) Allocated:         -                 0M (0%)            0M (0%)            0M (0%)             -                  -          
[201.514s][info][gc,heap     ] GC(427)   Garbage:         -                 7M (0%)            7M (0%)            5M (0%)             -                  -          
[201.514s][info][gc,heap     ] GC(427) Reclaimed:         -                  -                 0M (0%)            2M (0%)             -                  -          
[201.514s][info][gc          ] GC(427) Garbage Collection (System.gc()) 8M(0%)->6M(0%)
[201.970s][info][gc,start    ] GC(428) Garbage Collection (System.gc())
[201.970s][info][gc,task     ] GC(428) Using 3 workers
[201.971s][info][gc,phases   ] GC(428) Pause Mark Start 0.014ms
[201.982s][info][gc,phases   ] GC(428) Concurrent Mark 2.965ms
[201.982s][info][gc,phases   ] GC(428) Pause Mark End 0.012ms
[201.982s][info][gc,phases   ] GC(428) Concurrent Mark Free 0.000ms
[201.983s][info][gc,phases   ] GC(428) Concurrent Process Non-Strong References 0.487ms
[201.983s][info][gc,phases   ] GC(428) Concurrent Reset Relocation Set 0.001ms
[201.987s][info][gc,phases   ] GC(428) Concurrent Select Relocation Set 4.198ms
[201.987s][info][gc,phases   ] GC(428) Pause Relocate Start 0.006ms
[201.988s][info][gc,phases   ] GC(428) Concurrent Relocate 0.698ms
[201.988s][info][gc,load     ] GC(428) Load: 2.11/1.70/1.67
[201.988s][info][gc,mmu      ] GC(428) MMU: 2ms/87.2%, 5ms/94.3%, 10ms/97.1%, 20ms/98.5%, 50ms/99.4%, 100ms/99.7%
[201.988s][info][gc,marking  ] GC(428) Mark: 2 stripe(s), 1 proactive flush(es), 1 terminate flush(es), 0 completion(s), 0 continuation(s) 
[201.988s][info][gc,marking  ] GC(428) Mark Stack Usage: 32M
[201.988s][info][gc,nmethod  ] GC(428) NMethods: 449 registered, 26 unregistered
[201.988s][info][gc,metaspace] GC(428) Metaspace: 0M used, 0M committed, 1088M reserved
[201.988s][info][gc,ref      ] GC(428) Soft: 2 encountered, 0 discovered, 0 enqueued
[201.988s][info][gc,ref      ] GC(428) Weak: 9 encountered, 0 discovered, 0 enqueued
[201.988s][info][gc,ref      ] GC(428) Final: 0 encountered, 0 discovered, 0 enqueued
[201.988s][info][gc,ref      ] GC(428) Phantom: 3 encountered, 2 discovered, 0 enqueued
[201.988s][info][gc,reloc    ] GC(428) Small Pages: 4 / 8M, Empty: 0M, Relocated: 0M, In-Place: 0
[201.988s][info][gc,reloc    ] GC(428) Medium Pages: 0 / 0M, Empty: 0M, Relocated: 0M, In-Place: 0
[201.988s][info][gc,reloc    ] GC(428) Large Pages: 0 / 0M, Empty: 0M, Relocated: 0M, In-Place: 0
[201.988s][info][gc,reloc    ] GC(428) Forwarding Usage: 0M
[201.988s][info][gc,heap     ] GC(428) Min Capacity: 8192M(100%)
[201.988s][info][gc,heap     ] GC(428) Max Capacity: 8192M(100%)
[201.988s][info][gc,heap     ] GC(428) Soft Max Capacity: 8192M(100%)
[201.988s][info][gc,heap     ] GC(428)                Mark Start          Mark End        Relocate Start      Relocate End           High               Low         
[201.988s][info][gc,heap     ] GC(428)  Capacity:     8192M (100%)       8192M (100%)       8192M (100%)       8192M (100%)       8192M (100%)       8192M (100%)   
[201.988s][info][gc,heap     ] GC(428)      Free:     8184M (100%)       8184M (100%)       8184M (100%)       8186M (100%)       8186M (100%)       8178M (100%)   
[201.988s][info][gc,heap     ] GC(428)      Used:        8M (0%)            8M (0%)            8M (0%)            6M (0%)           14M (0%)            6M (0%)     
[201.988s][info][gc,heap     ] GC(428)      Live:         -                 0M (0%)            0M (0%)            0M (0%)             -                  -          
[201.988s][info][gc,heap     ] GC(428) Allocated:         -                 0M (0%)            0M (0%)            0M (0%)             -                  -          
[201.988s][info][gc,heap     ] GC(428)   Garbage:         -                 7M (0%)            7M (0%)            5M (0%)             -                  -          
[201.988s][info][gc,heap     ] GC(428) Reclaimed:         -                  -                 0M (0%)            2M (0%)             -                  -          
[201.988s][info][gc          ] GC(428) Garbage Collection (System.gc()) 8M(0%)->6M(0%)
[202.455s][info][gc,start    ] GC(429) Garbage Collection (System.gc())
[202.456s][info][gc,task     ] GC(429) Using 3 workers
[202.456s][info][gc,phases   ] GC(429) Pause Mark Start 0.014ms
[202.458s][info][gc,phases   ] GC(429) Concurrent Mark 2.705ms
[202.459s][info][gc,phases   ] GC(429) Pause Mark End 0.013ms
[202.459s][info][gc,phases   ] GC(429) Concurrent Mark Free 0.001ms
[202.459s][info][gc,phases   ] GC(429) Concurrent Process Non-Strong References 0.546ms
[202.459s][info][gc,phases   ] GC(429) Concurrent Reset Relocation Set 0.001ms
[202.464s][info][gc,phases   ] GC(429) Concurrent Select Relocation Set 4.599ms
[202.464s][info][gc,phases   ] GC(429) Pause Relocate Start 0.009ms
[202.465s][info][gc,phases   ] GC(429) Concurrent Relocate 1.004ms
[202.465s][info][gc,load     ] GC(429) Load: 2.11/1.70/1.67
[202.465s][info][gc,mmu      ] GC(429) MMU: 2ms/87.2%, 5ms/94.3%, 10ms/97.1%, 20ms/98.5%, 50ms/99.4%, 100ms/99.7%
[202.465s][info][gc,marking  ] GC(429) Mark: 2 stripe(s), 1 proactive flush(es), 1 terminate flush(es), 0 completion(s), 0 continuation(s) 
[202.465s][info][gc,marking  ] GC(429) Mark Stack Usage: 32M
[202.465s][info][gc,nmethod  ] GC(429) NMethods: 449 registered, 26 unregistered
[202.465s][info][gc,metaspace] GC(429) Metaspace: 0M used, 0M committed, 1088M reserved
[202.465s][info][gc,ref      ] GC(429) Soft: 2 encountered, 0 discovered, 0 enqueued
[202.465s][info][gc,ref      ] GC(429) Weak: 9 encountered, 0 discovered, 0 enqueued
[202.465s][info][gc,ref      ] GC(429) Final: 0 encountered, 0 discovered, 0 enqueued
[202.465s][info][gc,ref      ] GC(429) Phantom: 3 encountered, 1 discovered, 0 enqueued
[202.465s][info][gc,reloc    ] GC(429) Small Pages: 4 / 8M, Empty: 0M, Relocated: 0M, In-Place: 0
[202.465s][info][gc,reloc    ] GC(429) Medium Pages: 0 / 0M, Empty: 0M, Relocated: 0M, In-Place: 0
[202.465s][info][gc,reloc    ] GC(429) Large Pages: 0 / 0M, Empty: 0M, Relocated: 0M, In-Place: 0
[202.465s][info][gc,reloc    ] GC(429) Forwarding Usage: 0M
[202.465s][info][gc,heap     ] GC(429) Min Capacity: 8192M(100%)
[202.465s][info][gc,heap     ] GC(429) Max Capacity: 8192M(100%)
[202.465s][info][gc,heap     ] GC(429) Soft Max Capacity: 8192M(100%)
[202.465s][info][gc,heap     ] GC(429)                Mark Start          Mark End        Relocate Start      Relocate End           High               Low         
[202.465s][info][gc,heap     ] GC(429)  Capacity:     8192M (100%)       8192M (100%)       8192M (100%)       8192M (100%)       8192M (100%)       8192M (100%)   
[202.465s][info][gc,heap     ] GC(429)      Free:     8184M (100%)       8184M (100%)       8184M (100%)       8186M (100%)       8186M (100%)       8178M (100%)   
[202.465s][info][gc,heap     ] GC(429)      Used:        8M (0%)            8M (0%)            8M (0%)            6M (0%)           14M (0%)            6M (0%)     
[202.465s][info][gc,heap     ] GC(429)      Live:         -                 0M (0%)            0M (0%)            0M (0%)             -                  -          
[202.465s][info][gc,heap     ] GC(429) Allocated:         -                 0M (0%)            0M (0%)            0M (0%)             -                  -          
[202.465s][info][gc,heap     ] GC(429)   Garbage:         -                 7M (0%)            7M (0%)            5M (0%)             -                  -          
[202.465s][info][gc,heap     ] GC(429) Reclaimed:         -                  -                 0M (0%)            2M (0%)             -                  -          
[202.465s][info][gc          ] GC(429) Garbage Collection (System.gc()) 8M(0%)->6M(0%)
[202.928s][info][gc,start    ] GC(430) Garbage Collection (System.gc())
[202.929s][info][gc,task     ] GC(430) Using 3 workers
[202.929s][info][gc,phases   ] GC(430) Pause Mark Start 0.013ms
[202.931s][info][gc,phases   ] GC(430) Concurrent Mark 2.455ms
[202.931s][info][gc,phases   ] GC(430) Pause Mark End 0.012ms
[202.931s][info][gc,phases   ] GC(430) Concurrent Mark Free 0.000ms
[202.932s][info][gc,phases   ] GC(430) Concurrent Process Non-Strong References 0.511ms
[202.932s][info][gc,phases   ] GC(430) Concurrent Reset Relocation Set 0.001ms
[202.936s][info][gc,phases   ] GC(430) Concurrent Select Relocation Set 4.463ms
[202.936s][info][gc,phases   ] GC(430) Pause Relocate Start 0.007ms
[202.937s][info][gc,phases   ] GC(430) Concurrent Relocate 0.838ms
[202.937s][info][gc,load     ] GC(430) Load: 2.11/1.70/1.67
[202.937s][info][gc,mmu      ] GC(430) MMU: 2ms/87.2%, 5ms/94.3%, 10ms/97.1%, 20ms/98.5%, 50ms/99.4%, 100ms/99.7%
[202.937s][info][gc,marking  ] GC(430) Mark: 2 stripe(s), 1 proactive flush(es), 1 terminate flush(es), 0 completion(s), 0 continuation(s) 
[202.937s][info][gc,marking  ] GC(430) Mark Stack Usage: 32M
[202.937s][info][gc,nmethod  ] GC(430) NMethods: 449 registered, 26 unregistered
[202.937s][info][gc,metaspace] GC(430) Metaspace: 0M used, 0M committed, 1088M reserved
[202.937s][info][gc,ref      ] GC(430) Soft: 2 encountered, 0 discovered, 0 enqueued
[202.937s][info][gc,ref      ] GC(430) Weak: 9 encountered, 0 discovered, 0 enqueued
[202.937s][info][gc,ref      ] GC(430) Final: 0 encountered, 0 discovered, 0 enqueued
[202.937s][info][gc,ref      ] GC(430) Phantom: 3 encountered, 1 discovered, 0 enqueued
[202.937s][info][gc,reloc    ] GC(430) Small Pages: 4 / 8M, Empty: 0M, Relocated: 0M, In-Place: 0
[202.937s][info][gc,reloc    ] GC(430) Medium Pages: 0 / 0M, Empty: 0M, Relocated: 0M, In-Place: 0
[202.937s][info][gc,reloc    ] GC(430) Large Pages: 0 / 0M, Empty: 0M, Relocated: 0M, In-Place: 0
[202.937s][info][gc,reloc    ] GC(430) Forwarding Usage: 0M
[202.937s][info][gc,heap     ] GC(430) Min Capacity: 8192M(100%)
[202.938s][info][gc,heap     ] GC(430) Max Capacity: 8192M(100%)
[202.938s][info][gc,heap     ] GC(430) Soft Max Capacity: 8192M(100%)
[202.938s][info][gc,heap     ] GC(430)                Mark Start          Mark End        Relocate Start      Relocate End           High               Low         
[202.938s][info][gc,heap     ] GC(430)  Capacity:     8192M (100%)       8192M (100%)       8192M (100%)       8192M (100%)       8192M (100%)       8192M (100%)   
[202.938s][info][gc,heap     ] GC(430)      Free:     8184M (100%)       8184M (100%)       8184M (100%)       8186M (100%)       8186M (100%)       8178M (100%)   
[202.938s][info][gc,heap     ] GC(430)      Used:        8M (0%)            8M (0%)            8M (0%)            6M (0%)           14M (0%)            6M (0%)     
[202.938s][info][gc,heap     ] GC(430)      Live:         -                 0M (0%)            0M (0%)            0M (0%)             -                  -          
[202.938s][info][gc,heap     ] GC(430) Allocated:         -                 0M (0%)            0M (0%)            0M (0%)             -                  -          
[202.938s][info][gc,heap     ] GC(430)   Garbage:         -                 7M (0%)            7M (0%)            5M (0%)             -                  -          
[202.938s][info][gc,heap     ] GC(430) Reclaimed:         -                  -                 0M (0%)            2M (0%)             -                  -          
[202.938s][info][gc          ] GC(430) Garbage Collection (System.gc()) 8M(0%)->6M(0%)
[203.401s][info][gc,start    ] GC(431) Garbage Collection (System.gc())
[203.401s][info][gc,task     ] GC(431) Using 3 workers
[203.401s][info][gc,phases   ] GC(431) Pause Mark Start 0.008ms
[203.403s][info][gc,phases   ] GC(431) Concurrent Mark 1.989ms
[203.403s][info][gc,phases   ] GC(431) Pause Mark End 0.007ms
[203.403s][info][gc,phases   ] GC(431) Concurrent Mark Free 0.000ms
[203.404s][info][gc,phases   ] GC(431) Concurrent Process Non-Strong References 0.468ms
[203.404s][info][gc,phases   ] GC(431) Concurrent Reset Relocation Set 0.001ms
[203.408s][info][gc,phases   ] GC(431) Concurrent Select Relocation Set 4.353ms
[203.408s][info][gc,phases   ] GC(431) Pause Relocate Start 0.012ms
[203.409s][info][gc,phases   ] GC(431) Concurrent Relocate 0.832ms
[203.409s][info][gc,load     ] GC(431) Load: 2.11/1.70/1.67
[203.409s][info][gc,mmu      ] GC(431) MMU: 2ms/87.2%, 5ms/94.3%, 10ms/97.1%, 20ms/98.5%, 50ms/99.4%, 100ms/99.7%
[203.409s][info][gc,marking  ] GC(431) Mark: 2 stripe(s), 1 proactive flush(es), 1 terminate flush(es), 0 completion(s), 0 continuation(s) 
[203.409s][info][gc,marking  ] GC(431) Mark Stack Usage: 32M
[203.409s][info][gc,nmethod  ] GC(431) NMethods: 449 registered, 26 unregistered
[203.409s][info][gc,metaspace] GC(431) Metaspace: 0M used, 0M committed, 1088M reserved
[203.409s][info][gc,ref      ] GC(431) Soft: 2 encountered, 0 discovered, 0 enqueued
[203.409s][info][gc,ref      ] GC(431) Weak: 9 encountered, 0 discovered, 0 enqueued
[203.409s][info][gc,ref      ] GC(431) Final: 0 encountered, 0 discovered, 0 enqueued
[203.409s][info][gc,ref      ] GC(431) Phantom: 3 encountered, 2 discovered, 0 enqueued
[203.409s][info][gc,reloc    ] GC(431) Small Pages: 4 / 8M, Empty: 0M, Relocated: 0M, In-Place: 0
[203.409s][info][gc,reloc    ] GC(431) Medium Pages: 0 / 0M, Empty: 0M, Relocated: 0M, In-Place: 0
[203.409s][info][gc,reloc    ] GC(431) Large Pages: 0 / 0M, Empty: 0M, Relocated: 0M, In-Place: 0
[203.409s][info][gc,reloc    ] GC(431) Forwarding Usage: 0M
[203.409s][info][gc,heap     ] GC(431) Min Capacity: 8192M(100%)
[203.409s][info][gc,heap     ] GC(431) Max Capacity: 8192M(100%)
[203.409s][info][gc,heap     ] GC(431) Soft Max Capacity: 8192M(100%)
[203.409s][info][gc,heap     ] GC(431)                Mark Start          Mark End        Relocate Start      Relocate End           High               Low         
[203.409s][info][gc,heap     ] GC(431)  Capacity:     8192M (100%)       8192M (100%)       8192M (100%)       8192M (100%)       8192M (100%)       8192M (100%)   
[203.409s][info][gc,heap     ] GC(431)      Free:     8184M (100%)       8184M (100%)       8184M (100%)       8186M (100%)       8186M (100%)       8178M (100%)   
[203.409s][info][gc,heap     ] GC(431)      Used:        8M (0%)            8M (0%)            8M (0%)            6M (0%)           14M (0%)            6M (0%)     
[203.410s][info][gc,heap     ] GC(431)      Live:         -                 0M (0%)            0M (0%)            0M (0%)             -                  -          
[203.410s][info][gc,heap     ] GC(431) Allocated:         -                 0M (0%)            0M (0%)            0M (0%)             -                  -          
[203.410s][info][gc,heap     ] GC(431)   Garbage:         -                 7M (0%)            7M (0%)            5M (0%)             -                  -          
[203.410s][info][gc,heap     ] GC(431) Reclaimed:         -                  -                 0M (0%)            2M (0%)             -                  -          
[203.410s][info][gc          ] GC(431) Garbage Collection (System.gc()) 8M(0%)->6M(0%)
[203.866s][info][gc,start    ] GC(432) Garbage Collection (System.gc())
[203.866s][info][gc,task     ] GC(432) Using 3 workers
[203.866s][info][gc,phases   ] GC(432) Pause Mark Start 0.016ms
[203.878s][info][gc,phases   ] GC(432) Concurrent Mark 2.108ms
[203.878s][info][gc,phases   ] GC(432) Pause Mark End 0.012ms
[203.878s][info][gc,phases   ] GC(432) Concurrent Mark Free 0.000ms
[203.878s][info][gc,phases   ] GC(432) Concurrent Process Non-Strong References 0.455ms
[203.878s][info][gc,phases   ] GC(432) Concurrent Reset Relocation Set 0.001ms
[203.883s][info][gc,phases   ] GC(432) Concurrent Select Relocation Set 4.525ms
[203.883s][info][gc,phases   ] GC(432) Pause Relocate Start 0.007ms
[203.884s][info][gc,phases   ] GC(432) Concurrent Relocate 0.715ms
[203.884s][info][gc,load     ] GC(432) Load: 2.11/1.70/1.67
[203.884s][info][gc,mmu      ] GC(432) MMU: 2ms/87.2%, 5ms/94.3%, 10ms/97.1%, 20ms/98.5%, 50ms/99.4%, 100ms/99.7%
[203.884s][info][gc,marking  ] GC(432) Mark: 2 stripe(s), 1 proactive flush(es), 1 terminate flush(es), 0 completion(s), 0 continuation(s) 
[203.884s][info][gc,marking  ] GC(432) Mark Stack Usage: 32M
[203.884s][info][gc,nmethod  ] GC(432) NMethods: 449 registered, 26 unregistered
[203.884s][info][gc,metaspace] GC(432) Metaspace: 0M used, 0M committed, 1088M reserved
[203.884s][info][gc,ref      ] GC(432) Soft: 2 encountered, 0 discovered, 0 enqueued
[203.884s][info][gc,ref      ] GC(432) Weak: 9 encountered, 0 discovered, 0 enqueued
[203.884s][info][gc,ref      ] GC(432) Final: 0 encountered, 0 discovered, 0 enqueued
[203.884s][info][gc,ref      ] GC(432) Phantom: 3 encountered, 2 discovered, 0 enqueued
[203.884s][info][gc,reloc    ] GC(432) Small Pages: 4 / 8M, Empty: 0M, Relocated: 0M, In-Place: 0
[203.884s][info][gc,reloc    ] GC(432) Medium Pages: 0 / 0M, Empty: 0M, Relocated: 0M, In-Place: 0
[203.884s][info][gc,reloc    ] GC(432) Large Pages: 0 / 0M, Empty: 0M, Relocated: 0M, In-Place: 0
[203.884s][info][gc,reloc    ] GC(432) Forwarding Usage: 0M
[203.884s][info][gc,heap     ] GC(432) Min Capacity: 8192M(100%)
[203.884s][info][gc,heap     ] GC(432) Max Capacity: 8192M(100%)
[203.884s][info][gc,heap     ] GC(432) Soft Max Capacity: 8192M(100%)
[203.884s][info][gc,heap     ] GC(432)                Mark Start          Mark End        Relocate Start      Relocate End           High               Low         
[203.884s][info][gc,heap     ] GC(432)  Capacity:     8192M (100%)       8192M (100%)       8192M (100%)       8192M (100%)       8192M (100%)       8192M (100%)   
[203.884s][info][gc,heap     ] GC(432)      Free:     8184M (100%)       8184M (100%)       8184M (100%)       8186M (100%)       8186M (100%)       8178M (100%)   
[203.884s][info][gc,heap     ] GC(432)      Used:        8M (0%)            8M (0%)            8M (0%)            6M (0%)           14M (0%)            6M (0%)     
[203.884s][info][gc,heap     ] GC(432)      Live:         -                 0M (0%)            0M (0%)            0M (0%)             -                  -          
[203.884s][info][gc,heap     ] GC(432) Allocated:         -                 0M (0%)            0M (0%)            0M (0%)             -                  -          
[203.884s][info][gc,heap     ] GC(432)   Garbage:         -                 7M (0%)            7M (0%)            5M (0%)             -                  -          
[203.884s][info][gc,heap     ] GC(432) Reclaimed:         -                  -                 0M (0%)            2M (0%)             -                  -          
[203.884s][info][gc          ] GC(432) Garbage Collection (System.gc()) 8M(0%)->6M(0%)
[204.347s][info][gc,start    ] GC(433) Garbage Collection (System.gc())
[204.347s][info][gc,task     ] GC(433) Using 3 workers
[204.347s][info][gc,phases   ] GC(433) Pause Mark Start 0.014ms
[204.350s][info][gc,phases   ] GC(433) Concurrent Mark 2.811ms
[204.350s][info][gc,phases   ] GC(433) Pause Mark End 0.017ms
[204.350s][info][gc,phases   ] GC(433) Concurrent Mark Free 0.001ms
[204.352s][info][gc,phases   ] GC(433) Concurrent Process Non-Strong References 1.224ms
[204.352s][info][gc,phases   ] GC(433) Concurrent Reset Relocation Set 0.001ms
[204.355s][info][gc,phases   ] GC(433) Concurrent Select Relocation Set 3.067ms
[204.355s][info][gc,phases   ] GC(433) Pause Relocate Start 0.013ms
[204.356s][info][gc,phases   ] GC(433) Concurrent Relocate 0.631ms
[204.356s][info][gc,load     ] GC(433) Load: 2.11/1.70/1.67
[204.356s][info][gc,mmu      ] GC(433) MMU: 2ms/87.2%, 5ms/94.3%, 10ms/97.1%, 20ms/98.5%, 50ms/99.4%, 100ms/99.7%
[204.356s][info][gc,marking  ] GC(433) Mark: 2 stripe(s), 1 proactive flush(es), 1 terminate flush(es), 0 completion(s), 0 continuation(s) 
[204.356s][info][gc,marking  ] GC(433) Mark Stack Usage: 32M
[204.356s][info][gc,nmethod  ] GC(433) NMethods: 449 registered, 26 unregistered
[204.356s][info][gc,metaspace] GC(433) Metaspace: 0M used, 0M committed, 1088M reserved
[204.356s][info][gc,ref      ] GC(433) Soft: 2 encountered, 0 discovered, 0 enqueued
[204.356s][info][gc,ref      ] GC(433) Weak: 9 encountered, 0 discovered, 0 enqueued
[204.356s][info][gc,ref      ] GC(433) Final: 0 encountered, 0 discovered, 0 enqueued
[204.356s][info][gc,ref      ] GC(433) Phantom: 3 encountered, 2 discovered, 0 enqueued
[204.356s][info][gc,reloc    ] GC(433) Small Pages: 4 / 8M, Empty: 0M, Relocated: 0M, In-Place: 0
[204.356s][info][gc,reloc    ] GC(433) Medium Pages: 0 / 0M, Empty: 0M, Relocated: 0M, In-Place: 0
[204.356s][info][gc,reloc    ] GC(433) Large Pages: 0 / 0M, Empty: 0M, Relocated: 0M, In-Place: 0
[204.356s][info][gc,reloc    ] GC(433) Forwarding Usage: 0M
[204.356s][info][gc,heap     ] GC(433) Min Capacity: 8192M(100%)
[204.356s][info][gc,heap     ] GC(433) Max Capacity: 8192M(100%)
[204.356s][info][gc,heap     ] GC(433) Soft Max Capacity: 8192M(100%)
[204.356s][info][gc,heap     ] GC(433)                Mark Start          Mark End        Relocate Start      Relocate End           High               Low         
[204.356s][info][gc,heap     ] GC(433)  Capacity:     8192M (100%)       8192M (100%)       8192M (100%)       8192M (100%)       8192M (100%)       8192M (100%)   
[204.356s][info][gc,heap     ] GC(433)      Free:     8184M (100%)       8184M (100%)       8184M (100%)       8186M (100%)       8186M (100%)       8178M (100%)   
[204.356s][info][gc,heap     ] GC(433)      Used:        8M (0%)            8M (0%)            8M (0%)            6M (0%)           14M (0%)            6M (0%)     
[204.356s][info][gc,heap     ] GC(433)      Live:         -                 0M (0%)            0M (0%)            0M (0%)             -                  -          
[204.356s][info][gc,heap     ] GC(433) Allocated:         -                 0M (0%)            0M (0%)            0M (0%)             -                  -          
[204.356s][info][gc,heap     ] GC(433)   Garbage:         -                 7M (0%)            7M (0%)            5M (0%)             -                  -          
[204.356s][info][gc,heap     ] GC(433) Reclaimed:         -                  -                 0M (0%)            2M (0%)             -                  -          
[204.356s][info][gc          ] GC(433) Garbage Collection (System.gc()) 8M(0%)->6M(0%)
[204.820s][info][gc,start    ] GC(434) Garbage Collection (System.gc())
[204.820s][info][gc,task     ] GC(434) Using 3 workers
[204.820s][info][gc,phases   ] GC(434) Pause Mark Start 0.009ms
[204.823s][info][gc,phases   ] GC(434) Concurrent Mark 2.262ms
[204.823s][info][gc,phases   ] GC(434) Pause Mark End 0.012ms
[204.823s][info][gc,phases   ] GC(434) Concurrent Mark Free 0.000ms
[204.824s][info][gc,phases   ] GC(434) Concurrent Process Non-Strong References 1.146ms
[204.824s][info][gc,phases   ] GC(434) Concurrent Reset Relocation Set 0.001ms
[204.828s][info][gc,phases   ] GC(434) Concurrent Select Relocation Set 4.008ms
[204.828s][info][gc,phases   ] GC(434) Pause Relocate Start 0.005ms
[204.829s][info][gc,phases   ] GC(434) Concurrent Relocate 0.708ms
[204.829s][info][gc,load     ] GC(434) Load: 2.11/1.70/1.67
[204.829s][info][gc,mmu      ] GC(434) MMU: 2ms/87.2%, 5ms/94.3%, 10ms/97.1%, 20ms/98.5%, 50ms/99.4%, 100ms/99.7%
[204.829s][info][gc,marking  ] GC(434) Mark: 2 stripe(s), 1 proactive flush(es), 1 terminate flush(es), 0 completion(s), 0 continuation(s) 
[204.829s][info][gc,marking  ] GC(434) Mark Stack Usage: 32M
[204.829s][info][gc,nmethod  ] GC(434) NMethods: 449 registered, 26 unregistered
[204.829s][info][gc,metaspace] GC(434) Metaspace: 0M used, 0M committed, 1088M reserved
[204.829s][info][gc,ref      ] GC(434) Soft: 2 encountered, 0 discovered, 0 enqueued
[204.829s][info][gc,ref      ] GC(434) Weak: 9 encountered, 0 discovered, 0 enqueued
[204.829s][info][gc,ref      ] GC(434) Final: 0 encountered, 0 discovered, 0 enqueued
[204.829s][info][gc,ref      ] GC(434) Phantom: 3 encountered, 2 discovered, 0 enqueued
[204.829s][info][gc,reloc    ] GC(434) Small Pages: 4 / 8M, Empty: 0M, Relocated: 0M, In-Place: 0
[204.829s][info][gc,reloc    ] GC(434) Medium Pages: 0 / 0M, Empty: 0M, Relocated: 0M, In-Place: 0
[204.829s][info][gc,reloc    ] GC(434) Large Pages: 0 / 0M, Empty: 0M, Relocated: 0M, In-Place: 0
[204.829s][info][gc,reloc    ] GC(434) Forwarding Usage: 0M
[204.829s][info][gc,heap     ] GC(434) Min Capacity: 8192M(100%)
[204.829s][info][gc,heap     ] GC(434) Max Capacity: 8192M(100%)
[204.829s][info][gc,heap     ] GC(434) Soft Max Capacity: 8192M(100%)
[204.829s][info][gc,heap     ] GC(434)                Mark Start          Mark End        Relocate Start      Relocate End           High               Low         
[204.829s][info][gc,heap     ] GC(434)  Capacity:     8192M (100%)       8192M (100%)       8192M (100%)       8192M (100%)       8192M (100%)       8192M (100%)   
[204.829s][info][gc,heap     ] GC(434)      Free:     8184M (100%)       8184M (100%)       8184M (100%)       8186M (100%)       8186M (100%)       8178M (100%)   
[204.829s][info][gc,heap     ] GC(434)      Used:        8M (0%)            8M (0%)            8M (0%)            6M (0%)           14M (0%)            6M (0%)     
[204.829s][info][gc,heap     ] GC(434)      Live:         -                 0M (0%)            0M (0%)            0M (0%)             -                  -          
[204.829s][info][gc,heap     ] GC(434) Allocated:         -                 0M (0%)            0M (0%)            0M (0%)             -                  -          
[204.829s][info][gc,heap     ] GC(434)   Garbage:         -                 7M (0%)            7M (0%)            5M (0%)             -                  -          
[204.829s][info][gc,heap     ] GC(434) Reclaimed:         -                  -                 0M (0%)            2M (0%)             -                  -          
[204.829s][info][gc          ] GC(434) Garbage Collection (System.gc()) 8M(0%)->6M(0%)
[205.284s][info][gc,start    ] GC(435) Garbage Collection (System.gc())
[205.284s][info][gc,task     ] GC(435) Using 3 workers
[205.284s][info][gc,phases   ] GC(435) Pause Mark Start 0.012ms
[205.290s][info][gc,phases   ] GC(435) Concurrent Mark 5.553ms
[205.290s][info][gc,phases   ] GC(435) Pause Mark End 0.019ms
[205.290s][info][gc,phases   ] GC(435) Concurrent Mark Free 0.001ms
[205.301s][info][gc,phases   ] GC(435) Concurrent Process Non-Strong References 10.294ms
[205.301s][info][gc,phases   ] GC(435) Concurrent Reset Relocation Set 0.001ms
[205.305s][info][gc,phases   ] GC(435) Concurrent Select Relocation Set 4.382ms
[205.305s][info][gc,phases   ] GC(435) Pause Relocate Start 0.008ms
[205.306s][info][gc,phases   ] GC(435) Concurrent Relocate 0.692ms
[205.306s][info][gc,load     ] GC(435) Load: 1.95/1.67/1.66
[205.306s][info][gc,mmu      ] GC(435) MMU: 2ms/87.2%, 5ms/94.3%, 10ms/97.1%, 20ms/98.5%, 50ms/99.4%, 100ms/99.7%
[205.306s][info][gc,marking  ] GC(435) Mark: 2 stripe(s), 1 proactive flush(es), 1 terminate flush(es), 0 completion(s), 0 continuation(s) 
[205.306s][info][gc,marking  ] GC(435) Mark Stack Usage: 32M
[205.306s][info][gc,nmethod  ] GC(435) NMethods: 449 registered, 26 unregistered
[205.306s][info][gc,metaspace] GC(435) Metaspace: 0M used, 0M committed, 1088M reserved
[205.306s][info][gc,ref      ] GC(435) Soft: 2 encountered, 0 discovered, 0 enqueued
[205.306s][info][gc,ref      ] GC(435) Weak: 9 encountered, 0 discovered, 0 enqueued
[205.306s][info][gc,ref      ] GC(435) Final: 0 encountered, 0 discovered, 0 enqueued
[205.306s][info][gc,ref      ] GC(435) Phantom: 3 encountered, 2 discovered, 0 enqueued
[205.306s][info][gc,reloc    ] GC(435) Small Pages: 4 / 8M, Empty: 0M, Relocated: 0M, In-Place: 0
[205.306s][info][gc,reloc    ] GC(435) Medium Pages: 0 / 0M, Empty: 0M, Relocated: 0M, In-Place: 0
[205.306s][info][gc,reloc    ] GC(435) Large Pages: 0 / 0M, Empty: 0M, Relocated: 0M, In-Place: 0
[205.306s][info][gc,reloc    ] GC(435) Forwarding Usage: 0M
[205.306s][info][gc,heap     ] GC(435) Min Capacity: 8192M(100%)
[205.306s][info][gc,heap     ] GC(435) Max Capacity: 8192M(100%)
[205.306s][info][gc,heap     ] GC(435) Soft Max Capacity: 8192M(100%)
[205.306s][info][gc,heap     ] GC(435)                Mark Start          Mark End        Relocate Start      Relocate End           High               Low         
[205.306s][info][gc,heap     ] GC(435)  Capacity:     8192M (100%)       8192M (100%)       8192M (100%)       8192M (100%)       8192M (100%)       8192M (100%)   
[205.306s][info][gc,heap     ] GC(435)      Free:     8184M (100%)       8184M (100%)       8184M (100%)       8186M (100%)       8186M (100%)       8178M (100%)   
[205.306s][info][gc,heap     ] GC(435)      Used:        8M (0%)            8M (0%)            8M (0%)            6M (0%)           14M (0%)            6M (0%)     
[205.306s][info][gc,heap     ] GC(435)      Live:         -                 0M (0%)            0M (0%)            0M (0%)             -                  -          
[205.306s][info][gc,heap     ] GC(435) Allocated:         -                 0M (0%)            0M (0%)            0M (0%)             -                  -          
[205.306s][info][gc,heap     ] GC(435)   Garbage:         -                 7M (0%)            7M (0%)            5M (0%)             -                  -          
[205.306s][info][gc,heap     ] GC(435) Reclaimed:         -                  -                 0M (0%)            2M (0%)             -                  -          
[205.306s][info][gc          ] GC(435) Garbage Collection (System.gc()) 8M(0%)->6M(0%)
[205.767s][info][gc,start    ] GC(436) Garbage Collection (System.gc())
[205.767s][info][gc,task     ] GC(436) Using 3 workers
[205.767s][info][gc,phases   ] GC(436) Pause Mark Start 0.012ms
[205.770s][info][gc,phases   ] GC(436) Concurrent Mark 2.929ms
[205.770s][info][gc,phases   ] GC(436) Pause Mark End 0.018ms
[205.770s][info][gc,phases   ] GC(436) Concurrent Mark Free 0.000ms
[205.771s][info][gc,phases   ] GC(436) Concurrent Process Non-Strong References 1.137ms
[205.771s][info][gc,phases   ] GC(436) Concurrent Reset Relocation Set 0.001ms
[205.775s][info][gc,phases   ] GC(436) Concurrent Select Relocation Set 3.685ms
[205.775s][info][gc,phases   ] GC(436) Pause Relocate Start 0.005ms
[205.776s][info][gc,phases   ] GC(436) Concurrent Relocate 0.596ms
[205.776s][info][gc,load     ] GC(436) Load: 1.95/1.67/1.66
[205.776s][info][gc,mmu      ] GC(436) MMU: 2ms/87.2%, 5ms/94.3%, 10ms/97.1%, 20ms/98.5%, 50ms/99.4%, 100ms/99.7%
[205.776s][info][gc,marking  ] GC(436) Mark: 2 stripe(s), 1 proactive flush(es), 1 terminate flush(es), 0 completion(s), 0 continuation(s) 
[205.776s][info][gc,marking  ] GC(436) Mark Stack Usage: 32M
[205.776s][info][gc,nmethod  ] GC(436) NMethods: 449 registered, 26 unregistered
[205.776s][info][gc,metaspace] GC(436) Metaspace: 0M used, 0M committed, 1088M reserved
[205.776s][info][gc,ref      ] GC(436) Soft: 2 encountered, 0 discovered, 0 enqueued
[205.776s][info][gc,ref      ] GC(436) Weak: 9 encountered, 0 discovered, 0 enqueued
[205.776s][info][gc,ref      ] GC(436) Final: 0 encountered, 0 discovered, 0 enqueued
[205.776s][info][gc,ref      ] GC(436) Phantom: 3 encountered, 2 discovered, 0 enqueued
[205.776s][info][gc,reloc    ] GC(436) Small Pages: 4 / 8M, Empty: 0M, Relocated: 0M, In-Place: 0
[205.776s][info][gc,reloc    ] GC(436) Medium Pages: 0 / 0M, Empty: 0M, Relocated: 0M, In-Place: 0
[205.776s][info][gc,reloc    ] GC(436) Large Pages: 0 / 0M, Empty: 0M, Relocated: 0M, In-Place: 0
[205.776s][info][gc,reloc    ] GC(436) Forwarding Usage: 0M
[205.776s][info][gc,heap     ] GC(436) Min Capacity: 8192M(100%)
[205.776s][info][gc,heap     ] GC(436) Max Capacity: 8192M(100%)
[205.776s][info][gc,heap     ] GC(436) Soft Max Capacity: 8192M(100%)
[205.776s][info][gc,heap     ] GC(436)                Mark Start          Mark End        Relocate Start      Relocate End           High               Low         
[205.776s][info][gc,heap     ] GC(436)  Capacity:     8192M (100%)       8192M (100%)       8192M (100%)       8192M (100%)       8192M (100%)       8192M (100%)   
[205.776s][info][gc,heap     ] GC(436)      Free:     8184M (100%)       8184M (100%)       8184M (100%)       8186M (100%)       8186M (100%)       8178M (100%)   
[205.776s][info][gc,heap     ] GC(436)      Used:        8M (0%)            8M (0%)            8M (0%)            6M (0%)           14M (0%)            6M (0%)     
[205.776s][info][gc,heap     ] GC(436)      Live:         -                 0M (0%)            0M (0%)            0M (0%)             -                  -          
[205.776s][info][gc,heap     ] GC(436) Allocated:         -                 0M (0%)            0M (0%)            0M (0%)             -                  -          
[205.776s][info][gc,heap     ] GC(436)   Garbage:         -                 7M (0%)            7M (0%)            5M (0%)             -                  -          
[205.776s][info][gc,heap     ] GC(436) Reclaimed:         -                  -                 0M (0%)            2M (0%)             -                  -          
[205.776s][info][gc          ] GC(436) Garbage Collection (System.gc()) 8M(0%)->6M(0%)
[206.233s][info][gc,start    ] GC(437) Garbage Collection (System.gc())
[206.233s][info][gc,task     ] GC(437) Using 3 workers
[206.233s][info][gc,phases   ] GC(437) Pause Mark Start 0.006ms
[206.235s][info][gc,phases   ] GC(437) Concurrent Mark 2.348ms
[206.235s][info][gc,phases   ] GC(437) Pause Mark End 0.011ms
[206.235s][info][gc,phases   ] GC(437) Concurrent Mark Free 0.000ms
[206.236s][info][gc,phases   ] GC(437) Concurrent Process Non-Strong References 1.190ms
[206.236s][info][gc,phases   ] GC(437) Concurrent Reset Relocation Set 0.001ms
[206.241s][info][gc,phases   ] GC(437) Concurrent Select Relocation Set 4.136ms
[206.241s][info][gc,phases   ] GC(437) Pause Relocate Start 0.010ms
[206.241s][info][gc,phases   ] GC(437) Concurrent Relocate 0.619ms
[206.241s][info][gc,load     ] GC(437) Load: 1.95/1.67/1.66
[206.241s][info][gc,mmu      ] GC(437) MMU: 2ms/87.2%, 5ms/94.3%, 10ms/97.1%, 20ms/98.5%, 50ms/99.4%, 100ms/99.7%
[206.241s][info][gc,marking  ] GC(437) Mark: 2 stripe(s), 1 proactive flush(es), 1 terminate flush(es), 0 completion(s), 0 continuation(s) 
[206.241s][info][gc,marking  ] GC(437) Mark Stack Usage: 32M
[206.241s][info][gc,nmethod  ] GC(437) NMethods: 449 registered, 26 unregistered
[206.241s][info][gc,metaspace] GC(437) Metaspace: 0M used, 0M committed, 1088M reserved
[206.241s][info][gc,ref      ] GC(437) Soft: 2 encountered, 0 discovered, 0 enqueued
[206.241s][info][gc,ref      ] GC(437) Weak: 9 encountered, 0 discovered, 0 enqueued
[206.241s][info][gc,ref      ] GC(437) Final: 0 encountered, 0 discovered, 0 enqueued
[206.241s][info][gc,ref      ] GC(437) Phantom: 3 encountered, 2 discovered, 0 enqueued
[206.241s][info][gc,reloc    ] GC(437) Small Pages: 4 / 8M, Empty: 0M, Relocated: 0M, In-Place: 0
[206.241s][info][gc,reloc    ] GC(437) Medium Pages: 0 / 0M, Empty: 0M, Relocated: 0M, In-Place: 0
[206.241s][info][gc,reloc    ] GC(437) Large Pages: 0 / 0M, Empty: 0M, Relocated: 0M, In-Place: 0
[206.241s][info][gc,reloc    ] GC(437) Forwarding Usage: 0M
[206.242s][info][gc,heap     ] GC(437) Min Capacity: 8192M(100%)
[206.242s][info][gc,heap     ] GC(437) Max Capacity: 8192M(100%)
[206.242s][info][gc,heap     ] GC(437) Soft Max Capacity: 8192M(100%)
[206.242s][info][gc,heap     ] GC(437)                Mark Start          Mark End        Relocate Start      Relocate End           High               Low         
[206.242s][info][gc,heap     ] GC(437)  Capacity:     8192M (100%)       8192M (100%)       8192M (100%)       8192M (100%)       8192M (100%)       8192M (100%)   
[206.242s][info][gc,heap     ] GC(437)      Free:     8184M (100%)       8184M (100%)       8184M (100%)       8186M (100%)       8186M (100%)       8178M (100%)   
[206.242s][info][gc,heap     ] GC(437)      Used:        8M (0%)            8M (0%)            8M (0%)            6M (0%)           14M (0%)            6M (0%)     
[206.242s][info][gc,heap     ] GC(437)      Live:         -                 0M (0%)            0M (0%)            0M (0%)             -                  -          
[206.242s][info][gc,heap     ] GC(437) Allocated:         -                 0M (0%)            0M (0%)            0M (0%)             -                  -          
[206.242s][info][gc,heap     ] GC(437)   Garbage:         -                 7M (0%)            7M (0%)            5M (0%)             -                  -          
[206.242s][info][gc,heap     ] GC(437) Reclaimed:         -                  -                 0M (0%)            2M (0%)             -                  -          
[206.242s][info][gc          ] GC(437) Garbage Collection (System.gc()) 8M(0%)->6M(0%)
[206.696s][info][gc,start    ] GC(438) Garbage Collection (System.gc())
[206.696s][info][gc,task     ] GC(438) Using 3 workers
[206.697s][info][gc,phases   ] GC(438) Pause Mark Start 0.018ms
[206.706s][info][gc,phases   ] GC(438) Concurrent Mark 3.367ms
[206.706s][info][gc,phases   ] GC(438) Pause Mark End 0.018ms
[206.706s][info][gc,phases   ] GC(438) Concurrent Mark Free 0.000ms
[206.707s][info][gc,phases   ] GC(438) Concurrent Process Non-Strong References 1.239ms
[206.707s][info][gc,phases   ] GC(438) Concurrent Reset Relocation Set 0.001ms
[206.711s][info][gc,phases   ] GC(438) Concurrent Select Relocation Set 4.138ms
[206.711s][info][gc,phases   ] GC(438) Pause Relocate Start 0.005ms
[206.712s][info][gc,phases   ] GC(438) Concurrent Relocate 0.630ms
[206.712s][info][gc,load     ] GC(438) Load: 1.95/1.67/1.66
[206.712s][info][gc,mmu      ] GC(438) MMU: 2ms/87.2%, 5ms/94.3%, 10ms/97.1%, 20ms/98.5%, 50ms/99.4%, 100ms/99.7%
[206.712s][info][gc,marking  ] GC(438) Mark: 2 stripe(s), 1 proactive flush(es), 1 terminate flush(es), 0 completion(s), 0 continuation(s) 
[206.712s][info][gc,marking  ] GC(438) Mark Stack Usage: 32M
[206.712s][info][gc,nmethod  ] GC(438) NMethods: 449 registered, 26 unregistered
[206.712s][info][gc,metaspace] GC(438) Metaspace: 0M used, 1M committed, 1088M reserved
[206.712s][info][gc,ref      ] GC(438) Soft: 2 encountered, 0 discovered, 0 enqueued
[206.712s][info][gc,ref      ] GC(438) Weak: 9 encountered, 0 discovered, 0 enqueued
[206.712s][info][gc,ref      ] GC(438) Final: 0 encountered, 0 discovered, 0 enqueued
[206.712s][info][gc,ref      ] GC(438) Phantom: 3 encountered, 2 discovered, 0 enqueued
[206.712s][info][gc,reloc    ] GC(438) Small Pages: 4 / 8M, Empty: 0M, Relocated: 0M, In-Place: 0
[206.712s][info][gc,reloc    ] GC(438) Medium Pages: 0 / 0M, Empty: 0M, Relocated: 0M, In-Place: 0
[206.712s][info][gc,reloc    ] GC(438) Large Pages: 0 / 0M, Empty: 0M, Relocated: 0M, In-Place: 0
[206.712s][info][gc,reloc    ] GC(438) Forwarding Usage: 0M
[206.712s][info][gc,heap     ] GC(438) Min Capacity: 8192M(100%)
[206.712s][info][gc,heap     ] GC(438) Max Capacity: 8192M(100%)
[206.712s][info][gc,heap     ] GC(438) Soft Max Capacity: 8192M(100%)
[206.712s][info][gc,heap     ] GC(438)                Mark Start          Mark End        Relocate Start      Relocate End           High               Low         
[206.712s][info][gc,heap     ] GC(438)  Capacity:     8192M (100%)       8192M (100%)       8192M (100%)       8192M (100%)       8192M (100%)       8192M (100%)   
[206.712s][info][gc,heap     ] GC(438)      Free:     8184M (100%)       8184M (100%)       8184M (100%)       8186M (100%)       8186M (100%)       8178M (100%)   
[206.712s][info][gc,heap     ] GC(438)      Used:        8M (0%)            8M (0%)            8M (0%)            6M (0%)           14M (0%)            6M (0%)     
[206.712s][info][gc,heap     ] GC(438)      Live:         -                 0M (0%)            0M (0%)            0M (0%)             -                  -          
[206.712s][info][gc,heap     ] GC(438) Allocated:         -                 0M (0%)            0M (0%)            0M (0%)             -                  -          
[206.712s][info][gc,heap     ] GC(438)   Garbage:         -                 7M (0%)            7M (0%)            5M (0%)             -                  -          
[206.712s][info][gc,heap     ] GC(438) Reclaimed:         -                  -                 0M (0%)            2M (0%)             -                  -          
[206.712s][info][gc          ] GC(438) Garbage Collection (System.gc()) 8M(0%)->6M(0%)
[207.171s][info][gc,start    ] GC(439) Garbage Collection (System.gc())
[207.171s][info][gc,task     ] GC(439) Using 3 workers
[207.172s][info][gc,phases   ] GC(439) Pause Mark Start 0.014ms
[207.175s][info][gc,phases   ] GC(439) Concurrent Mark 2.396ms
[207.175s][info][gc,phases   ] GC(439) Pause Mark End 0.014ms
[207.175s][info][gc,phases   ] GC(439) Concurrent Mark Free 0.000ms
[207.176s][info][gc,phases   ] GC(439) Concurrent Process Non-Strong References 1.100ms
[207.176s][info][gc,phases   ] GC(439) Concurrent Reset Relocation Set 0.001ms
[207.180s][info][gc,phases   ] GC(439) Concurrent Select Relocation Set 4.111ms
[207.180s][info][gc,phases   ] GC(439) Pause Relocate Start 0.009ms
[207.181s][info][gc,phases   ] GC(439) Concurrent Relocate 0.699ms
[207.181s][info][gc,load     ] GC(439) Load: 1.95/1.67/1.66
[207.181s][info][gc,mmu      ] GC(439) MMU: 2ms/87.2%, 5ms/94.3%, 10ms/97.1%, 20ms/98.5%, 50ms/99.4%, 100ms/99.7%
[207.181s][info][gc,marking  ] GC(439) Mark: 2 stripe(s), 1 proactive flush(es), 1 terminate flush(es), 0 completion(s), 0 continuation(s) 
[207.181s][info][gc,marking  ] GC(439) Mark Stack Usage: 32M
[207.181s][info][gc,nmethod  ] GC(439) NMethods: 449 registered, 26 unregistered
[207.181s][info][gc,metaspace] GC(439) Metaspace: 0M used, 1M committed, 1088M reserved
[207.181s][info][gc,ref      ] GC(439) Soft: 2 encountered, 0 discovered, 0 enqueued
[207.181s][info][gc,ref      ] GC(439) Weak: 9 encountered, 0 discovered, 0 enqueued
[207.181s][info][gc,ref      ] GC(439) Final: 0 encountered, 0 discovered, 0 enqueued
[207.181s][info][gc,ref      ] GC(439) Phantom: 3 encountered, 2 discovered, 0 enqueued
[207.181s][info][gc,reloc    ] GC(439) Small Pages: 4 / 8M, Empty: 0M, Relocated: 0M, In-Place: 0
[207.181s][info][gc,reloc    ] GC(439) Medium Pages: 0 / 0M, Empty: 0M, Relocated: 0M, In-Place: 0
[207.181s][info][gc,reloc    ] GC(439) Large Pages: 0 / 0M, Empty: 0M, Relocated: 0M, In-Place: 0
[207.181s][info][gc,reloc    ] GC(439) Forwarding Usage: 0M
[207.181s][info][gc,heap     ] GC(439) Min Capacity: 8192M(100%)
[207.181s][info][gc,heap     ] GC(439) Max Capacity: 8192M(100%)
[207.181s][info][gc,heap     ] GC(439) Soft Max Capacity: 8192M(100%)
[207.181s][info][gc,heap     ] GC(439)                Mark Start          Mark End        Relocate Start      Relocate End           High               Low         
[207.181s][info][gc,heap     ] GC(439)  Capacity:     8192M (100%)       8192M (100%)       8192M (100%)       8192M (100%)       8192M (100%)       8192M (100%)   
[207.181s][info][gc,heap     ] GC(439)      Free:     8184M (100%)       8184M (100%)       8184M (100%)       8186M (100%)       8186M (100%)       8178M (100%)   
[207.181s][info][gc,heap     ] GC(439)      Used:        8M (0%)            8M (0%)            8M (0%)            6M (0%)           14M (0%)            6M (0%)     
[207.181s][info][gc,heap     ] GC(439)      Live:         -                 0M (0%)            0M (0%)            0M (0%)             -                  -          
[207.181s][info][gc,heap     ] GC(439) Allocated:         -                 0M (0%)            0M (0%)            0M (0%)             -                  -          
[207.181s][info][gc,heap     ] GC(439)   Garbage:         -                 7M (0%)            7M (0%)            5M (0%)             -                  -          
[207.181s][info][gc,heap     ] GC(439) Reclaimed:         -                  -                 0M (0%)            2M (0%)             -                  -          
[207.181s][info][gc          ] GC(439) Garbage Collection (System.gc()) 8M(0%)->6M(0%)
[207.640s][info][gc,start    ] GC(440) Garbage Collection (System.gc())
[207.640s][info][gc,task     ] GC(440) Using 3 workers
[207.640s][info][gc,phases   ] GC(440) Pause Mark Start 0.014ms
[207.644s][info][gc,phases   ] GC(440) Concurrent Mark 3.348ms
[207.644s][info][gc,phases   ] GC(440) Pause Mark End 0.021ms
[207.644s][info][gc,phases   ] GC(440) Concurrent Mark Free 0.001ms
[207.646s][info][gc,phases   ] GC(440) Concurrent Process Non-Strong References 1.861ms
[207.646s][info][gc,phases   ] GC(440) Concurrent Reset Relocation Set 0.002ms
[207.650s][info][gc,phases   ] GC(440) Concurrent Select Relocation Set 4.142ms
[207.650s][info][gc,phases   ] GC(440) Pause Relocate Start 0.005ms
[207.651s][info][gc,phases   ] GC(440) Concurrent Relocate 0.591ms
[207.651s][info][gc,load     ] GC(440) Load: 1.95/1.67/1.66
[207.651s][info][gc,mmu      ] GC(440) MMU: 2ms/87.2%, 5ms/94.3%, 10ms/97.1%, 20ms/98.5%, 50ms/99.4%, 100ms/99.7%
[207.651s][info][gc,marking  ] GC(440) Mark: 2 stripe(s), 1 proactive flush(es), 1 terminate flush(es), 0 completion(s), 0 continuation(s) 
[207.651s][info][gc,marking  ] GC(440) Mark Stack Usage: 32M
[207.651s][info][gc,nmethod  ] GC(440) NMethods: 449 registered, 26 unregistered
[207.651s][info][gc,metaspace] GC(440) Metaspace: 0M used, 1M committed, 1088M reserved
[207.651s][info][gc,ref      ] GC(440) Soft: 2 encountered, 0 discovered, 0 enqueued
[207.651s][info][gc,ref      ] GC(440) Weak: 9 encountered, 0 discovered, 0 enqueued
[207.651s][info][gc,ref      ] GC(440) Final: 0 encountered, 0 discovered, 0 enqueued
[207.651s][info][gc,ref      ] GC(440) Phantom: 3 encountered, 2 discovered, 0 enqueued
[207.651s][info][gc,reloc    ] GC(440) Small Pages: 4 / 8M, Empty: 0M, Relocated: 0M, In-Place: 0
[207.651s][info][gc,reloc    ] GC(440) Medium Pages: 0 / 0M, Empty: 0M, Relocated: 0M, In-Place: 0
[207.651s][info][gc,reloc    ] GC(440) Large Pages: 0 / 0M, Empty: 0M, Relocated: 0M, In-Place: 0
[207.651s][info][gc,reloc    ] GC(440) Forwarding Usage: 0M
[207.651s][info][gc,heap     ] GC(440) Min Capacity: 8192M(100%)
[207.651s][info][gc,heap     ] GC(440) Max Capacity: 8192M(100%)
[207.651s][info][gc,heap     ] GC(440) Soft Max Capacity: 8192M(100%)
[207.651s][info][gc,heap     ] GC(440)                Mark Start          Mark End        Relocate Start      Relocate End           High               Low         
[207.651s][info][gc,heap     ] GC(440)  Capacity:     8192M (100%)       8192M (100%)       8192M (100%)       8192M (100%)       8192M (100%)       8192M (100%)   
[207.651s][info][gc,heap     ] GC(440)      Free:     8184M (100%)       8184M (100%)       8184M (100%)       8186M (100%)       8186M (100%)       8178M (100%)   
[207.651s][info][gc,heap     ] GC(440)      Used:        8M (0%)            8M (0%)            8M (0%)            6M (0%)           14M (0%)            6M (0%)     
[207.651s][info][gc,heap     ] GC(440)      Live:         -                 0M (0%)            0M (0%)            0M (0%)             -                  -          
[207.651s][info][gc,heap     ] GC(440) Allocated:         -                 0M (0%)            0M (0%)            0M (0%)             -                  -          
[207.651s][info][gc,heap     ] GC(440)   Garbage:         -                 7M (0%)            7M (0%)            5M (0%)             -                  -          
[207.651s][info][gc,heap     ] GC(440) Reclaimed:         -                  -                 0M (0%)            2M (0%)             -                  -          
[207.651s][info][gc          ] GC(440) Garbage Collection (System.gc()) 8M(0%)->6M(0%)
[208.108s][info][gc,start    ] GC(441) Garbage Collection (System.gc())
[208.108s][info][gc,task     ] GC(441) Using 3 workers
[208.111s][info][gc,phases   ] GC(441) Pause Mark Start 0.017ms
[208.124s][info][gc,phases   ] GC(441) Concurrent Mark 13.023ms
[208.124s][info][gc,phases   ] GC(441) Pause Mark End 0.017ms
[208.124s][info][gc,phases   ] GC(441) Concurrent Mark Free 0.000ms
[208.126s][info][gc,phases   ] GC(441) Concurrent Process Non-Strong References 1.634ms
[208.126s][info][gc,phases   ] GC(441) Concurrent Reset Relocation Set 0.001ms
[208.129s][info][gc,phases   ] GC(441) Concurrent Select Relocation Set 3.448ms
[208.129s][info][gc,phases   ] GC(441) Pause Relocate Start 0.005ms
[208.130s][info][gc,phases   ] GC(441) Concurrent Relocate 0.437ms
[208.130s][info][gc,load     ] GC(441) Load: 1.95/1.67/1.66
[208.130s][info][gc,mmu      ] GC(441) MMU: 2ms/87.2%, 5ms/94.3%, 10ms/97.1%, 20ms/98.5%, 50ms/99.4%, 100ms/99.7%
[208.130s][info][gc,marking  ] GC(441) Mark: 2 stripe(s), 1 proactive flush(es), 1 terminate flush(es), 0 completion(s), 0 continuation(s) 
[208.130s][info][gc,marking  ] GC(441) Mark Stack Usage: 32M
[208.130s][info][gc,nmethod  ] GC(441) NMethods: 449 registered, 26 unregistered
[208.130s][info][gc,metaspace] GC(441) Metaspace: 0M used, 1M committed, 1088M reserved
[208.130s][info][gc,ref      ] GC(441) Soft: 2 encountered, 0 discovered, 0 enqueued
[208.130s][info][gc,ref      ] GC(441) Weak: 9 encountered, 0 discovered, 0 enqueued
[208.130s][info][gc,ref      ] GC(441) Final: 0 encountered, 0 discovered, 0 enqueued
[208.130s][info][gc,ref      ] GC(441) Phantom: 3 encountered, 2 discovered, 0 enqueued
[208.130s][info][gc,reloc    ] GC(441) Small Pages: 4 / 8M, Empty: 0M, Relocated: 0M, In-Place: 0
[208.130s][info][gc,reloc    ] GC(441) Medium Pages: 0 / 0M, Empty: 0M, Relocated: 0M, In-Place: 0
[208.130s][info][gc,reloc    ] GC(441) Large Pages: 0 / 0M, Empty: 0M, Relocated: 0M, In-Place: 0
[208.130s][info][gc,reloc    ] GC(441) Forwarding Usage: 0M
[208.130s][info][gc,heap     ] GC(441) Min Capacity: 8192M(100%)
[208.130s][info][gc,heap     ] GC(441) Max Capacity: 8192M(100%)
[208.130s][info][gc,heap     ] GC(441) Soft Max Capacity: 8192M(100%)
[208.130s][info][gc,heap     ] GC(441)                Mark Start          Mark End        Relocate Start      Relocate End           High               Low         
[208.130s][info][gc,heap     ] GC(441)  Capacity:     8192M (100%)       8192M (100%)       8192M (100%)       8192M (100%)       8192M (100%)       8192M (100%)   
[208.130s][info][gc,heap     ] GC(441)      Free:     8184M (100%)       8184M (100%)       8184M (100%)       8186M (100%)       8186M (100%)       8178M (100%)   
[208.130s][info][gc,heap     ] GC(441)      Used:        8M (0%)            8M (0%)            8M (0%)            6M (0%)           14M (0%)            6M (0%)     
[208.130s][info][gc,heap     ] GC(441)      Live:         -                 0M (0%)            0M (0%)            0M (0%)             -                  -          
[208.130s][info][gc,heap     ] GC(441) Allocated:         -                 0M (0%)            0M (0%)            0M (0%)             -                  -          
[208.130s][info][gc,heap     ] GC(441)   Garbage:         -                 7M (0%)            7M (0%)            5M (0%)             -                  -          
[208.130s][info][gc,heap     ] GC(441) Reclaimed:         -                  -                 0M (0%)            2M (0%)             -                  -          
[208.130s][info][gc          ] GC(441) Garbage Collection (System.gc()) 8M(0%)->6M(0%)
[208.589s][info][gc,start    ] GC(442) Garbage Collection (System.gc())
[208.589s][info][gc,task     ] GC(442) Using 3 workers
[208.590s][info][gc,phases   ] GC(442) Pause Mark Start 0.012ms
[208.596s][info][gc,phases   ] GC(442) Concurrent Mark 6.178ms
[208.597s][info][gc,phases   ] GC(442) Pause Mark End 0.023ms
[208.597s][info][gc,phases   ] GC(442) Concurrent Mark Free 0.001ms
[208.607s][info][gc,phases   ] GC(442) Concurrent Process Non-Strong References 10.022ms
[208.607s][info][gc,phases   ] GC(442) Concurrent Reset Relocation Set 0.002ms
[208.611s][info][gc,phases   ] GC(442) Concurrent Select Relocation Set 3.778ms
[208.611s][info][gc,phases   ] GC(442) Pause Relocate Start 0.005ms
[208.611s][info][gc,phases   ] GC(442) Concurrent Relocate 0.457ms
[208.611s][info][gc,load     ] GC(442) Load: 1.95/1.67/1.66
[208.611s][info][gc,mmu      ] GC(442) MMU: 2ms/87.2%, 5ms/94.3%, 10ms/97.1%, 20ms/98.5%, 50ms/99.4%, 100ms/99.7%
[208.611s][info][gc,marking  ] GC(442) Mark: 2 stripe(s), 1 proactive flush(es), 1 terminate flush(es), 0 completion(s), 0 continuation(s) 
[208.611s][info][gc,marking  ] GC(442) Mark Stack Usage: 32M
[208.611s][info][gc,nmethod  ] GC(442) NMethods: 449 registered, 26 unregistered
[208.611s][info][gc,metaspace] GC(442) Metaspace: 0M used, 1M committed, 1088M reserved
[208.611s][info][gc,ref      ] GC(442) Soft: 2 encountered, 0 discovered, 0 enqueued
[208.611s][info][gc,ref      ] GC(442) Weak: 9 encountered, 0 discovered, 0 enqueued
[208.611s][info][gc,ref      ] GC(442) Final: 0 encountered, 0 discovered, 0 enqueued
[208.611s][info][gc,ref      ] GC(442) Phantom: 3 encountered, 2 discovered, 0 enqueued
[208.611s][info][gc,reloc    ] GC(442) Small Pages: 4 / 8M, Empty: 0M, Relocated: 0M, In-Place: 0
[208.611s][info][gc,reloc    ] GC(442) Medium Pages: 0 / 0M, Empty: 0M, Relocated: 0M, In-Place: 0
[208.611s][info][gc,reloc    ] GC(442) Large Pages: 0 / 0M, Empty: 0M, Relocated: 0M, In-Place: 0
[208.611s][info][gc,reloc    ] GC(442) Forwarding Usage: 0M
[208.611s][info][gc,heap     ] GC(442) Min Capacity: 8192M(100%)
[208.611s][info][gc,heap     ] GC(442) Max Capacity: 8192M(100%)
[208.611s][info][gc,heap     ] GC(442) Soft Max Capacity: 8192M(100%)
[208.611s][info][gc,heap     ] GC(442)                Mark Start          Mark End        Relocate Start      Relocate End           High               Low         
[208.611s][info][gc,heap     ] GC(442)  Capacity:     8192M (100%)       8192M (100%)       8192M (100%)       8192M (100%)       8192M (100%)       8192M (100%)   
[208.611s][info][gc,heap     ] GC(442)      Free:     8184M (100%)       8184M (100%)       8184M (100%)       8186M (100%)       8186M (100%)       8178M (100%)   
[208.611s][info][gc,heap     ] GC(442)      Used:        8M (0%)            8M (0%)            8M (0%)            6M (0%)           14M (0%)            6M (0%)     
[208.611s][info][gc,heap     ] GC(442)      Live:         -                 0M (0%)            0M (0%)            0M (0%)             -                  -          
[208.611s][info][gc,heap     ] GC(442) Allocated:         -                 0M (0%)            0M (0%)            0M (0%)             -                  -          
[208.611s][info][gc,heap     ] GC(442)   Garbage:         -                 7M (0%)            7M (0%)            5M (0%)             -                  -          
[208.611s][info][gc,heap     ] GC(442) Reclaimed:         -                  -                 0M (0%)            2M (0%)             -                  -          
[208.611s][info][gc          ] GC(442) Garbage Collection (System.gc()) 8M(0%)->6M(0%)
[209.070s][info][gc,start    ] GC(443) Garbage Collection (System.gc())
[209.070s][info][gc,task     ] GC(443) Using 3 workers
[209.070s][info][gc,phases   ] GC(443) Pause Mark Start 0.012ms
[209.082s][info][gc,phases   ] GC(443) Concurrent Mark 11.435ms
[209.082s][info][gc,phases   ] GC(443) Pause Mark End 0.013ms
[209.082s][info][gc,phases   ] GC(443) Concurrent Mark Free 0.000ms
[209.083s][info][gc,phases   ] GC(443) Concurrent Process Non-Strong References 1.200ms
[209.083s][info][gc,phases   ] GC(443) Concurrent Reset Relocation Set 0.001ms
[209.087s][info][gc,phases   ] GC(443) Concurrent Select Relocation Set 3.885ms
[209.087s][info][gc,phases   ] GC(443) Pause Relocate Start 0.004ms
[209.088s][info][gc,phases   ] GC(443) Concurrent Relocate 0.530ms
[209.088s][info][gc,load     ] GC(443) Load: 1.95/1.67/1.66
[209.088s][info][gc,mmu      ] GC(443) MMU: 2ms/87.2%, 5ms/94.3%, 10ms/97.1%, 20ms/98.5%, 50ms/99.4%, 100ms/99.7%
[209.088s][info][gc,marking  ] GC(443) Mark: 2 stripe(s), 1 proactive flush(es), 1 terminate flush(es), 0 completion(s), 0 continuation(s) 
[209.088s][info][gc,marking  ] GC(443) Mark Stack Usage: 32M
[209.088s][info][gc,nmethod  ] GC(443) NMethods: 449 registered, 26 unregistered
[209.088s][info][gc,metaspace] GC(443) Metaspace: 0M used, 0M committed, 1088M reserved
[209.088s][info][gc,ref      ] GC(443) Soft: 2 encountered, 0 discovered, 0 enqueued
[209.088s][info][gc,ref      ] GC(443) Weak: 9 encountered, 0 discovered, 0 enqueued
[209.088s][info][gc,ref      ] GC(443) Final: 0 encountered, 0 discovered, 0 enqueued
[209.088s][info][gc,ref      ] GC(443) Phantom: 3 encountered, 2 discovered, 0 enqueued
[209.088s][info][gc,reloc    ] GC(443) Small Pages: 4 / 8M, Empty: 2M, Relocated: 0M, In-Place: 0
[209.088s][info][gc,reloc    ] GC(443) Medium Pages: 0 / 0M, Empty: 0M, Relocated: 0M, In-Place: 0
[209.088s][info][gc,reloc    ] GC(443) Large Pages: 0 / 0M, Empty: 0M, Relocated: 0M, In-Place: 0
[209.088s][info][gc,reloc    ] GC(443) Forwarding Usage: 0M
[209.088s][info][gc,heap     ] GC(443) Min Capacity: 8192M(100%)
[209.088s][info][gc,heap     ] GC(443) Max Capacity: 8192M(100%)
[209.088s][info][gc,heap     ] GC(443) Soft Max Capacity: 8192M(100%)
[209.088s][info][gc,heap     ] GC(443)                Mark Start          Mark End        Relocate Start      Relocate End           High               Low         
[209.088s][info][gc,heap     ] GC(443)  Capacity:     8192M (100%)       8192M (100%)       8192M (100%)       8192M (100%)       8192M (100%)       8192M (100%)   
[209.088s][info][gc,heap     ] GC(443)      Free:     8184M (100%)       8184M (100%)       8186M (100%)       8186M (100%)       8186M (100%)       8180M (100%)   
[209.088s][info][gc,heap     ] GC(443)      Used:        8M (0%)            8M (0%)            6M (0%)            6M (0%)           12M (0%)            6M (0%)     
[209.088s][info][gc,heap     ] GC(443)      Live:         -                 0M (0%)            0M (0%)            0M (0%)             -                  -          
[209.088s][info][gc,heap     ] GC(443) Allocated:         -                 0M (0%)            0M (0%)            0M (0%)             -                  -          
[209.088s][info][gc,heap     ] GC(443)   Garbage:         -                 7M (0%)            5M (0%)            5M (0%)             -                  -          
[209.088s][info][gc,heap     ] GC(443) Reclaimed:         -                  -                 2M (0%)            2M (0%)             -                  -          
[209.088s][info][gc          ] GC(443) Garbage Collection (System.gc()) 8M(0%)->6M(0%)
[209.547s][info][gc,start    ] GC(444) Garbage Collection (System.gc())
[209.547s][info][gc,task     ] GC(444) Using 3 workers
[209.547s][info][gc,phases   ] GC(444) Pause Mark Start 0.013ms
[209.560s][info][gc,phases   ] GC(444) Concurrent Mark 11.116ms
[209.560s][info][gc,phases   ] GC(444) Pause Mark End 0.015ms
[209.560s][info][gc,phases   ] GC(444) Concurrent Mark Free 0.000ms
[209.561s][info][gc,phases   ] GC(444) Concurrent Process Non-Strong References 1.126ms
[209.561s][info][gc,phases   ] GC(444) Concurrent Reset Relocation Set 0.001ms
[209.565s][info][gc,phases   ] GC(444) Concurrent Select Relocation Set 4.198ms
[209.565s][info][gc,phases   ] GC(444) Pause Relocate Start 0.010ms
[209.566s][info][gc,phases   ] GC(444) Concurrent Relocate 0.693ms
[209.566s][info][gc,load     ] GC(444) Load: 1.95/1.67/1.66
[209.566s][info][gc,mmu      ] GC(444) MMU: 2ms/87.2%, 5ms/94.3%, 10ms/97.1%, 20ms/98.5%, 50ms/99.4%, 100ms/99.7%
[209.566s][info][gc,marking  ] GC(444) Mark: 2 stripe(s), 1 proactive flush(es), 1 terminate flush(es), 0 completion(s), 0 continuation(s) 
[209.566s][info][gc,marking  ] GC(444) Mark Stack Usage: 32M
[209.566s][info][gc,nmethod  ] GC(444) NMethods: 449 registered, 26 unregistered
[209.566s][info][gc,metaspace] GC(444) Metaspace: 0M used, 0M committed, 1088M reserved
[209.566s][info][gc,ref      ] GC(444) Soft: 2 encountered, 0 discovered, 0 enqueued
[209.566s][info][gc,ref      ] GC(444) Weak: 9 encountered, 0 discovered, 0 enqueued
[209.566s][info][gc,ref      ] GC(444) Final: 0 encountered, 0 discovered, 0 enqueued
[209.566s][info][gc,ref      ] GC(444) Phantom: 3 encountered, 1 discovered, 0 enqueued
[209.566s][info][gc,reloc    ] GC(444) Small Pages: 4 / 8M, Empty: 0M, Relocated: 0M, In-Place: 0
[209.566s][info][gc,reloc    ] GC(444) Medium Pages: 0 / 0M, Empty: 0M, Relocated: 0M, In-Place: 0
[209.566s][info][gc,reloc    ] GC(444) Large Pages: 0 / 0M, Empty: 0M, Relocated: 0M, In-Place: 0
[209.566s][info][gc,reloc    ] GC(444) Forwarding Usage: 0M
[209.566s][info][gc,heap     ] GC(444) Min Capacity: 8192M(100%)
[209.566s][info][gc,heap     ] GC(444) Max Capacity: 8192M(100%)
[209.566s][info][gc,heap     ] GC(444) Soft Max Capacity: 8192M(100%)
[209.566s][info][gc,heap     ] GC(444)                Mark Start          Mark End        Relocate Start      Relocate End           High               Low         
[209.566s][info][gc,heap     ] GC(444)  Capacity:     8192M (100%)       8192M (100%)       8192M (100%)       8192M (100%)       8192M (100%)       8192M (100%)   
[209.566s][info][gc,heap     ] GC(444)      Free:     8184M (100%)       8184M (100%)       8184M (100%)       8186M (100%)       8186M (100%)       8180M (100%)   
[209.566s][info][gc,heap     ] GC(444)      Used:        8M (0%)            8M (0%)            8M (0%)            6M (0%)           12M (0%)            6M (0%)     
[209.566s][info][gc,heap     ] GC(444)      Live:         -                 0M (0%)            0M (0%)            0M (0%)             -                  -          
[209.566s][info][gc,heap     ] GC(444) Allocated:         -                 0M (0%)            0M (0%)            0M (0%)             -                  -          
[209.566s][info][gc,heap     ] GC(444)   Garbage:         -                 7M (0%)            7M (0%)            5M (0%)             -                  -          
[209.566s][info][gc,heap     ] GC(444) Reclaimed:         -                  -                 0M (0%)            2M (0%)             -                  -          
[209.566s][info][gc          ] GC(444) Garbage Collection (System.gc()) 8M(0%)->6M(0%)
[210.015s][info][gc,stats    ] === Garbage Collection Statistics =======================================================================================================================
[210.015s][info][gc,stats    ]                                                              Last 10s              Last 10m              Last 10h                Total
[210.015s][info][gc,stats    ]                                                              Avg / Max             Avg / Max             Avg / Max             Avg / Max
[210.015s][info][gc,stats    ]   Collector: Garbage Collection Cycle                     14.544 / 21.912       13.916 / 27.701       13.916 / 27.701       13.916 / 27.701      ms
[210.015s][info][gc,stats    ]  Contention: Mark Segment Reset Contention                     0 / 1                 0 / 4                 0 / 4                 0 / 4           ops/s
[210.015s][info][gc,stats    ]  Contention: Mark SeqNum Reset Contention                      0 / 1                 0 / 3                 0 / 3                 0 / 3           ops/s
[210.015s][info][gc,stats    ]    Critical: Allocation Stall                                  0 / 0                 0 / 0                 0 / 0                 0 / 0           ops/s
[210.015s][info][gc,stats    ]    Critical: Allocation Stall                              0.000 / 0.000         0.000 / 0.000         0.000 / 0.000         0.000 / 0.000       ms
[210.016s][info][gc,stats    ]    Critical: GC Locker Stall                                   0 / 0                 0 / 0                 0 / 0                 0 / 0           ops/s
[210.016s][info][gc,stats    ]    Critical: GC Locker Stall                               0.000 / 0.000         0.000 / 0.000         0.000 / 0.000         0.000 / 0.000       ms
[210.016s][info][gc,stats    ]    Critical: Relocation Stall                                  0 / 0                 0 / 0                 0 / 0                 0 / 0           ops/s
[210.016s][info][gc,stats    ]    Critical: Relocation Stall                              0.000 / 0.000         0.000 / 0.000         0.000 / 0.000         0.000 / 0.000       ms
[210.016s][info][gc,stats    ]      Memory: Allocation Rate                                   4 / 6                 4 / 6                 4 / 6                 4 / 6           MB/s
[210.016s][info][gc,stats    ]      Memory: Defragment                                        0 / 0                 0 / 0                 0 / 0                 0 / 0           ops/s
[210.016s][info][gc,stats    ]      Memory: Out Of Memory                                     0 / 0                 0 / 0                 0 / 0                 0 / 0           ops/s
[210.016s][info][gc,stats    ]      Memory: Page Cache Flush                                  0 / 0                 0 / 0                 0 / 0                 0 / 0           MB/s
[210.016s][info][gc,stats    ]      Memory: Page Cache Hit L1                                 8 / 12                8 / 12                8 / 12                8 / 12          ops/s
[210.016s][info][gc,stats    ]      Memory: Page Cache Hit L2                                 0 / 0                 0 / 0                 0 / 0                 0 / 0           ops/s
[210.016s][info][gc,stats    ]      Memory: Page Cache Hit L3                                 0 / 0                 0 / 6                 0 / 6                 0 / 6           ops/s
[210.016s][info][gc,stats    ]      Memory: Page Cache Miss                                   0 / 0                 0 / 1                 0 / 1                 0 / 1           ops/s
[210.016s][info][gc,stats    ]      Memory: Uncommit                                          0 / 0                 0 / 0                 0 / 0                 0 / 0           MB/s
[210.016s][info][gc,stats    ]      Memory: Undo Object Allocation Failed                     0 / 0                 0 / 0                 0 / 0                 0 / 0           ops/s
[210.016s][info][gc,stats    ]      Memory: Undo Object Allocation Succeeded                  0 / 0                 0 / 0                 0 / 0                 0 / 0           ops/s
[210.016s][info][gc,stats    ]      Memory: Undo Page Allocation                              0 / 0                 0 / 0                 0 / 0                 0 / 0           ops/s
[210.016s][info][gc,stats    ]       Phase: Concurrent Mark                               5.230 / 13.023        5.178 / 15.502        5.178 / 15.502        5.178 / 15.502      ms
[210.016s][info][gc,stats    ]       Phase: Concurrent Mark Continue                      0.000 / 0.000         0.000 / 0.000         0.000 / 0.000         0.000 / 0.000       ms
[210.016s][info][gc,stats    ]       Phase: Concurrent Mark Free                          0.001 / 0.003         0.001 / 0.004         0.001 / 0.004         0.001 / 0.004       ms
[210.016s][info][gc,stats    ]       Phase: Concurrent Process Non-Strong References      1.999 / 10.294        2.062 / 13.093        2.062 / 13.093        2.062 / 13.093      ms
[210.016s][info][gc,stats    ]       Phase: Concurrent Relocate                           0.671 / 1.004         0.636 / 1.182         0.636 / 1.182         0.636 / 1.182       ms
[210.016s][info][gc,stats    ]       Phase: Concurrent Reset Relocation Set               0.001 / 0.002         0.002 / 0.028         0.002 / 0.028         0.002 / 0.028       ms
[210.016s][info][gc,stats    ]       Phase: Concurrent Select Relocation Set              4.053 / 4.599         4.360 / 15.311        4.360 / 15.311        4.360 / 15.311      ms
[210.016s][info][gc,stats    ]       Phase: Pause Mark End                                0.016 / 0.025         0.017 / 0.137         0.017 / 0.137         0.017 / 0.137       ms
[210.016s][info][gc,stats    ]       Phase: Pause Mark Start                              0.013 / 0.018         0.013 / 0.257         0.013 / 0.257         0.013 / 0.257       ms
[210.016s][info][gc,stats    ]       Phase: Pause Relocate Start                          0.007 / 0.013         0.008 / 0.134         0.008 / 0.134         0.008 / 0.134       ms
[210.016s][info][gc,stats    ]    Subphase: Concurrent Classes Purge                      0.029 / 0.134         0.029 / 0.287         0.029 / 0.287         0.029 / 0.287       ms
[210.016s][info][gc,stats    ]    Subphase: Concurrent Classes Unlink                     1.023 / 2.302         1.188 / 11.679        1.188 / 11.679        1.188 / 11.679      ms
[210.016s][info][gc,stats    ]    Subphase: Concurrent Mark                               3.144 / 10.756        2.563 / 11.772        2.563 / 11.772        2.563 / 11.772      ms
[210.016s][info][gc,stats    ]    Subphase: Concurrent Mark Try Flush                     0.658 / 5.046         0.291 / 6.755         0.291 / 6.755         0.291 / 6.755       ms
[210.016s][info][gc,stats    ]    Subphase: Concurrent Mark Try Terminate                 1.199 / 5.489         0.991 / 8.740         0.991 / 8.740         0.991 / 8.740       ms
[210.016s][info][gc,stats    ]    Subphase: Concurrent References Enqueue                 0.000 / 0.001         0.000 / 0.004         0.000 / 0.004         0.000 / 0.004       ms
[210.016s][info][gc,stats    ]    Subphase: Concurrent References Process                 0.025 / 0.051         0.373 / 9.421         0.373 / 9.421         0.373 / 9.421       ms
[210.016s][info][gc,stats    ]    Subphase: Concurrent Roots ClassLoaderDataGraph         0.138 / 0.425         0.140 / 2.621         0.140 / 2.621         0.140 / 2.621       ms
[210.016s][info][gc,stats    ]    Subphase: Concurrent Roots CodeCache                    0.000 / 0.000         0.000 / 0.000         0.000 / 0.000         0.000 / 0.000       ms
[210.017s][info][gc,stats    ]    Subphase: Concurrent Roots JavaThreads                  0.181 / 0.515         0.192 / 1.065         0.192 / 1.065         0.192 / 1.065       ms
[210.017s][info][gc,stats    ]    Subphase: Concurrent Roots OopStorageSet                0.019 / 0.087         0.018 / 1.078         0.018 / 1.078         0.018 / 1.078       ms
[210.017s][info][gc,stats    ]    Subphase: Concurrent Weak Roots OopStorageSet           0.057 / 0.351         0.063 / 0.625         0.063 / 0.625         0.063 / 0.625       ms
[210.017s][info][gc,stats    ]    Subphase: Pause Mark Try Complete                       0.000 / 0.000         0.000 / 0.000         0.000 / 0.000         0.000 / 0.000       ms
[210.017s][info][gc,stats    ]      System: Java Threads                                     10 / 10               10 / 10               10 / 10               10 / 10          threads
[210.017s][info][gc,stats    ] =========================================================================================================================================================
[210.024s][info][gc,start    ] GC(445) Garbage Collection (System.gc())
[210.024s][info][gc,task     ] GC(445) Using 3 workers
[210.024s][info][gc,phases   ] GC(445) Pause Mark Start 0.013ms
[210.032s][info][gc,phases   ] GC(445) Concurrent Mark 7.556ms
[210.032s][info][gc,phases   ] GC(445) Pause Mark End 0.029ms
[210.033s][info][gc,phases   ] GC(445) Concurrent Mark Free 0.002ms
[210.034s][info][gc,phases   ] GC(445) Concurrent Process Non-Strong References 1.252ms
[210.034s][info][gc,phases   ] GC(445) Concurrent Reset Relocation Set 0.002ms
[210.038s][info][gc,phases   ] GC(445) Concurrent Select Relocation Set 3.747ms
[210.038s][info][gc,phases   ] GC(445) Pause Relocate Start 0.010ms
[210.039s][info][gc,phases   ] GC(445) Concurrent Relocate 0.732ms
[210.039s][info][gc,load     ] GC(445) Load: 1.95/1.67/1.66
[210.039s][info][gc,mmu      ] GC(445) MMU: 2ms/87.2%, 5ms/94.3%, 10ms/97.1%, 20ms/98.5%, 50ms/99.4%, 100ms/99.7%
[210.039s][info][gc,marking  ] GC(445) Mark: 2 stripe(s), 1 proactive flush(es), 1 terminate flush(es), 0 completion(s), 0 continuation(s) 
[210.039s][info][gc,marking  ] GC(445) Mark Stack Usage: 32M
[210.039s][info][gc,nmethod  ] GC(445) NMethods: 449 registered, 26 unregistered
[210.039s][info][gc,metaspace] GC(445) Metaspace: 0M used, 0M committed, 1088M reserved
[210.039s][info][gc,ref      ] GC(445) Soft: 2 encountered, 0 discovered, 0 enqueued
[210.039s][info][gc,ref      ] GC(445) Weak: 9 encountered, 0 discovered, 0 enqueued
[210.039s][info][gc,ref      ] GC(445) Final: 0 encountered, 0 discovered, 0 enqueued
[210.039s][info][gc,ref      ] GC(445) Phantom: 3 encountered, 2 discovered, 0 enqueued
[210.039s][info][gc,reloc    ] GC(445) Small Pages: 4 / 8M, Empty: 0M, Relocated: 0M, In-Place: 0
[210.039s][info][gc,reloc    ] GC(445) Medium Pages: 0 / 0M, Empty: 0M, Relocated: 0M, In-Place: 0
[210.039s][info][gc,reloc    ] GC(445) Large Pages: 0 / 0M, Empty: 0M, Relocated: 0M, In-Place: 0
[210.039s][info][gc,reloc    ] GC(445) Forwarding Usage: 0M
[210.039s][info][gc,heap     ] GC(445) Min Capacity: 8192M(100%)
[210.039s][info][gc,heap     ] GC(445) Max Capacity: 8192M(100%)
[210.039s][info][gc,heap     ] GC(445) Soft Max Capacity: 8192M(100%)
[210.039s][info][gc,heap     ] GC(445)                Mark Start          Mark End        Relocate Start      Relocate End           High               Low         
[210.039s][info][gc,heap     ] GC(445)  Capacity:     8192M (100%)       8192M (100%)       8192M (100%)       8192M (100%)       8192M (100%)       8192M (100%)   
[210.039s][info][gc,heap     ] GC(445)      Free:     8184M (100%)       8184M (100%)       8184M (100%)       8186M (100%)       8186M (100%)       8178M (100%)   
[210.039s][info][gc,heap     ] GC(445)      Used:        8M (0%)            8M (0%)            8M (0%)            6M (0%)           14M (0%)            6M (0%)     
[210.039s][info][gc,heap     ] GC(445)      Live:         -                 0M (0%)            0M (0%)            0M (0%)             -                  -          
[210.039s][info][gc,heap     ] GC(445) Allocated:         -                 0M (0%)            0M (0%)            0M (0%)             -                  -          
[210.039s][info][gc,heap     ] GC(445)   Garbage:         -                 7M (0%)            7M (0%)            5M (0%)             -                  -          
[210.039s][info][gc,heap     ] GC(445) Reclaimed:         -                  -                 0M (0%)            2M (0%)             -                  -          
[210.039s][info][gc          ] GC(445) Garbage Collection (System.gc()) 8M(0%)->6M(0%)
[210.494s][info][gc,start    ] GC(446) Garbage Collection (System.gc())
[210.494s][info][gc,task     ] GC(446) Using 3 workers
[210.494s][info][gc,phases   ] GC(446) Pause Mark Start 0.013ms
[210.500s][info][gc,phases   ] GC(446) Concurrent Mark 5.796ms
[210.501s][info][gc,phases   ] GC(446) Pause Mark End 0.021ms
[210.501s][info][gc,phases   ] GC(446) Concurrent Mark Free 0.001ms
[210.510s][info][gc,phases   ] GC(446) Concurrent Process Non-Strong References 9.192ms
[210.510s][info][gc,phases   ] GC(446) Concurrent Reset Relocation Set 0.003ms
[210.514s][info][gc,phases   ] GC(446) Concurrent Select Relocation Set 4.224ms
[210.514s][info][gc,phases   ] GC(446) Pause Relocate Start 0.006ms
[210.515s][info][gc,phases   ] GC(446) Concurrent Relocate 0.585ms
[210.515s][info][gc,load     ] GC(446) Load: 1.87/1.66/1.66
[210.515s][info][gc,mmu      ] GC(446) MMU: 2ms/87.2%, 5ms/94.3%, 10ms/97.1%, 20ms/98.5%, 50ms/99.4%, 100ms/99.7%
[210.515s][info][gc,marking  ] GC(446) Mark: 2 stripe(s), 1 proactive flush(es), 1 terminate flush(es), 0 completion(s), 0 continuation(s) 
[210.515s][info][gc,marking  ] GC(446) Mark Stack Usage: 32M
[210.515s][info][gc,nmethod  ] GC(446) NMethods: 449 registered, 26 unregistered
[210.515s][info][gc,metaspace] GC(446) Metaspace: 0M used, 0M committed, 1088M reserved
[210.515s][info][gc,ref      ] GC(446) Soft: 2 encountered, 0 discovered, 0 enqueued
[210.515s][info][gc,ref      ] GC(446) Weak: 9 encountered, 0 discovered, 0 enqueued
[210.515s][info][gc,ref      ] GC(446) Final: 0 encountered, 0 discovered, 0 enqueued
[210.515s][info][gc,ref      ] GC(446) Phantom: 3 encountered, 1 discovered, 0 enqueued
[210.515s][info][gc,reloc    ] GC(446) Small Pages: 4 / 8M, Empty: 0M, Relocated: 0M, In-Place: 0
[210.515s][info][gc,reloc    ] GC(446) Medium Pages: 0 / 0M, Empty: 0M, Relocated: 0M, In-Place: 0
[210.515s][info][gc,reloc    ] GC(446) Large Pages: 0 / 0M, Empty: 0M, Relocated: 0M, In-Place: 0
[210.515s][info][gc,reloc    ] GC(446) Forwarding Usage: 0M
[210.515s][info][gc,heap     ] GC(446) Min Capacity: 8192M(100%)
[210.515s][info][gc,heap     ] GC(446) Max Capacity: 8192M(100%)
[210.515s][info][gc,heap     ] GC(446) Soft Max Capacity: 8192M(100%)
[210.515s][info][gc,heap     ] GC(446)                Mark Start          Mark End        Relocate Start      Relocate End           High               Low         
[210.515s][info][gc,heap     ] GC(446)  Capacity:     8192M (100%)       8192M (100%)       8192M (100%)       8192M (100%)       8192M (100%)       8192M (100%)   
[210.515s][info][gc,heap     ] GC(446)      Free:     8184M (100%)       8184M (100%)       8184M (100%)       8186M (100%)       8186M (100%)       8178M (100%)   
[210.515s][info][gc,heap     ] GC(446)      Used:        8M (0%)            8M (0%)            8M (0%)            6M (0%)           14M (0%)            6M (0%)     
[210.515s][info][gc,heap     ] GC(446)      Live:         -                 0M (0%)            0M (0%)            0M (0%)             -                  -          
[210.515s][info][gc,heap     ] GC(446) Allocated:         -                 0M (0%)            0M (0%)            0M (0%)             -                  -          
[210.515s][info][gc,heap     ] GC(446)   Garbage:         -                 7M (0%)            7M (0%)            5M (0%)             -                  -          
[210.515s][info][gc,heap     ] GC(446) Reclaimed:         -                  -                 0M (0%)            2M (0%)             -                  -          
[210.515s][info][gc          ] GC(446) Garbage Collection (System.gc()) 8M(0%)->6M(0%)
[210.979s][info][gc,start    ] GC(447) Garbage Collection (System.gc())
[210.979s][info][gc,task     ] GC(447) Using 3 workers
[210.979s][info][gc,phases   ] GC(447) Pause Mark Start 0.014ms
[210.982s][info][gc,phases   ] GC(447) Concurrent Mark 3.322ms
[210.982s][info][gc,phases   ] GC(447) Pause Mark End 0.013ms
[210.982s][info][gc,phases   ] GC(447) Concurrent Mark Free 0.000ms
[210.983s][info][gc,phases   ] GC(447) Concurrent Process Non-Strong References 1.168ms
[210.983s][info][gc,phases   ] GC(447) Concurrent Reset Relocation Set 0.001ms
[210.987s][info][gc,phases   ] GC(447) Concurrent Select Relocation Set 3.776ms
[210.987s][info][gc,phases   ] GC(447) Pause Relocate Start 0.008ms
[210.988s][info][gc,phases   ] GC(447) Concurrent Relocate 0.617ms
[210.988s][info][gc,load     ] GC(447) Load: 1.87/1.66/1.66
[210.988s][info][gc,mmu      ] GC(447) MMU: 2ms/87.2%, 5ms/94.3%, 10ms/97.1%, 20ms/98.5%, 50ms/99.4%, 100ms/99.7%
[210.988s][info][gc,marking  ] GC(447) Mark: 2 stripe(s), 1 proactive flush(es), 1 terminate flush(es), 0 completion(s), 0 continuation(s) 
[210.988s][info][gc,marking  ] GC(447) Mark Stack Usage: 32M
[210.988s][info][gc,nmethod  ] GC(447) NMethods: 449 registered, 26 unregistered
[210.988s][info][gc,metaspace] GC(447) Metaspace: 0M used, 0M committed, 1088M reserved
[210.988s][info][gc,ref      ] GC(447) Soft: 2 encountered, 0 discovered, 0 enqueued
[210.988s][info][gc,ref      ] GC(447) Weak: 9 encountered, 0 discovered, 0 enqueued
[210.988s][info][gc,ref      ] GC(447) Final: 0 encountered, 0 discovered, 0 enqueued
[210.988s][info][gc,ref      ] GC(447) Phantom: 3 encountered, 2 discovered, 0 enqueued
[210.988s][info][gc,reloc    ] GC(447) Small Pages: 4 / 8M, Empty: 0M, Relocated: 0M, In-Place: 0
[210.988s][info][gc,reloc    ] GC(447) Medium Pages: 0 / 0M, Empty: 0M, Relocated: 0M, In-Place: 0
[210.988s][info][gc,reloc    ] GC(447) Large Pages: 0 / 0M, Empty: 0M, Relocated: 0M, In-Place: 0
[210.988s][info][gc,reloc    ] GC(447) Forwarding Usage: 0M
[210.988s][info][gc,heap     ] GC(447) Min Capacity: 8192M(100%)
[210.988s][info][gc,heap     ] GC(447) Max Capacity: 8192M(100%)
[210.988s][info][gc,heap     ] GC(447) Soft Max Capacity: 8192M(100%)
[210.988s][info][gc,heap     ] GC(447)                Mark Start          Mark End        Relocate Start      Relocate End           High               Low         
[210.988s][info][gc,heap     ] GC(447)  Capacity:     8192M (100%)       8192M (100%)       8192M (100%)       8192M (100%)       8192M (100%)       8192M (100%)   
[210.988s][info][gc,heap     ] GC(447)      Free:     8184M (100%)       8184M (100%)       8184M (100%)       8186M (100%)       8186M (100%)       8178M (100%)   
[210.988s][info][gc,heap     ] GC(447)      Used:        8M (0%)            8M (0%)            8M (0%)            6M (0%)           14M (0%)            6M (0%)     
[210.988s][info][gc,heap     ] GC(447)      Live:         -                 0M (0%)            0M (0%)            0M (0%)             -                  -          
[210.988s][info][gc,heap     ] GC(447) Allocated:         -                 0M (0%)            0M (0%)            0M (0%)             -                  -          
[210.988s][info][gc,heap     ] GC(447)   Garbage:         -                 7M (0%)            7M (0%)            5M (0%)             -                  -          
[210.988s][info][gc,heap     ] GC(447) Reclaimed:         -                  -                 0M (0%)            2M (0%)             -                  -          
[210.988s][info][gc          ] GC(447) Garbage Collection (System.gc()) 8M(0%)->6M(0%)
[211.452s][info][gc,start    ] GC(448) Garbage Collection (System.gc())
[211.452s][info][gc,task     ] GC(448) Using 3 workers
[211.453s][info][gc,phases   ] GC(448) Pause Mark Start 0.017ms
[211.455s][info][gc,phases   ] GC(448) Concurrent Mark 2.506ms
[211.455s][info][gc,phases   ] GC(448) Pause Mark End 0.009ms
[211.455s][info][gc,phases   ] GC(448) Concurrent Mark Free 0.001ms
[211.457s][info][gc,phases   ] GC(448) Concurrent Process Non-Strong References 1.460ms
[211.457s][info][gc,phases   ] GC(448) Concurrent Reset Relocation Set 0.002ms
[211.462s][info][gc,phases   ] GC(448) Concurrent Select Relocation Set 4.715ms
[211.462s][info][gc,phases   ] GC(448) Pause Relocate Start 0.003ms
[211.462s][info][gc,phases   ] GC(448) Concurrent Relocate 0.544ms
[211.462s][info][gc,load     ] GC(448) Load: 1.87/1.66/1.66
[211.462s][info][gc,mmu      ] GC(448) MMU: 2ms/87.2%, 5ms/94.3%, 10ms/97.1%, 20ms/98.5%, 50ms/99.4%, 100ms/99.7%
[211.462s][info][gc,marking  ] GC(448) Mark: 2 stripe(s), 1 proactive flush(es), 1 terminate flush(es), 0 completion(s), 0 continuation(s) 
[211.462s][info][gc,marking  ] GC(448) Mark Stack Usage: 32M
[211.462s][info][gc,nmethod  ] GC(448) NMethods: 449 registered, 26 unregistered
[211.462s][info][gc,metaspace] GC(448) Metaspace: 0M used, 0M committed, 1088M reserved
[211.462s][info][gc,ref      ] GC(448) Soft: 2 encountered, 0 discovered, 0 enqueued
[211.462s][info][gc,ref      ] GC(448) Weak: 9 encountered, 0 discovered, 0 enqueued
[211.462s][info][gc,ref      ] GC(448) Final: 0 encountered, 0 discovered, 0 enqueued
[211.462s][info][gc,ref      ] GC(448) Phantom: 3 encountered, 2 discovered, 0 enqueued
[211.463s][info][gc,reloc    ] GC(448) Small Pages: 4 / 8M, Empty: 0M, Relocated: 0M, In-Place: 0
[211.463s][info][gc,reloc    ] GC(448) Medium Pages: 0 / 0M, Empty: 0M, Relocated: 0M, In-Place: 0
[211.463s][info][gc,reloc    ] GC(448) Large Pages: 0 / 0M, Empty: 0M, Relocated: 0M, In-Place: 0
[211.463s][info][gc,reloc    ] GC(448) Forwarding Usage: 0M
[211.463s][info][gc,heap     ] GC(448) Min Capacity: 8192M(100%)
[211.463s][info][gc,heap     ] GC(448) Max Capacity: 8192M(100%)
[211.463s][info][gc,heap     ] GC(448) Soft Max Capacity: 8192M(100%)
[211.463s][info][gc,heap     ] GC(448)                Mark Start          Mark End        Relocate Start      Relocate End           High               Low         
[211.463s][info][gc,heap     ] GC(448)  Capacity:     8192M (100%)       8192M (100%)       8192M (100%)       8192M (100%)       8192M (100%)       8192M (100%)   
[211.463s][info][gc,heap     ] GC(448)      Free:     8184M (100%)       8184M (100%)       8184M (100%)       8186M (100%)       8186M (100%)       8178M (100%)   
[211.463s][info][gc,heap     ] GC(448)      Used:        8M (0%)            8M (0%)            8M (0%)            6M (0%)           14M (0%)            6M (0%)     
[211.463s][info][gc,heap     ] GC(448)      Live:         -                 0M (0%)            0M (0%)            0M (0%)             -                  -          
[211.463s][info][gc,heap     ] GC(448) Allocated:         -                 0M (0%)            0M (0%)            0M (0%)             -                  -          
[211.463s][info][gc,heap     ] GC(448)   Garbage:         -                 7M (0%)            7M (0%)            5M (0%)             -                  -          
[211.463s][info][gc,heap     ] GC(448) Reclaimed:         -                  -                 0M (0%)            2M (0%)             -                  -          
[211.463s][info][gc          ] GC(448) Garbage Collection (System.gc()) 8M(0%)->6M(0%)
[211.926s][info][gc,start    ] GC(449) Garbage Collection (System.gc())
[211.926s][info][gc,task     ] GC(449) Using 3 workers
[211.926s][info][gc,phases   ] GC(449) Pause Mark Start 0.066ms
[211.929s][info][gc,phases   ] GC(449) Concurrent Mark 2.877ms
[211.929s][info][gc,phases   ] GC(449) Pause Mark End 0.013ms
[211.929s][info][gc,phases   ] GC(449) Concurrent Mark Free 0.000ms
[211.930s][info][gc,phases   ] GC(449) Concurrent Process Non-Strong References 1.174ms
[211.930s][info][gc,phases   ] GC(449) Concurrent Reset Relocation Set 0.001ms
[211.935s][info][gc,phases   ] GC(449) Concurrent Select Relocation Set 4.424ms
[211.935s][info][gc,phases   ] GC(449) Pause Relocate Start 0.006ms
[211.935s][info][gc,phases   ] GC(449) Concurrent Relocate 0.711ms
[211.935s][info][gc,load     ] GC(449) Load: 1.87/1.66/1.66
[211.935s][info][gc,mmu      ] GC(449) MMU: 2ms/87.2%, 5ms/94.3%, 10ms/97.1%, 20ms/98.5%, 50ms/99.4%, 100ms/99.7%
[211.936s][info][gc,marking  ] GC(449) Mark: 2 stripe(s), 1 proactive flush(es), 1 terminate flush(es), 0 completion(s), 0 continuation(s) 
[211.936s][info][gc,marking  ] GC(449) Mark Stack Usage: 32M
[211.936s][info][gc,nmethod  ] GC(449) NMethods: 449 registered, 26 unregistered
[211.936s][info][gc,metaspace] GC(449) Metaspace: 0M used, 0M committed, 1088M reserved
[211.936s][info][gc,ref      ] GC(449) Soft: 2 encountered, 0 discovered, 0 enqueued
[211.936s][info][gc,ref      ] GC(449) Weak: 9 encountered, 0 discovered, 0 enqueued
[211.936s][info][gc,ref      ] GC(449) Final: 0 encountered, 0 discovered, 0 enqueued
[211.936s][info][gc,ref      ] GC(449) Phantom: 3 encountered, 1 discovered, 0 enqueued
[211.936s][info][gc,reloc    ] GC(449) Small Pages: 4 / 8M, Empty: 0M, Relocated: 0M, In-Place: 0
[211.936s][info][gc,reloc    ] GC(449) Medium Pages: 0 / 0M, Empty: 0M, Relocated: 0M, In-Place: 0
[211.936s][info][gc,reloc    ] GC(449) Large Pages: 0 / 0M, Empty: 0M, Relocated: 0M, In-Place: 0
[211.936s][info][gc,reloc    ] GC(449) Forwarding Usage: 0M
[211.936s][info][gc,heap     ] GC(449) Min Capacity: 8192M(100%)
[211.936s][info][gc,heap     ] GC(449) Max Capacity: 8192M(100%)
[211.936s][info][gc,heap     ] GC(449) Soft Max Capacity: 8192M(100%)
[211.936s][info][gc,heap     ] GC(449)                Mark Start          Mark End        Relocate Start      Relocate End           High               Low         
[211.936s][info][gc,heap     ] GC(449)  Capacity:     8192M (100%)       8192M (100%)       8192M (100%)       8192M (100%)       8192M (100%)       8192M (100%)   
[211.936s][info][gc,heap     ] GC(449)      Free:     8184M (100%)       8184M (100%)       8184M (100%)       8186M (100%)       8186M (100%)       8180M (100%)   
[211.936s][info][gc,heap     ] GC(449)      Used:        8M (0%)            8M (0%)            8M (0%)            6M (0%)           12M (0%)            6M (0%)     
[211.936s][info][gc,heap     ] GC(449)      Live:         -                 0M (0%)            0M (0%)            0M (0%)             -                  -          
[211.936s][info][gc,heap     ] GC(449) Allocated:         -                 0M (0%)            0M (0%)            0M (0%)             -                  -          
[211.936s][info][gc,heap     ] GC(449)   Garbage:         -                 7M (0%)            7M (0%)            5M (0%)             -                  -          
[211.936s][info][gc,heap     ] GC(449) Reclaimed:         -                  -                 0M (0%)            2M (0%)             -                  -          
[211.936s][info][gc          ] GC(449) Garbage Collection (System.gc()) 8M(0%)->6M(0%)
[212.391s][info][gc,start    ] GC(450) Garbage Collection (System.gc())
[212.391s][info][gc,task     ] GC(450) Using 3 workers
[212.391s][info][gc,phases   ] GC(450) Pause Mark Start 0.016ms
[212.403s][info][gc,phases   ] GC(450) Concurrent Mark 11.633ms
[212.403s][info][gc,phases   ] GC(450) Pause Mark End 0.034ms
[212.403s][info][gc,phases   ] GC(450) Concurrent Mark Free 0.001ms
[212.405s][info][gc,phases   ] GC(450) Concurrent Process Non-Strong References 2.043ms
[212.405s][info][gc,phases   ] GC(450) Concurrent Reset Relocation Set 0.002ms
[212.409s][info][gc,phases   ] GC(450) Concurrent Select Relocation Set 3.913ms
[212.409s][info][gc,phases   ] GC(450) Pause Relocate Start 0.007ms
[212.410s][info][gc,phases   ] GC(450) Concurrent Relocate 0.663ms
[212.410s][info][gc,load     ] GC(450) Load: 1.87/1.66/1.66
[212.410s][info][gc,mmu      ] GC(450) MMU: 2ms/87.2%, 5ms/94.3%, 10ms/97.1%, 20ms/98.5%, 50ms/99.4%, 100ms/99.7%
[212.410s][info][gc,marking  ] GC(450) Mark: 2 stripe(s), 1 proactive flush(es), 1 terminate flush(es), 0 completion(s), 0 continuation(s) 
[212.410s][info][gc,marking  ] GC(450) Mark Stack Usage: 32M
[212.410s][info][gc,nmethod  ] GC(450) NMethods: 449 registered, 26 unregistered
[212.410s][info][gc,metaspace] GC(450) Metaspace: 0M used, 0M committed, 1088M reserved
[212.410s][info][gc,ref      ] GC(450) Soft: 2 encountered, 0 discovered, 0 enqueued
[212.410s][info][gc,ref      ] GC(450) Weak: 9 encountered, 0 discovered, 0 enqueued
[212.410s][info][gc,ref      ] GC(450) Final: 0 encountered, 0 discovered, 0 enqueued
[212.410s][info][gc,ref      ] GC(450) Phantom: 3 encountered, 1 discovered, 0 enqueued
[212.410s][info][gc,reloc    ] GC(450) Small Pages: 4 / 8M, Empty: 0M, Relocated: 0M, In-Place: 0
[212.410s][info][gc,reloc    ] GC(450) Medium Pages: 0 / 0M, Empty: 0M, Relocated: 0M, In-Place: 0
[212.410s][info][gc,reloc    ] GC(450) Large Pages: 0 / 0M, Empty: 0M, Relocated: 0M, In-Place: 0
[212.410s][info][gc,reloc    ] GC(450) Forwarding Usage: 0M
[212.410s][info][gc,heap     ] GC(450) Min Capacity: 8192M(100%)
[212.410s][info][gc,heap     ] GC(450) Max Capacity: 8192M(100%)
[212.410s][info][gc,heap     ] GC(450) Soft Max Capacity: 8192M(100%)
[212.410s][info][gc,heap     ] GC(450)                Mark Start          Mark End        Relocate Start      Relocate End           High               Low         
[212.410s][info][gc,heap     ] GC(450)  Capacity:     8192M (100%)       8192M (100%)       8192M (100%)       8192M (100%)       8192M (100%)       8192M (100%)   
[212.410s][info][gc,heap     ] GC(450)      Free:     8184M (100%)       8184M (100%)       8184M (100%)       8186M (100%)       8186M (100%)       8178M (100%)   
[212.410s][info][gc,heap     ] GC(450)      Used:        8M (0%)            8M (0%)            8M (0%)            6M (0%)           14M (0%)            6M (0%)     
[212.410s][info][gc,heap     ] GC(450)      Live:         -                 0M (0%)            0M (0%)            0M (0%)             -                  -          
[212.410s][info][gc,heap     ] GC(450) Allocated:         -                 0M (0%)            0M (0%)            0M (0%)             -                  -          
[212.410s][info][gc,heap     ] GC(450)   Garbage:         -                 7M (0%)            7M (0%)            5M (0%)             -                  -          
[212.410s][info][gc,heap     ] GC(450) Reclaimed:         -                  -                 0M (0%)            2M (0%)             -                  -          
[212.410s][info][gc          ] GC(450) Garbage Collection (System.gc()) 8M(0%)->6M(0%)
[212.874s][info][gc,start    ] GC(451) Garbage Collection (System.gc())
[212.874s][info][gc,task     ] GC(451) Using 3 workers
[212.874s][info][gc,phases   ] GC(451) Pause Mark Start 0.013ms
[212.877s][info][gc,phases   ] GC(451) Concurrent Mark 2.276ms
[212.877s][info][gc,phases   ] GC(451) Pause Mark End 0.008ms
[212.877s][info][gc,phases   ] GC(451) Concurrent Mark Free 0.000ms
[212.878s][info][gc,phases   ] GC(451) Concurrent Process Non-Strong References 0.964ms
[212.878s][info][gc,phases   ] GC(451) Concurrent Reset Relocation Set 0.001ms
[212.881s][info][gc,phases   ] GC(451) Concurrent Select Relocation Set 2.994ms
[212.881s][info][gc,phases   ] GC(451) Pause Relocate Start 0.004ms
[212.881s][info][gc,phases   ] GC(451) Concurrent Relocate 0.456ms
[212.881s][info][gc,load     ] GC(451) Load: 1.87/1.66/1.66
[212.881s][info][gc,mmu      ] GC(451) MMU: 2ms/87.2%, 5ms/94.3%, 10ms/97.1%, 20ms/98.5%, 50ms/99.4%, 100ms/99.7%
[212.881s][info][gc,marking  ] GC(451) Mark: 2 stripe(s), 1 proactive flush(es), 1 terminate flush(es), 0 completion(s), 0 continuation(s) 
[212.881s][info][gc,marking  ] GC(451) Mark Stack Usage: 32M
[212.881s][info][gc,nmethod  ] GC(451) NMethods: 449 registered, 26 unregistered
[212.881s][info][gc,metaspace] GC(451) Metaspace: 0M used, 0M committed, 1088M reserved
[212.881s][info][gc,ref      ] GC(451) Soft: 2 encountered, 0 discovered, 0 enqueued
[212.881s][info][gc,ref      ] GC(451) Weak: 9 encountered, 0 discovered, 0 enqueued
[212.881s][info][gc,ref      ] GC(451) Final: 0 encountered, 0 discovered, 0 enqueued
[212.881s][info][gc,ref      ] GC(451) Phantom: 3 encountered, 2 discovered, 0 enqueued
[212.881s][info][gc,reloc    ] GC(451) Small Pages: 4 / 8M, Empty: 0M, Relocated: 0M, In-Place: 0
[212.881s][info][gc,reloc    ] GC(451) Medium Pages: 0 / 0M, Empty: 0M, Relocated: 0M, In-Place: 0
[212.881s][info][gc,reloc    ] GC(451) Large Pages: 0 / 0M, Empty: 0M, Relocated: 0M, In-Place: 0
[212.881s][info][gc,reloc    ] GC(451) Forwarding Usage: 0M
[212.881s][info][gc,heap     ] GC(451) Min Capacity: 8192M(100%)
[212.881s][info][gc,heap     ] GC(451) Max Capacity: 8192M(100%)
[212.881s][info][gc,heap     ] GC(451) Soft Max Capacity: 8192M(100%)
[212.881s][info][gc,heap     ] GC(451)                Mark Start          Mark End        Relocate Start      Relocate End           High               Low         
[212.881s][info][gc,heap     ] GC(451)  Capacity:     8192M (100%)       8192M (100%)       8192M (100%)       8192M (100%)       8192M (100%)       8192M (100%)   
[212.881s][info][gc,heap     ] GC(451)      Free:     8184M (100%)       8184M (100%)       8184M (100%)       8186M (100%)       8186M (100%)       8178M (100%)   
[212.881s][info][gc,heap     ] GC(451)      Used:        8M (0%)            8M (0%)            8M (0%)            6M (0%)           14M (0%)            6M (0%)     
[212.881s][info][gc,heap     ] GC(451)      Live:         -                 0M (0%)            0M (0%)            0M (0%)             -                  -          
[212.881s][info][gc,heap     ] GC(451) Allocated:         -                 0M (0%)            0M (0%)            0M (0%)             -                  -          
[212.881s][info][gc,heap     ] GC(451)   Garbage:         -                 7M (0%)            7M (0%)            5M (0%)             -                  -          
[212.882s][info][gc,heap     ] GC(451) Reclaimed:         -                  -                 0M (0%)            2M (0%)             -                  -          
[212.882s][info][gc          ] GC(451) Garbage Collection (System.gc()) 8M(0%)->6M(0%)
[213.348s][info][gc,start    ] GC(452) Garbage Collection (System.gc())
[213.348s][info][gc,task     ] GC(452) Using 3 workers
[213.348s][info][gc,phases   ] GC(452) Pause Mark Start 0.013ms
[213.351s][info][gc,phases   ] GC(452) Concurrent Mark 2.628ms
[213.351s][info][gc,phases   ] GC(452) Pause Mark End 0.013ms
[213.351s][info][gc,phases   ] GC(452) Concurrent Mark Free 0.000ms
[213.352s][info][gc,phases   ] GC(452) Concurrent Process Non-Strong References 0.948ms
[213.352s][info][gc,phases   ] GC(452) Concurrent Reset Relocation Set 0.002ms
[213.355s][info][gc,phases   ] GC(452) Concurrent Select Relocation Set 3.066ms
[213.355s][info][gc,phases   ] GC(452) Pause Relocate Start 0.004ms
[213.356s][info][gc,phases   ] GC(452) Concurrent Relocate 0.493ms
[213.356s][info][gc,load     ] GC(452) Load: 1.87/1.66/1.66
[213.356s][info][gc,mmu      ] GC(452) MMU: 2ms/87.2%, 5ms/94.3%, 10ms/97.1%, 20ms/98.5%, 50ms/99.4%, 100ms/99.7%
[213.356s][info][gc,marking  ] GC(452) Mark: 2 stripe(s), 1 proactive flush(es), 1 terminate flush(es), 0 completion(s), 0 continuation(s) 
[213.356s][info][gc,marking  ] GC(452) Mark Stack Usage: 32M
[213.356s][info][gc,nmethod  ] GC(452) NMethods: 449 registered, 26 unregistered
[213.356s][info][gc,metaspace] GC(452) Metaspace: 0M used, 0M committed, 1088M reserved
[213.356s][info][gc,ref      ] GC(452) Soft: 2 encountered, 0 discovered, 0 enqueued
[213.356s][info][gc,ref      ] GC(452) Weak: 9 encountered, 0 discovered, 0 enqueued
[213.356s][info][gc,ref      ] GC(452) Final: 0 encountered, 0 discovered, 0 enqueued
[213.356s][info][gc,ref      ] GC(452) Phantom: 3 encountered, 2 discovered, 0 enqueued
[213.356s][info][gc,reloc    ] GC(452) Small Pages: 4 / 8M, Empty: 0M, Relocated: 0M, In-Place: 0
[213.356s][info][gc,reloc    ] GC(452) Medium Pages: 0 / 0M, Empty: 0M, Relocated: 0M, In-Place: 0
[213.356s][info][gc,reloc    ] GC(452) Large Pages: 0 / 0M, Empty: 0M, Relocated: 0M, In-Place: 0
[213.356s][info][gc,reloc    ] GC(452) Forwarding Usage: 0M
[213.356s][info][gc,heap     ] GC(452) Min Capacity: 8192M(100%)
[213.356s][info][gc,heap     ] GC(452) Max Capacity: 8192M(100%)
[213.356s][info][gc,heap     ] GC(452) Soft Max Capacity: 8192M(100%)
[213.356s][info][gc,heap     ] GC(452)                Mark Start          Mark End        Relocate Start      Relocate End           High               Low         
[213.356s][info][gc,heap     ] GC(452)  Capacity:     8192M (100%)       8192M (100%)       8192M (100%)       8192M (100%)       8192M (100%)       8192M (100%)   
[213.356s][info][gc,heap     ] GC(452)      Free:     8184M (100%)       8184M (100%)       8184M (100%)       8186M (100%)       8186M (100%)       8178M (100%)   
[213.356s][info][gc,heap     ] GC(452)      Used:        8M (0%)            8M (0%)            8M (0%)            6M (0%)           14M (0%)            6M (0%)     
[213.356s][info][gc,heap     ] GC(452)      Live:         -                 0M (0%)            0M (0%)            0M (0%)             -                  -          
[213.356s][info][gc,heap     ] GC(452) Allocated:         -                 0M (0%)            0M (0%)            0M (0%)             -                  -          
[213.356s][info][gc,heap     ] GC(452)   Garbage:         -                 7M (0%)            7M (0%)            5M (0%)             -                  -          
[213.356s][info][gc,heap     ] GC(452) Reclaimed:         -                  -                 0M (0%)            2M (0%)             -                  -          
[213.356s][info][gc          ] GC(452) Garbage Collection (System.gc()) 8M(0%)->6M(0%)
[213.813s][info][gc,start    ] GC(453) Garbage Collection (System.gc())
[213.813s][info][gc,task     ] GC(453) Using 3 workers
[213.814s][info][gc,phases   ] GC(453) Pause Mark Start 0.011ms
[213.818s][info][gc,phases   ] GC(453) Concurrent Mark 4.014ms
[213.818s][info][gc,phases   ] GC(453) Pause Mark End 0.021ms
[213.818s][info][gc,phases   ] GC(453) Concurrent Mark Free 0.001ms
[213.826s][info][gc,phases   ] GC(453) Concurrent Process Non-Strong References 7.697ms
[213.826s][info][gc,phases   ] GC(453) Concurrent Reset Relocation Set 0.002ms
[213.830s][info][gc,phases   ] GC(453) Concurrent Select Relocation Set 4.572ms
[213.830s][info][gc,phases   ] GC(453) Pause Relocate Start 0.007ms
[213.831s][info][gc,phases   ] GC(453) Concurrent Relocate 0.617ms
[213.831s][info][gc,load     ] GC(453) Load: 1.87/1.66/1.66
[213.831s][info][gc,mmu      ] GC(453) MMU: 2ms/87.2%, 5ms/94.3%, 10ms/97.1%, 20ms/98.5%, 50ms/99.4%, 100ms/99.7%
[213.831s][info][gc,marking  ] GC(453) Mark: 2 stripe(s), 1 proactive flush(es), 1 terminate flush(es), 0 completion(s), 0 continuation(s) 
[213.831s][info][gc,marking  ] GC(453) Mark Stack Usage: 32M
[213.831s][info][gc,nmethod  ] GC(453) NMethods: 449 registered, 26 unregistered
[213.831s][info][gc,metaspace] GC(453) Metaspace: 0M used, 0M committed, 1088M reserved
[213.831s][info][gc,ref      ] GC(453) Soft: 2 encountered, 0 discovered, 0 enqueued
[213.831s][info][gc,ref      ] GC(453) Weak: 9 encountered, 0 discovered, 0 enqueued
[213.831s][info][gc,ref      ] GC(453) Final: 0 encountered, 0 discovered, 0 enqueued
[213.831s][info][gc,ref      ] GC(453) Phantom: 3 encountered, 2 discovered, 0 enqueued
[213.831s][info][gc,reloc    ] GC(453) Small Pages: 4 / 8M, Empty: 0M, Relocated: 0M, In-Place: 0
[213.831s][info][gc,reloc    ] GC(453) Medium Pages: 0 / 0M, Empty: 0M, Relocated: 0M, In-Place: 0
[213.831s][info][gc,reloc    ] GC(453) Large Pages: 0 / 0M, Empty: 0M, Relocated: 0M, In-Place: 0
[213.831s][info][gc,reloc    ] GC(453) Forwarding Usage: 0M
[213.831s][info][gc,heap     ] GC(453) Min Capacity: 8192M(100%)
[213.831s][info][gc,heap     ] GC(453) Max Capacity: 8192M(100%)
[213.831s][info][gc,heap     ] GC(453) Soft Max Capacity: 8192M(100%)
[213.831s][info][gc,heap     ] GC(453)                Mark Start          Mark End        Relocate Start      Relocate End           High               Low         
[213.831s][info][gc,heap     ] GC(453)  Capacity:     8192M (100%)       8192M (100%)       8192M (100%)       8192M (100%)       8192M (100%)       8192M (100%)   
[213.831s][info][gc,heap     ] GC(453)      Free:     8184M (100%)       8184M (100%)       8184M (100%)       8186M (100%)       8186M (100%)       8178M (100%)   
[213.831s][info][gc,heap     ] GC(453)      Used:        8M (0%)            8M (0%)            8M (0%)            6M (0%)           14M (0%)            6M (0%)     
[213.831s][info][gc,heap     ] GC(453)      Live:         -                 0M (0%)            0M (0%)            0M (0%)             -                  -          
[213.831s][info][gc,heap     ] GC(453) Allocated:         -                 0M (0%)            0M (0%)            0M (0%)             -                  -          
[213.831s][info][gc,heap     ] GC(453)   Garbage:         -                 7M (0%)            7M (0%)            5M (0%)             -                  -          
[213.831s][info][gc,heap     ] GC(453) Reclaimed:         -                  -                 0M (0%)            2M (0%)             -                  -          
[213.831s][info][gc          ] GC(453) Garbage Collection (System.gc()) 8M(0%)->6M(0%)
[214.291s][info][gc,start    ] GC(454) Garbage Collection (System.gc())
[214.291s][info][gc,task     ] GC(454) Using 3 workers
[214.291s][info][gc,phases   ] GC(454) Pause Mark Start 0.034ms
[214.303s][info][gc,phases   ] GC(454) Concurrent Mark 11.996ms
[214.303s][info][gc,phases   ] GC(454) Pause Mark End 0.012ms
[214.303s][info][gc,phases   ] GC(454) Concurrent Mark Free 0.000ms
[214.304s][info][gc,phases   ] GC(454) Concurrent Process Non-Strong References 0.973ms
[214.304s][info][gc,phases   ] GC(454) Concurrent Reset Relocation Set 0.001ms
[214.308s][info][gc,phases   ] GC(454) Concurrent Select Relocation Set 3.870ms
[214.308s][info][gc,phases   ] GC(454) Pause Relocate Start 0.006ms
[214.309s][info][gc,phases   ] GC(454) Concurrent Relocate 0.584ms
[214.309s][info][gc,load     ] GC(454) Load: 1.87/1.66/1.66
[214.309s][info][gc,mmu      ] GC(454) MMU: 2ms/87.2%, 5ms/94.3%, 10ms/97.1%, 20ms/98.5%, 50ms/99.4%, 100ms/99.7%
[214.309s][info][gc,marking  ] GC(454) Mark: 2 stripe(s), 1 proactive flush(es), 1 terminate flush(es), 0 completion(s), 0 continuation(s) 
[214.309s][info][gc,marking  ] GC(454) Mark Stack Usage: 32M
[214.309s][info][gc,nmethod  ] GC(454) NMethods: 449 registered, 26 unregistered
[214.309s][info][gc,metaspace] GC(454) Metaspace: 0M used, 0M committed, 1088M reserved
[214.309s][info][gc,ref      ] GC(454) Soft: 2 encountered, 0 discovered, 0 enqueued
[214.309s][info][gc,ref      ] GC(454) Weak: 9 encountered, 0 discovered, 0 enqueued
[214.309s][info][gc,ref      ] GC(454) Final: 0 encountered, 0 discovered, 0 enqueued
[214.309s][info][gc,ref      ] GC(454) Phantom: 3 encountered, 2 discovered, 0 enqueued
[214.309s][info][gc,reloc    ] GC(454) Small Pages: 4 / 8M, Empty: 0M, Relocated: 0M, In-Place: 0
[214.309s][info][gc,reloc    ] GC(454) Medium Pages: 0 / 0M, Empty: 0M, Relocated: 0M, In-Place: 0
[214.309s][info][gc,reloc    ] GC(454) Large Pages: 0 / 0M, Empty: 0M, Relocated: 0M, In-Place: 0
[214.309s][info][gc,reloc    ] GC(454) Forwarding Usage: 0M
[214.309s][info][gc,heap     ] GC(454) Min Capacity: 8192M(100%)
[214.309s][info][gc,heap     ] GC(454) Max Capacity: 8192M(100%)
[214.309s][info][gc,heap     ] GC(454) Soft Max Capacity: 8192M(100%)
[214.309s][info][gc,heap     ] GC(454)                Mark Start          Mark End        Relocate Start      Relocate End           High               Low         
[214.309s][info][gc,heap     ] GC(454)  Capacity:     8192M (100%)       8192M (100%)       8192M (100%)       8192M (100%)       8192M (100%)       8192M (100%)   
[214.309s][info][gc,heap     ] GC(454)      Free:     8184M (100%)       8184M (100%)       8184M (100%)       8186M (100%)       8186M (100%)       8178M (100%)   
[214.309s][info][gc,heap     ] GC(454)      Used:        8M (0%)            8M (0%)            8M (0%)            6M (0%)           14M (0%)            6M (0%)     
[214.309s][info][gc,heap     ] GC(454)      Live:         -                 0M (0%)            0M (0%)            0M (0%)             -                  -          
[214.309s][info][gc,heap     ] GC(454) Allocated:         -                 0M (0%)            0M (0%)            0M (0%)             -                  -          
[214.309s][info][gc,heap     ] GC(454)   Garbage:         -                 7M (0%)            7M (0%)            5M (0%)             -                  -          
[214.309s][info][gc,heap     ] GC(454) Reclaimed:         -                  -                 0M (0%)            2M (0%)             -                  -          
[214.309s][info][gc          ] GC(454) Garbage Collection (System.gc()) 8M(0%)->6M(0%)
[214.773s][info][gc,start    ] GC(455) Garbage Collection (System.gc())
[214.773s][info][gc,task     ] GC(455) Using 3 workers
[214.773s][info][gc,phases   ] GC(455) Pause Mark Start 0.012ms
[214.776s][info][gc,phases   ] GC(455) Concurrent Mark 2.853ms
[214.776s][info][gc,phases   ] GC(455) Pause Mark End 0.018ms
[214.776s][info][gc,phases   ] GC(455) Concurrent Mark Free 0.000ms
[214.777s][info][gc,phases   ] GC(455) Concurrent Process Non-Strong References 0.987ms
[214.777s][info][gc,phases   ] GC(455) Concurrent Reset Relocation Set 0.001ms
[214.780s][info][gc,phases   ] GC(455) Concurrent Select Relocation Set 3.167ms
[214.781s][info][gc,phases   ] GC(455) Pause Relocate Start 0.007ms
[214.781s][info][gc,phases   ] GC(455) Concurrent Relocate 0.659ms
[214.781s][info][gc,load     ] GC(455) Load: 1.87/1.66/1.66
[214.781s][info][gc,mmu      ] GC(455) MMU: 2ms/87.2%, 5ms/94.3%, 10ms/97.1%, 20ms/98.5%, 50ms/99.4%, 100ms/99.7%
[214.781s][info][gc,marking  ] GC(455) Mark: 2 stripe(s), 1 proactive flush(es), 1 terminate flush(es), 0 completion(s), 0 continuation(s) 
[214.781s][info][gc,marking  ] GC(455) Mark Stack Usage: 32M
[214.781s][info][gc,nmethod  ] GC(455) NMethods: 449 registered, 26 unregistered
[214.781s][info][gc,metaspace] GC(455) Metaspace: 0M used, 0M committed, 1088M reserved
[214.781s][info][gc,ref      ] GC(455) Soft: 2 encountered, 0 discovered, 0 enqueued
[214.781s][info][gc,ref      ] GC(455) Weak: 9 encountered, 0 discovered, 0 enqueued
[214.781s][info][gc,ref      ] GC(455) Final: 0 encountered, 0 discovered, 0 enqueued
[214.781s][info][gc,ref      ] GC(455) Phantom: 3 encountered, 1 discovered, 0 enqueued
[214.781s][info][gc,reloc    ] GC(455) Small Pages: 4 / 8M, Empty: 0M, Relocated: 0M, In-Place: 0
[214.781s][info][gc,reloc    ] GC(455) Medium Pages: 0 / 0M, Empty: 0M, Relocated: 0M, In-Place: 0
[214.781s][info][gc,reloc    ] GC(455) Large Pages: 0 / 0M, Empty: 0M, Relocated: 0M, In-Place: 0
[214.781s][info][gc,reloc    ] GC(455) Forwarding Usage: 0M
[214.781s][info][gc,heap     ] GC(455) Min Capacity: 8192M(100%)
[214.781s][info][gc,heap     ] GC(455) Max Capacity: 8192M(100%)
[214.781s][info][gc,heap     ] GC(455) Soft Max Capacity: 8192M(100%)
[214.781s][info][gc,heap     ] GC(455)                Mark Start          Mark End        Relocate Start      Relocate End           High               Low         
[214.781s][info][gc,heap     ] GC(455)  Capacity:     8192M (100%)       8192M (100%)       8192M (100%)       8192M (100%)       8192M (100%)       8192M (100%)   
[214.781s][info][gc,heap     ] GC(455)      Free:     8184M (100%)       8184M (100%)       8184M (100%)       8186M (100%)       8186M (100%)       8178M (100%)   
[214.782s][info][gc,heap     ] GC(455)      Used:        8M (0%)            8M (0%)            8M (0%)            6M (0%)           14M (0%)            6M (0%)     
[214.782s][info][gc,heap     ] GC(455)      Live:         -                 0M (0%)            0M (0%)            0M (0%)             -                  -          
[214.782s][info][gc,heap     ] GC(455) Allocated:         -                 0M (0%)            0M (0%)            0M (0%)             -                  -          
[214.782s][info][gc,heap     ] GC(455)   Garbage:         -                 7M (0%)            7M (0%)            5M (0%)             -                  -          
[214.782s][info][gc,heap     ] GC(455) Reclaimed:         -                  -                 0M (0%)            2M (0%)             -                  -          
[214.782s][info][gc          ] GC(455) Garbage Collection (System.gc()) 8M(0%)->6M(0%)
[215.246s][info][gc,start    ] GC(456) Garbage Collection (System.gc())
[215.246s][info][gc,task     ] GC(456) Using 3 workers
[215.247s][info][gc,phases   ] GC(456) Pause Mark Start 0.014ms
[215.250s][info][gc,phases   ] GC(456) Concurrent Mark 2.926ms
[215.250s][info][gc,phases   ] GC(456) Pause Mark End 0.011ms
[215.250s][info][gc,phases   ] GC(456) Concurrent Mark Free 0.001ms
[215.252s][info][gc,phases   ] GC(456) Concurrent Process Non-Strong References 1.763ms
[215.252s][info][gc,phases   ] GC(456) Concurrent Reset Relocation Set 0.002ms
[215.256s][info][gc,phases   ] GC(456) Concurrent Select Relocation Set 4.216ms
[215.256s][info][gc,phases   ] GC(456) Pause Relocate Start 0.006ms
[215.257s][info][gc,phases   ] GC(456) Concurrent Relocate 0.652ms
[215.257s][info][gc,load     ] GC(456) Load: 2.92/1.88/1.74
[215.257s][info][gc,mmu      ] GC(456) MMU: 2ms/87.2%, 5ms/94.3%, 10ms/97.1%, 20ms/98.5%, 50ms/99.4%, 100ms/99.7%
[215.257s][info][gc,marking  ] GC(456) Mark: 2 stripe(s), 2 proactive flush(es), 1 terminate flush(es), 0 completion(s), 0 continuation(s) 
[215.257s][info][gc,marking  ] GC(456) Mark Stack Usage: 32M
[215.257s][info][gc,nmethod  ] GC(456) NMethods: 449 registered, 27 unregistered
[215.257s][info][gc,metaspace] GC(456) Metaspace: 0M used, 0M committed, 1088M reserved
[215.257s][info][gc,ref      ] GC(456) Soft: 2 encountered, 0 discovered, 0 enqueued
[215.257s][info][gc,ref      ] GC(456) Weak: 9 encountered, 1 discovered, 0 enqueued
[215.257s][info][gc,ref      ] GC(456) Final: 0 encountered, 0 discovered, 0 enqueued
[215.257s][info][gc,ref      ] GC(456) Phantom: 3 encountered, 2 discovered, 0 enqueued
[215.257s][info][gc,reloc    ] GC(456) Small Pages: 4 / 8M, Empty: 0M, Relocated: 0M, In-Place: 0
[215.257s][info][gc,reloc    ] GC(456) Medium Pages: 0 / 0M, Empty: 0M, Relocated: 0M, In-Place: 0
[215.257s][info][gc,reloc    ] GC(456) Large Pages: 0 / 0M, Empty: 0M, Relocated: 0M, In-Place: 0
[215.257s][info][gc,reloc    ] GC(456) Forwarding Usage: 0M
[215.257s][info][gc,heap     ] GC(456) Min Capacity: 8192M(100%)
[215.257s][info][gc,heap     ] GC(456) Max Capacity: 8192M(100%)
[215.257s][info][gc,heap     ] GC(456) Soft Max Capacity: 8192M(100%)
[215.257s][info][gc,heap     ] GC(456)                Mark Start          Mark End        Relocate Start      Relocate End           High               Low         
[215.257s][info][gc,heap     ] GC(456)  Capacity:     8192M (100%)       8192M (100%)       8192M (100%)       8192M (100%)       8192M (100%)       8192M (100%)   
[215.257s][info][gc,heap     ] GC(456)      Free:     8184M (100%)       8184M (100%)       8184M (100%)       8186M (100%)       8186M (100%)       8178M (100%)   
[215.257s][info][gc,heap     ] GC(456)      Used:        8M (0%)            8M (0%)            8M (0%)            6M (0%)           14M (0%)            6M (0%)     
[215.257s][info][gc,heap     ] GC(456)      Live:         -                 0M (0%)            0M (0%)            0M (0%)             -                  -          
[215.257s][info][gc,heap     ] GC(456) Allocated:         -                 0M (0%)            0M (0%)            0M (0%)             -                  -          
[215.257s][info][gc,heap     ] GC(456)   Garbage:         -                 7M (0%)            7M (0%)            5M (0%)             -                  -          
[215.257s][info][gc,heap     ] GC(456) Reclaimed:         -                  -                 0M (0%)            2M (0%)             -                  -          
[215.257s][info][gc          ] GC(456) Garbage Collection (System.gc()) 8M(0%)->6M(0%)
[215.716s][info][gc,start    ] GC(457) Garbage Collection (System.gc())
[215.716s][info][gc,task     ] GC(457) Using 3 workers
[215.716s][info][gc,phases   ] GC(457) Pause Mark Start 0.006ms
[215.719s][info][gc,phases   ] GC(457) Concurrent Mark 2.760ms
[215.719s][info][gc,phases   ] GC(457) Pause Mark End 0.008ms
[215.719s][info][gc,phases   ] GC(457) Concurrent Mark Free 0.001ms
[215.721s][info][gc,phases   ] GC(457) Concurrent Process Non-Strong References 1.886ms
[215.721s][info][gc,phases   ] GC(457) Concurrent Reset Relocation Set 0.003ms
[215.725s][info][gc,phases   ] GC(457) Concurrent Select Relocation Set 4.071ms
[215.725s][info][gc,phases   ] GC(457) Pause Relocate Start 0.008ms
[215.726s][info][gc,phases   ] GC(457) Concurrent Relocate 0.662ms
[215.726s][info][gc,load     ] GC(457) Load: 2.92/1.88/1.74
[215.726s][info][gc,mmu      ] GC(457) MMU: 2ms/87.2%, 5ms/94.3%, 10ms/97.1%, 20ms/98.5%, 50ms/99.4%, 100ms/99.7%
[215.726s][info][gc,marking  ] GC(457) Mark: 2 stripe(s), 1 proactive flush(es), 1 terminate flush(es), 0 completion(s), 0 continuation(s) 
[215.726s][info][gc,marking  ] GC(457) Mark Stack Usage: 32M
[215.726s][info][gc,nmethod  ] GC(457) NMethods: 449 registered, 27 unregistered
[215.726s][info][gc,metaspace] GC(457) Metaspace: 0M used, 0M committed, 1088M reserved
[215.726s][info][gc,ref      ] GC(457) Soft: 2 encountered, 0 discovered, 0 enqueued
[215.726s][info][gc,ref      ] GC(457) Weak: 9 encountered, 0 discovered, 0 enqueued
[215.726s][info][gc,ref      ] GC(457) Final: 0 encountered, 0 discovered, 0 enqueued
[215.726s][info][gc,ref      ] GC(457) Phantom: 3 encountered, 2 discovered, 0 enqueued
[215.726s][info][gc,reloc    ] GC(457) Small Pages: 4 / 8M, Empty: 0M, Relocated: 0M, In-Place: 0
[215.726s][info][gc,reloc    ] GC(457) Medium Pages: 0 / 0M, Empty: 0M, Relocated: 0M, In-Place: 0
[215.726s][info][gc,reloc    ] GC(457) Large Pages: 0 / 0M, Empty: 0M, Relocated: 0M, In-Place: 0
[215.726s][info][gc,reloc    ] GC(457) Forwarding Usage: 0M
[215.726s][info][gc,heap     ] GC(457) Min Capacity: 8192M(100%)
[215.726s][info][gc,heap     ] GC(457) Max Capacity: 8192M(100%)
[215.726s][info][gc,heap     ] GC(457) Soft Max Capacity: 8192M(100%)
[215.726s][info][gc,heap     ] GC(457)                Mark Start          Mark End        Relocate Start      Relocate End           High               Low         
[215.726s][info][gc,heap     ] GC(457)  Capacity:     8192M (100%)       8192M (100%)       8192M (100%)       8192M (100%)       8192M (100%)       8192M (100%)   
[215.726s][info][gc,heap     ] GC(457)      Free:     8184M (100%)       8184M (100%)       8184M (100%)       8186M (100%)       8186M (100%)       8178M (100%)   
[215.726s][info][gc,heap     ] GC(457)      Used:        8M (0%)            8M (0%)            8M (0%)            6M (0%)           14M (0%)            6M (0%)     
[215.726s][info][gc,heap     ] GC(457)      Live:         -                 0M (0%)            0M (0%)            0M (0%)             -                  -          
[215.726s][info][gc,heap     ] GC(457) Allocated:         -                 0M (0%)            0M (0%)            0M (0%)             -                  -          
[215.726s][info][gc,heap     ] GC(457)   Garbage:         -                 7M (0%)            7M (0%)            5M (0%)             -                  -          
[215.726s][info][gc,heap     ] GC(457) Reclaimed:         -                  -                 0M (0%)            2M (0%)             -                  -          
[215.726s][info][gc          ] GC(457) Garbage Collection (System.gc()) 8M(0%)->6M(0%)
[216.180s][info][gc,start    ] GC(458) Garbage Collection (System.gc())
[216.180s][info][gc,task     ] GC(458) Using 3 workers
[216.180s][info][gc,phases   ] GC(458) Pause Mark Start 0.013ms
[216.192s][info][gc,phases   ] GC(458) Concurrent Mark 11.457ms
[216.192s][info][gc,phases   ] GC(458) Pause Mark End 0.016ms
[216.192s][info][gc,phases   ] GC(458) Concurrent Mark Free 0.000ms
[216.192s][info][gc,phases   ] GC(458) Concurrent Process Non-Strong References 0.538ms
[216.192s][info][gc,phases   ] GC(458) Concurrent Reset Relocation Set 0.002ms
[216.196s][info][gc,phases   ] GC(458) Concurrent Select Relocation Set 3.395ms
[216.196s][info][gc,phases   ] GC(458) Pause Relocate Start 0.005ms
[216.196s][info][gc,phases   ] GC(458) Concurrent Relocate 0.517ms
[216.196s][info][gc,load     ] GC(458) Load: 2.92/1.88/1.74
[216.196s][info][gc,mmu      ] GC(458) MMU: 2ms/87.2%, 5ms/94.3%, 10ms/97.1%, 20ms/98.5%, 50ms/99.4%, 100ms/99.7%
[216.196s][info][gc,marking  ] GC(458) Mark: 2 stripe(s), 1 proactive flush(es), 1 terminate flush(es), 0 completion(s), 0 continuation(s) 
[216.196s][info][gc,marking  ] GC(458) Mark Stack Usage: 32M
[216.196s][info][gc,nmethod  ] GC(458) NMethods: 449 registered, 27 unregistered
[216.196s][info][gc,metaspace] GC(458) Metaspace: 0M used, 0M committed, 1088M reserved
[216.196s][info][gc,ref      ] GC(458) Soft: 2 encountered, 0 discovered, 0 enqueued
[216.196s][info][gc,ref      ] GC(458) Weak: 9 encountered, 0 discovered, 0 enqueued
[216.196s][info][gc,ref      ] GC(458) Final: 0 encountered, 0 discovered, 0 enqueued
[216.196s][info][gc,ref      ] GC(458) Phantom: 3 encountered, 1 discovered, 0 enqueued
[216.196s][info][gc,reloc    ] GC(458) Small Pages: 4 / 8M, Empty: 0M, Relocated: 0M, In-Place: 0
[216.196s][info][gc,reloc    ] GC(458) Medium Pages: 0 / 0M, Empty: 0M, Relocated: 0M, In-Place: 0
[216.196s][info][gc,reloc    ] GC(458) Large Pages: 0 / 0M, Empty: 0M, Relocated: 0M, In-Place: 0
[216.196s][info][gc,reloc    ] GC(458) Forwarding Usage: 0M
[216.196s][info][gc,heap     ] GC(458) Min Capacity: 8192M(100%)
[216.196s][info][gc,heap     ] GC(458) Max Capacity: 8192M(100%)
[216.196s][info][gc,heap     ] GC(458) Soft Max Capacity: 8192M(100%)
[216.196s][info][gc,heap     ] GC(458)                Mark Start          Mark End        Relocate Start      Relocate End           High               Low         
[216.196s][info][gc,heap     ] GC(458)  Capacity:     8192M (100%)       8192M (100%)       8192M (100%)       8192M (100%)       8192M (100%)       8192M (100%)   
[216.196s][info][gc,heap     ] GC(458)      Free:     8184M (100%)       8184M (100%)       8184M (100%)       8186M (100%)       8186M (100%)       8178M (100%)   
[216.196s][info][gc,heap     ] GC(458)      Used:        8M (0%)            8M (0%)            8M (0%)            6M (0%)           14M (0%)            6M (0%)     
[216.196s][info][gc,heap     ] GC(458)      Live:         -                 0M (0%)            0M (0%)            0M (0%)             -                  -          
[216.196s][info][gc,heap     ] GC(458) Allocated:         -                 0M (0%)            0M (0%)            0M (0%)             -                  -          
[216.196s][info][gc,heap     ] GC(458)   Garbage:         -                 7M (0%)            7M (0%)            5M (0%)             -                  -          
[216.196s][info][gc,heap     ] GC(458) Reclaimed:         -                  -                 0M (0%)            2M (0%)             -                  -          
[216.196s][info][gc          ] GC(458) Garbage Collection (System.gc()) 8M(0%)->6M(0%)
[216.650s][info][gc,start    ] GC(459) Garbage Collection (System.gc())
[216.650s][info][gc,task     ] GC(459) Using 3 workers
[216.650s][info][gc,phases   ] GC(459) Pause Mark Start 0.013ms
[216.655s][info][gc,phases   ] GC(459) Concurrent Mark 4.503ms
[216.655s][info][gc,phases   ] GC(459) Pause Mark End 0.022ms
[216.655s][info][gc,phases   ] GC(459) Concurrent Mark Free 0.001ms
[216.667s][info][gc,phases   ] GC(459) Concurrent Process Non-Strong References 11.942ms
[216.667s][info][gc,phases   ] GC(459) Concurrent Reset Relocation Set 0.002ms
[216.671s][info][gc,phases   ] GC(459) Concurrent Select Relocation Set 3.582ms
[216.671s][info][gc,phases   ] GC(459) Pause Relocate Start 0.006ms
[216.672s][info][gc,phases   ] GC(459) Concurrent Relocate 0.601ms
[216.672s][info][gc,load     ] GC(459) Load: 2.92/1.88/1.74
[216.672s][info][gc,mmu      ] GC(459) MMU: 2ms/87.2%, 5ms/94.3%, 10ms/97.1%, 20ms/98.5%, 50ms/99.4%, 100ms/99.7%
[216.672s][info][gc,marking  ] GC(459) Mark: 2 stripe(s), 1 proactive flush(es), 1 terminate flush(es), 0 completion(s), 0 continuation(s) 
[216.672s][info][gc,marking  ] GC(459) Mark Stack Usage: 32M
[216.672s][info][gc,nmethod  ] GC(459) NMethods: 449 registered, 27 unregistered
[216.672s][info][gc,metaspace] GC(459) Metaspace: 0M used, 0M committed, 1088M reserved
[216.672s][info][gc,ref      ] GC(459) Soft: 2 encountered, 0 discovered, 0 enqueued
[216.672s][info][gc,ref      ] GC(459) Weak: 9 encountered, 0 discovered, 0 enqueued
[216.672s][info][gc,ref      ] GC(459) Final: 0 encountered, 0 discovered, 0 enqueued
[216.672s][info][gc,ref      ] GC(459) Phantom: 3 encountered, 1 discovered, 0 enqueued
[216.672s][info][gc,reloc    ] GC(459) Small Pages: 4 / 8M, Empty: 0M, Relocated: 0M, In-Place: 0
[216.672s][info][gc,reloc    ] GC(459) Medium Pages: 0 / 0M, Empty: 0M, Relocated: 0M, In-Place: 0
[216.672s][info][gc,reloc    ] GC(459) Large Pages: 0 / 0M, Empty: 0M, Relocated: 0M, In-Place: 0
[216.672s][info][gc,reloc    ] GC(459) Forwarding Usage: 0M
[216.672s][info][gc,heap     ] GC(459) Min Capacity: 8192M(100%)
[216.672s][info][gc,heap     ] GC(459) Max Capacity: 8192M(100%)
[216.672s][info][gc,heap     ] GC(459) Soft Max Capacity: 8192M(100%)
[216.672s][info][gc,heap     ] GC(459)                Mark Start          Mark End        Relocate Start      Relocate End           High               Low         
[216.672s][info][gc,heap     ] GC(459)  Capacity:     8192M (100%)       8192M (100%)       8192M (100%)       8192M (100%)       8192M (100%)       8192M (100%)   
[216.672s][info][gc,heap     ] GC(459)      Free:     8184M (100%)       8184M (100%)       8184M (100%)       8186M (100%)       8186M (100%)       8178M (100%)   
[216.672s][info][gc,heap     ] GC(459)      Used:        8M (0%)            8M (0%)            8M (0%)            6M (0%)           14M (0%)            6M (0%)     
[216.672s][info][gc,heap     ] GC(459)      Live:         -                 0M (0%)            0M (0%)            0M (0%)             -                  -          
[216.672s][info][gc,heap     ] GC(459) Allocated:         -                 0M (0%)            0M (0%)            0M (0%)             -                  -          
[216.672s][info][gc,heap     ] GC(459)   Garbage:         -                 7M (0%)            7M (0%)            5M (0%)             -                  -          
[216.672s][info][gc,heap     ] GC(459) Reclaimed:         -                  -                 0M (0%)            2M (0%)             -                  -          
[216.672s][info][gc          ] GC(459) Garbage Collection (System.gc()) 8M(0%)->6M(0%)
[217.136s][info][gc,start    ] GC(460) Garbage Collection (System.gc())
[217.136s][info][gc,task     ] GC(460) Using 3 workers
[217.137s][info][gc,phases   ] GC(460) Pause Mark Start 0.013ms
[217.140s][info][gc,phases   ] GC(460) Concurrent Mark 2.568ms
[217.140s][info][gc,phases   ] GC(460) Pause Mark End 0.015ms
[217.140s][info][gc,phases   ] GC(460) Concurrent Mark Free 0.000ms
[217.141s][info][gc,phases   ] GC(460) Concurrent Process Non-Strong References 1.142ms
[217.141s][info][gc,phases   ] GC(460) Concurrent Reset Relocation Set 0.001ms
[217.144s][info][gc,phases   ] GC(460) Concurrent Select Relocation Set 3.537ms
[217.144s][info][gc,phases   ] GC(460) Pause Relocate Start 0.012ms
[217.145s][info][gc,phases   ] GC(460) Concurrent Relocate 0.600ms
[217.145s][info][gc,load     ] GC(460) Load: 2.92/1.88/1.74
[217.145s][info][gc,mmu      ] GC(460) MMU: 2ms/87.2%, 5ms/94.3%, 10ms/97.1%, 20ms/98.5%, 50ms/99.4%, 100ms/99.7%
[217.145s][info][gc,marking  ] GC(460) Mark: 2 stripe(s), 1 proactive flush(es), 1 terminate flush(es), 0 completion(s), 0 continuation(s) 
[217.145s][info][gc,marking  ] GC(460) Mark Stack Usage: 32M
[217.145s][info][gc,nmethod  ] GC(460) NMethods: 449 registered, 27 unregistered
[217.145s][info][gc,metaspace] GC(460) Metaspace: 0M used, 0M committed, 1088M reserved
[217.145s][info][gc,ref      ] GC(460) Soft: 2 encountered, 0 discovered, 0 enqueued
[217.145s][info][gc,ref      ] GC(460) Weak: 9 encountered, 0 discovered, 0 enqueued
[217.145s][info][gc,ref      ] GC(460) Final: 0 encountered, 0 discovered, 0 enqueued
[217.145s][info][gc,ref      ] GC(460) Phantom: 3 encountered, 2 discovered, 0 enqueued
[217.145s][info][gc,reloc    ] GC(460) Small Pages: 4 / 8M, Empty: 0M, Relocated: 0M, In-Place: 0
[217.145s][info][gc,reloc    ] GC(460) Medium Pages: 0 / 0M, Empty: 0M, Relocated: 0M, In-Place: 0
[217.145s][info][gc,reloc    ] GC(460) Large Pages: 0 / 0M, Empty: 0M, Relocated: 0M, In-Place: 0
[217.145s][info][gc,reloc    ] GC(460) Forwarding Usage: 0M
[217.145s][info][gc,heap     ] GC(460) Min Capacity: 8192M(100%)
[217.145s][info][gc,heap     ] GC(460) Max Capacity: 8192M(100%)
[217.145s][info][gc,heap     ] GC(460) Soft Max Capacity: 8192M(100%)
[217.145s][info][gc,heap     ] GC(460)                Mark Start          Mark End        Relocate Start      Relocate End           High               Low         
[217.145s][info][gc,heap     ] GC(460)  Capacity:     8192M (100%)       8192M (100%)       8192M (100%)       8192M (100%)       8192M (100%)       8192M (100%)   
[217.145s][info][gc,heap     ] GC(460)      Free:     8184M (100%)       8184M (100%)       8184M (100%)       8186M (100%)       8186M (100%)       8178M (100%)   
[217.145s][info][gc,heap     ] GC(460)      Used:        8M (0%)            8M (0%)            8M (0%)            6M (0%)           14M (0%)            6M (0%)     
[217.145s][info][gc,heap     ] GC(460)      Live:         -                 0M (0%)            0M (0%)            0M (0%)             -                  -          
[217.145s][info][gc,heap     ] GC(460) Allocated:         -                 0M (0%)            0M (0%)            0M (0%)             -                  -          
[217.145s][info][gc,heap     ] GC(460)   Garbage:         -                 7M (0%)            7M (0%)            5M (0%)             -                  -          
[217.145s][info][gc,heap     ] GC(460) Reclaimed:         -                  -                 0M (0%)            2M (0%)             -                  -          
[217.145s][info][gc          ] GC(460) Garbage Collection (System.gc()) 8M(0%)->6M(0%)
[217.601s][info][gc,start    ] GC(461) Garbage Collection (System.gc())
[217.601s][info][gc,task     ] GC(461) Using 3 workers
[217.601s][info][gc,phases   ] GC(461) Pause Mark Start 0.015ms
[217.614s][info][gc,phases   ] GC(461) Concurrent Mark 12.224ms
[217.614s][info][gc,phases   ] GC(461) Pause Mark End 0.014ms
[217.614s][info][gc,phases   ] GC(461) Concurrent Mark Free 0.000ms
[217.615s][info][gc,phases   ] GC(461) Concurrent Process Non-Strong References 1.120ms
[217.615s][info][gc,phases   ] GC(461) Concurrent Reset Relocation Set 0.001ms
[217.619s][info][gc,phases   ] GC(461) Concurrent Select Relocation Set 3.878ms
[217.619s][info][gc,phases   ] GC(461) Pause Relocate Start 0.005ms
[217.620s][info][gc,phases   ] GC(461) Concurrent Relocate 0.673ms
[217.620s][info][gc,load     ] GC(461) Load: 2.92/1.88/1.74
[217.620s][info][gc,mmu      ] GC(461) MMU: 2ms/87.2%, 5ms/94.3%, 10ms/97.1%, 20ms/98.5%, 50ms/99.4%, 100ms/99.7%
[217.620s][info][gc,marking  ] GC(461) Mark: 2 stripe(s), 1 proactive flush(es), 1 terminate flush(es), 0 completion(s), 0 continuation(s) 
[217.620s][info][gc,marking  ] GC(461) Mark Stack Usage: 32M
[217.620s][info][gc,nmethod  ] GC(461) NMethods: 449 registered, 27 unregistered
[217.620s][info][gc,metaspace] GC(461) Metaspace: 0M used, 0M committed, 1088M reserved
[217.620s][info][gc,ref      ] GC(461) Soft: 2 encountered, 0 discovered, 0 enqueued
[217.620s][info][gc,ref      ] GC(461) Weak: 9 encountered, 0 discovered, 0 enqueued
[217.620s][info][gc,ref      ] GC(461) Final: 0 encountered, 0 discovered, 0 enqueued
[217.620s][info][gc,ref      ] GC(461) Phantom: 3 encountered, 2 discovered, 0 enqueued
[217.620s][info][gc,reloc    ] GC(461) Small Pages: 4 / 8M, Empty: 0M, Relocated: 0M, In-Place: 0
[217.620s][info][gc,reloc    ] GC(461) Medium Pages: 0 / 0M, Empty: 0M, Relocated: 0M, In-Place: 0
[217.620s][info][gc,reloc    ] GC(461) Large Pages: 0 / 0M, Empty: 0M, Relocated: 0M, In-Place: 0
[217.620s][info][gc,reloc    ] GC(461) Forwarding Usage: 0M
[217.620s][info][gc,heap     ] GC(461) Min Capacity: 8192M(100%)
[217.620s][info][gc,heap     ] GC(461) Max Capacity: 8192M(100%)
[217.620s][info][gc,heap     ] GC(461) Soft Max Capacity: 8192M(100%)
[217.620s][info][gc,heap     ] GC(461)                Mark Start          Mark End        Relocate Start      Relocate End           High               Low         
[217.620s][info][gc,heap     ] GC(461)  Capacity:     8192M (100%)       8192M (100%)       8192M (100%)       8192M (100%)       8192M (100%)       8192M (100%)   
[217.620s][info][gc,heap     ] GC(461)      Free:     8184M (100%)       8184M (100%)       8184M (100%)       8186M (100%)       8186M (100%)       8178M (100%)   
[217.620s][info][gc,heap     ] GC(461)      Used:        8M (0%)            8M (0%)            8M (0%)            6M (0%)           14M (0%)            6M (0%)     
[217.620s][info][gc,heap     ] GC(461)      Live:         -                 0M (0%)            0M (0%)            0M (0%)             -                  -          
[217.620s][info][gc,heap     ] GC(461) Allocated:         -                 0M (0%)            0M (0%)            0M (0%)             -                  -          
[217.620s][info][gc,heap     ] GC(461)   Garbage:         -                 7M (0%)            7M (0%)            5M (0%)             -                  -          
[217.620s][info][gc,heap     ] GC(461) Reclaimed:         -                  -                 0M (0%)            2M (0%)             -                  -          
[217.620s][info][gc          ] GC(461) Garbage Collection (System.gc()) 8M(0%)->6M(0%)
[218.075s][info][gc,start    ] GC(462) Garbage Collection (System.gc())
[218.075s][info][gc,task     ] GC(462) Using 3 workers
[218.075s][info][gc,phases   ] GC(462) Pause Mark Start 0.016ms
[218.087s][info][gc,phases   ] GC(462) Concurrent Mark 11.612ms
[218.087s][info][gc,phases   ] GC(462) Pause Mark End 0.011ms
[218.087s][info][gc,phases   ] GC(462) Concurrent Mark Free 0.001ms
[218.088s][info][gc,phases   ] GC(462) Concurrent Process Non-Strong References 0.997ms
[218.088s][info][gc,phases   ] GC(462) Concurrent Reset Relocation Set 0.001ms
[218.093s][info][gc,phases   ] GC(462) Concurrent Select Relocation Set 4.630ms
[218.093s][info][gc,phases   ] GC(462) Pause Relocate Start 0.012ms
[218.093s][info][gc,phases   ] GC(462) Concurrent Relocate 0.705ms
[218.093s][info][gc,load     ] GC(462) Load: 2.92/1.88/1.74
[218.093s][info][gc,mmu      ] GC(462) MMU: 2ms/87.2%, 5ms/94.3%, 10ms/97.1%, 20ms/98.5%, 50ms/99.4%, 100ms/99.7%
[218.093s][info][gc,marking  ] GC(462) Mark: 2 stripe(s), 1 proactive flush(es), 1 terminate flush(es), 0 completion(s), 0 continuation(s) 
[218.093s][info][gc,marking  ] GC(462) Mark Stack Usage: 32M
[218.093s][info][gc,nmethod  ] GC(462) NMethods: 449 registered, 27 unregistered
[218.093s][info][gc,metaspace] GC(462) Metaspace: 0M used, 0M committed, 1088M reserved
[218.093s][info][gc,ref      ] GC(462) Soft: 2 encountered, 0 discovered, 0 enqueued
[218.093s][info][gc,ref      ] GC(462) Weak: 9 encountered, 0 discovered, 0 enqueued
[218.093s][info][gc,ref      ] GC(462) Final: 0 encountered, 0 discovered, 0 enqueued
[218.093s][info][gc,ref      ] GC(462) Phantom: 3 encountered, 2 discovered, 0 enqueued
[218.094s][info][gc,reloc    ] GC(462) Small Pages: 4 / 8M, Empty: 0M, Relocated: 0M, In-Place: 0
[218.094s][info][gc,reloc    ] GC(462) Medium Pages: 0 / 0M, Empty: 0M, Relocated: 0M, In-Place: 0
[218.094s][info][gc,reloc    ] GC(462) Large Pages: 0 / 0M, Empty: 0M, Relocated: 0M, In-Place: 0
[218.094s][info][gc,reloc    ] GC(462) Forwarding Usage: 0M
[218.094s][info][gc,heap     ] GC(462) Min Capacity: 8192M(100%)
[218.094s][info][gc,heap     ] GC(462) Max Capacity: 8192M(100%)
[218.094s][info][gc,heap     ] GC(462) Soft Max Capacity: 8192M(100%)
[218.094s][info][gc,heap     ] GC(462)                Mark Start          Mark End        Relocate Start      Relocate End           High               Low         
[218.094s][info][gc,heap     ] GC(462)  Capacity:     8192M (100%)       8192M (100%)       8192M (100%)       8192M (100%)       8192M (100%)       8192M (100%)   
[218.094s][info][gc,heap     ] GC(462)      Free:     8184M (100%)       8184M (100%)       8184M (100%)       8186M (100%)       8186M (100%)       8178M (100%)   
[218.094s][info][gc,heap     ] GC(462)      Used:        8M (0%)            8M (0%)            8M (0%)            6M (0%)           14M (0%)            6M (0%)     
[218.094s][info][gc,heap     ] GC(462)      Live:         -                 0M (0%)            0M (0%)            0M (0%)             -                  -          
[218.094s][info][gc,heap     ] GC(462) Allocated:         -                 0M (0%)            0M (0%)            0M (0%)             -                  -          
[218.094s][info][gc,heap     ] GC(462)   Garbage:         -                 7M (0%)            7M (0%)            5M (0%)             -                  -          
[218.094s][info][gc,heap     ] GC(462) Reclaimed:         -                  -                 0M (0%)            2M (0%)             -                  -          
[218.094s][info][gc          ] GC(462) Garbage Collection (System.gc()) 8M(0%)->6M(0%)
[218.555s][info][gc,start    ] GC(463) Garbage Collection (System.gc())
[218.556s][info][gc,task     ] GC(463) Using 3 workers
[218.556s][info][gc,phases   ] GC(463) Pause Mark Start 0.013ms
[218.559s][info][gc,phases   ] GC(463) Concurrent Mark 2.406ms
[218.559s][info][gc,phases   ] GC(463) Pause Mark End 0.015ms
[218.559s][info][gc,phases   ] GC(463) Concurrent Mark Free 0.001ms
[218.560s][info][gc,phases   ] GC(463) Concurrent Process Non-Strong References 1.105ms
[218.560s][info][gc,phases   ] GC(463) Concurrent Reset Relocation Set 0.001ms
[218.563s][info][gc,phases   ] GC(463) Concurrent Select Relocation Set 3.042ms
[218.563s][info][gc,phases   ] GC(463) Pause Relocate Start 0.007ms
[218.564s][info][gc,phases   ] GC(463) Concurrent Relocate 0.561ms
[218.564s][info][gc,load     ] GC(463) Load: 2.92/1.88/1.74
[218.564s][info][gc,mmu      ] GC(463) MMU: 2ms/87.2%, 5ms/94.3%, 10ms/97.1%, 20ms/98.5%, 50ms/99.4%, 100ms/99.7%
[218.564s][info][gc,marking  ] GC(463) Mark: 2 stripe(s), 1 proactive flush(es), 1 terminate flush(es), 0 completion(s), 0 continuation(s) 
[218.564s][info][gc,marking  ] GC(463) Mark Stack Usage: 32M
[218.564s][info][gc,nmethod  ] GC(463) NMethods: 449 registered, 27 unregistered
[218.564s][info][gc,metaspace] GC(463) Metaspace: 0M used, 0M committed, 1088M reserved
[218.564s][info][gc,ref      ] GC(463) Soft: 2 encountered, 0 discovered, 0 enqueued
[218.564s][info][gc,ref      ] GC(463) Weak: 9 encountered, 0 discovered, 0 enqueued
[218.564s][info][gc,ref      ] GC(463) Final: 0 encountered, 0 discovered, 0 enqueued
[218.564s][info][gc,ref      ] GC(463) Phantom: 3 encountered, 2 discovered, 0 enqueued
[218.564s][info][gc,reloc    ] GC(463) Small Pages: 4 / 8M, Empty: 0M, Relocated: 0M, In-Place: 0
[218.564s][info][gc,reloc    ] GC(463) Medium Pages: 0 / 0M, Empty: 0M, Relocated: 0M, In-Place: 0
[218.564s][info][gc,reloc    ] GC(463) Large Pages: 0 / 0M, Empty: 0M, Relocated: 0M, In-Place: 0
[218.564s][info][gc,reloc    ] GC(463) Forwarding Usage: 0M
[218.564s][info][gc,heap     ] GC(463) Min Capacity: 8192M(100%)
[218.564s][info][gc,heap     ] GC(463) Max Capacity: 8192M(100%)
[218.564s][info][gc,heap     ] GC(463) Soft Max Capacity: 8192M(100%)
[218.564s][info][gc,heap     ] GC(463)                Mark Start          Mark End        Relocate Start      Relocate End           High               Low         
[218.564s][info][gc,heap     ] GC(463)  Capacity:     8192M (100%)       8192M (100%)       8192M (100%)       8192M (100%)       8192M (100%)       8192M (100%)   
[218.564s][info][gc,heap     ] GC(463)      Free:     8184M (100%)       8184M (100%)       8184M (100%)       8186M (100%)       8186M (100%)       8178M (100%)   
[218.564s][info][gc,heap     ] GC(463)      Used:        8M (0%)            8M (0%)            8M (0%)            6M (0%)           14M (0%)            6M (0%)     
[218.564s][info][gc,heap     ] GC(463)      Live:         -                 0M (0%)            0M (0%)            0M (0%)             -                  -          
[218.564s][info][gc,heap     ] GC(463) Allocated:         -                 0M (0%)            0M (0%)            0M (0%)             -                  -          
[218.564s][info][gc,heap     ] GC(463)   Garbage:         -                 7M (0%)            7M (0%)            5M (0%)             -                  -          
[218.564s][info][gc,heap     ] GC(463) Reclaimed:         -                  -                 0M (0%)            2M (0%)             -                  -          
[218.564s][info][gc          ] GC(463) Garbage Collection (System.gc()) 8M(0%)->6M(0%)
[219.017s][info][gc,start    ] GC(464) Garbage Collection (System.gc())
[219.017s][info][gc,task     ] GC(464) Using 3 workers
[219.018s][info][gc,phases   ] GC(464) Pause Mark Start 0.012ms
[219.028s][info][gc,phases   ] GC(464) Concurrent Mark 10.863ms
[219.029s][info][gc,phases   ] GC(464) Pause Mark End 0.026ms
[219.029s][info][gc,phases   ] GC(464) Concurrent Mark Free 0.001ms
[219.030s][info][gc,phases   ] GC(464) Concurrent Process Non-Strong References 1.290ms
[219.030s][info][gc,phases   ] GC(464) Concurrent Reset Relocation Set 0.001ms
[219.035s][info][gc,phases   ] GC(464) Concurrent Select Relocation Set 4.613ms
[219.035s][info][gc,phases   ] GC(464) Pause Relocate Start 0.006ms
[219.036s][info][gc,phases   ] GC(464) Concurrent Relocate 0.732ms
[219.036s][info][gc,load     ] GC(464) Load: 2.92/1.88/1.74
[219.036s][info][gc,mmu      ] GC(464) MMU: 2ms/87.2%, 5ms/94.3%, 10ms/97.1%, 20ms/98.5%, 50ms/99.4%, 100ms/99.7%
[219.036s][info][gc,marking  ] GC(464) Mark: 2 stripe(s), 1 proactive flush(es), 1 terminate flush(es), 0 completion(s), 0 continuation(s) 
[219.036s][info][gc,marking  ] GC(464) Mark Stack Usage: 32M
[219.036s][info][gc,nmethod  ] GC(464) NMethods: 449 registered, 27 unregistered
[219.036s][info][gc,metaspace] GC(464) Metaspace: 0M used, 0M committed, 1088M reserved
[219.036s][info][gc,ref      ] GC(464) Soft: 2 encountered, 0 discovered, 0 enqueued
[219.036s][info][gc,ref      ] GC(464) Weak: 9 encountered, 0 discovered, 0 enqueued
[219.036s][info][gc,ref      ] GC(464) Final: 0 encountered, 0 discovered, 0 enqueued
[219.036s][info][gc,ref      ] GC(464) Phantom: 3 encountered, 2 discovered, 0 enqueued
[219.036s][info][gc,reloc    ] GC(464) Small Pages: 4 / 8M, Empty: 0M, Relocated: 0M, In-Place: 0
[219.036s][info][gc,reloc    ] GC(464) Medium Pages: 0 / 0M, Empty: 0M, Relocated: 0M, In-Place: 0
[219.036s][info][gc,reloc    ] GC(464) Large Pages: 0 / 0M, Empty: 0M, Relocated: 0M, In-Place: 0
[219.036s][info][gc,reloc    ] GC(464) Forwarding Usage: 0M
[219.036s][info][gc,heap     ] GC(464) Min Capacity: 8192M(100%)
[219.036s][info][gc,heap     ] GC(464) Max Capacity: 8192M(100%)
[219.036s][info][gc,heap     ] GC(464) Soft Max Capacity: 8192M(100%)
[219.036s][info][gc,heap     ] GC(464)                Mark Start          Mark End        Relocate Start      Relocate End           High               Low         
[219.036s][info][gc,heap     ] GC(464)  Capacity:     8192M (100%)       8192M (100%)       8192M (100%)       8192M (100%)       8192M (100%)       8192M (100%)   
[219.036s][info][gc,heap     ] GC(464)      Free:     8184M (100%)       8184M (100%)       8184M (100%)       8186M (100%)       8186M (100%)       8178M (100%)   
[219.036s][info][gc,heap     ] GC(464)      Used:        8M (0%)            8M (0%)            8M (0%)            6M (0%)           14M (0%)            6M (0%)     
[219.036s][info][gc,heap     ] GC(464)      Live:         -                 0M (0%)            0M (0%)            0M (0%)             -                  -          
[219.036s][info][gc,heap     ] GC(464) Allocated:         -                 0M (0%)            0M (0%)            0M (0%)             -                  -          
[219.036s][info][gc,heap     ] GC(464)   Garbage:         -                 7M (0%)            7M (0%)            5M (0%)             -                  -          
[219.036s][info][gc,heap     ] GC(464) Reclaimed:         -                  -                 0M (0%)            2M (0%)             -                  -          
[219.036s][info][gc          ] GC(464) Garbage Collection (System.gc()) 8M(0%)->6M(0%)
[219.502s][info][gc,start    ] GC(465) Garbage Collection (System.gc())
[219.502s][info][gc,task     ] GC(465) Using 3 workers
[219.502s][info][gc,phases   ] GC(465) Pause Mark Start 0.014ms
[219.505s][info][gc,phases   ] GC(465) Concurrent Mark 2.752ms
[219.505s][info][gc,phases   ] GC(465) Pause Mark End 0.016ms
[219.505s][info][gc,phases   ] GC(465) Concurrent Mark Free 0.000ms
[219.506s][info][gc,phases   ] GC(465) Concurrent Process Non-Strong References 0.485ms
[219.506s][info][gc,phases   ] GC(465) Concurrent Reset Relocation Set 0.001ms
[219.510s][info][gc,phases   ] GC(465) Concurrent Select Relocation Set 4.117ms
[219.510s][info][gc,phases   ] GC(465) Pause Relocate Start 0.011ms
[219.511s][info][gc,phases   ] GC(465) Concurrent Relocate 0.707ms
[219.511s][info][gc,load     ] GC(465) Load: 2.92/1.88/1.74
[219.511s][info][gc,mmu      ] GC(465) MMU: 2ms/87.2%, 5ms/94.3%, 10ms/97.1%, 20ms/98.5%, 50ms/99.4%, 100ms/99.7%
[219.511s][info][gc,marking  ] GC(465) Mark: 2 stripe(s), 1 proactive flush(es), 1 terminate flush(es), 0 completion(s), 0 continuation(s) 
[219.511s][info][gc,marking  ] GC(465) Mark Stack Usage: 32M
[219.511s][info][gc,nmethod  ] GC(465) NMethods: 449 registered, 27 unregistered
[219.511s][info][gc,metaspace] GC(465) Metaspace: 0M used, 0M committed, 1088M reserved
[219.511s][info][gc,ref      ] GC(465) Soft: 2 encountered, 0 discovered, 0 enqueued
[219.511s][info][gc,ref      ] GC(465) Weak: 9 encountered, 0 discovered, 0 enqueued
[219.511s][info][gc,ref      ] GC(465) Final: 0 encountered, 0 discovered, 0 enqueued
[219.511s][info][gc,ref      ] GC(465) Phantom: 3 encountered, 1 discovered, 0 enqueued
[219.511s][info][gc,reloc    ] GC(465) Small Pages: 4 / 8M, Empty: 0M, Relocated: 0M, In-Place: 0
[219.511s][info][gc,reloc    ] GC(465) Medium Pages: 0 / 0M, Empty: 0M, Relocated: 0M, In-Place: 0
[219.511s][info][gc,reloc    ] GC(465) Large Pages: 0 / 0M, Empty: 0M, Relocated: 0M, In-Place: 0
[219.511s][info][gc,reloc    ] GC(465) Forwarding Usage: 0M
[219.511s][info][gc,heap     ] GC(465) Min Capacity: 8192M(100%)
[219.511s][info][gc,heap     ] GC(465) Max Capacity: 8192M(100%)
[219.511s][info][gc,heap     ] GC(465) Soft Max Capacity: 8192M(100%)
[219.511s][info][gc,heap     ] GC(465)                Mark Start          Mark End        Relocate Start      Relocate End           High               Low         
[219.511s][info][gc,heap     ] GC(465)  Capacity:     8192M (100%)       8192M (100%)       8192M (100%)       8192M (100%)       8192M (100%)       8192M (100%)   
[219.511s][info][gc,heap     ] GC(465)      Free:     8184M (100%)       8184M (100%)       8184M (100%)       8186M (100%)       8186M (100%)       8178M (100%)   
[219.511s][info][gc,heap     ] GC(465)      Used:        8M (0%)            8M (0%)            8M (0%)            6M (0%)           14M (0%)            6M (0%)     
[219.511s][info][gc,heap     ] GC(465)      Live:         -                 0M (0%)            0M (0%)            0M (0%)             -                  -          
[219.511s][info][gc,heap     ] GC(465) Allocated:         -                 0M (0%)            0M (0%)            0M (0%)             -                  -          
[219.511s][info][gc,heap     ] GC(465)   Garbage:         -                 7M (0%)            7M (0%)            5M (0%)             -                  -          
[219.511s][info][gc,heap     ] GC(465) Reclaimed:         -                  -                 0M (0%)            2M (0%)             -                  -          
[219.511s][info][gc          ] GC(465) Garbage Collection (System.gc()) 8M(0%)->6M(0%)
[219.966s][info][gc,start    ] GC(466) Garbage Collection (System.gc())
[219.966s][info][gc,task     ] GC(466) Using 3 workers
[219.966s][info][gc,phases   ] GC(466) Pause Mark Start 0.012ms
[219.970s][info][gc,phases   ] GC(466) Concurrent Mark 3.276ms
[219.970s][info][gc,phases   ] GC(466) Pause Mark End 0.022ms
[219.979s][info][gc,phases   ] GC(466) Concurrent Mark Free 0.003ms
[219.982s][info][gc,phases   ] GC(466) Concurrent Process Non-Strong References 2.986ms
[219.982s][info][gc,phases   ] GC(466) Concurrent Reset Relocation Set 0.003ms
[219.985s][info][gc,phases   ] GC(466) Concurrent Select Relocation Set 3.500ms
[219.985s][info][gc,phases   ] GC(466) Pause Relocate Start 0.007ms
[219.986s][info][gc,phases   ] GC(466) Concurrent Relocate 0.594ms
[219.986s][info][gc,load     ] GC(466) Load: 2.92/1.88/1.74
[219.986s][info][gc,mmu      ] GC(466) MMU: 2ms/87.2%, 5ms/94.3%, 10ms/97.1%, 20ms/98.5%, 50ms/99.4%, 100ms/99.7%
[219.986s][info][gc,marking  ] GC(466) Mark: 2 stripe(s), 1 proactive flush(es), 1 terminate flush(es), 0 completion(s), 0 continuation(s) 
[219.986s][info][gc,marking  ] GC(466) Mark Stack Usage: 32M
[219.986s][info][gc,nmethod  ] GC(466) NMethods: 449 registered, 27 unregistered
[219.986s][info][gc,metaspace] GC(466) Metaspace: 0M used, 0M committed, 1088M reserved
[219.986s][info][gc,ref      ] GC(466) Soft: 2 encountered, 0 discovered, 0 enqueued
[219.986s][info][gc,ref      ] GC(466) Weak: 9 encountered, 0 discovered, 0 enqueued
[219.986s][info][gc,ref      ] GC(466) Final: 0 encountered, 0 discovered, 0 enqueued
[219.986s][info][gc,ref      ] GC(466) Phantom: 3 encountered, 1 discovered, 0 enqueued
[219.986s][info][gc,reloc    ] GC(466) Small Pages: 4 / 8M, Empty: 0M, Relocated: 0M, In-Place: 0
[219.986s][info][gc,reloc    ] GC(466) Medium Pages: 0 / 0M, Empty: 0M, Relocated: 0M, In-Place: 0
[219.986s][info][gc,reloc    ] GC(466) Large Pages: 0 / 0M, Empty: 0M, Relocated: 0M, In-Place: 0
[219.986s][info][gc,reloc    ] GC(466) Forwarding Usage: 0M
[219.986s][info][gc,heap     ] GC(466) Min Capacity: 8192M(100%)
[219.986s][info][gc,heap     ] GC(466) Max Capacity: 8192M(100%)
[219.986s][info][gc,heap     ] GC(466) Soft Max Capacity: 8192M(100%)
[219.986s][info][gc,heap     ] GC(466)                Mark Start          Mark End        Relocate Start      Relocate End           High               Low         
[219.986s][info][gc,heap     ] GC(466)  Capacity:     8192M (100%)       8192M (100%)       8192M (100%)       8192M (100%)       8192M (100%)       8192M (100%)   
[219.986s][info][gc,heap     ] GC(466)      Free:     8184M (100%)       8184M (100%)       8184M (100%)       8186M (100%)       8186M (100%)       8178M (100%)   
[219.986s][info][gc,heap     ] GC(466)      Used:        8M (0%)            8M (0%)            8M (0%)            6M (0%)           14M (0%)            6M (0%)     
[219.986s][info][gc,heap     ] GC(466)      Live:         -                 0M (0%)            0M (0%)            0M (0%)             -                  -          
[219.986s][info][gc,heap     ] GC(466) Allocated:         -                 0M (0%)            0M (0%)            0M (0%)             -                  -          
[219.986s][info][gc,heap     ] GC(466)   Garbage:         -                 7M (0%)            7M (0%)            5M (0%)             -                  -          
[219.986s][info][gc,heap     ] GC(466) Reclaimed:         -                  -                 0M (0%)            2M (0%)             -                  -          
[219.986s][info][gc          ] GC(466) Garbage Collection (System.gc()) 8M(0%)->6M(0%)
[220.014s][info][gc,stats    ] === Garbage Collection Statistics =======================================================================================================================
[220.014s][info][gc,stats    ]                                                              Last 10s              Last 10m              Last 10h                Total
[220.014s][info][gc,stats    ]                                                              Avg / Max             Avg / Max             Avg / Max             Avg / Max
[220.014s][info][gc,stats    ]   Collector: Garbage Collection Cycle                     13.805 / 21.607       13.910 / 27.701       13.910 / 27.701       13.910 / 27.701      ms
[220.014s][info][gc,stats    ]  Contention: Mark Segment Reset Contention                     0 / 1                 0 / 4                 0 / 4                 0 / 4           ops/s
[220.014s][info][gc,stats    ]  Contention: Mark SeqNum Reset Contention                      0 / 1                 0 / 3                 0 / 3                 0 / 3           ops/s
[220.014s][info][gc,stats    ]    Critical: Allocation Stall                                  0 / 0                 0 / 0                 0 / 0                 0 / 0           ops/s
[220.014s][info][gc,stats    ]    Critical: Allocation Stall                              0.000 / 0.000         0.000 / 0.000         0.000 / 0.000         0.000 / 0.000       ms
[220.014s][info][gc,stats    ]    Critical: GC Locker Stall                                   0 / 0                 0 / 0                 0 / 0                 0 / 0           ops/s
[220.014s][info][gc,stats    ]    Critical: GC Locker Stall                               0.000 / 0.000         0.000 / 0.000         0.000 / 0.000         0.000 / 0.000       ms
[220.014s][info][gc,stats    ]    Critical: Relocation Stall                                  0 / 0                 0 / 0                 0 / 0                 0 / 0           ops/s
[220.014s][info][gc,stats    ]    Critical: Relocation Stall                              0.000 / 0.000         0.000 / 0.000         0.000 / 0.000         0.000 / 0.000       ms
[220.014s][info][gc,stats    ]      Memory: Allocation Rate                                   4 / 6                 4 / 6                 4 / 6                 4 / 6           MB/s
[220.014s][info][gc,stats    ]      Memory: Defragment                                        0 / 0                 0 / 0                 0 / 0                 0 / 0           ops/s
[220.014s][info][gc,stats    ]      Memory: Out Of Memory                                     0 / 0                 0 / 0                 0 / 0                 0 / 0           ops/s
[220.014s][info][gc,stats    ]      Memory: Page Cache Flush                                  0 / 0                 0 / 0                 0 / 0                 0 / 0           MB/s
[220.014s][info][gc,stats    ]      Memory: Page Cache Hit L1                                 8 / 12                8 / 12                8 / 12                8 / 12          ops/s
[220.014s][info][gc,stats    ]      Memory: Page Cache Hit L2                                 0 / 0                 0 / 0                 0 / 0                 0 / 0           ops/s
[220.014s][info][gc,stats    ]      Memory: Page Cache Hit L3                                 0 / 0                 0 / 6                 0 / 6                 0 / 6           ops/s
[220.014s][info][gc,stats    ]      Memory: Page Cache Miss                                   0 / 0                 0 / 1                 0 / 1                 0 / 1           ops/s
[220.014s][info][gc,stats    ]      Memory: Uncommit                                          0 / 0                 0 / 0                 0 / 0                 0 / 0           MB/s
[220.014s][info][gc,stats    ]      Memory: Undo Object Allocation Failed                     0 / 0                 0 / 0                 0 / 0                 0 / 0           ops/s
[220.014s][info][gc,stats    ]      Memory: Undo Object Allocation Succeeded                  0 / 0                 0 / 0                 0 / 0                 0 / 0           ops/s
[220.014s][info][gc,stats    ]      Memory: Undo Page Allocation                              0 / 0                 0 / 0                 0 / 0                 0 / 0           ops/s
[220.014s][info][gc,stats    ]       Phase: Concurrent Mark                               5.673 / 12.224        5.201 / 15.502        5.201 / 15.502        5.201 / 15.502      ms
[220.014s][info][gc,stats    ]       Phase: Concurrent Mark Continue                      0.000 / 0.000         0.000 / 0.000         0.000 / 0.000         0.000 / 0.000       ms
[220.014s][info][gc,stats    ]       Phase: Concurrent Mark Free                          0.001 / 0.003         0.001 / 0.004         0.001 / 0.004         0.001 / 0.004       ms
[220.014s][info][gc,stats    ]       Phase: Concurrent Process Non-Strong References      2.414 / 11.942        2.079 / 13.093        2.079 / 13.093        2.079 / 13.093      ms
[220.014s][info][gc,stats    ]       Phase: Concurrent Relocate                           0.621 / 0.732         0.635 / 1.182         0.635 / 1.182         0.635 / 1.182       ms
[220.014s][info][gc,stats    ]       Phase: Concurrent Reset Relocation Set               0.002 / 0.003         0.002 / 0.028         0.002 / 0.028         0.002 / 0.028       ms
[220.014s][info][gc,stats    ]       Phase: Concurrent Select Relocation Set              3.866 / 4.715         4.337 / 15.311        4.337 / 15.311        4.337 / 15.311      ms
[220.014s][info][gc,stats    ]       Phase: Pause Mark End                                0.017 / 0.034         0.017 / 0.137         0.017 / 0.137         0.017 / 0.137       ms
[220.014s][info][gc,stats    ]       Phase: Pause Mark Start                              0.017 / 0.066         0.013 / 0.257         0.013 / 0.257         0.013 / 0.257       ms
[220.014s][info][gc,stats    ]       Phase: Pause Relocate Start                          0.007 / 0.012         0.008 / 0.134         0.008 / 0.134         0.008 / 0.134       ms
[220.014s][info][gc,stats    ]    Subphase: Concurrent Classes Purge                      0.027 / 0.134         0.029 / 0.287         0.029 / 0.287         0.029 / 0.287       ms
[220.015s][info][gc,stats    ]    Subphase: Concurrent Classes Unlink                     1.125 / 2.676         1.185 / 11.679        1.185 / 11.679        1.185 / 11.679      ms
[220.015s][info][gc,stats    ]    Subphase: Concurrent Mark                               2.009 / 4.058         2.537 / 11.772        2.537 / 11.772        2.537 / 11.772      ms
[220.015s][info][gc,stats    ]    Subphase: Concurrent Mark Try Flush                     0.070 / 0.891         0.281 / 6.755         0.281 / 6.755         0.281 / 6.755       ms
[220.015s][info][gc,stats    ]    Subphase: Concurrent Mark Try Terminate                 0.734 / 3.188         0.980 / 8.740         0.980 / 8.740         0.980 / 8.740       ms
[220.015s][info][gc,stats    ]    Subphase: Concurrent References Enqueue                 0.000 / 0.001         0.000 / 0.004         0.000 / 0.004         0.000 / 0.004       ms
[220.015s][info][gc,stats    ]    Subphase: Concurrent References Process                 0.837 / 9.008         0.395 / 9.421         0.395 / 9.421         0.395 / 9.421       ms
[220.015s][info][gc,stats    ]    Subphase: Concurrent Roots ClassLoaderDataGraph         0.142 / 0.396         0.140 / 2.621         0.140 / 2.621         0.140 / 2.621       ms
[220.015s][info][gc,stats    ]    Subphase: Concurrent Roots CodeCache                    0.000 / 0.000         0.000 / 0.000         0.000 / 0.000         0.000 / 0.000       ms
[220.015s][info][gc,stats    ]    Subphase: Concurrent Roots JavaThreads                  0.196 / 0.547         0.192 / 1.065         0.192 / 1.065         0.192 / 1.065       ms
[220.015s][info][gc,stats    ]    Subphase: Concurrent Roots OopStorageSet                0.021 / 0.135         0.018 / 1.078         0.018 / 1.078         0.018 / 1.078       ms
[220.015s][info][gc,stats    ]    Subphase: Concurrent Weak Roots OopStorageSet           0.060 / 0.324         0.063 / 0.625         0.063 / 0.625         0.063 / 0.625       ms
[220.015s][info][gc,stats    ]    Subphase: Pause Mark Try Complete                       0.000 / 0.000         0.000 / 0.000         0.000 / 0.000         0.000 / 0.000       ms
[220.015s][info][gc,stats    ]      System: Java Threads                                     10 / 10               10 / 10               10 / 10               10 / 10          threads
[220.015s][info][gc,stats    ] =========================================================================================================================================================
[220.443s][info][gc,start    ] GC(467) Garbage Collection (System.gc())
[220.443s][info][gc,task     ] GC(467) Using 3 workers
[220.444s][info][gc,phases   ] GC(467) Pause Mark Start 0.213ms
[220.457s][info][gc,phases   ] GC(467) Concurrent Mark 13.308ms
[220.458s][info][gc,phases   ] GC(467) Pause Mark End 0.025ms
[220.458s][info][gc,phases   ] GC(467) Concurrent Mark Free 0.001ms
[220.460s][info][gc,phases   ] GC(467) Concurrent Process Non-Strong References 2.654ms
[220.460s][info][gc,phases   ] GC(467) Concurrent Reset Relocation Set 0.001ms
[220.464s][info][gc,phases   ] GC(467) Concurrent Select Relocation Set 3.794ms
[220.464s][info][gc,phases   ] GC(467) Pause Relocate Start 0.016ms
[220.465s][info][gc,phases   ] GC(467) Concurrent Relocate 0.824ms
[220.465s][info][gc,load     ] GC(467) Load: 2.93/1.90/1.75
[220.465s][info][gc,mmu      ] GC(467) MMU: 2ms/87.2%, 5ms/94.3%, 10ms/97.1%, 20ms/98.5%, 50ms/99.4%, 100ms/99.7%
[220.465s][info][gc,marking  ] GC(467) Mark: 2 stripe(s), 1 proactive flush(es), 1 terminate flush(es), 0 completion(s), 0 continuation(s) 
[220.465s][info][gc,marking  ] GC(467) Mark Stack Usage: 32M
[220.465s][info][gc,nmethod  ] GC(467) NMethods: 449 registered, 27 unregistered
[220.465s][info][gc,metaspace] GC(467) Metaspace: 0M used, 0M committed, 1088M reserved
[220.465s][info][gc,ref      ] GC(467) Soft: 2 encountered, 0 discovered, 0 enqueued
[220.465s][info][gc,ref      ] GC(467) Weak: 9 encountered, 0 discovered, 0 enqueued
[220.465s][info][gc,ref      ] GC(467) Final: 0 encountered, 0 discovered, 0 enqueued
[220.465s][info][gc,ref      ] GC(467) Phantom: 3 encountered, 1 discovered, 0 enqueued
[220.465s][info][gc,reloc    ] GC(467) Small Pages: 4 / 8M, Empty: 0M, Relocated: 0M, In-Place: 0
[220.465s][info][gc,reloc    ] GC(467) Medium Pages: 0 / 0M, Empty: 0M, Relocated: 0M, In-Place: 0
[220.465s][info][gc,reloc    ] GC(467) Large Pages: 0 / 0M, Empty: 0M, Relocated: 0M, In-Place: 0
[220.465s][info][gc,reloc    ] GC(467) Forwarding Usage: 0M
[220.465s][info][gc,heap     ] GC(467) Min Capacity: 8192M(100%)
[220.465s][info][gc,heap     ] GC(467) Max Capacity: 8192M(100%)
[220.465s][info][gc,heap     ] GC(467) Soft Max Capacity: 8192M(100%)
[220.465s][info][gc,heap     ] GC(467)                Mark Start          Mark End        Relocate Start      Relocate End           High               Low         
[220.465s][info][gc,heap     ] GC(467)  Capacity:     8192M (100%)       8192M (100%)       8192M (100%)       8192M (100%)       8192M (100%)       8192M (100%)   
[220.465s][info][gc,heap     ] GC(467)      Free:     8184M (100%)       8184M (100%)       8184M (100%)       8186M (100%)       8186M (100%)       8180M (100%)   
[220.465s][info][gc,heap     ] GC(467)      Used:        8M (0%)            8M (0%)            8M (0%)            6M (0%)           12M (0%)            6M (0%)     
[220.465s][info][gc,heap     ] GC(467)      Live:         -                 0M (0%)            0M (0%)            0M (0%)             -                  -          
[220.465s][info][gc,heap     ] GC(467) Allocated:         -                 0M (0%)            0M (0%)            0M (0%)             -                  -          
[220.465s][info][gc,heap     ] GC(467)   Garbage:         -                 7M (0%)            7M (0%)            5M (0%)             -                  -          
[220.465s][info][gc,heap     ] GC(467) Reclaimed:         -                  -                 0M (0%)            2M (0%)             -                  -          
[220.465s][info][gc          ] GC(467) Garbage Collection (System.gc()) 8M(0%)->6M(0%)
[220.921s][info][gc,start    ] GC(468) Garbage Collection (System.gc())
[220.921s][info][gc,task     ] GC(468) Using 3 workers
[220.921s][info][gc,phases   ] GC(468) Pause Mark Start 0.015ms
[220.933s][info][gc,phases   ] GC(468) Concurrent Mark 11.624ms
[220.933s][info][gc,phases   ] GC(468) Pause Mark End 0.026ms
[220.933s][info][gc,phases   ] GC(468) Concurrent Mark Free 0.001ms
[220.934s][info][gc,phases   ] GC(468) Concurrent Process Non-Strong References 0.919ms
[220.934s][info][gc,phases   ] GC(468) Concurrent Reset Relocation Set 0.003ms
[220.938s][info][gc,phases   ] GC(468) Concurrent Select Relocation Set 3.828ms
[220.938s][info][gc,phases   ] GC(468) Pause Relocate Start 0.009ms
[220.939s][info][gc,phases   ] GC(468) Concurrent Relocate 0.566ms
[220.939s][info][gc,load     ] GC(468) Load: 2.93/1.90/1.75
[220.939s][info][gc,mmu      ] GC(468) MMU: 2ms/87.2%, 5ms/94.3%, 10ms/97.1%, 20ms/98.5%, 50ms/99.4%, 100ms/99.7%
[220.939s][info][gc,marking  ] GC(468) Mark: 2 stripe(s), 1 proactive flush(es), 1 terminate flush(es), 0 completion(s), 0 continuation(s) 
[220.939s][info][gc,marking  ] GC(468) Mark Stack Usage: 32M
[220.939s][info][gc,nmethod  ] GC(468) NMethods: 449 registered, 27 unregistered
[220.939s][info][gc,metaspace] GC(468) Metaspace: 0M used, 0M committed, 1088M reserved
[220.939s][info][gc,ref      ] GC(468) Soft: 2 encountered, 0 discovered, 0 enqueued
[220.939s][info][gc,ref      ] GC(468) Weak: 9 encountered, 0 discovered, 0 enqueued
[220.939s][info][gc,ref      ] GC(468) Final: 0 encountered, 0 discovered, 0 enqueued
[220.939s][info][gc,ref      ] GC(468) Phantom: 3 encountered, 2 discovered, 0 enqueued
[220.939s][info][gc,reloc    ] GC(468) Small Pages: 4 / 8M, Empty: 0M, Relocated: 0M, In-Place: 0
[220.939s][info][gc,reloc    ] GC(468) Medium Pages: 0 / 0M, Empty: 0M, Relocated: 0M, In-Place: 0
[220.939s][info][gc,reloc    ] GC(468) Large Pages: 0 / 0M, Empty: 0M, Relocated: 0M, In-Place: 0
[220.939s][info][gc,reloc    ] GC(468) Forwarding Usage: 0M
[220.939s][info][gc,heap     ] GC(468) Min Capacity: 8192M(100%)
[220.939s][info][gc,heap     ] GC(468) Max Capacity: 8192M(100%)
[220.939s][info][gc,heap     ] GC(468) Soft Max Capacity: 8192M(100%)
[220.939s][info][gc,heap     ] GC(468)                Mark Start          Mark End        Relocate Start      Relocate End           High               Low         
[220.939s][info][gc,heap     ] GC(468)  Capacity:     8192M (100%)       8192M (100%)       8192M (100%)       8192M (100%)       8192M (100%)       8192M (100%)   
[220.939s][info][gc,heap     ] GC(468)      Free:     8184M (100%)       8184M (100%)       8184M (100%)       8186M (100%)       8186M (100%)       8178M (100%)   
[220.939s][info][gc,heap     ] GC(468)      Used:        8M (0%)            8M (0%)            8M (0%)            6M (0%)           14M (0%)            6M (0%)     
[220.939s][info][gc,heap     ] GC(468)      Live:         -                 0M (0%)            0M (0%)            0M (0%)             -                  -          
[220.939s][info][gc,heap     ] GC(468) Allocated:         -                 0M (0%)            0M (0%)            0M (0%)             -                  -          
[220.939s][info][gc,heap     ] GC(468)   Garbage:         -                 7M (0%)            7M (0%)            5M (0%)             -                  -          
[220.939s][info][gc,heap     ] GC(468) Reclaimed:         -                  -                 0M (0%)            2M (0%)             -                  -          
[220.939s][info][gc          ] GC(468) Garbage Collection (System.gc()) 8M(0%)->6M(0%)
[221.395s][info][gc,start    ] GC(469) Garbage Collection (System.gc())
[221.395s][info][gc,task     ] GC(469) Using 3 workers
[221.396s][info][gc,phases   ] GC(469) Pause Mark Start 0.014ms
[221.400s][info][gc,phases   ] GC(469) Concurrent Mark 3.945ms
[221.400s][info][gc,phases   ] GC(469) Pause Mark End 0.022ms
[221.401s][info][gc,phases   ] GC(469) Concurrent Mark Free 0.001ms
[221.411s][info][gc,phases   ] GC(469) Concurrent Process Non-Strong References 9.995ms
[221.411s][info][gc,phases   ] GC(469) Concurrent Reset Relocation Set 0.004ms
[221.415s][info][gc,phases   ] GC(469) Concurrent Select Relocation Set 3.923ms
[221.415s][info][gc,phases   ] GC(469) Pause Relocate Start 0.010ms
[221.415s][info][gc,phases   ] GC(469) Concurrent Relocate 0.558ms
[221.415s][info][gc,load     ] GC(469) Load: 2.93/1.90/1.75
[221.415s][info][gc,mmu      ] GC(469) MMU: 2ms/87.2%, 5ms/94.3%, 10ms/97.1%, 20ms/98.5%, 50ms/99.4%, 100ms/99.7%
[221.415s][info][gc,marking  ] GC(469) Mark: 2 stripe(s), 1 proactive flush(es), 1 terminate flush(es), 0 completion(s), 0 continuation(s) 
[221.415s][info][gc,marking  ] GC(469) Mark Stack Usage: 32M
[221.415s][info][gc,nmethod  ] GC(469) NMethods: 449 registered, 27 unregistered
[221.415s][info][gc,metaspace] GC(469) Metaspace: 0M used, 0M committed, 1088M reserved
[221.415s][info][gc,ref      ] GC(469) Soft: 2 encountered, 0 discovered, 0 enqueued
[221.415s][info][gc,ref      ] GC(469) Weak: 9 encountered, 0 discovered, 0 enqueued
[221.415s][info][gc,ref      ] GC(469) Final: 0 encountered, 0 discovered, 0 enqueued
[221.415s][info][gc,ref      ] GC(469) Phantom: 3 encountered, 2 discovered, 0 enqueued
[221.415s][info][gc,reloc    ] GC(469) Small Pages: 4 / 8M, Empty: 0M, Relocated: 0M, In-Place: 0
[221.415s][info][gc,reloc    ] GC(469) Medium Pages: 0 / 0M, Empty: 0M, Relocated: 0M, In-Place: 0
[221.415s][info][gc,reloc    ] GC(469) Large Pages: 0 / 0M, Empty: 0M, Relocated: 0M, In-Place: 0
[221.415s][info][gc,reloc    ] GC(469) Forwarding Usage: 0M
[221.415s][info][gc,heap     ] GC(469) Min Capacity: 8192M(100%)
[221.415s][info][gc,heap     ] GC(469) Max Capacity: 8192M(100%)
[221.415s][info][gc,heap     ] GC(469) Soft Max Capacity: 8192M(100%)
[221.415s][info][gc,heap     ] GC(469)                Mark Start          Mark End        Relocate Start      Relocate End           High               Low         
[221.415s][info][gc,heap     ] GC(469)  Capacity:     8192M (100%)       8192M (100%)       8192M (100%)       8192M (100%)       8192M (100%)       8192M (100%)   
[221.415s][info][gc,heap     ] GC(469)      Free:     8184M (100%)       8184M (100%)       8184M (100%)       8186M (100%)       8186M (100%)       8178M (100%)   
[221.415s][info][gc,heap     ] GC(469)      Used:        8M (0%)            8M (0%)            8M (0%)            6M (0%)           14M (0%)            6M (0%)     
[221.415s][info][gc,heap     ] GC(469)      Live:         -                 0M (0%)            0M (0%)            0M (0%)             -                  -          
[221.415s][info][gc,heap     ] GC(469) Allocated:         -                 0M (0%)            0M (0%)            0M (0%)             -                  -          
[221.415s][info][gc,heap     ] GC(469)   Garbage:         -                 7M (0%)            7M (0%)            5M (0%)             -                  -          
[221.415s][info][gc,heap     ] GC(469) Reclaimed:         -                  -                 0M (0%)            2M (0%)             -                  -          
[221.415s][info][gc          ] GC(469) Garbage Collection (System.gc()) 8M(0%)->6M(0%)
[221.872s][info][gc,start    ] GC(470) Garbage Collection (System.gc())
[221.872s][info][gc,task     ] GC(470) Using 3 workers
[221.872s][info][gc,phases   ] GC(470) Pause Mark Start 0.015ms
[221.878s][info][gc,phases   ] GC(470) Concurrent Mark 5.548ms
[221.878s][info][gc,phases   ] GC(470) Pause Mark End 0.020ms
[221.879s][info][gc,phases   ] GC(470) Concurrent Mark Free 0.002ms
[221.888s][info][gc,phases   ] GC(470) Concurrent Process Non-Strong References 9.820ms
[221.889s][info][gc,phases   ] GC(470) Concurrent Reset Relocation Set 0.003ms
[221.892s][info][gc,phases   ] GC(470) Concurrent Select Relocation Set 3.787ms
[221.892s][info][gc,phases   ] GC(470) Pause Relocate Start 0.021ms
[221.893s][info][gc,phases   ] GC(470) Concurrent Relocate 0.577ms
[221.893s][info][gc,load     ] GC(470) Load: 2.93/1.90/1.75
[221.893s][info][gc,mmu      ] GC(470) MMU: 2ms/87.2%, 5ms/94.3%, 10ms/97.1%, 20ms/98.5%, 50ms/99.4%, 100ms/99.7%
[221.893s][info][gc,marking  ] GC(470) Mark: 2 stripe(s), 1 proactive flush(es), 1 terminate flush(es), 0 completion(s), 0 continuation(s) 
[221.893s][info][gc,marking  ] GC(470) Mark Stack Usage: 32M
[221.893s][info][gc,nmethod  ] GC(470) NMethods: 449 registered, 27 unregistered
[221.893s][info][gc,metaspace] GC(470) Metaspace: 0M used, 0M committed, 1088M reserved
[221.893s][info][gc,ref      ] GC(470) Soft: 2 encountered, 0 discovered, 0 enqueued
[221.893s][info][gc,ref      ] GC(470) Weak: 9 encountered, 0 discovered, 0 enqueued
[221.893s][info][gc,ref      ] GC(470) Final: 0 encountered, 0 discovered, 0 enqueued
[221.893s][info][gc,ref      ] GC(470) Phantom: 3 encountered, 2 discovered, 0 enqueued
[221.893s][info][gc,reloc    ] GC(470) Small Pages: 4 / 8M, Empty: 0M, Relocated: 0M, In-Place: 0
[221.893s][info][gc,reloc    ] GC(470) Medium Pages: 0 / 0M, Empty: 0M, Relocated: 0M, In-Place: 0
[221.893s][info][gc,reloc    ] GC(470) Large Pages: 0 / 0M, Empty: 0M, Relocated: 0M, In-Place: 0
[221.893s][info][gc,reloc    ] GC(470) Forwarding Usage: 0M
[221.893s][info][gc,heap     ] GC(470) Min Capacity: 8192M(100%)
[221.893s][info][gc,heap     ] GC(470) Max Capacity: 8192M(100%)
[221.893s][info][gc,heap     ] GC(470) Soft Max Capacity: 8192M(100%)
[221.893s][info][gc,heap     ] GC(470)                Mark Start          Mark End        Relocate Start      Relocate End           High               Low         
[221.893s][info][gc,heap     ] GC(470)  Capacity:     8192M (100%)       8192M (100%)       8192M (100%)       8192M (100%)       8192M (100%)       8192M (100%)   
[221.893s][info][gc,heap     ] GC(470)      Free:     8184M (100%)       8184M (100%)       8184M (100%)       8186M (100%)       8186M (100%)       8178M (100%)   
[221.893s][info][gc,heap     ] GC(470)      Used:        8M (0%)            8M (0%)            8M (0%)            6M (0%)           14M (0%)            6M (0%)     
[221.893s][info][gc,heap     ] GC(470)      Live:         -                 0M (0%)            0M (0%)            0M (0%)             -                  -          
[221.893s][info][gc,heap     ] GC(470) Allocated:         -                 0M (0%)            0M (0%)            0M (0%)             -                  -          
[221.893s][info][gc,heap     ] GC(470)   Garbage:         -                 7M (0%)            7M (0%)            5M (0%)             -                  -          
[221.893s][info][gc,heap     ] GC(470) Reclaimed:         -                  -                 0M (0%)            2M (0%)             -                  -          
[221.893s][info][gc          ] GC(470) Garbage Collection (System.gc()) 8M(0%)->6M(0%)
[222.350s][info][gc,start    ] GC(471) Garbage Collection (System.gc())
[222.350s][info][gc,task     ] GC(471) Using 3 workers
[222.350s][info][gc,phases   ] GC(471) Pause Mark Start 0.013ms
[222.362s][info][gc,phases   ] GC(471) Concurrent Mark 12.207ms
[222.363s][info][gc,phases   ] GC(471) Pause Mark End 0.028ms
[222.363s][info][gc,phases   ] GC(471) Concurrent Mark Free 0.001ms
[222.364s][info][gc,phases   ] GC(471) Concurrent Process Non-Strong References 1.270ms
[222.364s][info][gc,phases   ] GC(471) Concurrent Reset Relocation Set 0.003ms
[222.368s][info][gc,phases   ] GC(471) Concurrent Select Relocation Set 4.141ms
[222.368s][info][gc,phases   ] GC(471) Pause Relocate Start 0.008ms
[222.369s][info][gc,phases   ] GC(471) Concurrent Relocate 0.547ms
[222.369s][info][gc,load     ] GC(471) Load: 2.93/1.90/1.75
[222.369s][info][gc,mmu      ] GC(471) MMU: 2ms/87.2%, 5ms/94.3%, 10ms/97.1%, 20ms/98.5%, 50ms/99.4%, 100ms/99.7%
[222.369s][info][gc,marking  ] GC(471) Mark: 2 stripe(s), 1 proactive flush(es), 1 terminate flush(es), 0 completion(s), 0 continuation(s) 
[222.369s][info][gc,marking  ] GC(471) Mark Stack Usage: 32M
[222.369s][info][gc,nmethod  ] GC(471) NMethods: 449 registered, 27 unregistered
[222.369s][info][gc,metaspace] GC(471) Metaspace: 0M used, 0M committed, 1088M reserved
[222.369s][info][gc,ref      ] GC(471) Soft: 2 encountered, 0 discovered, 0 enqueued
[222.369s][info][gc,ref      ] GC(471) Weak: 9 encountered, 0 discovered, 0 enqueued
[222.369s][info][gc,ref      ] GC(471) Final: 0 encountered, 0 discovered, 0 enqueued
[222.369s][info][gc,ref      ] GC(471) Phantom: 3 encountered, 1 discovered, 0 enqueued
[222.369s][info][gc,reloc    ] GC(471) Small Pages: 4 / 8M, Empty: 0M, Relocated: 0M, In-Place: 0
[222.369s][info][gc,reloc    ] GC(471) Medium Pages: 0 / 0M, Empty: 0M, Relocated: 0M, In-Place: 0
[222.369s][info][gc,reloc    ] GC(471) Large Pages: 0 / 0M, Empty: 0M, Relocated: 0M, In-Place: 0
[222.369s][info][gc,reloc    ] GC(471) Forwarding Usage: 0M
[222.369s][info][gc,heap     ] GC(471) Min Capacity: 8192M(100%)
[222.369s][info][gc,heap     ] GC(471) Max Capacity: 8192M(100%)
[222.369s][info][gc,heap     ] GC(471) Soft Max Capacity: 8192M(100%)
[222.369s][info][gc,heap     ] GC(471)                Mark Start          Mark End        Relocate Start      Relocate End           High               Low         
[222.369s][info][gc,heap     ] GC(471)  Capacity:     8192M (100%)       8192M (100%)       8192M (100%)       8192M (100%)       8192M (100%)       8192M (100%)   
[222.369s][info][gc,heap     ] GC(471)      Free:     8184M (100%)       8184M (100%)       8184M (100%)       8186M (100%)       8186M (100%)       8178M (100%)   
[222.369s][info][gc,heap     ] GC(471)      Used:        8M (0%)            8M (0%)            8M (0%)            6M (0%)           14M (0%)            6M (0%)     
[222.369s][info][gc,heap     ] GC(471)      Live:         -                 0M (0%)            0M (0%)            0M (0%)             -                  -          
[222.369s][info][gc,heap     ] GC(471) Allocated:         -                 0M (0%)            0M (0%)            0M (0%)             -                  -          
[222.369s][info][gc,heap     ] GC(471)   Garbage:         -                 7M (0%)            7M (0%)            5M (0%)             -                  -          
[222.369s][info][gc,heap     ] GC(471) Reclaimed:         -                  -                 0M (0%)            2M (0%)             -                  -          
[222.369s][info][gc          ] GC(471) Garbage Collection (System.gc()) 8M(0%)->6M(0%)
[222.824s][info][gc,start    ] GC(472) Garbage Collection (System.gc())
[222.824s][info][gc,task     ] GC(472) Using 3 workers
[222.824s][info][gc,phases   ] GC(472) Pause Mark Start 0.014ms
[222.831s][info][gc,phases   ] GC(472) Concurrent Mark 7.091ms
[222.832s][info][gc,phases   ] GC(472) Pause Mark End 0.095ms
[222.832s][info][gc,phases   ] GC(472) Concurrent Mark Free 0.001ms
[222.842s][info][gc,phases   ] GC(472) Concurrent Process Non-Strong References 9.707ms
[222.842s][info][gc,phases   ] GC(472) Concurrent Reset Relocation Set 0.004ms
[222.845s][info][gc,phases   ] GC(472) Concurrent Select Relocation Set 3.742ms
[222.845s][info][gc,phases   ] GC(472) Pause Relocate Start 0.005ms
[222.846s][info][gc,phases   ] GC(472) Concurrent Relocate 0.509ms
[222.846s][info][gc,load     ] GC(472) Load: 2.93/1.90/1.75
[222.846s][info][gc,mmu      ] GC(472) MMU: 2ms/87.2%, 5ms/94.3%, 10ms/97.1%, 20ms/98.5%, 50ms/99.4%, 100ms/99.7%
[222.846s][info][gc,marking  ] GC(472) Mark: 2 stripe(s), 1 proactive flush(es), 1 terminate flush(es), 0 completion(s), 0 continuation(s) 
[222.846s][info][gc,marking  ] GC(472) Mark Stack Usage: 32M
[222.846s][info][gc,nmethod  ] GC(472) NMethods: 449 registered, 27 unregistered
[222.846s][info][gc,metaspace] GC(472) Metaspace: 0M used, 1M committed, 1088M reserved
[222.846s][info][gc,ref      ] GC(472) Soft: 2 encountered, 0 discovered, 0 enqueued
[222.846s][info][gc,ref      ] GC(472) Weak: 9 encountered, 0 discovered, 0 enqueued
[222.846s][info][gc,ref      ] GC(472) Final: 0 encountered, 0 discovered, 0 enqueued
[222.846s][info][gc,ref      ] GC(472) Phantom: 3 encountered, 1 discovered, 0 enqueued
[222.846s][info][gc,reloc    ] GC(472) Small Pages: 4 / 8M, Empty: 0M, Relocated: 0M, In-Place: 0
[222.846s][info][gc,reloc    ] GC(472) Medium Pages: 0 / 0M, Empty: 0M, Relocated: 0M, In-Place: 0
[222.846s][info][gc,reloc    ] GC(472) Large Pages: 0 / 0M, Empty: 0M, Relocated: 0M, In-Place: 0
[222.846s][info][gc,reloc    ] GC(472) Forwarding Usage: 0M
[222.846s][info][gc,heap     ] GC(472) Min Capacity: 8192M(100%)
[222.846s][info][gc,heap     ] GC(472) Max Capacity: 8192M(100%)
[222.846s][info][gc,heap     ] GC(472) Soft Max Capacity: 8192M(100%)
[222.846s][info][gc,heap     ] GC(472)                Mark Start          Mark End        Relocate Start      Relocate End           High               Low         
[222.846s][info][gc,heap     ] GC(472)  Capacity:     8192M (100%)       8192M (100%)       8192M (100%)       8192M (100%)       8192M (100%)       8192M (100%)   
[222.846s][info][gc,heap     ] GC(472)      Free:     8184M (100%)       8184M (100%)       8184M (100%)       8186M (100%)       8186M (100%)       8178M (100%)   
[222.846s][info][gc,heap     ] GC(472)      Used:        8M (0%)            8M (0%)            8M (0%)            6M (0%)           14M (0%)            6M (0%)     
[222.846s][info][gc,heap     ] GC(472)      Live:         -                 0M (0%)            0M (0%)            0M (0%)             -                  -          
[222.846s][info][gc,heap     ] GC(472) Allocated:         -                 0M (0%)            0M (0%)            0M (0%)             -                  -          
[222.846s][info][gc,heap     ] GC(472)   Garbage:         -                 7M (0%)            7M (0%)            5M (0%)             -                  -          
[222.846s][info][gc,heap     ] GC(472) Reclaimed:         -                  -                 0M (0%)            2M (0%)             -                  -          
[222.846s][info][gc          ] GC(472) Garbage Collection (System.gc()) 8M(0%)->6M(0%)
[223.301s][info][gc,start    ] GC(473) Garbage Collection (System.gc())
[223.301s][info][gc,task     ] GC(473) Using 3 workers
[223.302s][info][gc,phases   ] GC(473) Pause Mark Start 0.015ms
[223.308s][info][gc,phases   ] GC(473) Concurrent Mark 6.276ms
[223.308s][info][gc,phases   ] GC(473) Pause Mark End 0.023ms
[223.308s][info][gc,phases   ] GC(473) Concurrent Mark Free 0.001ms
[223.321s][info][gc,phases   ] GC(473) Concurrent Process Non-Strong References 12.477ms
[223.321s][info][gc,phases   ] GC(473) Concurrent Reset Relocation Set 0.001ms
[223.324s][info][gc,phases   ] GC(473) Concurrent Select Relocation Set 3.286ms
[223.324s][info][gc,phases   ] GC(473) Pause Relocate Start 0.007ms
[223.325s][info][gc,phases   ] GC(473) Concurrent Relocate 0.577ms
[223.325s][info][gc,load     ] GC(473) Load: 2.93/1.90/1.75
[223.325s][info][gc,mmu      ] GC(473) MMU: 2ms/87.2%, 5ms/94.3%, 10ms/97.1%, 20ms/98.5%, 50ms/99.4%, 100ms/99.7%
[223.325s][info][gc,marking  ] GC(473) Mark: 2 stripe(s), 1 proactive flush(es), 1 terminate flush(es), 0 completion(s), 0 continuation(s) 
[223.325s][info][gc,marking  ] GC(473) Mark Stack Usage: 32M
[223.325s][info][gc,nmethod  ] GC(473) NMethods: 449 registered, 27 unregistered
[223.325s][info][gc,metaspace] GC(473) Metaspace: 0M used, 0M committed, 1088M reserved
[223.325s][info][gc,ref      ] GC(473) Soft: 2 encountered, 0 discovered, 0 enqueued
[223.325s][info][gc,ref      ] GC(473) Weak: 9 encountered, 0 discovered, 0 enqueued
[223.325s][info][gc,ref      ] GC(473) Final: 0 encountered, 0 discovered, 0 enqueued
[223.325s][info][gc,ref      ] GC(473) Phantom: 3 encountered, 2 discovered, 0 enqueued
[223.325s][info][gc,reloc    ] GC(473) Small Pages: 4 / 8M, Empty: 0M, Relocated: 0M, In-Place: 0
[223.325s][info][gc,reloc    ] GC(473) Medium Pages: 0 / 0M, Empty: 0M, Relocated: 0M, In-Place: 0
[223.325s][info][gc,reloc    ] GC(473) Large Pages: 0 / 0M, Empty: 0M, Relocated: 0M, In-Place: 0
[223.325s][info][gc,reloc    ] GC(473) Forwarding Usage: 0M
[223.325s][info][gc,heap     ] GC(473) Min Capacity: 8192M(100%)
[223.325s][info][gc,heap     ] GC(473) Max Capacity: 8192M(100%)
[223.325s][info][gc,heap     ] GC(473) Soft Max Capacity: 8192M(100%)
[223.325s][info][gc,heap     ] GC(473)                Mark Start          Mark End        Relocate Start      Relocate End           High               Low         
[223.325s][info][gc,heap     ] GC(473)  Capacity:     8192M (100%)       8192M (100%)       8192M (100%)       8192M (100%)       8192M (100%)       8192M (100%)   
[223.325s][info][gc,heap     ] GC(473)      Free:     8184M (100%)       8184M (100%)       8184M (100%)       8186M (100%)       8186M (100%)       8178M (100%)   
[223.325s][info][gc,heap     ] GC(473)      Used:        8M (0%)            8M (0%)            8M (0%)            6M (0%)           14M (0%)            6M (0%)     
[223.325s][info][gc,heap     ] GC(473)      Live:         -                 0M (0%)            0M (0%)            0M (0%)             -                  -          
[223.325s][info][gc,heap     ] GC(473) Allocated:         -                 0M (0%)            0M (0%)            0M (0%)             -                  -          
[223.325s][info][gc,heap     ] GC(473)   Garbage:         -                 7M (0%)            7M (0%)            5M (0%)             -                  -          
[223.325s][info][gc,heap     ] GC(473) Reclaimed:         -                  -                 0M (0%)            2M (0%)             -                  -          
[223.325s][info][gc          ] GC(473) Garbage Collection (System.gc()) 8M(0%)->6M(0%)
[223.783s][info][gc,start    ] GC(474) Garbage Collection (System.gc())
[223.783s][info][gc,task     ] GC(474) Using 3 workers
[223.783s][info][gc,phases   ] GC(474) Pause Mark Start 0.013ms
[223.798s][info][gc,phases   ] GC(474) Concurrent Mark 14.703ms
[223.798s][info][gc,phases   ] GC(474) Pause Mark End 0.031ms
[223.798s][info][gc,phases   ] GC(474) Concurrent Mark Free 0.001ms
[223.801s][info][gc,phases   ] GC(474) Concurrent Process Non-Strong References 3.150ms
[223.801s][info][gc,phases   ] GC(474) Concurrent Reset Relocation Set 0.002ms
[223.804s][info][gc,phases   ] GC(474) Concurrent Select Relocation Set 3.182ms
[223.804s][info][gc,phases   ] GC(474) Pause Relocate Start 0.011ms
[223.805s][info][gc,phases   ] GC(474) Concurrent Relocate 0.675ms
[223.805s][info][gc,load     ] GC(474) Load: 2.93/1.90/1.75
[223.805s][info][gc,mmu      ] GC(474) MMU: 2ms/87.2%, 5ms/94.3%, 10ms/97.1%, 20ms/98.5%, 50ms/99.4%, 100ms/99.7%
[223.805s][info][gc,marking  ] GC(474) Mark: 2 stripe(s), 1 proactive flush(es), 1 terminate flush(es), 0 completion(s), 0 continuation(s) 
[223.805s][info][gc,marking  ] GC(474) Mark Stack Usage: 32M
[223.805s][info][gc,nmethod  ] GC(474) NMethods: 449 registered, 27 unregistered
[223.805s][info][gc,metaspace] GC(474) Metaspace: 0M used, 0M committed, 1088M reserved
[223.805s][info][gc,ref      ] GC(474) Soft: 2 encountered, 0 discovered, 0 enqueued
[223.805s][info][gc,ref      ] GC(474) Weak: 9 encountered, 0 discovered, 0 enqueued
[223.805s][info][gc,ref      ] GC(474) Final: 0 encountered, 0 discovered, 0 enqueued
[223.805s][info][gc,ref      ] GC(474) Phantom: 3 encountered, 1 discovered, 0 enqueued
[223.805s][info][gc,reloc    ] GC(474) Small Pages: 4 / 8M, Empty: 0M, Relocated: 0M, In-Place: 0
[223.805s][info][gc,reloc    ] GC(474) Medium Pages: 0 / 0M, Empty: 0M, Relocated: 0M, In-Place: 0
[223.805s][info][gc,reloc    ] GC(474) Large Pages: 0 / 0M, Empty: 0M, Relocated: 0M, In-Place: 0
[223.805s][info][gc,reloc    ] GC(474) Forwarding Usage: 0M
[223.805s][info][gc,heap     ] GC(474) Min Capacity: 8192M(100%)
[223.805s][info][gc,heap     ] GC(474) Max Capacity: 8192M(100%)
[223.805s][info][gc,heap     ] GC(474) Soft Max Capacity: 8192M(100%)
[223.805s][info][gc,heap     ] GC(474)                Mark Start          Mark End        Relocate Start      Relocate End           High               Low         
[223.805s][info][gc,heap     ] GC(474)  Capacity:     8192M (100%)       8192M (100%)       8192M (100%)       8192M (100%)       8192M (100%)       8192M (100%)   
[223.805s][info][gc,heap     ] GC(474)      Free:     8184M (100%)       8184M (100%)       8184M (100%)       8186M (100%)       8186M (100%)       8178M (100%)   
[223.805s][info][gc,heap     ] GC(474)      Used:        8M (0%)            8M (0%)            8M (0%)            6M (0%)           14M (0%)            6M (0%)     
[223.805s][info][gc,heap     ] GC(474)      Live:         -                 0M (0%)            0M (0%)            0M (0%)             -                  -          
[223.805s][info][gc,heap     ] GC(474) Allocated:         -                 0M (0%)            0M (0%)            0M (0%)             -                  -          
[223.805s][info][gc,heap     ] GC(474)   Garbage:         -                 7M (0%)            7M (0%)            5M (0%)             -                  -          
[223.805s][info][gc,heap     ] GC(474) Reclaimed:         -                  -                 0M (0%)            2M (0%)             -                  -          
[223.805s][info][gc          ] GC(474) Garbage Collection (System.gc()) 8M(0%)->6M(0%)
[224.268s][info][gc,start    ] GC(475) Garbage Collection (System.gc())
[224.268s][info][gc,task     ] GC(475) Using 3 workers
[224.268s][info][gc,phases   ] GC(475) Pause Mark Start 0.012ms
[224.270s][info][gc,phases   ] GC(475) Concurrent Mark 2.437ms
[224.270s][info][gc,phases   ] GC(475) Pause Mark End 0.018ms
[224.270s][info][gc,phases   ] GC(475) Concurrent Mark Free 0.000ms
[224.272s][info][gc,phases   ] GC(475) Concurrent Process Non-Strong References 1.404ms
[224.272s][info][gc,phases   ] GC(475) Concurrent Reset Relocation Set 0.001ms
[224.278s][info][gc,phases   ] GC(475) Concurrent Select Relocation Set 5.692ms
[224.278s][info][gc,phases   ] GC(475) Pause Relocate Start 0.017ms
[224.279s][info][gc,phases   ] GC(475) Concurrent Relocate 0.844ms
[224.279s][info][gc,load     ] GC(475) Load: 2.93/1.90/1.75
[224.279s][info][gc,mmu      ] GC(475) MMU: 2ms/87.2%, 5ms/94.3%, 10ms/97.1%, 20ms/98.5%, 50ms/99.4%, 100ms/99.7%
[224.279s][info][gc,marking  ] GC(475) Mark: 2 stripe(s), 1 proactive flush(es), 1 terminate flush(es), 0 completion(s), 0 continuation(s) 
[224.279s][info][gc,marking  ] GC(475) Mark Stack Usage: 32M
[224.279s][info][gc,nmethod  ] GC(475) NMethods: 449 registered, 27 unregistered
[224.279s][info][gc,metaspace] GC(475) Metaspace: 0M used, 0M committed, 1088M reserved
[224.279s][info][gc,ref      ] GC(475) Soft: 2 encountered, 0 discovered, 0 enqueued
[224.279s][info][gc,ref      ] GC(475) Weak: 9 encountered, 0 discovered, 0 enqueued
[224.279s][info][gc,ref      ] GC(475) Final: 0 encountered, 0 discovered, 0 enqueued
[224.279s][info][gc,ref      ] GC(475) Phantom: 3 encountered, 2 discovered, 0 enqueued
[224.279s][info][gc,reloc    ] GC(475) Small Pages: 4 / 8M, Empty: 0M, Relocated: 0M, In-Place: 0
[224.279s][info][gc,reloc    ] GC(475) Medium Pages: 0 / 0M, Empty: 0M, Relocated: 0M, In-Place: 0
[224.279s][info][gc,reloc    ] GC(475) Large Pages: 0 / 0M, Empty: 0M, Relocated: 0M, In-Place: 0
[224.279s][info][gc,reloc    ] GC(475) Forwarding Usage: 0M
[224.279s][info][gc,heap     ] GC(475) Min Capacity: 8192M(100%)
[224.279s][info][gc,heap     ] GC(475) Max Capacity: 8192M(100%)
[224.279s][info][gc,heap     ] GC(475) Soft Max Capacity: 8192M(100%)
[224.279s][info][gc,heap     ] GC(475)                Mark Start          Mark End        Relocate Start      Relocate End           High               Low         
[224.279s][info][gc,heap     ] GC(475)  Capacity:     8192M (100%)       8192M (100%)       8192M (100%)       8192M (100%)       8192M (100%)       8192M (100%)   
[224.279s][info][gc,heap     ] GC(475)      Free:     8184M (100%)       8184M (100%)       8184M (100%)       8186M (100%)       8186M (100%)       8180M (100%)   
[224.279s][info][gc,heap     ] GC(475)      Used:        8M (0%)            8M (0%)            8M (0%)            6M (0%)           12M (0%)            6M (0%)     
[224.279s][info][gc,heap     ] GC(475)      Live:         -                 0M (0%)            0M (0%)            0M (0%)             -                  -          
[224.279s][info][gc,heap     ] GC(475) Allocated:         -                 0M (0%)            0M (0%)            0M (0%)             -                  -          
[224.279s][info][gc,heap     ] GC(475)   Garbage:         -                 7M (0%)            7M (0%)            5M (0%)             -                  -          
[224.279s][info][gc,heap     ] GC(475) Reclaimed:         -                  -                 0M (0%)            2M (0%)             -                  -          
[224.279s][info][gc          ] GC(475) Garbage Collection (System.gc()) 8M(0%)->6M(0%)
[224.741s][info][gc,start    ] GC(476) Garbage Collection (System.gc())
[224.741s][info][gc,task     ] GC(476) Using 3 workers
[224.741s][info][gc,phases   ] GC(476) Pause Mark Start 0.008ms
[224.743s][info][gc,phases   ] GC(476) Concurrent Mark 2.254ms
[224.743s][info][gc,phases   ] GC(476) Pause Mark End 0.007ms
[224.743s][info][gc,phases   ] GC(476) Concurrent Mark Free 0.000ms
[224.744s][info][gc,phases   ] GC(476) Concurrent Process Non-Strong References 0.997ms
[224.744s][info][gc,phases   ] GC(476) Concurrent Reset Relocation Set 0.001ms
[224.748s][info][gc,phases   ] GC(476) Concurrent Select Relocation Set 3.380ms
[224.748s][info][gc,phases   ] GC(476) Pause Relocate Start 0.004ms
[224.748s][info][gc,phases   ] GC(476) Concurrent Relocate 0.474ms
[224.748s][info][gc,load     ] GC(476) Load: 2.93/1.90/1.75
[224.748s][info][gc,mmu      ] GC(476) MMU: 2ms/87.2%, 5ms/94.3%, 10ms/97.1%, 20ms/98.5%, 50ms/99.4%, 100ms/99.7%
[224.748s][info][gc,marking  ] GC(476) Mark: 2 stripe(s), 2 proactive flush(es), 1 terminate flush(es), 0 completion(s), 0 continuation(s) 
[224.748s][info][gc,marking  ] GC(476) Mark Stack Usage: 32M
[224.748s][info][gc,nmethod  ] GC(476) NMethods: 449 registered, 28 unregistered
[224.748s][info][gc,metaspace] GC(476) Metaspace: 0M used, 0M committed, 1088M reserved
[224.748s][info][gc,ref      ] GC(476) Soft: 2 encountered, 0 discovered, 0 enqueued
[224.748s][info][gc,ref      ] GC(476) Weak: 9 encountered, 0 discovered, 0 enqueued
[224.748s][info][gc,ref      ] GC(476) Final: 0 encountered, 0 discovered, 0 enqueued
[224.748s][info][gc,ref      ] GC(476) Phantom: 3 encountered, 2 discovered, 0 enqueued
[224.748s][info][gc,reloc    ] GC(476) Small Pages: 4 / 8M, Empty: 0M, Relocated: 0M, In-Place: 0
[224.748s][info][gc,reloc    ] GC(476) Medium Pages: 0 / 0M, Empty: 0M, Relocated: 0M, In-Place: 0
[224.748s][info][gc,reloc    ] GC(476) Large Pages: 0 / 0M, Empty: 0M, Relocated: 0M, In-Place: 0
[224.748s][info][gc,reloc    ] GC(476) Forwarding Usage: 0M
[224.748s][info][gc,heap     ] GC(476) Min Capacity: 8192M(100%)
[224.748s][info][gc,heap     ] GC(476) Max Capacity: 8192M(100%)
[224.748s][info][gc,heap     ] GC(476) Soft Max Capacity: 8192M(100%)
[224.748s][info][gc,heap     ] GC(476)                Mark Start          Mark End        Relocate Start      Relocate End           High               Low         
[224.748s][info][gc,heap     ] GC(476)  Capacity:     8192M (100%)       8192M (100%)       8192M (100%)       8192M (100%)       8192M (100%)       8192M (100%)   
[224.748s][info][gc,heap     ] GC(476)      Free:     8184M (100%)       8184M (100%)       8184M (100%)       8186M (100%)       8186M (100%)       8178M (100%)   
[224.748s][info][gc,heap     ] GC(476)      Used:        8M (0%)            8M (0%)            8M (0%)            6M (0%)           14M (0%)            6M (0%)     
[224.748s][info][gc,heap     ] GC(476)      Live:         -                 0M (0%)            0M (0%)            0M (0%)             -                  -          
[224.748s][info][gc,heap     ] GC(476) Allocated:         -                 0M (0%)            0M (0%)            0M (0%)             -                  -          
[224.748s][info][gc,heap     ] GC(476)   Garbage:         -                 7M (0%)            7M (0%)            5M (0%)             -                  -          
[224.748s][info][gc,heap     ] GC(476) Reclaimed:         -                  -                 0M (0%)            2M (0%)             -                  -          
[224.748s][info][gc          ] GC(476) Garbage Collection (System.gc()) 8M(0%)->6M(0%)
[225.209s][info][gc,start    ] GC(477) Garbage Collection (System.gc())
[225.209s][info][gc,task     ] GC(477) Using 3 workers
[225.209s][info][gc,phases   ] GC(477) Pause Mark Start 0.012ms
[225.211s][info][gc,phases   ] GC(477) Concurrent Mark 2.490ms
[225.211s][info][gc,phases   ] GC(477) Pause Mark End 0.011ms
[225.211s][info][gc,phases   ] GC(477) Concurrent Mark Free 0.000ms
[225.213s][info][gc,phases   ] GC(477) Concurrent Process Non-Strong References 1.106ms
[225.213s][info][gc,phases   ] GC(477) Concurrent Reset Relocation Set 0.002ms
[225.217s][info][gc,phases   ] GC(477) Concurrent Select Relocation Set 4.321ms
[225.217s][info][gc,phases   ] GC(477) Pause Relocate Start 0.007ms
[225.218s][info][gc,phases   ] GC(477) Concurrent Relocate 0.694ms
[225.218s][info][gc,load     ] GC(477) Load: 2.69/1.87/1.73
[225.218s][info][gc,mmu      ] GC(477) MMU: 2ms/87.2%, 5ms/94.3%, 10ms/97.1%, 20ms/98.5%, 50ms/99.4%, 100ms/99.7%
[225.218s][info][gc,marking  ] GC(477) Mark: 2 stripe(s), 1 proactive flush(es), 1 terminate flush(es), 0 completion(s), 0 continuation(s) 
[225.218s][info][gc,marking  ] GC(477) Mark Stack Usage: 32M
[225.218s][info][gc,nmethod  ] GC(477) NMethods: 449 registered, 28 unregistered
[225.218s][info][gc,metaspace] GC(477) Metaspace: 0M used, 0M committed, 1088M reserved
[225.218s][info][gc,ref      ] GC(477) Soft: 2 encountered, 0 discovered, 0 enqueued
[225.218s][info][gc,ref      ] GC(477) Weak: 9 encountered, 0 discovered, 0 enqueued
[225.218s][info][gc,ref      ] GC(477) Final: 0 encountered, 0 discovered, 0 enqueued
[225.218s][info][gc,ref      ] GC(477) Phantom: 3 encountered, 2 discovered, 0 enqueued
[225.218s][info][gc,reloc    ] GC(477) Small Pages: 4 / 8M, Empty: 0M, Relocated: 0M, In-Place: 0
[225.218s][info][gc,reloc    ] GC(477) Medium Pages: 0 / 0M, Empty: 0M, Relocated: 0M, In-Place: 0
[225.218s][info][gc,reloc    ] GC(477) Large Pages: 0 / 0M, Empty: 0M, Relocated: 0M, In-Place: 0
[225.218s][info][gc,reloc    ] GC(477) Forwarding Usage: 0M
[225.218s][info][gc,heap     ] GC(477) Min Capacity: 8192M(100%)
[225.218s][info][gc,heap     ] GC(477) Max Capacity: 8192M(100%)
[225.218s][info][gc,heap     ] GC(477) Soft Max Capacity: 8192M(100%)
[225.218s][info][gc,heap     ] GC(477)                Mark Start          Mark End        Relocate Start      Relocate End           High               Low         
[225.218s][info][gc,heap     ] GC(477)  Capacity:     8192M (100%)       8192M (100%)       8192M (100%)       8192M (100%)       8192M (100%)       8192M (100%)   
[225.218s][info][gc,heap     ] GC(477)      Free:     8184M (100%)       8184M (100%)       8184M (100%)       8186M (100%)       8186M (100%)       8178M (100%)   
[225.218s][info][gc,heap     ] GC(477)      Used:        8M (0%)            8M (0%)            8M (0%)            6M (0%)           14M (0%)            6M (0%)     
[225.218s][info][gc,heap     ] GC(477)      Live:         -                 0M (0%)            0M (0%)            0M (0%)             -                  -          
[225.218s][info][gc,heap     ] GC(477) Allocated:         -                 0M (0%)            0M (0%)            0M (0%)             -                  -          
[225.218s][info][gc,heap     ] GC(477)   Garbage:         -                 7M (0%)            7M (0%)            5M (0%)             -                  -          
[225.218s][info][gc,heap     ] GC(477) Reclaimed:         -                  -                 0M (0%)            2M (0%)             -                  -          
[225.218s][info][gc          ] GC(477) Garbage Collection (System.gc()) 8M(0%)->6M(0%)
[225.673s][info][gc,start    ] GC(478) Garbage Collection (System.gc())
[225.673s][info][gc,task     ] GC(478) Using 3 workers
[225.673s][info][gc,phases   ] GC(478) Pause Mark Start 0.015ms
[225.684s][info][gc,phases   ] GC(478) Concurrent Mark 2.722ms
[225.684s][info][gc,phases   ] GC(478) Pause Mark End 0.011ms
[225.684s][info][gc,phases   ] GC(478) Concurrent Mark Free 0.000ms
[225.685s][info][gc,phases   ] GC(478) Concurrent Process Non-Strong References 1.093ms
[225.685s][info][gc,phases   ] GC(478) Concurrent Reset Relocation Set 0.004ms
[225.690s][info][gc,phases   ] GC(478) Concurrent Select Relocation Set 4.476ms
[225.690s][info][gc,phases   ] GC(478) Pause Relocate Start 0.016ms
[225.691s][info][gc,phases   ] GC(478) Concurrent Relocate 0.880ms
[225.691s][info][gc,load     ] GC(478) Load: 2.69/1.87/1.73
[225.691s][info][gc,mmu      ] GC(478) MMU: 2ms/87.2%, 5ms/94.3%, 10ms/97.1%, 20ms/98.5%, 50ms/99.4%, 100ms/99.7%
[225.691s][info][gc,marking  ] GC(478) Mark: 2 stripe(s), 1 proactive flush(es), 1 terminate flush(es), 0 completion(s), 0 continuation(s) 
[225.691s][info][gc,marking  ] GC(478) Mark Stack Usage: 32M
[225.691s][info][gc,nmethod  ] GC(478) NMethods: 449 registered, 28 unregistered
[225.691s][info][gc,metaspace] GC(478) Metaspace: 0M used, 0M committed, 1088M reserved
[225.691s][info][gc,ref      ] GC(478) Soft: 2 encountered, 0 discovered, 0 enqueued
[225.691s][info][gc,ref      ] GC(478) Weak: 9 encountered, 0 discovered, 0 enqueued
[225.691s][info][gc,ref      ] GC(478) Final: 0 encountered, 0 discovered, 0 enqueued
[225.691s][info][gc,ref      ] GC(478) Phantom: 3 encountered, 2 discovered, 0 enqueued
[225.691s][info][gc,reloc    ] GC(478) Small Pages: 4 / 8M, Empty: 0M, Relocated: 0M, In-Place: 0
[225.691s][info][gc,reloc    ] GC(478) Medium Pages: 0 / 0M, Empty: 0M, Relocated: 0M, In-Place: 0
[225.691s][info][gc,reloc    ] GC(478) Large Pages: 0 / 0M, Empty: 0M, Relocated: 0M, In-Place: 0
[225.691s][info][gc,reloc    ] GC(478) Forwarding Usage: 0M
[225.691s][info][gc,heap     ] GC(478) Min Capacity: 8192M(100%)
[225.691s][info][gc,heap     ] GC(478) Max Capacity: 8192M(100%)
[225.691s][info][gc,heap     ] GC(478) Soft Max Capacity: 8192M(100%)
[225.691s][info][gc,heap     ] GC(478)                Mark Start          Mark End        Relocate Start      Relocate End           High               Low         
[225.691s][info][gc,heap     ] GC(478)  Capacity:     8192M (100%)       8192M (100%)       8192M (100%)       8192M (100%)       8192M (100%)       8192M (100%)   
[225.691s][info][gc,heap     ] GC(478)      Free:     8184M (100%)       8184M (100%)       8184M (100%)       8186M (100%)       8186M (100%)       8178M (100%)   
[225.691s][info][gc,heap     ] GC(478)      Used:        8M (0%)            8M (0%)            8M (0%)            6M (0%)           14M (0%)            6M (0%)     
[225.691s][info][gc,heap     ] GC(478)      Live:         -                 0M (0%)            0M (0%)            0M (0%)             -                  -          
[225.691s][info][gc,heap     ] GC(478) Allocated:         -                 0M (0%)            0M (0%)            0M (0%)             -                  -          
[225.691s][info][gc,heap     ] GC(478)   Garbage:         -                 7M (0%)            7M (0%)            5M (0%)             -                  -          
[225.691s][info][gc,heap     ] GC(478) Reclaimed:         -                  -                 0M (0%)            2M (0%)             -                  -          
[225.691s][info][gc          ] GC(478) Garbage Collection (System.gc()) 8M(0%)->6M(0%)
[226.146s][info][gc,start    ] GC(479) Garbage Collection (System.gc())
[226.146s][info][gc,task     ] GC(479) Using 3 workers
[226.146s][info][gc,phases   ] GC(479) Pause Mark Start 0.013ms
[226.150s][info][gc,phases   ] GC(479) Concurrent Mark 3.499ms
[226.150s][info][gc,phases   ] GC(479) Pause Mark End 0.017ms
[226.157s][info][gc,phases   ] GC(479) Concurrent Mark Free 0.004ms
[226.158s][info][gc,phases   ] GC(479) Concurrent Process Non-Strong References 1.344ms
[226.158s][info][gc,phases   ] GC(479) Concurrent Reset Relocation Set 0.003ms
[226.163s][info][gc,phases   ] GC(479) Concurrent Select Relocation Set 4.422ms
[226.163s][info][gc,phases   ] GC(479) Pause Relocate Start 0.010ms
[226.163s][info][gc,phases   ] GC(479) Concurrent Relocate 0.580ms
[226.163s][info][gc,load     ] GC(479) Load: 2.69/1.87/1.73
[226.163s][info][gc,mmu      ] GC(479) MMU: 2ms/87.2%, 5ms/94.3%, 10ms/97.1%, 20ms/98.5%, 50ms/99.4%, 100ms/99.7%
[226.163s][info][gc,marking  ] GC(479) Mark: 2 stripe(s), 1 proactive flush(es), 1 terminate flush(es), 0 completion(s), 0 continuation(s) 
[226.163s][info][gc,marking  ] GC(479) Mark Stack Usage: 32M
[226.163s][info][gc,nmethod  ] GC(479) NMethods: 449 registered, 28 unregistered
[226.163s][info][gc,metaspace] GC(479) Metaspace: 0M used, 0M committed, 1088M reserved
[226.163s][info][gc,ref      ] GC(479) Soft: 2 encountered, 0 discovered, 0 enqueued
[226.163s][info][gc,ref      ] GC(479) Weak: 9 encountered, 0 discovered, 0 enqueued
[226.163s][info][gc,ref      ] GC(479) Final: 0 encountered, 0 discovered, 0 enqueued
[226.163s][info][gc,ref      ] GC(479) Phantom: 3 encountered, 1 discovered, 0 enqueued
[226.163s][info][gc,reloc    ] GC(479) Small Pages: 4 / 8M, Empty: 0M, Relocated: 0M, In-Place: 0
[226.163s][info][gc,reloc    ] GC(479) Medium Pages: 0 / 0M, Empty: 0M, Relocated: 0M, In-Place: 0
[226.163s][info][gc,reloc    ] GC(479) Large Pages: 0 / 0M, Empty: 0M, Relocated: 0M, In-Place: 0
[226.163s][info][gc,reloc    ] GC(479) Forwarding Usage: 0M
[226.164s][info][gc,heap     ] GC(479) Min Capacity: 8192M(100%)
[226.164s][info][gc,heap     ] GC(479) Max Capacity: 8192M(100%)
[226.164s][info][gc,heap     ] GC(479) Soft Max Capacity: 8192M(100%)
[226.164s][info][gc,heap     ] GC(479)                Mark Start          Mark End        Relocate Start      Relocate End           High               Low         
[226.164s][info][gc,heap     ] GC(479)  Capacity:     8192M (100%)       8192M (100%)       8192M (100%)       8192M (100%)       8192M (100%)       8192M (100%)   
[226.164s][info][gc,heap     ] GC(479)      Free:     8184M (100%)       8184M (100%)       8184M (100%)       8186M (100%)       8186M (100%)       8178M (100%)   
[226.164s][info][gc,heap     ] GC(479)      Used:        8M (0%)            8M (0%)            8M (0%)            6M (0%)           14M (0%)            6M (0%)     
[226.164s][info][gc,heap     ] GC(479)      Live:         -                 0M (0%)            0M (0%)            0M (0%)             -                  -          
[226.164s][info][gc,heap     ] GC(479) Allocated:         -                 0M (0%)            0M (0%)            0M (0%)             -                  -          
[226.164s][info][gc,heap     ] GC(479)   Garbage:         -                 7M (0%)            7M (0%)            5M (0%)             -                  -          
[226.164s][info][gc,heap     ] GC(479) Reclaimed:         -                  -                 0M (0%)            2M (0%)             -                  -          
[226.164s][info][gc          ] GC(479) Garbage Collection (System.gc()) 8M(0%)->6M(0%)
[226.622s][info][gc,start    ] GC(480) Garbage Collection (System.gc())
[226.622s][info][gc,task     ] GC(480) Using 3 workers
[226.622s][info][gc,phases   ] GC(480) Pause Mark Start 0.005ms
[226.625s][info][gc,phases   ] GC(480) Concurrent Mark 2.641ms
[226.625s][info][gc,phases   ] GC(480) Pause Mark End 0.009ms
[226.625s][info][gc,phases   ] GC(480) Concurrent Mark Free 0.000ms
[226.627s][info][gc,phases   ] GC(480) Concurrent Process Non-Strong References 1.291ms
[226.627s][info][gc,phases   ] GC(480) Concurrent Reset Relocation Set 0.001ms
[226.631s][info][gc,phases   ] GC(480) Concurrent Select Relocation Set 4.023ms
[226.631s][info][gc,phases   ] GC(480) Pause Relocate Start 0.004ms
[226.631s][info][gc,phases   ] GC(480) Concurrent Relocate 0.551ms
[226.631s][info][gc,load     ] GC(480) Load: 2.69/1.87/1.73
[226.631s][info][gc,mmu      ] GC(480) MMU: 2ms/87.2%, 5ms/94.3%, 10ms/97.1%, 20ms/98.5%, 50ms/99.4%, 100ms/99.7%
[226.631s][info][gc,marking  ] GC(480) Mark: 2 stripe(s), 1 proactive flush(es), 1 terminate flush(es), 0 completion(s), 0 continuation(s) 
[226.631s][info][gc,marking  ] GC(480) Mark Stack Usage: 32M
[226.631s][info][gc,nmethod  ] GC(480) NMethods: 449 registered, 28 unregistered
[226.631s][info][gc,metaspace] GC(480) Metaspace: 0M used, 0M committed, 1088M reserved
[226.631s][info][gc,ref      ] GC(480) Soft: 2 encountered, 0 discovered, 0 enqueued
[226.631s][info][gc,ref      ] GC(480) Weak: 9 encountered, 0 discovered, 0 enqueued
[226.631s][info][gc,ref      ] GC(480) Final: 0 encountered, 0 discovered, 0 enqueued
[226.631s][info][gc,ref      ] GC(480) Phantom: 3 encountered, 1 discovered, 0 enqueued
[226.631s][info][gc,reloc    ] GC(480) Small Pages: 4 / 8M, Empty: 0M, Relocated: 0M, In-Place: 0
[226.631s][info][gc,reloc    ] GC(480) Medium Pages: 0 / 0M, Empty: 0M, Relocated: 0M, In-Place: 0
[226.631s][info][gc,reloc    ] GC(480) Large Pages: 0 / 0M, Empty: 0M, Relocated: 0M, In-Place: 0
[226.631s][info][gc,reloc    ] GC(480) Forwarding Usage: 0M
[226.631s][info][gc,heap     ] GC(480) Min Capacity: 8192M(100%)
[226.631s][info][gc,heap     ] GC(480) Max Capacity: 8192M(100%)
[226.631s][info][gc,heap     ] GC(480) Soft Max Capacity: 8192M(100%)
[226.631s][info][gc,heap     ] GC(480)                Mark Start          Mark End        Relocate Start      Relocate End           High               Low         
[226.632s][info][gc,heap     ] GC(480)  Capacity:     8192M (100%)       8192M (100%)       8192M (100%)       8192M (100%)       8192M (100%)       8192M (100%)   
[226.632s][info][gc,heap     ] GC(480)      Free:     8184M (100%)       8184M (100%)       8184M (100%)       8186M (100%)       8186M (100%)       8178M (100%)   
[226.632s][info][gc,heap     ] GC(480)      Used:        8M (0%)            8M (0%)            8M (0%)            6M (0%)           14M (0%)            6M (0%)     
[226.632s][info][gc,heap     ] GC(480)      Live:         -                 0M (0%)            0M (0%)            0M (0%)             -                  -          
[226.632s][info][gc,heap     ] GC(480) Allocated:         -                 0M (0%)            0M (0%)            0M (0%)             -                  -          
[226.632s][info][gc,heap     ] GC(480)   Garbage:         -                 7M (0%)            7M (0%)            5M (0%)             -                  -          
[226.632s][info][gc,heap     ] GC(480) Reclaimed:         -                  -                 0M (0%)            2M (0%)             -                  -          
[226.632s][info][gc          ] GC(480) Garbage Collection (System.gc()) 8M(0%)->6M(0%)
[227.088s][info][gc,start    ] GC(481) Garbage Collection (System.gc())
[227.088s][info][gc,task     ] GC(481) Using 3 workers
[227.088s][info][gc,phases   ] GC(481) Pause Mark Start 0.009ms
[227.102s][info][gc,phases   ] GC(481) Concurrent Mark 13.820ms
[227.102s][info][gc,phases   ] GC(481) Pause Mark End 0.032ms
[227.102s][info][gc,phases   ] GC(481) Concurrent Mark Free 0.001ms
[227.104s][info][gc,phases   ] GC(481) Concurrent Process Non-Strong References 2.125ms
[227.104s][info][gc,phases   ] GC(481) Concurrent Reset Relocation Set 0.002ms
[227.107s][info][gc,phases   ] GC(481) Concurrent Select Relocation Set 2.892ms
[227.107s][info][gc,phases   ] GC(481) Pause Relocate Start 0.015ms
[227.108s][info][gc,phases   ] GC(481) Concurrent Relocate 0.461ms
[227.108s][info][gc,load     ] GC(481) Load: 2.69/1.87/1.73
[227.108s][info][gc,mmu      ] GC(481) MMU: 2ms/87.2%, 5ms/94.3%, 10ms/97.1%, 20ms/98.5%, 50ms/99.4%, 100ms/99.7%
[227.108s][info][gc,marking  ] GC(481) Mark: 2 stripe(s), 1 proactive flush(es), 1 terminate flush(es), 0 completion(s), 0 continuation(s) 
[227.108s][info][gc,marking  ] GC(481) Mark Stack Usage: 32M
[227.108s][info][gc,nmethod  ] GC(481) NMethods: 449 registered, 28 unregistered
[227.108s][info][gc,metaspace] GC(481) Metaspace: 0M used, 0M committed, 1088M reserved
[227.108s][info][gc,ref      ] GC(481) Soft: 2 encountered, 0 discovered, 0 enqueued
[227.108s][info][gc,ref      ] GC(481) Weak: 9 encountered, 0 discovered, 0 enqueued
[227.108s][info][gc,ref      ] GC(481) Final: 0 encountered, 0 discovered, 0 enqueued
[227.108s][info][gc,ref      ] GC(481) Phantom: 3 encountered, 1 discovered, 0 enqueued
[227.108s][info][gc,reloc    ] GC(481) Small Pages: 4 / 8M, Empty: 0M, Relocated: 0M, In-Place: 0
[227.108s][info][gc,reloc    ] GC(481) Medium Pages: 0 / 0M, Empty: 0M, Relocated: 0M, In-Place: 0
[227.108s][info][gc,reloc    ] GC(481) Large Pages: 0 / 0M, Empty: 0M, Relocated: 0M, In-Place: 0
[227.108s][info][gc,reloc    ] GC(481) Forwarding Usage: 0M
[227.108s][info][gc,heap     ] GC(481) Min Capacity: 8192M(100%)
[227.108s][info][gc,heap     ] GC(481) Max Capacity: 8192M(100%)
[227.108s][info][gc,heap     ] GC(481) Soft Max Capacity: 8192M(100%)
[227.108s][info][gc,heap     ] GC(481)                Mark Start          Mark End        Relocate Start      Relocate End           High               Low         
[227.108s][info][gc,heap     ] GC(481)  Capacity:     8192M (100%)       8192M (100%)       8192M (100%)       8192M (100%)       8192M (100%)       8192M (100%)   
[227.108s][info][gc,heap     ] GC(481)      Free:     8184M (100%)       8184M (100%)       8184M (100%)       8186M (100%)       8186M (100%)       8180M (100%)   
[227.108s][info][gc,heap     ] GC(481)      Used:        8M (0%)            8M (0%)            8M (0%)            6M (0%)           12M (0%)            6M (0%)     
[227.108s][info][gc,heap     ] GC(481)      Live:         -                 0M (0%)            0M (0%)            0M (0%)             -                  -          
[227.108s][info][gc,heap     ] GC(481) Allocated:         -                 0M (0%)            0M (0%)            0M (0%)             -                  -          
[227.108s][info][gc,heap     ] GC(481)   Garbage:         -                 7M (0%)            7M (0%)            5M (0%)             -                  -          
[227.108s][info][gc,heap     ] GC(481) Reclaimed:         -                  -                 0M (0%)            2M (0%)             -                  -          
[227.108s][info][gc          ] GC(481) Garbage Collection (System.gc()) 8M(0%)->6M(0%)
[227.567s][info][gc,start    ] GC(482) Garbage Collection (System.gc())
[227.567s][info][gc,task     ] GC(482) Using 3 workers
[227.567s][info][gc,phases   ] GC(482) Pause Mark Start 0.013ms
[227.579s][info][gc,phases   ] GC(482) Concurrent Mark 11.802ms
[227.579s][info][gc,phases   ] GC(482) Pause Mark End 0.034ms
[227.579s][info][gc,phases   ] GC(482) Concurrent Mark Free 0.001ms
[227.580s][info][gc,phases   ] GC(482) Concurrent Process Non-Strong References 1.103ms
[227.580s][info][gc,phases   ] GC(482) Concurrent Reset Relocation Set 0.003ms
[227.585s][info][gc,phases   ] GC(482) Concurrent Select Relocation Set 4.320ms
[227.585s][info][gc,phases   ] GC(482) Pause Relocate Start 0.005ms
[227.585s][info][gc,phases   ] GC(482) Concurrent Relocate 0.582ms
[227.585s][info][gc,load     ] GC(482) Load: 2.69/1.87/1.73
[227.585s][info][gc,mmu      ] GC(482) MMU: 2ms/87.2%, 5ms/94.3%, 10ms/97.1%, 20ms/98.5%, 50ms/99.4%, 100ms/99.7%
[227.585s][info][gc,marking  ] GC(482) Mark: 2 stripe(s), 1 proactive flush(es), 1 terminate flush(es), 0 completion(s), 0 continuation(s) 
[227.585s][info][gc,marking  ] GC(482) Mark Stack Usage: 32M
[227.585s][info][gc,nmethod  ] GC(482) NMethods: 449 registered, 28 unregistered
[227.585s][info][gc,metaspace] GC(482) Metaspace: 0M used, 0M committed, 1088M reserved
[227.585s][info][gc,ref      ] GC(482) Soft: 2 encountered, 0 discovered, 0 enqueued
[227.585s][info][gc,ref      ] GC(482) Weak: 9 encountered, 0 discovered, 0 enqueued
[227.585s][info][gc,ref      ] GC(482) Final: 0 encountered, 0 discovered, 0 enqueued
[227.585s][info][gc,ref      ] GC(482) Phantom: 3 encountered, 1 discovered, 0 enqueued
[227.585s][info][gc,reloc    ] GC(482) Small Pages: 4 / 8M, Empty: 0M, Relocated: 0M, In-Place: 0
[227.585s][info][gc,reloc    ] GC(482) Medium Pages: 0 / 0M, Empty: 0M, Relocated: 0M, In-Place: 0
[227.585s][info][gc,reloc    ] GC(482) Large Pages: 0 / 0M, Empty: 0M, Relocated: 0M, In-Place: 0
[227.585s][info][gc,reloc    ] GC(482) Forwarding Usage: 0M
[227.585s][info][gc,heap     ] GC(482) Min Capacity: 8192M(100%)
[227.585s][info][gc,heap     ] GC(482) Max Capacity: 8192M(100%)
[227.585s][info][gc,heap     ] GC(482) Soft Max Capacity: 8192M(100%)
[227.585s][info][gc,heap     ] GC(482)                Mark Start          Mark End        Relocate Start      Relocate End           High               Low         
[227.585s][info][gc,heap     ] GC(482)  Capacity:     8192M (100%)       8192M (100%)       8192M (100%)       8192M (100%)       8192M (100%)       8192M (100%)   
[227.585s][info][gc,heap     ] GC(482)      Free:     8184M (100%)       8184M (100%)       8184M (100%)       8186M (100%)       8186M (100%)       8178M (100%)   
[227.586s][info][gc,heap     ] GC(482)      Used:        8M (0%)            8M (0%)            8M (0%)            6M (0%)           14M (0%)            6M (0%)     
[227.586s][info][gc,heap     ] GC(482)      Live:         -                 0M (0%)            0M (0%)            0M (0%)             -                  -          
[227.586s][info][gc,heap     ] GC(482) Allocated:         -                 0M (0%)            0M (0%)            0M (0%)             -                  -          
[227.586s][info][gc,heap     ] GC(482)   Garbage:         -                 7M (0%)            7M (0%)            5M (0%)             -                  -          
[227.586s][info][gc,heap     ] GC(482) Reclaimed:         -                  -                 0M (0%)            2M (0%)             -                  -          
[227.586s][info][gc          ] GC(482) Garbage Collection (System.gc()) 8M(0%)->6M(0%)
[228.044s][info][gc,start    ] GC(483) Garbage Collection (System.gc())
[228.044s][info][gc,task     ] GC(483) Using 3 workers
[228.044s][info][gc,phases   ] GC(483) Pause Mark Start 0.017ms
[228.057s][info][gc,phases   ] GC(483) Concurrent Mark 12.302ms
[228.057s][info][gc,phases   ] GC(483) Pause Mark End 0.013ms
[228.057s][info][gc,phases   ] GC(483) Concurrent Mark Free 0.000ms
[228.058s][info][gc,phases   ] GC(483) Concurrent Process Non-Strong References 1.306ms
[228.058s][info][gc,phases   ] GC(483) Concurrent Reset Relocation Set 0.004ms
[228.061s][info][gc,phases   ] GC(483) Concurrent Select Relocation Set 3.337ms
[228.061s][info][gc,phases   ] GC(483) Pause Relocate Start 0.006ms
[228.062s][info][gc,phases   ] GC(483) Concurrent Relocate 0.503ms
[228.062s][info][gc,load     ] GC(483) Load: 2.69/1.87/1.73
[228.062s][info][gc,mmu      ] GC(483) MMU: 2ms/87.2%, 5ms/94.3%, 10ms/97.1%, 20ms/98.5%, 50ms/99.4%, 100ms/99.7%
[228.062s][info][gc,marking  ] GC(483) Mark: 2 stripe(s), 1 proactive flush(es), 1 terminate flush(es), 0 completion(s), 0 continuation(s) 
[228.062s][info][gc,marking  ] GC(483) Mark Stack Usage: 32M
[228.062s][info][gc,nmethod  ] GC(483) NMethods: 449 registered, 28 unregistered
[228.062s][info][gc,metaspace] GC(483) Metaspace: 0M used, 0M committed, 1088M reserved
[228.062s][info][gc,ref      ] GC(483) Soft: 2 encountered, 0 discovered, 0 enqueued
[228.062s][info][gc,ref      ] GC(483) Weak: 9 encountered, 0 discovered, 0 enqueued
[228.062s][info][gc,ref      ] GC(483) Final: 0 encountered, 0 discovered, 0 enqueued
[228.062s][info][gc,ref      ] GC(483) Phantom: 3 encountered, 2 discovered, 0 enqueued
[228.062s][info][gc,reloc    ] GC(483) Small Pages: 4 / 8M, Empty: 0M, Relocated: 0M, In-Place: 0
[228.062s][info][gc,reloc    ] GC(483) Medium Pages: 0 / 0M, Empty: 0M, Relocated: 0M, In-Place: 0
[228.062s][info][gc,reloc    ] GC(483) Large Pages: 0 / 0M, Empty: 0M, Relocated: 0M, In-Place: 0
[228.062s][info][gc,reloc    ] GC(483) Forwarding Usage: 0M
[228.062s][info][gc,heap     ] GC(483) Min Capacity: 8192M(100%)
[228.062s][info][gc,heap     ] GC(483) Max Capacity: 8192M(100%)
[228.062s][info][gc,heap     ] GC(483) Soft Max Capacity: 8192M(100%)
[228.062s][info][gc,heap     ] GC(483)                Mark Start          Mark End        Relocate Start      Relocate End           High               Low         
[228.062s][info][gc,heap     ] GC(483)  Capacity:     8192M (100%)       8192M (100%)       8192M (100%)       8192M (100%)       8192M (100%)       8192M (100%)   
[228.062s][info][gc,heap     ] GC(483)      Free:     8184M (100%)       8184M (100%)       8184M (100%)       8186M (100%)       8186M (100%)       8178M (100%)   
[228.062s][info][gc,heap     ] GC(483)      Used:        8M (0%)            8M (0%)            8M (0%)            6M (0%)           14M (0%)            6M (0%)     
[228.062s][info][gc,heap     ] GC(483)      Live:         -                 0M (0%)            0M (0%)            0M (0%)             -                  -          
[228.062s][info][gc,heap     ] GC(483) Allocated:         -                 0M (0%)            0M (0%)            0M (0%)             -                  -          
[228.062s][info][gc,heap     ] GC(483)   Garbage:         -                 7M (0%)            7M (0%)            5M (0%)             -                  -          
[228.062s][info][gc,heap     ] GC(483) Reclaimed:         -                  -                 0M (0%)            2M (0%)             -                  -          
[228.062s][info][gc          ] GC(483) Garbage Collection (System.gc()) 8M(0%)->6M(0%)
[228.529s][info][gc,start    ] GC(484) Garbage Collection (System.gc())
[228.529s][info][gc,task     ] GC(484) Using 3 workers
[228.530s][info][gc,phases   ] GC(484) Pause Mark Start 0.009ms
[228.532s][info][gc,phases   ] GC(484) Concurrent Mark 2.253ms
[228.532s][info][gc,phases   ] GC(484) Pause Mark End 0.008ms
[228.532s][info][gc,phases   ] GC(484) Concurrent Mark Free 0.000ms
[228.533s][info][gc,phases   ] GC(484) Concurrent Process Non-Strong References 1.161ms
[228.533s][info][gc,phases   ] GC(484) Concurrent Reset Relocation Set 0.001ms
[228.536s][info][gc,phases   ] GC(484) Concurrent Select Relocation Set 2.864ms
[228.536s][info][gc,phases   ] GC(484) Pause Relocate Start 0.004ms
[228.536s][info][gc,phases   ] GC(484) Concurrent Relocate 0.405ms
[228.536s][info][gc,load     ] GC(484) Load: 2.69/1.87/1.73
[228.536s][info][gc,mmu      ] GC(484) MMU: 2ms/87.2%, 5ms/94.3%, 10ms/97.1%, 20ms/98.5%, 50ms/99.4%, 100ms/99.7%
[228.536s][info][gc,marking  ] GC(484) Mark: 2 stripe(s), 1 proactive flush(es), 1 terminate flush(es), 0 completion(s), 0 continuation(s) 
[228.536s][info][gc,marking  ] GC(484) Mark Stack Usage: 32M
[228.536s][info][gc,nmethod  ] GC(484) NMethods: 449 registered, 28 unregistered
[228.536s][info][gc,metaspace] GC(484) Metaspace: 0M used, 0M committed, 1088M reserved
[228.536s][info][gc,ref      ] GC(484) Soft: 2 encountered, 0 discovered, 0 enqueued
[228.536s][info][gc,ref      ] GC(484) Weak: 9 encountered, 0 discovered, 0 enqueued
[228.537s][info][gc,ref      ] GC(484) Final: 0 encountered, 0 discovered, 0 enqueued
[228.537s][info][gc,ref      ] GC(484) Phantom: 3 encountered, 2 discovered, 0 enqueued
[228.537s][info][gc,reloc    ] GC(484) Small Pages: 4 / 8M, Empty: 2M, Relocated: 0M, In-Place: 0
[228.537s][info][gc,reloc    ] GC(484) Medium Pages: 0 / 0M, Empty: 0M, Relocated: 0M, In-Place: 0
[228.537s][info][gc,reloc    ] GC(484) Large Pages: 0 / 0M, Empty: 0M, Relocated: 0M, In-Place: 0
[228.537s][info][gc,reloc    ] GC(484) Forwarding Usage: 0M
[228.537s][info][gc,heap     ] GC(484) Min Capacity: 8192M(100%)
[228.537s][info][gc,heap     ] GC(484) Max Capacity: 8192M(100%)
[228.537s][info][gc,heap     ] GC(484) Soft Max Capacity: 8192M(100%)
[228.537s][info][gc,heap     ] GC(484)                Mark Start          Mark End        Relocate Start      Relocate End           High               Low         
[228.537s][info][gc,heap     ] GC(484)  Capacity:     8192M (100%)       8192M (100%)       8192M (100%)       8192M (100%)       8192M (100%)       8192M (100%)   
[228.537s][info][gc,heap     ] GC(484)      Free:     8184M (100%)       8184M (100%)       8186M (100%)       8186M (100%)       8186M (100%)       8180M (100%)   
[228.537s][info][gc,heap     ] GC(484)      Used:        8M (0%)            8M (0%)            6M (0%)            6M (0%)           12M (0%)            6M (0%)     
[228.537s][info][gc,heap     ] GC(484)      Live:         -                 0M (0%)            0M (0%)            0M (0%)             -                  -          
[228.537s][info][gc,heap     ] GC(484) Allocated:         -                 0M (0%)            0M (0%)            0M (0%)             -                  -          
[228.537s][info][gc,heap     ] GC(484)   Garbage:         -                 7M (0%)            5M (0%)            5M (0%)             -                  -          
[228.537s][info][gc,heap     ] GC(484) Reclaimed:         -                  -                 2M (0%)            2M (0%)             -                  -          
[228.537s][info][gc          ] GC(484) Garbage Collection (System.gc()) 8M(0%)->6M(0%)
[228.995s][info][gc,start    ] GC(485) Garbage Collection (System.gc())
[228.995s][info][gc,task     ] GC(485) Using 3 workers
[228.995s][info][gc,phases   ] GC(485) Pause Mark Start 0.013ms
[229.007s][info][gc,phases   ] GC(485) Concurrent Mark 11.916ms
[229.007s][info][gc,phases   ] GC(485) Pause Mark End 0.012ms
[229.007s][info][gc,phases   ] GC(485) Concurrent Mark Free 0.000ms
[229.009s][info][gc,phases   ] GC(485) Concurrent Process Non-Strong References 1.059ms
[229.009s][info][gc,phases   ] GC(485) Concurrent Reset Relocation Set 0.001ms
[229.012s][info][gc,phases   ] GC(485) Concurrent Select Relocation Set 3.597ms
[229.012s][info][gc,phases   ] GC(485) Pause Relocate Start 0.004ms
[229.013s][info][gc,phases   ] GC(485) Concurrent Relocate 0.605ms
[229.013s][info][gc,load     ] GC(485) Load: 2.69/1.87/1.73
[229.013s][info][gc,mmu      ] GC(485) MMU: 2ms/87.2%, 5ms/94.3%, 10ms/97.1%, 20ms/98.5%, 50ms/99.4%, 100ms/99.7%
[229.013s][info][gc,marking  ] GC(485) Mark: 2 stripe(s), 1 proactive flush(es), 1 terminate flush(es), 0 completion(s), 0 continuation(s) 
[229.013s][info][gc,marking  ] GC(485) Mark Stack Usage: 32M
[229.013s][info][gc,nmethod  ] GC(485) NMethods: 449 registered, 28 unregistered
[229.013s][info][gc,metaspace] GC(485) Metaspace: 0M used, 0M committed, 1088M reserved
[229.013s][info][gc,ref      ] GC(485) Soft: 2 encountered, 0 discovered, 0 enqueued
[229.013s][info][gc,ref      ] GC(485) Weak: 9 encountered, 0 discovered, 0 enqueued
[229.013s][info][gc,ref      ] GC(485) Final: 0 encountered, 0 discovered, 0 enqueued
[229.013s][info][gc,ref      ] GC(485) Phantom: 3 encountered, 1 discovered, 0 enqueued
[229.013s][info][gc,reloc    ] GC(485) Small Pages: 4 / 8M, Empty: 0M, Relocated: 0M, In-Place: 0
[229.013s][info][gc,reloc    ] GC(485) Medium Pages: 0 / 0M, Empty: 0M, Relocated: 0M, In-Place: 0
[229.013s][info][gc,reloc    ] GC(485) Large Pages: 0 / 0M, Empty: 0M, Relocated: 0M, In-Place: 0
[229.013s][info][gc,reloc    ] GC(485) Forwarding Usage: 0M
[229.013s][info][gc,heap     ] GC(485) Min Capacity: 8192M(100%)
[229.013s][info][gc,heap     ] GC(485) Max Capacity: 8192M(100%)
[229.013s][info][gc,heap     ] GC(485) Soft Max Capacity: 8192M(100%)
[229.013s][info][gc,heap     ] GC(485)                Mark Start          Mark End        Relocate Start      Relocate End           High               Low         
[229.013s][info][gc,heap     ] GC(485)  Capacity:     8192M (100%)       8192M (100%)       8192M (100%)       8192M (100%)       8192M (100%)       8192M (100%)   
[229.013s][info][gc,heap     ] GC(485)      Free:     8184M (100%)       8184M (100%)       8184M (100%)       8186M (100%)       8186M (100%)       8178M (100%)   
[229.013s][info][gc,heap     ] GC(485)      Used:        8M (0%)            8M (0%)            8M (0%)            6M (0%)           14M (0%)            6M (0%)     
[229.013s][info][gc,heap     ] GC(485)      Live:         -                 0M (0%)            0M (0%)            0M (0%)             -                  -          
[229.013s][info][gc,heap     ] GC(485) Allocated:         -                 0M (0%)            0M (0%)            0M (0%)             -                  -          
[229.013s][info][gc,heap     ] GC(485)   Garbage:         -                 7M (0%)            7M (0%)            5M (0%)             -                  -          
[229.013s][info][gc,heap     ] GC(485) Reclaimed:         -                  -                 0M (0%)            2M (0%)             -                  -          
[229.013s][info][gc          ] GC(485) Garbage Collection (System.gc()) 8M(0%)->6M(0%)
[229.467s][info][gc,start    ] GC(486) Garbage Collection (System.gc())
[229.467s][info][gc,task     ] GC(486) Using 3 workers
[229.467s][info][gc,phases   ] GC(486) Pause Mark Start 0.014ms
[229.475s][info][gc,phases   ] GC(486) Concurrent Mark 8.123ms
[229.479s][info][gc,phases   ] GC(486) Pause Mark End 0.017ms
[229.479s][info][gc,phases   ] GC(486) Concurrent Mark Free 0.001ms
[229.480s][info][gc,phases   ] GC(486) Concurrent Process Non-Strong References 1.423ms
[229.480s][info][gc,phases   ] GC(486) Concurrent Reset Relocation Set 0.001ms
[229.485s][info][gc,phases   ] GC(486) Concurrent Select Relocation Set 5.009ms
[229.485s][info][gc,phases   ] GC(486) Pause Relocate Start 0.017ms
[229.486s][info][gc,phases   ] GC(486) Concurrent Relocate 0.605ms
[229.486s][info][gc,load     ] GC(486) Load: 2.69/1.87/1.73
[229.486s][info][gc,mmu      ] GC(486) MMU: 2ms/87.2%, 5ms/94.3%, 10ms/97.1%, 20ms/98.5%, 50ms/99.4%, 100ms/99.7%
[229.486s][info][gc,marking  ] GC(486) Mark: 2 stripe(s), 1 proactive flush(es), 1 terminate flush(es), 0 completion(s), 0 continuation(s) 
[229.486s][info][gc,marking  ] GC(486) Mark Stack Usage: 32M
[229.486s][info][gc,nmethod  ] GC(486) NMethods: 449 registered, 28 unregistered
[229.486s][info][gc,metaspace] GC(486) Metaspace: 0M used, 0M committed, 1088M reserved
[229.486s][info][gc,ref      ] GC(486) Soft: 2 encountered, 0 discovered, 0 enqueued
[229.486s][info][gc,ref      ] GC(486) Weak: 9 encountered, 0 discovered, 0 enqueued
[229.486s][info][gc,ref      ] GC(486) Final: 0 encountered, 0 discovered, 0 enqueued
[229.486s][info][gc,ref      ] GC(486) Phantom: 3 encountered, 1 discovered, 0 enqueued
[229.486s][info][gc,reloc    ] GC(486) Small Pages: 4 / 8M, Empty: 0M, Relocated: 0M, In-Place: 0
[229.486s][info][gc,reloc    ] GC(486) Medium Pages: 0 / 0M, Empty: 0M, Relocated: 0M, In-Place: 0
[229.486s][info][gc,reloc    ] GC(486) Large Pages: 0 / 0M, Empty: 0M, Relocated: 0M, In-Place: 0
[229.486s][info][gc,reloc    ] GC(486) Forwarding Usage: 0M
[229.486s][info][gc,heap     ] GC(486) Min Capacity: 8192M(100%)
[229.486s][info][gc,heap     ] GC(486) Max Capacity: 8192M(100%)
[229.486s][info][gc,heap     ] GC(486) Soft Max Capacity: 8192M(100%)
[229.486s][info][gc,heap     ] GC(486)                Mark Start          Mark End        Relocate Start      Relocate End           High               Low         
[229.486s][info][gc,heap     ] GC(486)  Capacity:     8192M (100%)       8192M (100%)       8192M (100%)       8192M (100%)       8192M (100%)       8192M (100%)   
[229.486s][info][gc,heap     ] GC(486)      Free:     8184M (100%)       8184M (100%)       8184M (100%)       8186M (100%)       8186M (100%)       8178M (100%)   
[229.486s][info][gc,heap     ] GC(486)      Used:        8M (0%)            8M (0%)            8M (0%)            6M (0%)           14M (0%)            6M (0%)     
[229.486s][info][gc,heap     ] GC(486)      Live:         -                 0M (0%)            0M (0%)            0M (0%)             -                  -          
[229.486s][info][gc,heap     ] GC(486) Allocated:         -                 0M (0%)            0M (0%)            0M (0%)             -                  -          
[229.486s][info][gc,heap     ] GC(486)   Garbage:         -                 7M (0%)            7M (0%)            5M (0%)             -                  -          
[229.486s][info][gc,heap     ] GC(486) Reclaimed:         -                  -                 0M (0%)            2M (0%)             -                  -          
[229.486s][info][gc          ] GC(486) Garbage Collection (System.gc()) 8M(0%)->6M(0%)
[229.953s][info][gc,start    ] GC(487) Garbage Collection (System.gc())
[229.954s][info][gc,task     ] GC(487) Using 3 workers
[229.954s][info][gc,phases   ] GC(487) Pause Mark Start 0.013ms
[229.956s][info][gc,phases   ] GC(487) Concurrent Mark 2.440ms
[229.956s][info][gc,phases   ] GC(487) Pause Mark End 0.009ms
[229.956s][info][gc,phases   ] GC(487) Concurrent Mark Free 0.000ms
[229.957s][info][gc,phases   ] GC(487) Concurrent Process Non-Strong References 0.555ms
[229.957s][info][gc,phases   ] GC(487) Concurrent Reset Relocation Set 0.001ms
[229.961s][info][gc,phases   ] GC(487) Concurrent Select Relocation Set 4.314ms
[229.961s][info][gc,phases   ] GC(487) Pause Relocate Start 0.008ms
[229.962s][info][gc,phases   ] GC(487) Concurrent Relocate 0.669ms
[229.962s][info][gc,load     ] GC(487) Load: 2.69/1.87/1.73
[229.962s][info][gc,mmu      ] GC(487) MMU: 2ms/87.2%, 5ms/94.3%, 10ms/97.1%, 20ms/98.5%, 50ms/99.4%, 100ms/99.7%
[229.962s][info][gc,marking  ] GC(487) Mark: 2 stripe(s), 1 proactive flush(es), 1 terminate flush(es), 0 completion(s), 0 continuation(s) 
[229.962s][info][gc,marking  ] GC(487) Mark Stack Usage: 32M
[229.962s][info][gc,nmethod  ] GC(487) NMethods: 449 registered, 28 unregistered
[229.962s][info][gc,metaspace] GC(487) Metaspace: 0M used, 0M committed, 1088M reserved
[229.962s][info][gc,ref      ] GC(487) Soft: 2 encountered, 0 discovered, 0 enqueued
[229.962s][info][gc,ref      ] GC(487) Weak: 9 encountered, 0 discovered, 0 enqueued
[229.962s][info][gc,ref      ] GC(487) Final: 0 encountered, 0 discovered, 0 enqueued
[229.962s][info][gc,ref      ] GC(487) Phantom: 3 encountered, 2 discovered, 0 enqueued
[229.962s][info][gc,reloc    ] GC(487) Small Pages: 4 / 8M, Empty: 0M, Relocated: 0M, In-Place: 0
[229.962s][info][gc,reloc    ] GC(487) Medium Pages: 0 / 0M, Empty: 0M, Relocated: 0M, In-Place: 0
[229.962s][info][gc,reloc    ] GC(487) Large Pages: 0 / 0M, Empty: 0M, Relocated: 0M, In-Place: 0
[229.962s][info][gc,reloc    ] GC(487) Forwarding Usage: 0M
[229.962s][info][gc,heap     ] GC(487) Min Capacity: 8192M(100%)
[229.962s][info][gc,heap     ] GC(487) Max Capacity: 8192M(100%)
[229.962s][info][gc,heap     ] GC(487) Soft Max Capacity: 8192M(100%)
[229.962s][info][gc,heap     ] GC(487)                Mark Start          Mark End        Relocate Start      Relocate End           High               Low         
[229.962s][info][gc,heap     ] GC(487)  Capacity:     8192M (100%)       8192M (100%)       8192M (100%)       8192M (100%)       8192M (100%)       8192M (100%)   
[229.962s][info][gc,heap     ] GC(487)      Free:     8184M (100%)       8184M (100%)       8184M (100%)       8186M (100%)       8186M (100%)       8178M (100%)   
[229.962s][info][gc,heap     ] GC(487)      Used:        8M (0%)            8M (0%)            8M (0%)            6M (0%)           14M (0%)            6M (0%)     
[229.962s][info][gc,heap     ] GC(487)      Live:         -                 0M (0%)            0M (0%)            0M (0%)             -                  -          
[229.962s][info][gc,heap     ] GC(487) Allocated:         -                 0M (0%)            0M (0%)            0M (0%)             -                  -          
[229.962s][info][gc,heap     ] GC(487)   Garbage:         -                 7M (0%)            7M (0%)            5M (0%)             -                  -          
[229.962s][info][gc,heap     ] GC(487) Reclaimed:         -                  -                 0M (0%)            2M (0%)             -                  -          
[229.962s][info][gc          ] GC(487) Garbage Collection (System.gc()) 8M(0%)->6M(0%)
[230.017s][info][gc,stats    ] === Garbage Collection Statistics =======================================================================================================================
[230.017s][info][gc,stats    ]                                                              Last 10s              Last 10m              Last 10h                Total
[230.017s][info][gc,stats    ]                                                              Avg / Max             Avg / Max             Avg / Max             Avg / Max
[230.017s][info][gc,stats    ]   Collector: Garbage Collection Cycle                     16.733 / 23.825       14.032 / 27.701       14.032 / 27.701       14.032 / 27.701      ms
[230.017s][info][gc,stats    ]  Contention: Mark Segment Reset Contention                     0 / 2                 0 / 4                 0 / 4                 0 / 4           ops/s
[230.017s][info][gc,stats    ]  Contention: Mark SeqNum Reset Contention                      0 / 1                 0 / 3                 0 / 3                 0 / 3           ops/s
[230.017s][info][gc,stats    ]    Critical: Allocation Stall                                  0 / 0                 0 / 0                 0 / 0                 0 / 0           ops/s
[230.017s][info][gc,stats    ]    Critical: Allocation Stall                              0.000 / 0.000         0.000 / 0.000         0.000 / 0.000         0.000 / 0.000       ms
[230.017s][info][gc,stats    ]    Critical: GC Locker Stall                                   0 / 0                 0 / 0                 0 / 0                 0 / 0           ops/s
[230.017s][info][gc,stats    ]    Critical: GC Locker Stall                               0.000 / 0.000         0.000 / 0.000         0.000 / 0.000         0.000 / 0.000       ms
[230.017s][info][gc,stats    ]    Critical: Relocation Stall                                  0 / 0                 0 / 0                 0 / 0                 0 / 0           ops/s
[230.017s][info][gc,stats    ]    Critical: Relocation Stall                              0.000 / 0.000         0.000 / 0.000         0.000 / 0.000         0.000 / 0.000       ms
[230.017s][info][gc,stats    ]      Memory: Allocation Rate                                   4 / 6                 4 / 6                 4 / 6                 4 / 6           MB/s
[230.017s][info][gc,stats    ]      Memory: Defragment                                        0 / 0                 0 / 0                 0 / 0                 0 / 0           ops/s
[230.017s][info][gc,stats    ]      Memory: Out Of Memory                                     0 / 0                 0 / 0                 0 / 0                 0 / 0           ops/s
[230.017s][info][gc,stats    ]      Memory: Page Cache Flush                                  0 / 0                 0 / 0                 0 / 0                 0 / 0           MB/s
[230.017s][info][gc,stats    ]      Memory: Page Cache Hit L1                                 8 / 12                8 / 12                8 / 12                8 / 12          ops/s
[230.017s][info][gc,stats    ]      Memory: Page Cache Hit L2                                 0 / 0                 0 / 0                 0 / 0                 0 / 0           ops/s
[230.018s][info][gc,stats    ]      Memory: Page Cache Hit L3                                 0 / 0                 0 / 6                 0 / 6                 0 / 6           ops/s
[230.018s][info][gc,stats    ]      Memory: Page Cache Miss                                   0 / 0                 0 / 1                 0 / 1                 0 / 1           ops/s
[230.018s][info][gc,stats    ]      Memory: Uncommit                                          0 / 0                 0 / 0                 0 / 0                 0 / 0           MB/s
[230.018s][info][gc,stats    ]      Memory: Undo Object Allocation Failed                     0 / 0                 0 / 0                 0 / 0                 0 / 0           ops/s
[230.018s][info][gc,stats    ]      Memory: Undo Object Allocation Succeeded                  0 / 0                 0 / 0                 0 / 0                 0 / 0           ops/s
[230.018s][info][gc,stats    ]      Memory: Undo Page Allocation                              0 / 0                 0 / 0                 0 / 0                 0 / 0           ops/s
[230.018s][info][gc,stats    ]       Phase: Concurrent Mark                               7.305 / 14.703        5.292 / 15.502        5.292 / 15.502        5.292 / 15.502      ms
[230.018s][info][gc,stats    ]       Phase: Concurrent Mark Continue                      0.000 / 0.000         0.000 / 0.000         0.000 / 0.000         0.000 / 0.000       ms
[230.018s][info][gc,stats    ]       Phase: Concurrent Mark Free                          0.001 / 0.004         0.001 / 0.004         0.001 / 0.004         0.001 / 0.004       ms
[230.018s][info][gc,stats    ]       Phase: Concurrent Process Non-Strong References      3.141 / 12.477        2.125 / 13.093        2.125 / 13.093        2.125 / 13.093      ms
[230.018s][info][gc,stats    ]       Phase: Concurrent Relocate                           0.604 / 0.880         0.634 / 1.182         0.634 / 1.182         0.634 / 1.182       ms
[230.018s][info][gc,stats    ]       Phase: Concurrent Reset Relocation Set               0.002 / 0.004         0.002 / 0.028         0.002 / 0.028         0.002 / 0.028       ms
[230.018s][info][gc,stats    ]       Phase: Concurrent Select Relocation Set              3.920 / 5.692         4.319 / 15.311        4.319 / 15.311        4.319 / 15.311      ms
[230.018s][info][gc,stats    ]       Phase: Pause Mark End                                0.022 / 0.095         0.017 / 0.137         0.017 / 0.137         0.017 / 0.137       ms
[230.018s][info][gc,stats    ]       Phase: Pause Mark Start                              0.022 / 0.213         0.013 / 0.257         0.013 / 0.257         0.013 / 0.257       ms
[230.018s][info][gc,stats    ]       Phase: Pause Relocate Start                          0.010 / 0.021         0.008 / 0.134         0.008 / 0.134         0.008 / 0.134       ms
[230.018s][info][gc,stats    ]    Subphase: Concurrent Classes Purge                      0.034 / 0.148         0.029 / 0.287         0.029 / 0.287         0.029 / 0.287       ms
[230.018s][info][gc,stats    ]    Subphase: Concurrent Classes Unlink                     1.155 / 2.753         1.184 / 11.679        1.184 / 11.679        1.184 / 11.679      ms
[230.018s][info][gc,stats    ]    Subphase: Concurrent Mark                               3.487 / 11.392        2.578 / 11.772        2.578 / 11.772        2.578 / 11.772      ms
[230.018s][info][gc,stats    ]    Subphase: Concurrent Mark Try Flush                     0.468 / 4.342         0.289 / 6.755         0.289 / 6.755         0.289 / 6.755       ms
[230.018s][info][gc,stats    ]    Subphase: Concurrent Mark Try Terminate                 1.340 / 5.911         0.996 / 8.740         0.996 / 8.740         0.996 / 8.740       ms
[230.018s][info][gc,stats    ]    Subphase: Concurrent References Enqueue                 0.000 / 0.001         0.000 / 0.004         0.000 / 0.004         0.000 / 0.004       ms
[230.018s][info][gc,stats    ]    Subphase: Concurrent References Process                 1.312 / 9.371         0.435 / 9.421         0.435 / 9.421         0.435 / 9.421       ms
[230.018s][info][gc,stats    ]    Subphase: Concurrent Roots ClassLoaderDataGraph         0.162 / 0.667         0.141 / 2.621         0.141 / 2.621         0.141 / 2.621       ms
[230.018s][info][gc,stats    ]    Subphase: Concurrent Roots CodeCache                    0.000 / 0.000         0.000 / 0.000         0.000 / 0.000         0.000 / 0.000       ms
[230.018s][info][gc,stats    ]    Subphase: Concurrent Roots JavaThreads                  0.212 / 0.540         0.193 / 1.065         0.193 / 1.065         0.193 / 1.065       ms
[230.018s][info][gc,stats    ]    Subphase: Concurrent Roots OopStorageSet                0.017 / 0.034         0.018 / 1.078         0.018 / 1.078         0.018 / 1.078       ms
[230.018s][info][gc,stats    ]    Subphase: Concurrent Weak Roots OopStorageSet           0.100 / 0.743         0.064 / 0.743         0.064 / 0.743         0.064 / 0.743       ms
[230.018s][info][gc,stats    ]    Subphase: Pause Mark Try Complete                       0.000 / 0.000         0.000 / 0.000         0.000 / 0.000         0.000 / 0.000       ms
[230.018s][info][gc,stats    ]      System: Java Threads                                     10 / 10               10 / 10               10 / 10               10 / 10          threads
[230.018s][info][gc,stats    ] =========================================================================================================================================================
[230.418s][info][gc,start    ] GC(488) Garbage Collection (System.gc())
[230.418s][info][gc,task     ] GC(488) Using 3 workers
[230.419s][info][gc,phases   ] GC(488) Pause Mark Start 0.013ms
[230.433s][info][gc,phases   ] GC(488) Concurrent Mark 14.131ms
[230.433s][info][gc,phases   ] GC(488) Pause Mark End 0.025ms
[230.433s][info][gc,phases   ] GC(488) Concurrent Mark Free 0.001ms
[230.435s][info][gc,phases   ] GC(488) Concurrent Process Non-Strong References 2.078ms
[230.435s][info][gc,phases   ] GC(488) Concurrent Reset Relocation Set 0.002ms
[230.438s][info][gc,phases   ] GC(488) Concurrent Select Relocation Set 2.520ms
[230.438s][info][gc,phases   ] GC(488) Pause Relocate Start 0.028ms
[230.439s][info][gc,phases   ] GC(488) Concurrent Relocate 0.519ms
[230.439s][info][gc,load     ] GC(488) Load: 2.96/1.94/1.76
[230.439s][info][gc,mmu      ] GC(488) MMU: 2ms/87.2%, 5ms/94.3%, 10ms/97.1%, 20ms/98.5%, 50ms/99.4%, 100ms/99.7%
[230.439s][info][gc,marking  ] GC(488) Mark: 2 stripe(s), 1 proactive flush(es), 1 terminate flush(es), 0 completion(s), 0 continuation(s) 
[230.439s][info][gc,marking  ] GC(488) Mark Stack Usage: 32M
[230.439s][info][gc,nmethod  ] GC(488) NMethods: 449 registered, 28 unregistered
[230.439s][info][gc,metaspace] GC(488) Metaspace: 0M used, 0M committed, 1088M reserved
[230.439s][info][gc,ref      ] GC(488) Soft: 2 encountered, 0 discovered, 0 enqueued
[230.439s][info][gc,ref      ] GC(488) Weak: 9 encountered, 0 discovered, 0 enqueued
[230.439s][info][gc,ref      ] GC(488) Final: 0 encountered, 0 discovered, 0 enqueued
[230.439s][info][gc,ref      ] GC(488) Phantom: 3 encountered, 1 discovered, 0 enqueued
[230.439s][info][gc,reloc    ] GC(488) Small Pages: 4 / 8M, Empty: 0M, Relocated: 0M, In-Place: 0
[230.439s][info][gc,reloc    ] GC(488) Medium Pages: 0 / 0M, Empty: 0M, Relocated: 0M, In-Place: 0
[230.439s][info][gc,reloc    ] GC(488) Large Pages: 0 / 0M, Empty: 0M, Relocated: 0M, In-Place: 0
[230.439s][info][gc,reloc    ] GC(488) Forwarding Usage: 0M
[230.439s][info][gc,heap     ] GC(488) Min Capacity: 8192M(100%)
[230.439s][info][gc,heap     ] GC(488) Max Capacity: 8192M(100%)
[230.439s][info][gc,heap     ] GC(488) Soft Max Capacity: 8192M(100%)
[230.439s][info][gc,heap     ] GC(488)                Mark Start          Mark End        Relocate Start      Relocate End           High               Low         
[230.439s][info][gc,heap     ] GC(488)  Capacity:     8192M (100%)       8192M (100%)       8192M (100%)       8192M (100%)       8192M (100%)       8192M (100%)   
[230.439s][info][gc,heap     ] GC(488)      Free:     8184M (100%)       8184M (100%)       8184M (100%)       8186M (100%)       8186M (100%)       8180M (100%)   
[230.439s][info][gc,heap     ] GC(488)      Used:        8M (0%)            8M (0%)            8M (0%)            6M (0%)           12M (0%)            6M (0%)     
[230.439s][info][gc,heap     ] GC(488)      Live:         -                 0M (0%)            0M (0%)            0M (0%)             -                  -          
[230.439s][info][gc,heap     ] GC(488) Allocated:         -                 0M (0%)            0M (0%)            0M (0%)             -                  -          
[230.439s][info][gc,heap     ] GC(488)   Garbage:         -                 7M (0%)            7M (0%)            5M (0%)             -                  -          
[230.439s][info][gc,heap     ] GC(488) Reclaimed:         -                  -                 0M (0%)            2M (0%)             -                  -          
[230.439s][info][gc          ] GC(488) Garbage Collection (System.gc()) 8M(0%)->6M(0%)
[230.897s][info][gc,start    ] GC(489) Garbage Collection (System.gc())
[230.897s][info][gc,task     ] GC(489) Using 3 workers
[230.897s][info][gc,phases   ] GC(489) Pause Mark Start 0.013ms
[230.903s][info][gc,phases   ] GC(489) Concurrent Mark 4.849ms
[230.903s][info][gc,phases   ] GC(489) Pause Mark End 0.019ms
[230.903s][info][gc,phases   ] GC(489) Concurrent Mark Free 0.001ms
[230.914s][info][gc,phases   ] GC(489) Concurrent Process Non-Strong References 10.505ms
[230.914s][info][gc,phases   ] GC(489) Concurrent Reset Relocation Set 0.002ms
[230.918s][info][gc,phases   ] GC(489) Concurrent Select Relocation Set 4.036ms
[230.918s][info][gc,phases   ] GC(489) Pause Relocate Start 0.006ms
[230.918s][info][gc,phases   ] GC(489) Concurrent Relocate 0.556ms
[230.918s][info][gc,load     ] GC(489) Load: 2.96/1.94/1.76
[230.918s][info][gc,mmu      ] GC(489) MMU: 2ms/87.2%, 5ms/94.3%, 10ms/97.1%, 20ms/98.5%, 50ms/99.4%, 100ms/99.7%
[230.918s][info][gc,marking  ] GC(489) Mark: 2 stripe(s), 1 proactive flush(es), 1 terminate flush(es), 0 completion(s), 0 continuation(s) 
[230.918s][info][gc,marking  ] GC(489) Mark Stack Usage: 32M
[230.918s][info][gc,nmethod  ] GC(489) NMethods: 449 registered, 28 unregistered
[230.918s][info][gc,metaspace] GC(489) Metaspace: 0M used, 0M committed, 1088M reserved
[230.918s][info][gc,ref      ] GC(489) Soft: 2 encountered, 0 discovered, 0 enqueued
[230.918s][info][gc,ref      ] GC(489) Weak: 9 encountered, 0 discovered, 0 enqueued
[230.918s][info][gc,ref      ] GC(489) Final: 0 encountered, 0 discovered, 0 enqueued
[230.918s][info][gc,ref      ] GC(489) Phantom: 3 encountered, 2 discovered, 0 enqueued
[230.918s][info][gc,reloc    ] GC(489) Small Pages: 4 / 8M, Empty: 0M, Relocated: 0M, In-Place: 0
[230.918s][info][gc,reloc    ] GC(489) Medium Pages: 0 / 0M, Empty: 0M, Relocated: 0M, In-Place: 0
[230.918s][info][gc,reloc    ] GC(489) Large Pages: 0 / 0M, Empty: 0M, Relocated: 0M, In-Place: 0
[230.918s][info][gc,reloc    ] GC(489) Forwarding Usage: 0M
[230.918s][info][gc,heap     ] GC(489) Min Capacity: 8192M(100%)
[230.918s][info][gc,heap     ] GC(489) Max Capacity: 8192M(100%)
[230.918s][info][gc,heap     ] GC(489) Soft Max Capacity: 8192M(100%)
[230.918s][info][gc,heap     ] GC(489)                Mark Start          Mark End        Relocate Start      Relocate End           High               Low         
[230.918s][info][gc,heap     ] GC(489)  Capacity:     8192M (100%)       8192M (100%)       8192M (100%)       8192M (100%)       8192M (100%)       8192M (100%)   
[230.918s][info][gc,heap     ] GC(489)      Free:     8184M (100%)       8184M (100%)       8184M (100%)       8186M (100%)       8186M (100%)       8178M (100%)   
[230.919s][info][gc,heap     ] GC(489)      Used:        8M (0%)            8M (0%)            8M (0%)            6M (0%)           14M (0%)            6M (0%)     
[230.919s][info][gc,heap     ] GC(489)      Live:         -                 0M (0%)            0M (0%)            0M (0%)             -                  -          
[230.919s][info][gc,heap     ] GC(489) Allocated:         -                 0M (0%)            0M (0%)            0M (0%)             -                  -          
[230.919s][info][gc,heap     ] GC(489)   Garbage:         -                 7M (0%)            7M (0%)            5M (0%)             -                  -          
[230.919s][info][gc,heap     ] GC(489) Reclaimed:         -                  -                 0M (0%)            2M (0%)             -                  -          
[230.919s][info][gc          ] GC(489) Garbage Collection (System.gc()) 8M(0%)->6M(0%)
[231.375s][info][gc,start    ] GC(490) Garbage Collection (System.gc())
[231.375s][info][gc,task     ] GC(490) Using 3 workers
[231.375s][info][gc,phases   ] GC(490) Pause Mark Start 0.012ms
[231.381s][info][gc,phases   ] GC(490) Concurrent Mark 5.388ms
[231.381s][info][gc,phases   ] GC(490) Pause Mark End 0.019ms
[231.381s][info][gc,phases   ] GC(490) Concurrent Mark Free 0.002ms
[231.392s][info][gc,phases   ] GC(490) Concurrent Process Non-Strong References 10.597ms
[231.392s][info][gc,phases   ] GC(490) Concurrent Reset Relocation Set 0.002ms
[231.397s][info][gc,phases   ] GC(490) Concurrent Select Relocation Set 4.566ms
[231.397s][info][gc,phases   ] GC(490) Pause Relocate Start 0.007ms
[231.397s][info][gc,phases   ] GC(490) Concurrent Relocate 0.656ms
[231.397s][info][gc,load     ] GC(490) Load: 2.96/1.94/1.76
[231.397s][info][gc,mmu      ] GC(490) MMU: 2ms/87.2%, 5ms/94.3%, 10ms/97.1%, 20ms/98.5%, 50ms/99.4%, 100ms/99.7%
[231.398s][info][gc,marking  ] GC(490) Mark: 2 stripe(s), 1 proactive flush(es), 1 terminate flush(es), 0 completion(s), 0 continuation(s) 
[231.398s][info][gc,marking  ] GC(490) Mark Stack Usage: 32M
[231.398s][info][gc,nmethod  ] GC(490) NMethods: 449 registered, 28 unregistered
[231.398s][info][gc,metaspace] GC(490) Metaspace: 0M used, 0M committed, 1088M reserved
[231.398s][info][gc,ref      ] GC(490) Soft: 2 encountered, 0 discovered, 0 enqueued
[231.398s][info][gc,ref      ] GC(490) Weak: 9 encountered, 0 discovered, 0 enqueued
[231.398s][info][gc,ref      ] GC(490) Final: 0 encountered, 0 discovered, 0 enqueued
[231.398s][info][gc,ref      ] GC(490) Phantom: 3 encountered, 2 discovered, 0 enqueued
[231.398s][info][gc,reloc    ] GC(490) Small Pages: 4 / 8M, Empty: 0M, Relocated: 0M, In-Place: 0
[231.398s][info][gc,reloc    ] GC(490) Medium Pages: 0 / 0M, Empty: 0M, Relocated: 0M, In-Place: 0
[231.398s][info][gc,reloc    ] GC(490) Large Pages: 0 / 0M, Empty: 0M, Relocated: 0M, In-Place: 0
[231.398s][info][gc,reloc    ] GC(490) Forwarding Usage: 0M
[231.398s][info][gc,heap     ] GC(490) Min Capacity: 8192M(100%)
[231.398s][info][gc,heap     ] GC(490) Max Capacity: 8192M(100%)
[231.398s][info][gc,heap     ] GC(490) Soft Max Capacity: 8192M(100%)
[231.398s][info][gc,heap     ] GC(490)                Mark Start          Mark End        Relocate Start      Relocate End           High               Low         
[231.398s][info][gc,heap     ] GC(490)  Capacity:     8192M (100%)       8192M (100%)       8192M (100%)       8192M (100%)       8192M (100%)       8192M (100%)   
[231.398s][info][gc,heap     ] GC(490)      Free:     8184M (100%)       8184M (100%)       8184M (100%)       8186M (100%)       8186M (100%)       8178M (100%)   
[231.398s][info][gc,heap     ] GC(490)      Used:        8M (0%)            8M (0%)            8M (0%)            6M (0%)           14M (0%)            6M (0%)     
[231.398s][info][gc,heap     ] GC(490)      Live:         -                 0M (0%)            0M (0%)            0M (0%)             -                  -          
[231.398s][info][gc,heap     ] GC(490) Allocated:         -                 0M (0%)            0M (0%)            0M (0%)             -                  -          
[231.398s][info][gc,heap     ] GC(490)   Garbage:         -                 7M (0%)            7M (0%)            5M (0%)             -                  -          
[231.398s][info][gc,heap     ] GC(490) Reclaimed:         -                  -                 0M (0%)            2M (0%)             -                  -          
[231.398s][info][gc          ] GC(490) Garbage Collection (System.gc()) 8M(0%)->6M(0%)
[231.855s][info][gc,start    ] GC(491) Garbage Collection (System.gc())
[231.855s][info][gc,task     ] GC(491) Using 3 workers
[231.855s][info][gc,phases   ] GC(491) Pause Mark Start 0.014ms
[231.868s][info][gc,phases   ] GC(491) Concurrent Mark 12.773ms
[231.868s][info][gc,phases   ] GC(491) Pause Mark End 0.175ms
[231.868s][info][gc,phases   ] GC(491) Concurrent Mark Free 0.001ms
[231.871s][info][gc,phases   ] GC(491) Concurrent Process Non-Strong References 2.086ms
[231.871s][info][gc,phases   ] GC(491) Concurrent Reset Relocation Set 0.001ms
[231.874s][info][gc,phases   ] GC(491) Concurrent Select Relocation Set 3.038ms
[231.874s][info][gc,phases   ] GC(491) Pause Relocate Start 0.005ms
[231.874s][info][gc,phases   ] GC(491) Concurrent Relocate 0.425ms
[231.874s][info][gc,load     ] GC(491) Load: 2.96/1.94/1.76
[231.874s][info][gc,mmu      ] GC(491) MMU: 2ms/87.2%, 5ms/94.3%, 10ms/97.1%, 20ms/98.5%, 50ms/99.4%, 100ms/99.7%
[231.874s][info][gc,marking  ] GC(491) Mark: 2 stripe(s), 1 proactive flush(es), 1 terminate flush(es), 0 completion(s), 0 continuation(s) 
[231.874s][info][gc,marking  ] GC(491) Mark Stack Usage: 32M
[231.874s][info][gc,nmethod  ] GC(491) NMethods: 449 registered, 28 unregistered
[231.874s][info][gc,metaspace] GC(491) Metaspace: 0M used, 0M committed, 1088M reserved
[231.874s][info][gc,ref      ] GC(491) Soft: 2 encountered, 0 discovered, 0 enqueued
[231.874s][info][gc,ref      ] GC(491) Weak: 9 encountered, 0 discovered, 0 enqueued
[231.874s][info][gc,ref      ] GC(491) Final: 0 encountered, 0 discovered, 0 enqueued
[231.874s][info][gc,ref      ] GC(491) Phantom: 3 encountered, 2 discovered, 0 enqueued
[231.874s][info][gc,reloc    ] GC(491) Small Pages: 4 / 8M, Empty: 0M, Relocated: 0M, In-Place: 0
[231.874s][info][gc,reloc    ] GC(491) Medium Pages: 0 / 0M, Empty: 0M, Relocated: 0M, In-Place: 0
[231.874s][info][gc,reloc    ] GC(491) Large Pages: 0 / 0M, Empty: 0M, Relocated: 0M, In-Place: 0
[231.874s][info][gc,reloc    ] GC(491) Forwarding Usage: 0M
[231.874s][info][gc,heap     ] GC(491) Min Capacity: 8192M(100%)
[231.874s][info][gc,heap     ] GC(491) Max Capacity: 8192M(100%)
[231.874s][info][gc,heap     ] GC(491) Soft Max Capacity: 8192M(100%)
[231.874s][info][gc,heap     ] GC(491)                Mark Start          Mark End        Relocate Start      Relocate End           High               Low         
[231.874s][info][gc,heap     ] GC(491)  Capacity:     8192M (100%)       8192M (100%)       8192M (100%)       8192M (100%)       8192M (100%)       8192M (100%)   
[231.874s][info][gc,heap     ] GC(491)      Free:     8184M (100%)       8184M (100%)       8184M (100%)       8186M (100%)       8186M (100%)       8178M (100%)   
[231.874s][info][gc,heap     ] GC(491)      Used:        8M (0%)            8M (0%)            8M (0%)            6M (0%)           14M (0%)            6M (0%)     
[231.874s][info][gc,heap     ] GC(491)      Live:         -                 0M (0%)            0M (0%)            0M (0%)             -                  -          
[231.874s][info][gc,heap     ] GC(491) Allocated:         -                 0M (0%)            0M (0%)            0M (0%)             -                  -          
[231.874s][info][gc,heap     ] GC(491)   Garbage:         -                 7M (0%)            7M (0%)            5M (0%)             -                  -          
[231.874s][info][gc,heap     ] GC(491) Reclaimed:         -                  -                 0M (0%)            2M (0%)             -                  -          
[231.874s][info][gc          ] GC(491) Garbage Collection (System.gc()) 8M(0%)->6M(0%)
[232.333s][info][gc,start    ] GC(492) Garbage Collection (System.gc())
[232.333s][info][gc,task     ] GC(492) Using 3 workers
[232.333s][info][gc,phases   ] GC(492) Pause Mark Start 0.011ms
[232.337s][info][gc,phases   ] GC(492) Concurrent Mark 3.667ms
[232.337s][info][gc,phases   ] GC(492) Pause Mark End 0.019ms
[232.337s][info][gc,phases   ] GC(492) Concurrent Mark Free 0.001ms
[232.340s][info][gc,phases   ] GC(492) Concurrent Process Non-Strong References 3.333ms
[232.340s][info][gc,phases   ] GC(492) Concurrent Reset Relocation Set 0.002ms
[232.344s][info][gc,phases   ] GC(492) Concurrent Select Relocation Set 3.760ms
[232.344s][info][gc,phases   ] GC(492) Pause Relocate Start 0.006ms
[232.345s][info][gc,phases   ] GC(492) Concurrent Relocate 0.609ms
[232.345s][info][gc,load     ] GC(492) Load: 2.96/1.94/1.76
[232.345s][info][gc,mmu      ] GC(492) MMU: 2ms/87.2%, 5ms/94.3%, 10ms/97.1%, 20ms/98.5%, 50ms/99.4%, 100ms/99.7%
[232.345s][info][gc,marking  ] GC(492) Mark: 2 stripe(s), 1 proactive flush(es), 1 terminate flush(es), 0 completion(s), 0 continuation(s) 
[232.345s][info][gc,marking  ] GC(492) Mark Stack Usage: 32M
[232.345s][info][gc,nmethod  ] GC(492) NMethods: 449 registered, 28 unregistered
[232.345s][info][gc,metaspace] GC(492) Metaspace: 0M used, 0M committed, 1088M reserved
[232.345s][info][gc,ref      ] GC(492) Soft: 2 encountered, 0 discovered, 0 enqueued
[232.345s][info][gc,ref      ] GC(492) Weak: 9 encountered, 0 discovered, 0 enqueued
[232.345s][info][gc,ref      ] GC(492) Final: 0 encountered, 0 discovered, 0 enqueued
[232.345s][info][gc,ref      ] GC(492) Phantom: 3 encountered, 2 discovered, 0 enqueued
[232.345s][info][gc,reloc    ] GC(492) Small Pages: 4 / 8M, Empty: 0M, Relocated: 0M, In-Place: 0
[232.345s][info][gc,reloc    ] GC(492) Medium Pages: 0 / 0M, Empty: 0M, Relocated: 0M, In-Place: 0
[232.345s][info][gc,reloc    ] GC(492) Large Pages: 0 / 0M, Empty: 0M, Relocated: 0M, In-Place: 0
[232.345s][info][gc,reloc    ] GC(492) Forwarding Usage: 0M
[232.345s][info][gc,heap     ] GC(492) Min Capacity: 8192M(100%)
[232.345s][info][gc,heap     ] GC(492) Max Capacity: 8192M(100%)
[232.345s][info][gc,heap     ] GC(492) Soft Max Capacity: 8192M(100%)
[232.345s][info][gc,heap     ] GC(492)                Mark Start          Mark End        Relocate Start      Relocate End           High               Low         
[232.345s][info][gc,heap     ] GC(492)  Capacity:     8192M (100%)       8192M (100%)       8192M (100%)       8192M (100%)       8192M (100%)       8192M (100%)   
[232.345s][info][gc,heap     ] GC(492)      Free:     8184M (100%)       8184M (100%)       8184M (100%)       8186M (100%)       8186M (100%)       8178M (100%)   
[232.345s][info][gc,heap     ] GC(492)      Used:        8M (0%)            8M (0%)            8M (0%)            6M (0%)           14M (0%)            6M (0%)     
[232.345s][info][gc,heap     ] GC(492)      Live:         -                 0M (0%)            0M (0%)            0M (0%)             -                  -          
[232.345s][info][gc,heap     ] GC(492) Allocated:         -                 0M (0%)            0M (0%)            0M (0%)             -                  -          
[232.345s][info][gc,heap     ] GC(492)   Garbage:         -                 7M (0%)            7M (0%)            5M (0%)             -                  -          
[232.345s][info][gc,heap     ] GC(492) Reclaimed:         -                  -                 0M (0%)            2M (0%)             -                  -          
[232.345s][info][gc          ] GC(492) Garbage Collection (System.gc()) 8M(0%)->6M(0%)
[232.798s][info][gc,start    ] GC(493) Garbage Collection (System.gc())
[232.798s][info][gc,task     ] GC(493) Using 3 workers
[232.798s][info][gc,phases   ] GC(493) Pause Mark Start 0.015ms
[232.805s][info][gc,phases   ] GC(493) Concurrent Mark 3.527ms
[232.805s][info][gc,phases   ] GC(493) Pause Mark End 0.017ms
[232.805s][info][gc,phases   ] GC(493) Concurrent Mark Free 0.001ms
[232.809s][info][gc,phases   ] GC(493) Concurrent Process Non-Strong References 3.867ms
[232.809s][info][gc,phases   ] GC(493) Concurrent Reset Relocation Set 0.002ms
[232.816s][info][gc,phases   ] GC(493) Concurrent Select Relocation Set 6.714ms
[232.816s][info][gc,phases   ] GC(493) Pause Relocate Start 0.022ms
[232.817s][info][gc,phases   ] GC(493) Concurrent Relocate 1.462ms
[232.818s][info][gc,load     ] GC(493) Load: 2.96/1.94/1.76
[232.818s][info][gc,mmu      ] GC(493) MMU: 2ms/87.2%, 5ms/94.3%, 10ms/97.1%, 20ms/98.5%, 50ms/99.4%, 100ms/99.7%
[232.818s][info][gc,marking  ] GC(493) Mark: 2 stripe(s), 1 proactive flush(es), 1 terminate flush(es), 0 completion(s), 0 continuation(s) 
[232.818s][info][gc,marking  ] GC(493) Mark Stack Usage: 32M
[232.818s][info][gc,nmethod  ] GC(493) NMethods: 449 registered, 28 unregistered
[232.818s][info][gc,metaspace] GC(493) Metaspace: 0M used, 0M committed, 1088M reserved
[232.818s][info][gc,ref      ] GC(493) Soft: 2 encountered, 0 discovered, 0 enqueued
[232.818s][info][gc,ref      ] GC(493) Weak: 9 encountered, 0 discovered, 0 enqueued
[232.818s][info][gc,ref      ] GC(493) Final: 0 encountered, 0 discovered, 0 enqueued
[232.818s][info][gc,ref      ] GC(493) Phantom: 3 encountered, 1 discovered, 0 enqueued
[232.818s][info][gc,reloc    ] GC(493) Small Pages: 4 / 8M, Empty: 0M, Relocated: 0M, In-Place: 0
[232.818s][info][gc,reloc    ] GC(493) Medium Pages: 0 / 0M, Empty: 0M, Relocated: 0M, In-Place: 0
[232.818s][info][gc,reloc    ] GC(493) Large Pages: 0 / 0M, Empty: 0M, Relocated: 0M, In-Place: 0
[232.818s][info][gc,reloc    ] GC(493) Forwarding Usage: 0M
[232.818s][info][gc,heap     ] GC(493) Min Capacity: 8192M(100%)
[232.818s][info][gc,heap     ] GC(493) Max Capacity: 8192M(100%)
[232.818s][info][gc,heap     ] GC(493) Soft Max Capacity: 8192M(100%)
[232.818s][info][gc,heap     ] GC(493)                Mark Start          Mark End        Relocate Start      Relocate End           High               Low         
[232.818s][info][gc,heap     ] GC(493)  Capacity:     8192M (100%)       8192M (100%)       8192M (100%)       8192M (100%)       8192M (100%)       8192M (100%)   
[232.818s][info][gc,heap     ] GC(493)      Free:     8184M (100%)       8184M (100%)       8184M (100%)       8186M (100%)       8186M (100%)       8178M (100%)   
[232.818s][info][gc,heap     ] GC(493)      Used:        8M (0%)            8M (0%)            8M (0%)            6M (0%)           14M (0%)            6M (0%)     
[232.818s][info][gc,heap     ] GC(493)      Live:         -                 0M (0%)            0M (0%)            0M (0%)             -                  -          
[232.818s][info][gc,heap     ] GC(493) Allocated:         -                 0M (0%)            0M (0%)            0M (0%)             -                  -          
[232.818s][info][gc,heap     ] GC(493)   Garbage:         -                 7M (0%)            7M (0%)            5M (0%)             -                  -          
[232.818s][info][gc,heap     ] GC(493) Reclaimed:         -                  -                 0M (0%)            2M (0%)             -                  -          
[232.818s][info][gc          ] GC(493) Garbage Collection (System.gc()) 8M(0%)->6M(0%)
[233.271s][info][gc,start    ] GC(494) Garbage Collection (System.gc())
[233.271s][info][gc,task     ] GC(494) Using 3 workers
[233.271s][info][gc,phases   ] GC(494) Pause Mark Start 0.012ms
[233.274s][info][gc,phases   ] GC(494) Concurrent Mark 2.964ms
[233.274s][info][gc,phases   ] GC(494) Pause Mark End 0.018ms
[233.274s][info][gc,phases   ] GC(494) Concurrent Mark Free 0.001ms
[233.279s][info][gc,phases   ] GC(494) Concurrent Process Non-Strong References 4.116ms
[233.279s][info][gc,phases   ] GC(494) Concurrent Reset Relocation Set 0.003ms
[233.285s][info][gc,phases   ] GC(494) Concurrent Select Relocation Set 6.146ms
[233.285s][info][gc,phases   ] GC(494) Pause Relocate Start 0.017ms
[233.292s][info][gc,phases   ] GC(494) Concurrent Relocate 2.796ms
[233.292s][info][gc,load     ] GC(494) Load: 2.96/1.94/1.76
[233.292s][info][gc,mmu      ] GC(494) MMU: 2ms/87.2%, 5ms/94.3%, 10ms/97.1%, 20ms/98.5%, 50ms/99.4%, 100ms/99.7%
[233.292s][info][gc,marking  ] GC(494) Mark: 2 stripe(s), 1 proactive flush(es), 1 terminate flush(es), 0 completion(s), 0 continuation(s) 
[233.292s][info][gc,marking  ] GC(494) Mark Stack Usage: 32M
[233.292s][info][gc,nmethod  ] GC(494) NMethods: 449 registered, 28 unregistered
[233.292s][info][gc,metaspace] GC(494) Metaspace: 0M used, 0M committed, 1088M reserved
[233.292s][info][gc,ref      ] GC(494) Soft: 2 encountered, 0 discovered, 0 enqueued
[233.292s][info][gc,ref      ] GC(494) Weak: 9 encountered, 0 discovered, 0 enqueued
[233.292s][info][gc,ref      ] GC(494) Final: 0 encountered, 0 discovered, 0 enqueued
[233.292s][info][gc,ref      ] GC(494) Phantom: 3 encountered, 2 discovered, 0 enqueued
[233.292s][info][gc,reloc    ] GC(494) Small Pages: 4 / 8M, Empty: 2M, Relocated: 0M, In-Place: 0
[233.292s][info][gc,reloc    ] GC(494) Medium Pages: 0 / 0M, Empty: 0M, Relocated: 0M, In-Place: 0
[233.292s][info][gc,reloc    ] GC(494) Large Pages: 0 / 0M, Empty: 0M, Relocated: 0M, In-Place: 0
[233.292s][info][gc,reloc    ] GC(494) Forwarding Usage: 0M
[233.292s][info][gc,heap     ] GC(494) Min Capacity: 8192M(100%)
[233.292s][info][gc,heap     ] GC(494) Max Capacity: 8192M(100%)
[233.292s][info][gc,heap     ] GC(494) Soft Max Capacity: 8192M(100%)
[233.292s][info][gc,heap     ] GC(494)                Mark Start          Mark End        Relocate Start      Relocate End           High               Low         
[233.292s][info][gc,heap     ] GC(494)  Capacity:     8192M (100%)       8192M (100%)       8192M (100%)       8192M (100%)       8192M (100%)       8192M (100%)   
[233.292s][info][gc,heap     ] GC(494)      Free:     8184M (100%)       8184M (100%)       8186M (100%)       8186M (100%)       8186M (100%)       8182M (100%)   
[233.292s][info][gc,heap     ] GC(494)      Used:        8M (0%)            8M (0%)            6M (0%)            6M (0%)           10M (0%)            6M (0%)     
[233.292s][info][gc,heap     ] GC(494)      Live:         -                 0M (0%)            0M (0%)            0M (0%)             -                  -          
[233.292s][info][gc,heap     ] GC(494) Allocated:         -                 0M (0%)            0M (0%)            0M (0%)             -                  -          
[233.292s][info][gc,heap     ] GC(494)   Garbage:         -                 7M (0%)            5M (0%)            5M (0%)             -                  -          
[233.292s][info][gc,heap     ] GC(494) Reclaimed:         -                  -                 2M (0%)            2M (0%)             -                  -          
[233.292s][info][gc          ] GC(494) Garbage Collection (System.gc()) 8M(0%)->6M(0%)
[233.746s][info][gc,start    ] GC(495) Garbage Collection (System.gc())
[233.746s][info][gc,task     ] GC(495) Using 3 workers
[233.746s][info][gc,phases   ] GC(495) Pause Mark Start 0.010ms
[233.752s][info][gc,phases   ] GC(495) Concurrent Mark 5.072ms
[233.752s][info][gc,phases   ] GC(495) Pause Mark End 0.014ms
[233.752s][info][gc,phases   ] GC(495) Concurrent Mark Free 0.001ms
[233.755s][info][gc,phases   ] GC(495) Concurrent Process Non-Strong References 2.498ms
[233.755s][info][gc,phases   ] GC(495) Concurrent Reset Relocation Set 0.002ms
[233.759s][info][gc,phases   ] GC(495) Concurrent Select Relocation Set 4.783ms
[233.760s][info][gc,phases   ] GC(495) Pause Relocate Start 0.009ms
[233.760s][info][gc,phases   ] GC(495) Concurrent Relocate 0.611ms
[233.760s][info][gc,load     ] GC(495) Load: 2.96/1.94/1.76
[233.760s][info][gc,mmu      ] GC(495) MMU: 2ms/87.2%, 5ms/94.3%, 10ms/97.1%, 20ms/98.5%, 50ms/99.4%, 100ms/99.7%
[233.760s][info][gc,marking  ] GC(495) Mark: 2 stripe(s), 1 proactive flush(es), 1 terminate flush(es), 0 completion(s), 0 continuation(s) 
[233.760s][info][gc,marking  ] GC(495) Mark Stack Usage: 32M
[233.760s][info][gc,nmethod  ] GC(495) NMethods: 449 registered, 28 unregistered
[233.760s][info][gc,metaspace] GC(495) Metaspace: 0M used, 0M committed, 1088M reserved
[233.760s][info][gc,ref      ] GC(495) Soft: 2 encountered, 0 discovered, 0 enqueued
[233.760s][info][gc,ref      ] GC(495) Weak: 9 encountered, 0 discovered, 0 enqueued
[233.760s][info][gc,ref      ] GC(495) Final: 0 encountered, 0 discovered, 0 enqueued
[233.760s][info][gc,ref      ] GC(495) Phantom: 3 encountered, 0 discovered, 0 enqueued
[233.760s][info][gc,reloc    ] GC(495) Small Pages: 4 / 8M, Empty: 0M, Relocated: 0M, In-Place: 0
[233.760s][info][gc,reloc    ] GC(495) Medium Pages: 0 / 0M, Empty: 0M, Relocated: 0M, In-Place: 0
[233.760s][info][gc,reloc    ] GC(495) Large Pages: 0 / 0M, Empty: 0M, Relocated: 0M, In-Place: 0
[233.760s][info][gc,reloc    ] GC(495) Forwarding Usage: 0M
[233.760s][info][gc,heap     ] GC(495) Min Capacity: 8192M(100%)
[233.760s][info][gc,heap     ] GC(495) Max Capacity: 8192M(100%)
[233.760s][info][gc,heap     ] GC(495) Soft Max Capacity: 8192M(100%)
[233.760s][info][gc,heap     ] GC(495)                Mark Start          Mark End        Relocate Start      Relocate End           High               Low         
[233.760s][info][gc,heap     ] GC(495)  Capacity:     8192M (100%)       8192M (100%)       8192M (100%)       8192M (100%)       8192M (100%)       8192M (100%)   
[233.760s][info][gc,heap     ] GC(495)      Free:     8184M (100%)       8184M (100%)       8184M (100%)       8186M (100%)       8186M (100%)       8178M (100%)   
[233.760s][info][gc,heap     ] GC(495)      Used:        8M (0%)            8M (0%)            8M (0%)            6M (0%)           14M (0%)            6M (0%)     
[233.760s][info][gc,heap     ] GC(495)      Live:         -                 0M (0%)            0M (0%)            0M (0%)             -                  -          
[233.760s][info][gc,heap     ] GC(495) Allocated:         -                 0M (0%)            0M (0%)            0M (0%)             -                  -          
[233.761s][info][gc,heap     ] GC(495)   Garbage:         -                 7M (0%)            7M (0%)            5M (0%)             -                  -          
[233.761s][info][gc,heap     ] GC(495) Reclaimed:         -                  -                 0M (0%)            2M (0%)             -                  -          
[233.761s][info][gc          ] GC(495) Garbage Collection (System.gc()) 8M(0%)->6M(0%)
[234.216s][info][gc,start    ] GC(496) Garbage Collection (System.gc())
[234.216s][info][gc,task     ] GC(496) Using 3 workers
[234.216s][info][gc,phases   ] GC(496) Pause Mark Start 0.012ms
[234.221s][info][gc,phases   ] GC(496) Concurrent Mark 3.341ms
[234.222s][info][gc,phases   ] GC(496) Pause Mark End 0.018ms
[234.222s][info][gc,phases   ] GC(496) Concurrent Mark Free 0.001ms
[234.224s][info][gc,phases   ] GC(496) Concurrent Process Non-Strong References 2.072ms
[234.224s][info][gc,phases   ] GC(496) Concurrent Reset Relocation Set 0.004ms
[234.233s][info][gc,phases   ] GC(496) Concurrent Select Relocation Set 8.850ms
[234.233s][info][gc,phases   ] GC(496) Pause Relocate Start 0.020ms
[234.234s][info][gc,phases   ] GC(496) Concurrent Relocate 0.648ms
[234.234s][info][gc,load     ] GC(496) Load: 2.96/1.94/1.76
[234.234s][info][gc,mmu      ] GC(496) MMU: 2ms/87.2%, 5ms/94.3%, 10ms/97.1%, 20ms/98.5%, 50ms/99.4%, 100ms/99.7%
[234.234s][info][gc,marking  ] GC(496) Mark: 2 stripe(s), 1 proactive flush(es), 1 terminate flush(es), 0 completion(s), 0 continuation(s) 
[234.234s][info][gc,marking  ] GC(496) Mark Stack Usage: 32M
[234.234s][info][gc,nmethod  ] GC(496) NMethods: 449 registered, 28 unregistered
[234.234s][info][gc,metaspace] GC(496) Metaspace: 0M used, 0M committed, 1088M reserved
[234.234s][info][gc,ref      ] GC(496) Soft: 2 encountered, 0 discovered, 0 enqueued
[234.234s][info][gc,ref      ] GC(496) Weak: 9 encountered, 0 discovered, 0 enqueued
[234.234s][info][gc,ref      ] GC(496) Final: 0 encountered, 0 discovered, 0 enqueued
[234.234s][info][gc,ref      ] GC(496) Phantom: 3 encountered, 2 discovered, 0 enqueued
[234.234s][info][gc,reloc    ] GC(496) Small Pages: 4 / 8M, Empty: 0M, Relocated: 0M, In-Place: 0
[234.234s][info][gc,reloc    ] GC(496) Medium Pages: 0 / 0M, Empty: 0M, Relocated: 0M, In-Place: 0
[234.234s][info][gc,reloc    ] GC(496) Large Pages: 0 / 0M, Empty: 0M, Relocated: 0M, In-Place: 0
[234.234s][info][gc,reloc    ] GC(496) Forwarding Usage: 0M
[234.234s][info][gc,heap     ] GC(496) Min Capacity: 8192M(100%)
[234.234s][info][gc,heap     ] GC(496) Max Capacity: 8192M(100%)
[234.234s][info][gc,heap     ] GC(496) Soft Max Capacity: 8192M(100%)
[234.234s][info][gc,heap     ] GC(496)                Mark Start          Mark End        Relocate Start      Relocate End           High               Low         
[234.234s][info][gc,heap     ] GC(496)  Capacity:     8192M (100%)       8192M (100%)       8192M (100%)       8192M (100%)       8192M (100%)       8192M (100%)   
[234.234s][info][gc,heap     ] GC(496)      Free:     8184M (100%)       8184M (100%)       8184M (100%)       8186M (100%)       8186M (100%)       8178M (100%)   
[234.234s][info][gc,heap     ] GC(496)      Used:        8M (0%)            8M (0%)            8M (0%)            6M (0%)           14M (0%)            6M (0%)     
[234.234s][info][gc,heap     ] GC(496)      Live:         -                 0M (0%)            0M (0%)            0M (0%)             -                  -          
[234.234s][info][gc,heap     ] GC(496) Allocated:         -                 0M (0%)            0M (0%)            0M (0%)             -                  -          
[234.234s][info][gc,heap     ] GC(496)   Garbage:         -                 7M (0%)            7M (0%)            5M (0%)             -                  -          
[234.234s][info][gc,heap     ] GC(496) Reclaimed:         -                  -                 0M (0%)            2M (0%)             -                  -          
[234.234s][info][gc          ] GC(496) Garbage Collection (System.gc()) 8M(0%)->6M(0%)
[234.692s][info][gc,start    ] GC(497) Garbage Collection (System.gc())
[234.692s][info][gc,task     ] GC(497) Using 3 workers
[234.692s][info][gc,phases   ] GC(497) Pause Mark Start 0.010ms
[234.696s][info][gc,phases   ] GC(497) Concurrent Mark 3.239ms
[234.696s][info][gc,phases   ] GC(497) Pause Mark End 0.018ms
[234.696s][info][gc,phases   ] GC(497) Concurrent Mark Free 0.001ms
[234.704s][info][gc,phases   ] GC(497) Concurrent Process Non-Strong References 8.022ms
[234.704s][info][gc,phases   ] GC(497) Concurrent Reset Relocation Set 0.007ms
[234.708s][info][gc,phases   ] GC(497) Concurrent Select Relocation Set 4.162ms
[234.708s][info][gc,phases   ] GC(497) Pause Relocate Start 0.011ms
[234.709s][info][gc,phases   ] GC(497) Concurrent Relocate 0.572ms
[234.709s][info][gc,load     ] GC(497) Load: 2.96/1.94/1.76
[234.709s][info][gc,mmu      ] GC(497) MMU: 2ms/87.2%, 5ms/94.3%, 10ms/97.1%, 20ms/98.5%, 50ms/99.4%, 100ms/99.7%
[234.709s][info][gc,marking  ] GC(497) Mark: 2 stripe(s), 1 proactive flush(es), 1 terminate flush(es), 0 completion(s), 0 continuation(s) 
[234.709s][info][gc,marking  ] GC(497) Mark Stack Usage: 32M
[234.709s][info][gc,nmethod  ] GC(497) NMethods: 449 registered, 28 unregistered
[234.709s][info][gc,metaspace] GC(497) Metaspace: 0M used, 0M committed, 1088M reserved
[234.709s][info][gc,ref      ] GC(497) Soft: 2 encountered, 0 discovered, 0 enqueued
[234.709s][info][gc,ref      ] GC(497) Weak: 9 encountered, 0 discovered, 0 enqueued
[234.709s][info][gc,ref      ] GC(497) Final: 0 encountered, 0 discovered, 0 enqueued
[234.709s][info][gc,ref      ] GC(497) Phantom: 3 encountered, 1 discovered, 0 enqueued
[234.709s][info][gc,reloc    ] GC(497) Small Pages: 4 / 8M, Empty: 0M, Relocated: 0M, In-Place: 0
[234.709s][info][gc,reloc    ] GC(497) Medium Pages: 0 / 0M, Empty: 0M, Relocated: 0M, In-Place: 0
[234.709s][info][gc,reloc    ] GC(497) Large Pages: 0 / 0M, Empty: 0M, Relocated: 0M, In-Place: 0
[234.709s][info][gc,reloc    ] GC(497) Forwarding Usage: 0M
[234.709s][info][gc,heap     ] GC(497) Min Capacity: 8192M(100%)
[234.709s][info][gc,heap     ] GC(497) Max Capacity: 8192M(100%)
[234.709s][info][gc,heap     ] GC(497) Soft Max Capacity: 8192M(100%)
[234.709s][info][gc,heap     ] GC(497)                Mark Start          Mark End        Relocate Start      Relocate End           High               Low         
[234.709s][info][gc,heap     ] GC(497)  Capacity:     8192M (100%)       8192M (100%)       8192M (100%)       8192M (100%)       8192M (100%)       8192M (100%)   
[234.709s][info][gc,heap     ] GC(497)      Free:     8184M (100%)       8184M (100%)       8184M (100%)       8186M (100%)       8186M (100%)       8178M (100%)   
[234.709s][info][gc,heap     ] GC(497)      Used:        8M (0%)            8M (0%)            8M (0%)            6M (0%)           14M (0%)            6M (0%)     
[234.709s][info][gc,heap     ] GC(497)      Live:         -                 0M (0%)            0M (0%)            0M (0%)             -                  -          
[234.709s][info][gc,heap     ] GC(497) Allocated:         -                 0M (0%)            0M (0%)            0M (0%)             -                  -          
[234.709s][info][gc,heap     ] GC(497)   Garbage:         -                 7M (0%)            7M (0%)            5M (0%)             -                  -          
[234.709s][info][gc,heap     ] GC(497) Reclaimed:         -                  -                 0M (0%)            2M (0%)             -                  -          
[234.709s][info][gc          ] GC(497) Garbage Collection (System.gc()) 8M(0%)->6M(0%)
[235.175s][info][gc,start    ] GC(498) Garbage Collection (System.gc())
[235.176s][info][gc,task     ] GC(498) Using 3 workers
[235.176s][info][gc,phases   ] GC(498) Pause Mark Start 0.013ms
[235.178s][info][gc,phases   ] GC(498) Concurrent Mark 2.242ms
[235.178s][info][gc,phases   ] GC(498) Pause Mark End 0.011ms
[235.178s][info][gc,phases   ] GC(498) Concurrent Mark Free 0.000ms
[235.179s][info][gc,phases   ] GC(498) Concurrent Process Non-Strong References 0.416ms
[235.179s][info][gc,phases   ] GC(498) Concurrent Reset Relocation Set 0.001ms
[235.182s][info][gc,phases   ] GC(498) Concurrent Select Relocation Set 3.542ms
[235.182s][info][gc,phases   ] GC(498) Pause Relocate Start 0.005ms
[235.183s][info][gc,phases   ] GC(498) Concurrent Relocate 0.574ms
[235.183s][info][gc,load     ] GC(498) Load: 3.36/2.04/1.80
[235.183s][info][gc,mmu      ] GC(498) MMU: 2ms/87.2%, 5ms/94.3%, 10ms/97.1%, 20ms/98.5%, 50ms/99.4%, 100ms/99.7%
[235.183s][info][gc,marking  ] GC(498) Mark: 2 stripe(s), 1 proactive flush(es), 1 terminate flush(es), 0 completion(s), 0 continuation(s) 
[235.183s][info][gc,marking  ] GC(498) Mark Stack Usage: 32M
[235.183s][info][gc,nmethod  ] GC(498) NMethods: 449 registered, 28 unregistered
[235.183s][info][gc,metaspace] GC(498) Metaspace: 0M used, 0M committed, 1088M reserved
[235.183s][info][gc,ref      ] GC(498) Soft: 2 encountered, 0 discovered, 0 enqueued
[235.183s][info][gc,ref      ] GC(498) Weak: 9 encountered, 0 discovered, 0 enqueued
[235.183s][info][gc,ref      ] GC(498) Final: 0 encountered, 0 discovered, 0 enqueued
[235.183s][info][gc,ref      ] GC(498) Phantom: 3 encountered, 2 discovered, 0 enqueued
[235.183s][info][gc,reloc    ] GC(498) Small Pages: 4 / 8M, Empty: 0M, Relocated: 0M, In-Place: 0
[235.183s][info][gc,reloc    ] GC(498) Medium Pages: 0 / 0M, Empty: 0M, Relocated: 0M, In-Place: 0
[235.183s][info][gc,reloc    ] GC(498) Large Pages: 0 / 0M, Empty: 0M, Relocated: 0M, In-Place: 0
[235.183s][info][gc,reloc    ] GC(498) Forwarding Usage: 0M
[235.183s][info][gc,heap     ] GC(498) Min Capacity: 8192M(100%)
[235.183s][info][gc,heap     ] GC(498) Max Capacity: 8192M(100%)
[235.183s][info][gc,heap     ] GC(498) Soft Max Capacity: 8192M(100%)
[235.183s][info][gc,heap     ] GC(498)                Mark Start          Mark End        Relocate Start      Relocate End           High               Low         
[235.183s][info][gc,heap     ] GC(498)  Capacity:     8192M (100%)       8192M (100%)       8192M (100%)       8192M (100%)       8192M (100%)       8192M (100%)   
[235.183s][info][gc,heap     ] GC(498)      Free:     8184M (100%)       8184M (100%)       8184M (100%)       8186M (100%)       8186M (100%)       8178M (100%)   
[235.183s][info][gc,heap     ] GC(498)      Used:        8M (0%)            8M (0%)            8M (0%)            6M (0%)           14M (0%)            6M (0%)     
[235.183s][info][gc,heap     ] GC(498)      Live:         -                 0M (0%)            0M (0%)            0M (0%)             -                  -          
[235.183s][info][gc,heap     ] GC(498) Allocated:         -                 0M (0%)            0M (0%)            0M (0%)             -                  -          
[235.183s][info][gc,heap     ] GC(498)   Garbage:         -                 7M (0%)            7M (0%)            5M (0%)             -                  -          
[235.183s][info][gc,heap     ] GC(498) Reclaimed:         -                  -                 0M (0%)            2M (0%)             -                  -          
[235.183s][info][gc          ] GC(498) Garbage Collection (System.gc()) 8M(0%)->6M(0%)
[235.638s][info][gc,start    ] GC(499) Garbage Collection (System.gc())
[235.638s][info][gc,task     ] GC(499) Using 3 workers
[235.638s][info][gc,phases   ] GC(499) Pause Mark Start 0.016ms
[235.641s][info][gc,phases   ] GC(499) Concurrent Mark 3.065ms
[235.642s][info][gc,phases   ] GC(499) Pause Mark End 0.018ms
[235.642s][info][gc,phases   ] GC(499) Concurrent Mark Free 0.001ms
[235.655s][info][gc,phases   ] GC(499) Concurrent Process Non-Strong References 13.225ms
[235.655s][info][gc,phases   ] GC(499) Concurrent Reset Relocation Set 0.004ms
[235.658s][info][gc,phases   ] GC(499) Concurrent Select Relocation Set 2.883ms
[235.658s][info][gc,phases   ] GC(499) Pause Relocate Start 0.007ms
[235.658s][info][gc,phases   ] GC(499) Concurrent Relocate 0.436ms
[235.658s][info][gc,load     ] GC(499) Load: 3.36/2.04/1.80
[235.658s][info][gc,mmu      ] GC(499) MMU: 2ms/87.2%, 5ms/94.3%, 10ms/97.1%, 20ms/98.5%, 50ms/99.4%, 100ms/99.7%
[235.658s][info][gc,marking  ] GC(499) Mark: 2 stripe(s), 1 proactive flush(es), 1 terminate flush(es), 0 completion(s), 0 continuation(s) 
[235.658s][info][gc,marking  ] GC(499) Mark Stack Usage: 32M
[235.658s][info][gc,nmethod  ] GC(499) NMethods: 449 registered, 28 unregistered
[235.658s][info][gc,metaspace] GC(499) Metaspace: 0M used, 0M committed, 1088M reserved
[235.658s][info][gc,ref      ] GC(499) Soft: 2 encountered, 0 discovered, 0 enqueued
[235.658s][info][gc,ref      ] GC(499) Weak: 9 encountered, 0 discovered, 0 enqueued
[235.659s][info][gc,ref      ] GC(499) Final: 0 encountered, 0 discovered, 0 enqueued
[235.659s][info][gc,ref      ] GC(499) Phantom: 3 encountered, 2 discovered, 0 enqueued
[235.659s][info][gc,reloc    ] GC(499) Small Pages: 4 / 8M, Empty: 0M, Relocated: 0M, In-Place: 0
[235.659s][info][gc,reloc    ] GC(499) Medium Pages: 0 / 0M, Empty: 0M, Relocated: 0M, In-Place: 0
[235.659s][info][gc,reloc    ] GC(499) Large Pages: 0 / 0M, Empty: 0M, Relocated: 0M, In-Place: 0
[235.659s][info][gc,reloc    ] GC(499) Forwarding Usage: 0M
[235.659s][info][gc,heap     ] GC(499) Min Capacity: 8192M(100%)
[235.659s][info][gc,heap     ] GC(499) Max Capacity: 8192M(100%)
[235.659s][info][gc,heap     ] GC(499) Soft Max Capacity: 8192M(100%)
[235.659s][info][gc,heap     ] GC(499)                Mark Start          Mark End        Relocate Start      Relocate End           High               Low         
[235.659s][info][gc,heap     ] GC(499)  Capacity:     8192M (100%)       8192M (100%)       8192M (100%)       8192M (100%)       8192M (100%)       8192M (100%)   
[235.659s][info][gc,heap     ] GC(499)      Free:     8184M (100%)       8184M (100%)       8184M (100%)       8186M (100%)       8186M (100%)       8178M (100%)   
[235.659s][info][gc,heap     ] GC(499)      Used:        8M (0%)            8M (0%)            8M (0%)            6M (0%)           14M (0%)            6M (0%)     
[235.659s][info][gc,heap     ] GC(499)      Live:         -                 0M (0%)            0M (0%)            0M (0%)             -                  -          
[235.659s][info][gc,heap     ] GC(499) Allocated:         -                 0M (0%)            0M (0%)            0M (0%)             -                  -          
[235.659s][info][gc,heap     ] GC(499)   Garbage:         -                 7M (0%)            7M (0%)            5M (0%)             -                  -          
[235.659s][info][gc,heap     ] GC(499) Reclaimed:         -                  -                 0M (0%)            2M (0%)             -                  -          
[235.659s][info][gc          ] GC(499) Garbage Collection (System.gc()) 8M(0%)->6M(0%)
[236.117s][info][gc,start    ] GC(500) Garbage Collection (System.gc())
[236.117s][info][gc,task     ] GC(500) Using 3 workers
[236.117s][info][gc,phases   ] GC(500) Pause Mark Start 0.015ms
[236.129s][info][gc,phases   ] GC(500) Concurrent Mark 9.786ms
[236.129s][info][gc,phases   ] GC(500) Pause Mark End 0.025ms
[236.129s][info][gc,phases   ] GC(500) Concurrent Mark Free 0.001ms
[236.131s][info][gc,phases   ] GC(500) Concurrent Process Non-Strong References 2.425ms
[236.131s][info][gc,phases   ] GC(500) Concurrent Reset Relocation Set 0.003ms
[236.135s][info][gc,phases   ] GC(500) Concurrent Select Relocation Set 3.671ms
[236.135s][info][gc,phases   ] GC(500) Pause Relocate Start 0.007ms
[236.136s][info][gc,phases   ] GC(500) Concurrent Relocate 0.506ms
[236.136s][info][gc,load     ] GC(500) Load: 3.36/2.04/1.80
[236.136s][info][gc,mmu      ] GC(500) MMU: 2ms/87.2%, 5ms/94.3%, 10ms/97.1%, 20ms/98.5%, 50ms/99.4%, 100ms/99.7%
[236.136s][info][gc,marking  ] GC(500) Mark: 2 stripe(s), 1 proactive flush(es), 1 terminate flush(es), 0 completion(s), 0 continuation(s) 
[236.136s][info][gc,marking  ] GC(500) Mark Stack Usage: 32M
