[0.008s][info][gc] Using Parallel
[0.010s][info][gc,init] Version: 16.0.1+9 (release)
[0.010s][info][gc,init] CPUs: 16 total, 16 available
[0.010s][info][gc,init] Memory: 65536M
[0.010s][info][gc,init] Large Page Support: Disabled
[0.010s][info][gc,init] NUMA Support: Disabled
[0.010s][info][gc,init] Compressed Oops: Enabled (Zero based)
[0.010s][info][gc,init] Alignments: Space 512K, Generation 512K, Heap 2M
[0.010s][info][gc,init] Heap Min Capacity: 8M
[0.010s][info][gc,init] Heap Initial Capacity: 1G
[0.010s][info][gc,init] Heap Max Capacity: 16G
[0.010s][info][gc,init] Pre-touch: Disabled
[0.010s][info][gc,init] Parallel Workers: 13
[0.010s][info][gc,metaspace] CDS archive(s) mapped at: [0x0000000800000000-0x0000000800bee000-0x0000000800bee000), size 12509184, SharedBaseAddress: 0x0000000800000000, ArchiveRelocationMode: 0.
[0.010s][info][gc,metaspace] Compressed class space mapped at: 0x0000000800c00000-0x0000000840c00000, reserved size: 1073741824
[0.010s][info][gc,metaspace] Narrow klass base: 0x0000000800000000, Narrow klass shift: 3, Narrow klass range: 0x100000000
[0.377s][info][gc,start    ] GC(0) Pause Young (Allocation Failure)
[0.381s][debug][gc,phases   ] GC(0) Scavenge 2.620ms
[0.381s][debug][gc,phases   ] GC(0) Reference Processing 0.037ms
[0.381s][debug][gc,phases   ] GC(0) Weak Processing 0.035ms
[0.381s][info ][gc,heap     ] GC(0) PSYoungGen: 262144K(305664K)->5366K(305664K) Eden: 262144K(262144K)->0K(262144K) From: 0K(43520K)->5366K(43520K)
[0.381s][info ][gc,heap     ] GC(0) ParOldGen: 0K(699392K)->8K(699392K)
[0.381s][info ][gc,metaspace] GC(0) Metaspace: 658K(832K)->658K(832K) NonClass: 627K(704K)->627K(704K) Class: 30K(128K)->30K(128K)
[0.381s][info ][gc          ] GC(0) Pause Young (Allocation Failure) 256M->5M(981M) 4.093ms
[0.381s][info ][gc,cpu      ] GC(0) User=0.02s Sys=0.01s Real=0.00s
[0.527s][info ][gc,start    ] GC(1) Pause Young (Allocation Failure)
[0.531s][debug][gc,phases   ] GC(1) Scavenge 4.081ms
[0.531s][debug][gc,phases   ] GC(1) Reference Processing 0.024ms
[0.531s][debug][gc,phases   ] GC(1) Weak Processing 0.093ms
[0.531s][info ][gc,heap     ] GC(1) PSYoungGen: 267510K(305664K)->10614K(567808K) Eden: 262144K(262144K)->0K(524288K) From: 5366K(43520K)->10614K(43520K)
[0.531s][info ][gc,heap     ] GC(1) ParOldGen: 8K(699392K)->16K(699392K)
[0.531s][info ][gc,metaspace] GC(1) Metaspace: 1317K(1472K)->1317K(1472K) NonClass: 1218K(1344K)->1218K(1344K) Class: 99K(128K)->99K(128K)
[0.532s][info ][gc          ] GC(1) Pause Young (Allocation Failure) 261M->10M(1237M) 4.342ms
[0.532s][info ][gc,cpu      ] GC(1) User=0.04s Sys=0.01s Real=0.00s
[0.696s][info ][gc,start    ] GC(2) Pause Young (Allocation Failure)
[0.702s][debug][gc,phases   ] GC(2) Scavenge 6.012ms
[0.702s][debug][gc,phases   ] GC(2) Reference Processing 0.027ms
[0.702s][debug][gc,phases   ] GC(2) Weak Processing 0.090ms
[0.703s][info ][gc,heap     ] GC(2) PSYoungGen: 534902K(567808K)->19782K(567808K) Eden: 524288K(524288K)->0K(524288K) From: 10614K(43520K)->19782K(43520K)
[0.703s][info ][gc,heap     ] GC(2) ParOldGen: 16K(699392K)->24K(699392K)
[0.703s][info ][gc,metaspace] GC(2) Metaspace: 1318K(1472K)->1318K(1472K) NonClass: 1219K(1344K)->1219K(1344K) Class: 99K(128K)->99K(128K)
[0.703s][info ][gc          ] GC(2) Pause Young (Allocation Failure) 522M->19M(1237M) 6.723ms
[0.703s][info ][gc,cpu      ] GC(2) User=0.05s Sys=0.02s Real=0.00s
[0.783s][info ][gc,start    ] GC(3) Pause Young (Allocation Failure)
[0.790s][debug][gc,phases   ] GC(3) Scavenge 7.319ms
[0.790s][debug][gc,phases   ] GC(3) Reference Processing 0.021ms
[0.791s][debug][gc,phases   ] GC(3) Weak Processing 0.086ms
[0.791s][info ][gc,heap     ] GC(3) PSYoungGen: 544070K(567808K)->27302K(1092096K) Eden: 524288K(524288K)->0K(1048576K) From: 19782K(43520K)->27302K(43520K)
[0.791s][info ][gc,heap     ] GC(3) ParOldGen: 24K(699392K)->32K(699392K)
[0.791s][info ][gc,metaspace] GC(3) Metaspace: 1323K(1472K)->1323K(1472K) NonClass: 1224K(1344K)->1224K(1344K) Class: 99K(128K)->99K(128K)
[0.791s][info ][gc          ] GC(3) Pause Young (Allocation Failure) 531M->26M(1749M) 7.634ms
[0.791s][info ][gc,cpu      ] GC(3) User=0.06s Sys=0.03s Real=0.01s
[1.094s][info ][gc,start    ] GC(4) Pause Young (Allocation Failure)
[1.104s][debug][gc,phases   ] GC(4) Scavenge 10.110ms
[1.104s][debug][gc,phases   ] GC(4) Reference Processing 0.021ms
[1.104s][debug][gc,phases   ] GC(4) Weak Processing 0.089ms
[1.105s][info ][gc,heap     ] GC(4) PSYoungGen: 1075878K(1092096K)->38790K(1092096K) Eden: 1048576K(1048576K)->0K(1048576K) From: 27302K(43520K)->38790K(43520K)
[1.105s][info ][gc,heap     ] GC(4) ParOldGen: 32K(699392K)->40K(699392K)
[1.105s][info ][gc,metaspace] GC(4) Metaspace: 1323K(1472K)->1323K(1472K) NonClass: 1224K(1344K)->1224K(1344K) Class: 99K(128K)->99K(128K)
[1.105s][info ][gc          ] GC(4) Pause Young (Allocation Failure) 1050M->37M(1749M) 11.171ms
[1.105s][info ][gc,cpu      ] GC(4) User=0.08s Sys=0.05s Real=0.02s
[1.247s][info ][gc,start    ] GC(5) Pause Young (Allocation Failure)
[1.260s][debug][gc,phases   ] GC(5) Scavenge 12.754ms
[1.260s][debug][gc,phases   ] GC(5) Reference Processing 0.024ms
[1.260s][debug][gc,phases   ] GC(5) Weak Processing 0.088ms
[1.260s][info ][gc,heap     ] GC(5) PSYoungGen: 1087366K(1092096K)->45030K(2130944K) Eden: 1048576K(1048576K)->0K(2085888K) From: 38790K(43520K)->45030K(45056K)
[1.260s][info ][gc,heap     ] GC(5) ParOldGen: 40K(699392K)->2256K(699392K)
[1.260s][info ][gc,metaspace] GC(5) Metaspace: 1323K(1472K)->1323K(1472K) NonClass: 1224K(1344K)->1224K(1344K) Class: 99K(128K)->99K(128K)
[1.260s][info ][gc          ] GC(5) Pause Young (Allocation Failure) 1061M->46M(2764M) 13.061ms
[1.260s][info ][gc,cpu      ] GC(5) User=0.10s Sys=0.05s Real=0.01s
[1.851s][info ][gc,start    ] GC(6) Pause Young (Allocation Failure)
[1.865s][debug][gc,phases   ] GC(6) Scavenge 14.149ms
[1.865s][debug][gc,phases   ] GC(6) Reference Processing 0.018ms
[1.865s][debug][gc,phases   ] GC(6) Weak Processing 0.118ms
[1.867s][info ][gc,heap     ] GC(6) PSYoungGen: 2130918K(2130944K)->53120K(2142208K) Eden: 2085888K(2085888K)->0K(2085888K) From: 45030K(45056K)->53120K(56320K)
[1.867s][info ][gc,heap     ] GC(6) ParOldGen: 2256K(699392K)->10870K(699392K)
[1.867s][info ][gc,metaspace] GC(6) Metaspace: 1324K(1472K)->1324K(1472K) NonClass: 1225K(1344K)->1225K(1344K) Class: 99K(128K)->99K(128K)
[1.867s][info ][gc          ] GC(6) Pause Young (Allocation Failure) 2083M->62M(2775M) 16.011ms
[1.867s][info ][gc,cpu      ] GC(6) User=0.13s Sys=0.06s Real=0.02s
[2.153s][info ][gc,start    ] GC(7) Pause Young (Allocation Failure)
[2.168s][debug][gc,phases   ] GC(7) Scavenge 15.784ms
[2.168s][debug][gc,phases   ] GC(7) Reference Processing 0.015ms
[2.168s][debug][gc,phases   ] GC(7) Weak Processing 0.020ms
[2.169s][info ][gc,heap     ] GC(7) PSYoungGen: 2139008K(2142208K)->50400K(4232704K) Eden: 2085888K(2085888K)->0K(4166656K) From: 53120K(56320K)->50400K(66048K)
[2.169s][info ][gc,heap     ] GC(7) ParOldGen: 10870K(699392K)->26999K(699392K)
[2.169s][info ][gc,metaspace] GC(7) Metaspace: 1327K(1472K)->1327K(1472K) NonClass: 1228K(1344K)->1228K(1344K) Class: 99K(128K)->99K(128K)
[2.169s][info ][gc          ] GC(7) Pause Young (Allocation Failure) 2099M->75M(4816M) 16.020ms
[2.169s][info ][gc,cpu      ] GC(7) User=0.14s Sys=0.05s Real=0.02s
[3.345s][info ][gc,start    ] GC(8) Pause Young (Allocation Failure)
[3.364s][debug][gc,phases   ] GC(8) Scavenge 19.654ms
[3.364s][debug][gc,phases   ] GC(8) Reference Processing 0.014ms
[3.364s][debug][gc,phases   ] GC(8) Weak Processing 0.019ms
[3.365s][info ][gc,heap     ] GC(8) PSYoungGen: 4217056K(4232704K)->56800K(4237824K) Eden: 4166656K(4166656K)->0K(4166656K) From: 50400K(66048K)->56800K(71168K)
[3.365s][info ][gc,heap     ] GC(8) ParOldGen: 26999K(699392K)->45970K(699392K)
[3.365s][info ][gc,metaspace] GC(8) Metaspace: 1327K(1472K)->1327K(1472K) NonClass: 1228K(1344K)->1228K(1344K) Class: 99K(128K)->99K(128K)
[3.365s][info ][gc          ] GC(8) Pause Young (Allocation Failure) 4144M->100M(4821M) 20.819ms
[3.365s][info ][gc,cpu      ] GC(8) User=0.19s Sys=0.06s Real=0.02s
[3.958s][info ][gc,start    ] GC(9) Pause Young (Allocation Failure)
[3.980s][debug][gc,phases   ] GC(9) Scavenge 22.262ms
[3.980s][debug][gc,phases   ] GC(9) Reference Processing 0.014ms
[3.980s][debug][gc,phases   ] GC(9) Weak Processing 0.019ms
[3.980s][info ][gc,heap     ] GC(9) PSYoungGen: 4223456K(4237824K)->51584K(5510144K) Eden: 4166656K(4166656K)->0K(5433344K) From: 56800K(71168K)->51584K(76800K)
[3.980s][info ][gc,heap     ] GC(9) ParOldGen: 45970K(699392K)->74838K(699392K)
[3.980s][info ][gc,metaspace] GC(9) Metaspace: 1327K(1472K)->1327K(1472K) NonClass: 1228K(1344K)->1228K(1344K) Class: 99K(128K)->99K(128K)
[3.980s][info ][gc          ] GC(9) Pause Young (Allocation Failure) 4169M->123M(6064M) 22.456ms
[3.980s][info ][gc,cpu      ] GC(9) User=0.23s Sys=0.06s Real=0.02s
[5.132s][info ][gc,start    ] GC(10) Pause Young (Allocation Failure)
[5.158s][debug][gc,phases   ] GC(10) Scavenge 25.528ms
[5.158s][debug][gc,phases   ] GC(10) Reference Processing 0.013ms
[5.158s][debug][gc,phases   ] GC(10) Weak Processing 0.020ms
[5.158s][info ][gc,heap     ] GC(10) PSYoungGen: 5484928K(5510144K)->34816K(5468160K) Eden: 5433344K(5433344K)->0K(5433344K) From: 51584K(76800K)->34816K(34816K)
[5.158s][info ][gc,heap     ] GC(10) ParOldGen: 74838K(699392K)->122302K(699392K)
[5.158s][info ][gc,metaspace] GC(10) Metaspace: 1327K(1472K)->1327K(1472K) NonClass: 1228K(1344K)->1228K(1344K) Class: 99K(128K)->99K(128K)
[5.158s][info ][gc          ] GC(10) Pause Young (Allocation Failure) 5429M->153M(6023M) 25.731ms
[5.158s][info ][gc,cpu      ] GC(10) User=0.26s Sys=0.07s Real=0.03s
[5.889s][info ][gc,start    ] GC(11) Pause Young (Allocation Failure)
[5.909s][debug][gc,phases   ] GC(11) Scavenge 19.496ms
[5.909s][debug][gc,phases   ] GC(11) Reference Processing 0.018ms
[5.909s][debug][gc,phases   ] GC(11) Weak Processing 0.024ms
[5.909s][info ][gc,heap     ] GC(11) PSYoungGen: 5468160K(5468160K)->31936K(5514752K) Eden: 5433344K(5433344K)->0K(5439488K) From: 34816K(34816K)->31936K(75264K)
[5.909s][info ][gc,heap     ] GC(11) ParOldGen: 122302K(699392K)->154820K(699392K)
[5.909s][info ][gc,metaspace] GC(11) Metaspace: 1430K(1600K)->1430K(1600K) NonClass: 1319K(1408K)->1319K(1408K) Class: 111K(192K)->111K(192K)
[5.909s][info ][gc          ] GC(11) Pause Young (Allocation Failure) 5459M->182M(6068M) 19.691ms
[5.909s][info ][gc,cpu      ] GC(11) User=0.22s Sys=0.03s Real=0.02s
[5.921s][info ][gc,start    ] GC(12) Pause Young (Allocation Failure)
[5.935s][debug][gc,phases   ] GC(12) Scavenge 13.513ms
[5.935s][debug][gc,phases   ] GC(12) Reference Processing 0.011ms
[5.935s][debug][gc,phases   ] GC(12) Weak Processing 0.021ms
[5.935s][info ][gc,heap     ] GC(12) PSYoungGen: 5471424K(5514752K)->736K(5511168K) Eden: 5439488K(5439488K)->0K(5439488K) From: 31936K(75264K)->736K(71680K)
[5.935s][info ][gc,heap     ] GC(12) ParOldGen: 154820K(699392K)->184739K(699392K)
[5.935s][info ][gc,metaspace] GC(12) Metaspace: 1443K(1600K)->1443K(1600K) NonClass: 1332K(1408K)->1332K(1408K) Class: 111K(192K)->111K(192K)
[5.935s][info ][gc          ] GC(12) Pause Young (Allocation Failure) 5494M->181M(6065M) 13.692ms
[5.935s][info ][gc,cpu      ] GC(12) User=0.14s Sys=0.03s Real=0.02s
[6.708s][info ][gc,start    ] GC(13) Pause Young (Allocation Failure)
[6.718s][debug][gc,phases   ] GC(13) Scavenge 9.538ms
[6.718s][debug][gc,phases   ] GC(13) Reference Processing 0.018ms
[6.718s][debug][gc,phases   ] GC(13) Weak Processing 0.027ms
[6.718s][info ][gc,heap     ] GC(13) PSYoungGen: 5440224K(5511168K)->16096K(5518848K) Eden: 5439488K(5439488K)->0K(5445120K) From: 736K(71680K)->16096K(73728K)
[6.718s][info ][gc,heap     ] GC(13) ParOldGen: 184739K(699392K)->185443K(699392K)
[6.718s][info ][gc,metaspace] GC(13) Metaspace: 1603K(1792K)->1603K(1792K) NonClass: 1483K(1600K)->1483K(1600K) Class: 120K(192K)->120K(192K)
[6.718s][info ][gc          ] GC(13) Pause Young (Allocation Failure) 5493M->196M(6072M) 9.792ms
[6.718s][info ][gc,cpu      ] GC(13) User=0.12s Sys=0.00s Real=0.01s
[7.158s][info ][gc,start    ] GC(14) Pause Young (Allocation Failure)
[7.173s][debug][gc,phases   ] GC(14) Scavenge 14.317ms
[7.173s][debug][gc,phases   ] GC(14) Reference Processing 0.019ms
[7.173s][debug][gc,phases   ] GC(14) Weak Processing 0.032ms
[7.173s][info ][gc,heap     ] GC(14) PSYoungGen: 5461216K(5518848K)->17408K(5462528K) Eden: 5445120K(5445120K)->0K(5445120K) From: 16096K(73728K)->17408K(17408K)
[7.173s][info ][gc,heap     ] GC(14) ParOldGen: 185443K(699392K)->199919K(699392K)
[7.173s][info ][gc,metaspace] GC(14) Metaspace: 1611K(1792K)->1611K(1792K) NonClass: 1491K(1600K)->1491K(1600K) Class: 120K(192K)->120K(192K)
[7.173s][info ][gc          ] GC(14) Pause Young (Allocation Failure) 5514M->212M(6017M) 14.606ms
[7.173s][info ][gc,cpu      ] GC(14) User=0.18s Sys=0.02s Real=0.01s
[7.630s][info ][gc,start    ] GC(15) Pause Young (Allocation Failure)
[7.645s][debug][gc,phases   ] GC(15) Scavenge 15.216ms
[7.645s][debug][gc,phases   ] GC(15) Reference Processing 0.013ms
[7.645s][debug][gc,phases   ] GC(15) Weak Processing 0.022ms
[7.645s][info ][gc,heap     ] GC(15) PSYoungGen: 5462528K(5462528K)->17888K(5518848K) Eden: 5445120K(5445120K)->0K(5448192K) From: 17408K(17408K)->17888K(70656K)
[7.645s][info ][gc,heap     ] GC(15) ParOldGen: 199919K(699392K)->214152K(699392K)
[7.645s][info ][gc,metaspace] GC(15) Metaspace: 1622K(1792K)->1622K(1792K) NonClass: 1501K(1600K)->1501K(1600K) Class: 120K(192K)->120K(192K)
[7.645s][info ][gc          ] GC(15) Pause Young (Allocation Failure) 5529M->226M(6072M) 15.453ms
[7.645s][info ][gc,cpu      ] GC(15) User=0.18s Sys=0.01s Real=0.02s
[8.110s][info ][gc,start    ] GC(16) Pause Young (Allocation Failure)
[8.126s][debug][gc,phases   ] GC(16) Scavenge 15.859ms
[8.126s][debug][gc,phases   ] GC(16) Reference Processing 0.013ms
[8.126s][debug][gc,phases   ] GC(16) Weak Processing 0.024ms
[8.126s][info ][gc,heap     ] GC(16) PSYoungGen: 5466074K(5518848K)->18432K(5516288K) Eden: 5448186K(5448192K)->0K(5448192K) From: 17888K(70656K)->18432K(68096K)
[8.126s][info ][gc,heap     ] GC(16) ParOldGen: 214152K(699392K)->229178K(699392K)
[8.126s][info ][gc,metaspace] GC(16) Metaspace: 1622K(1792K)->1622K(1792K) NonClass: 1501K(1600K)->1501K(1600K) Class: 120K(192K)->120K(192K)
[8.126s][info ][gc          ] GC(16) Pause Young (Allocation Failure) 5547M->241M(6070M) 16.133ms
[8.126s][info ][gc,cpu      ] GC(16) User=0.19s Sys=0.01s Real=0.02s
[8.702s][info ][gc,start    ] GC(17) Pause Young (Allocation Failure)
[8.717s][debug][gc,phases   ] GC(17) Scavenge 15.412ms
[8.717s][debug][gc,phases   ] GC(17) Reference Processing 0.017ms
[8.717s][debug][gc,phases   ] GC(17) Weak Processing 0.020ms
[8.718s][info ][gc,heap     ] GC(17) PSYoungGen: 5466624K(5516288K)->22624K(5520896K) Eden: 5448192K(5448192K)->0K(5456384K) From: 18432K(68096K)->22624K(64512K)
[8.718s][info ][gc,heap     ] GC(17) ParOldGen: 229178K(699392K)->244006K(699392K)
[8.718s][info ][gc,metaspace] GC(17) Metaspace: 1622K(1792K)->1622K(1792K) NonClass: 1501K(1600K)->1501K(1600K) Class: 120K(192K)->120K(192K)
[8.718s][info ][gc          ] GC(17) Pause Young (Allocation Failure) 5562M->260M(6074M) 15.642ms
[8.718s][info ][gc,cpu      ] GC(17) User=0.19s Sys=0.01s Real=0.02s
[9.384s][info ][gc,start    ] GC(18) Pause Young (Allocation Failure)
[9.402s][debug][gc,phases   ] GC(18) Scavenge 17.997ms
[9.402s][debug][gc,phases   ] GC(18) Reference Processing 0.013ms
[9.402s][debug][gc,phases   ] GC(18) Weak Processing 0.021ms
[9.402s][info ][gc,heap     ] GC(18) PSYoungGen: 5479008K(5520896K)->26560K(5519360K) Eden: 5456384K(5456384K)->0K(5456384K) From: 22624K(64512K)->26560K(62976K)
[9.402s][info ][gc,heap     ] GC(18) ParOldGen: 244006K(699392K)->261494K(699392K)
[9.402s][info ][gc,metaspace] GC(18) Metaspace: 1622K(1792K)->1622K(1792K) NonClass: 1501K(1600K)->1501K(1600K) Class: 120K(192K)->120K(192K)
[9.402s][info ][gc          ] GC(18) Pause Young (Allocation Failure) 5588M->281M(6073M) 18.211ms
[9.402s][info ][gc,cpu      ] GC(18) User=0.21s Sys=0.02s Real=0.01s
[10.081s][info ][gc,start    ] GC(19) Pause Young (Allocation Failure)
[10.100s][debug][gc,phases   ] GC(19) Scavenge 19.191ms
[10.100s][debug][gc,phases   ] GC(19) Reference Processing 0.018ms
[10.100s][debug][gc,phases   ] GC(19) Weak Processing 0.021ms
[10.101s][info ][gc,heap     ] GC(19) PSYoungGen: 5482944K(5519360K)->26976K(5526016K) Eden: 5456384K(5456384K)->0K(5467648K) From: 26560K(62976K)->26976K(58368K)
[10.101s][info ][gc,heap     ] GC(19) ParOldGen: 261494K(699392K)->281903K(699392K)
[10.101s][info ][gc,metaspace] GC(19) Metaspace: 1622K(1792K)->1622K(1792K) NonClass: 1501K(1600K)->1501K(1600K) Class: 120K(192K)->120K(192K)
[10.101s][info ][gc          ] GC(19) Pause Young (Allocation Failure) 5609M->301M(6079M) 19.439ms
[10.101s][info ][gc,cpu      ] GC(19) User=0.23s Sys=0.02s Real=0.02s
[10.798s][info ][gc,start    ] GC(20) Pause Young (Allocation Failure)
[10.819s][debug][gc,phases   ] GC(20) Scavenge 20.560ms
[10.819s][debug][gc,phases   ] GC(20) Reference Processing 0.012ms
[10.819s][debug][gc,phases   ] GC(20) Weak Processing 0.020ms
[10.819s][info ][gc,heap     ] GC(20) PSYoungGen: 5494624K(5526016K)->27424K(5523968K) Eden: 5467648K(5467648K)->0K(5467648K) From: 26976K(58368K)->27424K(56320K)
[10.819s][info ][gc,heap     ] GC(20) ParOldGen: 281903K(699392K)->302908K(699392K)
[10.819s][info ][gc,metaspace] GC(20) Metaspace: 1622K(1792K)->1622K(1792K) NonClass: 1501K(1600K)->1501K(1600K) Class: 120K(192K)->120K(192K)
[10.819s][info ][gc          ] GC(20) Pause Young (Allocation Failure) 5641M->322M(6077M) 20.791ms
[10.819s][info ][gc,cpu      ] GC(20) User=0.24s Sys=0.03s Real=0.02s
[11.516s][info ][gc,start    ] GC(21) Pause Young (Allocation Failure)
[11.536s][debug][gc,phases   ] GC(21) Scavenge 20.024ms
[11.536s][debug][gc,phases   ] GC(21) Reference Processing 0.013ms
[11.536s][debug][gc,phases   ] GC(21) Weak Processing 0.021ms
[11.536s][info ][gc,heap     ] GC(21) PSYoungGen: 5495072K(5523968K)->26784K(5532672K) Eden: 5467648K(5467648K)->0K(5480448K) From: 27424K(56320K)->26784K(52224K)
[11.536s][info ][gc,heap     ] GC(21) ParOldGen: 302908K(699392K)->324303K(699392K)
[11.536s][info ][gc,metaspace] GC(21) Metaspace: 1622K(1792K)->1622K(1792K) NonClass: 1501K(1600K)->1501K(1600K) Class: 120K(192K)->120K(192K)
[11.536s][info ][gc          ] GC(21) Pause Young (Allocation Failure) 5662M->342M(6086M) 20.254ms
[11.536s][info ][gc,cpu      ] GC(21) User=0.24s Sys=0.02s Real=0.02s
[12.242s][info ][gc,start    ] GC(22) Pause Young (Allocation Failure)
[12.264s][debug][gc,phases   ] GC(22) Scavenge 22.035ms
[12.264s][debug][gc,phases   ] GC(22) Reference Processing 0.013ms
[12.264s][debug][gc,phases   ] GC(22) Weak Processing 0.020ms
[12.264s][info ][gc,heap     ] GC(22) PSYoungGen: 5507232K(5532672K)->26368K(5531136K) Eden: 5480448K(5480448K)->0K(5480448K) From: 26784K(52224K)->26368K(50688K)
[12.264s][info ][gc,heap     ] GC(22) ParOldGen: 324303K(699392K)->344612K(699392K)
[12.264s][info ][gc,metaspace] GC(22) Metaspace: 1622K(1792K)->1622K(1792K) NonClass: 1501K(1600K)->1501K(1600K) Class: 120K(192K)->120K(192K)
[12.264s][info ][gc          ] GC(22) Pause Young (Allocation Failure) 5694M->362M(6084M) 22.276ms
[12.264s][info ][gc,cpu      ] GC(22) User=0.26s Sys=0.02s Real=0.03s
[12.954s][info ][gc,start    ] GC(23) Pause Young (Allocation Failure)
[12.975s][debug][gc,phases   ] GC(23) Scavenge 21.485ms
[12.975s][debug][gc,phases   ] GC(23) Reference Processing 0.013ms
[12.975s][debug][gc,phases   ] GC(23) Weak Processing 0.021ms
[12.975s][info ][gc,heap     ] GC(23) PSYoungGen: 5506816K(5531136K)->26624K(5539328K) Eden: 5480448K(5480448K)->0K(5491200K) From: 26368K(50688K)->26624K(48128K)
[12.975s][info ][gc,heap     ] GC(23) ParOldGen: 344612K(699392K)->364251K(699392K)
[12.975s][info ][gc,metaspace] GC(23) Metaspace: 1622K(1792K)->1622K(1792K) NonClass: 1501K(1600K)->1501K(1600K) Class: 120K(192K)->120K(192K)
[12.975s][info ][gc          ] GC(23) Pause Young (Allocation Failure) 5714M->381M(6092M) 21.716ms
[12.975s][info ][gc,cpu      ] GC(23) User=0.26s Sys=0.02s Real=0.03s
[13.698s][info ][gc,start    ] GC(24) Pause Young (Allocation Failure)
[13.720s][debug][gc,phases   ] GC(24) Scavenge 21.308ms
[13.720s][debug][gc,phases   ] GC(24) Reference Processing 0.013ms
[13.720s][debug][gc,phases   ] GC(24) Weak Processing 0.020ms
[13.720s][info ][gc,heap     ] GC(24) PSYoungGen: 5517824K(5539328K)->27104K(5537792K) Eden: 5491200K(5491200K)->0K(5491200K) From: 26624K(48128K)->27104K(46592K)
[13.720s][info ][gc,heap     ] GC(24) ParOldGen: 364251K(699392K)->385105K(699392K)
[13.720s][info ][gc,metaspace] GC(24) Metaspace: 1622K(1792K)->1622K(1792K) NonClass: 1501K(1600K)->1501K(1600K) Class: 120K(192K)->120K(192K)
[13.720s][info ][gc          ] GC(24) Pause Young (Allocation Failure) 5744M->402M(6091M) 21.558ms
[13.720s][info ][gc,cpu      ] GC(24) User=0.26s Sys=0.01s Real=0.02s
[14.414s][info ][gc,start    ] GC(25) Pause Young (Allocation Failure)
[14.435s][debug][gc,phases   ] GC(25) Scavenge 20.726ms
[14.435s][debug][gc,phases   ] GC(25) Reference Processing 0.014ms
[14.435s][debug][gc,phases   ] GC(25) Weak Processing 0.020ms
[14.435s][info ][gc,heap     ] GC(25) PSYoungGen: 5518304K(5537792K)->26496K(5543424K) Eden: 5491200K(5491200K)->0K(5498880K) From: 27104K(46592K)->26496K(44544K)
[14.435s][info ][gc,heap     ] GC(25) ParOldGen: 385105K(699392K)->405610K(699392K)
[14.435s][info ][gc,metaspace] GC(25) Metaspace: 1622K(1792K)->1622K(1792K) NonClass: 1501K(1600K)->1501K(1600K) Class: 120K(192K)->120K(192K)
[14.435s][info ][gc          ] GC(25) Pause Young (Allocation Failure) 5765M->421M(6096M) 20.943ms
[14.435s][info ][gc,cpu      ] GC(25) User=0.25s Sys=0.01s Real=0.02s
[15.129s][info ][gc,start    ] GC(26) Pause Young (Allocation Failure)
[15.150s][debug][gc,phases   ] GC(26) Scavenge 21.273ms
[15.150s][debug][gc,phases   ] GC(26) Reference Processing 0.013ms
[15.150s][debug][gc,phases   ] GC(26) Weak Processing 0.020ms
[15.150s][info ][gc,heap     ] GC(26) PSYoungGen: 5525376K(5543424K)->27360K(5541888K) Eden: 5498880K(5498880K)->0K(5498880K) From: 26496K(44544K)->27360K(43008K)
[15.150s][info ][gc,heap     ] GC(26) ParOldGen: 405610K(699392K)->425099K(699392K)
[15.150s][info ][gc,metaspace] GC(26) Metaspace: 1622K(1792K)->1622K(1792K) NonClass: 1501K(1600K)->1501K(1600K) Class: 120K(192K)->120K(192K)
[15.150s][info ][gc          ] GC(26) Pause Young (Allocation Failure) 5791M->441M(6095M) 21.493ms
[15.150s][info ][gc,cpu      ] GC(26) User=0.26s Sys=0.01s Real=0.02s
[15.855s][info ][gc,start    ] GC(27) Pause Young (Allocation Failure)
[15.878s][debug][gc,phases   ] GC(27) Scavenge 23.017ms
[15.878s][debug][gc,phases   ] GC(27) Reference Processing 0.013ms
[15.878s][debug][gc,phases   ] GC(27) Weak Processing 0.021ms
[15.878s][info ][gc,heap     ] GC(27) PSYoungGen: 5526240K(5541888K)->27072K(5547008K) Eden: 5498880K(5498880K)->0K(5505536K) From: 27360K(43008K)->27072K(41472K)
[15.878s][info ][gc,heap     ] GC(27) ParOldGen: 425099K(699392K)->446818K(699392K)
[15.878s][info ][gc,metaspace] GC(27) Metaspace: 1622K(1792K)->1622K(1792K) NonClass: 1501K(1600K)->1501K(1600K) Class: 120K(192K)->120K(192K)
[15.878s][info ][gc          ] GC(27) Pause Young (Allocation Failure) 5811M->462M(6100M) 23.247ms
[15.878s][info ][gc,cpu      ] GC(27) User=0.27s Sys=0.02s Real=0.02s
[16.667s][info ][gc,start    ] GC(28) Pause Young (Allocation Failure)
[16.690s][debug][gc,phases   ] GC(28) Scavenge 22.611ms
[16.690s][debug][gc,phases   ] GC(28) Reference Processing 0.012ms
[16.690s][debug][gc,phases   ] GC(28) Weak Processing 0.021ms
[16.690s][info ][gc,heap     ] GC(28) PSYoungGen: 5532608K(5547008K)->26208K(5545984K) Eden: 5505536K(5505536K)->0K(5505536K) From: 27072K(41472K)->26208K(40448K)
[16.690s][info ][gc,heap     ] GC(28) ParOldGen: 446818K(699392K)->468124K(699392K)
[16.690s][info ][gc,metaspace] GC(28) Metaspace: 1622K(1792K)->1622K(1792K) NonClass: 1501K(1600K)->1501K(1600K) Class: 120K(192K)->120K(192K)
[16.690s][info ][gc          ] GC(28) Pause Young (Allocation Failure) 5839M->482M(6099M) 22.838ms
[16.690s][info ][gc,cpu      ] GC(28) User=0.28s Sys=0.02s Real=0.02s
[17.526s][info ][gc,start    ] GC(29) Pause Young (Allocation Failure)
[17.550s][debug][gc,phases   ] GC(29) Scavenge 24.752ms
[17.550s][debug][gc,phases   ] GC(29) Reference Processing 0.012ms
[17.550s][debug][gc,phases   ] GC(29) Weak Processing 0.021ms
[17.551s][info ][gc,heap     ] GC(29) PSYoungGen: 5531744K(5545984K)->26464K(5550080K) Eden: 5505536K(5505536K)->0K(5511168K) From: 26208K(40448K)->26464K(38912K)
[17.551s][info ][gc,heap     ] GC(29) ParOldGen: 468124K(699392K)->488400K(699392K)
[17.551s][info ][gc,metaspace] GC(29) Metaspace: 1622K(1792K)->1622K(1792K) NonClass: 1501K(1600K)->1501K(1600K) Class: 120K(192K)->120K(192K)
[17.551s][info ][gc          ] GC(29) Pause Young (Allocation Failure) 5859M->502M(6103M) 25.003ms
[17.551s][info ][gc,cpu      ] GC(29) User=0.30s Sys=0.02s Real=0.02s
[18.366s][info ][gc,start    ] GC(30) Pause Young (Allocation Failure)
[18.395s][debug][gc,phases   ] GC(30) Scavenge 29.757ms
[18.395s][debug][gc,phases   ] GC(30) Reference Processing 0.016ms
[18.395s][debug][gc,phases   ] GC(30) Weak Processing 0.022ms
[18.396s][info ][gc,heap     ] GC(30) PSYoungGen: 5537632K(5550080K)->26368K(5549056K) Eden: 5511168K(5511168K)->0K(5511168K) From: 26464K(38912K)->26368K(37888K)
[18.396s][info ][gc,heap     ] GC(30) ParOldGen: 488400K(699392K)->509346K(699392K)
[18.396s][info ][gc,metaspace] GC(30) Metaspace: 1622K(1792K)->1622K(1792K) NonClass: 1501K(1600K)->1501K(1600K) Class: 120K(192K)->120K(192K)
[18.396s][info ][gc          ] GC(30) Pause Young (Allocation Failure) 5884M->523M(6102M) 30.065ms
[18.396s][info ][gc,cpu      ] GC(30) User=0.31s Sys=0.03s Real=0.03s
[19.314s][info ][gc,start    ] GC(31) Pause Young (Allocation Failure)
[19.340s][debug][gc,phases   ] GC(31) Scavenge 25.307ms
[19.340s][debug][gc,phases   ] GC(31) Reference Processing 0.012ms
[19.340s][debug][gc,phases   ] GC(31) Weak Processing 0.021ms
[19.340s][info ][gc,heap     ] GC(31) PSYoungGen: 5537533K(5549056K)->26976K(5553152K) Eden: 5511165K(5511168K)->0K(5516288K) From: 26368K(37888K)->26976K(36864K)
[19.340s][info ][gc,heap     ] GC(31) ParOldGen: 509346K(699392K)->530318K(699392K)
[19.340s][info ][gc,metaspace] GC(31) Metaspace: 1622K(1792K)->1622K(1792K) NonClass: 1501K(1600K)->1501K(1600K) Class: 120K(192K)->120K(192K)
[19.340s][info ][gc          ] GC(31) Pause Young (Allocation Failure) 5905M->544M(6106M) 25.515ms
[19.340s][info ][gc,cpu      ] GC(31) User=0.30s Sys=0.02s Real=0.02s
[20.178s][info ][gc,start    ] GC(32) Pause Young (Allocation Failure)
[20.202s][debug][gc,phases   ] GC(32) Scavenge 23.614ms
[20.202s][debug][gc,phases   ] GC(32) Reference Processing 0.012ms
[20.202s][debug][gc,phases   ] GC(32) Weak Processing 0.020ms
[20.202s][info ][gc,heap     ] GC(32) PSYoungGen: 5543264K(5553152K)->26656K(5552128K) Eden: 5516288K(5516288K)->0K(5516288K) From: 26976K(36864K)->26656K(35840K)
[20.202s][info ][gc,heap     ] GC(32) ParOldGen: 530318K(699392K)->552149K(699392K)
[20.202s][info ][gc,metaspace] GC(32) Metaspace: 1622K(1792K)->1622K(1792K) NonClass: 1501K(1600K)->1501K(1600K) Class: 120K(192K)->120K(192K)
[20.202s][info ][gc          ] GC(32) Pause Young (Allocation Failure) 5931M->565M(6105M) 23.821ms
[20.202s][info ][gc,cpu      ] GC(32) User=0.28s Sys=0.01s Real=0.02s
[21.136s][info ][gc,start    ] GC(33) Pause Young (Allocation Failure)
[21.160s][debug][gc,phases   ] GC(33) Scavenge 23.500ms
[21.160s][debug][gc,phases   ] GC(33) Reference Processing 0.014ms
[21.160s][debug][gc,phases   ] GC(33) Weak Processing 0.021ms
[21.160s][info ][gc,heap     ] GC(33) PSYoungGen: 5542944K(5552128K)->26976K(5554688K) Eden: 5516288K(5516288K)->0K(5519872K) From: 26656K(35840K)->26976K(34816K)
[21.160s][info ][gc,heap     ] GC(33) ParOldGen: 552149K(699392K)->572972K(699392K)
[21.160s][info ][gc,metaspace] GC(33) Metaspace: 1622K(1792K)->1622K(1792K) NonClass: 1501K(1600K)->1501K(1600K) Class: 120K(192K)->120K(192K)
[21.160s][info ][gc          ] GC(33) Pause Young (Allocation Failure) 5952M->585M(6107M) 23.751ms
[21.160s][info ][gc,cpu      ] GC(33) User=0.28s Sys=0.01s Real=0.02s
[21.986s][info ][gc,start    ] GC(34) Pause Young (Allocation Failure)
[22.010s][debug][gc,phases   ] GC(34) Scavenge 23.842ms
[22.010s][debug][gc,phases   ] GC(34) Reference Processing 0.012ms
[22.010s][debug][gc,phases   ] GC(34) Weak Processing 0.022ms
[22.010s][info ][gc,heap     ] GC(34) PSYoungGen: 5546848K(5554688K)->27072K(5554176K) Eden: 5519872K(5519872K)->0K(5519872K) From: 26976K(34816K)->27072K(34304K)
[22.010s][info ][gc,heap     ] GC(34) ParOldGen: 572972K(699392K)->594119K(699392K)
[22.010s][info ][gc,metaspace] GC(34) Metaspace: 1622K(1792K)->1622K(1792K) NonClass: 1501K(1600K)->1501K(1600K) Class: 120K(192K)->120K(192K)
[22.010s][info ][gc          ] GC(34) Pause Young (Allocation Failure) 5976M->606M(6107M) 24.109ms
[22.011s][info ][gc,cpu      ] GC(34) User=0.29s Sys=0.02s Real=0.02s
[22.833s][info ][gc,start    ] GC(35) Pause Young (Allocation Failure)
[22.857s][debug][gc,phases   ] GC(35) Scavenge 24.236ms
[22.857s][debug][gc,phases   ] GC(35) Reference Processing 0.014ms
[22.857s][debug][gc,phases   ] GC(35) Weak Processing 0.022ms
[22.857s][info ][gc,heap     ] GC(35) PSYoungGen: 5546944K(5554176K)->25856K(5557248K) Eden: 5519872K(5519872K)->0K(5523456K) From: 27072K(34304K)->25856K(33792K)
[22.857s][info ][gc,heap     ] GC(35) ParOldGen: 594119K(699392K)->615742K(699392K)
[22.857s][info ][gc,metaspace] GC(35) Metaspace: 1622K(1792K)->1622K(1792K) NonClass: 1501K(1600K)->1501K(1600K) Class: 120K(192K)->120K(192K)
[22.857s][info ][gc          ] GC(35) Pause Young (Allocation Failure) 5997M->626M(6110M) 24.471ms
[22.857s][info ][gc,cpu      ] GC(35) User=0.29s Sys=0.02s Real=0.03s
[23.792s][info ][gc,start    ] GC(36) Pause Young (Allocation Failure)
[23.819s][debug][gc,phases   ] GC(36) Scavenge 27.101ms
[23.819s][debug][gc,phases   ] GC(36) Reference Processing 0.013ms
[23.819s][debug][gc,phases   ] GC(36) Weak Processing 0.023ms
[23.819s][info ][gc,heap     ] GC(36) PSYoungGen: 5549312K(5557248K)->26048K(5556736K) Eden: 5523456K(5523456K)->0K(5523456K) From: 25856K(33792K)->26048K(33280K)
[23.819s][info ][gc,heap     ] GC(36) ParOldGen: 615742K(699392K)->635646K(699392K)
[23.819s][info ][gc,metaspace] GC(36) Metaspace: 1622K(1792K)->1622K(1792K) NonClass: 1501K(1600K)->1501K(1600K) Class: 120K(192K)->120K(192K)
[23.819s][info ][gc          ] GC(36) Pause Young (Allocation Failure) 6020M->646M(6109M) 27.328ms
[23.820s][info ][gc,cpu      ] GC(36) User=0.32s Sys=0.03s Real=0.03s
[24.678s][info ][gc,start    ] GC(37) Pause Young (Allocation Failure)
[24.703s][debug][gc,phases   ] GC(37) Scavenge 25.167ms
[24.703s][debug][gc,phases   ] GC(37) Reference Processing 0.013ms
[24.703s][debug][gc,phases   ] GC(37) Weak Processing 0.020ms
[24.703s][info ][gc,heap     ] GC(37) PSYoungGen: 5549504K(5556736K)->27424K(5558272K) Eden: 5523456K(5523456K)->0K(5525504K) From: 26048K(33280K)->27424K(32768K)
[24.703s][info ][gc,heap     ] GC(37) ParOldGen: 635646K(699392K)->655625K(699392K)
[24.703s][info ][gc,metaspace] GC(37) Metaspace: 1622K(1792K)->1622K(1792K) NonClass: 1501K(1600K)->1501K(1600K) Class: 120K(192K)->120K(192K)
[24.703s][info ][gc          ] GC(37) Pause Young (Allocation Failure) 6040M->667M(6111M) 25.381ms
[24.703s][info ][gc,cpu      ] GC(37) User=0.30s Sys=0.02s Real=0.02s
[25.553s][info ][gc,start    ] GC(38) Pause Young (Allocation Failure)
[25.582s][debug][gc,phases   ] GC(38) Scavenge 28.657ms
[25.582s][debug][gc,phases   ] GC(38) Reference Processing 0.014ms
[25.582s][debug][gc,phases   ] GC(38) Weak Processing 0.024ms
[25.582s][info ][gc,heap     ] GC(38) PSYoungGen: 5552928K(5558272K)->27392K(5557760K) Eden: 5525504K(5525504K)->0K(5525504K) From: 27424K(32768K)->27392K(32256K)
[25.582s][info ][gc,heap     ] GC(38) ParOldGen: 655625K(699392K)->676217K(699392K)
[25.582s][info ][gc,metaspace] GC(38) Metaspace: 1622K(1792K)->1622K(1792K) NonClass: 1501K(1600K)->1501K(1600K) Class: 120K(192K)->120K(192K)
[25.582s][info ][gc          ] GC(38) Pause Young (Allocation Failure) 6063M->687M(6110M) 28.894ms
[25.582s][info ][gc,cpu      ] GC(38) User=0.33s Sys=0.02s Real=0.03s
[25.582s][debug][gc,phases   ] GC(39) Pre Compact 0.040ms
[25.582s][info ][gc,start    ] GC(39) Pause Full (Ergonomics)
[25.582s][info ][gc,phases,start] GC(39) Marking Phase
[25.645s][debug][gc,phases      ] GC(39) Par Mark 63.025ms
[25.646s][debug][gc,phases      ] GC(39) Reference Processing 0.030ms
[25.646s][debug][gc,phases      ] GC(39) Weak Processing 0.029ms
[25.646s][debug][gc,phases      ] GC(39) ClassLoaderData 0.066ms
[25.646s][debug][gc,phases      ] GC(39) Trigger cleanups 0.001ms
[25.648s][debug][gc,phases      ] GC(39) Class Unloading 1.844ms
[25.648s][info ][gc,phases      ] GC(39) Marking Phase 65.097ms
[25.648s][info ][gc,phases,start] GC(39) Summary Phase
[25.648s][info ][gc,phases      ] GC(39) Summary Phase 0.029ms
[25.648s][info ][gc,phases,start] GC(39) Adjust Roots
[25.652s][info ][gc,phases      ] GC(39) Adjust Roots 4.152ms
[25.652s][info ][gc,phases,start] GC(39) Compaction Phase
[25.708s][info ][gc,phases      ] GC(39) Compaction Phase 56.244ms
[25.708s][info ][gc,phases,start] GC(39) Post Compact
[25.709s][info ][gc,phases      ] GC(39) Post Compact 1.343ms
[25.712s][info ][gc,heap        ] GC(39) PSYoungGen: 27392K(5557760K)->0K(5559296K) Eden: 0K(5525504K)->0K(5527040K) From: 27392K(32256K)->0K(32256K)
[25.712s][info ][gc,heap        ] GC(39) ParOldGen: 676217K(699392K)->205586K(532992K)
[25.712s][info ][gc,metaspace   ] GC(39) Metaspace: 1622K(1792K)->1616K(1792K) NonClass: 1501K(1600K)->1497K(1600K) Class: 120K(192K)->118K(192K)
[25.712s][info ][gc             ] GC(39) Pause Full (Ergonomics) 687M->200M(5949M) 129.566ms
[25.712s][info ][gc,cpu         ] GC(39) User=1.49s Sys=0.04s Real=0.13s
[26.508s][info ][gc,start       ] GC(40) Pause Young (Allocation Failure)
[26.522s][debug][gc,phases      ] GC(40) Scavenge 14.464ms
[26.522s][debug][gc,phases      ] GC(40) Reference Processing 0.015ms
[26.523s][debug][gc,phases      ] GC(40) Weak Processing 0.025ms
[26.523s][info ][gc,heap        ] GC(40) PSYoungGen: 5527036K(5559296K)->26432K(5559296K) Eden: 5527036K(5527040K)->0K(5527040K) From: 0K(32256K)->26432K(32256K)
[26.523s][info ][gc,heap        ] GC(40) ParOldGen: 205586K(532992K)->205586K(532992K)
[26.523s][info ][gc,metaspace   ] GC(40) Metaspace: 1620K(1792K)->1620K(1792K) NonClass: 1501K(1600K)->1501K(1600K) Class: 118K(192K)->118K(192K)
[26.523s][info ][gc             ] GC(40) Pause Young (Allocation Failure) 5598M->226M(5949M) 14.717ms
[26.523s][info ][gc,cpu         ] GC(40) User=0.18s Sys=0.01s Real=0.01s
[27.348s][info ][gc,start       ] GC(41) Pause Young (Allocation Failure)
[27.369s][debug][gc,phases      ] GC(41) Scavenge 20.836ms
[27.369s][debug][gc,phases      ] GC(41) Reference Processing 0.013ms
[27.369s][debug][gc,phases      ] GC(41) Weak Processing 0.021ms
[27.369s][info ][gc,heap        ] GC(41) PSYoungGen: 5553472K(5559296K)->26336K(5559296K) Eden: 5527040K(5527040K)->0K(5528064K) From: 26432K(32256K)->26336K(31232K)
[27.369s][info ][gc,heap        ] GC(41) ParOldGen: 205586K(532992K)->226590K(532992K)
[27.369s][info ][gc,metaspace   ] GC(41) Metaspace: 1620K(1792K)->1620K(1792K) NonClass: 1501K(1600K)->1501K(1600K) Class: 118K(192K)->118K(192K)
[27.369s][info ][gc             ] GC(41) Pause Young (Allocation Failure) 5624M->246M(5949M) 21.238ms
[27.369s][info ][gc,cpu         ] GC(41) User=0.26s Sys=0.00s Real=0.02s
[28.169s][info ][gc,start       ] GC(42) Pause Young (Allocation Failure)
[28.189s][debug][gc,phases      ] GC(42) Scavenge 19.751ms
[28.189s][debug][gc,phases      ] GC(42) Reference Processing 0.013ms
[28.189s][debug][gc,phases      ] GC(42) Weak Processing 0.020ms
[28.189s][info ][gc,heap        ] GC(42) PSYoungGen: 5554400K(5559296K)->27712K(5559296K) Eden: 5528064K(5528064K)->0K(5528064K) From: 26336K(31232K)->27712K(31232K)
[28.189s][info ][gc,heap        ] GC(42) ParOldGen: 226590K(532992K)->247465K(532992K)
[28.189s][info ][gc,metaspace   ] GC(42) Metaspace: 1620K(1792K)->1620K(1792K) NonClass: 1501K(1600K)->1501K(1600K) Class: 118K(192K)->118K(192K)
[28.189s][info ][gc             ] GC(42) Pause Young (Allocation Failure) 5645M->268M(5949M) 19.978ms
[28.189s][info ][gc,cpu         ] GC(42) User=0.25s Sys=0.00s Real=0.02s
[28.914s][info ][gc,start       ] GC(43) Pause Young (Allocation Failure)
[28.934s][debug][gc,phases      ] GC(43) Scavenge 19.820ms
[28.934s][debug][gc,phases      ] GC(43) Reference Processing 0.014ms
[28.934s][debug][gc,phases      ] GC(43) Weak Processing 0.021ms
[28.934s][info ][gc,heap        ] GC(43) PSYoungGen: 5555776K(5559296K)->26592K(5559808K) Eden: 5528064K(5528064K)->0K(5529600K) From: 27712K(31232K)->26592K(30208K)
[28.934s][info ][gc,heap        ] GC(43) ParOldGen: 247465K(532992K)->269025K(532992K)
[28.934s][info ][gc,metaspace   ] GC(43) Metaspace: 1620K(1792K)->1620K(1792K) NonClass: 1501K(1600K)->1501K(1600K) Class: 118K(192K)->118K(192K)
[28.934s][info ][gc             ] GC(43) Pause Young (Allocation Failure) 5667M->288M(5950M) 20.113ms
[28.934s][info ][gc,cpu         ] GC(43) User=0.25s Sys=0.00s Real=0.02s
[29.658s][info ][gc,start       ] GC(44) Pause Young (Allocation Failure)
[29.679s][debug][gc,phases      ] GC(44) Scavenge 20.580ms
[29.679s][debug][gc,phases      ] GC(44) Reference Processing 0.013ms
[29.679s][debug][gc,phases      ] GC(44) Weak Processing 0.021ms
[29.679s][info ][gc,heap        ] GC(44) PSYoungGen: 5556192K(5559808K)->26080K(5560320K) Eden: 5529600K(5529600K)->0K(5529600K) From: 26592K(30208K)->26080K(30720K)
[29.679s][info ][gc,heap        ] GC(44) ParOldGen: 269025K(532992K)->289999K(532992K)
[29.679s][info ][gc,metaspace   ] GC(44) Metaspace: 1620K(1792K)->1620K(1792K) NonClass: 1502K(1600K)->1502K(1600K) Class: 118K(192K)->118K(192K)
[29.679s][info ][gc             ] GC(44) Pause Young (Allocation Failure) 5688M->308M(5950M) 20.806ms
[29.679s][info ][gc,cpu         ] GC(44) User=0.26s Sys=0.01s Real=0.02s
[30.453s][info ][gc,start       ] GC(45) Pause Young (Allocation Failure)
[30.475s][debug][gc,phases      ] GC(45) Scavenge 22.251ms
[30.475s][debug][gc,phases      ] GC(45) Reference Processing 0.014ms
[30.475s][debug][gc,phases      ] GC(45) Weak Processing 0.023ms
[30.475s][info ][gc,heap        ] GC(45) PSYoungGen: 5555680K(5560320K)->27552K(5561344K) Eden: 5529600K(5529600K)->0K(5530624K) From: 26080K(30720K)->27552K(30720K)
[30.475s][info ][gc,heap        ] GC(45) ParOldGen: 289999K(532992K)->309889K(532992K)
[30.475s][info ][gc,metaspace   ] GC(45) Metaspace: 1620K(1792K)->1620K(1792K) NonClass: 1502K(1600K)->1502K(1600K) Class: 118K(192K)->118K(192K)
[30.475s][info ][gc             ] GC(45) Pause Young (Allocation Failure) 5708M->329M(5951M) 22.477ms
[30.475s][info ][gc,cpu         ] GC(45) User=0.28s Sys=0.00s Real=0.03s
[31.277s][info ][gc,start       ] GC(46) Pause Young (Allocation Failure)
[31.298s][debug][gc,phases      ] GC(46) Scavenge 21.193ms
[31.298s][debug][gc,phases      ] GC(46) Reference Processing 0.013ms
[31.298s][debug][gc,phases      ] GC(46) Weak Processing 0.022ms
[31.298s][info ][gc,heap        ] GC(46) PSYoungGen: 5558176K(5561344K)->26976K(5557760K) Eden: 5530624K(5530624K)->0K(5530624K) From: 27552K(30720K)->26976K(27136K)
[31.298s][info ][gc,heap        ] GC(46) ParOldGen: 309889K(532992K)->331232K(532992K)
[31.298s][info ][gc,metaspace   ] GC(46) Metaspace: 1620K(1792K)->1620K(1792K) NonClass: 1502K(1600K)->1502K(1600K) Class: 118K(192K)->118K(192K)
[31.298s][info ][gc             ] GC(46) Pause Young (Allocation Failure) 5730M->349M(5948M) 21.423ms
[31.298s][info ][gc,cpu         ] GC(46) User=0.27s Sys=0.01s Real=0.02s
[32.142s][info ][gc,start       ] GC(47) Pause Young (Allocation Failure)
[32.165s][debug][gc,phases      ] GC(47) Scavenge 23.062ms
[32.165s][debug][gc,phases      ] GC(47) Reference Processing 0.013ms
[32.165s][debug][gc,phases      ] GC(47) Weak Processing 0.020ms
[32.165s][info ][gc,heap        ] GC(47) PSYoungGen: 5557600K(5557760K)->26752K(5561344K) Eden: 5530624K(5530624K)->0K(5531136K) From: 26976K(27136K)->26752K(30208K)
[32.165s][info ][gc,heap        ] GC(47) ParOldGen: 331232K(532992K)->351923K(532992K)
[32.165s][info ][gc,metaspace   ] GC(47) Metaspace: 1620K(1792K)->1620K(1792K) NonClass: 1502K(1600K)->1502K(1600K) Class: 118K(192K)->118K(192K)
[32.165s][info ][gc             ] GC(47) Pause Young (Allocation Failure) 5750M->369M(5951M) 23.308ms
[32.165s][info ][gc,cpu         ] GC(47) User=0.28s Sys=0.00s Real=0.03s
[32.943s][info ][gc,start       ] GC(48) Pause Young (Allocation Failure)
[32.964s][debug][gc,phases      ] GC(48) Scavenge 21.096ms
[32.964s][debug][gc,phases      ] GC(48) Reference Processing 0.015ms
[32.964s][debug][gc,phases      ] GC(48) Weak Processing 0.024ms
[32.964s][info ][gc,heap        ] GC(48) PSYoungGen: 5557888K(5561344K)->26976K(5560832K) Eden: 5531136K(5531136K)->0K(5531136K) From: 26752K(30208K)->26976K(29696K)
[32.964s][info ][gc,heap        ] GC(48) ParOldGen: 351923K(532992K)->373472K(532992K)
[32.964s][info ][gc,metaspace   ] GC(48) Metaspace: 1620K(1792K)->1620K(1792K) NonClass: 1502K(1600K)->1502K(1600K) Class: 118K(192K)->118K(192K)
[32.964s][info ][gc             ] GC(48) Pause Young (Allocation Failure) 5771M->391M(5951M) 21.357ms
[32.964s][info ][gc,cpu         ] GC(48) User=0.26s Sys=0.00s Real=0.03s
[33.744s][info ][gc,start       ] GC(49) Pause Young (Allocation Failure)
[33.766s][debug][gc,phases      ] GC(49) Scavenge 21.708ms
[33.766s][debug][gc,phases      ] GC(49) Reference Processing 0.013ms
[33.766s][debug][gc,phases      ] GC(49) Weak Processing 0.021ms
[33.766s][info ][gc,heap        ] GC(49) PSYoungGen: 5558112K(5560832K)->27040K(5561856K) Eden: 5531136K(5531136K)->0K(5532160K) From: 26976K(29696K)->27040K(29696K)
[33.766s][info ][gc,heap        ] GC(49) ParOldGen: 373472K(532992K)->394813K(532992K)
[33.766s][info ][gc,metaspace   ] GC(49) Metaspace: 1620K(1792K)->1620K(1792K) NonClass: 1502K(1600K)->1502K(1600K) Class: 118K(192K)->118K(192K)
[33.766s][info ][gc             ] GC(49) Pause Young (Allocation Failure) 5792M->411M(5952M) 21.926ms
[33.766s][info ][gc,cpu         ] GC(49) User=0.27s Sys=0.00s Real=0.02s
[34.530s][info ][gc,start       ] GC(50) Pause Young (Allocation Failure)
[34.554s][debug][gc,phases      ] GC(50) Scavenge 23.475ms
[34.554s][debug][gc,phases      ] GC(50) Reference Processing 0.013ms
[34.554s][debug][gc,phases      ] GC(50) Weak Processing 0.023ms
[34.554s][info ][gc,heap        ] GC(50) PSYoungGen: 5559200K(5561856K)->26560K(5561856K) Eden: 5532160K(5532160K)->0K(5532160K) From: 27040K(29696K)->26560K(29696K)
[34.554s][info ][gc,heap        ] GC(50) ParOldGen: 394813K(532992K)->415308K(532992K)
[34.554s][info ][gc,metaspace   ] GC(50) Metaspace: 1620K(1792K)->1620K(1792K) NonClass: 1502K(1600K)->1502K(1600K) Class: 118K(192K)->118K(192K)
[34.554s][info ][gc             ] GC(50) Pause Young (Allocation Failure) 5814M->431M(5952M) 23.711ms
[34.554s][info ][gc,cpu         ] GC(50) User=0.29s Sys=0.00s Real=0.03s
[35.341s][info ][gc,start       ] GC(51) Pause Young (Allocation Failure)
[35.363s][debug][gc,phases      ] GC(51) Scavenge 21.263ms
[35.363s][debug][gc,phases      ] GC(51) Reference Processing 0.015ms
[35.363s][debug][gc,phases      ] GC(51) Weak Processing 0.022ms
[35.363s][info ][gc,heap        ] GC(51) PSYoungGen: 5558720K(5561856K)->28000K(5561344K) Eden: 5532160K(5532160K)->0K(5532160K) From: 26560K(29696K)->28000K(29184K)
[35.363s][info ][gc,heap        ] GC(51) ParOldGen: 415308K(532992K)->435606K(532992K)
[35.363s][info ][gc,metaspace   ] GC(51) Metaspace: 1621K(1792K)->1621K(1792K) NonClass: 1502K(1600K)->1502K(1600K) Class: 118K(192K)->118K(192K)
[35.363s][info ][gc             ] GC(51) Pause Young (Allocation Failure) 5834M->452M(5951M) 21.502ms
[35.363s][info ][gc,cpu         ] GC(51) User=0.27s Sys=0.01s Real=0.02s
[36.134s][info ][gc,start       ] GC(52) Pause Young (Allocation Failure)
[36.156s][debug][gc,phases      ] GC(52) Scavenge 22.063ms
[36.157s][debug][gc,phases      ] GC(52) Reference Processing 0.013ms
[36.157s][debug][gc,phases      ] GC(52) Weak Processing 0.022ms
[36.157s][info ][gc,heap        ] GC(52) PSYoungGen: 5560160K(5561344K)->27584K(5561856K) Eden: 5532160K(5532160K)->0K(5532160K) From: 28000K(29184K)->27584K(29696K)
[36.157s][info ][gc,heap        ] GC(52) ParOldGen: 435606K(532992K)->457867K(532992K)
[36.157s][info ][gc,metaspace   ] GC(52) Metaspace: 1621K(1792K)->1621K(1792K) NonClass: 1502K(1600K)->1502K(1600K) Class: 118K(192K)->118K(192K)
[36.157s][info ][gc             ] GC(52) Pause Young (Allocation Failure) 5855M->474M(5952M) 22.307ms
[36.157s][info ][gc,cpu         ] GC(52) User=0.28s Sys=0.00s Real=0.02s
[36.924s][info ][gc,start       ] GC(53) Pause Young (Allocation Failure)
[36.947s][debug][gc,phases      ] GC(53) Scavenge 23.301ms
[36.947s][debug][gc,phases      ] GC(53) Reference Processing 0.013ms
[36.947s][debug][gc,phases      ] GC(53) Weak Processing 0.022ms
[36.947s][info ][gc,heap        ] GC(53) PSYoungGen: 5559744K(5561856K)->27328K(5562368K) Eden: 5532160K(5532160K)->0K(5532672K) From: 27584K(29696K)->27328K(29696K)
[36.947s][info ][gc,heap        ] GC(53) ParOldGen: 457867K(532992K)->479472K(532992K)
[36.947s][info ][gc,metaspace   ] GC(53) Metaspace: 1621K(1792K)->1621K(1792K) NonClass: 1502K(1600K)->1502K(1600K) Class: 118K(192K)->118K(192K)
[36.947s][info ][gc             ] GC(53) Pause Young (Allocation Failure) 5876M->494M(5952M) 23.518ms
[36.947s][info ][gc,cpu         ] GC(53) User=0.30s Sys=0.01s Real=0.02s
[37.700s][info ][gc,start       ] GC(54) Pause Young (Allocation Failure)
[37.723s][debug][gc,phases      ] GC(54) Scavenge 22.912ms
[37.723s][debug][gc,phases      ] GC(54) Reference Processing 0.014ms
[37.723s][debug][gc,phases      ] GC(54) Weak Processing 0.025ms
[37.723s][info ][gc,heap        ] GC(54) PSYoungGen: 5560000K(5562368K)->27136K(5559808K) Eden: 5532672K(5532672K)->0K(5532672K) From: 27328K(29696K)->27136K(27136K)
[37.723s][info ][gc,heap        ] GC(54) ParOldGen: 479472K(532992K)->499867K(532992K)
[37.723s][info ][gc,metaspace   ] GC(54) Metaspace: 1621K(1792K)->1621K(1792K) NonClass: 1502K(1600K)->1502K(1600K) Class: 118K(192K)->118K(192K)
[37.723s][info ][gc             ] GC(54) Pause Young (Allocation Failure) 5897M->514M(5950M) 23.153ms
[37.723s][info ][gc,cpu         ] GC(54) User=0.29s Sys=0.01s Real=0.02s
[38.493s][info ][gc,start       ] GC(55) Pause Young (Allocation Failure)
[38.515s][debug][gc,phases      ] GC(55) Scavenge 21.102ms
[38.515s][debug][gc,phases      ] GC(55) Reference Processing 0.013ms
[38.515s][debug][gc,phases      ] GC(55) Weak Processing 0.022ms
[38.515s][info ][gc,heap        ] GC(55) PSYoungGen: 5559808K(5559808K)->26976K(5561856K) Eden: 5532672K(5532672K)->0K(5532672K) From: 27136K(27136K)->26976K(29184K)
[38.515s][info ][gc,heap        ] GC(55) ParOldGen: 499867K(532992K)->520772K(532992K)
[38.515s][info ][gc,metaspace   ] GC(55) Metaspace: 1621K(1792K)->1621K(1792K) NonClass: 1502K(1600K)->1502K(1600K) Class: 118K(192K)->118K(192K)
[38.515s][info ][gc             ] GC(55) Pause Young (Allocation Failure) 5917M->534M(5952M) 21.323ms
[38.515s][info ][gc,cpu         ] GC(55) User=0.27s Sys=0.01s Real=0.02s
[38.515s][debug][gc,phases      ] GC(56) Pre Compact 0.039ms
[38.515s][info ][gc,start       ] GC(56) Pause Full (Ergonomics)
[38.515s][info ][gc,phases,start] GC(56) Marking Phase
[38.571s][debug][gc,phases      ] GC(56) Par Mark 56.095ms
[38.571s][debug][gc,phases      ] GC(56) Reference Processing 0.028ms
[38.571s][debug][gc,phases      ] GC(56) Weak Processing 0.026ms
[38.571s][debug][gc,phases      ] GC(56) ClassLoaderData 0.005ms
[38.571s][debug][gc,phases      ] GC(56) Trigger cleanups 0.000ms
[38.572s][debug][gc,phases      ] GC(56) Class Unloading 0.981ms
[38.572s][info ][gc,phases      ] GC(56) Marking Phase 57.231ms
[38.572s][info ][gc,phases,start] GC(56) Summary Phase
[38.572s][info ][gc,phases      ] GC(56) Summary Phase 0.023ms
[38.572s][info ][gc,phases,start] GC(56) Adjust Roots
[38.575s][info ][gc,phases      ] GC(56) Adjust Roots 2.803ms
[38.575s][info ][gc,phases,start] GC(56) Compaction Phase
[38.632s][info ][gc,phases      ] GC(56) Compaction Phase 56.830ms
[38.632s][info ][gc,phases,start] GC(56) Post Compact
[38.633s][info ][gc,phases      ] GC(56) Post Compact 0.700ms
[38.633s][info ][gc,heap        ] GC(56) PSYoungGen: 26976K(5561856K)->0K(5561856K) Eden: 0K(5532672K)->0K(5532672K) From: 26976K(29184K)->0K(29184K)
[38.633s][info ][gc,heap        ] GC(56) ParOldGen: 520772K(532992K)->208816K(594432K)
[38.633s][info ][gc,metaspace   ] GC(56) Metaspace: 1621K(1792K)->1621K(1792K) NonClass: 1502K(1600K)->1502K(1600K) Class: 118K(192K)->118K(192K)
[38.633s][info ][gc             ] GC(56) Pause Full (Ergonomics) 534M->203M(6012M) 117.916ms
[38.633s][info ][gc,cpu         ] GC(56) User=1.33s Sys=0.00s Real=0.11s
[39.336s][info ][gc,start       ] GC(57) Pause Young (Allocation Failure)
[39.349s][debug][gc,phases      ] GC(57) Scavenge 12.944ms
[39.349s][debug][gc,phases      ] GC(57) Reference Processing 0.013ms
[39.349s][debug][gc,phases      ] GC(57) Weak Processing 0.021ms
[39.349s][info ][gc,heap        ] GC(57) PSYoungGen: 5532672K(5561856K)->26880K(5562880K) Eden: 5532672K(5532672K)->0K(5533696K) From: 0K(29184K)->26880K(29184K)
[39.349s][info ][gc,heap        ] GC(57) ParOldGen: 208816K(594432K)->208816K(594432K)
[39.349s][info ][gc,metaspace   ] GC(57) Metaspace: 1621K(1792K)->1621K(1792K) NonClass: 1502K(1600K)->1502K(1600K) Class: 118K(192K)->118K(192K)
[39.349s][info ][gc             ] GC(57) Pause Young (Allocation Failure) 5606M->230M(6013M) 13.158ms
[39.349s][info ][gc,cpu         ] GC(57) User=0.17s Sys=0.00s Real=0.01s
[40.128s][info ][gc,start       ] GC(58) Pause Young (Allocation Failure)
[40.146s][debug][gc,phases      ] GC(58) Scavenge 18.603ms
[40.146s][debug][gc,phases      ] GC(58) Reference Processing 0.012ms
[40.146s][debug][gc,phases      ] GC(58) Weak Processing 0.021ms
[40.146s][info ][gc,heap        ] GC(58) PSYoungGen: 5560576K(5562880K)->26784K(5560832K) Eden: 5533696K(5533696K)->0K(5533696K) From: 26880K(29184K)->26784K(27136K)
[40.146s][info ][gc,heap        ] GC(58) ParOldGen: 208816K(594432K)->229165K(594432K)
[40.146s][info ][gc,metaspace   ] GC(58) Metaspace: 1621K(1792K)->1621K(1792K) NonClass: 1502K(1600K)->1502K(1600K) Class: 118K(192K)->118K(192K)
[40.146s][info ][gc             ] GC(58) Pause Young (Allocation Failure) 5634M->249M(6011M) 18.850ms
[40.146s][info ][gc,cpu         ] GC(58) User=0.23s Sys=0.01s Real=0.02s
[40.913s][info ][gc,start       ] GC(59) Pause Young (Allocation Failure)
[40.932s][debug][gc,phases      ] GC(59) Scavenge 19.435ms
[40.932s][debug][gc,phases      ] GC(59) Reference Processing 0.012ms
[40.932s][debug][gc,phases      ] GC(59) Weak Processing 0.020ms
[40.933s][info ][gc,heap        ] GC(59) PSYoungGen: 5560480K(5560832K)->27392K(5562368K) Eden: 5533696K(5533696K)->0K(5533696K) From: 26784K(27136K)->27392K(28672K)
[40.933s][info ][gc,heap        ] GC(59) ParOldGen: 229165K(594432K)->249472K(594432K)
[40.933s][info ][gc,metaspace   ] GC(59) Metaspace: 1621K(1792K)->1621K(1792K) NonClass: 1502K(1600K)->1502K(1600K) Class: 118K(192K)->118K(192K)
[40.933s][info ][gc             ] GC(59) Pause Young (Allocation Failure) 5653M->270M(6012M) 19.673ms
[40.933s][info ][gc,cpu         ] GC(59) User=0.25s Sys=0.00s Real=0.02s
[41.724s][info ][gc,start       ] GC(60) Pause Young (Allocation Failure)
[41.744s][debug][gc,phases      ] GC(60) Scavenge 19.502ms
[41.744s][debug][gc,phases      ] GC(60) Reference Processing 0.013ms
[41.744s][debug][gc,phases      ] GC(60) Weak Processing 0.020ms
[41.744s][info ][gc,heap        ] GC(60) PSYoungGen: 5561088K(5562368K)->26848K(5562368K) Eden: 5533696K(5533696K)->0K(5533696K) From: 27392K(28672K)->26848K(28672K)
[41.744s][info ][gc,heap        ] GC(60) ParOldGen: 249472K(594432K)->271353K(594432K)
[41.744s][info ][gc,metaspace   ] GC(60) Metaspace: 1621K(1792K)->1621K(1792K) NonClass: 1502K(1600K)->1502K(1600K) Class: 118K(192K)->118K(192K)
[41.744s][info ][gc             ] GC(60) Pause Young (Allocation Failure) 5674M->291M(6012M) 19.710ms
[41.744s][info ][gc,cpu         ] GC(60) User=0.25s Sys=0.01s Real=0.02s
[42.477s][info ][gc,start       ] GC(61) Pause Young (Allocation Failure)
[42.500s][debug][gc,phases      ] GC(61) Scavenge 22.232ms
[42.500s][debug][gc,phases      ] GC(61) Reference Processing 0.014ms
[42.500s][debug][gc,phases      ] GC(61) Weak Processing 0.023ms
[42.500s][info ][gc,heap        ] GC(61) PSYoungGen: 5560544K(5562368K)->26912K(5563392K) Eden: 5533696K(5533696K)->0K(5534720K) From: 26848K(28672K)->26912K(28672K)
[42.500s][info ][gc,heap        ] GC(61) ParOldGen: 271353K(594432K)->292663K(594432K)
[42.500s][info ][gc,metaspace   ] GC(61) Metaspace: 1621K(1792K)->1621K(1792K) NonClass: 1502K(1600K)->1502K(1600K) Class: 118K(192K)->118K(192K)
[42.500s][info ][gc             ] GC(61) Pause Young (Allocation Failure) 5695M->312M(6013M) 22.513ms
[42.500s][info ][gc,cpu         ] GC(61) User=0.28s Sys=0.00s Real=0.02s
[43.248s][info ][gc,start       ] GC(62) Pause Young (Allocation Failure)
[43.269s][debug][gc,phases      ] GC(62) Scavenge 21.039ms
[43.269s][debug][gc,phases      ] GC(62) Reference Processing 0.035ms
[43.269s][debug][gc,phases      ] GC(62) Weak Processing 0.021ms
[43.269s][info ][gc,heap        ] GC(62) PSYoungGen: 5561632K(5563392K)->27360K(5563392K) Eden: 5534720K(5534720K)->0K(5534720K) From: 26912K(28672K)->27360K(28672K)
[43.269s][info ][gc,heap        ] GC(62) ParOldGen: 292663K(594432K)->313296K(594432K)
[43.269s][info ][gc,metaspace   ] GC(62) Metaspace: 1621K(1792K)->1621K(1792K) NonClass: 1502K(1600K)->1502K(1600K) Class: 118K(192K)->118K(192K)
[43.269s][info ][gc             ] GC(62) Pause Young (Allocation Failure) 5717M->332M(6013M) 21.269ms
[43.270s][info ][gc,cpu         ] GC(62) User=0.27s Sys=0.00s Real=0.02s
[44.051s][info ][gc,start       ] GC(63) Pause Young (Allocation Failure)
[44.074s][debug][gc,phases      ] GC(63) Scavenge 22.428ms
[44.074s][debug][gc,phases      ] GC(63) Reference Processing 0.014ms
[44.074s][debug][gc,phases      ] GC(63) Weak Processing 0.023ms
[44.074s][info ][gc,heap        ] GC(63) PSYoungGen: 5562080K(5563392K)->27392K(5563392K) Eden: 5534720K(5534720K)->0K(5534720K) From: 27360K(28672K)->27392K(28672K)
[44.074s][info ][gc,heap        ] GC(63) ParOldGen: 313296K(594432K)->333999K(594432K)
[44.074s][info ][gc,metaspace   ] GC(63) Metaspace: 1621K(1792K)->1621K(1792K) NonClass: 1502K(1600K)->1502K(1600K) Class: 118K(192K)->118K(192K)
[44.074s][info ][gc             ] GC(63) Pause Young (Allocation Failure) 5737M->352M(6013M) 22.652ms
[44.074s][info ][gc,cpu         ] GC(63) User=0.28s Sys=0.00s Real=0.03s
[44.842s][info ][gc,start       ] GC(64) Pause Young (Allocation Failure)
[44.862s][debug][gc,phases      ] GC(64) Scavenge 19.976ms
[44.862s][debug][gc,phases      ] GC(64) Reference Processing 0.013ms
[44.863s][debug][gc,phases      ] GC(64) Weak Processing 0.022ms
[44.863s][info ][gc,heap        ] GC(64) PSYoungGen: 5562112K(5563392K)->26400K(5563392K) Eden: 5534720K(5534720K)->0K(5534720K) From: 27392K(28672K)->26400K(28672K)
[44.863s][info ][gc,heap        ] GC(64) ParOldGen: 333999K(594432K)->355337K(594432K)
[44.863s][info ][gc,metaspace   ] GC(64) Metaspace: 1621K(1792K)->1621K(1792K) NonClass: 1502K(1600K)->1502K(1600K) Class: 118K(192K)->118K(192K)
[44.863s][info ][gc             ] GC(64) Pause Young (Allocation Failure) 5757M->372M(6013M) 20.203ms
[44.863s][info ][gc,cpu         ] GC(64) User=0.26s Sys=0.00s Real=0.02s
[45.597s][info ][gc,start       ] GC(65) Pause Young (Allocation Failure)
[45.619s][debug][gc,phases      ] GC(65) Scavenge 21.398ms
[45.619s][debug][gc,phases      ] GC(65) Reference Processing 0.014ms
[45.619s][debug][gc,phases      ] GC(65) Weak Processing 0.028ms
[45.619s][info ][gc,heap        ] GC(65) PSYoungGen: 5561106K(5563392K)->26912K(5563392K) Eden: 5534706K(5534720K)->0K(5534720K) From: 26400K(28672K)->26912K(28672K)
[45.619s][info ][gc,heap        ] GC(65) ParOldGen: 355337K(594432K)->375079K(594432K)
[45.619s][info ][gc,metaspace   ] GC(65) Metaspace: 1621K(1792K)->1621K(1792K) NonClass: 1502K(1600K)->1502K(1600K) Class: 118K(192K)->118K(192K)
[45.619s][info ][gc             ] GC(65) Pause Young (Allocation Failure) 5777M->392M(6013M) 21.624ms
[45.619s][info ][gc,cpu         ] GC(65) User=0.27s Sys=0.00s Real=0.02s
[46.338s][info ][gc,start       ] GC(66) Pause Young (Allocation Failure)
[46.358s][debug][gc,phases      ] GC(66) Scavenge 20.455ms
[46.358s][debug][gc,phases      ] GC(66) Reference Processing 0.014ms
[46.358s][debug][gc,phases      ] GC(66) Weak Processing 0.021ms
[46.358s][info ][gc,heap        ] GC(66) PSYoungGen: 5561632K(5563392K)->27200K(5562368K) Eden: 5534720K(5534720K)->0K(5534720K) From: 26912K(28672K)->27200K(27648K)
[46.358s][info ][gc,heap        ] GC(66) ParOldGen: 375079K(594432K)->395852K(594432K)
[46.358s][info ][gc,metaspace   ] GC(66) Metaspace: 1621K(1792K)->1621K(1792K) NonClass: 1502K(1600K)->1502K(1600K) Class: 118K(192K)->118K(192K)
[46.358s][info ][gc             ] GC(66) Pause Young (Allocation Failure) 5797M->413M(6012M) 20.713ms
[46.358s][info ][gc,cpu         ] GC(66) User=0.26s Sys=0.01s Real=0.02s
[47.100s][info ][gc,start       ] GC(67) Pause Young (Allocation Failure)
[47.122s][debug][gc,phases      ] GC(67) Scavenge 22.262ms
[47.122s][debug][gc,phases      ] GC(67) Reference Processing 0.014ms
[47.122s][debug][gc,phases      ] GC(67) Weak Processing 0.023ms
[47.123s][info ][gc,heap        ] GC(67) PSYoungGen: 5561920K(5562368K)->26752K(5562880K) Eden: 5534720K(5534720K)->0K(5534720K) From: 27200K(27648K)->26752K(28160K)
[47.123s][info ][gc,heap        ] GC(67) ParOldGen: 395852K(594432K)->417075K(594432K)
[47.123s][info ][gc,metaspace   ] GC(67) Metaspace: 1621K(1792K)->1621K(1792K) NonClass: 1502K(1600K)->1502K(1600K) Class: 118K(192K)->118K(192K)
[47.123s][info ][gc             ] GC(67) Pause Young (Allocation Failure) 5818M->433M(6013M) 22.523ms
[47.123s][info ][gc,cpu         ] GC(67) User=0.28s Sys=0.00s Real=0.02s
[47.841s][info ][gc,start       ] GC(68) Pause Young (Allocation Failure)
[47.861s][debug][gc,phases      ] GC(68) Scavenge 20.811ms
[47.861s][debug][gc,phases      ] GC(68) Reference Processing 0.013ms
[47.861s][debug][gc,phases      ] GC(68) Weak Processing 0.021ms
[47.861s][info ][gc,heap        ] GC(68) PSYoungGen: 5561472K(5562880K)->27552K(5562880K) Eden: 5534720K(5534720K)->0K(5534720K) From: 26752K(28160K)->27552K(28160K)
[47.862s][info ][gc,heap        ] GC(68) ParOldGen: 417075K(594432K)->437473K(594432K)
[47.862s][info ][gc,metaspace   ] GC(68) Metaspace: 1621K(1792K)->1621K(1792K) NonClass: 1502K(1600K)->1502K(1600K) Class: 118K(192K)->118K(192K)
[47.862s][info ][gc             ] GC(68) Pause Young (Allocation Failure) 5838M->454M(6013M) 21.020ms
[47.862s][info ][gc,cpu         ] GC(68) User=0.26s Sys=0.00s Real=0.02s
[48.596s][info ][gc,start       ] GC(69) Pause Young (Allocation Failure)
[48.618s][debug][gc,phases      ] GC(69) Scavenge 22.886ms
[48.619s][debug][gc,phases      ] GC(69) Reference Processing 0.015ms
[48.619s][debug][gc,phases      ] GC(69) Weak Processing 0.023ms
[48.619s][info ][gc,heap        ] GC(69) PSYoungGen: 5562272K(5562880K)->26848K(5563392K) Eden: 5534720K(5534720K)->0K(5535232K) From: 27552K(28160K)->26848K(28160K)
[48.619s][info ][gc,heap        ] GC(69) ParOldGen: 437473K(594432K)->459351K(594432K)
[48.619s][info ][gc,metaspace   ] GC(69) Metaspace: 1621K(1792K)->1621K(1792K) NonClass: 1502K(1600K)->1502K(1600K) Class: 118K(192K)->118K(192K)
[48.619s][info ][gc             ] GC(69) Pause Young (Allocation Failure) 5859M->474M(6013M) 23.126ms
[48.619s][info ][gc,cpu         ] GC(69) User=0.29s Sys=0.00s Real=0.02s
[49.321s][info ][gc,start       ] GC(70) Pause Young (Allocation Failure)
[49.342s][debug][gc,phases      ] GC(70) Scavenge 20.585ms
[49.342s][debug][gc,phases      ] GC(70) Reference Processing 0.013ms
[49.342s][debug][gc,phases      ] GC(70) Weak Processing 0.022ms
[49.342s][info ][gc,heap        ] GC(70) PSYoungGen: 5562080K(5563392K)->27232K(5563392K) Eden: 5535232K(5535232K)->0K(5535232K) From: 26848K(28160K)->27232K(28160K)
[49.342s][info ][gc,heap        ] GC(70) ParOldGen: 459351K(594432K)->479304K(594432K)
[49.342s][info ][gc,metaspace   ] GC(70) Metaspace: 1621K(1792K)->1621K(1792K) NonClass: 1502K(1600K)->1502K(1600K) Class: 118K(192K)->118K(192K)
[49.342s][info ][gc             ] GC(70) Pause Young (Allocation Failure) 5880M->494M(6013M) 20.813ms
[49.342s][info ][gc,cpu         ] GC(70) User=0.26s Sys=0.01s Real=0.02s
[50.051s][info ][gc,start       ] GC(71) Pause Young (Allocation Failure)
[50.073s][debug][gc,phases      ] GC(71) Scavenge 22.044ms
[50.073s][debug][gc,phases      ] GC(71) Reference Processing 0.013ms
[50.073s][debug][gc,phases      ] GC(71) Weak Processing 0.023ms
[50.073s][info ][gc,heap        ] GC(71) PSYoungGen: 5562464K(5563392K)->26976K(5563904K) Eden: 5535232K(5535232K)->0K(5535744K) From: 27232K(28160K)->26976K(28160K)
[50.073s][info ][gc,heap        ] GC(71) ParOldGen: 479304K(594432K)->500185K(594432K)
[50.073s][info ][gc,metaspace   ] GC(71) Metaspace: 1621K(1792K)->1621K(1792K) NonClass: 1502K(1600K)->1502K(1600K) Class: 118K(192K)->118K(192K)
[50.073s][info ][gc             ] GC(71) Pause Young (Allocation Failure) 5900M->514M(6014M) 22.308ms
[50.074s][info ][gc,cpu         ] GC(71) User=0.28s Sys=0.00s Real=0.03s
[50.770s][info ][gc,start       ] GC(72) Pause Young (Allocation Failure)
[50.791s][debug][gc,phases      ] GC(72) Scavenge 20.574ms
[50.791s][debug][gc,phases      ] GC(72) Reference Processing 0.014ms
[50.791s][debug][gc,phases      ] GC(72) Weak Processing 0.022ms
[50.791s][info ][gc,heap        ] GC(72) PSYoungGen: 5562710K(5563904K)->26304K(5563904K) Eden: 5535734K(5535744K)->0K(5535744K) From: 26976K(28160K)->26304K(28160K)
[50.791s][info ][gc,heap        ] GC(72) ParOldGen: 500185K(594432K)->520689K(594432K)
[50.791s][info ][gc,metaspace   ] GC(72) Metaspace: 1621K(1792K)->1621K(1792K) NonClass: 1502K(1600K)->1502K(1600K) Class: 118K(192K)->118K(192K)
[50.791s][info ][gc             ] GC(72) Pause Young (Allocation Failure) 5920M->534M(6014M) 20.793ms
[50.791s][info ][gc,cpu         ] GC(72) User=0.27s Sys=0.00s Real=0.02s
[51.493s][info ][gc,start       ] GC(73) Pause Young (Allocation Failure)
[51.514s][debug][gc,phases      ] GC(73) Scavenge 21.712ms
[51.514s][debug][gc,phases      ] GC(73) Reference Processing 0.015ms
[51.514s][debug][gc,phases      ] GC(73) Weak Processing 0.022ms
[51.514s][info ][gc,heap        ] GC(73) PSYoungGen: 5562048K(5563904K)->27648K(5563904K) Eden: 5535744K(5535744K)->0K(5535744K) From: 26304K(28160K)->27648K(28160K)
[51.514s][info ][gc,heap        ] GC(73) ParOldGen: 520689K(594432K)->541547K(594432K)
[51.514s][info ][gc,metaspace   ] GC(73) Metaspace: 1621K(1792K)->1621K(1792K) NonClass: 1502K(1600K)->1502K(1600K) Class: 118K(192K)->118K(192K)
[51.514s][info ][gc             ] GC(73) Pause Young (Allocation Failure) 5940M->555M(6014M) 21.935ms
[51.515s][info ][gc,cpu         ] GC(73) User=0.26s Sys=0.00s Real=0.03s
[52.220s][info ][gc,start       ] GC(74) Pause Young (Allocation Failure)
[52.241s][debug][gc,phases      ] GC(74) Scavenge 21.361ms
[52.241s][debug][gc,phases      ] GC(74) Reference Processing 0.013ms
[52.241s][debug][gc,phases      ] GC(74) Weak Processing 0.022ms
[52.241s][info ][gc,heap        ] GC(74) PSYoungGen: 5563392K(5563904K)->26144K(5562368K) Eden: 5535744K(5535744K)->0K(5535744K) From: 27648K(28160K)->26144K(26624K)
[52.241s][info ][gc,heap        ] GC(74) ParOldGen: 541547K(594432K)->562483K(594432K)
[52.241s][info ][gc,metaspace   ] GC(74) Metaspace: 1621K(1792K)->1621K(1792K) NonClass: 1502K(1600K)->1502K(1600K) Class: 118K(192K)->118K(192K)
[52.241s][info ][gc             ] GC(74) Pause Young (Allocation Failure) 5961M->574M(6012M) 21.577ms
[52.241s][info ][gc,cpu         ] GC(74) User=0.25s Sys=0.02s Real=0.02s
[52.946s][info ][gc,start       ] GC(75) Pause Young (Allocation Failure)
[52.967s][debug][gc,phases      ] GC(75) Scavenge 21.260ms
[52.967s][debug][gc,phases      ] GC(75) Reference Processing 0.013ms
[52.967s][debug][gc,phases      ] GC(75) Weak Processing 0.022ms
[52.967s][info ][gc,heap        ] GC(75) PSYoungGen: 5561874K(5562368K)->27104K(5563904K) Eden: 5535730K(5535744K)->0K(5535232K) From: 26144K(26624K)->27104K(28672K)
[52.967s][info ][gc,heap        ] GC(75) ParOldGen: 562483K(594432K)->582738K(594432K)
[52.967s][info ][gc,metaspace   ] GC(75) Metaspace: 1621K(1792K)->1621K(1792K) NonClass: 1502K(1600K)->1502K(1600K) Class: 118K(192K)->118K(192K)
[52.967s][info ][gc             ] GC(75) Pause Young (Allocation Failure) 5980M->595M(6014M) 21.488ms
[52.967s][info ][gc,cpu         ] GC(75) User=0.26s Sys=0.01s Real=0.02s
[52.967s][debug][gc,phases      ] GC(76) Pre Compact 0.039ms
[52.967s][info ][gc,start       ] GC(76) Pause Full (Ergonomics)
[52.967s][info ][gc,phases,start] GC(76) Marking Phase
[53.022s][debug][gc,phases      ] GC(76) Par Mark 54.959ms
[53.022s][debug][gc,phases      ] GC(76) Reference Processing 0.028ms
[53.023s][debug][gc,phases      ] GC(76) Weak Processing 0.026ms
[53.023s][debug][gc,phases      ] GC(76) ClassLoaderData 0.005ms
[53.023s][debug][gc,phases      ] GC(76) Trigger cleanups 0.000ms
[53.023s][debug][gc,phases      ] GC(76) Class Unloading 0.935ms
[53.023s][info ][gc,phases      ] GC(76) Marking Phase 56.068ms
[53.023s][info ][gc,phases,start] GC(76) Summary Phase
[53.023s][info ][gc,phases      ] GC(76) Summary Phase 0.016ms
[53.023s][info ][gc,phases,start] GC(76) Adjust Roots
[53.029s][info ][gc,phases      ] GC(76) Adjust Roots 5.318ms
[53.029s][info ][gc,phases,start] GC(76) Compaction Phase
[53.104s][info ][gc,phases      ] GC(76) Compaction Phase 74.814ms
[53.104s][info ][gc,phases,start] GC(76) Post Compact
[53.104s][info ][gc,phases      ] GC(76) Post Compact 0.640ms
[53.104s][info ][gc,heap        ] GC(76) PSYoungGen: 27104K(5563904K)->0K(5563392K) Eden: 0K(5535232K)->0K(5535232K) From: 27104K(28672K)->0K(28160K)
[53.104s][info ][gc,heap        ] GC(76) ParOldGen: 582738K(594432K)->201773K(631296K)
[53.104s][info ][gc,metaspace   ] GC(76) Metaspace: 1621K(1792K)->1621K(1792K) NonClass: 1502K(1600K)->1502K(1600K) Class: 118K(192K)->118K(192K)
[53.105s][info ][gc             ] GC(76) Pause Full (Ergonomics) 595M->197M(6049M) 137.120ms
[53.105s][info ][gc,cpu         ] GC(76) User=1.64s Sys=0.00s Real=0.14s
[53.776s][info ][gc,start       ] GC(77) Pause Young (Allocation Failure)
[53.789s][debug][gc,phases      ] GC(77) Scavenge 12.937ms
[53.789s][debug][gc,phases      ] GC(77) Reference Processing 0.014ms
[53.789s][debug][gc,phases      ] GC(77) Weak Processing 0.021ms
[53.789s][info ][gc,heap        ] GC(77) PSYoungGen: 5535232K(5563392K)->27360K(5563392K) Eden: 5535232K(5535232K)->0K(5535232K) From: 0K(28160K)->27360K(28160K)
[53.789s][info ][gc,heap        ] GC(77) ParOldGen: 201773K(631296K)->201773K(631296K)
[53.789s][info ][gc,metaspace   ] GC(77) Metaspace: 1621K(1792K)->1621K(1792K) NonClass: 1502K(1600K)->1502K(1600K) Class: 118K(192K)->118K(192K)
[53.789s][info ][gc             ] GC(77) Pause Young (Allocation Failure) 5602M->223M(6049M) 13.158ms
[53.789s][info ][gc,cpu         ] GC(77) User=0.16s Sys=0.01s Real=0.01s
[54.477s][info ][gc,start       ] GC(78) Pause Young (Allocation Failure)
[54.495s][debug][gc,phases      ] GC(78) Scavenge 17.710ms
[54.495s][debug][gc,phases      ] GC(78) Reference Processing 0.013ms
[54.495s][debug][gc,phases      ] GC(78) Weak Processing 0.020ms
[54.495s][info ][gc,heap        ] GC(78) PSYoungGen: 5562592K(5563392K)->27520K(5563392K) Eden: 5535232K(5535232K)->0K(5535232K) From: 27360K(28160K)->27520K(28160K)
[54.495s][info ][gc,heap        ] GC(78) ParOldGen: 201773K(631296K)->222719K(631296K)
[54.495s][info ][gc,metaspace   ] GC(78) Metaspace: 1621K(1792K)->1621K(1792K) NonClass: 1502K(1600K)->1502K(1600K) Class: 118K(192K)->118K(192K)
[54.495s][info ][gc             ] GC(78) Pause Young (Allocation Failure) 5629M->244M(6049M) 17.918ms
[54.495s][info ][gc,cpu         ] GC(78) User=0.23s Sys=0.00s Real=0.02s
[55.168s][info ][gc,start       ] GC(79) Pause Young (Allocation Failure)
[55.186s][debug][gc,phases      ] GC(79) Scavenge 17.927ms
[55.186s][debug][gc,phases      ] GC(79) Reference Processing 0.013ms
[55.186s][debug][gc,phases      ] GC(79) Weak Processing 0.028ms
[55.186s][info ][gc,heap        ] GC(79) PSYoungGen: 5562752K(5563392K)->26336K(5563392K) Eden: 5535232K(5535232K)->0K(5534720K) From: 27520K(28160K)->26336K(28672K)
[55.186s][info ][gc,heap        ] GC(79) ParOldGen: 222719K(631296K)->244061K(631296K)
[55.186s][info ][gc,metaspace   ] GC(79) Metaspace: 1621K(1792K)->1621K(1792K) NonClass: 1502K(1600K)->1502K(1600K) Class: 118K(192K)->118K(192K)
[55.186s][info ][gc             ] GC(79) Pause Young (Allocation Failure) 5649M->264M(6049M) 18.156ms
[55.186s][info ][gc,cpu         ] GC(79) User=0.23s Sys=0.01s Real=0.02s
[55.852s][info ][gc,start       ] GC(80) Pause Young (Allocation Failure)
[55.871s][debug][gc,phases      ] GC(80) Scavenge 18.249ms
[55.871s][debug][gc,phases      ] GC(80) Reference Processing 0.013ms
[55.871s][debug][gc,phases      ] GC(80) Weak Processing 0.021ms
[55.871s][info ][gc,heap        ] GC(80) PSYoungGen: 5561056K(5563392K)->26784K(5561856K) Eden: 5534720K(5534720K)->0K(5534720K) From: 26336K(28672K)->26784K(27136K)
[55.871s][info ][gc,heap        ] GC(80) ParOldGen: 244061K(631296K)->264144K(631296K)
[55.871s][info ][gc,metaspace   ] GC(80) Metaspace: 1621K(1792K)->1621K(1792K) NonClass: 1502K(1600K)->1502K(1600K) Class: 118K(192K)->118K(192K)
[55.871s][info ][gc             ] GC(80) Pause Young (Allocation Failure) 5669M->284M(6048M) 18.511ms
[55.871s][info ][gc,cpu         ] GC(80) User=0.24s Sys=0.00s Real=0.01s
[56.561s][info ][gc,start       ] GC(81) Pause Young (Allocation Failure)
[56.582s][debug][gc,phases      ] GC(81) Scavenge 21.441ms
[56.582s][debug][gc,phases      ] GC(81) Reference Processing 0.026ms
[56.582s][debug][gc,phases      ] GC(81) Weak Processing 0.022ms
[56.582s][info ][gc,heap        ] GC(81) PSYoungGen: 5561504K(5561856K)->26784K(5562880K) Eden: 5534720K(5534720K)->0K(5534720K) From: 26784K(27136K)->26784K(28160K)
[56.582s][info ][gc,heap        ] GC(81) ParOldGen: 264144K(631296K)->285007K(631296K)
[56.582s][info ][gc,metaspace   ] GC(81) Metaspace: 1621K(1792K)->1621K(1792K) NonClass: 1502K(1600K)->1502K(1600K) Class: 118K(192K)->118K(192K)
[56.582s][info ][gc             ] GC(81) Pause Young (Allocation Failure) 5689M->304M(6049M) 21.699ms
[56.582s][info ][gc,cpu         ] GC(81) User=0.27s Sys=0.00s Real=0.02s
[57.328s][info ][gc,start       ] GC(82) Pause Young (Allocation Failure)
[57.349s][debug][gc,phases      ] GC(82) Scavenge 20.450ms
[57.349s][debug][gc,phases      ] GC(82) Reference Processing 0.012ms
[57.349s][debug][gc,phases      ] GC(82) Weak Processing 0.021ms
[57.349s][info ][gc,heap        ] GC(82) PSYoungGen: 5561504K(5562880K)->26816K(5562880K) Eden: 5534720K(5534720K)->0K(5534720K) From: 26784K(28160K)->26816K(28160K)
[57.349s][info ][gc,heap        ] GC(82) ParOldGen: 285007K(631296K)->305630K(631296K)
[57.349s][info ][gc,metaspace   ] GC(82) Metaspace: 1621K(1792K)->1621K(1792K) NonClass: 1502K(1600K)->1502K(1600K) Class: 118K(192K)->118K(192K)
[57.349s][info ][gc             ] GC(82) Pause Young (Allocation Failure) 5709M->324M(6049M) 20.662ms
[57.349s][info ][gc,cpu         ] GC(82) User=0.26s Sys=0.00s Real=0.02s
[58.077s][info ][gc,start       ] GC(83) Pause Young (Allocation Failure)
[58.099s][debug][gc,phases      ] GC(83) Scavenge 21.565ms
[58.099s][debug][gc,phases      ] GC(83) Reference Processing 0.014ms
[58.099s][debug][gc,phases      ] GC(83) Weak Processing 0.022ms
[58.099s][info ][gc,heap        ] GC(83) PSYoungGen: 5561536K(5562880K)->26752K(5563904K) Eden: 5534720K(5534720K)->0K(5535744K) From: 26816K(28160K)->26752K(28160K)
[58.099s][info ][gc,heap        ] GC(83) ParOldGen: 305630K(631296K)->326173K(631296K)
[58.099s][info ][gc,metaspace   ] GC(83) Metaspace: 1621K(1792K)->1621K(1792K) NonClass: 1502K(1600K)->1502K(1600K) Class: 118K(192K)->118K(192K)
[58.099s][info ][gc             ] GC(83) Pause Young (Allocation Failure) 5729M->344M(6050M) 21.788ms
[58.099s][info ][gc,cpu         ] GC(83) User=0.27s Sys=0.00s Real=0.02s
[58.819s][info ][gc,start       ] GC(84) Pause Young (Allocation Failure)
[58.852s][debug][gc,phases      ] GC(84) Scavenge 20.635ms
[58.852s][debug][gc,phases      ] GC(84) Reference Processing 0.014ms
[58.853s][debug][gc,phases      ] GC(84) Weak Processing 0.021ms
[58.853s][info ][gc,heap        ] GC(84) PSYoungGen: 5562496K(5563904K)->26624K(5563904K) Eden: 5535744K(5535744K)->0K(5535744K) From: 26752K(28160K)->26624K(28160K)
[58.853s][info ][gc,heap        ] GC(84) ParOldGen: 326173K(631296K)->346970K(631296K)
[58.853s][info ][gc,metaspace   ] GC(84) Metaspace: 1621K(1792K)->1621K(1792K) NonClass: 1502K(1600K)->1502K(1600K) Class: 118K(192K)->118K(192K)
[58.853s][info ][gc             ] GC(84) Pause Young (Allocation Failure) 5750M->364M(6050M) 33.414ms
[58.853s][info ][gc,cpu         ] GC(84) User=0.26s Sys=0.00s Real=0.04s
[59.655s][info ][gc,start       ] GC(85) Pause Young (Allocation Failure)
[59.677s][debug][gc,phases      ] GC(85) Scavenge 22.250ms
[59.677s][debug][gc,phases      ] GC(85) Reference Processing 0.014ms
[59.677s][debug][gc,phases      ] GC(85) Weak Processing 0.029ms
[59.677s][info ][gc,heap        ] GC(85) PSYoungGen: 5562368K(5563904K)->27488K(5563904K) Eden: 5535744K(5535744K)->0K(5535744K) From: 26624K(28160K)->27488K(28160K)
[59.677s][info ][gc,heap        ] GC(85) ParOldGen: 346970K(631296K)->367845K(631296K)
[59.677s][info ][gc,metaspace   ] GC(85) Metaspace: 1621K(1792K)->1621K(1792K) NonClass: 1502K(1600K)->1502K(1600K) Class: 118K(192K)->118K(192K)
[59.677s][info ][gc             ] GC(85) Pause Young (Allocation Failure) 5770M->386M(6050M) 22.508ms
[59.677s][info ][gc,cpu         ] GC(85) User=0.29s Sys=0.00s Real=0.02s
[60.475s][info ][gc,start       ] GC(86) Pause Young (Allocation Failure)
[60.498s][debug][gc,phases      ] GC(86) Scavenge 22.053ms
[60.498s][debug][gc,phases      ] GC(86) Reference Processing 0.014ms
[60.498s][debug][gc,phases      ] GC(86) Weak Processing 0.023ms
[60.498s][info ][gc,heap        ] GC(86) PSYoungGen: 5563232K(5563904K)->27360K(5563904K) Eden: 5535744K(5535744K)->0K(5535744K) From: 27488K(28160K)->27360K(28160K)
[60.498s][info ][gc,heap        ] GC(86) ParOldGen: 367845K(631296K)->389369K(631296K)
[60.498s][info ][gc,metaspace   ] GC(86) Metaspace: 1621K(1792K)->1621K(1792K) NonClass: 1502K(1600K)->1502K(1600K) Class: 118K(192K)->118K(192K)
[60.498s][info ][gc             ] GC(86) Pause Young (Allocation Failure) 5792M->406M(6050M) 22.301ms
[60.498s][info ][gc,cpu         ] GC(86) User=0.28s Sys=0.01s Real=0.02s
[61.326s][info ][gc,start       ] GC(87) Pause Young (Allocation Failure)
[61.349s][debug][gc,phases      ] GC(87) Scavenge 22.668ms
[61.349s][debug][gc,phases      ] GC(87) Reference Processing 0.014ms
[61.349s][debug][gc,phases      ] GC(87) Weak Processing 0.022ms
[61.349s][info ][gc,heap        ] GC(87) PSYoungGen: 5563104K(5563904K)->26432K(5563904K) Eden: 5535744K(5535744K)->0K(5535744K) From: 27360K(28160K)->26432K(28160K)
[61.349s][info ][gc,heap        ] GC(87) ParOldGen: 389369K(631296K)->410303K(631296K)
[61.349s][info ][gc,metaspace   ] GC(87) Metaspace: 1621K(1792K)->1621K(1792K) NonClass: 1502K(1600K)->1502K(1600K) Class: 118K(192K)->118K(192K)
[61.349s][info ][gc             ] GC(87) Pause Young (Allocation Failure) 5812M->426M(6050M) 22.922ms
[61.349s][info ][gc,cpu         ] GC(87) User=0.28s Sys=0.00s Real=0.02s
[62.076s][info ][gc,start       ] GC(88) Pause Young (Allocation Failure)
[62.098s][debug][gc,phases      ] GC(88) Scavenge 21.913ms
[62.098s][debug][gc,phases      ] GC(88) Reference Processing 0.014ms
[62.098s][debug][gc,phases      ] GC(88) Weak Processing 0.023ms
[62.098s][info ][gc,heap        ] GC(88) PSYoungGen: 5562176K(5563904K)->27232K(5563904K) Eden: 5535744K(5535744K)->0K(5535744K) From: 26432K(28160K)->27232K(28160K)
[62.098s][info ][gc,heap        ] GC(88) ParOldGen: 410303K(631296K)->430864K(631296K)
[62.098s][info ][gc,metaspace   ] GC(88) Metaspace: 1621K(1792K)->1621K(1792K) NonClass: 1502K(1600K)->1502K(1600K) Class: 118K(192K)->118K(192K)
[62.098s][info ][gc             ] GC(88) Pause Young (Allocation Failure) 5832M->447M(6050M) 22.166ms
[62.099s][info ][gc,cpu         ] GC(88) User=0.28s Sys=0.00s Real=0.02s
[62.809s][info ][gc,start       ] GC(89) Pause Young (Allocation Failure)
[62.831s][debug][gc,phases      ] GC(89) Scavenge 22.527ms
[62.831s][debug][gc,phases      ] GC(89) Reference Processing 0.015ms
[62.831s][debug][gc,phases      ] GC(89) Weak Processing 0.022ms
[62.831s][info ][gc,heap        ] GC(89) PSYoungGen: 5562976K(5563904K)->27424K(5563904K) Eden: 5535744K(5535744K)->0K(5535744K) From: 27232K(28160K)->27424K(28160K)
[62.831s][info ][gc,heap        ] GC(89) ParOldGen: 430864K(631296K)->452637K(631296K)
[62.831s][info ][gc,metaspace   ] GC(89) Metaspace: 1621K(1792K)->1621K(1792K) NonClass: 1502K(1600K)->1502K(1600K) Class: 118K(192K)->118K(192K)
[62.831s][info ][gc             ] GC(89) Pause Young (Allocation Failure) 5853M->468M(6050M) 22.838ms
[62.831s][info ][gc,cpu         ] GC(89) User=0.29s Sys=0.00s Real=0.02s
[63.548s][info ][gc,start       ] GC(90) Pause Young (Allocation Failure)
[63.571s][debug][gc,phases      ] GC(90) Scavenge 22.402ms
[63.571s][debug][gc,phases      ] GC(90) Reference Processing 0.015ms
[63.571s][debug][gc,phases      ] GC(90) Weak Processing 0.029ms
[63.571s][info ][gc,heap        ] GC(90) PSYoungGen: 5563168K(5563904K)->26816K(5563904K) Eden: 5535744K(5535744K)->0K(5535744K) From: 27424K(28160K)->26816K(28160K)
[63.571s][info ][gc,heap        ] GC(90) ParOldGen: 452637K(631296K)->474230K(631296K)
[63.571s][info ][gc,metaspace   ] GC(90) Metaspace: 1621K(1792K)->1621K(1792K) NonClass: 1502K(1600K)->1502K(1600K) Class: 118K(192K)->118K(192K)
[63.571s][info ][gc             ] GC(90) Pause Young (Allocation Failure) 5874M->489M(6050M) 22.668ms
[63.571s][info ][gc,cpu         ] GC(90) User=0.29s Sys=0.00s Real=0.02s
[64.329s][info ][gc,start       ] GC(91) Pause Young (Allocation Failure)
[64.351s][debug][gc,phases      ] GC(91) Scavenge 21.966ms
[64.351s][debug][gc,phases      ] GC(91) Reference Processing 0.015ms
[64.351s][debug][gc,phases      ] GC(91) Weak Processing 0.023ms
[64.351s][info ][gc,heap        ] GC(91) PSYoungGen: 5562560K(5563904K)->27360K(5563904K) Eden: 5535744K(5535744K)->0K(5535744K) From: 26816K(28160K)->27360K(28160K)
[64.351s][info ][gc,heap        ] GC(91) ParOldGen: 474230K(631296K)->495577K(631296K)
[64.351s][info ][gc,metaspace   ] GC(91) Metaspace: 1621K(1792K)->1621K(1792K) NonClass: 1502K(1600K)->1502K(1600K) Class: 118K(192K)->118K(192K)
[64.351s][info ][gc             ] GC(91) Pause Young (Allocation Failure) 5895M->510M(6050M) 22.224ms
[64.352s][info ][gc,cpu         ] GC(91) User=0.28s Sys=0.00s Real=0.02s
[65.115s][info ][gc,start       ] GC(92) Pause Young (Allocation Failure)
[65.138s][debug][gc,phases      ] GC(92) Scavenge 22.432ms
[65.138s][debug][gc,phases      ] GC(92) Reference Processing 0.014ms
[65.138s][debug][gc,phases      ] GC(92) Weak Processing 0.023ms
[65.138s][info ][gc,heap        ] GC(92) PSYoungGen: 5563104K(5563904K)->27232K(5563904K) Eden: 5535744K(5535744K)->0K(5535744K) From: 27360K(28160K)->27232K(28160K)
[65.138s][info ][gc,heap        ] GC(92) ParOldGen: 495577K(631296K)->516238K(631296K)
[65.138s][info ][gc,metaspace   ] GC(92) Metaspace: 1621K(1792K)->1621K(1792K) NonClass: 1502K(1600K)->1502K(1600K) Class: 118K(192K)->118K(192K)
[65.138s][info ][gc             ] GC(92) Pause Young (Allocation Failure) 5916M->530M(6050M) 22.690ms
[65.138s][info ][gc,cpu         ] GC(92) User=0.29s Sys=0.01s Real=0.02s
[65.867s][info ][gc,start       ] GC(93) Pause Young (Allocation Failure)
[65.890s][debug][gc,phases      ] GC(93) Scavenge 22.789ms
[65.890s][debug][gc,phases      ] GC(93) Reference Processing 0.015ms
[65.890s][debug][gc,phases      ] GC(93) Weak Processing 0.023ms
[65.890s][info ][gc,heap        ] GC(93) PSYoungGen: 5562976K(5563904K)->27296K(5563904K) Eden: 5535744K(5535744K)->0K(5535744K) From: 27232K(28160K)->27296K(28160K)
[65.890s][info ][gc,heap        ] GC(93) ParOldGen: 516238K(631296K)->536467K(631296K)
[65.890s][info ][gc,metaspace   ] GC(93) Metaspace: 1621K(1792K)->1621K(1792K) NonClass: 1502K(1600K)->1502K(1600K) Class: 118K(192K)->118K(192K)
[65.890s][info ][gc             ] GC(93) Pause Young (Allocation Failure) 5936M->550M(6050M) 23.064ms
[65.890s][info ][gc,cpu         ] GC(93) User=0.29s Sys=0.00s Real=0.02s
[66.660s][info ][gc,start       ] GC(94) Pause Young (Allocation Failure)
[66.681s][debug][gc,phases      ] GC(94) Scavenge 21.791ms
[66.682s][debug][gc,phases      ] GC(94) Reference Processing 0.015ms
[66.682s][debug][gc,phases      ] GC(94) Weak Processing 0.023ms
[66.682s][info ][gc,heap        ] GC(94) PSYoungGen: 5563040K(5563904K)->26784K(5563904K) Eden: 5535744K(5535744K)->0K(5535744K) From: 27296K(28160K)->26784K(28160K)
[66.682s][info ][gc,heap        ] GC(94) ParOldGen: 536467K(631296K)->556985K(631296K)
[66.682s][info ][gc,metaspace   ] GC(94) Metaspace: 1621K(1792K)->1621K(1792K) NonClass: 1502K(1600K)->1502K(1600K) Class: 118K(192K)->118K(192K)
[66.682s][info ][gc             ] GC(94) Pause Young (Allocation Failure) 5956M->570M(6050M) 22.045ms
[66.682s][info ][gc,cpu         ] GC(94) User=0.28s Sys=0.01s Real=0.02s
[67.432s][info ][gc,start       ] GC(95) Pause Young (Allocation Failure)
[67.457s][debug][gc,phases      ] GC(95) Scavenge 24.290ms
[67.457s][debug][gc,phases      ] GC(95) Reference Processing 0.014ms
[67.457s][debug][gc,phases      ] GC(95) Weak Processing 0.024ms
[67.457s][info ][gc,heap        ] GC(95) PSYoungGen: 5562528K(5563904K)->26944K(5563904K) Eden: 5535744K(5535744K)->0K(5535744K) From: 26784K(28160K)->26944K(28160K)
[67.457s][info ][gc,heap        ] GC(95) ParOldGen: 556985K(631296K)->578524K(631296K)
[67.457s][info ][gc,metaspace   ] GC(95) Metaspace: 1621K(1792K)->1621K(1792K) NonClass: 1502K(1600K)->1502K(1600K) Class: 118K(192K)->118K(192K)
[67.457s][info ][gc             ] GC(95) Pause Young (Allocation Failure) 5976M->591M(6050M) 24.552ms
[67.457s][info ][gc,cpu         ] GC(95) User=0.31s Sys=0.01s Real=0.02s
[68.206s][info ][gc,start       ] GC(96) Pause Young (Allocation Failure)
[68.230s][debug][gc,phases      ] GC(96) Scavenge 23.416ms
[68.230s][debug][gc,phases      ] GC(96) Reference Processing 0.013ms
[68.230s][debug][gc,phases      ] GC(96) Weak Processing 0.022ms
[68.230s][info ][gc,heap        ] GC(96) PSYoungGen: 5562688K(5563904K)->26336K(5563904K) Eden: 5535744K(5535744K)->0K(5535744K) From: 26944K(28160K)->26336K(28160K)
[68.230s][info ][gc,heap        ] GC(96) ParOldGen: 578524K(631296K)->599266K(631296K)
[68.230s][info ][gc,metaspace   ] GC(96) Metaspace: 1621K(1792K)->1621K(1792K) NonClass: 1502K(1600K)->1502K(1600K) Class: 118K(192K)->118K(192K)
[68.230s][info ][gc             ] GC(96) Pause Young (Allocation Failure) 5997M->610M(6050M) 23.663ms
[68.230s][info ][gc,cpu         ] GC(96) User=0.29s Sys=0.02s Real=0.02s
[68.986s][info ][gc,start       ] GC(97) Pause Young (Allocation Failure)
[69.010s][debug][gc,phases      ] GC(97) Scavenge 23.749ms
[69.010s][debug][gc,phases      ] GC(97) Reference Processing 0.014ms
[69.010s][debug][gc,phases      ] GC(97) Weak Processing 0.023ms
[69.010s][info ][gc,heap        ] GC(97) PSYoungGen: 5562080K(5563904K)->27808K(5563904K) Eden: 5535744K(5535744K)->0K(5535744K) From: 26336K(28160K)->27808K(28160K)
[69.010s][info ][gc,heap        ] GC(97) ParOldGen: 599266K(631296K)->620283K(631296K)
[69.010s][info ][gc,metaspace   ] GC(97) Metaspace: 1621K(1792K)->1621K(1792K) NonClass: 1502K(1600K)->1502K(1600K) Class: 118K(192K)->118K(192K)
[69.010s][info ][gc             ] GC(97) Pause Young (Allocation Failure) 6016M->632M(6050M) 24.003ms
[69.010s][info ][gc,cpu         ] GC(97) User=0.29s Sys=0.02s Real=0.02s
[69.010s][debug][gc,phases      ] GC(98) Pre Compact 0.039ms
[69.010s][info ][gc,start       ] GC(98) Pause Full (Ergonomics)
[69.011s][info ][gc,phases,start] GC(98) Marking Phase
[69.069s][debug][gc,phases      ] GC(98) Par Mark 58.303ms
[69.069s][debug][gc,phases      ] GC(98) Reference Processing 0.026ms
[69.069s][debug][gc,phases      ] GC(98) Weak Processing 0.024ms
[69.069s][debug][gc,phases      ] GC(98) ClassLoaderData 0.005ms
[69.069s][debug][gc,phases      ] GC(98) Trigger cleanups 0.000ms
[69.070s][debug][gc,phases      ] GC(98) Class Unloading 0.939ms
[69.070s][info ][gc,phases      ] GC(98) Marking Phase 59.414ms
[69.070s][info ][gc,phases,start] GC(98) Summary Phase
[69.070s][info ][gc,phases      ] GC(98) Summary Phase 0.027ms
[69.070s][info ][gc,phases,start] GC(98) Adjust Roots
[69.073s][info ][gc,phases      ] GC(98) Adjust Roots 3.111ms
[69.073s][info ][gc,phases,start] GC(98) Compaction Phase
[69.134s][info ][gc,phases      ] GC(98) Compaction Phase 61.056ms
[69.134s][info ][gc,phases,start] GC(98) Post Compact
[69.135s][info ][gc,phases      ] GC(98) Post Compact 0.872ms
[69.135s][info ][gc,heap        ] GC(98) PSYoungGen: 27808K(5563904K)->0K(5563904K) Eden: 0K(5535744K)->0K(5535744K) From: 27808K(28160K)->0K(28160K)
[69.135s][info ][gc,heap        ] GC(98) ParOldGen: 620283K(631296K)->204165K(684544K)
[69.135s][info ][gc,metaspace   ] GC(98) Metaspace: 1621K(1792K)->1621K(1792K) NonClass: 1502K(1600K)->1502K(1600K) Class: 118K(192K)->118K(192K)
[69.135s][info ][gc             ] GC(98) Pause Full (Ergonomics) 632M->199M(6102M) 124.833ms
[69.135s][info ][gc,cpu         ] GC(98) User=1.36s Sys=0.00s Real=0.13s
[69.858s][info ][gc,start       ] GC(99) Pause Young (Allocation Failure)
[69.873s][debug][gc,phases      ] GC(99) Scavenge 14.281ms
[69.873s][debug][gc,phases      ] GC(99) Reference Processing 0.014ms
[69.873s][debug][gc,phases      ] GC(99) Weak Processing 0.023ms
[69.873s][info ][gc,heap        ] GC(99) PSYoungGen: 5535744K(5563904K)->26688K(5563904K) Eden: 5535744K(5535744K)->0K(5535744K) From: 0K(28160K)->26688K(28160K)
[69.873s][info ][gc,heap        ] GC(99) ParOldGen: 204165K(684544K)->204165K(684544K)
[69.873s][info ][gc,metaspace   ] GC(99) Metaspace: 1621K(1792K)->1621K(1792K) NonClass: 1502K(1600K)->1502K(1600K) Class: 118K(192K)->118K(192K)
[69.873s][info ][gc             ] GC(99) Pause Young (Allocation Failure) 5605M->225M(6102M) 14.601ms
[69.873s][info ][gc,cpu         ] GC(99) User=0.18s Sys=0.00s Real=0.02s
[70.613s][info ][gc,start       ] GC(100) Pause Young (Allocation Failure)
[70.631s][debug][gc,phases      ] GC(100) Scavenge 18.476ms
[70.631s][debug][gc,phases      ] GC(100) Reference Processing 0.013ms
[70.631s][debug][gc,phases      ] GC(100) Weak Processing 0.021ms
[70.631s][info ][gc,heap        ] GC(100) PSYoungGen: 5562432K(5563904K)->27264K(5563904K) Eden: 5535744K(5535744K)->0K(5535744K) From: 26688K(28160K)->27264K(28160K)
[70.631s][info ][gc,heap        ] GC(100) ParOldGen: 204165K(684544K)->224293K(684544K)
[70.631s][info ][gc,metaspace   ] GC(100) Metaspace: 1621K(1792K)->1621K(1792K) NonClass: 1502K(1600K)->1502K(1600K) Class: 118K(192K)->118K(192K)
[70.631s][info ][gc             ] GC(100) Pause Young (Allocation Failure) 5631M->245M(6102M) 18.730ms
[70.631s][info ][gc,cpu         ] GC(100) User=0.23s Sys=0.01s Real=0.01s
[71.375s][info ][gc,start       ] GC(101) Pause Young (Allocation Failure)
[71.394s][debug][gc,phases      ] GC(101) Scavenge 19.665ms
[71.394s][debug][gc,phases      ] GC(101) Reference Processing 0.017ms
[71.394s][debug][gc,phases      ] GC(101) Weak Processing 0.037ms
[71.394s][info ][gc,heap        ] GC(101) PSYoungGen: 5563008K(5563904K)->27488K(5563904K) Eden: 5535744K(5535744K)->0K(5535744K) From: 27264K(28160K)->27488K(28160K)
[71.394s][info ][gc,heap        ] GC(101) ParOldGen: 224293K(684544K)->245614K(684544K)
[71.394s][info ][gc,metaspace   ] GC(101) Metaspace: 1627K(1792K)->1627K(1792K) NonClass: 1508K(1600K)->1508K(1600K) Class: 118K(192K)->118K(192K)
[71.394s][info ][gc             ] GC(101) Pause Young (Allocation Failure) 5651M->266M(6102M) 19.929ms
[71.395s][info ][gc,cpu         ] GC(101) User=0.25s Sys=0.01s Real=0.02s
[72.132s][info ][gc,start       ] GC(102) Pause Young (Allocation Failure)
[72.152s][debug][gc,phases      ] GC(102) Scavenge 19.788ms
[72.152s][debug][gc,phases      ] GC(102) Reference Processing 0.013ms
[72.152s][debug][gc,phases      ] GC(102) Weak Processing 0.025ms
[72.152s][info ][gc,heap        ] GC(102) PSYoungGen: 5563232K(5563904K)->27456K(5563392K) Eden: 5535744K(5535744K)->0K(5535744K) From: 27488K(28160K)->27456K(27648K)
[72.152s][info ][gc,heap        ] GC(102) ParOldGen: 245614K(684544K)->266570K(684544K)
[72.152s][info ][gc,metaspace   ] GC(102) Metaspace: 1627K(1792K)->1627K(1792K) NonClass: 1508K(1600K)->1508K(1600K) Class: 118K(192K)->118K(192K)
[72.152s][info ][gc             ] GC(102) Pause Young (Allocation Failure) 5672M->287M(6101M) 20.063ms
[72.152s][info ][gc,cpu         ] GC(102) User=0.25s Sys=0.00s Real=0.02s
[72.838s][info ][gc,start       ] GC(103) Pause Young (Allocation Failure)
[72.857s][debug][gc,phases      ] GC(103) Scavenge 19.894ms
[72.858s][debug][gc,phases      ] GC(103) Reference Processing 0.013ms
[72.858s][debug][gc,phases      ] GC(103) Weak Processing 0.021ms
[72.858s][info ][gc,heap        ] GC(103) PSYoungGen: 5563200K(5563392K)->26912K(5563904K) Eden: 5535744K(5535744K)->0K(5535232K) From: 27456K(27648K)->26912K(28672K)
[72.858s][info ][gc,heap        ] GC(103) ParOldGen: 266570K(684544K)->287852K(684544K)
[72.858s][info ][gc,metaspace   ] GC(103) Metaspace: 1627K(1792K)->1627K(1792K) NonClass: 1508K(1600K)->1508K(1600K) Class: 118K(192K)->118K(192K)
[72.858s][info ][gc             ] GC(103) Pause Young (Allocation Failure) 5693M->307M(6102M) 20.131ms
[72.858s][info ][gc,cpu         ] GC(103) User=0.25s Sys=0.00s Real=0.02s
[73.695s][info ][gc,start       ] GC(104) Pause Young (Allocation Failure)
[73.716s][debug][gc,phases      ] GC(104) Scavenge 20.697ms
[73.716s][debug][gc,phases      ] GC(104) Reference Processing 0.015ms
[73.716s][debug][gc,phases      ] GC(104) Weak Processing 0.023ms
[73.716s][info ][gc,heap        ] GC(104) PSYoungGen: 5562144K(5563904K)->26912K(5563392K) Eden: 5535232K(5535232K)->0K(5535232K) From: 26912K(28672K)->26912K(28160K)
[73.716s][info ][gc,heap        ] GC(104) ParOldGen: 287852K(684544K)->308503K(684544K)
[73.716s][info ][gc,metaspace   ] GC(104) Metaspace: 1633K(1792K)->1633K(1792K) NonClass: 1514K(1600K)->1514K(1600K) Class: 118K(192K)->118K(192K)
[73.716s][info ][gc             ] GC(104) Pause Young (Allocation Failure) 5712M->327M(6101M) 21.013ms
[73.716s][info ][gc,cpu         ] GC(104) User=0.26s Sys=0.01s Real=0.02s
[74.495s][info ][gc,start       ] GC(105) Pause Young (Allocation Failure)
[74.516s][debug][gc,phases      ] GC(105) Scavenge 21.511ms
[74.516s][debug][gc,phases      ] GC(105) Reference Processing 0.019ms
[74.516s][debug][gc,phases      ] GC(105) Weak Processing 0.023ms
[74.516s][info ][gc,heap        ] GC(105) PSYoungGen: 5562144K(5563392K)->26848K(5563392K) Eden: 5535232K(5535232K)->0K(5535232K) From: 26912K(28160K)->26848K(28160K)
[74.516s][info ][gc,heap        ] GC(105) ParOldGen: 308503K(684544K)->328946K(684544K)
[74.516s][info ][gc,metaspace   ] GC(105) Metaspace: 1633K(1792K)->1633K(1792K) NonClass: 1514K(1600K)->1514K(1600K) Class: 118K(192K)->118K(192K)
[74.516s][info ][gc             ] GC(105) Pause Young (Allocation Failure) 5733M->347M(6101M) 21.780ms
[74.517s][info ][gc,cpu         ] GC(105) User=0.27s Sys=0.00s Real=0.02s
[75.268s][info ][gc,start       ] GC(106) Pause Young (Allocation Failure)
[75.288s][debug][gc,phases      ] GC(106) Scavenge 19.702ms
[75.288s][debug][gc,phases      ] GC(106) Reference Processing 0.014ms
[75.288s][debug][gc,phases      ] GC(106) Weak Processing 0.023ms
[75.288s][info ][gc,heap        ] GC(106) PSYoungGen: 5562080K(5563392K)->26496K(5563392K) Eden: 5535232K(5535232K)->0K(5535232K) From: 26848K(28160K)->26496K(28160K)
[75.288s][info ][gc,heap        ] GC(106) ParOldGen: 328946K(684544K)->349731K(684544K)
[75.288s][info ][gc,metaspace   ] GC(106) Metaspace: 1633K(1792K)->1633K(1792K) NonClass: 1514K(1600K)->1514K(1600K) Class: 118K(192K)->118K(192K)
[75.288s][info ][gc             ] GC(106) Pause Young (Allocation Failure) 5752M->367M(6101M) 19.948ms
[75.288s][info ][gc,cpu         ] GC(106) User=0.25s Sys=0.01s Real=0.02s
[76.025s][info ][gc,start       ] GC(107) Pause Young (Allocation Failure)
[76.047s][debug][gc,phases      ] GC(107) Scavenge 21.786ms
[76.047s][debug][gc,phases      ] GC(107) Reference Processing 0.014ms
[76.047s][debug][gc,phases      ] GC(107) Weak Processing 0.024ms
[76.047s][info ][gc,heap        ] GC(107) PSYoungGen: 5561717K(5563392K)->27040K(5563904K) Eden: 5535221K(5535232K)->0K(5535744K) From: 26496K(28160K)->27040K(28160K)
[76.047s][info ][gc,heap        ] GC(107) ParOldGen: 349731K(684544K)->370282K(684544K)
[76.048s][info ][gc,metaspace   ] GC(107) Metaspace: 1633K(1792K)->1633K(1792K) NonClass: 1514K(1600K)->1514K(1600K) Class: 118K(192K)->118K(192K)
[76.048s][info ][gc             ] GC(107) Pause Young (Allocation Failure) 5772M->388M(6102M) 22.048ms
[76.048s][info ][gc,cpu         ] GC(107) User=0.28s Sys=0.00s Real=0.02s
[76.789s][info ][gc,start       ] GC(108) Pause Young (Allocation Failure)
[76.810s][debug][gc,phases      ] GC(108) Scavenge 21.266ms
[76.810s][debug][gc,phases      ] GC(108) Reference Processing 0.015ms
[76.810s][debug][gc,phases      ] GC(108) Weak Processing 0.038ms
[76.810s][info ][gc,heap        ] GC(108) PSYoungGen: 5562784K(5563904K)->26624K(5563904K) Eden: 5535744K(5535744K)->0K(5535744K) From: 27040K(28160K)->26624K(28160K)
[76.810s][info ][gc,heap        ] GC(108) ParOldGen: 370282K(684544K)->391596K(684544K)
[76.811s][info ][gc,metaspace   ] GC(108) Metaspace: 1633K(1792K)->1633K(1792K) NonClass: 1514K(1600K)->1514K(1600K) Class: 118K(192K)->118K(192K)
[76.811s][info ][gc             ] GC(108) Pause Young (Allocation Failure) 5794M->408M(6102M) 21.542ms
[76.811s][info ][gc,cpu         ] GC(108) User=0.27s Sys=0.00s Real=0.02s
[77.541s][info ][gc,start       ] GC(109) Pause Young (Allocation Failure)
[77.563s][debug][gc,phases      ] GC(109) Scavenge 21.157ms
[77.563s][debug][gc,phases      ] GC(109) Reference Processing 0.014ms
[77.563s][debug][gc,phases      ] GC(109) Weak Processing 0.024ms
[77.563s][info ][gc,heap        ] GC(109) PSYoungGen: 5562368K(5563904K)->26272K(5563904K) Eden: 5535744K(5535744K)->0K(5535744K) From: 26624K(28160K)->26272K(28160K)
[77.563s][info ][gc,heap        ] GC(109) ParOldGen: 391596K(684544K)->413300K(684544K)
[77.563s][info ][gc,metaspace   ] GC(109) Metaspace: 1633K(1792K)->1633K(1792K) NonClass: 1514K(1600K)->1514K(1600K) Class: 118K(192K)->118K(192K)
[77.563s][info ][gc             ] GC(109) Pause Young (Allocation Failure) 5814M->429M(6102M) 21.403ms
[77.563s][info ][gc,cpu         ] GC(109) User=0.27s Sys=0.01s Real=0.03s
[78.264s][info ][gc,start       ] GC(110) Pause Young (Allocation Failure)
[78.298s][debug][gc,phases      ] GC(110) Scavenge 20.517ms
[78.298s][debug][gc,phases      ] GC(110) Reference Processing 0.013ms
[78.298s][debug][gc,phases      ] GC(110) Weak Processing 0.021ms
[78.298s][info ][gc,heap        ] GC(110) PSYoungGen: 5562016K(5563904K)->27104K(5563904K) Eden: 5535744K(5535744K)->0K(5535744K) From: 26272K(28160K)->27104K(28160K)
[78.298s][info ][gc,heap        ] GC(110) ParOldGen: 413300K(684544K)->434163K(684544K)
[78.298s][info ][gc,metaspace   ] GC(110) Metaspace: 1633K(1792K)->1633K(1792K) NonClass: 1514K(1600K)->1514K(1600K) Class: 118K(192K)->118K(192K)
[78.298s][info ][gc             ] GC(110) Pause Young (Allocation Failure) 5835M->450M(6102M) 34.021ms
[78.298s][info ][gc,cpu         ] GC(110) User=0.27s Sys=0.00s Real=0.03s
[79.004s][info ][gc,start       ] GC(111) Pause Young (Allocation Failure)
[79.024s][debug][gc,phases      ] GC(111) Scavenge 20.458ms
[79.025s][debug][gc,phases      ] GC(111) Reference Processing 0.014ms
[79.025s][debug][gc,phases      ] GC(111) Weak Processing 0.023ms
[79.025s][info ][gc,heap        ] GC(111) PSYoungGen: 5562848K(5563904K)->26368K(5563904K) Eden: 5535744K(5535744K)->0K(5535744K) From: 27104K(28160K)->26368K(28160K)
[79.025s][info ][gc,heap        ] GC(111) ParOldGen: 434163K(684544K)->455125K(684544K)
[79.025s][info ][gc,metaspace   ] GC(111) Metaspace: 1638K(1792K)->1638K(1792K) NonClass: 1519K(1600K)->1519K(1600K) Class: 118K(192K)->118K(192K)
[79.025s][info ][gc             ] GC(111) Pause Young (Allocation Failure) 5856M->470M(6102M) 20.713ms
[79.025s][info ][gc,cpu         ] GC(111) User=0.26s Sys=0.01s Real=0.02s
[79.773s][info ][gc,start       ] GC(112) Pause Young (Allocation Failure)
[79.794s][debug][gc,phases      ] GC(112) Scavenge 21.137ms
[79.794s][debug][gc,phases      ] GC(112) Reference Processing 0.014ms
[79.794s][debug][gc,phases      ] GC(112) Weak Processing 0.024ms
[79.794s][info ][gc,heap        ] GC(112) PSYoungGen: 5562112K(5563904K)->27424K(5563904K) Eden: 5535744K(5535744K)->0K(5535744K) From: 26368K(28160K)->27424K(28160K)
[79.794s][info ][gc,heap        ] GC(112) ParOldGen: 455125K(684544K)->476144K(684544K)
[79.794s][info ][gc,metaspace   ] GC(112) Metaspace: 1638K(1792K)->1638K(1792K) NonClass: 1519K(1600K)->1519K(1600K) Class: 118K(192K)->118K(192K)
[79.794s][info ][gc             ] GC(112) Pause Young (Allocation Failure) 5876M->491M(6102M) 21.405ms
[79.794s][info ][gc,cpu         ] GC(112) User=0.27s Sys=0.00s Real=0.02s
[80.606s][info ][gc,start       ] GC(113) Pause Young (Allocation Failure)
[80.629s][debug][gc,phases      ] GC(113) Scavenge 22.534ms
[80.629s][debug][gc,phases      ] GC(113) Reference Processing 0.015ms
[80.629s][debug][gc,phases      ] GC(113) Weak Processing 0.025ms
[80.629s][info ][gc,heap        ] GC(113) PSYoungGen: 5563168K(5563904K)->26848K(5563904K) Eden: 5535744K(5535744K)->0K(5535744K) From: 27424K(28160K)->26848K(28160K)
[80.629s][info ][gc,heap        ] GC(113) ParOldGen: 476144K(684544K)->497077K(684544K)
[80.629s][info ][gc,metaspace   ] GC(113) Metaspace: 1638K(1792K)->1638K(1792K) NonClass: 1519K(1600K)->1519K(1600K) Class: 118K(192K)->118K(192K)
[80.629s][info ][gc             ] GC(113) Pause Young (Allocation Failure) 5897M->511M(6102M) 22.824ms
[80.629s][info ][gc,cpu         ] GC(113) User=0.28s Sys=0.00s Real=0.02s
[81.398s][info ][gc,start       ] GC(114) Pause Young (Allocation Failure)
[81.421s][debug][gc,phases      ] GC(114) Scavenge 22.530ms
[81.421s][debug][gc,phases      ] GC(114) Reference Processing 0.015ms
[81.421s][debug][gc,phases      ] GC(114) Weak Processing 0.024ms
[81.421s][info ][gc,heap        ] GC(114) PSYoungGen: 5562581K(5563904K)->26688K(5563904K) Eden: 5535733K(5535744K)->0K(5535744K) From: 26848K(28160K)->26688K(28160K)
[81.421s][info ][gc,heap        ] GC(114) ParOldGen: 497077K(684544K)->518728K(684544K)
[81.421s][info ][gc,metaspace   ] GC(114) Metaspace: 1638K(1792K)->1638K(1792K) NonClass: 1519K(1600K)->1519K(1600K) Class: 118K(192K)->118K(192K)
[81.421s][info ][gc             ] GC(114) Pause Young (Allocation Failure) 5917M->532M(6102M) 22.783ms
[81.421s][info ][gc,cpu         ] GC(114) User=0.28s Sys=0.00s Real=0.02s
[82.169s][info ][gc,start       ] GC(115) Pause Young (Allocation Failure)
[82.192s][debug][gc,phases      ] GC(115) Scavenge 23.226ms
[82.192s][debug][gc,phases      ] GC(115) Reference Processing 0.015ms
[82.192s][debug][gc,phases      ] GC(115) Weak Processing 0.025ms
[82.192s][info ][gc,heap        ] GC(115) PSYoungGen: 5562417K(5563904K)->27072K(5563904K) Eden: 5535729K(5535744K)->0K(5535744K) From: 26688K(28160K)->27072K(28160K)
[82.192s][info ][gc,heap        ] GC(115) ParOldGen: 518728K(684544K)->539849K(684544K)
[82.192s][info ][gc,metaspace   ] GC(115) Metaspace: 1638K(1792K)->1638K(1792K) NonClass: 1519K(1600K)->1519K(1600K) Class: 118K(192K)->118K(192K)
[82.192s][info ][gc             ] GC(115) Pause Young (Allocation Failure) 5938M->553M(6102M) 23.490ms
[82.192s][info ][gc,cpu         ] GC(115) User=0.29s Sys=0.01s Real=0.03s
[82.956s][info ][gc,start       ] GC(116) Pause Young (Allocation Failure)
[82.978s][debug][gc,phases      ] GC(116) Scavenge 21.398ms
[82.978s][debug][gc,phases      ] GC(116) Reference Processing 0.014ms
[82.978s][debug][gc,phases      ] GC(116) Weak Processing 0.023ms
[82.978s][info ][gc,heap        ] GC(116) PSYoungGen: 5562816K(5563904K)->26944K(5563904K) Eden: 5535744K(5535744K)->0K(5535744K) From: 27072K(28160K)->26944K(28160K)
[82.978s][info ][gc,heap        ] GC(116) ParOldGen: 539849K(684544K)->560061K(684544K)
[82.978s][info ][gc,metaspace   ] GC(116) Metaspace: 1639K(1792K)->1639K(1792K) NonClass: 1520K(1600K)->1520K(1600K) Class: 118K(192K)->118K(192K)
[82.978s][info ][gc             ] GC(116) Pause Young (Allocation Failure) 5959M->573M(6102M) 21.656ms
[82.978s][info ][gc,cpu         ] GC(116) User=0.28s Sys=0.00s Real=0.02s
[83.705s][info ][gc,start       ] GC(117) Pause Young (Allocation Failure)
[83.728s][debug][gc,phases      ] GC(117) Scavenge 22.328ms
[83.728s][debug][gc,phases      ] GC(117) Reference Processing 0.015ms
[83.728s][debug][gc,phases      ] GC(117) Weak Processing 0.031ms
[83.728s][info ][gc,heap        ] GC(117) PSYoungGen: 5562688K(5563904K)->27392K(5563904K) Eden: 5535744K(5535744K)->0K(5535744K) From: 26944K(28160K)->27392K(28160K)
[83.728s][info ][gc,heap        ] GC(117) ParOldGen: 560061K(684544K)->580022K(684544K)
[83.728s][info ][gc,metaspace   ] GC(117) Metaspace: 1639K(1792K)->1639K(1792K) NonClass: 1520K(1600K)->1520K(1600K) Class: 118K(192K)->118K(192K)
[83.728s][info ][gc             ] GC(117) Pause Young (Allocation Failure) 5979M->593M(6102M) 22.596ms
[83.728s][info ][gc,cpu         ] GC(117) User=0.29s Sys=0.01s Real=0.02s
[84.469s][info ][gc,start       ] GC(118) Pause Young (Allocation Failure)
[84.491s][debug][gc,phases      ] GC(118) Scavenge 21.330ms
[84.491s][debug][gc,phases      ] GC(118) Reference Processing 0.015ms
[84.491s][debug][gc,phases      ] GC(118) Weak Processing 0.023ms
[84.491s][info ][gc,heap        ] GC(118) PSYoungGen: 5563123K(5563904K)->26784K(5563904K) Eden: 5535731K(5535744K)->0K(5535744K) From: 27392K(28160K)->26784K(28160K)
[84.491s][info ][gc,heap        ] GC(118) ParOldGen: 580022K(684544K)->600416K(684544K)
[84.491s][info ][gc,metaspace   ] GC(118) Metaspace: 1639K(1792K)->1639K(1792K) NonClass: 1520K(1600K)->1520K(1600K) Class: 118K(192K)->118K(192K)
[84.491s][info ][gc             ] GC(118) Pause Young (Allocation Failure) 5999M->612M(6102M) 21.586ms
[84.491s][info ][gc,cpu         ] GC(118) User=0.27s Sys=0.00s Real=0.02s
[85.225s][info ][gc,start       ] GC(119) Pause Young (Allocation Failure)
[85.248s][debug][gc,phases      ] GC(119) Scavenge 22.398ms
[85.248s][debug][gc,phases      ] GC(119) Reference Processing 0.015ms
[85.248s][debug][gc,phases      ] GC(119) Weak Processing 0.030ms
[85.248s][info ][gc,heap        ] GC(119) PSYoungGen: 5562528K(5563904K)->27648K(5563904K) Eden: 5535744K(5535744K)->0K(5535744K) From: 26784K(28160K)->27648K(28160K)
[85.248s][info ][gc,heap        ] GC(119) ParOldGen: 600416K(684544K)->622811K(684544K)
[85.248s][info ][gc,metaspace   ] GC(119) Metaspace: 1639K(1792K)->1639K(1792K) NonClass: 1520K(1600K)->1520K(1600K) Class: 118K(192K)->118K(192K)
[85.248s][info ][gc             ] GC(119) Pause Young (Allocation Failure) 6018M->635M(6102M) 22.668ms
[85.248s][info ][gc,cpu         ] GC(119) User=0.28s Sys=0.00s Real=0.02s
[86.002s][info ][gc,start       ] GC(120) Pause Young (Allocation Failure)
[86.025s][debug][gc,phases      ] GC(120) Scavenge 23.488ms
[86.025s][debug][gc,phases      ] GC(120) Reference Processing 0.014ms
[86.026s][debug][gc,phases      ] GC(120) Weak Processing 0.024ms
[86.026s][info ][gc,heap        ] GC(120) PSYoungGen: 5563392K(5563904K)->27648K(5563904K) Eden: 5535744K(5535744K)->0K(5535744K) From: 27648K(28160K)->27648K(28160K)
[86.026s][info ][gc,heap        ] GC(120) ParOldGen: 622811K(684544K)->644358K(684544K)
[86.026s][info ][gc,metaspace   ] GC(120) Metaspace: 1639K(1792K)->1639K(1792K) NonClass: 1520K(1600K)->1520K(1600K) Class: 118K(192K)->118K(192K)
[86.026s][info ][gc             ] GC(120) Pause Young (Allocation Failure) 6041M->656M(6102M) 23.760ms
[86.026s][info ][gc,cpu         ] GC(120) User=0.29s Sys=0.01s Real=0.02s
[86.774s][info ][gc,start       ] GC(121) Pause Young (Allocation Failure)
[86.799s][debug][gc,phases      ] GC(121) Scavenge 25.140ms
[86.799s][debug][gc,phases      ] GC(121) Reference Processing 0.013ms
[86.800s][debug][gc,phases      ] GC(121) Weak Processing 0.024ms
[86.800s][info ][gc,heap        ] GC(121) PSYoungGen: 5563392K(5563904K)->26912K(5563904K) Eden: 5535744K(5535744K)->0K(5535744K) From: 27648K(28160K)->26912K(28160K)
[86.800s][info ][gc,heap        ] GC(121) ParOldGen: 644358K(684544K)->665405K(684544K)
[86.800s][info ][gc,metaspace   ] GC(121) Metaspace: 1639K(1792K)->1639K(1792K) NonClass: 1520K(1600K)->1520K(1600K) Class: 118K(192K)->118K(192K)
[86.800s][info ][gc             ] GC(121) Pause Young (Allocation Failure) 6062M->676M(6102M) 25.380ms
[86.800s][info ][gc,cpu         ] GC(121) User=0.30s Sys=0.02s Real=0.02s
[86.800s][debug][gc,phases      ] GC(122) Pre Compact 0.040ms
[86.800s][info ][gc,start       ] GC(122) Pause Full (Ergonomics)
[86.800s][info ][gc,phases,start] GC(122) Marking Phase
[86.855s][debug][gc,phases      ] GC(122) Par Mark 55.226ms
[86.855s][debug][gc,phases      ] GC(122) Reference Processing 0.027ms
[86.855s][debug][gc,phases      ] GC(122) Weak Processing 0.027ms
[86.855s][debug][gc,phases      ] GC(122) ClassLoaderData 0.006ms
[86.855s][debug][gc,phases      ] GC(122) Trigger cleanups 0.000ms
[86.856s][debug][gc,phases      ] GC(122) Class Unloading 1.002ms
[86.856s][info ][gc,phases      ] GC(122) Marking Phase 56.403ms
[86.856s][info ][gc,phases,start] GC(122) Summary Phase
[86.856s][info ][gc,phases      ] GC(122) Summary Phase 0.031ms
[86.856s][info ][gc,phases,start] GC(122) Adjust Roots
[86.860s][info ][gc,phases      ] GC(122) Adjust Roots 3.979ms
[86.860s][info ][gc,phases,start] GC(122) Compaction Phase
[86.929s][info ][gc,phases      ] GC(122) Compaction Phase 69.161ms
[86.930s][info ][gc,phases,start] GC(122) Post Compact
[86.930s][info ][gc,phases      ] GC(122) Post Compact 0.903ms
[86.931s][info ][gc,heap        ] GC(122) PSYoungGen: 26912K(5563904K)->0K(5563904K) Eden: 0K(5535744K)->0K(5535744K) From: 26912K(28160K)->0K(28160K)
[86.931s][info ][gc,heap        ] GC(122) ParOldGen: 665405K(684544K)->206246K(724480K)
[86.931s][info ][gc,metaspace   ] GC(122) Metaspace: 1639K(1792K)->1639K(1792K) NonClass: 1520K(1600K)->1520K(1600K) Class: 118K(192K)->118K(192K)
[86.931s][info ][gc             ] GC(122) Pause Full (Ergonomics) 676M->201M(6141M) 130.847ms
[86.931s][info ][gc,cpu         ] GC(122) User=1.34s Sys=0.00s Real=0.13s
[87.650s][info ][gc,start       ] GC(123) Pause Young (Allocation Failure)
[87.664s][debug][gc,phases      ] GC(123) Scavenge 13.711ms
[87.664s][debug][gc,phases      ] GC(123) Reference Processing 0.015ms
[87.664s][debug][gc,phases      ] GC(123) Weak Processing 0.025ms
[87.664s][info ][gc,heap        ] GC(123) PSYoungGen: 5535744K(5563904K)->26144K(5563904K) Eden: 5535744K(5535744K)->0K(5535744K) From: 0K(28160K)->26144K(28160K)
[87.664s][info ][gc,heap        ] GC(123) ParOldGen: 206246K(724480K)->206246K(724480K)
[87.664s][info ][gc,metaspace   ] GC(123) Metaspace: 1639K(1792K)->1639K(1792K) NonClass: 1520K(1600K)->1520K(1600K) Class: 118K(192K)->118K(192K)
[87.664s][info ][gc             ] GC(123) Pause Young (Allocation Failure) 5607M->226M(6141M) 13.978ms
[87.664s][info ][gc,cpu         ] GC(123) User=0.17s Sys=0.00s Real=0.02s
[88.399s][info ][gc,start       ] GC(124) Pause Young (Allocation Failure)
[88.418s][debug][gc,phases      ] GC(124) Scavenge 19.689ms
[88.418s][debug][gc,phases      ] GC(124) Reference Processing 0.015ms
[88.418s][debug][gc,phases      ] GC(124) Weak Processing 0.024ms
[88.419s][info ][gc,heap        ] GC(124) PSYoungGen: 5561888K(5563904K)->27680K(5563904K) Eden: 5535744K(5535744K)->0K(5535744K) From: 26144K(28160K)->27680K(28160K)
[88.419s][info ][gc,heap        ] GC(124) ParOldGen: 206246K(724480K)->226447K(724480K)
[88.419s][info ][gc,metaspace   ] GC(124) Metaspace: 1639K(1792K)->1639K(1792K) NonClass: 1520K(1600K)->1520K(1600K) Class: 118K(192K)->118K(192K)
[88.419s][info ][gc             ] GC(124) Pause Young (Allocation Failure) 5632M->248M(6141M) 19.959ms
[88.419s][info ][gc,cpu         ] GC(124) User=0.25s Sys=0.00s Real=0.02s
[89.144s][info ][gc,start       ] GC(125) Pause Young (Allocation Failure)
[89.165s][debug][gc,phases      ] GC(125) Scavenge 20.517ms
[89.165s][debug][gc,phases      ] GC(125) Reference Processing 0.015ms
[89.165s][debug][gc,phases      ] GC(125) Weak Processing 0.024ms
[89.165s][info ][gc,heap        ] GC(125) PSYoungGen: 5563422K(5563904K)->27200K(5562880K) Eden: 5535742K(5535744K)->0K(5534720K) From: 27680K(28160K)->27200K(28160K)
[89.165s][info ][gc,heap        ] GC(125) ParOldGen: 226447K(724480K)->247680K(724480K)
[89.165s][info ][gc,metaspace   ] GC(125) Metaspace: 1639K(1792K)->1639K(1792K) NonClass: 1520K(1600K)->1520K(1600K) Class: 118K(192K)->118K(192K)
[89.165s][info ][gc             ] GC(125) Pause Young (Allocation Failure) 5654M->268M(6140M) 20.789ms
[89.165s][info ][gc,cpu         ] GC(125) User=0.26s Sys=0.01s Real=0.02s
[89.901s][info ][gc,start       ] GC(126) Pause Young (Allocation Failure)
[89.920s][debug][gc,phases      ] GC(126) Scavenge 18.852ms
[89.920s][debug][gc,phases      ] GC(126) Reference Processing 0.013ms
[89.920s][debug][gc,phases      ] GC(126) Weak Processing 0.022ms
[89.920s][info ][gc,heap        ] GC(126) PSYoungGen: 5561920K(5562880K)->28032K(5563392K) Eden: 5534720K(5534720K)->0K(5534720K) From: 27200K(28160K)->28032K(28672K)
[89.920s][info ][gc,heap        ] GC(126) ParOldGen: 247680K(724480K)->268860K(724480K)
[89.920s][info ][gc,metaspace   ] GC(126) Metaspace: 1639K(1792K)->1639K(1792K) NonClass: 1520K(1600K)->1520K(1600K) Class: 118K(192K)->118K(192K)
[89.920s][info ][gc             ] GC(126) Pause Young (Allocation Failure) 5673M->289M(6140M) 19.088ms
[89.920s][info ][gc,cpu         ] GC(126) User=0.24s Sys=0.00s Real=0.02s
[90.669s][info ][gc,start       ] GC(127) Pause Young (Allocation Failure)
[90.690s][debug][gc,phases      ] GC(127) Scavenge 21.307ms
[90.690s][debug][gc,phases      ] GC(127) Reference Processing 0.015ms
[90.690s][debug][gc,phases      ] GC(127) Weak Processing 0.024ms
[90.690s][info ][gc,heap        ] GC(127) PSYoungGen: 5562752K(5563392K)->26784K(5563392K) Eden: 5534720K(5534720K)->0K(5534720K) From: 28032K(28672K)->26784K(28672K)
[90.690s][info ][gc,heap        ] GC(127) ParOldGen: 268860K(724480K)->290948K(724480K)
[90.690s][info ][gc,metaspace   ] GC(127) Metaspace: 1639K(1792K)->1639K(1792K) NonClass: 1520K(1600K)->1520K(1600K) Class: 118K(192K)->118K(192K)
[90.690s][info ][gc             ] GC(127) Pause Young (Allocation Failure) 5694M->310M(6140M) 21.566ms
[90.691s][info ][gc,cpu         ] GC(127) User=0.28s Sys=0.00s Real=0.02s
[91.451s][info ][gc,start       ] GC(128) Pause Young (Allocation Failure)
[91.478s][debug][gc,phases      ] GC(128) Scavenge 27.338ms
[91.478s][debug][gc,phases      ] GC(128) Reference Processing 0.016ms
[91.478s][debug][gc,phases      ] GC(128) Weak Processing 0.026ms
[91.479s][info ][gc,heap        ] GC(128) PSYoungGen: 5561504K(5563392K)->27360K(5563392K) Eden: 5534720K(5534720K)->0K(5534720K) From: 26784K(28672K)->27360K(28672K)
[91.479s][info ][gc,heap        ] GC(128) ParOldGen: 290948K(724480K)->311528K(724480K)
[91.479s][info ][gc,metaspace   ] GC(128) Metaspace: 1639K(1792K)->1639K(1792K) NonClass: 1520K(1600K)->1520K(1600K) Class: 118K(192K)->118K(192K)
[91.479s][info ][gc             ] GC(128) Pause Young (Allocation Failure) 5715M->330M(6140M) 27.624ms
[91.479s][info ][gc,cpu         ] GC(128) User=0.30s Sys=0.00s Real=0.03s
[92.227s][info ][gc,start       ] GC(129) Pause Young (Allocation Failure)
[92.247s][debug][gc,phases      ] GC(129) Scavenge 19.961ms
[92.247s][debug][gc,phases      ] GC(129) Reference Processing 0.014ms
[92.247s][debug][gc,phases      ] GC(129) Weak Processing 0.022ms
[92.247s][info ][gc,heap        ] GC(129) PSYoungGen: 5562079K(5563392K)->26784K(5563392K) Eden: 5534719K(5534720K)->0K(5534720K) From: 27360K(28672K)->26784K(28672K)
[92.247s][info ][gc,heap        ] GC(129) ParOldGen: 311528K(724480K)->332012K(724480K)
[92.247s][info ][gc,metaspace   ] GC(129) Metaspace: 1639K(1792K)->1639K(1792K) NonClass: 1520K(1600K)->1520K(1600K) Class: 118K(192K)->118K(192K)
[92.247s][info ][gc             ] GC(129) Pause Young (Allocation Failure) 5735M->350M(6140M) 20.210ms
[92.247s][info ][gc,cpu         ] GC(129) User=0.25s Sys=0.00s Real=0.02s
[92.986s][info ][gc,start       ] GC(130) Pause Young (Allocation Failure)
[93.006s][debug][gc,phases      ] GC(130) Scavenge 20.166ms
[93.006s][debug][gc,phases      ] GC(130) Reference Processing 0.013ms
[93.006s][debug][gc,phases      ] GC(130) Weak Processing 0.022ms
[93.006s][info ][gc,heap        ] GC(130) PSYoungGen: 5561504K(5563392K)->27200K(5563392K) Eden: 5534720K(5534720K)->0K(5534720K) From: 26784K(28672K)->27200K(28672K)
[93.006s][info ][gc,heap        ] GC(130) ParOldGen: 332012K(724480K)->353777K(724480K)
[93.006s][info ][gc,metaspace   ] GC(130) Metaspace: 1639K(1792K)->1639K(1792K) NonClass: 1520K(1600K)->1520K(1600K) Class: 118K(192K)->118K(192K)
[93.006s][info ][gc             ] GC(130) Pause Young (Allocation Failure) 5755M->372M(6140M) 20.405ms
[93.006s][info ][gc,cpu         ] GC(130) User=0.26s Sys=0.00s Real=0.02s
[93.766s][info ][gc,start       ] GC(131) Pause Young (Allocation Failure)
[93.789s][debug][gc,phases      ] GC(131) Scavenge 22.683ms
[93.789s][debug][gc,phases      ] GC(131) Reference Processing 0.015ms
[93.789s][debug][gc,phases      ] GC(131) Weak Processing 0.025ms
[93.789s][info ][gc,heap        ] GC(131) PSYoungGen: 5561920K(5563392K)->27424K(5563392K) Eden: 5534720K(5534720K)->0K(5534720K) From: 27200K(28672K)->27424K(28672K)
[93.789s][info ][gc,heap        ] GC(131) ParOldGen: 353777K(724480K)->373581K(724480K)
[93.789s][info ][gc,metaspace   ] GC(131) Metaspace: 1639K(1792K)->1639K(1792K) NonClass: 1520K(1600K)->1520K(1600K) Class: 118K(192K)->118K(192K)
[93.789s][info ][gc             ] GC(131) Pause Young (Allocation Failure) 5777M->391M(6140M) 22.945ms
[93.789s][info ][gc,cpu         ] GC(131) User=0.30s Sys=0.01s Real=0.02s
[94.588s][info ][gc,start       ] GC(132) Pause Young (Allocation Failure)
[94.611s][debug][gc,phases      ] GC(132) Scavenge 23.140ms
[94.611s][debug][gc,phases      ] GC(132) Reference Processing 0.014ms
[94.611s][debug][gc,phases      ] GC(132) Weak Processing 0.025ms
[94.611s][info ][gc,heap        ] GC(132) PSYoungGen: 5562144K(5563392K)->26048K(5563392K) Eden: 5534720K(5534720K)->0K(5534720K) From: 27424K(28672K)->26048K(28672K)
[94.611s][info ][gc,heap        ] GC(132) ParOldGen: 373581K(724480K)->394302K(724480K)
[94.611s][info ][gc,metaspace   ] GC(132) Metaspace: 1639K(1792K)->1639K(1792K) NonClass: 1520K(1600K)->1520K(1600K) Class: 118K(192K)->118K(192K)
[94.611s][info ][gc             ] GC(132) Pause Young (Allocation Failure) 5796M->410M(6140M) 23.403ms
[94.611s][info ][gc,cpu         ] GC(132) User=0.29s Sys=0.00s Real=0.03s
[95.385s][info ][gc,start       ] GC(133) Pause Young (Allocation Failure)
[95.409s][debug][gc,phases      ] GC(133) Scavenge 23.497ms
[95.409s][debug][gc,phases      ] GC(133) Reference Processing 0.015ms
[95.409s][debug][gc,phases      ] GC(133) Weak Processing 0.024ms
[95.409s][info ][gc,heap        ] GC(133) PSYoungGen: 5560768K(5563392K)->26368K(5563392K) Eden: 5534720K(5534720K)->0K(5534720K) From: 26048K(28672K)->26368K(28672K)
[95.409s][info ][gc,heap        ] GC(133) ParOldGen: 394302K(724480K)->414522K(724480K)
[95.409s][info ][gc,metaspace   ] GC(133) Metaspace: 1639K(1792K)->1639K(1792K) NonClass: 1520K(1600K)->1520K(1600K) Class: 118K(192K)->118K(192K)
[95.409s][info ][gc             ] GC(133) Pause Young (Allocation Failure) 5815M->430M(6140M) 23.770ms
[95.409s][info ][gc,cpu         ] GC(133) User=0.29s Sys=0.00s Real=0.02s
[96.171s][info ][gc,start       ] GC(134) Pause Young (Allocation Failure)
[96.191s][debug][gc,phases      ] GC(134) Scavenge 20.486ms
[96.191s][debug][gc,phases      ] GC(134) Reference Processing 0.014ms
[96.191s][debug][gc,phases      ] GC(134) Weak Processing 0.023ms
[96.192s][info ][gc,heap        ] GC(134) PSYoungGen: 5561088K(5563392K)->27488K(5563392K) Eden: 5534720K(5534720K)->0K(5534720K) From: 26368K(28672K)->27488K(28672K)
[96.192s][info ][gc,heap        ] GC(134) ParOldGen: 414522K(724480K)->434207K(724480K)
[96.192s][info ][gc,metaspace   ] GC(134) Metaspace: 1639K(1792K)->1639K(1792K) NonClass: 1520K(1600K)->1520K(1600K) Class: 118K(192K)->118K(192K)
[96.192s][info ][gc             ] GC(134) Pause Young (Allocation Failure) 5835M->450M(6140M) 20.729ms
[96.192s][info ][gc,cpu         ] GC(134) User=0.27s Sys=0.00s Real=0.03s
[96.916s][info ][gc,start       ] GC(135) Pause Young (Allocation Failure)
[96.939s][debug][gc,phases      ] GC(135) Scavenge 22.476ms
[96.939s][debug][gc,phases      ] GC(135) Reference Processing 0.014ms
[96.939s][debug][gc,phases      ] GC(135) Weak Processing 0.025ms
[96.939s][info ][gc,heap        ] GC(135) PSYoungGen: 5562208K(5563392K)->26560K(5563392K) Eden: 5534720K(5534720K)->0K(5534720K) From: 27488K(28672K)->26560K(28672K)
[96.939s][info ][gc,heap        ] GC(135) ParOldGen: 434207K(724480K)->456041K(724480K)
[96.939s][info ][gc,metaspace   ] GC(135) Metaspace: 1639K(1792K)->1639K(1792K) NonClass: 1520K(1600K)->1520K(1600K) Class: 118K(192K)->118K(192K)
[96.939s][info ][gc             ] GC(135) Pause Young (Allocation Failure) 5855M->471M(6140M) 22.738ms
[96.939s][info ][gc,cpu         ] GC(135) User=0.28s Sys=0.00s Real=0.02s
[97.697s][info ][gc,start       ] GC(136) Pause Young (Allocation Failure)
[97.718s][debug][gc,phases      ] GC(136) Scavenge 21.443ms
[97.718s][debug][gc,phases      ] GC(136) Reference Processing 0.014ms
[97.718s][debug][gc,phases      ] GC(136) Weak Processing 0.023ms
[97.718s][info ][gc,heap        ] GC(136) PSYoungGen: 5561280K(5563392K)->26592K(5563392K) Eden: 5534720K(5534720K)->0K(5534720K) From: 26560K(28672K)->26592K(28672K)
[97.718s][info ][gc,heap        ] GC(136) ParOldGen: 456041K(724480K)->476356K(724480K)
[97.718s][info ][gc,metaspace   ] GC(136) Metaspace: 1639K(1792K)->1639K(1792K) NonClass: 1520K(1600K)->1520K(1600K) Class: 118K(192K)->118K(192K)
[97.718s][info ][gc             ] GC(136) Pause Young (Allocation Failure) 5876M->491M(6140M) 21.701ms
[97.718s][info ][gc,cpu         ] GC(136) User=0.27s Sys=0.00s Real=0.02s
[98.493s][info ][gc,start       ] GC(137) Pause Young (Allocation Failure)
[98.516s][debug][gc,phases      ] GC(137) Scavenge 23.374ms
[98.516s][debug][gc,phases      ] GC(137) Reference Processing 0.014ms
[98.516s][debug][gc,phases      ] GC(137) Weak Processing 0.024ms
[98.517s][info ][gc,heap        ] GC(137) PSYoungGen: 5561312K(5563392K)->27072K(5562368K) Eden: 5534720K(5534720K)->0K(5534720K) From: 26592K(28672K)->27072K(27648K)
[98.517s][info ][gc,heap        ] GC(137) ParOldGen: 476356K(724480K)->497827K(724480K)
[98.517s][info ][gc,metaspace   ] GC(137) Metaspace: 1639K(1792K)->1639K(1792K) NonClass: 1520K(1600K)->1520K(1600K) Class: 118K(192K)->118K(192K)
[98.517s][info ][gc             ] GC(137) Pause Young (Allocation Failure) 5896M->512M(6139M) 23.733ms
[98.517s][info ][gc,cpu         ] GC(137) User=0.29s Sys=0.00s Real=0.02s
[99.292s][info ][gc,start       ] GC(138) Pause Young (Allocation Failure)
[99.316s][debug][gc,phases      ] GC(138) Scavenge 23.514ms
[99.329s][debug][gc,phases      ] GC(138) Reference Processing 0.019ms
[99.329s][debug][gc,phases      ] GC(138) Weak Processing 0.025ms
[99.329s][info ][gc,heap        ] GC(138) PSYoungGen: 5561790K(5562368K)->26880K(5562880K) Eden: 5534718K(5534720K)->0K(5534720K) From: 27072K(27648K)->26880K(28160K)
[99.329s][info ][gc,heap        ] GC(138) ParOldGen: 497827K(724480K)->518143K(724480K)
[99.329s][info ][gc,metaspace   ] GC(138) Metaspace: 1639K(1792K)->1639K(1792K) NonClass: 1520K(1600K)->1520K(1600K) Class: 118K(192K)->118K(192K)
[99.329s][info ][gc             ] GC(138) Pause Young (Allocation Failure) 5917M->532M(6140M) 36.779ms
[99.329s][info ][gc,cpu         ] GC(138) User=0.30s Sys=0.00s Real=0.03s
[100.122s][info ][gc,start       ] GC(139) Pause Young (Allocation Failure)
[100.145s][debug][gc,phases      ] GC(139) Scavenge 22.925ms
[100.145s][debug][gc,phases      ] GC(139) Reference Processing 0.014ms
[100.145s][debug][gc,phases      ] GC(139) Weak Processing 0.024ms
[100.145s][info ][gc,heap        ] GC(139) PSYoungGen: 5561600K(5562880K)->27392K(5563904K) Eden: 5534720K(5534720K)->0K(5535744K) From: 26880K(28160K)->27392K(28160K)
[100.145s][info ][gc,heap        ] GC(139) ParOldGen: 518143K(724480K)->538778K(724480K)
[100.145s][info ][gc,metaspace   ] GC(139) Metaspace: 1639K(1792K)->1639K(1792K) NonClass: 1520K(1600K)->1520K(1600K) Class: 118K(192K)->118K(192K)
[100.145s][info ][gc             ] GC(139) Pause Young (Allocation Failure) 5937M->552M(6141M) 23.184ms
[100.145s][info ][gc,cpu         ] GC(139) User=0.29s Sys=0.00s Real=0.02s
[100.952s][info ][gc,start       ] GC(140) Pause Young (Allocation Failure)
[100.977s][debug][gc,phases      ] GC(140) Scavenge 24.371ms
[100.977s][debug][gc,phases      ] GC(140) Reference Processing 0.014ms
[100.977s][debug][gc,phases      ] GC(140) Weak Processing 0.025ms
[100.977s][info ][gc,heap        ] GC(140) PSYoungGen: 5563136K(5563904K)->26144K(5563904K) Eden: 5535744K(5535744K)->0K(5535744K) From: 27392K(28160K)->26144K(28160K)
[100.977s][info ][gc,heap        ] GC(140) ParOldGen: 538778K(724480K)->560736K(724480K)
[100.977s][info ][gc,metaspace   ] GC(140) Metaspace: 1639K(1792K)->1639K(1792K) NonClass: 1520K(1600K)->1520K(1600K) Class: 118K(192K)->118K(192K)
[100.977s][info ][gc             ] GC(140) Pause Young (Allocation Failure) 5958M->573M(6141M) 24.658ms
[100.977s][info ][gc,cpu         ] GC(140) User=0.31s Sys=0.00s Real=0.02s
[101.748s][info ][gc,start       ] GC(141) Pause Young (Allocation Failure)
[101.770s][debug][gc,phases      ] GC(141) Scavenge 21.718ms
[101.770s][debug][gc,phases      ] GC(141) Reference Processing 0.014ms
[101.770s][debug][gc,phases      ] GC(141) Weak Processing 0.023ms
[101.770s][info ][gc,heap        ] GC(141) PSYoungGen: 5561888K(5563904K)->27200K(5563904K) Eden: 5535744K(5535744K)->0K(5535744K) From: 26144K(28160K)->27200K(28160K)
[101.770s][info ][gc,heap        ] GC(141) ParOldGen: 560736K(724480K)->581054K(724480K)
[101.770s][info ][gc,metaspace   ] GC(141) Metaspace: 1639K(1792K)->1639K(1792K) NonClass: 1520K(1600K)->1520K(1600K) Class: 118K(192K)->118K(192K)
[101.770s][info ][gc             ] GC(141) Pause Young (Allocation Failure) 5979M->593M(6141M) 21.993ms
[101.770s][info ][gc,cpu         ] GC(141) User=0.28s Sys=0.00s Real=0.02s
[102.575s][info ][gc,start       ] GC(142) Pause Young (Allocation Failure)
[102.598s][debug][gc,phases      ] GC(142) Scavenge 22.991ms
[102.598s][debug][gc,phases      ] GC(142) Reference Processing 0.014ms
[102.598s][debug][gc,phases      ] GC(142) Weak Processing 0.025ms
[102.598s][info ][gc,heap        ] GC(142) PSYoungGen: 5562944K(5563904K)->26528K(5563904K) Eden: 5535744K(5535744K)->0K(5535744K) From: 27200K(28160K)->26528K(28160K)
[102.598s][info ][gc,heap        ] GC(142) ParOldGen: 581054K(724480K)->602200K(724480K)
[102.598s][info ][gc,metaspace   ] GC(142) Metaspace: 1639K(1792K)->1639K(1792K) NonClass: 1520K(1600K)->1520K(1600K) Class: 118K(192K)->118K(192K)
[102.598s][info ][gc             ] GC(142) Pause Young (Allocation Failure) 5999M->613M(6141M) 23.251ms
[102.598s][info ][gc,cpu         ] GC(142) User=0.29s Sys=0.00s Real=0.02s
[103.373s][info ][gc,start       ] GC(143) Pause Young (Allocation Failure)
[103.395s][debug][gc,phases      ] GC(143) Scavenge 22.047ms
[103.395s][debug][gc,phases      ] GC(143) Reference Processing 0.015ms
[103.395s][debug][gc,phases      ] GC(143) Weak Processing 0.024ms
[103.395s][info ][gc,heap        ] GC(143) PSYoungGen: 5562272K(5563904K)->27008K(5563904K) Eden: 5535744K(5535744K)->0K(5535744K) From: 26528K(28160K)->27008K(28160K)
[103.395s][info ][gc,heap        ] GC(143) ParOldGen: 602200K(724480K)->622101K(724480K)
[103.395s][info ][gc,metaspace   ] GC(143) Metaspace: 1639K(1792K)->1639K(1792K) NonClass: 1520K(1600K)->1520K(1600K) Class: 118K(192K)->118K(192K)
[103.395s][info ][gc             ] GC(143) Pause Young (Allocation Failure) 6019M->633M(6141M) 22.294ms
[103.395s][info ][gc,cpu         ] GC(143) User=0.28s Sys=0.00s Real=0.02s
[104.193s][info ][gc,start       ] GC(144) Pause Young (Allocation Failure)
[104.217s][debug][gc,phases      ] GC(144) Scavenge 24.424ms
[104.217s][debug][gc,phases      ] GC(144) Reference Processing 0.015ms
[104.217s][debug][gc,phases      ] GC(144) Weak Processing 0.026ms
[104.217s][info ][gc,heap        ] GC(144) PSYoungGen: 5562752K(5563904K)->27776K(5563904K) Eden: 5535744K(5535744K)->0K(5535744K) From: 27008K(28160K)->27776K(28160K)
[104.217s][info ][gc,heap        ] GC(144) ParOldGen: 622101K(724480K)->641806K(724480K)
[104.217s][info ][gc,metaspace   ] GC(144) Metaspace: 1639K(1792K)->1639K(1792K) NonClass: 1520K(1600K)->1520K(1600K) Class: 118K(192K)->118K(192K)
[104.217s][info ][gc             ] GC(144) Pause Young (Allocation Failure) 6039M->653M(6141M) 24.697ms
[104.217s][info ][gc,cpu         ] GC(144) User=0.30s Sys=0.01s Real=0.02s
[105.036s][info ][gc,start       ] GC(145) Pause Young (Allocation Failure)
[105.060s][debug][gc,phases      ] GC(145) Scavenge 23.980ms
[105.060s][debug][gc,phases      ] GC(145) Reference Processing 0.015ms
[105.060s][debug][gc,phases      ] GC(145) Weak Processing 0.025ms
[105.060s][info ][gc,heap        ] GC(145) PSYoungGen: 5563511K(5563904K)->26080K(5562880K) Eden: 5535735K(5535744K)->0K(5534720K) From: 27776K(28160K)->26080K(28160K)
[105.060s][info ][gc,heap        ] GC(145) ParOldGen: 641806K(724480K)->664212K(724480K)
[105.060s][info ][gc,metaspace   ] GC(145) Metaspace: 1639K(1792K)->1639K(1792K) NonClass: 1520K(1600K)->1520K(1600K) Class: 118K(192K)->118K(192K)
[105.060s][info ][gc             ] GC(145) Pause Young (Allocation Failure) 6059M->674M(6140M) 24.250ms
[105.060s][info ][gc,cpu         ] GC(145) User=0.30s Sys=0.00s Real=0.02s
[105.829s][info ][gc,start       ] GC(146) Pause Young (Allocation Failure)
[105.853s][debug][gc,phases      ] GC(146) Scavenge 23.424ms
[105.853s][debug][gc,phases      ] GC(146) Reference Processing 0.014ms
[105.853s][debug][gc,phases      ] GC(146) Weak Processing 0.024ms
[105.853s][info ][gc,heap        ] GC(146) PSYoungGen: 5560800K(5562880K)->27520K(5563392K) Eden: 5534720K(5534720K)->0K(5534720K) From: 26080K(28160K)->27520K(28672K)
[105.853s][info ][gc,heap        ] GC(146) ParOldGen: 664212K(724480K)->684679K(724480K)
[105.853s][info ][gc,metaspace   ] GC(146) Metaspace: 1639K(1792K)->1639K(1792K) NonClass: 1520K(1600K)->1520K(1600K) Class: 118K(192K)->118K(192K)
[105.853s][info ][gc             ] GC(146) Pause Young (Allocation Failure) 6079M->695M(6140M) 23.668ms
[105.853s][info ][gc,cpu         ] GC(146) User=0.29s Sys=0.01s Real=0.03s
[106.614s][info ][gc,start       ] GC(147) Pause Young (Allocation Failure)
[106.639s][debug][gc,phases      ] GC(147) Scavenge 24.234ms
[106.639s][debug][gc,phases      ] GC(147) Reference Processing 0.015ms
[106.639s][debug][gc,phases      ] GC(147) Weak Processing 0.025ms
[106.639s][info ][gc,heap        ] GC(147) PSYoungGen: 5562240K(5563392K)->26720K(5563392K) Eden: 5534720K(5534720K)->0K(5534720K) From: 27520K(28672K)->26720K(28672K)
[106.639s][info ][gc,heap        ] GC(147) ParOldGen: 684679K(724480K)->706630K(724480K)
[106.639s][info ][gc,metaspace   ] GC(147) Metaspace: 1639K(1792K)->1639K(1792K) NonClass: 1520K(1600K)->1520K(1600K) Class: 118K(192K)->118K(192K)
[106.639s][info ][gc             ] GC(147) Pause Young (Allocation Failure) 6100M->716M(6140M) 24.497ms
[106.639s][info ][gc,cpu         ] GC(147) User=0.29s Sys=0.02s Real=0.02s
[106.639s][debug][gc,phases      ] GC(148) Pre Compact 0.042ms
[106.639s][info ][gc,start       ] GC(148) Pause Full (Ergonomics)
[106.639s][info ][gc,phases,start] GC(148) Marking Phase
[106.696s][debug][gc,phases      ] GC(148) Par Mark 57.149ms
[106.696s][debug][gc,phases      ] GC(148) Reference Processing 0.026ms
[106.696s][debug][gc,phases      ] GC(148) Weak Processing 0.027ms
[106.696s][debug][gc,phases      ] GC(148) ClassLoaderData 0.005ms
[106.696s][debug][gc,phases      ] GC(148) Trigger cleanups 0.000ms
[106.697s][debug][gc,phases      ] GC(148) Class Unloading 1.044ms
[106.697s][info ][gc,phases      ] GC(148) Marking Phase 58.366ms
[106.697s][info ][gc,phases,start] GC(148) Summary Phase
[106.698s][info ][gc,phases      ] GC(148) Summary Phase 0.029ms
[106.698s][info ][gc,phases,start] GC(148) Adjust Roots
[106.702s][info ][gc,phases      ] GC(148) Adjust Roots 4.000ms
[106.702s][info ][gc,phases,start] GC(148) Compaction Phase
[106.779s][info ][gc,phases      ] GC(148) Compaction Phase 77.809ms
[106.779s][info ][gc,phases,start] GC(148) Post Compact
[106.780s][info ][gc,phases      ] GC(148) Post Compact 0.732ms
[106.780s][info ][gc,heap        ] GC(148) PSYoungGen: 26720K(5563392K)->0K(5563392K) Eden: 0K(5534720K)->0K(5534720K) From: 26720K(28672K)->0K(28672K)
[106.780s][info ][gc,heap        ] GC(148) ParOldGen: 706630K(724480K)->208868K(767488K)
[106.780s][info ][gc,metaspace   ] GC(148) Metaspace: 1639K(1792K)->1639K(1792K) NonClass: 1520K(1600K)->1520K(1600K) Class: 118K(192K)->118K(192K)
[106.780s][info ][gc             ] GC(148) Pause Full (Ergonomics) 716M->203M(6182M) 141.250ms
[106.780s][info ][gc,cpu         ] GC(148) User=1.36s Sys=0.01s Real=0.14s
[107.487s][info ][gc,start       ] GC(149) Pause Young (Allocation Failure)
[107.501s][debug][gc,phases      ] GC(149) Scavenge 14.133ms
[107.501s][debug][gc,phases      ] GC(149) Reference Processing 0.020ms
[107.501s][debug][gc,phases      ] GC(149) Weak Processing 0.023ms
[107.501s][info ][gc,heap        ] GC(149) PSYoungGen: 5534720K(5563392K)->26208K(5563392K) Eden: 5534720K(5534720K)->0K(5534720K) From: 0K(28672K)->26208K(28672K)
[107.501s][info ][gc,heap        ] GC(149) ParOldGen: 208868K(767488K)->208868K(767488K)
[107.501s][info ][gc,metaspace   ] GC(149) Metaspace: 1639K(1792K)->1639K(1792K) NonClass: 1520K(1600K)->1520K(1600K) Class: 118K(192K)->118K(192K)
[107.501s][info ][gc             ] GC(149) Pause Young (Allocation Failure) 5608M->229M(6182M) 14.388ms
[107.501s][info ][gc,cpu         ] GC(149) User=0.17s Sys=0.00s Real=0.02s
[108.277s][info ][gc,start       ] GC(150) Pause Young (Allocation Failure)
[108.301s][debug][gc,phases      ] GC(150) Scavenge 23.384ms
[108.301s][debug][gc,phases      ] GC(150) Reference Processing 0.018ms
[108.301s][debug][gc,phases      ] GC(150) Weak Processing 0.027ms
[108.301s][info ][gc,heap        ] GC(150) PSYoungGen: 5560915K(5563392K)->25824K(5563392K) Eden: 5534707K(5534720K)->0K(5534720K) From: 26208K(28672K)->25824K(28672K)
[108.301s][info ][gc,heap        ] GC(150) ParOldGen: 208868K(767488K)->230134K(767488K)
[108.301s][info ][gc,metaspace   ] GC(150) Metaspace: 1639K(1792K)->1639K(1792K) NonClass: 1520K(1600K)->1520K(1600K) Class: 118K(192K)->118K(192K)
[108.301s][info ][gc             ] GC(150) Pause Young (Allocation Failure) 5634M->249M(6182M) 23.688ms
[108.301s][info ][gc,cpu         ] GC(150) User=0.27s Sys=0.00s Real=0.03s
[109.007s][info ][gc,start       ] GC(151) Pause Young (Allocation Failure)
[109.026s][debug][gc,phases      ] GC(151) Scavenge 18.389ms
[109.026s][debug][gc,phases      ] GC(151) Reference Processing 0.013ms
[109.026s][debug][gc,phases      ] GC(151) Weak Processing 0.022ms
[109.026s][info ][gc,heap        ] GC(151) PSYoungGen: 5560544K(5563392K)->27584K(5563392K) Eden: 5534720K(5534720K)->0K(5534720K) From: 25824K(28672K)->27584K(28672K)
[109.026s][info ][gc,heap        ] GC(151) ParOldGen: 230134K(767488K)->250048K(767488K)
[109.026s][info ][gc,metaspace   ] GC(151) Metaspace: 1639K(1792K)->1639K(1792K) NonClass: 1520K(1600K)->1520K(1600K) Class: 118K(192K)->118K(192K)
[109.026s][info ][gc             ] GC(151) Pause Young (Allocation Failure) 5654M->271M(6182M) 18.627ms
[109.026s][info ][gc,cpu         ] GC(151) User=0.23s Sys=0.00s Real=0.02s
[109.850s][info ][gc,start       ] GC(152) Pause Young (Allocation Failure)
[109.871s][debug][gc,phases      ] GC(152) Scavenge 20.390ms
[109.871s][debug][gc,phases      ] GC(152) Reference Processing 0.014ms
[109.871s][debug][gc,phases      ] GC(152) Weak Processing 0.024ms
[109.871s][info ][gc,heap        ] GC(152) PSYoungGen: 5562304K(5563392K)->26144K(5563392K) Eden: 5534720K(5534720K)->0K(5534720K) From: 27584K(28672K)->26144K(28672K)
[109.871s][info ][gc,heap        ] GC(152) ParOldGen: 250048K(767488K)->271175K(767488K)
[109.871s][info ][gc,metaspace   ] GC(152) Metaspace: 1639K(1792K)->1639K(1792K) NonClass: 1520K(1600K)->1520K(1600K) Class: 118K(192K)->118K(192K)
[109.871s][info ][gc             ] GC(152) Pause Young (Allocation Failure) 5676M->290M(6182M) 20.641ms
[109.871s][info ][gc,cpu         ] GC(152) User=0.26s Sys=0.01s Real=0.03s
[110.644s][info ][gc,start       ] GC(153) Pause Young (Allocation Failure)
[110.665s][debug][gc,phases      ] GC(153) Scavenge 21.073ms
[110.665s][debug][gc,phases      ] GC(153) Reference Processing 0.014ms
[110.665s][debug][gc,phases      ] GC(153) Weak Processing 0.023ms
[110.665s][info ][gc,heap        ] GC(153) PSYoungGen: 5560864K(5563392K)->27392K(5563392K) Eden: 5534720K(5534720K)->0K(5534720K) From: 26144K(28672K)->27392K(28672K)
[110.665s][info ][gc,heap        ] GC(153) ParOldGen: 271175K(767488K)->291204K(767488K)
[110.665s][info ][gc,metaspace   ] GC(153) Metaspace: 1639K(1792K)->1639K(1792K) NonClass: 1520K(1600K)->1520K(1600K) Class: 118K(192K)->118K(192K)
[110.665s][info ][gc             ] GC(153) Pause Young (Allocation Failure) 5695M->311M(6182M) 21.324ms
[110.665s][info ][gc,cpu         ] GC(153) User=0.26s Sys=0.01s Real=0.02s
[111.396s][info ][gc,start       ] GC(154) Pause Young (Allocation Failure)
[111.418s][debug][gc,phases      ] GC(154) Scavenge 22.335ms
[111.418s][debug][gc,phases      ] GC(154) Reference Processing 0.013ms
[111.418s][debug][gc,phases      ] GC(154) Weak Processing 0.024ms
[111.418s][info ][gc,heap        ] GC(154) PSYoungGen: 5562112K(5563392K)->27520K(5563392K) Eden: 5534720K(5534720K)->0K(5534720K) From: 27392K(28672K)->27520K(28672K)
[111.418s][info ][gc,heap        ] GC(154) ParOldGen: 291204K(767488K)->311975K(767488K)
[111.418s][info ][gc,metaspace   ] GC(154) Metaspace: 1639K(1792K)->1639K(1792K) NonClass: 1520K(1600K)->1520K(1600K) Class: 118K(192K)->118K(192K)
[111.418s][info ][gc             ] GC(154) Pause Young (Allocation Failure) 5716M->331M(6182M) 22.596ms
[111.418s][info ][gc,cpu         ] GC(154) User=0.28s Sys=0.00s Real=0.02s
[112.196s][info ][gc,start       ] GC(155) Pause Young (Allocation Failure)
[112.217s][debug][gc,phases      ] GC(155) Scavenge 21.221ms
[112.217s][debug][gc,phases      ] GC(155) Reference Processing 0.015ms
[112.217s][debug][gc,phases      ] GC(155) Weak Processing 0.023ms
[112.217s][info ][gc,heap        ] GC(155) PSYoungGen: 5562240K(5563392K)->26240K(5563392K) Eden: 5534720K(5534720K)->0K(5534720K) From: 27520K(28672K)->26240K(28672K)
[112.217s][info ][gc,heap        ] GC(155) ParOldGen: 311975K(767488K)->333694K(767488K)
[112.217s][info ][gc,metaspace   ] GC(155) Metaspace: 1639K(1792K)->1639K(1792K) NonClass: 1520K(1600K)->1520K(1600K) Class: 118K(192K)->118K(192K)
[112.217s][info ][gc             ] GC(155) Pause Young (Allocation Failure) 5736M->351M(6182M) 21.449ms
[112.217s][info ][gc,cpu         ] GC(155) User=0.27s Sys=0.00s Real=0.02s
[113.028s][info ][gc,start       ] GC(156) Pause Young (Allocation Failure)
[113.053s][debug][gc,phases      ] GC(156) Scavenge 25.135ms
[113.053s][debug][gc,phases      ] GC(156) Reference Processing 0.016ms
[113.053s][debug][gc,phases      ] GC(156) Weak Processing 0.025ms
[113.053s][info ][gc,heap        ] GC(156) PSYoungGen: 5560953K(5563392K)->26912K(5563392K) Eden: 5534713K(5534720K)->0K(5534720K) From: 26240K(28672K)->26912K(28672K)
[113.053s][info ][gc,heap        ] GC(156) ParOldGen: 333694K(767488K)->353512K(767488K)
[113.053s][info ][gc,metaspace   ] GC(156) Metaspace: 1639K(1792K)->1639K(1792K) NonClass: 1520K(1600K)->1520K(1600K) Class: 118K(192K)->118K(192K)
[113.053s][info ][gc             ] GC(156) Pause Young (Allocation Failure) 5756M->371M(6182M) 25.394ms
[113.053s][info ][gc,cpu         ] GC(156) User=0.29s Sys=0.00s Real=0.03s
[113.837s][info ][gc,start       ] GC(157) Pause Young (Allocation Failure)
[113.858s][debug][gc,phases      ] GC(157) Scavenge 21.671ms
[113.858s][debug][gc,phases      ] GC(157) Reference Processing 0.014ms
[113.858s][debug][gc,phases      ] GC(157) Weak Processing 0.023ms
[113.858s][info ][gc,heap        ] GC(157) PSYoungGen: 5561632K(5563392K)->27360K(5563392K) Eden: 5534720K(5534720K)->0K(5534720K) From: 26912K(28672K)->27360K(28672K)
[113.858s][info ][gc,heap        ] GC(157) ParOldGen: 353512K(767488K)->374613K(767488K)
[113.858s][info ][gc,metaspace   ] GC(157) Metaspace: 1639K(1792K)->1639K(1792K) NonClass: 1520K(1600K)->1520K(1600K) Class: 118K(192K)->118K(192K)
[113.858s][info ][gc             ] GC(157) Pause Young (Allocation Failure) 5776M->392M(6182M) 21.899ms
[113.859s][info ][gc,cpu         ] GC(157) User=0.27s Sys=0.00s Real=0.02s
[114.625s][info ][gc,start       ] GC(158) Pause Young (Allocation Failure)
[114.647s][debug][gc,phases      ] GC(158) Scavenge 21.802ms
[114.647s][debug][gc,phases      ] GC(158) Reference Processing 0.014ms
[114.647s][debug][gc,phases      ] GC(158) Weak Processing 0.023ms
[114.647s][info ][gc,heap        ] GC(158) PSYoungGen: 5562080K(5563392K)->27776K(5563392K) Eden: 5534720K(5534720K)->0K(5534720K) From: 27360K(28672K)->27776K(28672K)
[114.647s][info ][gc,heap        ] GC(158) ParOldGen: 374613K(767488K)->396430K(767488K)
[114.647s][info ][gc,metaspace   ] GC(158) Metaspace: 1639K(1792K)->1639K(1792K) NonClass: 1520K(1600K)->1520K(1600K) Class: 118K(192K)->118K(192K)
[114.647s][info ][gc             ] GC(158) Pause Young (Allocation Failure) 5797M->414M(6182M) 22.023ms
[114.647s][info ][gc,cpu         ] GC(158) User=0.27s Sys=0.01s Real=0.02s
[115.400s][info ][gc,start       ] GC(159) Pause Young (Allocation Failure)
[115.424s][debug][gc,phases      ] GC(159) Scavenge 23.396ms
[115.424s][debug][gc,phases      ] GC(159) Reference Processing 0.014ms
[115.424s][debug][gc,phases      ] GC(159) Weak Processing 0.024ms
[115.424s][info ][gc,heap        ] GC(159) PSYoungGen: 5562496K(5563392K)->27456K(5563392K) Eden: 5534720K(5534720K)->0K(5534720K) From: 27776K(28672K)->27456K(28672K)
[115.424s][info ][gc,heap        ] GC(159) ParOldGen: 396430K(767488K)->418541K(767488K)
[115.424s][info ][gc,metaspace   ] GC(159) Metaspace: 1639K(1792K)->1639K(1792K) NonClass: 1520K(1600K)->1520K(1600K) Class: 118K(192K)->118K(192K)
[115.424s][info ][gc             ] GC(159) Pause Young (Allocation Failure) 5819M->435M(6182M) 23.618ms
[115.424s][info ][gc,cpu         ] GC(159) User=0.30s Sys=0.00s Real=0.03s
[116.169s][info ][gc,start       ] GC(160) Pause Young (Allocation Failure)
[116.191s][debug][gc,phases      ] GC(160) Scavenge 21.743ms
[116.191s][debug][gc,phases      ] GC(160) Reference Processing 0.015ms
[116.191s][debug][gc,phases      ] GC(160) Weak Processing 0.024ms
[116.191s][info ][gc,heap        ] GC(160) PSYoungGen: 5562176K(5563392K)->27488K(5563392K) Eden: 5534720K(5534720K)->0K(5534720K) From: 27456K(28672K)->27488K(28672K)
[116.191s][info ][gc,heap        ] GC(160) ParOldGen: 418541K(767488K)->439622K(767488K)
[116.191s][info ][gc,metaspace   ] GC(160) Metaspace: 1639K(1792K)->1639K(1792K) NonClass: 1520K(1600K)->1520K(1600K) Class: 118K(192K)->118K(192K)
[116.191s][info ][gc             ] GC(160) Pause Young (Allocation Failure) 5840M->456M(6182M) 21.972ms
[116.191s][info ][gc,cpu         ] GC(160) User=0.28s Sys=0.01s Real=0.03s
[116.971s][info ][gc,start       ] GC(161) Pause Young (Allocation Failure)
[116.995s][debug][gc,phases      ] GC(161) Scavenge 23.906ms
[116.995s][debug][gc,phases      ] GC(161) Reference Processing 0.013ms
[116.995s][debug][gc,phases      ] GC(161) Weak Processing 0.024ms
[116.995s][info ][gc,heap        ] GC(161) PSYoungGen: 5562208K(5563392K)->27360K(5563392K) Eden: 5534720K(5534720K)->0K(5534720K) From: 27488K(28672K)->27360K(28672K)
[116.995s][info ][gc,heap        ] GC(161) ParOldGen: 439622K(767488K)->459537K(767488K)
[116.995s][info ][gc,metaspace   ] GC(161) Metaspace: 1639K(1792K)->1639K(1792K) NonClass: 1520K(1600K)->1520K(1600K) Class: 118K(192K)->118K(192K)
[116.995s][info ][gc             ] GC(161) Pause Young (Allocation Failure) 5861M->475M(6182M) 24.119ms
[116.996s][info ][gc,cpu         ] GC(161) User=0.30s Sys=0.01s Real=0.02s
[117.835s][info ][gc,start       ] GC(162) Pause Young (Allocation Failure)
[117.857s][debug][gc,phases      ] GC(162) Scavenge 22.379ms
[117.857s][debug][gc,phases      ] GC(162) Reference Processing 0.015ms
[117.858s][debug][gc,phases      ] GC(162) Weak Processing 0.024ms
[117.858s][info ][gc,heap        ] GC(162) PSYoungGen: 5562080K(5563392K)->27744K(5563392K) Eden: 5534720K(5534720K)->0K(5534720K) From: 27360K(28672K)->27744K(28672K)
[117.858s][info ][gc,heap        ] GC(162) ParOldGen: 459537K(767488K)->481117K(767488K)
[117.858s][info ][gc,metaspace   ] GC(162) Metaspace: 1639K(1792K)->1639K(1792K) NonClass: 1520K(1600K)->1520K(1600K) Class: 118K(192K)->118K(192K)
[117.858s][info ][gc             ] GC(162) Pause Young (Allocation Failure) 5880M->496M(6182M) 22.609ms
[117.858s][info ][gc,cpu         ] GC(162) User=0.28s Sys=0.00s Real=0.02s
[118.589s][info ][gc,start       ] GC(163) Pause Young (Allocation Failure)
[118.612s][debug][gc,phases      ] GC(163) Scavenge 23.259ms
[118.612s][debug][gc,phases      ] GC(163) Reference Processing 0.015ms
[118.612s][debug][gc,phases      ] GC(163) Weak Processing 0.032ms
[118.613s][info ][gc,heap        ] GC(163) PSYoungGen: 5562464K(5563392K)->27584K(5563392K) Eden: 5534720K(5534720K)->0K(5534720K) From: 27744K(28672K)->27584K(28672K)
[118.613s][info ][gc,heap        ] GC(163) ParOldGen: 481117K(767488K)->502251K(767488K)
[118.613s][info ][gc,metaspace   ] GC(163) Metaspace: 1639K(1792K)->1639K(1792K) NonClass: 1520K(1600K)->1520K(1600K) Class: 118K(192K)->118K(192K)
[118.613s][info ][gc             ] GC(163) Pause Young (Allocation Failure) 5901M->517M(6182M) 23.516ms
[118.613s][info ][gc,cpu         ] GC(163) User=0.30s Sys=0.00s Real=0.03s
[119.370s][info ][gc,start       ] GC(164) Pause Young (Allocation Failure)
[119.392s][debug][gc,phases      ] GC(164) Scavenge 21.356ms
[119.392s][debug][gc,phases      ] GC(164) Reference Processing 0.014ms
[119.392s][debug][gc,phases      ] GC(164) Weak Processing 0.024ms
[119.392s][info ][gc,heap        ] GC(164) PSYoungGen: 5562293K(5563392K)->27168K(5563392K) Eden: 5534709K(5534720K)->0K(5534720K) From: 27584K(28672K)->27168K(28672K)
[119.392s][info ][gc,heap        ] GC(164) ParOldGen: 502251K(767488K)->522867K(767488K)
[119.392s][info ][gc,metaspace   ] GC(164) Metaspace: 1639K(1792K)->1639K(1792K) NonClass: 1520K(1600K)->1520K(1600K) Class: 118K(192K)->118K(192K)
[119.392s][info ][gc             ] GC(164) Pause Young (Allocation Failure) 5922M->537M(6182M) 21.620ms
[119.392s][info ][gc,cpu         ] GC(164) User=0.28s Sys=0.00s Real=0.03s
[120.116s][info ][gc,start       ] GC(165) Pause Young (Allocation Failure)
[120.140s][debug][gc,phases      ] GC(165) Scavenge 23.317ms
[120.140s][debug][gc,phases      ] GC(165) Reference Processing 0.015ms
[120.140s][debug][gc,phases      ] GC(165) Weak Processing 0.025ms
[120.140s][info ][gc,heap        ] GC(165) PSYoungGen: 5561888K(5563392K)->27648K(5563392K) Eden: 5534720K(5534720K)->0K(5534720K) From: 27168K(28672K)->27648K(28672K)
[120.140s][info ][gc,heap        ] GC(165) ParOldGen: 522867K(767488K)->543962K(767488K)
[120.140s][info ][gc,metaspace   ] GC(165) Metaspace: 1639K(1792K)->1639K(1792K) NonClass: 1520K(1600K)->1520K(1600K) Class: 118K(192K)->118K(192K)
[120.140s][info ][gc             ] GC(165) Pause Young (Allocation Failure) 5942M->558M(6182M) 23.586ms
[120.140s][info ][gc,cpu         ] GC(165) User=0.30s Sys=0.00s Real=0.02s
[120.921s][info ][gc,start       ] GC(166) Pause Young (Allocation Failure)
[120.942s][debug][gc,phases      ] GC(166) Scavenge 20.733ms
[120.942s][debug][gc,phases      ] GC(166) Reference Processing 0.013ms
[120.942s][debug][gc,phases      ] GC(166) Weak Processing 0.022ms
[120.942s][info ][gc,heap        ] GC(166) PSYoungGen: 5562368K(5563392K)->27232K(5563392K) Eden: 5534720K(5534720K)->0K(5534720K) From: 27648K(28672K)->27232K(28672K)
[120.942s][info ][gc,heap        ] GC(166) ParOldGen: 543962K(767488K)->565754K(767488K)
[120.942s][info ][gc,metaspace   ] GC(166) Metaspace: 1639K(1792K)->1639K(1792K) NonClass: 1520K(1600K)->1520K(1600K) Class: 118K(192K)->118K(192K)
[120.942s][info ][gc             ] GC(166) Pause Young (Allocation Failure) 5963M->579M(6182M) 20.972ms
[120.942s][info ][gc,cpu         ] GC(166) User=0.27s Sys=0.00s Real=0.02s
[121.697s][info ][gc,start       ] GC(167) Pause Young (Allocation Failure)
[121.718s][debug][gc,phases      ] GC(167) Scavenge 21.424ms
[121.719s][debug][gc,phases      ] GC(167) Reference Processing 0.015ms
[121.719s][debug][gc,phases      ] GC(167) Weak Processing 0.023ms
[121.719s][info ][gc,heap        ] GC(167) PSYoungGen: 5561952K(5563392K)->26976K(5563392K) Eden: 5534720K(5534720K)->0K(5534720K) From: 27232K(28672K)->26976K(28672K)
[121.719s][info ][gc,heap        ] GC(167) ParOldGen: 565754K(767488K)->587063K(767488K)
[121.719s][info ][gc,metaspace   ] GC(167) Metaspace: 1639K(1792K)->1639K(1792K) NonClass: 1520K(1600K)->1520K(1600K) Class: 118K(192K)->118K(192K)
[121.719s][info ][gc             ] GC(167) Pause Young (Allocation Failure) 5984M->599M(6182M) 21.679ms
[121.719s][info ][gc,cpu         ] GC(167) User=0.28s Sys=0.00s Real=0.02s
[122.471s][info ][gc,start       ] GC(168) Pause Young (Allocation Failure)
[122.494s][debug][gc,phases      ] GC(168) Scavenge 22.653ms
[122.494s][debug][gc,phases      ] GC(168) Reference Processing 0.014ms
[122.494s][debug][gc,phases      ] GC(168) Weak Processing 0.023ms
[122.494s][info ][gc,heap        ] GC(168) PSYoungGen: 5561696K(5563392K)->27104K(5563392K) Eden: 5534720K(5534720K)->0K(5534720K) From: 26976K(28672K)->27104K(28672K)
[122.494s][info ][gc,heap        ] GC(168) ParOldGen: 587063K(767488K)->607802K(767488K)
[122.494s][info ][gc,metaspace   ] GC(168) Metaspace: 1639K(1792K)->1639K(1792K) NonClass: 1520K(1600K)->1520K(1600K) Class: 118K(192K)->118K(192K)
[122.494s][info ][gc             ] GC(168) Pause Young (Allocation Failure) 6004M->620M(6182M) 22.924ms
[122.494s][info ][gc,cpu         ] GC(168) User=0.29s Sys=0.00s Real=0.02s
[123.229s][info ][gc,start       ] GC(169) Pause Young (Allocation Failure)
[123.252s][debug][gc,phases      ] GC(169) Scavenge 23.710ms
[123.252s][debug][gc,phases      ] GC(169) Reference Processing 0.014ms
[123.252s][debug][gc,phases      ] GC(169) Weak Processing 0.025ms
[123.252s][info ][gc,heap        ] GC(169) PSYoungGen: 5561824K(5563392K)->26912K(5563392K) Eden: 5534720K(5534720K)->0K(5534720K) From: 27104K(28672K)->26912K(28672K)
[123.252s][info ][gc,heap        ] GC(169) ParOldGen: 607802K(767488K)->629107K(767488K)
[123.252s][info ][gc,metaspace   ] GC(169) Metaspace: 1639K(1792K)->1639K(1792K) NonClass: 1520K(1600K)->1520K(1600K) Class: 118K(192K)->118K(192K)
[123.252s][info ][gc             ] GC(169) Pause Young (Allocation Failure) 6025M->640M(6182M) 23.977ms
[123.253s][info ][gc,cpu         ] GC(169) User=0.30s Sys=0.00s Real=0.03s
[124.022s][info ][gc,start       ] GC(170) Pause Young (Allocation Failure)
[124.043s][debug][gc,phases      ] GC(170) Scavenge 21.256ms
[124.043s][debug][gc,phases      ] GC(170) Reference Processing 0.014ms
[124.043s][debug][gc,phases      ] GC(170) Weak Processing 0.023ms
[124.043s][info ][gc,heap        ] GC(170) PSYoungGen: 5561632K(5563392K)->27552K(5563392K) Eden: 5534720K(5534720K)->0K(5534720K) From: 26912K(28672K)->27552K(28672K)
[124.043s][info ][gc,heap        ] GC(170) ParOldGen: 629107K(767488K)->650453K(767488K)
[124.043s][info ][gc,metaspace   ] GC(170) Metaspace: 1639K(1792K)->1639K(1792K) NonClass: 1520K(1600K)->1520K(1600K) Class: 118K(192K)->118K(192K)
[124.043s][info ][gc             ] GC(170) Pause Young (Allocation Failure) 6045M->662M(6182M) 21.520ms
[124.043s][info ][gc,cpu         ] GC(170) User=0.27s Sys=0.00s Real=0.02s
[124.789s][info ][gc,start       ] GC(171) Pause Young (Allocation Failure)
[124.811s][debug][gc,phases      ] GC(171) Scavenge 22.535ms
[124.811s][debug][gc,phases      ] GC(171) Reference Processing 0.014ms
[124.811s][debug][gc,phases      ] GC(171) Weak Processing 0.024ms
[124.811s][info ][gc,heap        ] GC(171) PSYoungGen: 5562272K(5563392K)->26976K(5563392K) Eden: 5534720K(5534720K)->0K(5534720K) From: 27552K(28672K)->26976K(28672K)
[124.811s][info ][gc,heap        ] GC(171) ParOldGen: 650453K(767488K)->671573K(767488K)
[124.811s][info ][gc,metaspace   ] GC(171) Metaspace: 1639K(1792K)->1639K(1792K) NonClass: 1520K(1600K)->1520K(1600K) Class: 118K(192K)->118K(192K)
[124.811s][info ][gc             ] GC(171) Pause Young (Allocation Failure) 6067M->682M(6182M) 22.781ms
[124.812s][info ][gc,cpu         ] GC(171) User=0.28s Sys=0.01s Real=0.03s
[125.533s][info ][gc,start       ] GC(172) Pause Young (Allocation Failure)
[125.555s][debug][gc,phases      ] GC(172) Scavenge 22.751ms
[125.555s][debug][gc,phases      ] GC(172) Reference Processing 0.014ms
[125.555s][debug][gc,phases      ] GC(172) Weak Processing 0.023ms
[125.556s][info ][gc,heap        ] GC(172) PSYoungGen: 5561696K(5563392K)->26944K(5561856K) Eden: 5534720K(5534720K)->0K(5534720K) From: 26976K(28672K)->26944K(27136K)
[125.556s][info ][gc,heap        ] GC(172) ParOldGen: 671573K(767488K)->692690K(767488K)
[125.556s][info ][gc,metaspace   ] GC(172) Metaspace: 1639K(1792K)->1639K(1792K) NonClass: 1520K(1600K)->1520K(1600K) Class: 118K(192K)->118K(192K)
[125.556s][info ][gc             ] GC(172) Pause Young (Allocation Failure) 6087M->702M(6181M) 23.056ms
[125.556s][info ][gc,cpu         ] GC(172) User=0.29s Sys=0.01s Real=0.02s
[126.354s][info ][gc,start       ] GC(173) Pause Young (Allocation Failure)
[126.379s][debug][gc,phases      ] GC(173) Scavenge 24.605ms
[126.379s][debug][gc,phases      ] GC(173) Reference Processing 0.015ms
[126.379s][debug][gc,phases      ] GC(173) Weak Processing 0.024ms
[126.379s][info ][gc,heap        ] GC(173) PSYoungGen: 5561663K(5561856K)->27392K(5562880K) Eden: 5534719K(5534720K)->0K(5534720K) From: 26944K(27136K)->27392K(28160K)
[126.379s][info ][gc,heap        ] GC(173) ParOldGen: 692690K(767488K)->713710K(767488K)
[126.379s][info ][gc,metaspace   ] GC(173) Metaspace: 1639K(1792K)->1639K(1792K) NonClass: 1520K(1600K)->1520K(1600K) Class: 118K(192K)->118K(192K)
[126.379s][info ][gc             ] GC(173) Pause Young (Allocation Failure) 6107M->723M(6182M) 24.877ms
[126.379s][info ][gc,cpu         ] GC(173) User=0.30s Sys=0.01s Real=0.02s
[127.354s][info ][gc,start       ] GC(174) Pause Young (Allocation Failure)
[127.383s][debug][gc,phases      ] GC(174) Scavenge 28.633ms
[127.383s][debug][gc,phases      ] GC(174) Reference Processing 0.015ms
[127.383s][debug][gc,phases      ] GC(174) Weak Processing 0.027ms
[127.383s][info ][gc,heap        ] GC(174) PSYoungGen: 5562112K(5562880K)->27040K(5562880K) Eden: 5534720K(5534720K)->0K(5534720K) From: 27392K(28160K)->27040K(28160K)
[127.383s][info ][gc,heap        ] GC(174) ParOldGen: 713710K(767488K)->734623K(767488K)
[127.383s][info ][gc,metaspace   ] GC(174) Metaspace: 1639K(1792K)->1639K(1792K) NonClass: 1520K(1600K)->1520K(1600K) Class: 118K(192K)->118K(192K)
[127.383s][info ][gc             ] GC(174) Pause Young (Allocation Failure) 6128M->743M(6182M) 28.904ms
[127.383s][info ][gc,cpu         ] GC(174) User=0.31s Sys=0.02s Real=0.03s
[128.212s][info ][gc,start       ] GC(175) Pause Young (Allocation Failure)
[128.238s][debug][gc,phases      ] GC(175) Scavenge 26.092ms
[128.238s][debug][gc,phases      ] GC(175) Reference Processing 0.015ms
[128.238s][debug][gc,phases      ] GC(175) Weak Processing 0.024ms
[128.238s][info ][gc,heap        ] GC(175) PSYoungGen: 5561760K(5562880K)->26912K(5563904K) Eden: 5534720K(5534720K)->0K(5535744K) From: 27040K(28160K)->26912K(28160K)
[128.238s][info ][gc,heap        ] GC(175) ParOldGen: 734623K(767488K)->755103K(767488K)
[128.238s][info ][gc,metaspace   ] GC(175) Metaspace: 1639K(1792K)->1639K(1792K) NonClass: 1520K(1600K)->1520K(1600K) Class: 118K(192K)->118K(192K)
[128.238s][info ][gc             ] GC(175) Pause Young (Allocation Failure) 6148M->763M(6183M) 26.340ms
[128.238s][info ][gc,cpu         ] GC(175) User=0.30s Sys=0.02s Real=0.02s
[128.238s][debug][gc,phases      ] GC(176) Pre Compact 0.043ms
[128.238s][info ][gc,start       ] GC(176) Pause Full (Ergonomics)
[128.238s][info ][gc,phases,start] GC(176) Marking Phase
[128.301s][debug][gc,phases      ] GC(176) Par Mark 62.945ms
[128.301s][debug][gc,phases      ] GC(176) Reference Processing 0.026ms
[128.302s][debug][gc,phases      ] GC(176) Weak Processing 0.026ms
[128.302s][debug][gc,phases      ] GC(176) ClassLoaderData 0.005ms
[128.302s][debug][gc,phases      ] GC(176) Trigger cleanups 0.000ms
[128.303s][debug][gc,phases      ] GC(176) Class Unloading 1.073ms
[128.303s][info ][gc,phases      ] GC(176) Marking Phase 64.198ms
[128.303s][info ][gc,phases,start] GC(176) Summary Phase
[128.303s][info ][gc,phases      ] GC(176) Summary Phase 0.033ms
[128.303s][info ][gc,phases,start] GC(176) Adjust Roots
[128.307s][info ][gc,phases      ] GC(176) Adjust Roots 3.861ms
[128.307s][info ][gc,phases,start] GC(176) Compaction Phase
[128.401s][info ][gc,phases      ] GC(176) Compaction Phase 94.040ms
[128.401s][info ][gc,phases,start] GC(176) Post Compact
[128.402s][info ][gc,phases      ] GC(176) Post Compact 0.958ms
[128.402s][info ][gc,heap        ] GC(176) PSYoungGen: 26912K(5563904K)->0K(5563904K) Eden: 0K(5535744K)->0K(5535744K) From: 26912K(28160K)->0K(28160K)
[128.402s][info ][gc,heap        ] GC(176) ParOldGen: 755103K(767488K)->210931K(801280K)
[128.402s][info ][gc,metaspace   ] GC(176) Metaspace: 1639K(1792K)->1639K(1792K) NonClass: 1520K(1600K)->1520K(1600K) Class: 118K(192K)->118K(192K)
[128.402s][info ][gc             ] GC(176) Pause Full (Ergonomics) 763M->205M(6216M) 163.391ms
[128.402s][info ][gc,cpu         ] GC(176) User=1.44s Sys=0.01s Real=0.17s
[129.174s][info ][gc,start       ] GC(177) Pause Young (Allocation Failure)
[129.188s][debug][gc,phases      ] GC(177) Scavenge 14.100ms
[129.188s][debug][gc,phases      ] GC(177) Reference Processing 0.013ms
[129.188s][debug][gc,phases      ] GC(177) Weak Processing 0.023ms
[129.188s][info ][gc,heap        ] GC(177) PSYoungGen: 5535744K(5563904K)->27616K(5563904K) Eden: 5535744K(5535744K)->0K(5535744K) From: 0K(28160K)->27616K(28160K)
[129.188s][info ][gc,heap        ] GC(177) ParOldGen: 210931K(801280K)->210931K(801280K)
[129.188s][info ][gc,metaspace   ] GC(177) Metaspace: 1639K(1792K)->1639K(1792K) NonClass: 1520K(1600K)->1520K(1600K) Class: 118K(192K)->118K(192K)
[129.188s][info ][gc             ] GC(177) Pause Young (Allocation Failure) 5611M->232M(6216M) 14.334ms
[129.188s][info ][gc,cpu         ] GC(177) User=0.17s Sys=0.00s Real=0.01s
[129.924s][info ][gc,start       ] GC(178) Pause Young (Allocation Failure)
[129.943s][debug][gc,phases      ] GC(178) Scavenge 18.947ms
[129.943s][debug][gc,phases      ] GC(178) Reference Processing 0.012ms
[129.943s][debug][gc,phases      ] GC(178) Weak Processing 0.021ms
[129.943s][info ][gc,heap        ] GC(178) PSYoungGen: 5563360K(5563904K)->26912K(5563904K) Eden: 5535744K(5535744K)->0K(5535744K) From: 27616K(28160K)->26912K(28160K)
[129.943s][info ][gc,heap        ] GC(178) ParOldGen: 210931K(801280K)->231860K(801280K)
[129.943s][info ][gc,metaspace   ] GC(178) Metaspace: 1639K(1792K)->1639K(1792K) NonClass: 1520K(1600K)->1520K(1600K) Class: 118K(192K)->118K(192K)
[129.943s][info ][gc             ] GC(178) Pause Young (Allocation Failure) 5638M->252M(6216M) 19.195ms
[129.943s][info ][gc,cpu         ] GC(178) User=0.24s Sys=0.00s Real=0.02s
[130.724s][info ][gc,start       ] GC(179) Pause Young (Allocation Failure)
[130.745s][debug][gc,phases      ] GC(179) Scavenge 21.004ms
[130.745s][debug][gc,phases      ] GC(179) Reference Processing 0.014ms
[130.745s][debug][gc,phases      ] GC(179) Weak Processing 0.024ms
[130.745s][info ][gc,heap        ] GC(179) PSYoungGen: 5562656K(5563904K)->27328K(5563904K) Eden: 5535744K(5535744K)->0K(5535744K) From: 26912K(28160K)->27328K(28160K)
[130.745s][info ][gc,heap        ] GC(179) ParOldGen: 231860K(801280K)->252801K(801280K)
[130.745s][info ][gc,metaspace   ] GC(179) Metaspace: 1639K(1792K)->1639K(1792K) NonClass: 1520K(1600K)->1520K(1600K) Class: 118K(192K)->118K(192K)
[130.745s][info ][gc             ] GC(179) Pause Young (Allocation Failure) 5658M->273M(6216M) 21.278ms
[130.745s][info ][gc,cpu         ] GC(179) User=0.27s Sys=0.01s Real=0.02s
[131.534s][info ][gc,start       ] GC(180) Pause Young (Allocation Failure)
[131.554s][debug][gc,phases      ] GC(180) Scavenge 20.147ms
[131.554s][debug][gc,phases      ] GC(180) Reference Processing 0.015ms
[131.555s][debug][gc,phases      ] GC(180) Weak Processing 0.023ms
[131.555s][info ][gc,heap        ] GC(180) PSYoungGen: 5563072K(5563904K)->26688K(5563904K) Eden: 5535744K(5535744K)->0K(5535744K) From: 27328K(28160K)->26688K(28160K)
[131.555s][info ][gc,heap        ] GC(180) ParOldGen: 252801K(801280K)->274206K(801280K)
[131.555s][info ][gc,metaspace   ] GC(180) Metaspace: 1639K(1792K)->1639K(1792K) NonClass: 1520K(1600K)->1520K(1600K) Class: 118K(192K)->118K(192K)
[131.555s][info ][gc             ] GC(180) Pause Young (Allocation Failure) 5679M->293M(6216M) 20.398ms
[131.555s][info ][gc,cpu         ] GC(180) User=0.25s Sys=0.00s Real=0.02s
[132.320s][info ][gc,start       ] GC(181) Pause Young (Allocation Failure)
[132.341s][debug][gc,phases      ] GC(181) Scavenge 20.925ms
[132.341s][debug][gc,phases      ] GC(181) Reference Processing 0.015ms
[132.341s][debug][gc,phases      ] GC(181) Weak Processing 0.024ms
[132.341s][info ][gc,heap        ] GC(181) PSYoungGen: 5562432K(5563904K)->27392K(5563904K) Eden: 5535744K(5535744K)->0K(5535744K) From: 26688K(28160K)->27392K(28160K)
[132.341s][info ][gc,heap        ] GC(181) ParOldGen: 274206K(801280K)->293488K(801280K)
[132.341s][info ][gc,metaspace   ] GC(181) Metaspace: 1639K(1792K)->1639K(1792K) NonClass: 1520K(1600K)->1520K(1600K) Class: 118K(192K)->118K(192K)
[132.341s][info ][gc             ] GC(181) Pause Young (Allocation Failure) 5699M->313M(6216M) 21.201ms
[132.342s][info ][gc,cpu         ] GC(181) User=0.26s Sys=0.00s Real=0.02s
[133.129s][info ][gc,start       ] GC(182) Pause Young (Allocation Failure)
[133.152s][debug][gc,phases      ] GC(182) Scavenge 23.036ms
[133.152s][debug][gc,phases      ] GC(182) Reference Processing 0.014ms
[133.152s][debug][gc,phases      ] GC(182) Weak Processing 0.032ms
[133.152s][info ][gc,heap        ] GC(182) PSYoungGen: 5563136K(5563904K)->27168K(5563904K) Eden: 5535744K(5535744K)->0K(5535744K) From: 27392K(28160K)->27168K(28160K)
[133.152s][info ][gc,heap        ] GC(182) ParOldGen: 293488K(801280K)->314642K(801280K)
[133.152s][info ][gc,metaspace   ] GC(182) Metaspace: 1639K(1792K)->1639K(1792K) NonClass: 1520K(1600K)->1520K(1600K) Class: 118K(192K)->118K(192K)
[133.152s][info ][gc             ] GC(182) Pause Young (Allocation Failure) 5719M->333M(6216M) 23.318ms
[133.152s][info ][gc,cpu         ] GC(182) User=0.29s Sys=0.00s Real=0.03s
[133.917s][info ][gc,start       ] GC(183) Pause Young (Allocation Failure)
[133.937s][debug][gc,phases      ] GC(183) Scavenge 20.587ms
[133.937s][debug][gc,phases      ] GC(183) Reference Processing 0.014ms
[133.938s][debug][gc,phases      ] GC(183) Weak Processing 0.024ms
[133.938s][info ][gc,heap        ] GC(183) PSYoungGen: 5562912K(5563904K)->26272K(5563904K) Eden: 5535744K(5535744K)->0K(5535744K) From: 27168K(28160K)->26272K(28160K)
[133.938s][info ][gc,heap        ] GC(183) ParOldGen: 314642K(801280K)->335893K(801280K)
[133.938s][info ][gc,metaspace   ] GC(183) Metaspace: 1639K(1792K)->1639K(1792K) NonClass: 1520K(1600K)->1520K(1600K) Class: 118K(192K)->118K(192K)
[133.938s][info ][gc             ] GC(183) Pause Young (Allocation Failure) 5739M->353M(6216M) 20.841ms
[133.938s][info ][gc,cpu         ] GC(183) User=0.26s Sys=0.00s Real=0.02s
[134.686s][info ][gc,start       ] GC(184) Pause Young (Allocation Failure)
[134.707s][debug][gc,phases      ] GC(184) Scavenge 21.437ms
[134.707s][debug][gc,phases      ] GC(184) Reference Processing 0.015ms
[134.707s][debug][gc,phases      ] GC(184) Weak Processing 0.024ms
[134.707s][info ][gc,heap        ] GC(184) PSYoungGen: 5562016K(5563904K)->27808K(5563904K) Eden: 5535744K(5535744K)->0K(5535744K) From: 26272K(28160K)->27808K(28160K)
[134.707s][info ][gc,heap        ] GC(184) ParOldGen: 335893K(801280K)->355988K(801280K)
[134.707s][info ][gc,metaspace   ] GC(184) Metaspace: 1639K(1792K)->1639K(1792K) NonClass: 1520K(1600K)->1520K(1600K) Class: 118K(192K)->118K(192K)
[134.707s][info ][gc             ] GC(184) Pause Young (Allocation Failure) 5759M->374M(6216M) 21.717ms
[134.708s][info ][gc,cpu         ] GC(184) User=0.27s Sys=0.01s Real=0.02s
[135.497s][info ][gc,start       ] GC(185) Pause Young (Allocation Failure)
[135.519s][debug][gc,phases      ] GC(185) Scavenge 21.846ms
[135.519s][debug][gc,phases      ] GC(185) Reference Processing 0.016ms
[135.519s][debug][gc,phases      ] GC(185) Weak Processing 0.024ms
[135.519s][info ][gc,heap        ] GC(185) PSYoungGen: 5563552K(5563904K)->27104K(5563904K) Eden: 5535744K(5535744K)->0K(5535744K) From: 27808K(28160K)->27104K(28160K)
[135.519s][info ][gc,heap        ] GC(185) ParOldGen: 355988K(801280K)->377715K(801280K)
[135.519s][info ][gc,metaspace   ] GC(185) Metaspace: 1639K(1792K)->1639K(1792K) NonClass: 1520K(1600K)->1520K(1600K) Class: 118K(192K)->118K(192K)
[135.519s][info ][gc             ] GC(185) Pause Young (Allocation Failure) 5780M->395M(6216M) 22.118ms
[135.520s][info ][gc,cpu         ] GC(185) User=0.27s Sys=0.00s Real=0.02s
[136.364s][info ][gc,start       ] GC(186) Pause Young (Allocation Failure)
[136.386s][debug][gc,phases      ] GC(186) Scavenge 21.742ms
[136.386s][debug][gc,phases      ] GC(186) Reference Processing 0.015ms
[136.386s][debug][gc,phases      ] GC(186) Weak Processing 0.025ms
[136.386s][info ][gc,heap        ] GC(186) PSYoungGen: 5562848K(5563904K)->27616K(5563392K) Eden: 5535744K(5535744K)->0K(5535744K) From: 27104K(28160K)->27616K(27648K)
[136.386s][info ][gc,heap        ] GC(186) ParOldGen: 377715K(801280K)->398230K(801280K)
[136.386s][info ][gc,metaspace   ] GC(186) Metaspace: 1639K(1792K)->1639K(1792K) NonClass: 1520K(1600K)->1520K(1600K) Class: 118K(192K)->118K(192K)
[136.386s][info ][gc             ] GC(186) Pause Young (Allocation Failure) 5801M->415M(6215M) 22.016ms
[136.386s][info ][gc,cpu         ] GC(186) User=0.28s Sys=0.00s Real=0.02s
[137.151s][info ][gc,start       ] GC(187) Pause Young (Allocation Failure)
[137.172s][debug][gc,phases      ] GC(187) Scavenge 21.553ms
[137.172s][debug][gc,phases      ] GC(187) Reference Processing 0.015ms
[137.172s][debug][gc,phases      ] GC(187) Weak Processing 0.025ms
[137.172s][info ][gc,heap        ] GC(187) PSYoungGen: 5563360K(5563392K)->27648K(5563392K) Eden: 5535744K(5535744K)->0K(5534720K) From: 27616K(27648K)->27648K(28672K)
[137.172s][info ][gc,heap        ] GC(187) ParOldGen: 398230K(801280K)->419914K(801280K)
[137.172s][info ][gc,metaspace   ] GC(187) Metaspace: 1639K(1792K)->1639K(1792K) NonClass: 1520K(1600K)->1520K(1600K) Class: 118K(192K)->118K(192K)
[137.172s][info ][gc             ] GC(187) Pause Young (Allocation Failure) 5821M->437M(6215M) 21.808ms
[137.172s][info ][gc,cpu         ] GC(187) User=0.28s Sys=0.01s Real=0.02s
[137.957s][info ][gc,start       ] GC(188) Pause Young (Allocation Failure)
[137.979s][debug][gc,phases      ] GC(188) Scavenge 21.913ms
[137.979s][debug][gc,phases      ] GC(188) Reference Processing 0.015ms
[137.979s][debug][gc,phases      ] GC(188) Weak Processing 0.025ms
[137.979s][info ][gc,heap        ] GC(188) PSYoungGen: 5562368K(5563392K)->26912K(5563392K) Eden: 5534720K(5534720K)->0K(5534720K) From: 27648K(28672K)->26912K(28672K)
[137.979s][info ][gc,heap        ] GC(188) ParOldGen: 419914K(801280K)->441687K(801280K)
[137.979s][info ][gc,metaspace   ] GC(188) Metaspace: 1639K(1792K)->1639K(1792K) NonClass: 1520K(1600K)->1520K(1600K) Class: 118K(192K)->118K(192K)
[137.979s][info ][gc             ] GC(188) Pause Young (Allocation Failure) 5842M->457M(6215M) 22.172ms
[137.979s][info ][gc,cpu         ] GC(188) User=0.28s Sys=0.00s Real=0.02s
[138.757s][info ][gc,start       ] GC(189) Pause Young (Allocation Failure)
[138.780s][debug][gc,phases      ] GC(189) Scavenge 22.621ms
[138.780s][debug][gc,phases      ] GC(189) Reference Processing 0.014ms
[138.780s][debug][gc,phases      ] GC(189) Weak Processing 0.024ms
[138.780s][info ][gc,heap        ] GC(189) PSYoungGen: 5561632K(5563392K)->26624K(5563392K) Eden: 5534720K(5534720K)->0K(5534720K) From: 26912K(28672K)->26624K(28672K)
[138.780s][info ][gc,heap        ] GC(189) ParOldGen: 441687K(801280K)->462337K(801280K)
[138.780s][info ][gc,metaspace   ] GC(189) Metaspace: 1639K(1792K)->1639K(1792K) NonClass: 1520K(1600K)->1520K(1600K) Class: 118K(192K)->118K(192K)
[138.780s][info ][gc             ] GC(189) Pause Young (Allocation Failure) 5862M->477M(6215M) 22.885ms
[138.780s][info ][gc,cpu         ] GC(189) User=0.29s Sys=0.00s Real=0.03s
[139.542s][info ][gc,start       ] GC(190) Pause Young (Allocation Failure)
[139.565s][debug][gc,phases      ] GC(190) Scavenge 22.386ms
[139.565s][debug][gc,phases      ] GC(190) Reference Processing 0.015ms
[139.565s][debug][gc,phases      ] GC(190) Weak Processing 0.024ms
[139.565s][info ][gc,heap        ] GC(190) PSYoungGen: 5561344K(5563392K)->27232K(5562368K) Eden: 5534720K(5534720K)->0K(5534720K) From: 26624K(28672K)->27232K(27648K)
[139.565s][info ][gc,heap        ] GC(190) ParOldGen: 462337K(801280K)->483317K(801280K)
[139.565s][info ][gc,metaspace   ] GC(190) Metaspace: 1639K(1792K)->1639K(1792K) NonClass: 1520K(1600K)->1520K(1600K) Class: 118K(192K)->118K(192K)
[139.565s][info ][gc             ] GC(190) Pause Young (Allocation Failure) 5882M->498M(6214M) 22.694ms
[139.565s][info ][gc,cpu         ] GC(190) User=0.28s Sys=0.00s Real=0.02s
[140.342s][info ][gc,start       ] GC(191) Pause Young (Allocation Failure)
[140.364s][debug][gc,phases      ] GC(191) Scavenge 22.218ms
[140.364s][debug][gc,phases      ] GC(191) Reference Processing 0.016ms
[140.364s][debug][gc,phases      ] GC(191) Weak Processing 0.024ms
[140.365s][info ][gc,heap        ] GC(191) PSYoungGen: 5561952K(5562368K)->26688K(5562880K) Eden: 5534720K(5534720K)->0K(5534720K) From: 27232K(27648K)->26688K(28160K)
[140.365s][info ][gc,heap        ] GC(191) ParOldGen: 483317K(801280K)->504092K(801280K)
[140.365s][info ][gc,metaspace   ] GC(191) Metaspace: 1639K(1792K)->1639K(1792K) NonClass: 1520K(1600K)->1520K(1600K) Class: 118K(192K)->118K(192K)
[140.365s][info ][gc             ] GC(191) Pause Young (Allocation Failure) 5903M->518M(6215M) 22.499ms
[140.365s][info ][gc,cpu         ] GC(191) User=0.28s Sys=0.00s Real=0.02s
[141.170s][info ][gc,start       ] GC(192) Pause Young (Allocation Failure)
[141.192s][debug][gc,phases      ] GC(192) Scavenge 22.221ms
[141.192s][debug][gc,phases      ] GC(192) Reference Processing 0.015ms
[141.192s][debug][gc,phases      ] GC(192) Weak Processing 0.024ms
[141.192s][info ][gc,heap        ] GC(192) PSYoungGen: 5561408K(5562880K)->26560K(5562880K) Eden: 5534720K(5534720K)->0K(5534720K) From: 26688K(28160K)->26560K(28160K)
[141.192s][info ][gc,heap        ] GC(192) ParOldGen: 504092K(801280K)->525000K(801280K)
[141.192s][info ][gc,metaspace   ] GC(192) Metaspace: 1639K(1792K)->1639K(1792K) NonClass: 1520K(1600K)->1520K(1600K) Class: 118K(192K)->118K(192K)
[141.192s][info ][gc             ] GC(192) Pause Young (Allocation Failure) 5923M->538M(6215M) 22.506ms
[141.192s][info ][gc,cpu         ] GC(192) User=0.28s Sys=0.00s Real=0.03s
[141.923s][info ][gc,start       ] GC(193) Pause Young (Allocation Failure)
[141.945s][debug][gc,phases      ] GC(193) Scavenge 22.159ms
[141.945s][debug][gc,phases      ] GC(193) Reference Processing 0.015ms
[141.945s][debug][gc,phases      ] GC(193) Weak Processing 0.024ms
[141.945s][info ][gc,heap        ] GC(193) PSYoungGen: 5561280K(5562880K)->26912K(5563904K) Eden: 5534720K(5534720K)->0K(5535744K) From: 26560K(28160K)->26912K(28160K)
[141.945s][info ][gc,heap        ] GC(193) ParOldGen: 525000K(801280K)->545842K(801280K)
[141.945s][info ][gc,metaspace   ] GC(193) Metaspace: 1639K(1792K)->1639K(1792K) NonClass: 1520K(1600K)->1520K(1600K) Class: 118K(192K)->118K(192K)
[141.946s][info ][gc             ] GC(193) Pause Young (Allocation Failure) 5943M->559M(6216M) 22.445ms
[141.946s][info ][gc,cpu         ] GC(193) User=0.28s Sys=0.00s Real=0.02s
[142.677s][info ][gc,start       ] GC(194) Pause Young (Allocation Failure)
[142.700s][debug][gc,phases      ] GC(194) Scavenge 23.080ms
[142.700s][debug][gc,phases      ] GC(194) Reference Processing 0.014ms
[142.700s][debug][gc,phases      ] GC(194) Weak Processing 0.024ms
[142.700s][info ][gc,heap        ] GC(194) PSYoungGen: 5562656K(5563904K)->26944K(5563904K) Eden: 5535744K(5535744K)->0K(5535744K) From: 26912K(28160K)->26944K(28160K)
[142.700s][info ][gc,heap        ] GC(194) ParOldGen: 545842K(801280K)->566861K(801280K)
[142.700s][info ][gc,metaspace   ] GC(194) Metaspace: 1639K(1792K)->1639K(1792K) NonClass: 1520K(1600K)->1520K(1600K) Class: 118K(192K)->118K(192K)
[142.700s][info ][gc             ] GC(194) Pause Young (Allocation Failure) 5965M->579M(6216M) 23.369ms
[142.700s][info ][gc,cpu         ] GC(194) User=0.30s Sys=0.00s Real=0.03s
[143.527s][info ][gc,start       ] GC(195) Pause Young (Allocation Failure)
[143.547s][debug][gc,phases      ] GC(195) Scavenge 20.555ms
[143.547s][debug][gc,phases      ] GC(195) Reference Processing 0.014ms
[143.547s][debug][gc,phases      ] GC(195) Weak Processing 0.045ms
[143.547s][info ][gc,heap        ] GC(195) PSYoungGen: 5562688K(5563904K)->26176K(5563904K) Eden: 5535744K(5535744K)->0K(5535744K) From: 26944K(28160K)->26176K(28160K)
[143.547s][info ][gc,heap        ] GC(195) ParOldGen: 566861K(801280K)->587463K(801280K)
[143.547s][info ][gc,metaspace   ] GC(195) Metaspace: 1639K(1792K)->1639K(1792K) NonClass: 1520K(1600K)->1520K(1600K) Class: 118K(192K)->118K(192K)
[143.548s][info ][gc             ] GC(195) Pause Young (Allocation Failure) 5985M->599M(6216M) 20.833ms
[143.548s][info ][gc,cpu         ] GC(195) User=0.26s Sys=0.00s Real=0.02s
[144.286s][info ][gc,start       ] GC(196) Pause Young (Allocation Failure)
[144.308s][debug][gc,phases      ] GC(196) Scavenge 22.343ms
[144.308s][debug][gc,phases      ] GC(196) Reference Processing 0.014ms
[144.308s][debug][gc,phases      ] GC(196) Weak Processing 0.024ms
[144.308s][info ][gc,heap        ] GC(196) PSYoungGen: 5561920K(5563904K)->26944K(5563904K) Eden: 5535744K(5535744K)->0K(5535744K) From: 26176K(28160K)->26944K(28160K)
[144.308s][info ][gc,heap        ] GC(196) ParOldGen: 587463K(801280K)->606763K(801280K)
[144.308s][info ][gc,metaspace   ] GC(196) Metaspace: 1639K(1792K)->1639K(1792K) NonClass: 1520K(1600K)->1520K(1600K) Class: 118K(192K)->118K(192K)
[144.309s][info ][gc             ] GC(196) Pause Young (Allocation Failure) 6005M->618M(6216M) 22.621ms
[144.309s][info ][gc,cpu         ] GC(196) User=0.29s Sys=0.00s Real=0.02s
[145.089s][info ][gc,start       ] GC(197) Pause Young (Allocation Failure)
[145.112s][debug][gc,phases      ] GC(197) Scavenge 23.086ms
[145.112s][debug][gc,phases      ] GC(197) Reference Processing 0.015ms
[145.112s][debug][gc,phases      ] GC(197) Weak Processing 0.024ms
[145.112s][info ][gc,heap        ] GC(197) PSYoungGen: 5562688K(5563904K)->26560K(5563904K) Eden: 5535744K(5535744K)->0K(5535744K) From: 26944K(28160K)->26560K(28160K)
[145.112s][info ][gc,heap        ] GC(197) ParOldGen: 606763K(801280K)->627996K(801280K)
[145.112s][info ][gc,metaspace   ] GC(197) Metaspace: 1639K(1792K)->1639K(1792K) NonClass: 1520K(1600K)->1520K(1600K) Class: 118K(192K)->118K(192K)
[145.112s][info ][gc             ] GC(197) Pause Young (Allocation Failure) 6024M->639M(6216M) 23.350ms
[145.112s][info ][gc,cpu         ] GC(197) User=0.30s Sys=0.00s Real=0.03s
[145.836s][info ][gc,start       ] GC(198) Pause Young (Allocation Failure)
[145.856s][debug][gc,phases      ] GC(198) Scavenge 20.342ms
[145.856s][debug][gc,phases      ] GC(198) Reference Processing 0.013ms
[145.856s][debug][gc,phases      ] GC(198) Weak Processing 0.035ms
[145.856s][info ][gc,heap        ] GC(198) PSYoungGen: 5562299K(5563904K)->26816K(5563904K) Eden: 5535739K(5535744K)->0K(5535744K) From: 26560K(28160K)->26816K(28160K)
[145.856s][info ][gc,heap        ] GC(198) ParOldGen: 627996K(801280K)->648563K(801280K)
[145.856s][info ][gc,metaspace   ] GC(198) Metaspace: 1639K(1792K)->1639K(1792K) NonClass: 1520K(1600K)->1520K(1600K) Class: 118K(192K)->118K(192K)
[145.857s][info ][gc             ] GC(198) Pause Young (Allocation Failure) 6045M->659M(6216M) 20.599ms
[145.857s][info ][gc,cpu         ] GC(198) User=0.26s Sys=0.00s Real=0.02s
[146.613s][info ][gc,start       ] GC(199) Pause Young (Allocation Failure)
[146.635s][debug][gc,phases      ] GC(199) Scavenge 22.158ms
[146.635s][debug][gc,phases      ] GC(199) Reference Processing 0.015ms
[146.635s][debug][gc,phases      ] GC(199) Weak Processing 0.039ms
[146.635s][info ][gc,heap        ] GC(199) PSYoungGen: 5562560K(5563904K)->26784K(5563904K) Eden: 5535744K(5535744K)->0K(5535744K) From: 26816K(28160K)->26784K(28160K)
[146.635s][info ][gc,heap        ] GC(199) ParOldGen: 648563K(801280K)->670180K(801280K)
[146.635s][info ][gc,metaspace   ] GC(199) Metaspace: 1639K(1792K)->1639K(1792K) NonClass: 1520K(1600K)->1520K(1600K) Class: 118K(192K)->118K(192K)
[146.635s][info ][gc             ] GC(199) Pause Young (Allocation Failure) 6065M->680M(6216M) 22.435ms
[146.635s][info ][gc,cpu         ] GC(199) User=0.28s Sys=0.00s Real=0.02s
[147.390s][info ][gc,start       ] GC(200) Pause Young (Allocation Failure)
[147.412s][debug][gc,phases      ] GC(200) Scavenge 22.149ms
[147.412s][debug][gc,phases      ] GC(200) Reference Processing 0.016ms
[147.412s][debug][gc,phases      ] GC(200) Weak Processing 0.025ms
[147.412s][info ][gc,heap        ] GC(200) PSYoungGen: 5562528K(5563904K)->26752K(5563904K) Eden: 5535744K(5535744K)->0K(5535744K) From: 26784K(28160K)->26752K(28160K)
[147.412s][info ][gc,heap        ] GC(200) ParOldGen: 670180K(801280K)->690504K(801280K)
[147.412s][info ][gc,metaspace   ] GC(200) Metaspace: 1639K(1792K)->1639K(1792K) NonClass: 1520K(1600K)->1520K(1600K) Class: 118K(192K)->118K(192K)
[147.412s][info ][gc             ] GC(200) Pause Young (Allocation Failure) 6086M->700M(6216M) 22.410ms
[147.412s][info ][gc,cpu         ] GC(200) User=0.28s Sys=0.01s Real=0.02s
[148.186s][info ][gc,start       ] GC(201) Pause Young (Allocation Failure)
[148.209s][debug][gc,phases      ] GC(201) Scavenge 22.131ms
[148.209s][debug][gc,phases      ] GC(201) Reference Processing 0.014ms
[148.209s][debug][gc,phases      ] GC(201) Weak Processing 0.025ms
[148.209s][info ][gc,heap        ] GC(201) PSYoungGen: 5562496K(5563904K)->26720K(5562880K) Eden: 5535744K(5535744K)->0K(5535744K) From: 26752K(28160K)->26720K(27136K)
[148.209s][info ][gc,heap        ] GC(201) ParOldGen: 690504K(801280K)->711907K(801280K)
[148.209s][info ][gc,metaspace   ] GC(201) Metaspace: 1639K(1792K)->1639K(1792K) NonClass: 1520K(1600K)->1520K(1600K) Class: 118K(192K)->118K(192K)
[148.209s][info ][gc             ] GC(201) Pause Young (Allocation Failure) 6106M->721M(6215M) 22.401ms
[148.209s][info ][gc,cpu         ] GC(201) User=0.28s Sys=0.01s Real=0.02s
[148.973s][info ][gc,start       ] GC(202) Pause Young (Allocation Failure)
[148.995s][debug][gc,phases      ] GC(202) Scavenge 21.485ms
[148.995s][debug][gc,phases      ] GC(202) Reference Processing 0.016ms
[148.995s][debug][gc,phases      ] GC(202) Weak Processing 0.024ms
[148.995s][info ][gc,heap        ] GC(202) PSYoungGen: 5562464K(5562880K)->27584K(5563392K) Eden: 5535744K(5535744K)->0K(5535744K) From: 26720K(27136K)->27584K(27648K)
[148.995s][info ][gc,heap        ] GC(202) ParOldGen: 711907K(801280K)->732154K(801280K)
[148.995s][info ][gc,metaspace   ] GC(202) Metaspace: 1639K(1792K)->1639K(1792K) NonClass: 1520K(1600K)->1520K(1600K) Class: 118K(192K)->118K(192K)
[148.995s][info ][gc             ] GC(202) Pause Young (Allocation Failure) 6127M->741M(6215M) 21.764ms
[148.995s][info ][gc,cpu         ] GC(202) User=0.27s Sys=0.00s Real=0.02s
[149.766s][info ][gc,start       ] GC(203) Pause Young (Allocation Failure)
[149.788s][debug][gc,phases      ] GC(203) Scavenge 21.987ms
[149.788s][debug][gc,phases      ] GC(203) Reference Processing 0.015ms
[149.788s][debug][gc,phases      ] GC(203) Weak Processing 0.024ms
[149.788s][info ][gc,heap        ] GC(203) PSYoungGen: 5563328K(5563392K)->27104K(5563904K) Eden: 5535744K(5535744K)->0K(5535744K) From: 27584K(27648K)->27104K(28160K)
[149.788s][info ][gc,heap        ] GC(203) ParOldGen: 732154K(801280K)->753961K(801280K)
[149.788s][info ][gc,metaspace   ] GC(203) Metaspace: 1639K(1792K)->1639K(1792K) NonClass: 1520K(1600K)->1520K(1600K) Class: 118K(192K)->118K(192K)
[149.788s][info ][gc             ] GC(203) Pause Young (Allocation Failure) 6147M->762M(6216M) 22.246ms
[149.788s][info ][gc,cpu         ] GC(203) User=0.28s Sys=0.00s Real=0.02s
[150.556s][info ][gc,start       ] GC(204) Pause Young (Allocation Failure)
[150.580s][debug][gc,phases      ] GC(204) Scavenge 23.558ms
[150.580s][debug][gc,phases      ] GC(204) Reference Processing 0.014ms
[150.580s][debug][gc,phases      ] GC(204) Weak Processing 0.024ms
[150.580s][info ][gc,heap        ] GC(204) PSYoungGen: 5562848K(5563904K)->26880K(5563904K) Eden: 5535744K(5535744K)->0K(5535744K) From: 27104K(28160K)->26880K(28160K)
[150.580s][info ][gc,heap        ] GC(204) ParOldGen: 753961K(801280K)->774647K(801280K)
[150.580s][info ][gc,metaspace   ] GC(204) Metaspace: 1639K(1792K)->1639K(1792K) NonClass: 1520K(1600K)->1520K(1600K) Class: 118K(192K)->118K(192K)
[150.580s][info ][gc             ] GC(204) Pause Young (Allocation Failure) 6168M->782M(6216M) 23.811ms
[150.580s][info ][gc,cpu         ] GC(204) User=0.28s Sys=0.02s Real=0.03s
[151.308s][info ][gc,start       ] GC(205) Pause Young (Allocation Failure)
[151.330s][debug][gc,phases      ] GC(205) Scavenge 22.685ms
[151.330s][debug][gc,phases      ] GC(205) Reference Processing 0.015ms
[151.330s][debug][gc,phases      ] GC(205) Weak Processing 0.024ms
[151.331s][info ][gc,heap        ] GC(205) PSYoungGen: 5562624K(5563904K)->27200K(5563904K) Eden: 5535744K(5535744K)->0K(5535744K) From: 26880K(28160K)->27200K(28160K)
[151.331s][info ][gc,heap        ] GC(205) ParOldGen: 774647K(801280K)->795409K(801280K)
[151.331s][info ][gc,metaspace   ] GC(205) Metaspace: 1639K(1792K)->1639K(1792K) NonClass: 1520K(1600K)->1520K(1600K) Class: 118K(192K)->118K(192K)
[151.331s][info ][gc             ] GC(205) Pause Young (Allocation Failure) 6188M->803M(6216M) 22.942ms
[151.331s][info ][gc,cpu         ] GC(205) User=0.27s Sys=0.02s Real=0.03s
[151.331s][debug][gc,phases      ] GC(206) Pre Compact 0.041ms
[151.331s][info ][gc,start       ] GC(206) Pause Full (Ergonomics)
[151.331s][info ][gc,phases,start] GC(206) Marking Phase
[151.387s][debug][gc,phases      ] GC(206) Par Mark 56.118ms
[151.387s][debug][gc,phases      ] GC(206) Reference Processing 0.026ms
[151.387s][debug][gc,phases      ] GC(206) Weak Processing 0.027ms
[151.387s][debug][gc,phases      ] GC(206) ClassLoaderData 0.005ms
[151.387s][debug][gc,phases      ] GC(206) Trigger cleanups 0.000ms
[151.388s][debug][gc,phases      ] GC(206) Class Unloading 1.037ms
[151.388s][info ][gc,phases      ] GC(206) Marking Phase 57.331ms
[151.388s][info ][gc,phases,start] GC(206) Summary Phase
[151.388s][info ][gc,phases      ] GC(206) Summary Phase 0.031ms
[151.388s][info ][gc,phases,start] GC(206) Adjust Roots
[151.391s][info ][gc,phases      ] GC(206) Adjust Roots 3.169ms
[151.391s][info ][gc,phases,start] GC(206) Compaction Phase
[151.487s][info ][gc,phases      ] GC(206) Compaction Phase 95.575ms
[151.487s][info ][gc,phases,start] GC(206) Post Compact
[151.488s][info ][gc,phases      ] GC(206) Post Compact 0.869ms
[151.488s][info ][gc,heap        ] GC(206) PSYoungGen: 27200K(5563904K)->0K(5563904K) Eden: 0K(5535744K)->0K(5535744K) From: 27200K(28160K)->0K(28160K)
[151.488s][info ][gc,heap        ] GC(206) ParOldGen: 795409K(801280K)->212432K(837632K)
[151.488s][info ][gc,metaspace   ] GC(206) Metaspace: 1639K(1792K)->1639K(1792K) NonClass: 1520K(1600K)->1520K(1600K) Class: 118K(192K)->118K(192K)
[151.488s][info ][gc             ] GC(206) Pause Full (Ergonomics) 803M->207M(6251M) 157.291ms
[151.488s][info ][gc,cpu         ] GC(206) User=1.37s Sys=0.01s Real=0.15s
[152.179s][info ][gc,start       ] GC(207) Pause Young (Allocation Failure)
[152.192s][debug][gc,phases      ] GC(207) Scavenge 13.055ms
[152.192s][debug][gc,phases      ] GC(207) Reference Processing 0.014ms
[152.192s][debug][gc,phases      ] GC(207) Weak Processing 0.022ms
[152.192s][info ][gc,heap        ] GC(207) PSYoungGen: 5535744K(5563904K)->27936K(5563904K) Eden: 5535744K(5535744K)->0K(5535744K) From: 0K(28160K)->27936K(28160K)
[152.192s][info ][gc,heap        ] GC(207) ParOldGen: 212432K(837632K)->212432K(837632K)
[152.192s][info ][gc,metaspace   ] GC(207) Metaspace: 1639K(1792K)->1639K(1792K) NonClass: 1520K(1600K)->1520K(1600K) Class: 118K(192K)->118K(192K)
[152.192s][info ][gc             ] GC(207) Pause Young (Allocation Failure) 5613M->234M(6251M) 13.309ms
[152.192s][info ][gc,cpu         ] GC(207) User=0.17s Sys=0.00s Real=0.02s
[152.884s][info ][gc,start       ] GC(208) Pause Young (Allocation Failure)
[152.902s][debug][gc,phases      ] GC(208) Scavenge 18.040ms
[152.902s][debug][gc,phases      ] GC(208) Reference Processing 0.013ms
[152.902s][debug][gc,phases      ] GC(208) Weak Processing 0.021ms
[152.902s][info ][gc,heap        ] GC(208) PSYoungGen: 5563680K(5563904K)->27264K(5563904K) Eden: 5535744K(5535744K)->0K(5535744K) From: 27936K(28160K)->27264K(28160K)
[152.903s][info ][gc,heap        ] GC(208) ParOldGen: 212432K(837632K)->234760K(837632K)
[152.903s][info ][gc,metaspace   ] GC(208) Metaspace: 1639K(1792K)->1639K(1792K) NonClass: 1520K(1600K)->1520K(1600K) Class: 118K(192K)->118K(192K)
[152.903s][info ][gc             ] GC(208) Pause Young (Allocation Failure) 5640M->255M(6251M) 18.287ms
[152.903s][info ][gc,cpu         ] GC(208) User=0.23s Sys=0.00s Real=0.02s
[153.596s][info ][gc,start       ] GC(209) Pause Young (Allocation Failure)
[153.615s][debug][gc,phases      ] GC(209) Scavenge 18.762ms
[153.615s][debug][gc,phases      ] GC(209) Reference Processing 0.014ms
[153.615s][debug][gc,phases      ] GC(209) Weak Processing 0.021ms
[153.615s][info ][gc,heap        ] GC(209) PSYoungGen: 5563008K(5563904K)->27456K(5563904K) Eden: 5535744K(5535744K)->0K(5535744K) From: 27264K(28160K)->27456K(28160K)
[153.615s][info ][gc,heap        ] GC(209) ParOldGen: 234760K(837632K)->255066K(837632K)
[153.615s][info ][gc,metaspace   ] GC(209) Metaspace: 1639K(1792K)->1639K(1792K) NonClass: 1520K(1600K)->1520K(1600K) Class: 118K(192K)->118K(192K)
[153.615s][info ][gc             ] GC(209) Pause Young (Allocation Failure) 5661M->275M(6251M) 19.001ms
[153.615s][info ][gc,cpu         ] GC(209) User=0.24s Sys=0.01s Real=0.02s
[154.364s][info ][gc,start       ] GC(210) Pause Young (Allocation Failure)
[154.385s][debug][gc,phases      ] GC(210) Scavenge 20.730ms
[154.385s][debug][gc,phases      ] GC(210) Reference Processing 0.014ms
[154.385s][debug][gc,phases      ] GC(210) Weak Processing 0.024ms
[154.385s][info ][gc,heap        ] GC(210) PSYoungGen: 5563200K(5563904K)->27712K(5563904K) Eden: 5535744K(5535744K)->0K(5535744K) From: 27456K(28160K)->27712K(28160K)
[154.385s][info ][gc,heap        ] GC(210) ParOldGen: 255066K(837632K)->276507K(837632K)
[154.385s][info ][gc,metaspace   ] GC(210) Metaspace: 1639K(1792K)->1639K(1792K) NonClass: 1520K(1600K)->1520K(1600K) Class: 118K(192K)->118K(192K)
[154.385s][info ][gc             ] GC(210) Pause Young (Allocation Failure) 5681M->297M(6251M) 20.982ms
[154.385s][info ][gc,cpu         ] GC(210) User=0.26s Sys=0.00s Real=0.02s
[155.129s][info ][gc,start       ] GC(211) Pause Young (Allocation Failure)
[155.150s][debug][gc,phases      ] GC(211) Scavenge 21.120ms
[155.150s][debug][gc,phases      ] GC(211) Reference Processing 0.014ms
[155.150s][debug][gc,phases      ] GC(211) Weak Processing 0.025ms
[155.150s][info ][gc,heap        ] GC(211) PSYoungGen: 5563456K(5563904K)->27136K(5563904K) Eden: 5535744K(5535744K)->0K(5535744K) From: 27712K(28160K)->27136K(28160K)
[155.150s][info ][gc,heap        ] GC(211) ParOldGen: 276507K(837632K)->297638K(837632K)
[155.150s][info ][gc,metaspace   ] GC(211) Metaspace: 1639K(1792K)->1639K(1792K) NonClass: 1520K(1600K)->1520K(1600K) Class: 118K(192K)->118K(192K)
[155.151s][info ][gc             ] GC(211) Pause Young (Allocation Failure) 5703M->317M(6251M) 21.388ms
[155.151s][info ][gc,cpu         ] GC(211) User=0.26s Sys=0.00s Real=0.03s
[155.878s][info ][gc,start       ] GC(212) Pause Young (Allocation Failure)
[155.898s][debug][gc,phases      ] GC(212) Scavenge 20.117ms
[155.898s][debug][gc,phases      ] GC(212) Reference Processing 0.013ms
[155.898s][debug][gc,phases      ] GC(212) Weak Processing 0.023ms
[155.898s][info ][gc,heap        ] GC(212) PSYoungGen: 5562880K(5563904K)->27136K(5563904K) Eden: 5535744K(5535744K)->0K(5535744K) From: 27136K(28160K)->27136K(28160K)
[155.898s][info ][gc,heap        ] GC(212) ParOldGen: 297638K(837632K)->318293K(837632K)
[155.898s][info ][gc,metaspace   ] GC(212) Metaspace: 1639K(1792K)->1639K(1792K) NonClass: 1520K(1600K)->1520K(1600K) Class: 118K(192K)->118K(192K)
[155.898s][info ][gc             ] GC(212) Pause Young (Allocation Failure) 5723M->337M(6251M) 20.381ms
[155.898s][info ][gc,cpu         ] GC(212) User=0.26s Sys=0.00s Real=0.02s
[156.642s][info ][gc,start       ] GC(213) Pause Young (Allocation Failure)
[156.664s][debug][gc,phases      ] GC(213) Scavenge 21.653ms
[156.664s][debug][gc,phases      ] GC(213) Reference Processing 0.015ms
[156.664s][debug][gc,phases      ] GC(213) Weak Processing 0.023ms
[156.664s][info ][gc,heap        ] GC(213) PSYoungGen: 5562880K(5563904K)->26912K(5563904K) Eden: 5535744K(5535744K)->0K(5535744K) From: 27136K(28160K)->26912K(28160K)
[156.664s][info ][gc,heap        ] GC(213) ParOldGen: 318293K(837632K)->339597K(837632K)
[156.664s][info ][gc,metaspace   ] GC(213) Metaspace: 1639K(1792K)->1639K(1792K) NonClass: 1520K(1600K)->1520K(1600K) Class: 118K(192K)->118K(192K)
[156.664s][info ][gc             ] GC(213) Pause Young (Allocation Failure) 5743M->357M(6251M) 21.927ms
[156.664s][info ][gc,cpu         ] GC(213) User=0.28s Sys=0.00s Real=0.02s
[157.439s][info ][gc,start       ] GC(214) Pause Young (Allocation Failure)
[157.462s][debug][gc,phases      ] GC(214) Scavenge 22.250ms
[157.462s][debug][gc,phases      ] GC(214) Reference Processing 0.015ms
[157.462s][debug][gc,phases      ] GC(214) Weak Processing 0.025ms
[157.462s][info ][gc,heap        ] GC(214) PSYoungGen: 5562656K(5563904K)->26976K(5563904K) Eden: 5535744K(5535744K)->0K(5535744K) From: 26912K(28160K)->26976K(28160K)
[157.462s][info ][gc,heap        ] GC(214) ParOldGen: 339597K(837632K)->359764K(837632K)
[157.462s][info ][gc,metaspace   ] GC(214) Metaspace: 1639K(1792K)->1639K(1792K) NonClass: 1520K(1600K)->1520K(1600K) Class: 118K(192K)->118K(192K)
[157.462s][info ][gc             ] GC(214) Pause Young (Allocation Failure) 5763M->377M(6251M) 22.521ms
[157.462s][info ][gc,cpu         ] GC(214) User=0.28s Sys=0.00s Real=0.03s
[158.244s][info ][gc,start       ] GC(215) Pause Young (Allocation Failure)
[158.267s][debug][gc,phases      ] GC(215) Scavenge 22.356ms
[158.267s][debug][gc,phases      ] GC(215) Reference Processing 0.014ms
[158.267s][debug][gc,phases      ] GC(215) Weak Processing 0.025ms
[158.267s][info ][gc,heap        ] GC(215) PSYoungGen: 5562720K(5563904K)->27264K(5563904K) Eden: 5535744K(5535744K)->0K(5535744K) From: 26976K(28160K)->27264K(28160K)
[158.267s][info ][gc,heap        ] GC(215) ParOldGen: 359764K(837632K)->379937K(837632K)
[158.267s][info ][gc,metaspace   ] GC(215) Metaspace: 1639K(1792K)->1639K(1792K) NonClass: 1520K(1600K)->1520K(1600K) Class: 118K(192K)->118K(192K)
[158.267s][info ][gc             ] GC(215) Pause Young (Allocation Failure) 5783M->397M(6251M) 22.648ms
[158.267s][info ][gc,cpu         ] GC(215) User=0.28s Sys=0.00s Real=0.02s
[159.063s][info ][gc,start       ] GC(216) Pause Young (Allocation Failure)
[159.085s][debug][gc,phases      ] GC(216) Scavenge 22.036ms
[159.085s][debug][gc,phases      ] GC(216) Reference Processing 0.014ms
[159.085s][debug][gc,phases      ] GC(216) Weak Processing 0.025ms
[159.085s][info ][gc,heap        ] GC(216) PSYoungGen: 5563008K(5563904K)->27488K(5563904K) Eden: 5535744K(5535744K)->0K(5535744K) From: 27264K(28160K)->27488K(28160K)
[159.085s][info ][gc,heap        ] GC(216) ParOldGen: 379937K(837632K)->400287K(837632K)
[159.085s][info ][gc,metaspace   ] GC(216) Metaspace: 1639K(1792K)->1639K(1792K) NonClass: 1520K(1600K)->1520K(1600K) Class: 118K(192K)->118K(192K)
[159.085s][info ][gc             ] GC(216) Pause Young (Allocation Failure) 5803M->417M(6251M) 22.298ms
[159.085s][info ][gc,cpu         ] GC(216) User=0.29s Sys=0.00s Real=0.02s
[159.857s][info ][gc,start       ] GC(217) Pause Young (Allocation Failure)
[159.879s][debug][gc,phases      ] GC(217) Scavenge 21.316ms
[159.879s][debug][gc,phases      ] GC(217) Reference Processing 0.014ms
[159.879s][debug][gc,phases      ] GC(217) Weak Processing 0.023ms
[159.879s][info ][gc,heap        ] GC(217) PSYoungGen: 5563232K(5563904K)->27648K(5563904K) Eden: 5535744K(5535744K)->0K(5535744K) From: 27488K(28160K)->27648K(28160K)
[159.879s][info ][gc,heap        ] GC(217) ParOldGen: 400287K(837632K)->421641K(837632K)
[159.879s][info ][gc,metaspace   ] GC(217) Metaspace: 1639K(1792K)->1639K(1792K) NonClass: 1520K(1600K)->1520K(1600K) Class: 118K(192K)->118K(192K)
[159.879s][info ][gc             ] GC(217) Pause Young (Allocation Failure) 5823M->438M(6251M) 21.573ms
[159.879s][info ][gc,cpu         ] GC(217) User=0.27s Sys=0.01s Real=0.02s
[160.635s][info ][gc,start       ] GC(218) Pause Young (Allocation Failure)
[160.657s][debug][gc,phases      ] GC(218) Scavenge 21.729ms
[160.657s][debug][gc,phases      ] GC(218) Reference Processing 0.015ms
[160.657s][debug][gc,phases      ] GC(218) Weak Processing 0.024ms
[160.657s][info ][gc,heap        ] GC(218) PSYoungGen: 5563392K(5563904K)->26720K(5563904K) Eden: 5535744K(5535744K)->0K(5535744K) From: 27648K(28160K)->26720K(28160K)
[160.657s][info ][gc,heap        ] GC(218) ParOldGen: 421641K(837632K)->441917K(837632K)
[160.657s][info ][gc,metaspace   ] GC(218) Metaspace: 1639K(1792K)->1639K(1792K) NonClass: 1520K(1600K)->1520K(1600K) Class: 118K(192K)->118K(192K)
[160.657s][info ][gc             ] GC(218) Pause Young (Allocation Failure) 5844M->457M(6251M) 22.008ms
[160.658s][info ][gc,cpu         ] GC(218) User=0.28s Sys=0.00s Real=0.02s
[161.369s][info ][gc,start       ] GC(219) Pause Young (Allocation Failure)
[161.389s][debug][gc,phases      ] GC(219) Scavenge 20.600ms
[161.389s][debug][gc,phases      ] GC(219) Reference Processing 0.014ms
[161.389s][debug][gc,phases      ] GC(219) Weak Processing 0.023ms
[161.389s][info ][gc,heap        ] GC(219) PSYoungGen: 5562463K(5563904K)->26784K(5563904K) Eden: 5535743K(5535744K)->0K(5535744K) From: 26720K(28160K)->26784K(28160K)
[161.389s][info ][gc,heap        ] GC(219) ParOldGen: 441917K(837632K)->462040K(837632K)
[161.389s][info ][gc,metaspace   ] GC(219) Metaspace: 1639K(1792K)->1639K(1792K) NonClass: 1520K(1600K)->1520K(1600K) Class: 118K(192K)->118K(192K)
[161.389s][info ][gc             ] GC(219) Pause Young (Allocation Failure) 5863M->477M(6251M) 20.836ms
[161.389s][info ][gc,cpu         ] GC(219) User=0.26s Sys=0.01s Real=0.03s
[162.132s][info ][gc,start       ] GC(220) Pause Young (Allocation Failure)
[162.153s][debug][gc,phases      ] GC(220) Scavenge 20.878ms
[162.153s][debug][gc,phases      ] GC(220) Reference Processing 0.014ms
[162.153s][debug][gc,phases      ] GC(220) Weak Processing 0.024ms
[162.153s][info ][gc,heap        ] GC(220) PSYoungGen: 5562515K(5563904K)->27584K(5563904K) Eden: 5535731K(5535744K)->0K(5535744K) From: 26784K(28160K)->27584K(28160K)
[162.153s][info ][gc,heap        ] GC(220) ParOldGen: 462040K(837632K)->483079K(837632K)
[162.153s][info ][gc,metaspace   ] GC(220) Metaspace: 1639K(1792K)->1639K(1792K) NonClass: 1520K(1600K)->1520K(1600K) Class: 118K(192K)->118K(192K)
[162.153s][info ][gc             ] GC(220) Pause Young (Allocation Failure) 5883M->498M(6251M) 21.133ms
[162.153s][info ][gc,cpu         ] GC(220) User=0.27s Sys=0.00s Real=0.02s
[162.859s][info ][gc,start       ] GC(221) Pause Young (Allocation Failure)
[162.882s][debug][gc,phases      ] GC(221) Scavenge 22.001ms
[162.882s][debug][gc,phases      ] GC(221) Reference Processing 0.019ms
[162.882s][debug][gc,phases      ] GC(221) Weak Processing 0.033ms
[162.882s][info ][gc,heap        ] GC(221) PSYoungGen: 5563328K(5563904K)->26496K(5563904K) Eden: 5535744K(5535744K)->0K(5535744K) From: 27584K(28160K)->26496K(28160K)
[162.882s][info ][gc,heap        ] GC(221) ParOldGen: 483079K(837632K)->505399K(837632K)
[162.882s][info ][gc,metaspace   ] GC(221) Metaspace: 1639K(1792K)->1639K(1792K) NonClass: 1520K(1600K)->1520K(1600K) Class: 118K(192K)->118K(192K)
[162.882s][info ][gc             ] GC(221) Pause Young (Allocation Failure) 5904M->519M(6251M) 22.334ms
[162.882s][info ][gc,cpu         ] GC(221) User=0.28s Sys=0.00s Real=0.02s
[163.618s][info ][gc,start       ] GC(222) Pause Young (Allocation Failure)
[163.639s][debug][gc,phases      ] GC(222) Scavenge 20.317ms
[163.639s][debug][gc,phases      ] GC(222) Reference Processing 0.014ms
[163.639s][debug][gc,phases      ] GC(222) Weak Processing 0.022ms
[163.639s][info ][gc,heap        ] GC(222) PSYoungGen: 5562240K(5563904K)->26688K(5563904K) Eden: 5535744K(5535744K)->0K(5535744K) From: 26496K(28160K)->26688K(28160K)
[163.639s][info ][gc,heap        ] GC(222) ParOldGen: 505399K(837632K)->525259K(837632K)
[163.639s][info ][gc,metaspace   ] GC(222) Metaspace: 1639K(1792K)->1639K(1792K) NonClass: 1520K(1600K)->1520K(1600K) Class: 118K(192K)->118K(192K)
[163.639s][info ][gc             ] GC(222) Pause Young (Allocation Failure) 5925M->539M(6251M) 20.631ms
[163.639s][info ][gc,cpu         ] GC(222) User=0.26s Sys=0.00s Real=0.02s
[164.355s][info ][gc,start       ] GC(223) Pause Young (Allocation Failure)
[164.379s][debug][gc,phases      ] GC(223) Scavenge 23.564ms
[164.379s][debug][gc,phases      ] GC(223) Reference Processing 0.014ms
[164.379s][debug][gc,phases      ] GC(223) Weak Processing 0.023ms
[164.379s][info ][gc,heap        ] GC(223) PSYoungGen: 5562432K(5563904K)->27552K(5562880K) Eden: 5535744K(5535744K)->0K(5534720K) From: 26688K(28160K)->27552K(28160K)
[164.379s][info ][gc,heap        ] GC(223) ParOldGen: 525259K(837632K)->546011K(837632K)
[164.379s][info ][gc,metaspace   ] GC(223) Metaspace: 1639K(1792K)->1639K(1792K) NonClass: 1520K(1600K)->1520K(1600K) Class: 118K(192K)->118K(192K)
[164.379s][info ][gc             ] GC(223) Pause Young (Allocation Failure) 5945M->560M(6250M) 23.825ms
[164.379s][info ][gc,cpu         ] GC(223) User=0.30s Sys=0.00s Real=0.02s
[165.136s][info ][gc,start       ] GC(224) Pause Young (Allocation Failure)
[165.158s][debug][gc,phases      ] GC(224) Scavenge 21.559ms
[165.158s][debug][gc,phases      ] GC(224) Reference Processing 0.015ms
[165.158s][debug][gc,phases      ] GC(224) Weak Processing 0.023ms
[165.158s][info ][gc,heap        ] GC(224) PSYoungGen: 5562272K(5562880K)->26336K(5563392K) Eden: 5534720K(5534720K)->0K(5534720K) From: 27552K(28160K)->26336K(28672K)
[165.158s][info ][gc,heap        ] GC(224) ParOldGen: 546011K(837632K)->567078K(837632K)
[165.158s][info ][gc,metaspace   ] GC(224) Metaspace: 1639K(1792K)->1639K(1792K) NonClass: 1520K(1600K)->1520K(1600K) Class: 118K(192K)->118K(192K)
[165.158s][info ][gc             ] GC(224) Pause Young (Allocation Failure) 5965M->579M(6251M) 21.819ms
[165.158s][info ][gc,cpu         ] GC(224) User=0.27s Sys=0.00s Real=0.02s
[165.872s][info ][gc,start       ] GC(225) Pause Young (Allocation Failure)
[165.893s][debug][gc,phases      ] GC(225) Scavenge 20.462ms
[165.893s][debug][gc,phases      ] GC(225) Reference Processing 0.014ms
[165.893s][debug][gc,phases      ] GC(225) Weak Processing 0.023ms
[165.893s][info ][gc,heap        ] GC(225) PSYoungGen: 5561056K(5563392K)->27008K(5562368K) Eden: 5534720K(5534720K)->0K(5534720K) From: 26336K(28672K)->27008K(27648K)
[165.893s][info ][gc,heap        ] GC(225) ParOldGen: 567078K(837632K)->587005K(837632K)
[165.893s][info ][gc,metaspace   ] GC(225) Metaspace: 1639K(1792K)->1639K(1792K) NonClass: 1520K(1600K)->1520K(1600K) Class: 118K(192K)->118K(192K)
[165.893s][info ][gc             ] GC(225) Pause Young (Allocation Failure) 5984M->599M(6250M) 20.763ms
[165.893s][info ][gc,cpu         ] GC(225) User=0.26s Sys=0.01s Real=0.02s
[166.632s][info ][gc,start       ] GC(226) Pause Young (Allocation Failure)
[166.654s][debug][gc,phases      ] GC(226) Scavenge 21.652ms
[166.654s][debug][gc,phases      ] GC(226) Reference Processing 0.014ms
[166.654s][debug][gc,phases      ] GC(226) Weak Processing 0.023ms
[166.654s][info ][gc,heap        ] GC(226) PSYoungGen: 5561728K(5562368K)->26592K(5562880K) Eden: 5534720K(5534720K)->0K(5534720K) From: 27008K(27648K)->26592K(28160K)
[166.654s][info ][gc,heap        ] GC(226) ParOldGen: 587005K(837632K)->608282K(837632K)
[166.654s][info ][gc,metaspace   ] GC(226) Metaspace: 1639K(1792K)->1639K(1792K) NonClass: 1520K(1600K)->1520K(1600K) Class: 118K(192K)->118K(192K)
[166.654s][info ][gc             ] GC(226) Pause Young (Allocation Failure) 6004M->619M(6250M) 21.919ms
[166.654s][info ][gc,cpu         ] GC(226) User=0.27s Sys=0.00s Real=0.02s
[167.364s][info ][gc,start       ] GC(227) Pause Young (Allocation Failure)
[167.385s][debug][gc,phases      ] GC(227) Scavenge 20.532ms
[167.385s][debug][gc,phases      ] GC(227) Reference Processing 0.015ms
[167.385s][debug][gc,phases      ] GC(227) Weak Processing 0.023ms
[167.385s][info ][gc,heap        ] GC(227) PSYoungGen: 5561312K(5562880K)->26816K(5563904K) Eden: 5534720K(5534720K)->0K(5535744K) From: 26592K(28160K)->26816K(28160K)
[167.385s][info ][gc,heap        ] GC(227) ParOldGen: 608282K(837632K)->629020K(837632K)
[167.385s][info ][gc,metaspace   ] GC(227) Metaspace: 1639K(1792K)->1639K(1792K) NonClass: 1520K(1600K)->1520K(1600K) Class: 118K(192K)->118K(192K)
[167.385s][info ][gc             ] GC(227) Pause Young (Allocation Failure) 6024M->640M(6251M) 20.788ms
[167.385s][info ][gc,cpu         ] GC(227) User=0.26s Sys=0.00s Real=0.02s
[168.116s][info ][gc,start       ] GC(228) Pause Young (Allocation Failure)
[168.139s][debug][gc,phases      ] GC(228) Scavenge 22.329ms
[168.139s][debug][gc,phases      ] GC(228) Reference Processing 0.015ms
[168.139s][debug][gc,phases      ] GC(228) Weak Processing 0.023ms
[168.139s][info ][gc,heap        ] GC(228) PSYoungGen: 5562560K(5563904K)->27648K(5563904K) Eden: 5535744K(5535744K)->0K(5535744K) From: 26816K(28160K)->27648K(28160K)
[168.139s][info ][gc,heap        ] GC(228) ParOldGen: 629020K(837632K)->650254K(837632K)
[168.139s][info ][gc,metaspace   ] GC(228) Metaspace: 1639K(1792K)->1639K(1792K) NonClass: 1520K(1600K)->1520K(1600K) Class: 118K(192K)->118K(192K)
[168.139s][info ][gc             ] GC(228) Pause Young (Allocation Failure) 6046M->662M(6251M) 22.600ms
[168.139s][info ][gc,cpu         ] GC(228) User=0.28s Sys=0.01s Real=0.03s
[168.841s][info ][gc,start       ] GC(229) Pause Young (Allocation Failure)
[168.863s][debug][gc,phases      ] GC(229) Scavenge 22.012ms
[168.863s][debug][gc,phases      ] GC(229) Reference Processing 0.015ms
[168.863s][debug][gc,phases      ] GC(229) Weak Processing 0.023ms
[168.863s][info ][gc,heap        ] GC(229) PSYoungGen: 5563392K(5563904K)->27648K(5562880K) Eden: 5535744K(5535744K)->0K(5534720K) From: 27648K(28160K)->27648K(28160K)
[168.863s][info ][gc,heap        ] GC(229) ParOldGen: 650254K(837632K)->671466K(837632K)
[168.863s][info ][gc,metaspace   ] GC(229) Metaspace: 1639K(1792K)->1639K(1792K) NonClass: 1520K(1600K)->1520K(1600K) Class: 118K(192K)->118K(192K)
[168.863s][info ][gc             ] GC(229) Pause Young (Allocation Failure) 6068M->682M(6250M) 22.245ms
[168.863s][info ][gc,cpu         ] GC(229) User=0.28s Sys=0.00s Real=0.02s
[169.583s][info ][gc,start       ] GC(230) Pause Young (Allocation Failure)
[169.606s][debug][gc,phases      ] GC(230) Scavenge 22.774ms
[169.606s][debug][gc,phases      ] GC(230) Reference Processing 0.015ms
[169.606s][debug][gc,phases      ] GC(230) Weak Processing 0.024ms
[169.606s][info ][gc,heap        ] GC(230) PSYoungGen: 5562368K(5562880K)->26400K(5563392K) Eden: 5534720K(5534720K)->0K(5534720K) From: 27648K(28160K)->26400K(28672K)
[169.606s][info ][gc,heap        ] GC(230) ParOldGen: 671466K(837632K)->692216K(837632K)
[169.606s][info ][gc,metaspace   ] GC(230) Metaspace: 1639K(1792K)->1639K(1792K) NonClass: 1520K(1600K)->1520K(1600K) Class: 118K(192K)->118K(192K)
[169.606s][info ][gc             ] GC(230) Pause Young (Allocation Failure) 6087M->701M(6251M) 23.023ms
[169.607s][info ][gc,cpu         ] GC(230) User=0.29s Sys=0.00s Real=0.02s
[170.319s][info ][gc,start       ] GC(231) Pause Young (Allocation Failure)
[170.340s][debug][gc,phases      ] GC(231) Scavenge 21.168ms
[170.340s][debug][gc,phases      ] GC(231) Reference Processing 0.014ms
[170.341s][debug][gc,phases      ] GC(231) Weak Processing 0.022ms
[170.341s][info ][gc,heap        ] GC(231) PSYoungGen: 5561120K(5563392K)->27648K(5563392K) Eden: 5534720K(5534720K)->0K(5534720K) From: 26400K(28672K)->27648K(28672K)
[170.341s][info ][gc,heap        ] GC(231) ParOldGen: 692216K(837632K)->713526K(837632K)
[170.341s][info ][gc,metaspace   ] GC(231) Metaspace: 1639K(1792K)->1639K(1792K) NonClass: 1520K(1600K)->1520K(1600K) Class: 118K(192K)->118K(192K)
[170.341s][info ][gc             ] GC(231) Pause Young (Allocation Failure) 6106M->723M(6251M) 21.379ms
[170.341s][info ][gc,cpu         ] GC(231) User=0.26s Sys=0.00s Real=0.02s
[171.051s][info ][gc,start       ] GC(232) Pause Young (Allocation Failure)
[171.072s][debug][gc,phases      ] GC(232) Scavenge 21.889ms
[171.073s][debug][gc,phases      ] GC(232) Reference Processing 0.014ms
[171.073s][debug][gc,phases      ] GC(232) Weak Processing 0.024ms
[171.073s][info ][gc,heap        ] GC(232) PSYoungGen: 5562368K(5563392K)->27392K(5563392K) Eden: 5534720K(5534720K)->0K(5534720K) From: 27648K(28672K)->27392K(28672K)
[171.073s][info ][gc,heap        ] GC(232) ParOldGen: 713526K(837632K)->734958K(837632K)
[171.073s][info ][gc,metaspace   ] GC(232) Metaspace: 1639K(1792K)->1639K(1792K) NonClass: 1520K(1600K)->1520K(1600K) Class: 118K(192K)->118K(192K)
[171.073s][info ][gc             ] GC(232) Pause Young (Allocation Failure) 6128M->744M(6251M) 22.111ms
[171.073s][info ][gc,cpu         ] GC(232) User=0.27s Sys=0.00s Real=0.02s
[171.788s][info ][gc,start       ] GC(233) Pause Young (Allocation Failure)
[171.809s][debug][gc,phases      ] GC(233) Scavenge 20.843ms
[171.809s][debug][gc,phases      ] GC(233) Reference Processing 0.013ms
[171.809s][debug][gc,phases      ] GC(233) Weak Processing 0.022ms
[171.809s][info ][gc,heap        ] GC(233) PSYoungGen: 5562112K(5563392K)->27456K(5563392K) Eden: 5534720K(5534720K)->0K(5534720K) From: 27392K(28672K)->27456K(28672K)
[171.809s][info ][gc,heap        ] GC(233) ParOldGen: 734958K(837632K)->756486K(837632K)
[171.809s][info ][gc,metaspace   ] GC(233) Metaspace: 1639K(1792K)->1639K(1792K) NonClass: 1520K(1600K)->1520K(1600K) Class: 118K(192K)->118K(192K)
[171.809s][info ][gc             ] GC(233) Pause Young (Allocation Failure) 6149M->765M(6251M) 21.056ms
[171.809s][info ][gc,cpu         ] GC(233) User=0.27s Sys=0.01s Real=0.03s
[172.543s][info ][gc,start       ] GC(234) Pause Young (Allocation Failure)
[172.565s][debug][gc,phases      ] GC(234) Scavenge 21.753ms
[172.565s][debug][gc,phases      ] GC(234) Reference Processing 0.015ms
[172.565s][debug][gc,phases      ] GC(234) Weak Processing 0.024ms
[172.565s][info ][gc,heap        ] GC(234) PSYoungGen: 5562176K(5563392K)->27392K(5563392K) Eden: 5534720K(5534720K)->0K(5534720K) From: 27456K(28672K)->27392K(28672K)
[172.565s][info ][gc,heap        ] GC(234) ParOldGen: 756486K(837632K)->777839K(837632K)
[172.565s][info ][gc,metaspace   ] GC(234) Metaspace: 1639K(1792K)->1639K(1792K) NonClass: 1520K(1600K)->1520K(1600K) Class: 118K(192K)->118K(192K)
[172.565s][info ][gc             ] GC(234) Pause Young (Allocation Failure) 6170M->786M(6251M) 21.995ms
[172.565s][info ][gc,cpu         ] GC(234) User=0.28s Sys=0.01s Real=0.02s
[173.337s][info ][gc,start       ] GC(235) Pause Young (Allocation Failure)
[173.358s][debug][gc,phases      ] GC(235) Scavenge 20.662ms
[173.358s][debug][gc,phases      ] GC(235) Reference Processing 0.014ms
[173.358s][debug][gc,phases      ] GC(235) Weak Processing 0.021ms
[173.358s][info ][gc,heap        ] GC(235) PSYoungGen: 5562112K(5563392K)->26976K(5563392K) Eden: 5534720K(5534720K)->0K(5534720K) From: 27392K(28672K)->26976K(28672K)
[173.358s][info ][gc,heap        ] GC(235) ParOldGen: 777839K(837632K)->798218K(837632K)
[173.358s][info ][gc,metaspace   ] GC(235) Metaspace: 1639K(1792K)->1639K(1792K) NonClass: 1520K(1600K)->1520K(1600K) Class: 118K(192K)->118K(192K)
[173.358s][info ][gc             ] GC(235) Pause Young (Allocation Failure) 6191M->805M(6251M) 20.861ms
[173.358s][info ][gc,cpu         ] GC(235) User=0.26s Sys=0.01s Real=0.02s
[174.132s][info ][gc,start       ] GC(236) Pause Young (Allocation Failure)
[174.154s][debug][gc,phases      ] GC(236) Scavenge 22.348ms
[174.154s][debug][gc,phases      ] GC(236) Reference Processing 0.013ms
[174.154s][debug][gc,phases      ] GC(236) Weak Processing 0.023ms
[174.154s][info ][gc,heap        ] GC(236) PSYoungGen: 5561696K(5563392K)->26816K(5563392K) Eden: 5534720K(5534720K)->0K(5534720K) From: 26976K(28672K)->26816K(28672K)
[174.154s][info ][gc,heap        ] GC(236) ParOldGen: 798218K(837632K)->820310K(837632K)
[174.154s][info ][gc,metaspace   ] GC(236) Metaspace: 1644K(1792K)->1644K(1792K) NonClass: 1525K(1600K)->1525K(1600K) Class: 118K(192K)->118K(192K)
[174.154s][info ][gc             ] GC(236) Pause Young (Allocation Failure) 6210M->827M(6251M) 22.565ms
[174.154s][info ][gc,cpu         ] GC(236) User=0.26s Sys=0.02s Real=0.02s
[174.154s][debug][gc,phases      ] GC(237) Pre Compact 0.035ms
[174.154s][info ][gc,start       ] GC(237) Pause Full (Ergonomics)
[174.154s][info ][gc,phases,start] GC(237) Marking Phase
[174.211s][debug][gc,phases      ] GC(237) Par Mark 56.927ms
[174.211s][debug][gc,phases      ] GC(237) Reference Processing 0.026ms
[174.211s][debug][gc,phases      ] GC(237) Weak Processing 0.026ms
[174.211s][debug][gc,phases      ] GC(237) ClassLoaderData 0.006ms
[174.211s][debug][gc,phases      ] GC(237) Trigger cleanups 0.000ms
[174.212s][debug][gc,phases      ] GC(237) Class Unloading 1.042ms
[174.212s][info ][gc,phases      ] GC(237) Marking Phase 58.121ms
[174.213s][info ][gc,phases,start] GC(237) Summary Phase
[174.213s][info ][gc,phases      ] GC(237) Summary Phase 0.029ms
[174.213s][info ][gc,phases,start] GC(237) Adjust Roots
[174.215s][info ][gc,phases      ] GC(237) Adjust Roots 2.451ms
[174.215s][info ][gc,phases,start] GC(237) Compaction Phase
[174.317s][info ][gc,phases      ] GC(237) Compaction Phase 101.487ms
[174.317s][info ][gc,phases,start] GC(237) Post Compact
[174.318s][info ][gc,phases      ] GC(237) Post Compact 0.974ms
[174.318s][info ][gc,heap        ] GC(237) PSYoungGen: 26816K(5563392K)->0K(5563392K) Eden: 0K(5534720K)->0K(5534720K) From: 26816K(28672K)->0K(28672K)
[174.318s][info ][gc,heap        ] GC(237) ParOldGen: 820310K(837632K)->213333K(870400K)
[174.318s][info ][gc,metaspace   ] GC(237) Metaspace: 1644K(1792K)->1644K(1792K) NonClass: 1525K(1600K)->1525K(1600K) Class: 118K(192K)->118K(192K)
[174.318s][info ][gc             ] GC(237) Pause Full (Ergonomics) 827M->208M(6283M) 163.332ms
[174.318s][info ][gc,cpu         ] GC(237) User=1.37s Sys=0.01s Real=0.16s
[175.090s][info ][gc,start       ] GC(238) Pause Young (Allocation Failure)
[175.103s][debug][gc,phases      ] GC(238) Scavenge 13.131ms
[175.103s][debug][gc,phases      ] GC(238) Reference Processing 0.014ms
[175.103s][debug][gc,phases      ] GC(238) Weak Processing 0.022ms
[175.103s][info ][gc,heap        ] GC(238) PSYoungGen: 5534720K(5563392K)->28192K(5563392K) Eden: 5534720K(5534720K)->0K(5534720K) From: 0K(28672K)->28192K(28672K)
[175.103s][info ][gc,heap        ] GC(238) ParOldGen: 213333K(870400K)->213333K(870400K)
[175.103s][info ][gc,metaspace   ] GC(238) Metaspace: 1644K(1792K)->1644K(1792K) NonClass: 1525K(1600K)->1525K(1600K) Class: 118K(192K)->118K(192K)
[175.103s][info ][gc             ] GC(238) Pause Young (Allocation Failure) 5613M->235M(6283M) 13.337ms
[175.103s][info ][gc,cpu         ] GC(238) User=0.16s Sys=0.00s Real=0.01s
[175.841s][info ][gc,start       ] GC(239) Pause Young (Allocation Failure)
[175.859s][debug][gc,phases      ] GC(239) Scavenge 17.844ms
[175.859s][debug][gc,phases      ] GC(239) Reference Processing 0.014ms
[175.859s][debug][gc,phases      ] GC(239) Weak Processing 0.021ms
[175.859s][info ][gc,heap        ] GC(239) PSYoungGen: 5562912K(5563392K)->26880K(5563392K) Eden: 5534720K(5534720K)->0K(5534720K) From: 28192K(28672K)->26880K(28672K)
[175.859s][info ][gc,heap        ] GC(239) ParOldGen: 213333K(870400K)->235002K(870400K)
[175.859s][info ][gc,metaspace   ] GC(239) Metaspace: 1644K(1792K)->1644K(1792K) NonClass: 1525K(1600K)->1525K(1600K) Class: 118K(192K)->118K(192K)
[175.859s][info ][gc             ] GC(239) Pause Young (Allocation Failure) 5640M->255M(6283M) 18.051ms
[175.859s][info ][gc,cpu         ] GC(239) User=0.23s Sys=0.00s Real=0.01s
[176.603s][info ][gc,start       ] GC(240) Pause Young (Allocation Failure)
[176.621s][debug][gc,phases      ] GC(240) Scavenge 18.131ms
[176.621s][debug][gc,phases      ] GC(240) Reference Processing 0.014ms
[176.621s][debug][gc,phases      ] GC(240) Weak Processing 0.023ms
[176.621s][info ][gc,heap        ] GC(240) PSYoungGen: 5561600K(5563392K)->27200K(5563392K) Eden: 5534720K(5534720K)->0K(5534720K) From: 26880K(28672K)->27200K(28672K)
[176.621s][info ][gc,heap        ] GC(240) ParOldGen: 235002K(870400K)->255446K(870400K)
[176.621s][info ][gc,metaspace   ] GC(240) Metaspace: 1644K(1792K)->1644K(1792K) NonClass: 1525K(1600K)->1525K(1600K) Class: 118K(192K)->118K(192K)
[176.621s][info ][gc             ] GC(240) Pause Young (Allocation Failure) 5660M->276M(6283M) 18.347ms
[176.621s][info ][gc,cpu         ] GC(240) User=0.23s Sys=0.00s Real=0.02s
[177.374s][info ][gc,start       ] GC(241) Pause Young (Allocation Failure)
[177.393s][debug][gc,phases      ] GC(241) Scavenge 18.738ms
[177.393s][debug][gc,phases      ] GC(241) Reference Processing 0.013ms
[177.393s][debug][gc,phases      ] GC(241) Weak Processing 0.022ms
[177.393s][info ][gc,heap        ] GC(241) PSYoungGen: 5561913K(5563392K)->27168K(5563392K) Eden: 5534713K(5534720K)->0K(5534720K) From: 27200K(28672K)->27168K(28672K)
[177.393s][info ][gc,heap        ] GC(241) ParOldGen: 255446K(870400K)->277173K(870400K)
[177.393s][info ][gc,metaspace   ] GC(241) Metaspace: 1644K(1792K)->1644K(1792K) NonClass: 1525K(1600K)->1525K(1600K) Class: 118K(192K)->118K(192K)
[177.393s][info ][gc             ] GC(241) Pause Young (Allocation Failure) 5681M->297M(6283M) 18.959ms
[177.393s][info ][gc,cpu         ] GC(241) User=0.24s Sys=0.00s Real=0.02s
[178.149s][info ][gc,start       ] GC(242) Pause Young (Allocation Failure)
[178.168s][debug][gc,phases      ] GC(242) Scavenge 19.122ms
[178.168s][debug][gc,phases      ] GC(242) Reference Processing 0.013ms
[178.168s][debug][gc,phases      ] GC(242) Weak Processing 0.022ms
[178.168s][info ][gc,heap        ] GC(242) PSYoungGen: 5561888K(5563392K)->27328K(5562368K) Eden: 5534720K(5534720K)->0K(5534720K) From: 27168K(28672K)->27328K(27648K)
[178.168s][info ][gc,heap        ] GC(242) ParOldGen: 277173K(870400K)->298351K(870400K)
[178.168s][info ][gc,metaspace   ] GC(242) Metaspace: 1644K(1792K)->1644K(1792K) NonClass: 1525K(1600K)->1525K(1600K) Class: 118K(192K)->118K(192K)
[178.168s][info ][gc             ] GC(242) Pause Young (Allocation Failure) 5702M->318M(6282M) 19.372ms
[178.168s][info ][gc,cpu         ] GC(242) User=0.24s Sys=0.00s Real=0.01s
[179.055s][info ][gc,start       ] GC(243) Pause Young (Allocation Failure)
[179.075s][debug][gc,phases      ] GC(243) Scavenge 19.928ms
[179.075s][debug][gc,phases      ] GC(243) Reference Processing 0.014ms
[179.075s][debug][gc,phases      ] GC(243) Weak Processing 0.023ms
[179.076s][info ][gc,heap        ] GC(243) PSYoungGen: 5562048K(5562368K)->26912K(5562880K) Eden: 5534720K(5534720K)->0K(5534720K) From: 27328K(27648K)->26912K(28160K)
[179.076s][info ][gc,heap        ] GC(243) ParOldGen: 298351K(870400K)->319169K(870400K)
[179.076s][info ][gc,metaspace   ] GC(243) Metaspace: 1644K(1792K)->1644K(1792K) NonClass: 1525K(1600K)->1525K(1600K) Class: 118K(192K)->118K(192K)
[179.076s][info ][gc             ] GC(243) Pause Young (Allocation Failure) 5723M->337M(6282M) 20.192ms
[179.076s][info ][gc,cpu         ] GC(243) User=0.26s Sys=0.00s Real=0.02s
[179.913s][info ][gc,start       ] GC(244) Pause Young (Allocation Failure)
[179.934s][debug][gc,phases      ] GC(244) Scavenge 20.937ms
[179.934s][debug][gc,phases      ] GC(244) Reference Processing 0.013ms
[179.934s][debug][gc,phases      ] GC(244) Weak Processing 0.038ms
[179.934s][info ][gc,heap        ] GC(244) PSYoungGen: 5561632K(5562880K)->27232K(5562880K) Eden: 5534720K(5534720K)->0K(5534720K) From: 26912K(28160K)->27232K(28160K)
[179.934s][info ][gc,heap        ] GC(244) ParOldGen: 319169K(870400K)->338717K(870400K)
[179.934s][info ][gc,metaspace   ] GC(244) Metaspace: 1644K(1792K)->1644K(1792K) NonClass: 1525K(1600K)->1525K(1600K) Class: 118K(192K)->118K(192K)
[179.934s][info ][gc             ] GC(244) Pause Young (Allocation Failure) 5742M->357M(6282M) 21.195ms
[179.935s][info ][gc,cpu         ] GC(244) User=0.26s Sys=0.01s Real=0.02s
[180.660s][info ][gc,start       ] GC(245) Pause Young (Allocation Failure)
[180.681s][debug][gc,phases      ] GC(245) Scavenge 20.424ms
[180.681s][debug][gc,phases      ] GC(245) Reference Processing 0.014ms
[180.681s][debug][gc,phases      ] GC(245) Weak Processing 0.024ms
[180.681s][info ][gc,heap        ] GC(245) PSYoungGen: 5561952K(5562880K)->27552K(5563904K) Eden: 5534720K(5534720K)->0K(5535744K) From: 27232K(28160K)->27552K(28160K)
[180.681s][info ][gc,heap        ] GC(245) ParOldGen: 338717K(870400K)->359421K(870400K)
[180.681s][info ][gc,metaspace   ] GC(245) Metaspace: 1644K(1792K)->1644K(1792K) NonClass: 1525K(1600K)->1525K(1600K) Class: 118K(192K)->118K(192K)
[180.681s][info ][gc             ] GC(245) Pause Young (Allocation Failure) 5762M->377M(6283M) 20.667ms
[180.681s][info ][gc,cpu         ] GC(245) User=0.26s Sys=0.00s Real=0.02s
[181.427s][info ][gc,start       ] GC(246) Pause Young (Allocation Failure)
[181.448s][debug][gc,phases      ] GC(246) Scavenge 20.777ms
[181.448s][debug][gc,phases      ] GC(246) Reference Processing 0.014ms
[181.448s][debug][gc,phases      ] GC(246) Weak Processing 0.024ms
[181.448s][info ][gc,heap        ] GC(246) PSYoungGen: 5563296K(5563904K)->28160K(5563904K) Eden: 5535744K(5535744K)->0K(5535744K) From: 27552K(28160K)->28160K(28160K)
[181.448s][info ][gc,heap        ] GC(246) ParOldGen: 359421K(870400K)->380533K(870400K)
[181.448s][info ][gc,metaspace   ] GC(246) Metaspace: 1644K(1792K)->1644K(1792K) NonClass: 1525K(1600K)->1525K(1600K) Class: 118K(192K)->118K(192K)
[181.448s][info ][gc             ] GC(246) Pause Young (Allocation Failure) 5783M->399M(6283M) 21.022ms
[181.448s][info ][gc,cpu         ] GC(246) User=0.27s Sys=0.00s Real=0.02s
[182.273s][info ][gc,start       ] GC(247) Pause Young (Allocation Failure)
[182.293s][debug][gc,phases      ] GC(247) Scavenge 20.616ms
[182.294s][debug][gc,phases      ] GC(247) Reference Processing 0.014ms
[182.294s][debug][gc,phases      ] GC(247) Weak Processing 0.022ms
[182.294s][info ][gc,heap        ] GC(247) PSYoungGen: 5563904K(5563904K)->27328K(5548544K) Eden: 5535744K(5535744K)->0K(5520384K) From: 28160K(28160K)->27328K(28160K)
[182.294s][info ][gc,heap        ] GC(247) ParOldGen: 380533K(870400K)->402467K(870400K)
[182.294s][info ][gc,metaspace   ] GC(247) Metaspace: 1644K(1792K)->1644K(1792K) NonClass: 1525K(1600K)->1525K(1600K) Class: 118K(192K)->118K(192K)
[182.294s][info ][gc             ] GC(247) Pause Young (Allocation Failure) 5805M->419M(6268M) 20.854ms
[182.294s][info ][gc,cpu         ] GC(247) User=0.26s Sys=0.00s Real=0.02s
[183.030s][info ][gc,start       ] GC(248) Pause Young (Allocation Failure)
[183.053s][debug][gc,phases      ] GC(248) Scavenge 23.128ms
[183.053s][debug][gc,phases      ] GC(248) Reference Processing 0.015ms
[183.053s][debug][gc,phases      ] GC(248) Weak Processing 0.024ms
[183.053s][info ][gc,heap        ] GC(248) PSYoungGen: 5547712K(5548544K)->26592K(5556224K) Eden: 5520384K(5520384K)->0K(5520384K) From: 27328K(28160K)->26592K(35840K)
[183.053s][info ][gc,heap        ] GC(248) ParOldGen: 402467K(870400K)->424724K(870400K)
[183.053s][info ][gc,metaspace   ] GC(248) Metaspace: 1644K(1792K)->1644K(1792K) NonClass: 1525K(1600K)->1525K(1600K) Class: 118K(192K)->118K(192K)
[183.053s][info ][gc             ] GC(248) Pause Young (Allocation Failure) 5810M->440M(6276M) 23.378ms
[183.053s][info ][gc,cpu         ] GC(248) User=0.29s Sys=0.00s Real=0.02s
[183.919s][info ][gc,start       ] GC(249) Pause Young (Allocation Failure)
[183.941s][debug][gc,phases      ] GC(249) Scavenge 22.592ms
[183.941s][debug][gc,phases      ] GC(249) Reference Processing 0.014ms
[183.942s][debug][gc,phases      ] GC(249) Weak Processing 0.025ms
[183.942s][info ][gc,heap        ] GC(249) PSYoungGen: 5546976K(5556224K)->27840K(5555200K) Eden: 5520384K(5520384K)->0K(5520384K) From: 26592K(35840K)->27840K(34816K)
[183.942s][info ][gc,heap        ] GC(249) ParOldGen: 424724K(870400K)->444636K(870400K)
[183.942s][info ][gc,metaspace   ] GC(249) Metaspace: 1644K(1792K)->1644K(1792K) NonClass: 1525K(1600K)->1525K(1600K) Class: 118K(192K)->118K(192K)
[183.942s][info ][gc             ] GC(249) Pause Young (Allocation Failure) 5831M->461M(6275M) 22.897ms
[183.942s][info ][gc,cpu         ] GC(249) User=0.29s Sys=0.00s Real=0.02s
[184.761s][info ][gc,start       ] GC(250) Pause Young (Allocation Failure)
[184.784s][debug][gc,phases      ] GC(250) Scavenge 23.174ms
[184.784s][debug][gc,phases      ] GC(250) Reference Processing 0.014ms
[184.784s][debug][gc,phases      ] GC(250) Weak Processing 0.027ms
[184.785s][info ][gc,heap        ] GC(250) PSYoungGen: 5548224K(5555200K)->27840K(5555712K) Eden: 5520384K(5520384K)->0K(5520384K) From: 27840K(34816K)->27840K(35328K)
[184.785s][info ][gc,heap        ] GC(250) ParOldGen: 444636K(870400K)->466504K(870400K)
[184.785s][info ][gc,metaspace   ] GC(250) Metaspace: 1644K(1792K)->1644K(1792K) NonClass: 1525K(1600K)->1525K(1600K) Class: 118K(192K)->118K(192K)
[184.785s][info ][gc             ] GC(250) Pause Young (Allocation Failure) 5852M->482M(6275M) 23.458ms
[184.785s][info ][gc,cpu         ] GC(250) User=0.30s Sys=0.01s Real=0.02s
[185.608s][info ][gc,start       ] GC(251) Pause Young (Allocation Failure)
[185.630s][debug][gc,phases      ] GC(251) Scavenge 21.961ms
[185.630s][debug][gc,phases      ] GC(251) Reference Processing 0.015ms
[185.630s][debug][gc,phases      ] GC(251) Weak Processing 0.024ms
[185.630s][info ][gc,heap        ] GC(251) PSYoungGen: 5548224K(5555712K)->27872K(5555712K) Eden: 5520384K(5520384K)->0K(5521920K) From: 27840K(35328K)->27872K(33792K)
[185.630s][info ][gc,heap        ] GC(251) ParOldGen: 466504K(870400K)->488486K(870400K)
[185.630s][info ][gc,metaspace   ] GC(251) Metaspace: 1644K(1792K)->1644K(1792K) NonClass: 1525K(1600K)->1525K(1600K) Class: 118K(192K)->118K(192K)
[185.631s][info ][gc             ] GC(251) Pause Young (Allocation Failure) 5873M->504M(6275M) 22.292ms
[185.631s][info ][gc,cpu         ] GC(251) User=0.28s Sys=0.00s Real=0.03s
[186.459s][info ][gc,start       ] GC(252) Pause Young (Allocation Failure)
[186.480s][debug][gc,phases      ] GC(252) Scavenge 21.398ms
[186.480s][debug][gc,phases      ] GC(252) Reference Processing 0.015ms
[186.481s][debug][gc,phases      ] GC(252) Weak Processing 0.023ms
[186.481s][info ][gc,heap        ] GC(252) PSYoungGen: 5549792K(5555712K)->27808K(5556224K) Eden: 5521920K(5521920K)->0K(5521920K) From: 27872K(33792K)->27808K(34304K)
[186.481s][info ][gc,heap        ] GC(252) ParOldGen: 488486K(870400K)->509788K(870400K)
[186.481s][info ][gc,metaspace   ] GC(252) Metaspace: 1644K(1792K)->1644K(1792K) NonClass: 1525K(1600K)->1525K(1600K) Class: 118K(192K)->118K(192K)
[186.481s][info ][gc             ] GC(252) Pause Young (Allocation Failure) 5896M->524M(6276M) 21.711ms
[186.481s][info ][gc,cpu         ] GC(252) User=0.27s Sys=0.00s Real=0.02s
[187.279s][info ][gc,start       ] GC(253) Pause Young (Allocation Failure)
[187.302s][debug][gc,phases      ] GC(253) Scavenge 22.888ms
[187.302s][debug][gc,phases      ] GC(253) Reference Processing 0.015ms
[187.302s][debug][gc,phases      ] GC(253) Weak Processing 0.024ms
[187.302s][info ][gc,heap        ] GC(253) PSYoungGen: 5549728K(5556224K)->28320K(5556736K) Eden: 5521920K(5521920K)->0K(5523456K) From: 27808K(34304K)->28320K(33280K)
[187.302s][info ][gc,heap        ] GC(253) ParOldGen: 509788K(870400K)->530892K(870400K)
[187.302s][info ][gc,metaspace   ] GC(253) Metaspace: 1644K(1792K)->1644K(1792K) NonClass: 1525K(1600K)->1525K(1600K) Class: 118K(192K)->118K(192K)
[187.302s][info ][gc             ] GC(253) Pause Young (Allocation Failure) 5917M->546M(6276M) 23.148ms
[187.302s][info ][gc,cpu         ] GC(253) User=0.29s Sys=0.00s Real=0.02s
[188.113s][info ][gc,start       ] GC(254) Pause Young (Allocation Failure)
[188.136s][debug][gc,phases      ] GC(254) Scavenge 23.454ms
[188.136s][debug][gc,phases      ] GC(254) Reference Processing 0.019ms
[188.136s][debug][gc,phases      ] GC(254) Weak Processing 0.037ms
[188.136s][info ][gc,heap        ] GC(254) PSYoungGen: 5551776K(5556736K)->27872K(5557248K) Eden: 5523456K(5523456K)->0K(5523456K) From: 28320K(33280K)->27872K(33792K)
[188.137s][info ][gc,heap        ] GC(254) ParOldGen: 530892K(870400K)->553347K(870400K)
[188.137s][info ][gc,metaspace   ] GC(254) Metaspace: 1644K(1792K)->1644K(1792K) NonClass: 1525K(1600K)->1525K(1600K) Class: 118K(192K)->118K(192K)
[188.137s][info ][gc             ] GC(254) Pause Young (Allocation Failure) 5940M->567M(6277M) 23.830ms
[188.137s][info ][gc,cpu         ] GC(254) User=0.29s Sys=0.00s Real=0.02s
[188.989s][info ][gc,start       ] GC(255) Pause Young (Allocation Failure)
[189.009s][debug][gc,phases      ] GC(255) Scavenge 20.403ms
[189.009s][debug][gc,phases      ] GC(255) Reference Processing 0.014ms
[189.009s][debug][gc,phases      ] GC(255) Weak Processing 0.022ms
[189.010s][info ][gc,heap        ] GC(255) PSYoungGen: 5551328K(5557248K)->27648K(5557248K) Eden: 5523456K(5523456K)->0K(5524992K) From: 27872K(33792K)->27648K(32256K)
[189.010s][info ][gc,heap        ] GC(255) ParOldGen: 553347K(870400K)->573910K(870400K)
[189.010s][info ][gc,metaspace   ] GC(255) Metaspace: 1644K(1792K)->1644K(1792K) NonClass: 1525K(1600K)->1525K(1600K) Class: 118K(192K)->118K(192K)
[189.010s][info ][gc             ] GC(255) Pause Young (Allocation Failure) 5961M->587M(6277M) 20.653ms
[189.010s][info ][gc,cpu         ] GC(255) User=0.26s Sys=0.00s Real=0.02s
[189.860s][info ][gc,start       ] GC(256) Pause Young (Allocation Failure)
[189.884s][debug][gc,phases      ] GC(256) Scavenge 23.774ms
[189.884s][debug][gc,phases      ] GC(256) Reference Processing 0.015ms
[189.884s][debug][gc,phases      ] GC(256) Weak Processing 0.025ms
[189.884s][info ][gc,heap        ] GC(256) PSYoungGen: 5552640K(5557248K)->27552K(5557760K) Eden: 5524992K(5524992K)->0K(5524992K) From: 27648K(32256K)->27552K(32768K)
[189.884s][info ][gc,heap        ] GC(256) ParOldGen: 573910K(870400K)->594858K(870400K)
[189.884s][info ][gc,metaspace   ] GC(256) Metaspace: 1644K(1792K)->1644K(1792K) NonClass: 1525K(1600K)->1525K(1600K) Class: 118K(192K)->118K(192K)
[189.884s][info ][gc             ] GC(256) Pause Young (Allocation Failure) 5982M->607M(6277M) 24.041ms
[189.884s][info ][gc,cpu         ] GC(256) User=0.30s Sys=0.01s Real=0.02s
[190.817s][info ][gc,start       ] GC(257) Pause Young (Allocation Failure)
[190.841s][debug][gc,phases      ] GC(257) Scavenge 24.341ms
[190.841s][debug][gc,phases      ] GC(257) Reference Processing 0.018ms
[190.841s][debug][gc,phases      ] GC(257) Weak Processing 0.024ms
[190.841s][info ][gc,heap        ] GC(257) PSYoungGen: 5552544K(5557760K)->28160K(5558272K) Eden: 5524992K(5524992K)->0K(5526528K) From: 27552K(32768K)->28160K(31744K)
[190.841s][info ][gc,heap        ] GC(257) ParOldGen: 594858K(870400K)->615053K(870400K)
[190.841s][info ][gc,metaspace   ] GC(257) Metaspace: 1644K(1792K)->1644K(1792K) NonClass: 1525K(1600K)->1525K(1600K) Class: 118K(192K)->118K(192K)
[190.841s][info ][gc             ] GC(257) Pause Young (Allocation Failure) 6003M->628M(6278M) 24.604ms
[190.841s][info ][gc,cpu         ] GC(257) User=0.29s Sys=0.01s Real=0.03s
[191.880s][info ][gc,start       ] GC(258) Pause Young (Allocation Failure)
[191.902s][debug][gc,phases      ] GC(258) Scavenge 22.316ms
[191.902s][debug][gc,phases      ] GC(258) Reference Processing 0.013ms
[191.902s][debug][gc,phases      ] GC(258) Weak Processing 0.022ms
[191.903s][info ][gc,heap        ] GC(258) PSYoungGen: 5554688K(5558272K)->28160K(5558784K) Eden: 5526528K(5526528K)->0K(5526528K) From: 28160K(31744K)->28160K(32256K)
[191.903s][info ][gc,heap        ] GC(258) ParOldGen: 615053K(870400K)->636466K(870400K)
[191.903s][info ][gc,metaspace   ] GC(258) Metaspace: 1644K(1792K)->1644K(1792K) NonClass: 1525K(1600K)->1525K(1600K) Class: 118K(192K)->118K(192K)
[191.903s][info ][gc             ] GC(258) Pause Young (Allocation Failure) 6025M->649M(6278M) 22.590ms
[191.903s][info ][gc,cpu         ] GC(258) User=0.29s Sys=0.00s Real=0.02s
[192.898s][info ][gc,start       ] GC(259) Pause Young (Allocation Failure)
[192.922s][debug][gc,phases      ] GC(259) Scavenge 23.464ms
[192.922s][debug][gc,phases      ] GC(259) Reference Processing 0.015ms
[192.922s][debug][gc,phases      ] GC(259) Weak Processing 0.025ms
[192.922s][info ][gc,heap        ] GC(259) PSYoungGen: 5554683K(5558784K)->27200K(5559808K) Eden: 5526523K(5526528K)->0K(5528064K) From: 28160K(32256K)->27200K(31744K)
[192.922s][info ][gc,heap        ] GC(259) ParOldGen: 636466K(870400K)->657407K(870400K)
[192.922s][info ][gc,metaspace   ] GC(259) Metaspace: 1644K(1792K)->1644K(1792K) NonClass: 1525K(1600K)->1525K(1600K) Class: 118K(192K)->118K(192K)
[192.922s][info ][gc             ] GC(259) Pause Young (Allocation Failure) 6046M->668M(6279M) 23.710ms
[192.922s][info ][gc,cpu         ] GC(259) User=0.29s Sys=0.00s Real=0.02s
[193.906s][info ][gc,start       ] GC(260) Pause Young (Allocation Failure)
[193.928s][debug][gc,phases      ] GC(260) Scavenge 21.633ms
[193.928s][debug][gc,phases      ] GC(260) Reference Processing 0.014ms
[193.928s][debug][gc,phases      ] GC(260) Weak Processing 0.024ms
[193.928s][info ][gc,heap        ] GC(260) PSYoungGen: 5555264K(5559808K)->26944K(5559808K) Eden: 5528064K(5528064K)->0K(5528064K) From: 27200K(31744K)->26944K(31744K)
[193.928s][info ][gc,heap        ] GC(260) ParOldGen: 657407K(870400K)->678566K(870400K)
[193.928s][info ][gc,metaspace   ] GC(260) Metaspace: 1644K(1792K)->1644K(1792K) NonClass: 1525K(1600K)->1525K(1600K) Class: 118K(192K)->118K(192K)
[193.928s][info ][gc             ] GC(260) Pause Young (Allocation Failure) 6067M->688M(6279M) 21.922ms
[193.928s][info ][gc,cpu         ] GC(260) User=0.28s Sys=0.01s Real=0.03s
[194.986s][info ][gc,start       ] GC(261) Pause Young (Allocation Failure)
[195.011s][debug][gc,phases      ] GC(261) Scavenge 24.533ms
[195.011s][debug][gc,phases      ] GC(261) Reference Processing 0.015ms
[195.011s][debug][gc,phases      ] GC(261) Weak Processing 0.024ms
[195.011s][info ][gc,heap        ] GC(261) PSYoungGen: 5555008K(5559808K)->28416K(5559296K) Eden: 5528064K(5528064K)->0K(5528576K) From: 26944K(31744K)->28416K(30720K)
[195.011s][info ][gc,heap        ] GC(261) ParOldGen: 678566K(870400K)->699644K(870400K)
[195.011s][info ][gc,metaspace   ] GC(261) Metaspace: 1644K(1792K)->1644K(1792K) NonClass: 1525K(1600K)->1525K(1600K) Class: 118K(192K)->118K(192K)
[195.011s][info ][gc             ] GC(261) Pause Young (Allocation Failure) 6087M->710M(6279M) 24.793ms
[195.011s][info ][gc,cpu         ] GC(261) User=0.31s Sys=0.00s Real=0.03s
[196.112s][info ][gc,start       ] GC(262) Pause Young (Allocation Failure)
[196.140s][debug][gc,phases      ] GC(262) Scavenge 27.184ms
[196.140s][debug][gc,phases      ] GC(262) Reference Processing 0.015ms
[196.140s][debug][gc,phases      ] GC(262) Weak Processing 0.025ms
[196.140s][info ][gc,heap        ] GC(262) PSYoungGen: 5556992K(5559296K)->29216K(5559808K) Eden: 5528576K(5528576K)->0K(5528576K) From: 28416K(30720K)->29216K(31232K)
[196.140s][info ][gc,heap        ] GC(262) ParOldGen: 699644K(870400K)->721683K(870400K)
[196.140s][info ][gc,metaspace   ] GC(262) Metaspace: 1644K(1792K)->1644K(1792K) NonClass: 1525K(1600K)->1525K(1600K) Class: 118K(192K)->118K(192K)
[196.140s][info ][gc             ] GC(262) Pause Young (Allocation Failure) 6109M->733M(6279M) 27.461ms
[196.140s][info ][gc,cpu         ] GC(262) User=0.34s Sys=0.00s Real=0.03s
[197.296s][info ][gc,start       ] GC(263) Pause Young (Allocation Failure)
[197.322s][debug][gc,phases      ] GC(263) Scavenge 25.193ms
[197.322s][debug][gc,phases      ] GC(263) Reference Processing 0.016ms
[197.322s][debug][gc,phases      ] GC(263) Weak Processing 0.026ms
[197.322s][info ][gc,heap        ] GC(263) PSYoungGen: 5557792K(5559808K)->28768K(5560320K) Eden: 5528576K(5528576K)->0K(5529088K) From: 29216K(31232K)->28768K(31232K)
[197.322s][info ][gc,heap        ] GC(263) ParOldGen: 721683K(870400K)->744041K(870400K)
[197.322s][info ][gc,metaspace   ] GC(263) Metaspace: 1644K(1792K)->1644K(1792K) NonClass: 1525K(1600K)->1525K(1600K) Class: 118K(192K)->118K(192K)
[197.322s][info ][gc             ] GC(263) Pause Young (Allocation Failure) 6132M->754M(6280M) 25.448ms
[197.322s][info ][gc,cpu         ] GC(263) User=0.32s Sys=0.00s Real=0.03s
[198.216s][info ][gc,start       ] GC(264) Pause Young (Allocation Failure)
[198.240s][debug][gc,phases      ] GC(264) Scavenge 23.960ms
[198.240s][debug][gc,phases      ] GC(264) Reference Processing 0.015ms
[198.240s][debug][gc,phases      ] GC(264) Weak Processing 0.025ms
[198.240s][info ][gc,heap        ] GC(264) PSYoungGen: 5557856K(5560320K)->28608K(5560320K) Eden: 5529088K(5529088K)->0K(5529088K) From: 28768K(31232K)->28608K(31232K)
[198.240s][info ][gc,heap        ] GC(264) ParOldGen: 744041K(870400K)->764992K(870400K)
[198.240s][info ][gc,metaspace   ] GC(264) Metaspace: 1644K(1792K)->1644K(1792K) NonClass: 1525K(1600K)->1525K(1600K) Class: 118K(192K)->118K(192K)
[198.240s][info ][gc             ] GC(264) Pause Young (Allocation Failure) 6154M->775M(6280M) 24.218ms
[198.240s][info ][gc,cpu         ] GC(264) User=0.31s Sys=0.00s Real=0.03s
[199.086s][info ][gc,start       ] GC(265) Pause Young (Allocation Failure)
[199.111s][debug][gc,phases      ] GC(265) Scavenge 24.944ms
[199.111s][debug][gc,phases      ] GC(265) Reference Processing 0.016ms
[199.111s][debug][gc,phases      ] GC(265) Weak Processing 0.025ms
[199.111s][info ][gc,heap        ] GC(265) PSYoungGen: 5557693K(5560320K)->28416K(5560832K) Eden: 5529085K(5529088K)->0K(5529600K) From: 28608K(31232K)->28416K(31232K)
[199.111s][info ][gc,heap        ] GC(265) ParOldGen: 764992K(870400K)->785754K(870400K)
[199.111s][info ][gc,metaspace   ] GC(265) Metaspace: 1644K(1792K)->1644K(1792K) NonClass: 1525K(1600K)->1525K(1600K) Class: 118K(192K)->118K(192K)
[199.111s][info ][gc             ] GC(265) Pause Young (Allocation Failure) 6174M->795M(6280M) 25.194ms
[199.111s][info ][gc,cpu         ] GC(265) User=0.32s Sys=0.01s Real=0.03s
[199.921s][info ][gc,start       ] GC(266) Pause Young (Allocation Failure)
[199.944s][debug][gc,phases      ] GC(266) Scavenge 23.097ms
[199.944s][debug][gc,phases      ] GC(266) Reference Processing 0.016ms
[199.944s][debug][gc,phases      ] GC(266) Weak Processing 0.025ms
[199.944s][info ][gc,heap        ] GC(266) PSYoungGen: 5558016K(5560832K)->27456K(5557248K) Eden: 5529600K(5529600K)->0K(5529600K) From: 28416K(31232K)->27456K(27648K)
[199.944s][info ][gc,heap        ] GC(266) ParOldGen: 785754K(870400K)->806918K(870400K)
[199.944s][info ][gc,metaspace   ] GC(266) Metaspace: 1644K(1792K)->1644K(1792K) NonClass: 1525K(1600K)->1525K(1600K) Class: 118K(192K)->118K(192K)
[199.944s][info ][gc             ] GC(266) Pause Young (Allocation Failure) 6195M->814M(6277M) 23.354ms
[199.944s][info ][gc,cpu         ] GC(266) User=0.30s Sys=0.00s Real=0.02s
[200.697s][info ][gc,start       ] GC(267) Pause Young (Allocation Failure)
[200.721s][debug][gc,phases      ] GC(267) Scavenge 23.839ms
[200.721s][debug][gc,phases      ] GC(267) Reference Processing 0.015ms
[200.721s][debug][gc,phases      ] GC(267) Weak Processing 0.026ms
[200.721s][info ][gc,heap        ] GC(267) PSYoungGen: 5557056K(5557248K)->27744K(5560320K) Eden: 5529600K(5529600K)->0K(5529600K) From: 27456K(27648K)->27744K(30720K)
[200.721s][info ][gc,heap        ] GC(267) ParOldGen: 806918K(870400K)->827852K(870400K)
[200.721s][info ][gc,metaspace   ] GC(267) Metaspace: 1649K(1792K)->1649K(1792K) NonClass: 1530K(1600K)->1530K(1600K) Class: 118K(192K)->118K(192K)
[200.721s][info ][gc             ] GC(267) Pause Young (Allocation Failure) 6214M->835M(6280M) 24.085ms
[200.721s][info ][gc,cpu         ] GC(267) User=0.30s Sys=0.00s Real=0.03s
[201.040s][info ][gc,start       ] GC(268) Pause Young (Allocation Failure)
[201.059s][debug][gc,phases      ] GC(268) Scavenge 18.447ms
[201.059s][debug][gc,phases      ] GC(268) Reference Processing 0.015ms
[201.059s][debug][gc,phases      ] GC(268) Weak Processing 0.025ms
[201.059s][info ][gc,heap        ] GC(268) PSYoungGen: 5557344K(5560320K)->24480K(5560320K) Eden: 5529600K(5529600K)->0K(5529600K) From: 27744K(30720K)->24480K(30720K)
[201.059s][info ][gc,heap        ] GC(268) ParOldGen: 827852K(870400K)->854100K(870400K)
[201.059s][info ][gc,metaspace   ] GC(268) Metaspace: 1658K(1792K)->1658K(1792K) NonClass: 1539K(1600K)->1539K(1600K) Class: 118K(192K)->118K(192K)
[201.059s][info ][gc             ] GC(268) Pause Young (Allocation Failure) 6235M->857M(6280M) 18.694ms
[201.059s][info ][gc,cpu         ] GC(268) User=0.21s Sys=0.02s Real=0.02s
[201.059s][debug][gc,phases      ] GC(269) Pre Compact 0.020ms
[201.059s][info ][gc,start       ] GC(269) Pause Full (Ergonomics)
[201.059s][info ][gc,phases,start] GC(269) Marking Phase
[201.118s][debug][gc,phases      ] GC(269) Par Mark 59.082ms
[201.118s][debug][gc,phases      ] GC(269) Reference Processing 0.027ms
[201.118s][debug][gc,phases      ] GC(269) Weak Processing 0.026ms
[201.118s][debug][gc,phases      ] GC(269) ClassLoaderData 0.005ms
[201.118s][debug][gc,phases      ] GC(269) Trigger cleanups 0.000ms
[201.119s][debug][gc,phases      ] GC(269) Class Unloading 1.111ms
[201.119s][info ][gc,phases      ] GC(269) Marking Phase 60.367ms
[201.119s][info ][gc,phases,start] GC(269) Summary Phase
[201.120s][info ][gc,phases      ] GC(269) Summary Phase 0.031ms
[201.120s][info ][gc,phases,start] GC(269) Adjust Roots
[201.122s][info ][gc,phases      ] GC(269) Adjust Roots 2.930ms
[201.122s][info ][gc,phases,start] GC(269) Compaction Phase
[201.232s][info ][gc,phases      ] GC(269) Compaction Phase 109.538ms
[201.232s][info ][gc,phases,start] GC(269) Post Compact
[201.233s][info ][gc,phases      ] GC(269) Post Compact 0.950ms
[201.233s][info ][gc,heap        ] GC(269) PSYoungGen: 24480K(5560320K)->0K(5560832K) Eden: 0K(5529600K)->0K(5529600K) From: 24480K(30720K)->0K(31232K)
[201.233s][info ][gc,heap        ] GC(269) ParOldGen: 854100K(870400K)->233639K(920064K)
[201.233s][info ][gc,metaspace   ] GC(269) Metaspace: 1658K(1792K)->1658K(1792K) NonClass: 1539K(1600K)->1539K(1600K) Class: 118K(192K)->118K(192K)
[201.233s][info ][gc             ] GC(269) Pause Full (Ergonomics) 857M->228M(6329M) 174.113ms
[201.233s][info ][gc,cpu         ] GC(269) User=1.42s Sys=0.01s Real=0.17s
[201.577s][info ][gc,start       ] GC(270) Pause Young (Allocation Failure)
[201.581s][debug][gc,phases      ] GC(270) Scavenge 3.190ms
[201.581s][debug][gc,phases      ] GC(270) Reference Processing 0.014ms
[201.581s][debug][gc,phases      ] GC(270) Weak Processing 0.026ms
[201.581s][info ][gc,heap        ] GC(270) PSYoungGen: 5529600K(5560832K)->25248K(5560832K) Eden: 5529600K(5529600K)->0K(5529600K) From: 0K(31232K)->25248K(31232K)
[201.581s][info ][gc,heap        ] GC(270) ParOldGen: 233639K(920064K)->233639K(920064K)
[201.581s][info ][gc,metaspace   ] GC(270) Metaspace: 1665K(1792K)->1665K(1792K) NonClass: 1546K(1600K)->1546K(1600K) Class: 118K(192K)->118K(192K)
[201.581s][info ][gc             ] GC(270) Pause Young (Allocation Failure) 5628M->252M(6329M) 3.464ms
[201.581s][info ][gc,cpu         ] GC(270) User=0.04s Sys=0.00s Real=0.01s
[201.995s][info ][gc,heap,exit   ] Heap
[201.995s][info ][gc,heap,exit   ]  PSYoungGen      total 5560832K, used 1904490K [0x00000006aab00000, 0x0000000800000000, 0x0000000800000000)
[201.995s][info ][gc,heap,exit   ]   eden space 5529600K, 33% used [0x00000006aab00000,0x000000071d632898,0x00000007fc300000)
[201.995s][info ][gc,heap,exit   ]   from space 31232K, 80% used [0x00000007fc300000,0x00000007fdba8000,0x00000007fe180000)
[201.995s][info ][gc,heap,exit   ]   to   space 31232K, 0% used [0x00000007fe180000,0x00000007fe180000,0x0000000800000000)
[201.995s][info ][gc,heap,exit   ]  ParOldGen       total 920064K, used 233639K [0x0000000400000000, 0x0000000438280000, 0x00000006aab00000)
[201.995s][info ][gc,heap,exit   ]   object space 920064K, 25% used [0x0000000400000000,0x000000040e429cb0,0x0000000438280000)
[201.995s][info ][gc,heap,exit   ]  Metaspace       used 1722K, committed 1920K, reserved 1056768K
[201.995s][info ][gc,heap,exit   ]   class space    used 119K, committed 192K, reserved 1048576K
