[0.007s][info][gc] Using G1
[0.025s][info][gc,init] Version: 16.0.1+9 (release)
[0.025s][info][gc,init] CPUs: 16 total, 16 available
[0.025s][info][gc,init] Memory: 65536M
[0.025s][info][gc,init] Large Page Support: Disabled
[0.025s][info][gc,init] NUMA Support: Disabled
[0.025s][info][gc,init] Compressed Oops: Enabled (Zero based)
[0.025s][info][gc,init] Heap Region Size: 4M
[0.025s][info][gc,init] Heap Min Capacity: 8G
[0.025s][info][gc,init] Heap Initial Capacity: 8G
[0.025s][info][gc,init] Heap Max Capacity: 8G
[0.025s][info][gc,init] Pre-touch: Disabled
[0.025s][info][gc,init] Parallel Workers: 13
[0.025s][info][gc,init] Concurrent Workers: 3
[0.025s][info][gc,init] Concurrent Refinement Workers: 13
[0.025s][info][gc,init] Periodic GC: Disabled
[0.025s][info][gc,metaspace] CDS archive(s) mapped at: [0x0000000800000000-0x0000000800bee000-0x0000000800bee000), size 12509184, SharedBaseAddress: 0x0000000800000000, ArchiveRelocationMode: 0.
[0.025s][info][gc,metaspace] Compressed class space mapped at: 0x0000000800c00000-0x0000000840c00000, reserved size: 1073741824
[0.025s][info][gc,metaspace] Narrow klass base: 0x0000000800000000, Narrow klass shift: 3, Narrow klass range: 0x100000000
[0.471s][info][gc,start    ] GC(0) Pause Young (Normal) (G1 Evacuation Pause)
[0.472s][info][gc,task     ] GC(0) Using 13 workers of 13 for evacuation
[0.633s][info][gc,phases   ] GC(0)   Pre Evacuate Collection Set: 0.1ms
[0.633s][info][gc,phases   ] GC(0)   Merge Heap Roots: 0.1ms
[0.633s][info][gc,phases   ] GC(0)   Evacuate Collection Set: 160.4ms
[0.633s][info][gc,phases   ] GC(0)   Post Evacuate Collection Set: 0.5ms
[0.633s][info][gc,phases   ] GC(0)   Other: 0.9ms
[0.633s][info][gc,heap     ] GC(0) Eden regions: 102->0(89)
[0.633s][info][gc,heap     ] GC(0) Survivor regions: 0->13(13)
[0.633s][info][gc,heap     ] GC(0) Old regions: 0->15
[0.633s][info][gc,heap     ] GC(0) Archive regions: 2->2
[0.633s][info][gc,heap     ] GC(0) Humongous regions: 0->0
[0.633s][info][gc,metaspace] GC(0) Metaspace: 763K(896K)->763K(896K) NonClass: 712K(768K)->712K(768K) Class: 51K(128K)->51K(128K)
[0.633s][info][gc          ] GC(0) Pause Young (Normal) (G1 Evacuation Pause) 411M->113M(8192M) 162.180ms
[0.633s][info][gc,cpu      ] GC(0) User=0.23s Sys=1.36s Real=0.16s
[0.799s][info][gc,start    ] GC(1) Pause Young (Normal) (G1 Evacuation Pause)
[0.799s][info][gc,task     ] GC(1) Using 13 workers of 13 for evacuation
[0.819s][info][gc,phases   ] GC(1)   Pre Evacuate Collection Set: 0.1ms
[0.819s][info][gc,phases   ] GC(1)   Merge Heap Roots: 0.1ms
[0.819s][info][gc,phases   ] GC(1)   Evacuate Collection Set: 19.4ms
[0.819s][info][gc,phases   ] GC(1)   Post Evacuate Collection Set: 0.4ms
[0.819s][info][gc,phases   ] GC(1)   Other: 0.1ms
[0.819s][info][gc,heap     ] GC(1) Eden regions: 89->0(89)
[0.819s][info][gc,heap     ] GC(1) Survivor regions: 13->13(13)
[0.819s][info][gc,heap     ] GC(1) Old regions: 15->28
[0.819s][info][gc,heap     ] GC(1) Archive regions: 2->2
[0.819s][info][gc,heap     ] GC(1) Humongous regions: 0->0
[0.819s][info][gc,metaspace] GC(1) Metaspace: 791K(896K)->791K(896K) NonClass: 737K(768K)->737K(768K) Class: 53K(128K)->53K(128K)
[0.819s][info][gc          ] GC(1) Pause Young (Normal) (G1 Evacuation Pause) 469M->167M(8192M) 20.317ms
[0.819s][info][gc,cpu      ] GC(1) User=0.10s Sys=0.13s Real=0.02s
[1.119s][info][gc,start    ] GC(2) Pause Young (Normal) (G1 Evacuation Pause)
[1.119s][info][gc,task     ] GC(2) Using 13 workers of 13 for evacuation
[1.131s][info][gc,phases   ] GC(2)   Pre Evacuate Collection Set: 0.1ms
[1.131s][info][gc,phases   ] GC(2)   Merge Heap Roots: 0.2ms
[1.131s][info][gc,phases   ] GC(2)   Evacuate Collection Set: 11.1ms
[1.131s][info][gc,phases   ] GC(2)   Post Evacuate Collection Set: 0.4ms
[1.131s][info][gc,phases   ] GC(2)   Other: 0.2ms
[1.131s][info][gc,heap     ] GC(2) Eden regions: 89->0(89)
[1.131s][info][gc,heap     ] GC(2) Survivor regions: 13->13(13)
[1.131s][info][gc,heap     ] GC(2) Old regions: 28->33
[1.131s][info][gc,heap     ] GC(2) Archive regions: 2->2
[1.131s][info][gc,heap     ] GC(2) Humongous regions: 0->0
[1.131s][info][gc,metaspace] GC(2) Metaspace: 791K(896K)->791K(896K) NonClass: 737K(768K)->737K(768K) Class: 53K(128K)->53K(128K)
[1.131s][info][gc          ] GC(2) Pause Young (Normal) (G1 Evacuation Pause) 523M->185M(8192M) 12.199ms
[1.131s][info][gc,cpu      ] GC(2) User=0.11s Sys=0.03s Real=0.01s
[1.438s][info][gc,start    ] GC(3) Pause Young (Normal) (G1 Evacuation Pause)
[1.438s][info][gc,task     ] GC(3) Using 13 workers of 13 for evacuation
[1.449s][info][gc,phases   ] GC(3)   Pre Evacuate Collection Set: 0.1ms
[1.449s][info][gc,phases   ] GC(3)   Merge Heap Roots: 0.1ms
[1.449s][info][gc,phases   ] GC(3)   Evacuate Collection Set: 10.5ms
[1.449s][info][gc,phases   ] GC(3)   Post Evacuate Collection Set: 0.4ms
[1.449s][info][gc,phases   ] GC(3)   Other: 0.1ms
[1.449s][info][gc,heap     ] GC(3) Eden regions: 89->0(89)
[1.449s][info][gc,heap     ] GC(3) Survivor regions: 13->13(13)
[1.449s][info][gc,heap     ] GC(3) Old regions: 33->37
[1.449s][info][gc,heap     ] GC(3) Archive regions: 2->2
[1.449s][info][gc,heap     ] GC(3) Humongous regions: 0->0
[1.449s][info][gc,metaspace] GC(3) Metaspace: 791K(896K)->791K(896K) NonClass: 737K(768K)->737K(768K) Class: 53K(128K)->53K(128K)
[1.449s][info][gc          ] GC(3) Pause Young (Normal) (G1 Evacuation Pause) 541M->200M(8192M) 11.321ms
[1.449s][info][gc,cpu      ] GC(3) User=0.10s Sys=0.02s Real=0.02s
[1.750s][info][gc,start    ] GC(4) Pause Young (Normal) (G1 Evacuation Pause)
[1.750s][info][gc,task     ] GC(4) Using 13 workers of 13 for evacuation
[1.761s][info][gc,phases   ] GC(4)   Pre Evacuate Collection Set: 0.1ms
[1.761s][info][gc,phases   ] GC(4)   Merge Heap Roots: 0.1ms
[1.761s][info][gc,phases   ] GC(4)   Evacuate Collection Set: 10.4ms
[1.761s][info][gc,phases   ] GC(4)   Post Evacuate Collection Set: 0.4ms
[1.761s][info][gc,phases   ] GC(4)   Other: 0.1ms
[1.761s][info][gc,heap     ] GC(4) Eden regions: 89->0(89)
[1.761s][info][gc,heap     ] GC(4) Survivor regions: 13->13(13)
[1.761s][info][gc,heap     ] GC(4) Old regions: 37->40
[1.761s][info][gc,heap     ] GC(4) Archive regions: 2->2
[1.761s][info][gc,heap     ] GC(4) Humongous regions: 0->0
[1.761s][info][gc,metaspace] GC(4) Metaspace: 791K(896K)->791K(896K) NonClass: 737K(768K)->737K(768K) Class: 53K(128K)->53K(128K)
[1.761s][info][gc          ] GC(4) Pause Young (Normal) (G1 Evacuation Pause) 556M->214M(8192M) 11.206ms
[1.761s][info][gc,cpu      ] GC(4) User=0.10s Sys=0.03s Real=0.01s
[2.069s][info][gc,start    ] GC(5) Pause Young (Normal) (G1 Evacuation Pause)
[2.069s][info][gc,task     ] GC(5) Using 13 workers of 13 for evacuation
[2.081s][info][gc,phases   ] GC(5)   Pre Evacuate Collection Set: 0.1ms
[2.082s][info][gc,phases   ] GC(5)   Merge Heap Roots: 0.1ms
[2.082s][info][gc,phases   ] GC(5)   Evacuate Collection Set: 11.4ms
[2.082s][info][gc,phases   ] GC(5)   Post Evacuate Collection Set: 0.4ms
[2.082s][info][gc,phases   ] GC(5)   Other: 0.1ms
[2.082s][info][gc,heap     ] GC(5) Eden regions: 89->0(89)
[2.082s][info][gc,heap     ] GC(5) Survivor regions: 13->13(13)
[2.082s][info][gc,heap     ] GC(5) Old regions: 40->44
[2.082s][info][gc,heap     ] GC(5) Archive regions: 2->2
[2.082s][info][gc,heap     ] GC(5) Humongous regions: 0->0
[2.082s][info][gc,metaspace] GC(5) Metaspace: 791K(896K)->791K(896K) NonClass: 737K(768K)->737K(768K) Class: 53K(128K)->53K(128K)
[2.082s][info][gc          ] GC(5) Pause Young (Normal) (G1 Evacuation Pause) 570M->228M(8192M) 12.309ms
[2.082s][info][gc,cpu      ] GC(5) User=0.11s Sys=0.04s Real=0.01s
[2.390s][info][gc,start    ] GC(6) Pause Young (Normal) (G1 Evacuation Pause)
[2.390s][info][gc,task     ] GC(6) Using 13 workers of 13 for evacuation
[2.401s][info][gc,phases   ] GC(6)   Pre Evacuate Collection Set: 0.1ms
[2.401s][info][gc,phases   ] GC(6)   Merge Heap Roots: 0.1ms
[2.401s][info][gc,phases   ] GC(6)   Evacuate Collection Set: 10.7ms
[2.401s][info][gc,phases   ] GC(6)   Post Evacuate Collection Set: 0.3ms
[2.401s][info][gc,phases   ] GC(6)   Other: 0.2ms
[2.401s][info][gc,heap     ] GC(6) Eden regions: 89->0(89)
[2.401s][info][gc,heap     ] GC(6) Survivor regions: 13->13(13)
[2.401s][info][gc,heap     ] GC(6) Old regions: 44->47
[2.401s][info][gc,heap     ] GC(6) Archive regions: 2->2
[2.401s][info][gc,heap     ] GC(6) Humongous regions: 0->0
[2.401s][info][gc,metaspace] GC(6) Metaspace: 791K(896K)->791K(896K) NonClass: 737K(768K)->737K(768K) Class: 53K(128K)->53K(128K)
[2.401s][info][gc          ] GC(6) Pause Young (Normal) (G1 Evacuation Pause) 584M->242M(8192M) 11.525ms
[2.401s][info][gc,cpu      ] GC(6) User=0.11s Sys=0.03s Real=0.01s
[2.709s][info][gc,start    ] GC(7) Pause Young (Normal) (G1 Evacuation Pause)
[2.710s][info][gc,task     ] GC(7) Using 13 workers of 13 for evacuation
[2.721s][info][gc,phases   ] GC(7)   Pre Evacuate Collection Set: 0.2ms
[2.721s][info][gc,phases   ] GC(7)   Merge Heap Roots: 0.1ms
[2.721s][info][gc,phases   ] GC(7)   Evacuate Collection Set: 10.4ms
[2.721s][info][gc,phases   ] GC(7)   Post Evacuate Collection Set: 0.4ms
[2.721s][info][gc,phases   ] GC(7)   Other: 0.2ms
[2.721s][info][gc,heap     ] GC(7) Eden regions: 89->0(380)
[2.721s][info][gc,heap     ] GC(7) Survivor regions: 13->13(13)
[2.721s][info][gc,heap     ] GC(7) Old regions: 47->50
[2.721s][info][gc,heap     ] GC(7) Archive regions: 2->2
[2.721s][info][gc,heap     ] GC(7) Humongous regions: 0->0
[2.721s][info][gc,metaspace] GC(7) Metaspace: 791K(896K)->791K(896K) NonClass: 737K(768K)->737K(768K) Class: 53K(128K)->53K(128K)
[2.721s][info][gc          ] GC(7) Pause Young (Normal) (G1 Evacuation Pause) 598M->255M(8192M) 11.282ms
[2.721s][info][gc,cpu      ] GC(7) User=0.10s Sys=0.03s Real=0.01s
[4.079s][info][gc,start    ] GC(8) Pause Young (Normal) (G1 Evacuation Pause)
[4.080s][info][gc,task     ] GC(8) Using 13 workers of 13 for evacuation
[4.100s][info][gc,phases   ] GC(8)   Pre Evacuate Collection Set: 0.1ms
[4.100s][info][gc,phases   ] GC(8)   Merge Heap Roots: 0.1ms
[4.100s][info][gc,phases   ] GC(8)   Evacuate Collection Set: 19.4ms
[4.100s][info][gc,phases   ] GC(8)   Post Evacuate Collection Set: 0.4ms
[4.100s][info][gc,phases   ] GC(8)   Other: 0.2ms
[4.100s][info][gc,heap     ] GC(8) Eden regions: 380->0(1210)
[4.100s][info][gc,heap     ] GC(8) Survivor regions: 13->18(50)
[4.100s][info][gc,heap     ] GC(8) Old regions: 50->50
[4.100s][info][gc,heap     ] GC(8) Archive regions: 2->2
[4.100s][info][gc,heap     ] GC(8) Humongous regions: 0->0
[4.100s][info][gc,metaspace] GC(8) Metaspace: 791K(896K)->791K(896K) NonClass: 737K(768K)->737K(768K) Class: 53K(128K)->53K(128K)
[4.100s][info][gc          ] GC(8) Pause Young (Normal) (G1 Evacuation Pause) 1775M->275M(8192M) 20.259ms
[4.100s][info][gc,cpu      ] GC(8) User=0.07s Sys=0.15s Real=0.02s
[8.690s][info][gc,start    ] GC(9) Pause Young (Normal) (G1 Evacuation Pause)
[8.690s][info][gc,task     ] GC(9) Using 13 workers of 13 for evacuation
[8.713s][info][gc,phases   ] GC(9)   Pre Evacuate Collection Set: 0.1ms
[8.713s][info][gc,phases   ] GC(9)   Merge Heap Roots: 0.2ms
[8.713s][info][gc,phases   ] GC(9)   Evacuate Collection Set: 21.9ms
[8.713s][info][gc,phases   ] GC(9)   Post Evacuate Collection Set: 0.9ms
[8.713s][info][gc,phases   ] GC(9)   Other: 0.4ms
[8.713s][info][gc,heap     ] GC(9) Eden regions: 1210->0(1210)
[8.713s][info][gc,heap     ] GC(9) Survivor regions: 18->18(154)
[8.713s][info][gc,heap     ] GC(9) Old regions: 50->50
[8.713s][info][gc,heap     ] GC(9) Archive regions: 2->2
[8.713s][info][gc,heap     ] GC(9) Humongous regions: 0->0
[8.713s][info][gc,metaspace] GC(9) Metaspace: 791K(896K)->791K(896K) NonClass: 737K(768K)->737K(768K) Class: 53K(128K)->53K(128K)
[8.713s][info][gc          ] GC(9) Pause Young (Normal) (G1 Evacuation Pause) 5115M->275M(8192M) 23.586ms
[8.713s][info][gc,cpu      ] GC(9) User=0.09s Sys=0.17s Real=0.02s
[13.409s][info][gc,start    ] GC(10) Pause Young (Normal) (G1 Evacuation Pause)
[13.409s][info][gc,task     ] GC(10) Using 13 workers of 13 for evacuation
[13.420s][info][gc,phases   ] GC(10)   Pre Evacuate Collection Set: 0.1ms
[13.420s][info][gc,phases   ] GC(10)   Merge Heap Roots: 0.1ms
[13.420s][info][gc,phases   ] GC(10)   Evacuate Collection Set: 9.5ms
[13.420s][info][gc,phases   ] GC(10)   Post Evacuate Collection Set: 1.1ms
[13.420s][info][gc,phases   ] GC(10)   Other: 0.2ms
[13.420s][info][gc,heap     ] GC(10) Eden regions: 1210->0(1210)
[13.420s][info][gc,heap     ] GC(10) Survivor regions: 18->18(154)
[13.420s][info][gc,heap     ] GC(10) Old regions: 50->50
[13.420s][info][gc,heap     ] GC(10) Archive regions: 2->2
[13.420s][info][gc,heap     ] GC(10) Humongous regions: 0->0
[13.420s][info][gc,metaspace] GC(10) Metaspace: 791K(896K)->791K(896K) NonClass: 737K(768K)->737K(768K) Class: 53K(128K)->53K(128K)
[13.421s][info][gc          ] GC(10) Pause Young (Normal) (G1 Evacuation Pause) 5115M->274M(8192M) 11.175ms
[13.421s][info][gc,cpu      ] GC(10) User=0.12s Sys=0.01s Real=0.01s
[18.130s][info][gc,start    ] GC(11) Pause Young (Normal) (G1 Evacuation Pause)
[18.130s][info][gc,task     ] GC(11) Using 13 workers of 13 for evacuation
[18.141s][info][gc,phases   ] GC(11)   Pre Evacuate Collection Set: 0.1ms
[18.141s][info][gc,phases   ] GC(11)   Merge Heap Roots: 0.1ms
[18.141s][info][gc,phases   ] GC(11)   Evacuate Collection Set: 9.7ms
[18.141s][info][gc,phases   ] GC(11)   Post Evacuate Collection Set: 1.1ms
[18.141s][info][gc,phases   ] GC(11)   Other: 0.2ms
[18.141s][info][gc,heap     ] GC(11) Eden regions: 1210->0(1210)
[18.141s][info][gc,heap     ] GC(11) Survivor regions: 18->18(154)
[18.141s][info][gc,heap     ] GC(11) Old regions: 50->50
[18.141s][info][gc,heap     ] GC(11) Archive regions: 2->2
[18.141s][info][gc,heap     ] GC(11) Humongous regions: 0->0
[18.141s][info][gc,metaspace] GC(11) Metaspace: 791K(896K)->791K(896K) NonClass: 737K(768K)->737K(768K) Class: 53K(128K)->53K(128K)
[18.141s][info][gc          ] GC(11) Pause Young (Normal) (G1 Evacuation Pause) 5114M->273M(8192M) 11.225ms
[18.141s][info][gc,cpu      ] GC(11) User=0.12s Sys=0.01s Real=0.01s
[22.859s][info][gc,start    ] GC(12) Pause Young (Normal) (G1 Evacuation Pause)
[22.859s][info][gc,task     ] GC(12) Using 13 workers of 13 for evacuation
[22.870s][info][gc,phases   ] GC(12)   Pre Evacuate Collection Set: 0.2ms
[22.870s][info][gc,phases   ] GC(12)   Merge Heap Roots: 0.3ms
[22.870s][info][gc,phases   ] GC(12)   Evacuate Collection Set: 9.3ms
[22.870s][info][gc,phases   ] GC(12)   Post Evacuate Collection Set: 1.0ms
[22.870s][info][gc,phases   ] GC(12)   Other: 0.2ms
[22.870s][info][gc,heap     ] GC(12) Eden regions: 1210->0(1210)
[22.870s][info][gc,heap     ] GC(12) Survivor regions: 18->18(154)
[22.870s][info][gc,heap     ] GC(12) Old regions: 50->50
[22.870s][info][gc,heap     ] GC(12) Archive regions: 2->2
[22.870s][info][gc,heap     ] GC(12) Humongous regions: 0->0
[22.870s][info][gc,metaspace] GC(12) Metaspace: 791K(896K)->791K(896K) NonClass: 737K(768K)->737K(768K) Class: 53K(128K)->53K(128K)
[22.870s][info][gc          ] GC(12) Pause Young (Normal) (G1 Evacuation Pause) 5113M->275M(8192M) 11.046ms
[22.870s][info][gc,cpu      ] GC(12) User=0.11s Sys=0.01s Real=0.01s
[27.578s][info][gc,start    ] GC(13) Pause Young (Normal) (G1 Evacuation Pause)
[27.578s][info][gc,task     ] GC(13) Using 13 workers of 13 for evacuation
[27.589s][info][gc,phases   ] GC(13)   Pre Evacuate Collection Set: 0.1ms
[27.589s][info][gc,phases   ] GC(13)   Merge Heap Roots: 0.1ms
[27.589s][info][gc,phases   ] GC(13)   Evacuate Collection Set: 9.8ms
[27.589s][info][gc,phases   ] GC(13)   Post Evacuate Collection Set: 1.1ms
[27.589s][info][gc,phases   ] GC(13)   Other: 0.2ms
[27.589s][info][gc,heap     ] GC(13) Eden regions: 1210->0(1210)
[27.589s][info][gc,heap     ] GC(13) Survivor regions: 18->18(154)
[27.589s][info][gc,heap     ] GC(13) Old regions: 50->50
[27.589s][info][gc,heap     ] GC(13) Archive regions: 2->2
[27.589s][info][gc,heap     ] GC(13) Humongous regions: 0->0
[27.590s][info][gc,metaspace] GC(13) Metaspace: 791K(896K)->791K(896K) NonClass: 737K(768K)->737K(768K) Class: 53K(128K)->53K(128K)
[27.590s][info][gc          ] GC(13) Pause Young (Normal) (G1 Evacuation Pause) 5115M->272M(8192M) 11.418ms
[27.590s][info][gc,cpu      ] GC(13) User=0.11s Sys=0.01s Real=0.01s
[32.300s][info][gc,start    ] GC(14) Pause Young (Normal) (G1 Evacuation Pause)
[32.300s][info][gc,task     ] GC(14) Using 13 workers of 13 for evacuation
[32.311s][info][gc,phases   ] GC(14)   Pre Evacuate Collection Set: 0.1ms
[32.311s][info][gc,phases   ] GC(14)   Merge Heap Roots: 0.3ms
[32.311s][info][gc,phases   ] GC(14)   Evacuate Collection Set: 9.4ms
[32.311s][info][gc,phases   ] GC(14)   Post Evacuate Collection Set: 1.0ms
[32.311s][info][gc,phases   ] GC(14)   Other: 0.3ms
[32.311s][info][gc,heap     ] GC(14) Eden regions: 1210->0(1210)
[32.311s][info][gc,heap     ] GC(14) Survivor regions: 18->18(154)
[32.311s][info][gc,heap     ] GC(14) Old regions: 50->50
[32.311s][info][gc,heap     ] GC(14) Archive regions: 2->2
[32.311s][info][gc,heap     ] GC(14) Humongous regions: 0->0
[32.311s][info][gc,metaspace] GC(14) Metaspace: 791K(896K)->791K(896K) NonClass: 737K(768K)->737K(768K) Class: 53K(128K)->53K(128K)
[32.311s][info][gc          ] GC(14) Pause Young (Normal) (G1 Evacuation Pause) 5112M->274M(8192M) 11.179ms
[32.311s][info][gc,cpu      ] GC(14) User=0.12s Sys=0.01s Real=0.01s
[37.019s][info][gc,start    ] GC(15) Pause Young (Normal) (G1 Evacuation Pause)
[37.019s][info][gc,task     ] GC(15) Using 13 workers of 13 for evacuation
[37.030s][info][gc,phases   ] GC(15)   Pre Evacuate Collection Set: 0.1ms
[37.030s][info][gc,phases   ] GC(15)   Merge Heap Roots: 0.2ms
[37.030s][info][gc,phases   ] GC(15)   Evacuate Collection Set: 9.0ms
[37.030s][info][gc,phases   ] GC(15)   Post Evacuate Collection Set: 1.0ms
[37.030s][info][gc,phases   ] GC(15)   Other: 0.2ms
[37.030s][info][gc,heap     ] GC(15) Eden regions: 1210->0(1210)
[37.030s][info][gc,heap     ] GC(15) Survivor regions: 18->18(154)
[37.030s][info][gc,heap     ] GC(15) Old regions: 50->50
[37.030s][info][gc,heap     ] GC(15) Archive regions: 2->2
[37.030s][info][gc,heap     ] GC(15) Humongous regions: 0->0
[37.030s][info][gc,metaspace] GC(15) Metaspace: 791K(896K)->791K(896K) NonClass: 737K(768K)->737K(768K) Class: 53K(128K)->53K(128K)
[37.030s][info][gc          ] GC(15) Pause Young (Normal) (G1 Evacuation Pause) 5114M->275M(8192M) 10.582ms
[37.030s][info][gc,cpu      ] GC(15) User=0.11s Sys=0.01s Real=0.01s
[41.748s][info][gc,start    ] GC(16) Pause Young (Normal) (G1 Evacuation Pause)
[41.748s][info][gc,task     ] GC(16) Using 13 workers of 13 for evacuation
[41.759s][info][gc,phases   ] GC(16)   Pre Evacuate Collection Set: 0.1ms
[41.759s][info][gc,phases   ] GC(16)   Merge Heap Roots: 0.2ms
[41.759s][info][gc,phases   ] GC(16)   Evacuate Collection Set: 9.1ms
[41.759s][info][gc,phases   ] GC(16)   Post Evacuate Collection Set: 1.1ms
[41.759s][info][gc,phases   ] GC(16)   Other: 0.2ms
[41.759s][info][gc,heap     ] GC(16) Eden regions: 1210->0(1210)
[41.759s][info][gc,heap     ] GC(16) Survivor regions: 18->18(154)
[41.759s][info][gc,heap     ] GC(16) Old regions: 50->50
[41.759s][info][gc,heap     ] GC(16) Archive regions: 2->2
[41.759s][info][gc,heap     ] GC(16) Humongous regions: 0->0
[41.759s][info][gc,metaspace] GC(16) Metaspace: 791K(896K)->791K(896K) NonClass: 737K(768K)->737K(768K) Class: 53K(128K)->53K(128K)
[41.759s][info][gc          ] GC(16) Pause Young (Normal) (G1 Evacuation Pause) 5115M->274M(8192M) 10.863ms
[41.759s][info][gc,cpu      ] GC(16) User=0.11s Sys=0.00s Real=0.01s
[46.468s][info][gc,start    ] GC(17) Pause Young (Normal) (G1 Evacuation Pause)
[46.468s][info][gc,task     ] GC(17) Using 13 workers of 13 for evacuation
[46.479s][info][gc,phases   ] GC(17)   Pre Evacuate Collection Set: 0.1ms
[46.479s][info][gc,phases   ] GC(17)   Merge Heap Roots: 0.2ms
[46.479s][info][gc,phases   ] GC(17)   Evacuate Collection Set: 9.0ms
[46.479s][info][gc,phases   ] GC(17)   Post Evacuate Collection Set: 1.0ms
[46.479s][info][gc,phases   ] GC(17)   Other: 0.2ms
[46.479s][info][gc,heap     ] GC(17) Eden regions: 1210->0(1210)
[46.479s][info][gc,heap     ] GC(17) Survivor regions: 18->18(154)
[46.479s][info][gc,heap     ] GC(17) Old regions: 50->50
[46.479s][info][gc,heap     ] GC(17) Archive regions: 2->2
[46.479s][info][gc,heap     ] GC(17) Humongous regions: 0->0
[46.479s][info][gc,metaspace] GC(17) Metaspace: 791K(896K)->791K(896K) NonClass: 737K(768K)->737K(768K) Class: 53K(128K)->53K(128K)
[46.479s][info][gc          ] GC(17) Pause Young (Normal) (G1 Evacuation Pause) 5114M->275M(8192M) 10.681ms
[46.479s][info][gc,cpu      ] GC(17) User=0.11s Sys=0.01s Real=0.01s
[51.188s][info][gc,start    ] GC(18) Pause Young (Normal) (G1 Evacuation Pause)
[51.189s][info][gc,task     ] GC(18) Using 13 workers of 13 for evacuation
[51.199s][info][gc,phases   ] GC(18)   Pre Evacuate Collection Set: 0.2ms
[51.200s][info][gc,phases   ] GC(18)   Merge Heap Roots: 0.3ms
[51.200s][info][gc,phases   ] GC(18)   Evacuate Collection Set: 9.4ms
[51.200s][info][gc,phases   ] GC(18)   Post Evacuate Collection Set: 1.0ms
[51.200s][info][gc,phases   ] GC(18)   Other: 0.2ms
[51.200s][info][gc,heap     ] GC(18) Eden regions: 1210->0(1210)
[51.200s][info][gc,heap     ] GC(18) Survivor regions: 18->18(154)
[51.200s][info][gc,heap     ] GC(18) Old regions: 50->50
[51.200s][info][gc,heap     ] GC(18) Archive regions: 2->2
[51.200s][info][gc,heap     ] GC(18) Humongous regions: 0->0
[51.200s][info][gc,metaspace] GC(18) Metaspace: 791K(896K)->791K(896K) NonClass: 737K(768K)->737K(768K) Class: 53K(128K)->53K(128K)
[51.200s][info][gc          ] GC(18) Pause Young (Normal) (G1 Evacuation Pause) 5115M->274M(8192M) 11.188ms
[51.200s][info][gc,cpu      ] GC(18) User=0.11s Sys=0.01s Real=0.01s
[55.910s][info][gc,start    ] GC(19) Pause Young (Normal) (G1 Evacuation Pause)
[55.910s][info][gc,task     ] GC(19) Using 13 workers of 13 for evacuation
[55.920s][info][gc,phases   ] GC(19)   Pre Evacuate Collection Set: 0.1ms
[55.920s][info][gc,phases   ] GC(19)   Merge Heap Roots: 0.2ms
[55.920s][info][gc,phases   ] GC(19)   Evacuate Collection Set: 8.8ms
[55.920s][info][gc,phases   ] GC(19)   Post Evacuate Collection Set: 1.0ms
[55.920s][info][gc,phases   ] GC(19)   Other: 0.2ms
[55.920s][info][gc,heap     ] GC(19) Eden regions: 1210->0(1210)
[55.920s][info][gc,heap     ] GC(19) Survivor regions: 18->18(154)
[55.920s][info][gc,heap     ] GC(19) Old regions: 50->50
[55.920s][info][gc,heap     ] GC(19) Archive regions: 2->2
[55.920s][info][gc,heap     ] GC(19) Humongous regions: 0->0
[55.920s][info][gc,metaspace] GC(19) Metaspace: 791K(896K)->791K(896K) NonClass: 737K(768K)->737K(768K) Class: 53K(128K)->53K(128K)
[55.920s][info][gc          ] GC(19) Pause Young (Normal) (G1 Evacuation Pause) 5114M->275M(8192M) 10.390ms
[55.920s][info][gc,cpu      ] GC(19) User=0.11s Sys=0.00s Real=0.01s
[60.630s][info][gc,start    ] GC(20) Pause Young (Normal) (G1 Evacuation Pause)
[60.630s][info][gc,task     ] GC(20) Using 13 workers of 13 for evacuation
[60.641s][info][gc,phases   ] GC(20)   Pre Evacuate Collection Set: 0.1ms
[60.641s][info][gc,phases   ] GC(20)   Merge Heap Roots: 0.2ms
[60.641s][info][gc,phases   ] GC(20)   Evacuate Collection Set: 9.7ms
[60.641s][info][gc,phases   ] GC(20)   Post Evacuate Collection Set: 1.0ms
[60.642s][info][gc,phases   ] GC(20)   Other: 0.2ms
[60.642s][info][gc,heap     ] GC(20) Eden regions: 1210->0(1210)
[60.642s][info][gc,heap     ] GC(20) Survivor regions: 18->18(154)
[60.642s][info][gc,heap     ] GC(20) Old regions: 50->50
[60.642s][info][gc,heap     ] GC(20) Archive regions: 2->2
[60.642s][info][gc,heap     ] GC(20) Humongous regions: 0->0
[60.642s][info][gc,metaspace] GC(20) Metaspace: 791K(896K)->791K(896K) NonClass: 737K(768K)->737K(768K) Class: 53K(128K)->53K(128K)
[60.642s][info][gc          ] GC(20) Pause Young (Normal) (G1 Evacuation Pause) 5115M->273M(8192M) 11.396ms
[60.642s][info][gc,cpu      ] GC(20) User=0.12s Sys=0.01s Real=0.01s
[65.358s][info][gc,start    ] GC(21) Pause Young (Normal) (G1 Evacuation Pause)
[65.358s][info][gc,task     ] GC(21) Using 13 workers of 13 for evacuation
[65.369s][info][gc,phases   ] GC(21)   Pre Evacuate Collection Set: 0.1ms
[65.369s][info][gc,phases   ] GC(21)   Merge Heap Roots: 0.2ms
[65.369s][info][gc,phases   ] GC(21)   Evacuate Collection Set: 9.7ms
[65.369s][info][gc,phases   ] GC(21)   Post Evacuate Collection Set: 1.0ms
[65.370s][info][gc,phases   ] GC(21)   Other: 0.2ms
[65.370s][info][gc,heap     ] GC(21) Eden regions: 1210->0(1210)
[65.370s][info][gc,heap     ] GC(21) Survivor regions: 18->18(154)
[65.370s][info][gc,heap     ] GC(21) Old regions: 50->50
[65.370s][info][gc,heap     ] GC(21) Archive regions: 2->2
[65.370s][info][gc,heap     ] GC(21) Humongous regions: 0->0
[65.370s][info][gc,metaspace] GC(21) Metaspace: 791K(896K)->791K(896K) NonClass: 737K(768K)->737K(768K) Class: 53K(128K)->53K(128K)
[65.370s][info][gc          ] GC(21) Pause Young (Normal) (G1 Evacuation Pause) 5113M->275M(8192M) 11.518ms
[65.370s][info][gc,cpu      ] GC(21) User=0.12s Sys=0.01s Real=0.01s
[70.078s][info][gc,start    ] GC(22) Pause Young (Normal) (G1 Evacuation Pause)
[70.078s][info][gc,task     ] GC(22) Using 13 workers of 13 for evacuation
[70.089s][info][gc,phases   ] GC(22)   Pre Evacuate Collection Set: 0.1ms
[70.089s][info][gc,phases   ] GC(22)   Merge Heap Roots: 0.1ms
[70.089s][info][gc,phases   ] GC(22)   Evacuate Collection Set: 9.2ms
[70.089s][info][gc,phases   ] GC(22)   Post Evacuate Collection Set: 1.1ms
[70.089s][info][gc,phases   ] GC(22)   Other: 0.1ms
[70.089s][info][gc,heap     ] GC(22) Eden regions: 1210->0(1210)
[70.089s][info][gc,heap     ] GC(22) Survivor regions: 18->18(154)
[70.089s][info][gc,heap     ] GC(22) Old regions: 50->51
[70.089s][info][gc,heap     ] GC(22) Archive regions: 2->2
[70.089s][info][gc,heap     ] GC(22) Humongous regions: 0->0
[70.089s][info][gc,metaspace] GC(22) Metaspace: 791K(896K)->791K(896K) NonClass: 737K(768K)->737K(768K) Class: 53K(128K)->53K(128K)
[70.089s][info][gc          ] GC(22) Pause Young (Normal) (G1 Evacuation Pause) 5115M->275M(8192M) 10.742ms
[70.089s][info][gc,cpu      ] GC(22) User=0.11s Sys=0.01s Real=0.01s
[74.799s][info][gc,start    ] GC(23) Pause Young (Normal) (G1 Evacuation Pause)
[74.799s][info][gc,task     ] GC(23) Using 13 workers of 13 for evacuation
[74.811s][info][gc,phases   ] GC(23)   Pre Evacuate Collection Set: 0.2ms
[74.811s][info][gc,phases   ] GC(23)   Merge Heap Roots: 0.3ms
[74.811s][info][gc,phases   ] GC(23)   Evacuate Collection Set: 10.0ms
[74.811s][info][gc,phases   ] GC(23)   Post Evacuate Collection Set: 1.1ms
[74.811s][info][gc,phases   ] GC(23)   Other: 0.2ms
[74.811s][info][gc,heap     ] GC(23) Eden regions: 1210->0(1209)
[74.811s][info][gc,heap     ] GC(23) Survivor regions: 18->19(154)
[74.811s][info][gc,heap     ] GC(23) Old regions: 51->51
[74.811s][info][gc,heap     ] GC(23) Archive regions: 2->2
[74.811s][info][gc,heap     ] GC(23) Humongous regions: 0->0
[74.811s][info][gc,metaspace] GC(23) Metaspace: 791K(896K)->791K(896K) NonClass: 737K(768K)->737K(768K) Class: 53K(128K)->53K(128K)
[74.811s][info][gc          ] GC(23) Pause Young (Normal) (G1 Evacuation Pause) 5115M->276M(8192M) 11.797ms
[74.811s][info][gc,cpu      ] GC(23) User=0.12s Sys=0.01s Real=0.01s
[79.519s][info][gc,start    ] GC(24) Pause Young (Normal) (G1 Evacuation Pause)
[79.519s][info][gc,task     ] GC(24) Using 13 workers of 13 for evacuation
[79.529s][info][gc,phases   ] GC(24)   Pre Evacuate Collection Set: 0.1ms
[79.529s][info][gc,phases   ] GC(24)   Merge Heap Roots: 0.2ms
[79.529s][info][gc,phases   ] GC(24)   Evacuate Collection Set: 9.2ms
[79.529s][info][gc,phases   ] GC(24)   Post Evacuate Collection Set: 1.0ms
[79.529s][info][gc,phases   ] GC(24)   Other: 0.2ms
[79.529s][info][gc,heap     ] GC(24) Eden regions: 1209->0(1209)
[79.529s][info][gc,heap     ] GC(24) Survivor regions: 19->19(154)
[79.529s][info][gc,heap     ] GC(24) Old regions: 51->51
[79.529s][info][gc,heap     ] GC(24) Archive regions: 2->2
[79.529s][info][gc,heap     ] GC(24) Humongous regions: 0->0
[79.529s][info][gc,metaspace] GC(24) Metaspace: 791K(896K)->791K(896K) NonClass: 737K(768K)->737K(768K) Class: 53K(128K)->53K(128K)
[79.529s][info][gc          ] GC(24) Pause Young (Normal) (G1 Evacuation Pause) 5112M->276M(8192M) 10.783ms
[79.529s][info][gc,cpu      ] GC(24) User=0.12s Sys=0.01s Real=0.01s
[84.230s][info][gc,start    ] GC(25) Pause Young (Normal) (G1 Evacuation Pause)
[84.230s][info][gc,task     ] GC(25) Using 13 workers of 13 for evacuation
[84.241s][info][gc,phases   ] GC(25)   Pre Evacuate Collection Set: 0.1ms
[84.241s][info][gc,phases   ] GC(25)   Merge Heap Roots: 0.2ms
[84.241s][info][gc,phases   ] GC(25)   Evacuate Collection Set: 9.6ms
[84.241s][info][gc,phases   ] GC(25)   Post Evacuate Collection Set: 1.0ms
[84.241s][info][gc,phases   ] GC(25)   Other: 0.2ms
[84.241s][info][gc,heap     ] GC(25) Eden regions: 1209->0(1210)
[84.241s][info][gc,heap     ] GC(25) Survivor regions: 19->18(154)
[84.241s][info][gc,heap     ] GC(25) Old regions: 51->51
[84.241s][info][gc,heap     ] GC(25) Archive regions: 2->2
[84.241s][info][gc,heap     ] GC(25) Humongous regions: 0->0
[84.241s][info][gc,metaspace] GC(25) Metaspace: 791K(896K)->791K(896K) NonClass: 737K(768K)->737K(768K) Class: 53K(128K)->53K(128K)
[84.241s][info][gc          ] GC(25) Pause Young (Normal) (G1 Evacuation Pause) 5112M->275M(8192M) 11.350ms
[84.241s][info][gc,cpu      ] GC(25) User=0.12s Sys=0.01s Real=0.01s
[88.958s][info][gc,start    ] GC(26) Pause Young (Normal) (G1 Evacuation Pause)
[88.958s][info][gc,task     ] GC(26) Using 13 workers of 13 for evacuation
[88.969s][info][gc,phases   ] GC(26)   Pre Evacuate Collection Set: 0.1ms
[88.969s][info][gc,phases   ] GC(26)   Merge Heap Roots: 0.2ms
[88.969s][info][gc,phases   ] GC(26)   Evacuate Collection Set: 9.5ms
[88.969s][info][gc,phases   ] GC(26)   Post Evacuate Collection Set: 1.0ms
[88.969s][info][gc,phases   ] GC(26)   Other: 0.2ms
[88.969s][info][gc,heap     ] GC(26) Eden regions: 1210->0(1210)
[88.969s][info][gc,heap     ] GC(26) Survivor regions: 18->18(154)
[88.969s][info][gc,heap     ] GC(26) Old regions: 51->51
[88.969s][info][gc,heap     ] GC(26) Archive regions: 2->2
[88.969s][info][gc,heap     ] GC(26) Humongous regions: 0->0
[88.969s][info][gc,metaspace] GC(26) Metaspace: 791K(896K)->791K(896K) NonClass: 737K(768K)->737K(768K) Class: 53K(128K)->53K(128K)
[88.969s][info][gc          ] GC(26) Pause Young (Normal) (G1 Evacuation Pause) 5115M->275M(8192M) 11.214ms
[88.969s][info][gc,cpu      ] GC(26) User=0.12s Sys=0.01s Real=0.01s
[93.679s][info][gc,start    ] GC(27) Pause Young (Normal) (G1 Evacuation Pause)
[93.679s][info][gc,task     ] GC(27) Using 13 workers of 13 for evacuation
[93.690s][info][gc,phases   ] GC(27)   Pre Evacuate Collection Set: 0.2ms
[93.690s][info][gc,phases   ] GC(27)   Merge Heap Roots: 0.3ms
[93.690s][info][gc,phases   ] GC(27)   Evacuate Collection Set: 9.4ms
[93.690s][info][gc,phases   ] GC(27)   Post Evacuate Collection Set: 1.0ms
[93.690s][info][gc,phases   ] GC(27)   Other: 0.2ms
[93.690s][info][gc,heap     ] GC(27) Eden regions: 1210->0(1209)
[93.690s][info][gc,heap     ] GC(27) Survivor regions: 18->19(154)
[93.690s][info][gc,heap     ] GC(27) Old regions: 51->51
[93.690s][info][gc,heap     ] GC(27) Archive regions: 2->2
[93.690s][info][gc,heap     ] GC(27) Humongous regions: 0->0
[93.690s][info][gc,metaspace] GC(27) Metaspace: 791K(896K)->791K(896K) NonClass: 737K(768K)->737K(768K) Class: 53K(128K)->53K(128K)
[93.690s][info][gc          ] GC(27) Pause Young (Normal) (G1 Evacuation Pause) 5115M->278M(8192M) 11.231ms
[93.690s][info][gc,cpu      ] GC(27) User=0.11s Sys=0.00s Real=0.01s
[98.390s][info][gc,start    ] GC(28) Pause Young (Normal) (G1 Evacuation Pause)
[98.390s][info][gc,task     ] GC(28) Using 13 workers of 13 for evacuation
[98.401s][info][gc,phases   ] GC(28)   Pre Evacuate Collection Set: 0.1ms
[98.401s][info][gc,phases   ] GC(28)   Merge Heap Roots: 0.2ms
[98.401s][info][gc,phases   ] GC(28)   Evacuate Collection Set: 9.5ms
[98.401s][info][gc,phases   ] GC(28)   Post Evacuate Collection Set: 1.0ms
[98.401s][info][gc,phases   ] GC(28)   Other: 0.2ms
[98.401s][info][gc,heap     ] GC(28) Eden regions: 1209->0(1209)
[98.401s][info][gc,heap     ] GC(28) Survivor regions: 19->19(154)
[98.401s][info][gc,heap     ] GC(28) Old regions: 51->51
[98.401s][info][gc,heap     ] GC(28) Archive regions: 2->2
[98.401s][info][gc,heap     ] GC(28) Humongous regions: 0->0
[98.401s][info][gc,metaspace] GC(28) Metaspace: 791K(896K)->791K(896K) NonClass: 737K(768K)->737K(768K) Class: 53K(128K)->53K(128K)
[98.401s][info][gc          ] GC(28) Pause Young (Normal) (G1 Evacuation Pause) 5114M->276M(8192M) 11.256ms
[98.401s][info][gc,cpu      ] GC(28) User=0.11s Sys=0.01s Real=0.01s
[103.110s][info][gc,start    ] GC(29) Pause Young (Normal) (G1 Evacuation Pause)
[103.110s][info][gc,task     ] GC(29) Using 13 workers of 13 for evacuation
[103.121s][info][gc,phases   ] GC(29)   Pre Evacuate Collection Set: 0.2ms
[103.121s][info][gc,phases   ] GC(29)   Merge Heap Roots: 0.3ms
[103.121s][info][gc,phases   ] GC(29)   Evacuate Collection Set: 9.3ms
[103.121s][info][gc,phases   ] GC(29)   Post Evacuate Collection Set: 1.0ms
[103.121s][info][gc,phases   ] GC(29)   Other: 0.2ms
[103.121s][info][gc,heap     ] GC(29) Eden regions: 1209->0(1210)
[103.121s][info][gc,heap     ] GC(29) Survivor regions: 19->18(154)
[103.121s][info][gc,heap     ] GC(29) Old regions: 51->51
[103.121s][info][gc,heap     ] GC(29) Archive regions: 2->2
[103.121s][info][gc,heap     ] GC(29) Humongous regions: 0->0
[103.121s][info][gc,metaspace] GC(29) Metaspace: 791K(896K)->791K(896K) NonClass: 737K(768K)->737K(768K) Class: 53K(128K)->53K(128K)
[103.121s][info][gc          ] GC(29) Pause Young (Normal) (G1 Evacuation Pause) 5112M->275M(8192M) 11.156ms
[103.121s][info][gc,cpu      ] GC(29) User=0.12s Sys=0.00s Real=0.01s
[107.829s][info][gc,start    ] GC(30) Pause Young (Normal) (G1 Evacuation Pause)
[107.829s][info][gc,task     ] GC(30) Using 13 workers of 13 for evacuation
[107.840s][info][gc,phases   ] GC(30)   Pre Evacuate Collection Set: 0.1ms
[107.840s][info][gc,phases   ] GC(30)   Merge Heap Roots: 0.1ms
[107.840s][info][gc,phases   ] GC(30)   Evacuate Collection Set: 9.4ms
[107.840s][info][gc,phases   ] GC(30)   Post Evacuate Collection Set: 1.0ms
[107.840s][info][gc,phases   ] GC(30)   Other: 0.2ms
[107.840s][info][gc,heap     ] GC(30) Eden regions: 1210->0(1210)
[107.840s][info][gc,heap     ] GC(30) Survivor regions: 18->18(154)
[107.840s][info][gc,heap     ] GC(30) Old regions: 51->51
[107.840s][info][gc,heap     ] GC(30) Archive regions: 2->2
[107.840s][info][gc,heap     ] GC(30) Humongous regions: 0->0
[107.840s][info][gc,metaspace] GC(30) Metaspace: 791K(896K)->791K(896K) NonClass: 737K(768K)->737K(768K) Class: 53K(128K)->53K(128K)
[107.840s][info][gc          ] GC(30) Pause Young (Normal) (G1 Evacuation Pause) 5115M->275M(8192M) 11.007ms
[107.840s][info][gc,cpu      ] GC(30) User=0.12s Sys=0.01s Real=0.01s
[112.558s][info][gc,start    ] GC(31) Pause Young (Normal) (G1 Evacuation Pause)
[112.558s][info][gc,task     ] GC(31) Using 13 workers of 13 for evacuation
[112.568s][info][gc,phases   ] GC(31)   Pre Evacuate Collection Set: 0.1ms
[112.568s][info][gc,phases   ] GC(31)   Merge Heap Roots: 0.2ms
[112.568s][info][gc,phases   ] GC(31)   Evacuate Collection Set: 8.7ms
[112.568s][info][gc,phases   ] GC(31)   Post Evacuate Collection Set: 1.0ms
[112.568s][info][gc,phases   ] GC(31)   Other: 0.2ms
[112.568s][info][gc,heap     ] GC(31) Eden regions: 1210->0(1209)
[112.568s][info][gc,heap     ] GC(31) Survivor regions: 18->19(154)
[112.568s][info][gc,heap     ] GC(31) Old regions: 51->51
[112.568s][info][gc,heap     ] GC(31) Archive regions: 2->2
[112.568s][info][gc,heap     ] GC(31) Humongous regions: 0->0
[112.568s][info][gc,metaspace] GC(31) Metaspace: 791K(896K)->791K(896K) NonClass: 737K(768K)->737K(768K) Class: 53K(128K)->53K(128K)
[112.568s][info][gc          ] GC(31) Pause Young (Normal) (G1 Evacuation Pause) 5115M->276M(8192M) 10.234ms
[112.568s][info][gc,cpu      ] GC(31) User=0.11s Sys=0.01s Real=0.01s
[117.269s][info][gc,start    ] GC(32) Pause Young (Normal) (G1 Evacuation Pause)
[117.269s][info][gc,task     ] GC(32) Using 13 workers of 13 for evacuation
[117.281s][info][gc,phases   ] GC(32)   Pre Evacuate Collection Set: 0.1ms
[117.281s][info][gc,phases   ] GC(32)   Merge Heap Roots: 0.1ms
[117.281s][info][gc,phases   ] GC(32)   Evacuate Collection Set: 10.0ms
[117.281s][info][gc,phases   ] GC(32)   Post Evacuate Collection Set: 1.2ms
[117.281s][info][gc,phases   ] GC(32)   Other: 0.2ms
[117.281s][info][gc,heap     ] GC(32) Eden regions: 1209->0(1209)
[117.281s][info][gc,heap     ] GC(32) Survivor regions: 19->19(154)
[117.281s][info][gc,heap     ] GC(32) Old regions: 51->51
[117.281s][info][gc,heap     ] GC(32) Archive regions: 2->2
[117.281s][info][gc,heap     ] GC(32) Humongous regions: 0->0
[117.281s][info][gc,metaspace] GC(32) Metaspace: 791K(896K)->791K(896K) NonClass: 737K(768K)->737K(768K) Class: 53K(128K)->53K(128K)
[117.281s][info][gc          ] GC(32) Pause Young (Normal) (G1 Evacuation Pause) 5112M->276M(8192M) 11.770ms
[117.281s][info][gc,cpu      ] GC(32) User=0.12s Sys=0.01s Real=0.01s
[121.988s][info][gc,start    ] GC(33) Pause Young (Normal) (G1 Evacuation Pause)
[121.988s][info][gc,task     ] GC(33) Using 13 workers of 13 for evacuation
[122.000s][info][gc,phases   ] GC(33)   Pre Evacuate Collection Set: 0.1ms
[122.000s][info][gc,phases   ] GC(33)   Merge Heap Roots: 0.2ms
[122.000s][info][gc,phases   ] GC(33)   Evacuate Collection Set: 9.9ms
[122.000s][info][gc,phases   ] GC(33)   Post Evacuate Collection Set: 1.1ms
[122.000s][info][gc,phases   ] GC(33)   Other: 0.2ms
[122.000s][info][gc,heap     ] GC(33) Eden regions: 1209->0(1210)
[122.000s][info][gc,heap     ] GC(33) Survivor regions: 19->18(154)
[122.000s][info][gc,heap     ] GC(33) Old regions: 51->51
[122.000s][info][gc,heap     ] GC(33) Archive regions: 2->2
[122.000s][info][gc,heap     ] GC(33) Humongous regions: 0->0
[122.000s][info][gc,metaspace] GC(33) Metaspace: 791K(896K)->791K(896K) NonClass: 737K(768K)->737K(768K) Class: 53K(128K)->53K(128K)
[122.000s][info][gc          ] GC(33) Pause Young (Normal) (G1 Evacuation Pause) 5112M->275M(8192M) 11.659ms
[122.000s][info][gc,cpu      ] GC(33) User=0.12s Sys=0.01s Real=0.01s
[126.708s][info][gc,start    ] GC(34) Pause Young (Normal) (G1 Evacuation Pause)
[126.708s][info][gc,task     ] GC(34) Using 13 workers of 13 for evacuation
[126.720s][info][gc,phases   ] GC(34)   Pre Evacuate Collection Set: 0.1ms
[126.720s][info][gc,phases   ] GC(34)   Merge Heap Roots: 0.2ms
[126.720s][info][gc,phases   ] GC(34)   Evacuate Collection Set: 10.4ms
[126.720s][info][gc,phases   ] GC(34)   Post Evacuate Collection Set: 1.0ms
[126.720s][info][gc,phases   ] GC(34)   Other: 0.2ms
[126.720s][info][gc,heap     ] GC(34) Eden regions: 1210->0(1210)
[126.720s][info][gc,heap     ] GC(34) Survivor regions: 18->18(154)
[126.720s][info][gc,heap     ] GC(34) Old regions: 51->51
[126.720s][info][gc,heap     ] GC(34) Archive regions: 2->2
[126.720s][info][gc,heap     ] GC(34) Humongous regions: 0->0
[126.720s][info][gc,metaspace] GC(34) Metaspace: 791K(896K)->791K(896K) NonClass: 737K(768K)->737K(768K) Class: 53K(128K)->53K(128K)
[126.720s][info][gc          ] GC(34) Pause Young (Normal) (G1 Evacuation Pause) 5115M->275M(8192M) 11.978ms
[126.720s][info][gc,cpu      ] GC(34) User=0.12s Sys=0.01s Real=0.01s
[131.429s][info][gc,start    ] GC(35) Pause Young (Normal) (G1 Evacuation Pause)
[131.429s][info][gc,task     ] GC(35) Using 13 workers of 13 for evacuation
[131.440s][info][gc,phases   ] GC(35)   Pre Evacuate Collection Set: 0.1ms
[131.440s][info][gc,phases   ] GC(35)   Merge Heap Roots: 0.1ms
[131.440s][info][gc,phases   ] GC(35)   Evacuate Collection Set: 9.5ms
[131.440s][info][gc,phases   ] GC(35)   Post Evacuate Collection Set: 1.0ms
[131.440s][info][gc,phases   ] GC(35)   Other: 0.1ms
[131.440s][info][gc,heap     ] GC(35) Eden regions: 1210->0(1209)
[131.440s][info][gc,heap     ] GC(35) Survivor regions: 18->19(154)
[131.440s][info][gc,heap     ] GC(35) Old regions: 51->51
[131.440s][info][gc,heap     ] GC(35) Archive regions: 2->2
[131.440s][info][gc,heap     ] GC(35) Humongous regions: 0->0
[131.440s][info][gc,metaspace] GC(35) Metaspace: 791K(896K)->791K(896K) NonClass: 737K(768K)->737K(768K) Class: 53K(128K)->53K(128K)
[131.440s][info][gc          ] GC(35) Pause Young (Normal) (G1 Evacuation Pause) 5115M->278M(8192M) 11.059ms
[131.440s][info][gc,cpu      ] GC(35) User=0.12s Sys=0.01s Real=0.01s
[136.149s][info][gc,start    ] GC(36) Pause Young (Normal) (G1 Evacuation Pause)
[136.149s][info][gc,task     ] GC(36) Using 13 workers of 13 for evacuation
[136.161s][info][gc,phases   ] GC(36)   Pre Evacuate Collection Set: 0.1ms
[136.161s][info][gc,phases   ] GC(36)   Merge Heap Roots: 0.2ms
[136.161s][info][gc,phases   ] GC(36)   Evacuate Collection Set: 10.6ms
[136.161s][info][gc,phases   ] GC(36)   Post Evacuate Collection Set: 1.0ms
[136.161s][info][gc,phases   ] GC(36)   Other: 0.2ms
[136.161s][info][gc,heap     ] GC(36) Eden regions: 1209->0(1209)
[136.161s][info][gc,heap     ] GC(36) Survivor regions: 19->19(154)
[136.161s][info][gc,heap     ] GC(36) Old regions: 51->51
[136.161s][info][gc,heap     ] GC(36) Archive regions: 2->2
[136.161s][info][gc,heap     ] GC(36) Humongous regions: 0->0
[136.161s][info][gc,metaspace] GC(36) Metaspace: 791K(896K)->791K(896K) NonClass: 737K(768K)->737K(768K) Class: 53K(128K)->53K(128K)
[136.161s][info][gc          ] GC(36) Pause Young (Normal) (G1 Evacuation Pause) 5114M->279M(8192M) 12.275ms
[136.161s][info][gc,cpu      ] GC(36) User=0.11s Sys=0.02s Real=0.02s
[140.860s][info][gc,start    ] GC(37) Pause Young (Normal) (G1 Evacuation Pause)
[140.861s][info][gc,task     ] GC(37) Using 13 workers of 13 for evacuation
[140.872s][info][gc,phases   ] GC(37)   Pre Evacuate Collection Set: 0.1ms
[140.872s][info][gc,phases   ] GC(37)   Merge Heap Roots: 0.2ms
[140.872s][info][gc,phases   ] GC(37)   Evacuate Collection Set: 9.6ms
[140.872s][info][gc,phases   ] GC(37)   Post Evacuate Collection Set: 1.0ms
[140.872s][info][gc,phases   ] GC(37)   Other: 0.2ms
[140.872s][info][gc,heap     ] GC(37) Eden regions: 1209->0(1210)
[140.872s][info][gc,heap     ] GC(37) Survivor regions: 19->18(154)
[140.872s][info][gc,heap     ] GC(37) Old regions: 51->51
[140.872s][info][gc,heap     ] GC(37) Archive regions: 2->2
[140.872s][info][gc,heap     ] GC(37) Humongous regions: 0->0
[140.872s][info][gc,metaspace] GC(37) Metaspace: 791K(896K)->791K(896K) NonClass: 737K(768K)->737K(768K) Class: 53K(128K)->53K(128K)
[140.872s][info][gc          ] GC(37) Pause Young (Normal) (G1 Evacuation Pause) 5115M->277M(8192M) 11.223ms
[140.872s][info][gc,cpu      ] GC(37) User=0.11s Sys=0.01s Real=0.01s
[145.589s][info][gc,start    ] GC(38) Pause Young (Normal) (G1 Evacuation Pause)
[145.589s][info][gc,task     ] GC(38) Using 13 workers of 13 for evacuation
[145.601s][info][gc,phases   ] GC(38)   Pre Evacuate Collection Set: 0.2ms
[145.601s][info][gc,phases   ] GC(38)   Merge Heap Roots: 0.3ms
[145.601s][info][gc,phases   ] GC(38)   Evacuate Collection Set: 9.6ms
[145.601s][info][gc,phases   ] GC(38)   Post Evacuate Collection Set: 1.0ms
[145.601s][info][gc,phases   ] GC(38)   Other: 0.3ms
[145.601s][info][gc,heap     ] GC(38) Eden regions: 1210->0(1210)
[145.601s][info][gc,heap     ] GC(38) Survivor regions: 18->18(154)
[145.601s][info][gc,heap     ] GC(38) Old regions: 51->51
[145.601s][info][gc,heap     ] GC(38) Archive regions: 2->2
[145.601s][info][gc,heap     ] GC(38) Humongous regions: 0->0
[145.601s][info][gc,metaspace] GC(38) Metaspace: 791K(896K)->791K(896K) NonClass: 737K(768K)->737K(768K) Class: 53K(128K)->53K(128K)
[145.601s][info][gc          ] GC(38) Pause Young (Normal) (G1 Evacuation Pause) 5117M->276M(8192M) 11.483ms
[145.601s][info][gc,cpu      ] GC(38) User=0.12s Sys=0.01s Real=0.01s
[150.308s][info][gc,start    ] GC(39) Pause Young (Normal) (G1 Evacuation Pause)
[150.308s][info][gc,task     ] GC(39) Using 13 workers of 13 for evacuation
[150.319s][info][gc,phases   ] GC(39)   Pre Evacuate Collection Set: 0.1ms
[150.319s][info][gc,phases   ] GC(39)   Merge Heap Roots: 0.2ms
[150.319s][info][gc,phases   ] GC(39)   Evacuate Collection Set: 9.5ms
[150.319s][info][gc,phases   ] GC(39)   Post Evacuate Collection Set: 1.1ms
[150.319s][info][gc,phases   ] GC(39)   Other: 0.2ms
[150.319s][info][gc,heap     ] GC(39) Eden regions: 1210->0(1210)
[150.319s][info][gc,heap     ] GC(39) Survivor regions: 18->18(154)
[150.319s][info][gc,heap     ] GC(39) Old regions: 51->51
[150.319s][info][gc,heap     ] GC(39) Archive regions: 2->2
[150.319s][info][gc,heap     ] GC(39) Humongous regions: 0->0
[150.319s][info][gc,metaspace] GC(39) Metaspace: 791K(896K)->791K(896K) NonClass: 737K(768K)->737K(768K) Class: 53K(128K)->53K(128K)
[150.319s][info][gc          ] GC(39) Pause Young (Normal) (G1 Evacuation Pause) 5116M->276M(8192M) 11.325ms
[150.319s][info][gc,cpu      ] GC(39) User=0.11s Sys=0.01s Real=0.02s
[155.028s][info][gc,start    ] GC(40) Pause Young (Normal) (G1 Evacuation Pause)
[155.028s][info][gc,task     ] GC(40) Using 13 workers of 13 for evacuation
[155.039s][info][gc,phases   ] GC(40)   Pre Evacuate Collection Set: 0.1ms
[155.039s][info][gc,phases   ] GC(40)   Merge Heap Roots: 0.2ms
[155.039s][info][gc,phases   ] GC(40)   Evacuate Collection Set: 9.1ms
[155.039s][info][gc,phases   ] GC(40)   Post Evacuate Collection Set: 1.1ms
[155.039s][info][gc,phases   ] GC(40)   Other: 0.2ms
[155.039s][info][gc,heap     ] GC(40) Eden regions: 1210->0(1210)
[155.039s][info][gc,heap     ] GC(40) Survivor regions: 18->18(154)
[155.039s][info][gc,heap     ] GC(40) Old regions: 51->51
[155.039s][info][gc,heap     ] GC(40) Archive regions: 2->2
[155.039s][info][gc,heap     ] GC(40) Humongous regions: 0->0
[155.039s][info][gc,metaspace] GC(40) Metaspace: 791K(896K)->791K(896K) NonClass: 737K(768K)->737K(768K) Class: 53K(128K)->53K(128K)
[155.039s][info][gc          ] GC(40) Pause Young (Normal) (G1 Evacuation Pause) 5116M->276M(8192M) 10.700ms
[155.039s][info][gc,cpu      ] GC(40) User=0.11s Sys=0.01s Real=0.01s
[159.749s][info][gc,start    ] GC(41) Pause Young (Normal) (G1 Evacuation Pause)
[159.749s][info][gc,task     ] GC(41) Using 13 workers of 13 for evacuation
[159.760s][info][gc,phases   ] GC(41)   Pre Evacuate Collection Set: 0.1ms
[159.760s][info][gc,phases   ] GC(41)   Merge Heap Roots: 0.2ms
[159.760s][info][gc,phases   ] GC(41)   Evacuate Collection Set: 9.4ms
[159.760s][info][gc,phases   ] GC(41)   Post Evacuate Collection Set: 1.1ms
[159.760s][info][gc,phases   ] GC(41)   Other: 0.2ms
[159.760s][info][gc,heap     ] GC(41) Eden regions: 1210->0(1209)
[159.760s][info][gc,heap     ] GC(41) Survivor regions: 18->19(154)
[159.760s][info][gc,heap     ] GC(41) Old regions: 51->51
[159.760s][info][gc,heap     ] GC(41) Archive regions: 2->2
[159.760s][info][gc,heap     ] GC(41) Humongous regions: 0->0
[159.760s][info][gc,metaspace] GC(41) Metaspace: 791K(896K)->791K(896K) NonClass: 737K(768K)->737K(768K) Class: 53K(128K)->53K(128K)
[159.760s][info][gc          ] GC(41) Pause Young (Normal) (G1 Evacuation Pause) 5116M->279M(8192M) 11.098ms
[159.760s][info][gc,cpu      ] GC(41) User=0.11s Sys=0.01s Real=0.01s
[164.469s][info][gc,start    ] GC(42) Pause Young (Normal) (G1 Evacuation Pause)
[164.469s][info][gc,task     ] GC(42) Using 13 workers of 13 for evacuation
[164.480s][info][gc,phases   ] GC(42)   Pre Evacuate Collection Set: 0.2ms
[164.480s][info][gc,phases   ] GC(42)   Merge Heap Roots: 0.2ms
[164.480s][info][gc,phases   ] GC(42)   Evacuate Collection Set: 9.9ms
[164.480s][info][gc,phases   ] GC(42)   Post Evacuate Collection Set: 1.0ms
[164.480s][info][gc,phases   ] GC(42)   Other: 0.2ms
[164.480s][info][gc,heap     ] GC(42) Eden regions: 1209->0(1210)
[164.480s][info][gc,heap     ] GC(42) Survivor regions: 19->18(154)
[164.480s][info][gc,heap     ] GC(42) Old regions: 51->51
[164.480s][info][gc,heap     ] GC(42) Archive regions: 2->2
[164.480s][info][gc,heap     ] GC(42) Humongous regions: 0->0
[164.480s][info][gc,metaspace] GC(42) Metaspace: 791K(896K)->791K(896K) NonClass: 737K(768K)->737K(768K) Class: 53K(128K)->53K(128K)
[164.480s][info][gc          ] GC(42) Pause Young (Normal) (G1 Evacuation Pause) 5115M->275M(8192M) 11.601ms
[164.481s][info][gc,cpu      ] GC(42) User=0.12s Sys=0.01s Real=0.01s
[169.189s][info][gc,start    ] GC(43) Pause Young (Normal) (G1 Evacuation Pause)
[169.189s][info][gc,task     ] GC(43) Using 13 workers of 13 for evacuation
[169.200s][info][gc,phases   ] GC(43)   Pre Evacuate Collection Set: 0.2ms
[169.200s][info][gc,phases   ] GC(43)   Merge Heap Roots: 0.3ms
[169.200s][info][gc,phases   ] GC(43)   Evacuate Collection Set: 9.8ms
[169.201s][info][gc,phases   ] GC(43)   Post Evacuate Collection Set: 0.9ms
[169.201s][info][gc,phases   ] GC(43)   Other: 0.3ms
[169.201s][info][gc,heap     ] GC(43) Eden regions: 1210->0(1210)
[169.201s][info][gc,heap     ] GC(43) Survivor regions: 18->18(154)
[169.201s][info][gc,heap     ] GC(43) Old regions: 51->51
[169.201s][info][gc,heap     ] GC(43) Archive regions: 2->2
[169.201s][info][gc,heap     ] GC(43) Humongous regions: 0->0
[169.201s][info][gc,metaspace] GC(43) Metaspace: 791K(896K)->791K(896K) NonClass: 737K(768K)->737K(768K) Class: 53K(128K)->53K(128K)
[169.201s][info][gc          ] GC(43) Pause Young (Normal) (G1 Evacuation Pause) 5115M->276M(8192M) 11.555ms
[169.201s][info][gc,cpu      ] GC(43) User=0.12s Sys=0.01s Real=0.01s
[173.910s][info][gc,start    ] GC(44) Pause Young (Normal) (G1 Evacuation Pause)
[173.911s][info][gc,task     ] GC(44) Using 13 workers of 13 for evacuation
[173.921s][info][gc,phases   ] GC(44)   Pre Evacuate Collection Set: 0.2ms
[173.921s][info][gc,phases   ] GC(44)   Merge Heap Roots: 0.3ms
[173.921s][info][gc,phases   ] GC(44)   Evacuate Collection Set: 9.1ms
[173.921s][info][gc,phases   ] GC(44)   Post Evacuate Collection Set: 1.0ms
[173.921s][info][gc,phases   ] GC(44)   Other: 0.2ms
[173.921s][info][gc,heap     ] GC(44) Eden regions: 1210->0(1209)
[173.921s][info][gc,heap     ] GC(44) Survivor regions: 18->19(154)
[173.921s][info][gc,heap     ] GC(44) Old regions: 51->51
[173.921s][info][gc,heap     ] GC(44) Archive regions: 2->2
[173.921s][info][gc,heap     ] GC(44) Humongous regions: 0->0
[173.921s][info][gc,metaspace] GC(44) Metaspace: 791K(896K)->791K(896K) NonClass: 737K(768K)->737K(768K) Class: 53K(128K)->53K(128K)
[173.921s][info][gc          ] GC(44) Pause Young (Normal) (G1 Evacuation Pause) 5116M->279M(8192M) 10.854ms
[173.921s][info][gc,cpu      ] GC(44) User=0.11s Sys=0.01s Real=0.01s
[178.629s][info][gc,start    ] GC(45) Pause Young (Normal) (G1 Evacuation Pause)
[178.629s][info][gc,task     ] GC(45) Using 13 workers of 13 for evacuation
[178.640s][info][gc,phases   ] GC(45)   Pre Evacuate Collection Set: 0.1ms
[178.640s][info][gc,phases   ] GC(45)   Merge Heap Roots: 0.2ms
[178.640s][info][gc,phases   ] GC(45)   Evacuate Collection Set: 9.5ms
[178.640s][info][gc,phases   ] GC(45)   Post Evacuate Collection Set: 1.0ms
[178.640s][info][gc,phases   ] GC(45)   Other: 0.2ms
[178.640s][info][gc,heap     ] GC(45) Eden regions: 1209->0(1209)
[178.640s][info][gc,heap     ] GC(45) Survivor regions: 19->19(154)
[178.640s][info][gc,heap     ] GC(45) Old regions: 51->51
[178.640s][info][gc,heap     ] GC(45) Archive regions: 2->2
[178.640s][info][gc,heap     ] GC(45) Humongous regions: 0->0
[178.640s][info][gc,metaspace] GC(45) Metaspace: 791K(896K)->791K(896K) NonClass: 737K(768K)->737K(768K) Class: 53K(128K)->53K(128K)
[178.640s][info][gc          ] GC(45) Pause Young (Normal) (G1 Evacuation Pause) 5115M->278M(8192M) 11.161ms
[178.640s][info][gc,cpu      ] GC(45) User=0.12s Sys=0.01s Real=0.01s
[183.349s][info][gc,start    ] GC(46) Pause Young (Normal) (G1 Evacuation Pause)
[183.349s][info][gc,task     ] GC(46) Using 13 workers of 13 for evacuation
[183.360s][info][gc,phases   ] GC(46)   Pre Evacuate Collection Set: 0.1ms
[183.360s][info][gc,phases   ] GC(46)   Merge Heap Roots: 0.2ms
[183.360s][info][gc,phases   ] GC(46)   Evacuate Collection Set: 9.9ms
[183.360s][info][gc,phases   ] GC(46)   Post Evacuate Collection Set: 1.0ms
[183.360s][info][gc,phases   ] GC(46)   Other: 0.2ms
[183.360s][info][gc,heap     ] GC(46) Eden regions: 1209->0(1209)
[183.360s][info][gc,heap     ] GC(46) Survivor regions: 19->19(154)
[183.361s][info][gc,heap     ] GC(46) Old regions: 51->51
[183.361s][info][gc,heap     ] GC(46) Archive regions: 2->2
[183.361s][info][gc,heap     ] GC(46) Humongous regions: 0->0
[183.361s][info][gc,metaspace] GC(46) Metaspace: 791K(896K)->791K(896K) NonClass: 737K(768K)->737K(768K) Class: 53K(128K)->53K(128K)
[183.361s][info][gc          ] GC(46) Pause Young (Normal) (G1 Evacuation Pause) 5114M->278M(8192M) 11.565ms
[183.361s][info][gc,cpu      ] GC(46) User=0.12s Sys=0.01s Real=0.01s
[188.061s][info][gc,start    ] GC(47) Pause Young (Normal) (G1 Evacuation Pause)
[188.061s][info][gc,task     ] GC(47) Using 13 workers of 13 for evacuation
[188.073s][info][gc,phases   ] GC(47)   Pre Evacuate Collection Set: 0.1ms
[188.073s][info][gc,phases   ] GC(47)   Merge Heap Roots: 0.2ms
[188.073s][info][gc,phases   ] GC(47)   Evacuate Collection Set: 10.5ms
[188.073s][info][gc,phases   ] GC(47)   Post Evacuate Collection Set: 1.0ms
[188.073s][info][gc,phases   ] GC(47)   Other: 0.2ms
[188.073s][info][gc,heap     ] GC(47) Eden regions: 1209->0(1209)
[188.073s][info][gc,heap     ] GC(47) Survivor regions: 19->19(154)
[188.073s][info][gc,heap     ] GC(47) Old regions: 51->51
[188.073s][info][gc,heap     ] GC(47) Archive regions: 2->2
[188.073s][info][gc,heap     ] GC(47) Humongous regions: 0->0
[188.073s][info][gc,metaspace] GC(47) Metaspace: 791K(896K)->791K(896K) NonClass: 737K(768K)->737K(768K) Class: 53K(128K)->53K(128K)
[188.073s][info][gc          ] GC(47) Pause Young (Normal) (G1 Evacuation Pause) 5114M->279M(8192M) 12.236ms
[188.073s][info][gc,cpu      ] GC(47) User=0.13s Sys=0.01s Real=0.01s
[192.779s][info][gc,start    ] GC(48) Pause Young (Normal) (G1 Evacuation Pause)
[192.779s][info][gc,task     ] GC(48) Using 13 workers of 13 for evacuation
[192.789s][info][gc,phases   ] GC(48)   Pre Evacuate Collection Set: 0.1ms
[192.789s][info][gc,phases   ] GC(48)   Merge Heap Roots: 0.2ms
[192.789s][info][gc,phases   ] GC(48)   Evacuate Collection Set: 9.4ms
[192.789s][info][gc,phases   ] GC(48)   Post Evacuate Collection Set: 1.1ms
[192.789s][info][gc,phases   ] GC(48)   Other: 0.2ms
[192.789s][info][gc,heap     ] GC(48) Eden regions: 1209->0(1210)
[192.789s][info][gc,heap     ] GC(48) Survivor regions: 19->18(154)
[192.789s][info][gc,heap     ] GC(48) Old regions: 51->51
[192.789s][info][gc,heap     ] GC(48) Archive regions: 2->2
[192.790s][info][gc,heap     ] GC(48) Humongous regions: 0->0
[192.790s][info][gc,metaspace] GC(48) Metaspace: 791K(896K)->791K(896K) NonClass: 737K(768K)->737K(768K) Class: 53K(128K)->53K(128K)
[192.790s][info][gc          ] GC(48) Pause Young (Normal) (G1 Evacuation Pause) 5115M->276M(8192M) 11.028ms
[192.790s][info][gc,cpu      ] GC(48) User=0.11s Sys=0.00s Real=0.01s
[197.500s][info][gc,start    ] GC(49) Pause Young (Normal) (G1 Evacuation Pause)
[197.500s][info][gc,task     ] GC(49) Using 13 workers of 13 for evacuation
[197.510s][info][gc,phases   ] GC(49)   Pre Evacuate Collection Set: 0.1ms
[197.510s][info][gc,phases   ] GC(49)   Merge Heap Roots: 0.2ms
[197.510s][info][gc,phases   ] GC(49)   Evacuate Collection Set: 9.3ms
[197.510s][info][gc,phases   ] GC(49)   Post Evacuate Collection Set: 1.0ms
[197.510s][info][gc,phases   ] GC(49)   Other: 0.2ms
[197.510s][info][gc,heap     ] GC(49) Eden regions: 1210->0(1209)
[197.510s][info][gc,heap     ] GC(49) Survivor regions: 18->19(154)
[197.510s][info][gc,heap     ] GC(49) Old regions: 51->51
[197.510s][info][gc,heap     ] GC(49) Archive regions: 2->2
[197.510s][info][gc,heap     ] GC(49) Humongous regions: 0->0
[197.510s][info][gc,metaspace] GC(49) Metaspace: 791K(896K)->791K(896K) NonClass: 737K(768K)->737K(768K) Class: 53K(128K)->53K(128K)
[197.510s][info][gc          ] GC(49) Pause Young (Normal) (G1 Evacuation Pause) 5116M->279M(8192M) 10.848ms
[197.510s][info][gc,cpu      ] GC(49) User=0.11s Sys=0.01s Real=0.01s
[202.219s][info][gc,start    ] GC(50) Pause Young (Normal) (G1 Evacuation Pause)
[202.219s][info][gc,task     ] GC(50) Using 13 workers of 13 for evacuation
[202.229s][info][gc,phases   ] GC(50)   Pre Evacuate Collection Set: 0.1ms
[202.229s][info][gc,phases   ] GC(50)   Merge Heap Roots: 0.2ms
[202.229s][info][gc,phases   ] GC(50)   Evacuate Collection Set: 9.0ms
[202.229s][info][gc,phases   ] GC(50)   Post Evacuate Collection Set: 1.1ms
[202.229s][info][gc,phases   ] GC(50)   Other: 0.2ms
[202.229s][info][gc,heap     ] GC(50) Eden regions: 1209->0(1209)
[202.229s][info][gc,heap     ] GC(50) Survivor regions: 19->19(154)
[202.229s][info][gc,heap     ] GC(50) Old regions: 51->51
[202.229s][info][gc,heap     ] GC(50) Archive regions: 2->2
[202.229s][info][gc,heap     ] GC(50) Humongous regions: 0->0
[202.229s][info][gc,metaspace] GC(50) Metaspace: 791K(896K)->791K(896K) NonClass: 737K(768K)->737K(768K) Class: 53K(128K)->53K(128K)
[202.229s][info][gc          ] GC(50) Pause Young (Normal) (G1 Evacuation Pause) 5115M->279M(8192M) 10.746ms
[202.229s][info][gc,cpu      ] GC(50) User=0.11s Sys=0.01s Real=0.01s
[206.929s][info][gc,start    ] GC(51) Pause Young (Normal) (G1 Evacuation Pause)
[206.929s][info][gc,task     ] GC(51) Using 13 workers of 13 for evacuation
[206.940s][info][gc,phases   ] GC(51)   Pre Evacuate Collection Set: 0.2ms
[206.940s][info][gc,phases   ] GC(51)   Merge Heap Roots: 0.2ms
[206.940s][info][gc,phases   ] GC(51)   Evacuate Collection Set: 9.4ms
[206.940s][info][gc,phases   ] GC(51)   Post Evacuate Collection Set: 1.0ms
[206.940s][info][gc,phases   ] GC(51)   Other: 0.3ms
[206.940s][info][gc,heap     ] GC(51) Eden regions: 1209->0(1210)
[206.940s][info][gc,heap     ] GC(51) Survivor regions: 19->18(154)
[206.940s][info][gc,heap     ] GC(51) Old regions: 51->51
[206.940s][info][gc,heap     ] GC(51) Archive regions: 2->2
[206.940s][info][gc,heap     ] GC(51) Humongous regions: 0->0
[206.940s][info][gc,metaspace] GC(51) Metaspace: 791K(896K)->791K(896K) NonClass: 737K(768K)->737K(768K) Class: 53K(128K)->53K(128K)
[206.940s][info][gc          ] GC(51) Pause Young (Normal) (G1 Evacuation Pause) 5115M->277M(8192M) 11.147ms
[206.940s][info][gc,cpu      ] GC(51) User=0.11s Sys=0.01s Real=0.01s
[211.650s][info][gc,start    ] GC(52) Pause Young (Normal) (G1 Evacuation Pause)
[211.650s][info][gc,task     ] GC(52) Using 13 workers of 13 for evacuation
[211.661s][info][gc,phases   ] GC(52)   Pre Evacuate Collection Set: 0.1ms
[211.661s][info][gc,phases   ] GC(52)   Merge Heap Roots: 0.2ms
[211.661s][info][gc,phases   ] GC(52)   Evacuate Collection Set: 9.2ms
[211.661s][info][gc,phases   ] GC(52)   Post Evacuate Collection Set: 1.0ms
[211.661s][info][gc,phases   ] GC(52)   Other: 0.2ms
[211.661s][info][gc,heap     ] GC(52) Eden regions: 1210->0(1209)
[211.661s][info][gc,heap     ] GC(52) Survivor regions: 18->19(154)
[211.661s][info][gc,heap     ] GC(52) Old regions: 51->51
[211.661s][info][gc,heap     ] GC(52) Archive regions: 2->2
[211.661s][info][gc,heap     ] GC(52) Humongous regions: 0->0
[211.661s][info][gc,metaspace] GC(52) Metaspace: 791K(896K)->791K(896K) NonClass: 737K(768K)->737K(768K) Class: 53K(128K)->53K(128K)
[211.661s][info][gc          ] GC(52) Pause Young (Normal) (G1 Evacuation Pause) 5117M->279M(8192M) 10.954ms
[211.661s][info][gc,cpu      ] GC(52) User=0.11s Sys=0.01s Real=0.01s
[216.368s][info][gc,start    ] GC(53) Pause Young (Normal) (G1 Evacuation Pause)
[216.368s][info][gc,task     ] GC(53) Using 13 workers of 13 for evacuation
[216.379s][info][gc,phases   ] GC(53)   Pre Evacuate Collection Set: 0.1ms
[216.380s][info][gc,phases   ] GC(53)   Merge Heap Roots: 0.1ms
[216.380s][info][gc,phases   ] GC(53)   Evacuate Collection Set: 9.6ms
[216.380s][info][gc,phases   ] GC(53)   Post Evacuate Collection Set: 1.1ms
[216.380s][info][gc,phases   ] GC(53)   Other: 0.2ms
[216.380s][info][gc,heap     ] GC(53) Eden regions: 1209->0(1210)
[216.380s][info][gc,heap     ] GC(53) Survivor regions: 19->18(154)
[216.380s][info][gc,heap     ] GC(53) Old regions: 51->51
[216.380s][info][gc,heap     ] GC(53) Archive regions: 2->2
[216.380s][info][gc,heap     ] GC(53) Humongous regions: 0->0
[216.380s][info][gc,metaspace] GC(53) Metaspace: 791K(896K)->791K(896K) NonClass: 737K(768K)->737K(768K) Class: 53K(128K)->53K(128K)
[216.380s][info][gc          ] GC(53) Pause Young (Normal) (G1 Evacuation Pause) 5115M->276M(8192M) 11.261ms
[216.380s][info][gc,cpu      ] GC(53) User=0.11s Sys=0.01s Real=0.01s
[221.090s][info][gc,start    ] GC(54) Pause Young (Normal) (G1 Evacuation Pause)
[221.090s][info][gc,task     ] GC(54) Using 13 workers of 13 for evacuation
[221.100s][info][gc,phases   ] GC(54)   Pre Evacuate Collection Set: 0.1ms
[221.100s][info][gc,phases   ] GC(54)   Merge Heap Roots: 0.2ms
[221.100s][info][gc,phases   ] GC(54)   Evacuate Collection Set: 9.2ms
[221.100s][info][gc,phases   ] GC(54)   Post Evacuate Collection Set: 1.0ms
[221.100s][info][gc,phases   ] GC(54)   Other: 0.2ms
[221.100s][info][gc,heap     ] GC(54) Eden regions: 1210->0(1210)
[221.100s][info][gc,heap     ] GC(54) Survivor regions: 18->18(154)
[221.100s][info][gc,heap     ] GC(54) Old regions: 51->51
[221.100s][info][gc,heap     ] GC(54) Archive regions: 2->2
[221.100s][info][gc,heap     ] GC(54) Humongous regions: 0->0
[221.100s][info][gc,metaspace] GC(54) Metaspace: 791K(896K)->791K(896K) NonClass: 737K(768K)->737K(768K) Class: 53K(128K)->53K(128K)
[221.100s][info][gc          ] GC(54) Pause Young (Normal) (G1 Evacuation Pause) 5116M->277M(8192M) 10.753ms
[221.100s][info][gc,cpu      ] GC(54) User=0.10s Sys=0.01s Real=0.01s
[225.818s][info][gc,start    ] GC(55) Pause Young (Normal) (G1 Evacuation Pause)
[225.818s][info][gc,task     ] GC(55) Using 13 workers of 13 for evacuation
[225.829s][info][gc,phases   ] GC(55)   Pre Evacuate Collection Set: 0.1ms
[225.829s][info][gc,phases   ] GC(55)   Merge Heap Roots: 0.2ms
[225.829s][info][gc,phases   ] GC(55)   Evacuate Collection Set: 9.5ms
[225.829s][info][gc,phases   ] GC(55)   Post Evacuate Collection Set: 1.1ms
[225.829s][info][gc,phases   ] GC(55)   Other: 0.2ms
[225.829s][info][gc,heap     ] GC(55) Eden regions: 1210->0(1210)
[225.829s][info][gc,heap     ] GC(55) Survivor regions: 18->18(154)
[225.829s][info][gc,heap     ] GC(55) Old regions: 51->51
[225.829s][info][gc,heap     ] GC(55) Archive regions: 2->2
[225.829s][info][gc,heap     ] GC(55) Humongous regions: 0->0
[225.829s][info][gc,metaspace] GC(55) Metaspace: 791K(896K)->791K(896K) NonClass: 737K(768K)->737K(768K) Class: 53K(128K)->53K(128K)
[225.829s][info][gc          ] GC(55) Pause Young (Normal) (G1 Evacuation Pause) 5117M->278M(8192M) 11.223ms
[225.829s][info][gc,cpu      ] GC(55) User=0.12s Sys=0.01s Real=0.01s
[230.538s][info][gc,start    ] GC(56) Pause Young (Normal) (G1 Evacuation Pause)
[230.538s][info][gc,task     ] GC(56) Using 13 workers of 13 for evacuation
[230.549s][info][gc,phases   ] GC(56)   Pre Evacuate Collection Set: 0.1ms
[230.549s][info][gc,phases   ] GC(56)   Merge Heap Roots: 0.2ms
[230.549s][info][gc,phases   ] GC(56)   Evacuate Collection Set: 9.3ms
[230.549s][info][gc,phases   ] GC(56)   Post Evacuate Collection Set: 1.0ms
[230.549s][info][gc,phases   ] GC(56)   Other: 0.2ms
[230.549s][info][gc,heap     ] GC(56) Eden regions: 1210->0(1210)
[230.549s][info][gc,heap     ] GC(56) Survivor regions: 18->18(154)
[230.549s][info][gc,heap     ] GC(56) Old regions: 51->51
[230.549s][info][gc,heap     ] GC(56) Archive regions: 2->2
[230.549s][info][gc,heap     ] GC(56) Humongous regions: 0->0
[230.549s][info][gc,metaspace] GC(56) Metaspace: 791K(896K)->791K(896K) NonClass: 737K(768K)->737K(768K) Class: 53K(128K)->53K(128K)
[230.549s][info][gc          ] GC(56) Pause Young (Normal) (G1 Evacuation Pause) 5118M->278M(8192M) 10.879ms
[230.549s][info][gc,cpu      ] GC(56) User=0.11s Sys=0.01s Real=0.01s
[235.259s][info][gc,start    ] GC(57) Pause Young (Normal) (G1 Evacuation Pause)
[235.259s][info][gc,task     ] GC(57) Using 13 workers of 13 for evacuation
[235.270s][info][gc,phases   ] GC(57)   Pre Evacuate Collection Set: 0.1ms
[235.270s][info][gc,phases   ] GC(57)   Merge Heap Roots: 0.2ms
[235.270s][info][gc,phases   ] GC(57)   Evacuate Collection Set: 9.2ms
[235.270s][info][gc,phases   ] GC(57)   Post Evacuate Collection Set: 1.0ms
[235.270s][info][gc,phases   ] GC(57)   Other: 0.2ms
[235.270s][info][gc,heap     ] GC(57) Eden regions: 1210->0(1209)
[235.270s][info][gc,heap     ] GC(57) Survivor regions: 18->19(154)
[235.270s][info][gc,heap     ] GC(57) Old regions: 51->51
[235.270s][info][gc,heap     ] GC(57) Archive regions: 2->2
[235.270s][info][gc,heap     ] GC(57) Humongous regions: 0->0
[235.270s][info][gc,metaspace] GC(57) Metaspace: 791K(896K)->791K(896K) NonClass: 737K(768K)->737K(768K) Class: 53K(128K)->53K(128K)
[235.270s][info][gc          ] GC(57) Pause Young (Normal) (G1 Evacuation Pause) 5118M->279M(8192M) 10.859ms
[235.270s][info][gc,cpu      ] GC(57) User=0.11s Sys=0.01s Real=0.01s
[239.978s][info][gc,start    ] GC(58) Pause Young (Normal) (G1 Evacuation Pause)
[239.978s][info][gc,task     ] GC(58) Using 13 workers of 13 for evacuation
[239.989s][info][gc,phases   ] GC(58)   Pre Evacuate Collection Set: 0.1ms
[239.989s][info][gc,phases   ] GC(58)   Merge Heap Roots: 0.2ms
[239.989s][info][gc,phases   ] GC(58)   Evacuate Collection Set: 9.5ms
[239.989s][info][gc,phases   ] GC(58)   Post Evacuate Collection Set: 1.1ms
[239.989s][info][gc,phases   ] GC(58)   Other: 0.2ms
[239.989s][info][gc,heap     ] GC(58) Eden regions: 1209->0(1210)
[239.989s][info][gc,heap     ] GC(58) Survivor regions: 19->18(154)
[239.989s][info][gc,heap     ] GC(58) Old regions: 51->51
[239.989s][info][gc,heap     ] GC(58) Archive regions: 2->2
[239.989s][info][gc,heap     ] GC(58) Humongous regions: 0->0
[239.989s][info][gc,metaspace] GC(58) Metaspace: 791K(896K)->791K(896K) NonClass: 737K(768K)->737K(768K) Class: 53K(128K)->53K(128K)
[239.989s][info][gc          ] GC(58) Pause Young (Normal) (G1 Evacuation Pause) 5115M->277M(8192M) 11.308ms
[239.989s][info][gc,cpu      ] GC(58) User=0.11s Sys=0.01s Real=0.01s
[244.699s][info][gc,start    ] GC(59) Pause Young (Normal) (G1 Evacuation Pause)
[244.699s][info][gc,task     ] GC(59) Using 13 workers of 13 for evacuation
[244.710s][info][gc,phases   ] GC(59)   Pre Evacuate Collection Set: 0.1ms
[244.710s][info][gc,phases   ] GC(59)   Merge Heap Roots: 0.2ms
[244.710s][info][gc,phases   ] GC(59)   Evacuate Collection Set: 9.9ms
[244.710s][info][gc,phases   ] GC(59)   Post Evacuate Collection Set: 1.1ms
[244.710s][info][gc,phases   ] GC(59)   Other: 0.2ms
[244.710s][info][gc,heap     ] GC(59) Eden regions: 1210->0(1209)
[244.710s][info][gc,heap     ] GC(59) Survivor regions: 18->19(154)
[244.710s][info][gc,heap     ] GC(59) Old regions: 51->51
[244.710s][info][gc,heap     ] GC(59) Archive regions: 2->2
[244.710s][info][gc,heap     ] GC(59) Humongous regions: 0->0
[244.710s][info][gc,metaspace] GC(59) Metaspace: 791K(896K)->791K(896K) NonClass: 737K(768K)->737K(768K) Class: 53K(128K)->53K(128K)
[244.710s][info][gc          ] GC(59) Pause Young (Normal) (G1 Evacuation Pause) 5117M->280M(8192M) 11.588ms
[244.710s][info][gc,cpu      ] GC(59) User=0.12s Sys=0.01s Real=0.01s
[249.410s][info][gc,start    ] GC(60) Pause Young (Normal) (G1 Evacuation Pause)
[249.410s][info][gc,task     ] GC(60) Using 13 workers of 13 for evacuation
[249.421s][info][gc,phases   ] GC(60)   Pre Evacuate Collection Set: 0.1ms
[249.421s][info][gc,phases   ] GC(60)   Merge Heap Roots: 0.2ms
[249.421s][info][gc,phases   ] GC(60)   Evacuate Collection Set: 9.6ms
[249.421s][info][gc,phases   ] GC(60)   Post Evacuate Collection Set: 1.0ms
[249.422s][info][gc,phases   ] GC(60)   Other: 0.2ms
[249.422s][info][gc,heap     ] GC(60) Eden regions: 1209->0(1209)
[249.422s][info][gc,heap     ] GC(60) Survivor regions: 19->19(154)
[249.422s][info][gc,heap     ] GC(60) Old regions: 51->51
[249.422s][info][gc,heap     ] GC(60) Archive regions: 2->2
[249.422s][info][gc,heap     ] GC(60) Humongous regions: 0->0
[249.422s][info][gc,metaspace] GC(60) Metaspace: 791K(896K)->791K(896K) NonClass: 737K(768K)->737K(768K) Class: 53K(128K)->53K(128K)
[249.422s][info][gc          ] GC(60) Pause Young (Normal) (G1 Evacuation Pause) 5116M->280M(8192M) 11.389ms
[249.422s][info][gc,cpu      ] GC(60) User=0.11s Sys=0.01s Real=0.01s
[254.129s][info][gc,start    ] GC(61) Pause Young (Normal) (G1 Evacuation Pause)
[254.129s][info][gc,task     ] GC(61) Using 13 workers of 13 for evacuation
[254.141s][info][gc,phases   ] GC(61)   Pre Evacuate Collection Set: 0.1ms
[254.141s][info][gc,phases   ] GC(61)   Merge Heap Roots: 0.2ms
[254.141s][info][gc,phases   ] GC(61)   Evacuate Collection Set: 10.0ms
[254.141s][info][gc,phases   ] GC(61)   Post Evacuate Collection Set: 1.1ms
[254.141s][info][gc,phases   ] GC(61)   Other: 0.2ms
[254.141s][info][gc,heap     ] GC(61) Eden regions: 1209->0(1209)
[254.141s][info][gc,heap     ] GC(61) Survivor regions: 19->19(154)
[254.141s][info][gc,heap     ] GC(61) Old regions: 51->51
[254.141s][info][gc,heap     ] GC(61) Archive regions: 2->2
[254.141s][info][gc,heap     ] GC(61) Humongous regions: 0->0
[254.141s][info][gc,metaspace] GC(61) Metaspace: 791K(896K)->791K(896K) NonClass: 737K(768K)->737K(768K) Class: 53K(128K)->53K(128K)
[254.141s][info][gc          ] GC(61) Pause Young (Normal) (G1 Evacuation Pause) 5116M->279M(8192M) 11.771ms
[254.141s][info][gc,cpu      ] GC(61) User=0.12s Sys=0.01s Real=0.01s
[258.848s][info][gc,start    ] GC(62) Pause Young (Normal) (G1 Evacuation Pause)
[258.848s][info][gc,task     ] GC(62) Using 13 workers of 13 for evacuation
[258.860s][info][gc,phases   ] GC(62)   Pre Evacuate Collection Set: 0.1ms
[258.860s][info][gc,phases   ] GC(62)   Merge Heap Roots: 0.2ms
[258.860s][info][gc,phases   ] GC(62)   Evacuate Collection Set: 10.7ms
[258.860s][info][gc,phases   ] GC(62)   Post Evacuate Collection Set: 1.0ms
[258.860s][info][gc,phases   ] GC(62)   Other: 0.2ms
[258.860s][info][gc,heap     ] GC(62) Eden regions: 1209->0(1209)
[258.860s][info][gc,heap     ] GC(62) Survivor regions: 19->19(154)
[258.860s][info][gc,heap     ] GC(62) Old regions: 51->51
[258.860s][info][gc,heap     ] GC(62) Archive regions: 2->2
[258.860s][info][gc,heap     ] GC(62) Humongous regions: 0->0
[258.860s][info][gc,metaspace] GC(62) Metaspace: 791K(896K)->791K(896K) NonClass: 737K(768K)->737K(768K) Class: 53K(128K)->53K(128K)
[258.860s][info][gc          ] GC(62) Pause Young (Normal) (G1 Evacuation Pause) 5115M->280M(8192M) 12.342ms
[258.860s][info][gc,cpu      ] GC(62) User=0.11s Sys=0.02s Real=0.01s
[263.560s][info][gc,start    ] GC(63) Pause Young (Normal) (G1 Evacuation Pause)
[263.560s][info][gc,task     ] GC(63) Using 13 workers of 13 for evacuation
[263.571s][info][gc,phases   ] GC(63)   Pre Evacuate Collection Set: 0.1ms
[263.571s][info][gc,phases   ] GC(63)   Merge Heap Roots: 0.2ms
[263.571s][info][gc,phases   ] GC(63)   Evacuate Collection Set: 9.6ms
[263.571s][info][gc,phases   ] GC(63)   Post Evacuate Collection Set: 1.1ms
[263.571s][info][gc,phases   ] GC(63)   Other: 0.2ms
[263.571s][info][gc,heap     ] GC(63) Eden regions: 1209->0(1210)
[263.571s][info][gc,heap     ] GC(63) Survivor regions: 19->18(154)
[263.571s][info][gc,heap     ] GC(63) Old regions: 51->51
[263.571s][info][gc,heap     ] GC(63) Archive regions: 2->2
[263.571s][info][gc,heap     ] GC(63) Humongous regions: 0->0
[263.571s][info][gc,metaspace] GC(63) Metaspace: 791K(896K)->791K(896K) NonClass: 737K(768K)->737K(768K) Class: 53K(128K)->53K(128K)
[263.571s][info][gc          ] GC(63) Pause Young (Normal) (G1 Evacuation Pause) 5116M->278M(8192M) 11.397ms
[263.571s][info][gc,cpu      ] GC(63) User=0.12s Sys=0.01s Real=0.01s
[268.288s][info][gc,start    ] GC(64) Pause Young (Normal) (G1 Evacuation Pause)
[268.288s][info][gc,task     ] GC(64) Using 13 workers of 13 for evacuation
[268.298s][info][gc,phases   ] GC(64)   Pre Evacuate Collection Set: 0.1ms
[268.298s][info][gc,phases   ] GC(64)   Merge Heap Roots: 0.2ms
[268.298s][info][gc,phases   ] GC(64)   Evacuate Collection Set: 9.1ms
[268.298s][info][gc,phases   ] GC(64)   Post Evacuate Collection Set: 1.0ms
[268.298s][info][gc,phases   ] GC(64)   Other: 0.2ms
[268.298s][info][gc,heap     ] GC(64) Eden regions: 1210->0(1210)
[268.298s][info][gc,heap     ] GC(64) Survivor regions: 18->18(154)
[268.298s][info][gc,heap     ] GC(64) Old regions: 51->51
[268.298s][info][gc,heap     ] GC(64) Archive regions: 2->2
[268.298s][info][gc,heap     ] GC(64) Humongous regions: 0->0
[268.298s][info][gc,metaspace] GC(64) Metaspace: 791K(896K)->791K(896K) NonClass: 737K(768K)->737K(768K) Class: 53K(128K)->53K(128K)
[268.298s][info][gc          ] GC(64) Pause Young (Normal) (G1 Evacuation Pause) 5118M->278M(8192M) 10.738ms
[268.298s][info][gc,cpu      ] GC(64) User=0.11s Sys=0.01s Real=0.01s
[273.009s][info][gc,start    ] GC(65) Pause Young (Normal) (G1 Evacuation Pause)
[273.009s][info][gc,task     ] GC(65) Using 13 workers of 13 for evacuation
[273.020s][info][gc,phases   ] GC(65)   Pre Evacuate Collection Set: 0.1ms
[273.020s][info][gc,phases   ] GC(65)   Merge Heap Roots: 0.2ms
[273.020s][info][gc,phases   ] GC(65)   Evacuate Collection Set: 9.5ms
[273.020s][info][gc,phases   ] GC(65)   Post Evacuate Collection Set: 1.1ms
[273.020s][info][gc,phases   ] GC(65)   Other: 0.2ms
[273.020s][info][gc,heap     ] GC(65) Eden regions: 1210->0(1210)
[273.020s][info][gc,heap     ] GC(65) Survivor regions: 18->18(154)
[273.020s][info][gc,heap     ] GC(65) Old regions: 51->51
[273.020s][info][gc,heap     ] GC(65) Archive regions: 2->2
[273.020s][info][gc,heap     ] GC(65) Humongous regions: 0->0
[273.020s][info][gc,metaspace] GC(65) Metaspace: 791K(896K)->791K(896K) NonClass: 737K(768K)->737K(768K) Class: 53K(128K)->53K(128K)
[273.020s][info][gc          ] GC(65) Pause Young (Normal) (G1 Evacuation Pause) 5118M->279M(8192M) 11.100ms
[273.020s][info][gc,cpu      ] GC(65) User=0.11s Sys=0.01s Real=0.01s
[277.730s][info][gc,start    ] GC(66) Pause Young (Normal) (G1 Evacuation Pause)
[277.730s][info][gc,task     ] GC(66) Using 13 workers of 13 for evacuation
[277.741s][info][gc,phases   ] GC(66)   Pre Evacuate Collection Set: 0.1ms
[277.741s][info][gc,phases   ] GC(66)   Merge Heap Roots: 0.2ms
[277.741s][info][gc,phases   ] GC(66)   Evacuate Collection Set: 9.4ms
[277.741s][info][gc,phases   ] GC(66)   Post Evacuate Collection Set: 1.1ms
[277.741s][info][gc,phases   ] GC(66)   Other: 0.2ms
[277.741s][info][gc,heap     ] GC(66) Eden regions: 1210->0(1209)
[277.741s][info][gc,heap     ] GC(66) Survivor regions: 18->19(154)
[277.741s][info][gc,heap     ] GC(66) Old regions: 51->51
[277.741s][info][gc,heap     ] GC(66) Archive regions: 2->2
[277.741s][info][gc,heap     ] GC(66) Humongous regions: 0->0
[277.741s][info][gc,metaspace] GC(66) Metaspace: 791K(896K)->791K(896K) NonClass: 737K(768K)->737K(768K) Class: 53K(128K)->53K(128K)
[277.741s][info][gc          ] GC(66) Pause Young (Normal) (G1 Evacuation Pause) 5119M->280M(8192M) 11.203ms
[277.741s][info][gc,cpu      ] GC(66) User=0.12s Sys=0.01s Real=0.01s
[282.450s][info][gc,start    ] GC(67) Pause Young (Normal) (G1 Evacuation Pause)
[282.450s][info][gc,task     ] GC(67) Using 13 workers of 13 for evacuation
[282.460s][info][gc,phases   ] GC(67)   Pre Evacuate Collection Set: 0.1ms
[282.460s][info][gc,phases   ] GC(67)   Merge Heap Roots: 0.2ms
[282.460s][info][gc,phases   ] GC(67)   Evacuate Collection Set: 9.0ms
[282.460s][info][gc,phases   ] GC(67)   Post Evacuate Collection Set: 1.0ms
[282.460s][info][gc,phases   ] GC(67)   Other: 0.2ms
[282.460s][info][gc,heap     ] GC(67) Eden regions: 1209->0(1210)
[282.460s][info][gc,heap     ] GC(67) Survivor regions: 19->18(154)
[282.460s][info][gc,heap     ] GC(67) Old regions: 51->51
[282.460s][info][gc,heap     ] GC(67) Archive regions: 2->2
[282.460s][info][gc,heap     ] GC(67) Humongous regions: 0->0
[282.460s][info][gc,metaspace] GC(67) Metaspace: 791K(896K)->791K(896K) NonClass: 737K(768K)->737K(768K) Class: 53K(128K)->53K(128K)
[282.460s][info][gc          ] GC(67) Pause Young (Normal) (G1 Evacuation Pause) 5116M->279M(8192M) 10.652ms
[282.460s][info][gc,cpu      ] GC(67) User=0.11s Sys=0.01s Real=0.01s
[287.169s][info][gc,start    ] GC(68) Pause Young (Normal) (G1 Evacuation Pause)
[287.169s][info][gc,task     ] GC(68) Using 13 workers of 13 for evacuation
[287.180s][info][gc,phases   ] GC(68)   Pre Evacuate Collection Set: 0.1ms
[287.180s][info][gc,phases   ] GC(68)   Merge Heap Roots: 0.2ms
[287.180s][info][gc,phases   ] GC(68)   Evacuate Collection Set: 9.3ms
[287.180s][info][gc,phases   ] GC(68)   Post Evacuate Collection Set: 1.1ms
[287.180s][info][gc,phases   ] GC(68)   Other: 0.2ms
[287.180s][info][gc,heap     ] GC(68) Eden regions: 1210->0(1210)
[287.180s][info][gc,heap     ] GC(68) Survivor regions: 18->18(154)
[287.180s][info][gc,heap     ] GC(68) Old regions: 51->51
[287.180s][info][gc,heap     ] GC(68) Archive regions: 2->2
[287.180s][info][gc,heap     ] GC(68) Humongous regions: 0->0
[287.180s][info][gc,metaspace] GC(68) Metaspace: 791K(896K)->791K(896K) NonClass: 737K(768K)->737K(768K) Class: 53K(128K)->53K(128K)
[287.180s][info][gc          ] GC(68) Pause Young (Normal) (G1 Evacuation Pause) 5119M->278M(8192M) 11.114ms
[287.180s][info][gc,cpu      ] GC(68) User=0.12s Sys=0.01s Real=0.01s
[291.898s][info][gc,start    ] GC(69) Pause Young (Normal) (G1 Evacuation Pause)
[291.898s][info][gc,task     ] GC(69) Using 13 workers of 13 for evacuation
[291.909s][info][gc,phases   ] GC(69)   Pre Evacuate Collection Set: 0.1ms
[291.910s][info][gc,phases   ] GC(69)   Merge Heap Roots: 0.3ms
[291.910s][info][gc,phases   ] GC(69)   Evacuate Collection Set: 9.6ms
[291.910s][info][gc,phases   ] GC(69)   Post Evacuate Collection Set: 1.0ms
[291.910s][info][gc,phases   ] GC(69)   Other: 0.2ms
[291.910s][info][gc,heap     ] GC(69) Eden regions: 1210->0(1210)
[291.910s][info][gc,heap     ] GC(69) Survivor regions: 18->18(154)
[291.910s][info][gc,heap     ] GC(69) Old regions: 51->51
[291.910s][info][gc,heap     ] GC(69) Archive regions: 2->2
[291.910s][info][gc,heap     ] GC(69) Humongous regions: 0->0
[291.910s][info][gc,metaspace] GC(69) Metaspace: 791K(896K)->791K(896K) NonClass: 737K(768K)->737K(768K) Class: 53K(128K)->53K(128K)
[291.910s][info][gc          ] GC(69) Pause Young (Normal) (G1 Evacuation Pause) 5118M->279M(8192M) 11.347ms
[291.910s][info][gc,cpu      ] GC(69) User=0.12s Sys=0.01s Real=0.01s
[296.618s][info][gc,start    ] GC(70) Pause Young (Normal) (G1 Evacuation Pause)
[296.618s][info][gc,task     ] GC(70) Using 13 workers of 13 for evacuation
[296.629s][info][gc,phases   ] GC(70)   Pre Evacuate Collection Set: 0.1ms
[296.629s][info][gc,phases   ] GC(70)   Merge Heap Roots: 0.2ms
[296.629s][info][gc,phases   ] GC(70)   Evacuate Collection Set: 9.7ms
[296.629s][info][gc,phases   ] GC(70)   Post Evacuate Collection Set: 1.0ms
[296.629s][info][gc,phases   ] GC(70)   Other: 0.2ms
[296.629s][info][gc,heap     ] GC(70) Eden regions: 1210->0(1210)
[296.629s][info][gc,heap     ] GC(70) Survivor regions: 18->18(154)
[296.629s][info][gc,heap     ] GC(70) Old regions: 51->51
[296.629s][info][gc,heap     ] GC(70) Archive regions: 2->2
[296.629s][info][gc,heap     ] GC(70) Humongous regions: 0->0
[296.629s][info][gc,metaspace] GC(70) Metaspace: 791K(896K)->791K(896K) NonClass: 737K(768K)->737K(768K) Class: 53K(128K)->53K(128K)
[296.629s][info][gc          ] GC(70) Pause Young (Normal) (G1 Evacuation Pause) 5119M->279M(8192M) 11.355ms
[296.629s][info][gc,cpu      ] GC(70) User=0.11s Sys=0.01s Real=0.01s
[301.338s][info][gc,start    ] GC(71) Pause Young (Normal) (G1 Evacuation Pause)
[301.338s][info][gc,task     ] GC(71) Using 13 workers of 13 for evacuation
[301.351s][info][gc,phases   ] GC(71)   Pre Evacuate Collection Set: 0.1ms
[301.351s][info][gc,phases   ] GC(71)   Merge Heap Roots: 0.2ms
[301.351s][info][gc,phases   ] GC(71)   Evacuate Collection Set: 11.6ms
[301.351s][info][gc,phases   ] GC(71)   Post Evacuate Collection Set: 1.1ms
[301.351s][info][gc,phases   ] GC(71)   Other: 0.2ms
[301.351s][info][gc,heap     ] GC(71) Eden regions: 1210->0(1209)
[301.351s][info][gc,heap     ] GC(71) Survivor regions: 18->19(154)
[301.351s][info][gc,heap     ] GC(71) Old regions: 51->51
[301.351s][info][gc,heap     ] GC(71) Archive regions: 2->2
[301.351s][info][gc,heap     ] GC(71) Humongous regions: 0->0
[301.351s][info][gc,metaspace] GC(71) Metaspace: 791K(896K)->791K(896K) NonClass: 737K(768K)->737K(768K) Class: 53K(128K)->53K(128K)
[301.351s][info][gc          ] GC(71) Pause Young (Normal) (G1 Evacuation Pause) 5119M->280M(8192M) 13.305ms
[301.351s][info][gc,cpu      ] GC(71) User=0.13s Sys=0.00s Real=0.02s
[306.049s][info][gc,start    ] GC(72) Pause Young (Normal) (G1 Evacuation Pause)
[306.049s][info][gc,task     ] GC(72) Using 13 workers of 13 for evacuation
[306.061s][info][gc,phases   ] GC(72)   Pre Evacuate Collection Set: 0.1ms
[306.061s][info][gc,phases   ] GC(72)   Merge Heap Roots: 0.2ms
[306.061s][info][gc,phases   ] GC(72)   Evacuate Collection Set: 10.6ms
[306.061s][info][gc,phases   ] GC(72)   Post Evacuate Collection Set: 1.1ms
[306.061s][info][gc,phases   ] GC(72)   Other: 0.2ms
[306.061s][info][gc,heap     ] GC(72) Eden regions: 1209->0(1210)
[306.061s][info][gc,heap     ] GC(72) Survivor regions: 19->18(154)
[306.061s][info][gc,heap     ] GC(72) Old regions: 51->51
[306.061s][info][gc,heap     ] GC(72) Archive regions: 2->2
[306.061s][info][gc,heap     ] GC(72) Humongous regions: 0->0
[306.061s][info][gc,metaspace] GC(72) Metaspace: 791K(896K)->791K(896K) NonClass: 737K(768K)->737K(768K) Class: 53K(128K)->53K(128K)
[306.061s][info][gc          ] GC(72) Pause Young (Normal) (G1 Evacuation Pause) 5116M->278M(8192M) 12.272ms
[306.061s][info][gc,cpu      ] GC(72) User=0.12s Sys=0.01s Real=0.02s
[310.778s][info][gc,start    ] GC(73) Pause Young (Normal) (G1 Evacuation Pause)
[310.778s][info][gc,task     ] GC(73) Using 13 workers of 13 for evacuation
[310.790s][info][gc,phases   ] GC(73)   Pre Evacuate Collection Set: 0.1ms
[310.790s][info][gc,phases   ] GC(73)   Merge Heap Roots: 0.1ms
[310.790s][info][gc,phases   ] GC(73)   Evacuate Collection Set: 10.1ms
[310.790s][info][gc,phases   ] GC(73)   Post Evacuate Collection Set: 1.1ms
[310.790s][info][gc,phases   ] GC(73)   Other: 0.2ms
[310.790s][info][gc,heap     ] GC(73) Eden regions: 1210->0(1209)
[310.790s][info][gc,heap     ] GC(73) Survivor regions: 18->19(154)
[310.790s][info][gc,heap     ] GC(73) Old regions: 51->51
[310.790s][info][gc,heap     ] GC(73) Archive regions: 2->2
[310.790s][info][gc,heap     ] GC(73) Humongous regions: 0->0
[310.790s][info][gc,metaspace] GC(73) Metaspace: 791K(896K)->791K(896K) NonClass: 737K(768K)->737K(768K) Class: 53K(128K)->53K(128K)
[310.790s][info][gc          ] GC(73) Pause Young (Normal) (G1 Evacuation Pause) 5118M->280M(8192M) 11.940ms
[310.790s][info][gc,cpu      ] GC(73) User=0.11s Sys=0.01s Real=0.01s
[315.490s][info][gc,start    ] GC(74) Pause Young (Normal) (G1 Evacuation Pause)
[315.490s][info][gc,task     ] GC(74) Using 13 workers of 13 for evacuation
[315.501s][info][gc,phases   ] GC(74)   Pre Evacuate Collection Set: 0.1ms
[315.501s][info][gc,phases   ] GC(74)   Merge Heap Roots: 0.2ms
[315.501s][info][gc,phases   ] GC(74)   Evacuate Collection Set: 10.3ms
[315.501s][info][gc,phases   ] GC(74)   Post Evacuate Collection Set: 1.0ms
[315.501s][info][gc,phases   ] GC(74)   Other: 0.2ms
[315.502s][info][gc,heap     ] GC(74) Eden regions: 1209->0(1209)
[315.502s][info][gc,heap     ] GC(74) Survivor regions: 19->19(154)
[315.502s][info][gc,heap     ] GC(74) Old regions: 51->52
[315.502s][info][gc,heap     ] GC(74) Archive regions: 2->2
[315.502s][info][gc,heap     ] GC(74) Humongous regions: 0->0
[315.502s][info][gc,metaspace] GC(74) Metaspace: 791K(896K)->791K(896K) NonClass: 737K(768K)->737K(768K) Class: 53K(128K)->53K(128K)
[315.502s][info][gc          ] GC(74) Pause Young (Normal) (G1 Evacuation Pause) 5116M->283M(8192M) 11.956ms
[315.502s][info][gc,cpu      ] GC(74) User=0.11s Sys=0.02s Real=0.02s
[320.209s][info][gc,start    ] GC(75) Pause Young (Normal) (G1 Evacuation Pause)
[320.209s][info][gc,task     ] GC(75) Using 13 workers of 13 for evacuation
[320.220s][info][gc,phases   ] GC(75)   Pre Evacuate Collection Set: 0.1ms
[320.220s][info][gc,phases   ] GC(75)   Merge Heap Roots: 0.1ms
[320.220s][info][gc,phases   ] GC(75)   Evacuate Collection Set: 9.8ms
[320.220s][info][gc,phases   ] GC(75)   Post Evacuate Collection Set: 1.0ms
[320.220s][info][gc,phases   ] GC(75)   Other: 0.2ms
[320.220s][info][gc,heap     ] GC(75) Eden regions: 1209->0(1210)
[320.220s][info][gc,heap     ] GC(75) Survivor regions: 19->18(154)
[320.220s][info][gc,heap     ] GC(75) Old regions: 52->52
[320.220s][info][gc,heap     ] GC(75) Archive regions: 2->2
[320.220s][info][gc,heap     ] GC(75) Humongous regions: 0->0
[320.220s][info][gc,metaspace] GC(75) Metaspace: 791K(896K)->791K(896K) NonClass: 737K(768K)->737K(768K) Class: 53K(128K)->53K(128K)
[320.220s][info][gc          ] GC(75) Pause Young (Normal) (G1 Evacuation Pause) 5119M->280M(8192M) 11.531ms
[320.220s][info][gc,cpu      ] GC(75) User=0.11s Sys=0.01s Real=0.01s
[324.928s][info][gc,start    ] GC(76) Pause Young (Normal) (G1 Evacuation Pause)
[324.928s][info][gc,task     ] GC(76) Using 13 workers of 13 for evacuation
[324.939s][info][gc,phases   ] GC(76)   Pre Evacuate Collection Set: 0.1ms
[324.939s][info][gc,phases   ] GC(76)   Merge Heap Roots: 0.1ms
[324.939s][info][gc,phases   ] GC(76)   Evacuate Collection Set: 9.3ms
[324.939s][info][gc,phases   ] GC(76)   Post Evacuate Collection Set: 1.1ms
[324.939s][info][gc,phases   ] GC(76)   Other: 0.2ms
[324.939s][info][gc,heap     ] GC(76) Eden regions: 1210->0(1210)
[324.939s][info][gc,heap     ] GC(76) Survivor regions: 18->18(154)
[324.939s][info][gc,heap     ] GC(76) Old regions: 52->52
[324.939s][info][gc,heap     ] GC(76) Archive regions: 2->2
[324.939s][info][gc,heap     ] GC(76) Humongous regions: 0->0
[324.939s][info][gc,metaspace] GC(76) Metaspace: 791K(896K)->791K(896K) NonClass: 737K(768K)->737K(768K) Class: 53K(128K)->53K(128K)
[324.939s][info][gc          ] GC(76) Pause Young (Normal) (G1 Evacuation Pause) 5120M->280M(8192M) 10.988ms
[324.939s][info][gc,cpu      ] GC(76) User=0.11s Sys=0.01s Real=0.01s
[329.648s][info][gc,start    ] GC(77) Pause Young (Normal) (G1 Evacuation Pause)
[329.648s][info][gc,task     ] GC(77) Using 13 workers of 13 for evacuation
[329.659s][info][gc,phases   ] GC(77)   Pre Evacuate Collection Set: 0.1ms
[329.659s][info][gc,phases   ] GC(77)   Merge Heap Roots: 0.1ms
[329.659s][info][gc,phases   ] GC(77)   Evacuate Collection Set: 9.5ms
[329.659s][info][gc,phases   ] GC(77)   Post Evacuate Collection Set: 1.0ms
[329.659s][info][gc,phases   ] GC(77)   Other: 0.2ms
[329.659s][info][gc,heap     ] GC(77) Eden regions: 1210->0(1210)
[329.659s][info][gc,heap     ] GC(77) Survivor regions: 18->18(154)
[329.659s][info][gc,heap     ] GC(77) Old regions: 52->52
[329.659s][info][gc,heap     ] GC(77) Archive regions: 2->2
[329.659s][info][gc,heap     ] GC(77) Humongous regions: 0->0
[329.659s][info][gc,metaspace] GC(77) Metaspace: 791K(896K)->791K(896K) NonClass: 737K(768K)->737K(768K) Class: 53K(128K)->53K(128K)
[329.659s][info][gc          ] GC(77) Pause Young (Normal) (G1 Evacuation Pause) 5120M->281M(8192M) 11.001ms
[329.659s][info][gc,cpu      ] GC(77) User=0.11s Sys=0.00s Real=0.01s
[334.368s][info][gc,start    ] GC(78) Pause Young (Normal) (G1 Evacuation Pause)
[334.368s][info][gc,task     ] GC(78) Using 13 workers of 13 for evacuation
[334.381s][info][gc,phases   ] GC(78)   Pre Evacuate Collection Set: 0.2ms
[334.381s][info][gc,phases   ] GC(78)   Merge Heap Roots: 0.2ms
[334.381s][info][gc,phases   ] GC(78)   Evacuate Collection Set: 11.3ms
[334.381s][info][gc,phases   ] GC(78)   Post Evacuate Collection Set: 1.1ms
[334.381s][info][gc,phases   ] GC(78)   Other: 0.2ms
[334.381s][info][gc,heap     ] GC(78) Eden regions: 1210->0(1210)
[334.381s][info][gc,heap     ] GC(78) Survivor regions: 18->18(154)
[334.381s][info][gc,heap     ] GC(78) Old regions: 52->52
[334.381s][info][gc,heap     ] GC(78) Archive regions: 2->2
[334.381s][info][gc,heap     ] GC(78) Humongous regions: 0->0
[334.381s][info][gc,metaspace] GC(78) Metaspace: 791K(896K)->791K(896K) NonClass: 737K(768K)->737K(768K) Class: 53K(128K)->53K(128K)
[334.381s][info][gc          ] GC(78) Pause Young (Normal) (G1 Evacuation Pause) 5121M->280M(8192M) 13.256ms
[334.381s][info][gc,cpu      ] GC(78) User=0.13s Sys=0.01s Real=0.02s
[339.089s][info][gc,start    ] GC(79) Pause Young (Normal) (G1 Evacuation Pause)
[339.089s][info][gc,task     ] GC(79) Using 13 workers of 13 for evacuation
[339.100s][info][gc,phases   ] GC(79)   Pre Evacuate Collection Set: 0.1ms
[339.100s][info][gc,phases   ] GC(79)   Merge Heap Roots: 0.2ms
[339.100s][info][gc,phases   ] GC(79)   Evacuate Collection Set: 10.0ms
[339.100s][info][gc,phases   ] GC(79)   Post Evacuate Collection Set: 1.1ms
[339.100s][info][gc,phases   ] GC(79)   Other: 0.2ms
[339.100s][info][gc,heap     ] GC(79) Eden regions: 1210->0(1210)
[339.100s][info][gc,heap     ] GC(79) Survivor regions: 18->18(154)
[339.100s][info][gc,heap     ] GC(79) Old regions: 52->52
[339.100s][info][gc,heap     ] GC(79) Archive regions: 2->2
[339.100s][info][gc,heap     ] GC(79) Humongous regions: 0->0
[339.100s][info][gc,metaspace] GC(79) Metaspace: 791K(896K)->791K(896K) NonClass: 737K(768K)->737K(768K) Class: 53K(128K)->53K(128K)
[339.100s][info][gc          ] GC(79) Pause Young (Normal) (G1 Evacuation Pause) 5120M->280M(8192M) 11.640ms
[339.100s][info][gc,cpu      ] GC(79) User=0.11s Sys=0.02s Real=0.02s
[343.809s][info][gc,start    ] GC(80) Pause Young (Normal) (G1 Evacuation Pause)
[343.809s][info][gc,task     ] GC(80) Using 13 workers of 13 for evacuation
[343.821s][info][gc,phases   ] GC(80)   Pre Evacuate Collection Set: 0.1ms
[343.821s][info][gc,phases   ] GC(80)   Merge Heap Roots: 0.2ms
[343.821s][info][gc,phases   ] GC(80)   Evacuate Collection Set: 10.7ms
[343.821s][info][gc,phases   ] GC(80)   Post Evacuate Collection Set: 1.1ms
[343.821s][info][gc,phases   ] GC(80)   Other: 0.2ms
[343.821s][info][gc,heap     ] GC(80) Eden regions: 1210->0(1210)
[343.821s][info][gc,heap     ] GC(80) Survivor regions: 18->18(154)
[343.821s][info][gc,heap     ] GC(80) Old regions: 52->52
[343.821s][info][gc,heap     ] GC(80) Archive regions: 2->2
[343.821s][info][gc,heap     ] GC(80) Humongous regions: 0->0
[343.821s][info][gc,metaspace] GC(80) Metaspace: 791K(896K)->791K(896K) NonClass: 737K(768K)->737K(768K) Class: 53K(128K)->53K(128K)
[343.821s][info][gc          ] GC(80) Pause Young (Normal) (G1 Evacuation Pause) 5120M->280M(8192M) 12.305ms
[343.821s][info][gc,cpu      ] GC(80) User=0.13s Sys=0.01s Real=0.02s
[348.537s][info][gc,start    ] GC(81) Pause Young (Normal) (G1 Evacuation Pause)
[348.537s][info][gc,task     ] GC(81) Using 13 workers of 13 for evacuation
[348.548s][info][gc,phases   ] GC(81)   Pre Evacuate Collection Set: 0.1ms
[348.548s][info][gc,phases   ] GC(81)   Merge Heap Roots: 0.1ms
[348.548s][info][gc,phases   ] GC(81)   Evacuate Collection Set: 9.4ms
[348.548s][info][gc,phases   ] GC(81)   Post Evacuate Collection Set: 1.1ms
[348.548s][info][gc,phases   ] GC(81)   Other: 0.2ms
[348.548s][info][gc,heap     ] GC(81) Eden regions: 1210->0(1210)
[348.548s][info][gc,heap     ] GC(81) Survivor regions: 18->18(154)
[348.548s][info][gc,heap     ] GC(81) Old regions: 52->52
[348.549s][info][gc,heap     ] GC(81) Archive regions: 2->2
[348.549s][info][gc,heap     ] GC(81) Humongous regions: 0->0
[348.549s][info][gc,metaspace] GC(81) Metaspace: 791K(896K)->791K(896K) NonClass: 737K(768K)->737K(768K) Class: 53K(128K)->53K(128K)
[348.549s][info][gc          ] GC(81) Pause Young (Normal) (G1 Evacuation Pause) 5120M->279M(8192M) 11.117ms
[348.549s][info][gc,cpu      ] GC(81) User=0.12s Sys=0.01s Real=0.01s
[353.258s][info][gc,start    ] GC(82) Pause Young (Normal) (G1 Evacuation Pause)
[353.258s][info][gc,task     ] GC(82) Using 13 workers of 13 for evacuation
[353.269s][info][gc,phases   ] GC(82)   Pre Evacuate Collection Set: 0.1ms
[353.269s][info][gc,phases   ] GC(82)   Merge Heap Roots: 0.2ms
[353.269s][info][gc,phases   ] GC(82)   Evacuate Collection Set: 9.7ms
[353.269s][info][gc,phases   ] GC(82)   Post Evacuate Collection Set: 1.2ms
[353.269s][info][gc,phases   ] GC(82)   Other: 0.2ms
[353.269s][info][gc,heap     ] GC(82) Eden regions: 1210->0(1210)
[353.269s][info][gc,heap     ] GC(82) Survivor regions: 18->18(154)
[353.269s][info][gc,heap     ] GC(82) Old regions: 52->52
[353.269s][info][gc,heap     ] GC(82) Archive regions: 2->2
[353.269s][info][gc,heap     ] GC(82) Humongous regions: 0->0
[353.269s][info][gc,metaspace] GC(82) Metaspace: 791K(896K)->791K(896K) NonClass: 737K(768K)->737K(768K) Class: 53K(128K)->53K(128K)
[353.269s][info][gc          ] GC(82) Pause Young (Normal) (G1 Evacuation Pause) 5119M->281M(8192M) 11.522ms
[353.269s][info][gc,cpu      ] GC(82) User=0.12s Sys=0.01s Real=0.01s
[357.979s][info][gc,start    ] GC(83) Pause Young (Normal) (G1 Evacuation Pause)
[357.979s][info][gc,task     ] GC(83) Using 13 workers of 13 for evacuation
[357.989s][info][gc,phases   ] GC(83)   Pre Evacuate Collection Set: 0.1ms
[357.989s][info][gc,phases   ] GC(83)   Merge Heap Roots: 0.2ms
[357.989s][info][gc,phases   ] GC(83)   Evacuate Collection Set: 9.0ms
[357.989s][info][gc,phases   ] GC(83)   Post Evacuate Collection Set: 1.0ms
[357.989s][info][gc,phases   ] GC(83)   Other: 0.2ms
[357.989s][info][gc,heap     ] GC(83) Eden regions: 1210->0(1209)
[357.989s][info][gc,heap     ] GC(83) Survivor regions: 18->19(154)
[357.989s][info][gc,heap     ] GC(83) Old regions: 52->52
[357.989s][info][gc,heap     ] GC(83) Archive regions: 2->2
[357.989s][info][gc,heap     ] GC(83) Humongous regions: 0->0
[357.989s][info][gc,metaspace] GC(83) Metaspace: 791K(896K)->791K(896K) NonClass: 737K(768K)->737K(768K) Class: 53K(128K)->53K(128K)
[357.989s][info][gc          ] GC(83) Pause Young (Normal) (G1 Evacuation Pause) 5121M->282M(8192M) 10.694ms
[357.989s][info][gc,cpu      ] GC(83) User=0.11s Sys=0.01s Real=0.02s
[362.690s][info][gc,start    ] GC(84) Pause Young (Normal) (G1 Evacuation Pause)
[362.690s][info][gc,task     ] GC(84) Using 13 workers of 13 for evacuation
[362.702s][info][gc,phases   ] GC(84)   Pre Evacuate Collection Set: 0.1ms
[362.702s][info][gc,phases   ] GC(84)   Merge Heap Roots: 0.2ms
[362.702s][info][gc,phases   ] GC(84)   Evacuate Collection Set: 10.8ms
[362.702s][info][gc,phases   ] GC(84)   Post Evacuate Collection Set: 1.1ms
[362.702s][info][gc,phases   ] GC(84)   Other: 0.2ms
[362.702s][info][gc,heap     ] GC(84) Eden regions: 1209->0(1209)
[362.702s][info][gc,heap     ] GC(84) Survivor regions: 19->19(154)
[362.702s][info][gc,heap     ] GC(84) Old regions: 52->52
[362.702s][info][gc,heap     ] GC(84) Archive regions: 2->2
[362.702s][info][gc,heap     ] GC(84) Humongous regions: 0->0
[362.702s][info][gc,metaspace] GC(84) Metaspace: 791K(896K)->791K(896K) NonClass: 737K(768K)->737K(768K) Class: 53K(128K)->53K(128K)
[362.703s][info][gc          ] GC(84) Pause Young (Normal) (G1 Evacuation Pause) 5118M->284M(8192M) 12.578ms
[362.703s][info][gc,cpu      ] GC(84) User=0.13s Sys=0.01s Real=0.01s
[367.409s][info][gc,start    ] GC(85) Pause Young (Normal) (G1 Evacuation Pause)
[367.409s][info][gc,task     ] GC(85) Using 13 workers of 13 for evacuation
[367.421s][info][gc,phases   ] GC(85)   Pre Evacuate Collection Set: 0.1ms
[367.421s][info][gc,phases   ] GC(85)   Merge Heap Roots: 0.2ms
[367.421s][info][gc,phases   ] GC(85)   Evacuate Collection Set: 10.6ms
[367.421s][info][gc,phases   ] GC(85)   Post Evacuate Collection Set: 1.1ms
[367.421s][info][gc,phases   ] GC(85)   Other: 0.2ms
[367.421s][info][gc,heap     ] GC(85) Eden regions: 1209->0(1209)
[367.421s][info][gc,heap     ] GC(85) Survivor regions: 19->19(154)
[367.421s][info][gc,heap     ] GC(85) Old regions: 52->52
[367.421s][info][gc,heap     ] GC(85) Archive regions: 2->2
[367.421s][info][gc,heap     ] GC(85) Humongous regions: 0->0
[367.421s][info][gc,metaspace] GC(85) Metaspace: 791K(896K)->791K(896K) NonClass: 737K(768K)->737K(768K) Class: 53K(128K)->53K(128K)
[367.421s][info][gc          ] GC(85) Pause Young (Normal) (G1 Evacuation Pause) 5120M->283M(8192M) 12.457ms
[367.421s][info][gc,cpu      ] GC(85) User=0.13s Sys=0.01s Real=0.02s
[372.128s][info][gc,start    ] GC(86) Pause Young (Normal) (G1 Evacuation Pause)
[372.128s][info][gc,task     ] GC(86) Using 13 workers of 13 for evacuation
[372.140s][info][gc,phases   ] GC(86)   Pre Evacuate Collection Set: 0.1ms
[372.140s][info][gc,phases   ] GC(86)   Merge Heap Roots: 0.2ms
[372.140s][info][gc,phases   ] GC(86)   Evacuate Collection Set: 9.9ms
[372.140s][info][gc,phases   ] GC(86)   Post Evacuate Collection Set: 1.0ms
[372.140s][info][gc,phases   ] GC(86)   Other: 0.2ms
[372.140s][info][gc,heap     ] GC(86) Eden regions: 1209->0(1209)
[372.140s][info][gc,heap     ] GC(86) Survivor regions: 19->19(154)
[372.140s][info][gc,heap     ] GC(86) Old regions: 52->52
[372.140s][info][gc,heap     ] GC(86) Archive regions: 2->2
[372.140s][info][gc,heap     ] GC(86) Humongous regions: 0->0
[372.140s][info][gc,metaspace] GC(86) Metaspace: 791K(896K)->791K(896K) NonClass: 737K(768K)->737K(768K) Class: 53K(128K)->53K(128K)
[372.140s][info][gc          ] GC(86) Pause Young (Normal) (G1 Evacuation Pause) 5119M->282M(8192M) 11.563ms
[372.140s][info][gc,cpu      ] GC(86) User=0.12s Sys=0.01s Real=0.02s
[376.848s][info][gc,start    ] GC(87) Pause Young (Normal) (G1 Evacuation Pause)
[376.848s][info][gc,task     ] GC(87) Using 13 workers of 13 for evacuation
[376.861s][info][gc,phases   ] GC(87)   Pre Evacuate Collection Set: 0.1ms
[376.861s][info][gc,phases   ] GC(87)   Merge Heap Roots: 0.1ms
[376.861s][info][gc,phases   ] GC(87)   Evacuate Collection Set: 11.5ms
[376.861s][info][gc,phases   ] GC(87)   Post Evacuate Collection Set: 1.2ms
[376.861s][info][gc,phases   ] GC(87)   Other: 0.2ms
[376.861s][info][gc,heap     ] GC(87) Eden regions: 1209->0(1210)
[376.861s][info][gc,heap     ] GC(87) Survivor regions: 19->18(154)
[376.861s][info][gc,heap     ] GC(87) Old regions: 52->52
[376.861s][info][gc,heap     ] GC(87) Archive regions: 2->2
[376.861s][info][gc,heap     ] GC(87) Humongous regions: 0->0
[376.861s][info][gc,metaspace] GC(87) Metaspace: 791K(896K)->791K(896K) NonClass: 737K(768K)->737K(768K) Class: 53K(128K)->53K(128K)
[376.861s][info][gc          ] GC(87) Pause Young (Normal) (G1 Evacuation Pause) 5118M->282M(8192M) 13.266ms
[376.861s][info][gc,cpu      ] GC(87) User=0.12s Sys=0.02s Real=0.02s
[381.568s][info][gc,start    ] GC(88) Pause Young (Normal) (G1 Evacuation Pause)
[381.568s][info][gc,task     ] GC(88) Using 13 workers of 13 for evacuation
[381.579s][info][gc,phases   ] GC(88)   Pre Evacuate Collection Set: 0.1ms
[381.579s][info][gc,phases   ] GC(88)   Merge Heap Roots: 0.2ms
[381.579s][info][gc,phases   ] GC(88)   Evacuate Collection Set: 9.8ms
[381.579s][info][gc,phases   ] GC(88)   Post Evacuate Collection Set: 1.1ms
[381.579s][info][gc,phases   ] GC(88)   Other: 0.2ms
[381.579s][info][gc,heap     ] GC(88) Eden regions: 1210->0(1210)
[381.579s][info][gc,heap     ] GC(88) Survivor regions: 18->18(154)
[381.579s][info][gc,heap     ] GC(88) Old regions: 52->52
[381.579s][info][gc,heap     ] GC(88) Archive regions: 2->2
[381.579s][info][gc,heap     ] GC(88) Humongous regions: 0->0
[381.579s][info][gc,metaspace] GC(88) Metaspace: 791K(896K)->791K(896K) NonClass: 737K(768K)->737K(768K) Class: 53K(128K)->53K(128K)
[381.579s][info][gc          ] GC(88) Pause Young (Normal) (G1 Evacuation Pause) 5122M->281M(8192M) 11.489ms
[381.579s][info][gc,cpu      ] GC(88) User=0.12s Sys=0.01s Real=0.02s
[386.288s][info][gc,start    ] GC(89) Pause Young (Normal) (G1 Evacuation Pause)
[386.288s][info][gc,task     ] GC(89) Using 13 workers of 13 for evacuation
[386.300s][info][gc,phases   ] GC(89)   Pre Evacuate Collection Set: 0.1ms
[386.300s][info][gc,phases   ] GC(89)   Merge Heap Roots: 0.2ms
[386.300s][info][gc,phases   ] GC(89)   Evacuate Collection Set: 9.7ms
[386.300s][info][gc,phases   ] GC(89)   Post Evacuate Collection Set: 1.0ms
[386.300s][info][gc,phases   ] GC(89)   Other: 0.2ms
[386.300s][info][gc,heap     ] GC(89) Eden regions: 1210->0(1210)
[386.300s][info][gc,heap     ] GC(89) Survivor regions: 18->18(154)
[386.300s][info][gc,heap     ] GC(89) Old regions: 52->52
[386.300s][info][gc,heap     ] GC(89) Archive regions: 2->2
[386.300s][info][gc,heap     ] GC(89) Humongous regions: 0->0
[386.300s][info][gc,metaspace] GC(89) Metaspace: 791K(896K)->791K(896K) NonClass: 737K(768K)->737K(768K) Class: 53K(128K)->53K(128K)
[386.300s][info][gc          ] GC(89) Pause Young (Normal) (G1 Evacuation Pause) 5121M->281M(8192M) 11.384ms
[386.300s][info][gc,cpu      ] GC(89) User=0.11s Sys=0.01s Real=0.02s
[391.010s][info][gc,start    ] GC(90) Pause Young (Normal) (G1 Evacuation Pause)
[391.010s][info][gc,task     ] GC(90) Using 13 workers of 13 for evacuation
[391.021s][info][gc,phases   ] GC(90)   Pre Evacuate Collection Set: 0.1ms
[391.021s][info][gc,phases   ] GC(90)   Merge Heap Roots: 0.2ms
[391.021s][info][gc,phases   ] GC(90)   Evacuate Collection Set: 9.6ms
[391.021s][info][gc,phases   ] GC(90)   Post Evacuate Collection Set: 1.0ms
[391.021s][info][gc,phases   ] GC(90)   Other: 0.2ms
[391.021s][info][gc,heap     ] GC(90) Eden regions: 1210->0(1210)
[391.021s][info][gc,heap     ] GC(90) Survivor regions: 18->18(154)
[391.021s][info][gc,heap     ] GC(90) Old regions: 52->52
[391.021s][info][gc,heap     ] GC(90) Archive regions: 2->2
[391.021s][info][gc,heap     ] GC(90) Humongous regions: 0->0
[391.021s][info][gc,metaspace] GC(90) Metaspace: 791K(896K)->791K(896K) NonClass: 737K(768K)->737K(768K) Class: 53K(128K)->53K(128K)
[391.021s][info][gc          ] GC(90) Pause Young (Normal) (G1 Evacuation Pause) 5121M->281M(8192M) 11.290ms
[391.021s][info][gc,cpu      ] GC(90) User=0.12s Sys=0.01s Real=0.01s
[395.738s][info][gc,start    ] GC(91) Pause Young (Normal) (G1 Evacuation Pause)
[395.738s][info][gc,task     ] GC(91) Using 13 workers of 13 for evacuation
[395.750s][info][gc,phases   ] GC(91)   Pre Evacuate Collection Set: 0.1ms
[395.750s][info][gc,phases   ] GC(91)   Merge Heap Roots: 0.2ms
[395.750s][info][gc,phases   ] GC(91)   Evacuate Collection Set: 10.0ms
[395.750s][info][gc,phases   ] GC(91)   Post Evacuate Collection Set: 1.2ms
[395.750s][info][gc,phases   ] GC(91)   Other: 0.2ms
[395.750s][info][gc,heap     ] GC(91) Eden regions: 1210->0(1210)
[395.750s][info][gc,heap     ] GC(91) Survivor regions: 18->18(154)
[395.750s][info][gc,heap     ] GC(91) Old regions: 52->52
[395.750s][info][gc,heap     ] GC(91) Archive regions: 2->2
[395.750s][info][gc,heap     ] GC(91) Humongous regions: 0->0
[395.750s][info][gc,metaspace] GC(91) Metaspace: 791K(896K)->791K(896K) NonClass: 737K(768K)->737K(768K) Class: 53K(128K)->53K(128K)
[395.750s][info][gc          ] GC(91) Pause Young (Normal) (G1 Evacuation Pause) 5121M->281M(8192M) 11.865ms
[395.750s][info][gc,cpu      ] GC(91) User=0.12s Sys=0.01s Real=0.02s
[400.458s][info][gc,start    ] GC(92) Pause Young (Normal) (G1 Evacuation Pause)
[400.458s][info][gc,task     ] GC(92) Using 13 workers of 13 for evacuation
[400.470s][info][gc,phases   ] GC(92)   Pre Evacuate Collection Set: 0.1ms
[400.470s][info][gc,phases   ] GC(92)   Merge Heap Roots: 0.2ms
[400.470s][info][gc,phases   ] GC(92)   Evacuate Collection Set: 10.3ms
[400.470s][info][gc,phases   ] GC(92)   Post Evacuate Collection Set: 1.2ms
[400.470s][info][gc,phases   ] GC(92)   Other: 0.2ms
[400.470s][info][gc,heap     ] GC(92) Eden regions: 1210->0(1210)
[400.470s][info][gc,heap     ] GC(92) Survivor regions: 18->18(154)
[400.470s][info][gc,heap     ] GC(92) Old regions: 52->52
[400.470s][info][gc,heap     ] GC(92) Archive regions: 2->2
[400.470s][info][gc,heap     ] GC(92) Humongous regions: 0->0
[400.470s][info][gc,metaspace] GC(92) Metaspace: 791K(896K)->791K(896K) NonClass: 737K(768K)->737K(768K) Class: 53K(128K)->53K(128K)
[400.470s][info][gc          ] GC(92) Pause Young (Normal) (G1 Evacuation Pause) 5121M->282M(8192M) 12.176ms
[400.470s][info][gc,cpu      ] GC(92) User=0.12s Sys=0.01s Real=0.01s
[405.178s][info][gc,start    ] GC(93) Pause Young (Normal) (G1 Evacuation Pause)
[405.178s][info][gc,task     ] GC(93) Using 13 workers of 13 for evacuation
[405.190s][info][gc,phases   ] GC(93)   Pre Evacuate Collection Set: 0.1ms
[405.190s][info][gc,phases   ] GC(93)   Merge Heap Roots: 0.2ms
[405.190s][info][gc,phases   ] GC(93)   Evacuate Collection Set: 10.1ms
[405.190s][info][gc,phases   ] GC(93)   Post Evacuate Collection Set: 1.1ms
[405.190s][info][gc,phases   ] GC(93)   Other: 0.2ms
[405.190s][info][gc,heap     ] GC(93) Eden regions: 1210->0(1210)
[405.190s][info][gc,heap     ] GC(93) Survivor regions: 18->18(154)
[405.190s][info][gc,heap     ] GC(93) Old regions: 52->52
[405.190s][info][gc,heap     ] GC(93) Archive regions: 2->2
[405.190s][info][gc,heap     ] GC(93) Humongous regions: 0->0
[405.190s][info][gc,metaspace] GC(93) Metaspace: 791K(896K)->791K(896K) NonClass: 737K(768K)->737K(768K) Class: 53K(128K)->53K(128K)
[405.190s][info][gc          ] GC(93) Pause Young (Normal) (G1 Evacuation Pause) 5122M->282M(8192M) 11.856ms
[405.190s][info][gc,cpu      ] GC(93) User=0.11s Sys=0.00s Real=0.01s
[409.899s][info][gc,start    ] GC(94) Pause Young (Normal) (G1 Evacuation Pause)
[409.899s][info][gc,task     ] GC(94) Using 13 workers of 13 for evacuation
[409.911s][info][gc,phases   ] GC(94)   Pre Evacuate Collection Set: 0.1ms
[409.911s][info][gc,phases   ] GC(94)   Merge Heap Roots: 0.2ms
[409.911s][info][gc,phases   ] GC(94)   Evacuate Collection Set: 11.1ms
[409.911s][info][gc,phases   ] GC(94)   Post Evacuate Collection Set: 1.1ms
[409.912s][info][gc,phases   ] GC(94)   Other: 0.2ms
[409.912s][info][gc,heap     ] GC(94) Eden regions: 1210->0(1210)
[409.912s][info][gc,heap     ] GC(94) Survivor regions: 18->18(154)
[409.912s][info][gc,heap     ] GC(94) Old regions: 52->52
[409.912s][info][gc,heap     ] GC(94) Archive regions: 2->2
[409.912s][info][gc,heap     ] GC(94) Humongous regions: 0->0
[409.912s][info][gc,metaspace] GC(94) Metaspace: 791K(896K)->791K(896K) NonClass: 737K(768K)->737K(768K) Class: 53K(128K)->53K(128K)
[409.912s][info][gc          ] GC(94) Pause Young (Normal) (G1 Evacuation Pause) 5122M->280M(8192M) 12.910ms
[409.912s][info][gc,cpu      ] GC(94) User=0.12s Sys=0.01s Real=0.01s
[414.618s][info][gc,start    ] GC(95) Pause Young (Normal) (G1 Evacuation Pause)
[414.618s][info][gc,task     ] GC(95) Using 13 workers of 13 for evacuation
[414.629s][info][gc,phases   ] GC(95)   Pre Evacuate Collection Set: 0.1ms
[414.629s][info][gc,phases   ] GC(95)   Merge Heap Roots: 0.1ms
[414.629s][info][gc,phases   ] GC(95)   Evacuate Collection Set: 9.4ms
[414.629s][info][gc,phases   ] GC(95)   Post Evacuate Collection Set: 1.1ms
[414.629s][info][gc,phases   ] GC(95)   Other: 0.2ms
[414.629s][info][gc,heap     ] GC(95) Eden regions: 1210->0(1209)
[414.629s][info][gc,heap     ] GC(95) Survivor regions: 18->19(154)
[414.629s][info][gc,heap     ] GC(95) Old regions: 52->52
[414.629s][info][gc,heap     ] GC(95) Archive regions: 2->2
[414.629s][info][gc,heap     ] GC(95) Humongous regions: 0->0
[414.629s][info][gc,metaspace] GC(95) Metaspace: 791K(896K)->791K(896K) NonClass: 737K(768K)->737K(768K) Class: 53K(128K)->53K(128K)
[414.629s][info][gc          ] GC(95) Pause Young (Normal) (G1 Evacuation Pause) 5120M->283M(8192M) 11.083ms
[414.629s][info][gc,cpu      ] GC(95) User=0.11s Sys=0.01s Real=0.01s
[419.338s][info][gc,start    ] GC(96) Pause Young (Normal) (G1 Evacuation Pause)
[419.338s][info][gc,task     ] GC(96) Using 13 workers of 13 for evacuation
[419.348s][info][gc,phases   ] GC(96)   Pre Evacuate Collection Set: 0.1ms
[419.348s][info][gc,phases   ] GC(96)   Merge Heap Roots: 0.2ms
[419.348s][info][gc,phases   ] GC(96)   Evacuate Collection Set: 9.0ms
[419.348s][info][gc,phases   ] GC(96)   Post Evacuate Collection Set: 1.1ms
[419.348s][info][gc,phases   ] GC(96)   Other: 0.2ms
[419.348s][info][gc,heap     ] GC(96) Eden regions: 1209->0(1210)
[419.348s][info][gc,heap     ] GC(96) Survivor regions: 19->18(154)
[419.348s][info][gc,heap     ] GC(96) Old regions: 52->52
[419.348s][info][gc,heap     ] GC(96) Archive regions: 2->2
[419.348s][info][gc,heap     ] GC(96) Humongous regions: 0->0
[419.348s][info][gc,metaspace] GC(96) Metaspace: 791K(896K)->791K(896K) NonClass: 737K(768K)->737K(768K) Class: 53K(128K)->53K(128K)
[419.348s][info][gc          ] GC(96) Pause Young (Normal) (G1 Evacuation Pause) 5119M->281M(8192M) 10.758ms
[419.348s][info][gc,cpu      ] GC(96) User=0.11s Sys=0.00s Real=0.01s
[424.059s][info][gc,start    ] GC(97) Pause Young (Normal) (G1 Evacuation Pause)
[424.059s][info][gc,task     ] GC(97) Using 13 workers of 13 for evacuation
[424.072s][info][gc,phases   ] GC(97)   Pre Evacuate Collection Set: 0.1ms
[424.072s][info][gc,phases   ] GC(97)   Merge Heap Roots: 0.2ms
[424.072s][info][gc,phases   ] GC(97)   Evacuate Collection Set: 11.6ms
[424.072s][info][gc,phases   ] GC(97)   Post Evacuate Collection Set: 1.3ms
[424.072s][info][gc,phases   ] GC(97)   Other: 0.2ms
[424.072s][info][gc,heap     ] GC(97) Eden regions: 1210->0(1210)
[424.072s][info][gc,heap     ] GC(97) Survivor regions: 18->18(154)
[424.072s][info][gc,heap     ] GC(97) Old regions: 52->52
[424.072s][info][gc,heap     ] GC(97) Archive regions: 2->2
[424.072s][info][gc,heap     ] GC(97) Humongous regions: 0->0
[424.072s][info][gc,metaspace] GC(97) Metaspace: 791K(896K)->791K(896K) NonClass: 737K(768K)->737K(768K) Class: 53K(128K)->53K(128K)
[424.072s][info][gc          ] GC(97) Pause Young (Normal) (G1 Evacuation Pause) 5121M->282M(8192M) 13.675ms
[424.072s][info][gc,cpu      ] GC(97) User=0.14s Sys=0.00s Real=0.01s
[428.779s][info][gc,start    ] GC(98) Pause Young (Normal) (G1 Evacuation Pause)
[428.779s][info][gc,task     ] GC(98) Using 13 workers of 13 for evacuation
[428.790s][info][gc,phases   ] GC(98)   Pre Evacuate Collection Set: 0.1ms
[428.790s][info][gc,phases   ] GC(98)   Merge Heap Roots: 0.1ms
[428.790s][info][gc,phases   ] GC(98)   Evacuate Collection Set: 9.4ms
[428.790s][info][gc,phases   ] GC(98)   Post Evacuate Collection Set: 1.5ms
[428.790s][info][gc,phases   ] GC(98)   Other: 0.2ms
[428.790s][info][gc,heap     ] GC(98) Eden regions: 1210->0(1210)
[428.790s][info][gc,heap     ] GC(98) Survivor regions: 18->18(154)
[428.790s][info][gc,heap     ] GC(98) Old regions: 52->52
[428.790s][info][gc,heap     ] GC(98) Archive regions: 2->2
[428.790s][info][gc,heap     ] GC(98) Humongous regions: 0->0
[428.790s][info][gc,metaspace] GC(98) Metaspace: 791K(896K)->791K(896K) NonClass: 737K(768K)->737K(768K) Class: 53K(128K)->53K(128K)
[428.790s][info][gc          ] GC(98) Pause Young (Normal) (G1 Evacuation Pause) 5122M->282M(8192M) 11.535ms
[428.790s][info][gc,cpu      ] GC(98) User=0.12s Sys=0.01s Real=0.01s
[433.499s][info][gc,start    ] GC(99) Pause Young (Normal) (G1 Evacuation Pause)
[433.499s][info][gc,task     ] GC(99) Using 13 workers of 13 for evacuation
[433.511s][info][gc,phases   ] GC(99)   Pre Evacuate Collection Set: 0.2ms
[433.511s][info][gc,phases   ] GC(99)   Merge Heap Roots: 0.2ms
[433.511s][info][gc,phases   ] GC(99)   Evacuate Collection Set: 9.7ms
[433.511s][info][gc,phases   ] GC(99)   Post Evacuate Collection Set: 1.2ms
[433.511s][info][gc,phases   ] GC(99)   Other: 0.2ms
[433.511s][info][gc,heap     ] GC(99) Eden regions: 1210->0(1209)
[433.511s][info][gc,heap     ] GC(99) Survivor regions: 18->19(154)
[433.511s][info][gc,heap     ] GC(99) Old regions: 52->52
[433.511s][info][gc,heap     ] GC(99) Archive regions: 2->2
[433.511s][info][gc,heap     ] GC(99) Humongous regions: 0->0
[433.511s][info][gc,metaspace] GC(99) Metaspace: 791K(896K)->791K(896K) NonClass: 737K(768K)->737K(768K) Class: 53K(128K)->53K(128K)
[433.511s][info][gc          ] GC(99) Pause Young (Normal) (G1 Evacuation Pause) 5122M->284M(8192M) 11.788ms
[433.511s][info][gc,cpu      ] GC(99) User=0.11s Sys=0.01s Real=0.01s
[438.219s][info][gc,start    ] GC(100) Pause Young (Normal) (G1 Evacuation Pause)
[438.219s][info][gc,task     ] GC(100) Using 13 workers of 13 for evacuation
[438.232s][info][gc,phases   ] GC(100)   Pre Evacuate Collection Set: 0.1ms
[438.232s][info][gc,phases   ] GC(100)   Merge Heap Roots: 0.2ms
[438.232s][info][gc,phases   ] GC(100)   Evacuate Collection Set: 10.9ms
[438.232s][info][gc,phases   ] GC(100)   Post Evacuate Collection Set: 1.3ms
[438.232s][info][gc,phases   ] GC(100)   Other: 0.2ms
[438.232s][info][gc,heap     ] GC(100) Eden regions: 1209->0(1210)
[438.232s][info][gc,heap     ] GC(100) Survivor regions: 19->18(154)
[438.232s][info][gc,heap     ] GC(100) Old regions: 52->52
[438.232s][info][gc,heap     ] GC(100) Archive regions: 2->2
[438.232s][info][gc,heap     ] GC(100) Humongous regions: 0->0
[438.232s][info][gc,metaspace] GC(100) Metaspace: 791K(896K)->791K(896K) NonClass: 737K(768K)->737K(768K) Class: 53K(128K)->53K(128K)
[438.232s][info][gc          ] GC(100) Pause Young (Normal) (G1 Evacuation Pause) 5120M->281M(8192M) 12.878ms
[438.232s][info][gc,cpu      ] GC(100) User=0.13s Sys=0.02s Real=0.01s
[442.939s][info][gc,start    ] GC(101) Pause Young (Normal) (G1 Evacuation Pause)
[442.939s][info][gc,task     ] GC(101) Using 13 workers of 13 for evacuation
[442.951s][info][gc,phases   ] GC(101)   Pre Evacuate Collection Set: 0.1ms
[442.951s][info][gc,phases   ] GC(101)   Merge Heap Roots: 0.2ms
[442.951s][info][gc,phases   ] GC(101)   Evacuate Collection Set: 10.1ms
[442.951s][info][gc,phases   ] GC(101)   Post Evacuate Collection Set: 1.1ms
[442.951s][info][gc,phases   ] GC(101)   Other: 0.2ms
[442.951s][info][gc,heap     ] GC(101) Eden regions: 1210->0(1210)
[442.951s][info][gc,heap     ] GC(101) Survivor regions: 18->18(154)
[442.951s][info][gc,heap     ] GC(101) Old regions: 52->52
[442.951s][info][gc,heap     ] GC(101) Archive regions: 2->2
[442.951s][info][gc,heap     ] GC(101) Humongous regions: 0->0
[442.951s][info][gc,metaspace] GC(101) Metaspace: 791K(896K)->791K(896K) NonClass: 737K(768K)->737K(768K) Class: 53K(128K)->53K(128K)
[442.951s][info][gc          ] GC(101) Pause Young (Normal) (G1 Evacuation Pause) 5121M->282M(8192M) 11.777ms
[442.951s][info][gc,cpu      ] GC(101) User=0.11s Sys=0.01s Real=0.01s
[447.668s][info][gc,start    ] GC(102) Pause Young (Normal) (G1 Evacuation Pause)
[447.668s][info][gc,task     ] GC(102) Using 13 workers of 13 for evacuation
[447.679s][info][gc,phases   ] GC(102)   Pre Evacuate Collection Set: 0.1ms
[447.679s][info][gc,phases   ] GC(102)   Merge Heap Roots: 0.2ms
[447.679s][info][gc,phases   ] GC(102)   Evacuate Collection Set: 9.5ms
[447.679s][info][gc,phases   ] GC(102)   Post Evacuate Collection Set: 1.1ms
[447.679s][info][gc,phases   ] GC(102)   Other: 0.2ms
[447.679s][info][gc,heap     ] GC(102) Eden regions: 1210->0(1210)
[447.679s][info][gc,heap     ] GC(102) Survivor regions: 18->18(154)
[447.679s][info][gc,heap     ] GC(102) Old regions: 52->52
[447.679s][info][gc,heap     ] GC(102) Archive regions: 2->2
[447.679s][info][gc,heap     ] GC(102) Humongous regions: 0->0
[447.679s][info][gc,metaspace] GC(102) Metaspace: 791K(896K)->791K(896K) NonClass: 737K(768K)->737K(768K) Class: 53K(128K)->53K(128K)
[447.679s][info][gc          ] GC(102) Pause Young (Normal) (G1 Evacuation Pause) 5122M->283M(8192M) 11.222ms
[447.679s][info][gc,cpu      ] GC(102) User=0.12s Sys=0.01s Real=0.01s
[452.389s][info][gc,start    ] GC(103) Pause Young (Normal) (G1 Evacuation Pause)
[452.389s][info][gc,task     ] GC(103) Using 13 workers of 13 for evacuation
[452.400s][info][gc,phases   ] GC(103)   Pre Evacuate Collection Set: 0.1ms
[452.400s][info][gc,phases   ] GC(103)   Merge Heap Roots: 0.2ms
[452.400s][info][gc,phases   ] GC(103)   Evacuate Collection Set: 9.8ms
[452.400s][info][gc,phases   ] GC(103)   Post Evacuate Collection Set: 1.1ms
[452.400s][info][gc,phases   ] GC(103)   Other: 0.2ms
[452.400s][info][gc,heap     ] GC(103) Eden regions: 1210->0(1210)
[452.400s][info][gc,heap     ] GC(103) Survivor regions: 18->18(154)
[452.400s][info][gc,heap     ] GC(103) Old regions: 52->52
[452.400s][info][gc,heap     ] GC(103) Archive regions: 2->2
[452.400s][info][gc,heap     ] GC(103) Humongous regions: 0->0
[452.400s][info][gc,metaspace] GC(103) Metaspace: 791K(896K)->791K(896K) NonClass: 737K(768K)->737K(768K) Class: 53K(128K)->53K(128K)
[452.400s][info][gc          ] GC(103) Pause Young (Normal) (G1 Evacuation Pause) 5123M->283M(8192M) 11.532ms
[452.400s][info][gc,cpu      ] GC(103) User=0.12s Sys=0.01s Real=0.01s
[457.108s][info][gc,start    ] GC(104) Pause Young (Normal) (G1 Evacuation Pause)
[457.108s][info][gc,task     ] GC(104) Using 13 workers of 13 for evacuation
[457.120s][info][gc,phases   ] GC(104)   Pre Evacuate Collection Set: 0.1ms
[457.120s][info][gc,phases   ] GC(104)   Merge Heap Roots: 0.1ms
[457.120s][info][gc,phases   ] GC(104)   Evacuate Collection Set: 10.4ms
[457.120s][info][gc,phases   ] GC(104)   Post Evacuate Collection Set: 1.2ms
[457.120s][info][gc,phases   ] GC(104)   Other: 0.2ms
[457.121s][info][gc,heap     ] GC(104) Eden regions: 1210->0(1210)
[457.121s][info][gc,heap     ] GC(104) Survivor regions: 18->18(154)
[457.121s][info][gc,heap     ] GC(104) Old regions: 52->52
[457.121s][info][gc,heap     ] GC(104) Archive regions: 2->2
[457.121s][info][gc,heap     ] GC(104) Humongous regions: 0->0
[457.121s][info][gc,metaspace] GC(104) Metaspace: 791K(896K)->791K(896K) NonClass: 737K(768K)->737K(768K) Class: 53K(128K)->53K(128K)
[457.121s][info][gc          ] GC(104) Pause Young (Normal) (G1 Evacuation Pause) 5123M->283M(8192M) 12.133ms
[457.121s][info][gc,cpu      ] GC(104) User=0.12s Sys=0.01s Real=0.01s
[461.837s][info][gc,start    ] GC(105) Pause Young (Normal) (G1 Evacuation Pause)
[461.837s][info][gc,task     ] GC(105) Using 13 workers of 13 for evacuation
[461.849s][info][gc,phases   ] GC(105)   Pre Evacuate Collection Set: 0.1ms
[461.849s][info][gc,phases   ] GC(105)   Merge Heap Roots: 0.2ms
[461.849s][info][gc,phases   ] GC(105)   Evacuate Collection Set: 10.1ms
[461.849s][info][gc,phases   ] GC(105)   Post Evacuate Collection Set: 1.2ms
[461.849s][info][gc,phases   ] GC(105)   Other: 0.2ms
[461.849s][info][gc,heap     ] GC(105) Eden regions: 1210->0(1210)
[461.849s][info][gc,heap     ] GC(105) Survivor regions: 18->18(154)
[461.849s][info][gc,heap     ] GC(105) Old regions: 52->52
[461.849s][info][gc,heap     ] GC(105) Archive regions: 2->2
[461.849s][info][gc,heap     ] GC(105) Humongous regions: 0->0
[461.849s][info][gc,metaspace] GC(105) Metaspace: 791K(896K)->791K(896K) NonClass: 737K(768K)->737K(768K) Class: 53K(128K)->53K(128K)
[461.849s][info][gc          ] GC(105) Pause Young (Normal) (G1 Evacuation Pause) 5123M->283M(8192M) 11.916ms
[461.849s][info][gc,cpu      ] GC(105) User=0.12s Sys=0.01s Real=0.01s
[466.558s][info][gc,start    ] GC(106) Pause Young (Normal) (G1 Evacuation Pause)
[466.558s][info][gc,task     ] GC(106) Using 13 workers of 13 for evacuation
[466.569s][info][gc,phases   ] GC(106)   Pre Evacuate Collection Set: 0.1ms
[466.569s][info][gc,phases   ] GC(106)   Merge Heap Roots: 0.1ms
[466.569s][info][gc,phases   ] GC(106)   Evacuate Collection Set: 9.7ms
[466.569s][info][gc,phases   ] GC(106)   Post Evacuate Collection Set: 1.0ms
[466.569s][info][gc,phases   ] GC(106)   Other: 0.2ms
[466.569s][info][gc,heap     ] GC(106) Eden regions: 1210->0(1210)
[466.569s][info][gc,heap     ] GC(106) Survivor regions: 18->18(154)
[466.569s][info][gc,heap     ] GC(106) Old regions: 52->52
[466.569s][info][gc,heap     ] GC(106) Archive regions: 2->2
[466.569s][info][gc,heap     ] GC(106) Humongous regions: 0->0
[466.569s][info][gc,metaspace] GC(106) Metaspace: 791K(896K)->791K(896K) NonClass: 737K(768K)->737K(768K) Class: 53K(128K)->53K(128K)
[466.569s][info][gc          ] GC(106) Pause Young (Normal) (G1 Evacuation Pause) 5123M->283M(8192M) 11.209ms
[466.570s][info][gc,cpu      ] GC(106) User=0.11s Sys=0.01s Real=0.01s
[471.278s][info][gc,start    ] GC(107) Pause Young (Normal) (G1 Evacuation Pause)
[471.278s][info][gc,task     ] GC(107) Using 13 workers of 13 for evacuation
[471.290s][info][gc,phases   ] GC(107)   Pre Evacuate Collection Set: 0.1ms
[471.290s][info][gc,phases   ] GC(107)   Merge Heap Roots: 0.2ms
[471.290s][info][gc,phases   ] GC(107)   Evacuate Collection Set: 10.1ms
[471.290s][info][gc,phases   ] GC(107)   Post Evacuate Collection Set: 1.1ms
[471.290s][info][gc,phases   ] GC(107)   Other: 0.2ms
[471.290s][info][gc,heap     ] GC(107) Eden regions: 1210->0(1210)
[471.290s][info][gc,heap     ] GC(107) Survivor regions: 18->18(154)
[471.290s][info][gc,heap     ] GC(107) Old regions: 52->52
[471.290s][info][gc,heap     ] GC(107) Archive regions: 2->2
[471.290s][info][gc,heap     ] GC(107) Humongous regions: 0->0
[471.290s][info][gc,metaspace] GC(107) Metaspace: 791K(896K)->791K(896K) NonClass: 737K(768K)->737K(768K) Class: 53K(128K)->53K(128K)
[471.290s][info][gc          ] GC(107) Pause Young (Normal) (G1 Evacuation Pause) 5123M->281M(8192M) 11.824ms
[471.290s][info][gc,cpu      ] GC(107) User=0.12s Sys=0.01s Real=0.01s
[475.999s][info][gc,start    ] GC(108) Pause Young (Normal) (G1 Evacuation Pause)
[475.999s][info][gc,task     ] GC(108) Using 13 workers of 13 for evacuation
[476.009s][info][gc,phases   ] GC(108)   Pre Evacuate Collection Set: 0.1ms
[476.009s][info][gc,phases   ] GC(108)   Merge Heap Roots: 0.2ms
[476.009s][info][gc,phases   ] GC(108)   Evacuate Collection Set: 9.2ms
[476.009s][info][gc,phases   ] GC(108)   Post Evacuate Collection Set: 1.0ms
[476.009s][info][gc,phases   ] GC(108)   Other: 0.2ms
[476.009s][info][gc,heap     ] GC(108) Eden regions: 1210->0(1210)
[476.009s][info][gc,heap     ] GC(108) Survivor regions: 18->18(154)
[476.009s][info][gc,heap     ] GC(108) Old regions: 52->52
[476.009s][info][gc,heap     ] GC(108) Archive regions: 2->2
[476.009s][info][gc,heap     ] GC(108) Humongous regions: 0->0
[476.010s][info][gc,metaspace] GC(108) Metaspace: 791K(896K)->791K(896K) NonClass: 737K(768K)->737K(768K) Class: 53K(128K)->53K(128K)
[476.010s][info][gc          ] GC(108) Pause Young (Normal) (G1 Evacuation Pause) 5121M->282M(8192M) 10.841ms
[476.010s][info][gc,cpu      ] GC(108) User=0.12s Sys=0.01s Real=0.01s
[480.718s][info][gc,start    ] GC(109) Pause Young (Normal) (G1 Evacuation Pause)
[480.718s][info][gc,task     ] GC(109) Using 13 workers of 13 for evacuation
[480.730s][info][gc,phases   ] GC(109)   Pre Evacuate Collection Set: 0.1ms
[480.730s][info][gc,phases   ] GC(109)   Merge Heap Roots: 0.2ms
[480.730s][info][gc,phases   ] GC(109)   Evacuate Collection Set: 10.0ms
[480.730s][info][gc,phases   ] GC(109)   Post Evacuate Collection Set: 1.0ms
[480.730s][info][gc,phases   ] GC(109)   Other: 0.2ms
[480.730s][info][gc,heap     ] GC(109) Eden regions: 1210->0(1209)
[480.730s][info][gc,heap     ] GC(109) Survivor regions: 18->19(154)
[480.730s][info][gc,heap     ] GC(109) Old regions: 52->52
[480.730s][info][gc,heap     ] GC(109) Archive regions: 2->2
[480.730s][info][gc,heap     ] GC(109) Humongous regions: 0->0
[480.730s][info][gc,metaspace] GC(109) Metaspace: 791K(896K)->791K(896K) NonClass: 737K(768K)->737K(768K) Class: 53K(128K)->53K(128K)
[480.730s][info][gc          ] GC(109) Pause Young (Normal) (G1 Evacuation Pause) 5122M->285M(8192M) 11.637ms
[480.730s][info][gc,cpu      ] GC(109) User=0.13s Sys=0.00s Real=0.01s
[485.429s][info][gc,start    ] GC(110) Pause Young (Normal) (G1 Evacuation Pause)
[485.429s][info][gc,task     ] GC(110) Using 13 workers of 13 for evacuation
[485.442s][info][gc,phases   ] GC(110)   Pre Evacuate Collection Set: 0.1ms
[485.442s][info][gc,phases   ] GC(110)   Merge Heap Roots: 0.2ms
[485.442s][info][gc,phases   ] GC(110)   Evacuate Collection Set: 11.0ms
[485.442s][info][gc,phases   ] GC(110)   Post Evacuate Collection Set: 1.3ms
[485.442s][info][gc,phases   ] GC(110)   Other: 0.2ms
[485.442s][info][gc,heap     ] GC(110) Eden regions: 1209->0(1209)
[485.442s][info][gc,heap     ] GC(110) Survivor regions: 19->19(154)
[485.442s][info][gc,heap     ] GC(110) Old regions: 52->52
[485.442s][info][gc,heap     ] GC(110) Archive regions: 2->2
[485.442s][info][gc,heap     ] GC(110) Humongous regions: 0->0
[485.442s][info][gc,metaspace] GC(110) Metaspace: 791K(896K)->791K(896K) NonClass: 737K(768K)->737K(768K) Class: 53K(128K)->53K(128K)
[485.442s][info][gc          ] GC(110) Pause Young (Normal) (G1 Evacuation Pause) 5121M->285M(8192M) 12.874ms
[485.442s][info][gc,cpu      ] GC(110) User=0.14s Sys=0.01s Real=0.01s
[490.149s][info][gc,start    ] GC(111) Pause Young (Normal) (G1 Evacuation Pause)
[490.149s][info][gc,task     ] GC(111) Using 13 workers of 13 for evacuation
[490.161s][info][gc,phases   ] GC(111)   Pre Evacuate Collection Set: 0.1ms
[490.161s][info][gc,phases   ] GC(111)   Merge Heap Roots: 0.2ms
[490.161s][info][gc,phases   ] GC(111)   Evacuate Collection Set: 10.6ms
[490.161s][info][gc,phases   ] GC(111)   Post Evacuate Collection Set: 1.3ms
[490.161s][info][gc,phases   ] GC(111)   Other: 0.2ms
[490.161s][info][gc,heap     ] GC(111) Eden regions: 1209->0(1209)
[490.161s][info][gc,heap     ] GC(111) Survivor regions: 19->19(154)
[490.161s][info][gc,heap     ] GC(111) Old regions: 52->52
[490.161s][info][gc,heap     ] GC(111) Archive regions: 2->2
[490.161s][info][gc,heap     ] GC(111) Humongous regions: 0->0
[490.161s][info][gc,metaspace] GC(111) Metaspace: 791K(896K)->791K(896K) NonClass: 737K(768K)->737K(768K) Class: 53K(128K)->53K(128K)
[490.161s][info][gc          ] GC(111) Pause Young (Normal) (G1 Evacuation Pause) 5121M->284M(8192M) 12.559ms
[490.161s][info][gc,cpu      ] GC(111) User=0.12s Sys=0.01s Real=0.01s
[494.868s][info][gc,start    ] GC(112) Pause Young (Normal) (G1 Evacuation Pause)
[494.868s][info][gc,task     ] GC(112) Using 13 workers of 13 for evacuation
[494.881s][info][gc,phases   ] GC(112)   Pre Evacuate Collection Set: 0.1ms
[494.881s][info][gc,phases   ] GC(112)   Merge Heap Roots: 0.2ms
[494.881s][info][gc,phases   ] GC(112)   Evacuate Collection Set: 11.3ms
[494.881s][info][gc,phases   ] GC(112)   Post Evacuate Collection Set: 1.2ms
[494.881s][info][gc,phases   ] GC(112)   Other: 0.2ms
[494.881s][info][gc,heap     ] GC(112) Eden regions: 1209->0(1209)
[494.881s][info][gc,heap     ] GC(112) Survivor regions: 19->19(154)
[494.881s][info][gc,heap     ] GC(112) Old regions: 52->53
[494.881s][info][gc,heap     ] GC(112) Archive regions: 2->2
[494.881s][info][gc,heap     ] GC(112) Humongous regions: 0->0
[494.881s][info][gc,metaspace] GC(112) Metaspace: 791K(896K)->791K(896K) NonClass: 737K(768K)->737K(768K) Class: 53K(128K)->53K(128K)
[494.881s][info][gc          ] GC(112) Pause Young (Normal) (G1 Evacuation Pause) 5120M->285M(8192M) 13.092ms
[494.881s][info][gc,cpu      ] GC(112) User=0.12s Sys=0.03s Real=0.01s
[499.579s][info][gc,start    ] GC(113) Pause Young (Normal) (G1 Evacuation Pause)
[499.579s][info][gc,task     ] GC(113) Using 13 workers of 13 for evacuation
[499.591s][info][gc,phases   ] GC(113)   Pre Evacuate Collection Set: 0.1ms
[499.591s][info][gc,phases   ] GC(113)   Merge Heap Roots: 0.2ms
[499.591s][info][gc,phases   ] GC(113)   Evacuate Collection Set: 9.9ms
[499.591s][info][gc,phases   ] GC(113)   Post Evacuate Collection Set: 1.2ms
[499.591s][info][gc,phases   ] GC(113)   Other: 0.2ms
[499.591s][info][gc,heap     ] GC(113) Eden regions: 1209->0(1210)
[499.591s][info][gc,heap     ] GC(113) Survivor regions: 19->18(154)
[499.591s][info][gc,heap     ] GC(113) Old regions: 53->53
[499.591s][info][gc,heap     ] GC(113) Archive regions: 2->2
[499.591s][info][gc,heap     ] GC(113) Humongous regions: 0->0
[499.591s][info][gc,metaspace] GC(113) Metaspace: 791K(896K)->791K(896K) NonClass: 737K(768K)->737K(768K) Class: 53K(128K)->53K(128K)
[499.591s][info][gc          ] GC(113) Pause Young (Normal) (G1 Evacuation Pause) 5121M->282M(8192M) 11.740ms
[499.591s][info][gc,cpu      ] GC(113) User=0.11s Sys=0.01s Real=0.01s
[504.299s][info][gc,start    ] GC(114) Pause Young (Normal) (G1 Evacuation Pause)
[504.299s][info][gc,task     ] GC(114) Using 13 workers of 13 for evacuation
[504.311s][info][gc,phases   ] GC(114)   Pre Evacuate Collection Set: 0.1ms
[504.311s][info][gc,phases   ] GC(114)   Merge Heap Roots: 0.1ms
[504.311s][info][gc,phases   ] GC(114)   Evacuate Collection Set: 9.8ms
[504.311s][info][gc,phases   ] GC(114)   Post Evacuate Collection Set: 1.2ms
[504.311s][info][gc,phases   ] GC(114)   Other: 0.2ms
[504.311s][info][gc,heap     ] GC(114) Eden regions: 1210->0(1210)
[504.311s][info][gc,heap     ] GC(114) Survivor regions: 18->18(154)
[504.311s][info][gc,heap     ] GC(114) Old regions: 53->53
[504.311s][info][gc,heap     ] GC(114) Archive regions: 2->2
[504.311s][info][gc,heap     ] GC(114) Humongous regions: 0->0
[504.311s][info][gc,metaspace] GC(114) Metaspace: 791K(896K)->791K(896K) NonClass: 737K(768K)->737K(768K) Class: 53K(128K)->53K(128K)
[504.311s][info][gc          ] GC(114) Pause Young (Normal) (G1 Evacuation Pause) 5122M->283M(8192M) 11.523ms
[504.311s][info][gc,cpu      ] GC(114) User=0.12s Sys=0.01s Real=0.01s
[509.028s][info][gc,start    ] GC(115) Pause Young (Normal) (G1 Evacuation Pause)
[509.028s][info][gc,task     ] GC(115) Using 13 workers of 13 for evacuation
[509.039s][info][gc,phases   ] GC(115)   Pre Evacuate Collection Set: 0.1ms
[509.039s][info][gc,phases   ] GC(115)   Merge Heap Roots: 0.1ms
[509.039s][info][gc,phases   ] GC(115)   Evacuate Collection Set: 9.2ms
[509.039s][info][gc,phases   ] GC(115)   Post Evacuate Collection Set: 1.1ms
[509.039s][info][gc,phases   ] GC(115)   Other: 0.2ms
[509.039s][info][gc,heap     ] GC(115) Eden regions: 1210->0(1210)
[509.039s][info][gc,heap     ] GC(115) Survivor regions: 18->18(154)
[509.039s][info][gc,heap     ] GC(115) Old regions: 53->53
[509.039s][info][gc,heap     ] GC(115) Archive regions: 2->2
[509.039s][info][gc,heap     ] GC(115) Humongous regions: 0->0
[509.039s][info][gc,metaspace] GC(115) Metaspace: 791K(896K)->791K(896K) NonClass: 737K(768K)->737K(768K) Class: 53K(128K)->53K(128K)
[509.039s][info][gc          ] GC(115) Pause Young (Normal) (G1 Evacuation Pause) 5123M->284M(8192M) 10.845ms
[509.039s][info][gc,cpu      ] GC(115) User=0.11s Sys=0.00s Real=0.01s
[513.748s][info][gc,start    ] GC(116) Pause Young (Normal) (G1 Evacuation Pause)
[513.748s][info][gc,task     ] GC(116) Using 13 workers of 13 for evacuation
[513.760s][info][gc,phases   ] GC(116)   Pre Evacuate Collection Set: 0.1ms
[513.760s][info][gc,phases   ] GC(116)   Merge Heap Roots: 0.1ms
[513.760s][info][gc,phases   ] GC(116)   Evacuate Collection Set: 10.0ms
[513.760s][info][gc,phases   ] GC(116)   Post Evacuate Collection Set: 1.3ms
[513.760s][info][gc,phases   ] GC(116)   Other: 0.2ms
[513.760s][info][gc,heap     ] GC(116) Eden regions: 1210->0(1210)
[513.760s][info][gc,heap     ] GC(116) Survivor regions: 18->18(154)
[513.760s][info][gc,heap     ] GC(116) Old regions: 53->53
[513.760s][info][gc,heap     ] GC(116) Archive regions: 2->2
[513.760s][info][gc,heap     ] GC(116) Humongous regions: 0->0
[513.760s][info][gc,metaspace] GC(116) Metaspace: 791K(896K)->791K(896K) NonClass: 737K(768K)->737K(768K) Class: 53K(128K)->53K(128K)
[513.760s][info][gc          ] GC(116) Pause Young (Normal) (G1 Evacuation Pause) 5124M->284M(8192M) 11.832ms
[513.760s][info][gc,cpu      ] GC(116) User=0.12s Sys=0.01s Real=0.01s
[518.469s][info][gc,start    ] GC(117) Pause Young (Normal) (G1 Evacuation Pause)
[518.469s][info][gc,task     ] GC(117) Using 13 workers of 13 for evacuation
[518.480s][info][gc,phases   ] GC(117)   Pre Evacuate Collection Set: 0.1ms
[518.480s][info][gc,phases   ] GC(117)   Merge Heap Roots: 0.1ms
[518.480s][info][gc,phases   ] GC(117)   Evacuate Collection Set: 9.8ms
[518.480s][info][gc,phases   ] GC(117)   Post Evacuate Collection Set: 1.0ms
[518.480s][info][gc,phases   ] GC(117)   Other: 0.2ms
[518.480s][info][gc,heap     ] GC(117) Eden regions: 1210->0(1210)
[518.480s][info][gc,heap     ] GC(117) Survivor regions: 18->18(154)
[518.480s][info][gc,heap     ] GC(117) Old regions: 53->53
[518.480s][info][gc,heap     ] GC(117) Archive regions: 2->2
[518.480s][info][gc,heap     ] GC(117) Humongous regions: 0->0
[518.480s][info][gc,metaspace] GC(117) Metaspace: 791K(896K)->791K(896K) NonClass: 737K(768K)->737K(768K) Class: 53K(128K)->53K(128K)
[518.480s][info][gc          ] GC(117) Pause Young (Normal) (G1 Evacuation Pause) 5124M->284M(8192M) 11.350ms
[518.480s][info][gc,cpu      ] GC(117) User=0.11s Sys=0.01s Real=0.01s
[523.189s][info][gc,start    ] GC(118) Pause Young (Normal) (G1 Evacuation Pause)
[523.189s][info][gc,task     ] GC(118) Using 13 workers of 13 for evacuation
[523.201s][info][gc,phases   ] GC(118)   Pre Evacuate Collection Set: 0.1ms
[523.201s][info][gc,phases   ] GC(118)   Merge Heap Roots: 0.1ms
[523.201s][info][gc,phases   ] GC(118)   Evacuate Collection Set: 9.9ms
[523.201s][info][gc,phases   ] GC(118)   Post Evacuate Collection Set: 1.1ms
[523.201s][info][gc,phases   ] GC(118)   Other: 0.2ms
[523.201s][info][gc,heap     ] GC(118) Eden regions: 1210->0(1210)
[523.201s][info][gc,heap     ] GC(118) Survivor regions: 18->18(154)
[523.201s][info][gc,heap     ] GC(118) Old regions: 53->53
[523.201s][info][gc,heap     ] GC(118) Archive regions: 2->2
[523.201s][info][gc,heap     ] GC(118) Humongous regions: 0->0
[523.201s][info][gc,metaspace] GC(118) Metaspace: 791K(896K)->791K(896K) NonClass: 737K(768K)->737K(768K) Class: 53K(128K)->53K(128K)
[523.201s][info][gc          ] GC(118) Pause Young (Normal) (G1 Evacuation Pause) 5124M->283M(8192M) 11.523ms
[523.201s][info][gc,cpu      ] GC(118) User=0.12s Sys=0.01s Real=0.01s
[527.918s][info][gc,start    ] GC(119) Pause Young (Normal) (G1 Evacuation Pause)
[527.918s][info][gc,task     ] GC(119) Using 13 workers of 13 for evacuation
[527.929s][info][gc,phases   ] GC(119)   Pre Evacuate Collection Set: 0.1ms
[527.929s][info][gc,phases   ] GC(119)   Merge Heap Roots: 0.2ms
[527.929s][info][gc,phases   ] GC(119)   Evacuate Collection Set: 9.2ms
[527.929s][info][gc,phases   ] GC(119)   Post Evacuate Collection Set: 1.1ms
[527.929s][info][gc,phases   ] GC(119)   Other: 0.2ms
[527.929s][info][gc,heap     ] GC(119) Eden regions: 1210->0(1210)
[527.929s][info][gc,heap     ] GC(119) Survivor regions: 18->18(154)
[527.929s][info][gc,heap     ] GC(119) Old regions: 53->53
[527.929s][info][gc,heap     ] GC(119) Archive regions: 2->2
[527.929s][info][gc,heap     ] GC(119) Humongous regions: 0->0
[527.929s][info][gc,metaspace] GC(119) Metaspace: 791K(896K)->791K(896K) NonClass: 737K(768K)->737K(768K) Class: 53K(128K)->53K(128K)
[527.929s][info][gc          ] GC(119) Pause Young (Normal) (G1 Evacuation Pause) 5123M->284M(8192M) 10.890ms
[527.929s][info][gc,cpu      ] GC(119) User=0.11s Sys=0.01s Real=0.01s
[532.639s][info][gc,start    ] GC(120) Pause Young (Normal) (G1 Evacuation Pause)
[532.639s][info][gc,task     ] GC(120) Using 13 workers of 13 for evacuation
[532.650s][info][gc,phases   ] GC(120)   Pre Evacuate Collection Set: 0.1ms
[532.650s][info][gc,phases   ] GC(120)   Merge Heap Roots: 0.1ms
[532.650s][info][gc,phases   ] GC(120)   Evacuate Collection Set: 9.9ms
[532.650s][info][gc,phases   ] GC(120)   Post Evacuate Collection Set: 1.2ms
[532.650s][info][gc,phases   ] GC(120)   Other: 0.1ms
[532.650s][info][gc,heap     ] GC(120) Eden regions: 1210->0(1210)
[532.650s][info][gc,heap     ] GC(120) Survivor regions: 18->18(154)
[532.650s][info][gc,heap     ] GC(120) Old regions: 53->53
[532.650s][info][gc,heap     ] GC(120) Archive regions: 2->2
[532.650s][info][gc,heap     ] GC(120) Humongous regions: 0->0
[532.650s][info][gc,metaspace] GC(120) Metaspace: 791K(896K)->791K(896K) NonClass: 737K(768K)->737K(768K) Class: 53K(128K)->53K(128K)
[532.650s][info][gc          ] GC(120) Pause Young (Normal) (G1 Evacuation Pause) 5124M->282M(8192M) 11.608ms
[532.650s][info][gc,cpu      ] GC(120) User=0.11s Sys=0.01s Real=0.01s
[537.359s][info][gc,start    ] GC(121) Pause Young (Normal) (G1 Evacuation Pause)
[537.359s][info][gc,task     ] GC(121) Using 13 workers of 13 for evacuation
[537.370s][info][gc,phases   ] GC(121)   Pre Evacuate Collection Set: 0.1ms
[537.370s][info][gc,phases   ] GC(121)   Merge Heap Roots: 0.1ms
[537.370s][info][gc,phases   ] GC(121)   Evacuate Collection Set: 9.8ms
[537.370s][info][gc,phases   ] GC(121)   Post Evacuate Collection Set: 1.2ms
[537.371s][info][gc,phases   ] GC(121)   Other: 0.2ms
[537.371s][info][gc,heap     ] GC(121) Eden regions: 1210->0(1210)
[537.371s][info][gc,heap     ] GC(121) Survivor regions: 18->18(154)
[537.371s][info][gc,heap     ] GC(121) Old regions: 53->53
[537.371s][info][gc,heap     ] GC(121) Archive regions: 2->2
[537.371s][info][gc,heap     ] GC(121) Humongous regions: 0->0
[537.371s][info][gc,metaspace] GC(121) Metaspace: 791K(896K)->791K(896K) NonClass: 737K(768K)->737K(768K) Class: 53K(128K)->53K(128K)
[537.371s][info][gc          ] GC(121) Pause Young (Normal) (G1 Evacuation Pause) 5122M->283M(8192M) 11.560ms
[537.371s][info][gc,cpu      ] GC(121) User=0.12s Sys=0.01s Real=0.01s
[542.080s][info][gc,start    ] GC(122) Pause Young (Normal) (G1 Evacuation Pause)
[542.080s][info][gc,task     ] GC(122) Using 13 workers of 13 for evacuation
[542.093s][info][gc,phases   ] GC(122)   Pre Evacuate Collection Set: 0.1ms
[542.093s][info][gc,phases   ] GC(122)   Merge Heap Roots: 0.2ms
[542.093s][info][gc,phases   ] GC(122)   Evacuate Collection Set: 11.0ms
[542.093s][info][gc,phases   ] GC(122)   Post Evacuate Collection Set: 1.0ms
[542.093s][info][gc,phases   ] GC(122)   Other: 0.2ms
[542.093s][info][gc,heap     ] GC(122) Eden regions: 1210->0(1210)
[542.093s][info][gc,heap     ] GC(122) Survivor regions: 18->18(154)
[542.093s][info][gc,heap     ] GC(122) Old regions: 53->53
[542.093s][info][gc,heap     ] GC(122) Archive regions: 2->2
[542.093s][info][gc,heap     ] GC(122) Humongous regions: 0->0
[542.093s][info][gc,metaspace] GC(122) Metaspace: 791K(896K)->791K(896K) NonClass: 737K(768K)->737K(768K) Class: 53K(128K)->53K(128K)
[542.093s][info][gc          ] GC(122) Pause Young (Normal) (G1 Evacuation Pause) 5123M->284M(8192M) 12.652ms
[542.093s][info][gc,cpu      ] GC(122) User=0.13s Sys=0.01s Real=0.01s
[546.808s][info][gc,start    ] GC(123) Pause Young (Normal) (G1 Evacuation Pause)
[546.808s][info][gc,task     ] GC(123) Using 13 workers of 13 for evacuation
[546.820s][info][gc,phases   ] GC(123)   Pre Evacuate Collection Set: 0.1ms
[546.820s][info][gc,phases   ] GC(123)   Merge Heap Roots: 0.2ms
[546.820s][info][gc,phases   ] GC(123)   Evacuate Collection Set: 10.8ms
[546.820s][info][gc,phases   ] GC(123)   Post Evacuate Collection Set: 1.1ms
[546.820s][info][gc,phases   ] GC(123)   Other: 0.2ms
[546.820s][info][gc,heap     ] GC(123) Eden regions: 1210->0(1209)
[546.820s][info][gc,heap     ] GC(123) Survivor regions: 18->19(154)
[546.821s][info][gc,heap     ] GC(123) Old regions: 53->53
[546.821s][info][gc,heap     ] GC(123) Archive regions: 2->2
[546.821s][info][gc,heap     ] GC(123) Humongous regions: 0->0
[546.821s][info][gc,metaspace] GC(123) Metaspace: 791K(896K)->791K(896K) NonClass: 737K(768K)->737K(768K) Class: 53K(128K)->53K(128K)
[546.821s][info][gc          ] GC(123) Pause Young (Normal) (G1 Evacuation Pause) 5124M->286M(8192M) 12.575ms
[546.821s][info][gc,cpu      ] GC(123) User=0.13s Sys=0.01s Real=0.01s
[551.519s][info][gc,start    ] GC(124) Pause Young (Normal) (G1 Evacuation Pause)
[551.519s][info][gc,task     ] GC(124) Using 13 workers of 13 for evacuation
[551.531s][info][gc,phases   ] GC(124)   Pre Evacuate Collection Set: 0.1ms
[551.531s][info][gc,phases   ] GC(124)   Merge Heap Roots: 0.1ms
[551.531s][info][gc,phases   ] GC(124)   Evacuate Collection Set: 10.5ms
[551.531s][info][gc,phases   ] GC(124)   Post Evacuate Collection Set: 1.0ms
[551.531s][info][gc,phases   ] GC(124)   Other: 0.2ms
[551.531s][info][gc,heap     ] GC(124) Eden regions: 1209->0(1209)
[551.531s][info][gc,heap     ] GC(124) Survivor regions: 19->19(154)
[551.531s][info][gc,heap     ] GC(124) Old regions: 53->53
[551.531s][info][gc,heap     ] GC(124) Archive regions: 2->2
[551.531s][info][gc,heap     ] GC(124) Humongous regions: 0->0
[551.531s][info][gc,metaspace] GC(124) Metaspace: 791K(896K)->791K(896K) NonClass: 737K(768K)->737K(768K) Class: 53K(128K)->53K(128K)
[551.531s][info][gc          ] GC(124) Pause Young (Normal) (G1 Evacuation Pause) 5122M->285M(8192M) 12.059ms
[551.531s][info][gc,cpu      ] GC(124) User=0.12s Sys=0.01s Real=0.01s
[556.239s][info][gc,start    ] GC(125) Pause Young (Normal) (G1 Evacuation Pause)
[556.239s][info][gc,task     ] GC(125) Using 13 workers of 13 for evacuation
[556.251s][info][gc,phases   ] GC(125)   Pre Evacuate Collection Set: 0.1ms
[556.251s][info][gc,phases   ] GC(125)   Merge Heap Roots: 0.1ms
[556.251s][info][gc,phases   ] GC(125)   Evacuate Collection Set: 10.6ms
[556.251s][info][gc,phases   ] GC(125)   Post Evacuate Collection Set: 1.2ms
[556.251s][info][gc,phases   ] GC(125)   Other: 0.2ms
[556.251s][info][gc,heap     ] GC(125) Eden regions: 1209->0(1209)
[556.251s][info][gc,heap     ] GC(125) Survivor regions: 19->19(154)
[556.251s][info][gc,heap     ] GC(125) Old regions: 53->53
[556.251s][info][gc,heap     ] GC(125) Archive regions: 2->2
[556.251s][info][gc,heap     ] GC(125) Humongous regions: 0->0
[556.251s][info][gc,metaspace] GC(125) Metaspace: 791K(896K)->791K(896K) NonClass: 737K(768K)->737K(768K) Class: 53K(128K)->53K(128K)
[556.251s][info][gc          ] GC(125) Pause Young (Normal) (G1 Evacuation Pause) 5121M->287M(8192M) 12.409ms
[556.251s][info][gc,cpu      ] GC(125) User=0.11s Sys=0.02s Real=0.01s
[560.950s][info][gc,start    ] GC(126) Pause Young (Normal) (G1 Evacuation Pause)
[560.950s][info][gc,task     ] GC(126) Using 13 workers of 13 for evacuation
[560.961s][info][gc,phases   ] GC(126)   Pre Evacuate Collection Set: 0.1ms
[560.961s][info][gc,phases   ] GC(126)   Merge Heap Roots: 0.1ms
[560.961s][info][gc,phases   ] GC(126)   Evacuate Collection Set: 10.3ms
[560.961s][info][gc,phases   ] GC(126)   Post Evacuate Collection Set: 1.1ms
[560.961s][info][gc,phases   ] GC(126)   Other: 0.2ms
[560.962s][info][gc,heap     ] GC(126) Eden regions: 1209->0(1209)
[560.962s][info][gc,heap     ] GC(126) Survivor regions: 19->19(154)
[560.962s][info][gc,heap     ] GC(126) Old regions: 53->53
[560.962s][info][gc,heap     ] GC(126) Archive regions: 2->2
[560.962s][info][gc,heap     ] GC(126) Humongous regions: 0->0
[560.962s][info][gc,metaspace] GC(126) Metaspace: 791K(896K)->791K(896K) NonClass: 737K(768K)->737K(768K) Class: 53K(128K)->53K(128K)
[560.962s][info][gc          ] GC(126) Pause Young (Normal) (G1 Evacuation Pause) 5123M->287M(8192M) 11.989ms
[560.962s][info][gc,cpu      ] GC(126) User=0.13s Sys=0.01s Real=0.01s
[565.669s][info][gc,start    ] GC(127) Pause Young (Normal) (G1 Evacuation Pause)
[565.669s][info][gc,task     ] GC(127) Using 13 workers of 13 for evacuation
[565.680s][info][gc,phases   ] GC(127)   Pre Evacuate Collection Set: 0.1ms
[565.680s][info][gc,phases   ] GC(127)   Merge Heap Roots: 0.1ms
[565.680s][info][gc,phases   ] GC(127)   Evacuate Collection Set: 9.5ms
[565.680s][info][gc,phases   ] GC(127)   Post Evacuate Collection Set: 1.0ms
[565.680s][info][gc,phases   ] GC(127)   Other: 0.2ms
[565.680s][info][gc,heap     ] GC(127) Eden regions: 1209->0(1210)
[565.680s][info][gc,heap     ] GC(127) Survivor regions: 19->18(154)
[565.680s][info][gc,heap     ] GC(127) Old regions: 53->53
[565.680s][info][gc,heap     ] GC(127) Archive regions: 2->2
[565.680s][info][gc,heap     ] GC(127) Humongous regions: 0->0
[565.680s][info][gc,metaspace] GC(127) Metaspace: 791K(896K)->791K(896K) NonClass: 737K(768K)->737K(768K) Class: 53K(128K)->53K(128K)
[565.680s][info][gc          ] GC(127) Pause Young (Normal) (G1 Evacuation Pause) 5123M->286M(8192M) 11.079ms
[565.680s][info][gc,cpu      ] GC(127) User=0.11s Sys=0.01s Real=0.01s
[570.389s][info][gc,start    ] GC(128) Pause Young (Normal) (G1 Evacuation Pause)
[570.389s][info][gc,task     ] GC(128) Using 13 workers of 13 for evacuation
[570.400s][info][gc,phases   ] GC(128)   Pre Evacuate Collection Set: 0.1ms
[570.400s][info][gc,phases   ] GC(128)   Merge Heap Roots: 0.2ms
[570.400s][info][gc,phases   ] GC(128)   Evacuate Collection Set: 9.8ms
[570.400s][info][gc,phases   ] GC(128)   Post Evacuate Collection Set: 1.0ms
[570.400s][info][gc,phases   ] GC(128)   Other: 0.2ms
[570.400s][info][gc,heap     ] GC(128) Eden regions: 1210->0(1210)
[570.400s][info][gc,heap     ] GC(128) Survivor regions: 18->18(154)
[570.400s][info][gc,heap     ] GC(128) Old regions: 53->53
[570.400s][info][gc,heap     ] GC(128) Archive regions: 2->2
[570.400s][info][gc,heap     ] GC(128) Humongous regions: 0->0
[570.400s][info][gc,metaspace] GC(128) Metaspace: 791K(896K)->791K(896K) NonClass: 737K(768K)->737K(768K) Class: 53K(128K)->53K(128K)
[570.400s][info][gc          ] GC(128) Pause Young (Normal) (G1 Evacuation Pause) 5126M->284M(8192M) 11.398ms
[570.400s][info][gc,cpu      ] GC(128) User=0.11s Sys=0.01s Real=0.01s
[575.118s][info][gc,start    ] GC(129) Pause Young (Normal) (G1 Evacuation Pause)
[575.118s][info][gc,task     ] GC(129) Using 13 workers of 13 for evacuation
[575.129s][info][gc,phases   ] GC(129)   Pre Evacuate Collection Set: 0.1ms
[575.129s][info][gc,phases   ] GC(129)   Merge Heap Roots: 0.1ms
[575.129s][info][gc,phases   ] GC(129)   Evacuate Collection Set: 9.6ms
[575.129s][info][gc,phases   ] GC(129)   Post Evacuate Collection Set: 1.1ms
[575.129s][info][gc,phases   ] GC(129)   Other: 0.2ms
[575.129s][info][gc,heap     ] GC(129) Eden regions: 1210->0(1210)
[575.129s][info][gc,heap     ] GC(129) Survivor regions: 18->18(154)
[575.129s][info][gc,heap     ] GC(129) Old regions: 53->53
[575.129s][info][gc,heap     ] GC(129) Archive regions: 2->2
[575.129s][info][gc,heap     ] GC(129) Humongous regions: 0->0
[575.129s][info][gc,metaspace] GC(129) Metaspace: 791K(896K)->791K(896K) NonClass: 737K(768K)->737K(768K) Class: 53K(128K)->53K(128K)
[575.129s][info][gc          ] GC(129) Pause Young (Normal) (G1 Evacuation Pause) 5124M->285M(8192M) 11.275ms
[575.129s][info][gc,cpu      ] GC(129) User=0.12s Sys=0.01s Real=0.01s
[579.839s][info][gc,start    ] GC(130) Pause Young (Normal) (G1 Evacuation Pause)
[579.839s][info][gc,task     ] GC(130) Using 13 workers of 13 for evacuation
[579.850s][info][gc,phases   ] GC(130)   Pre Evacuate Collection Set: 0.1ms
[579.850s][info][gc,phases   ] GC(130)   Merge Heap Roots: 0.1ms
[579.850s][info][gc,phases   ] GC(130)   Evacuate Collection Set: 9.2ms
[579.850s][info][gc,phases   ] GC(130)   Post Evacuate Collection Set: 1.0ms
[579.850s][info][gc,phases   ] GC(130)   Other: 0.1ms
[579.850s][info][gc,heap     ] GC(130) Eden regions: 1210->0(1210)
[579.850s][info][gc,heap     ] GC(130) Survivor regions: 18->18(154)
[579.850s][info][gc,heap     ] GC(130) Old regions: 53->53
[579.850s][info][gc,heap     ] GC(130) Archive regions: 2->2
[579.850s][info][gc,heap     ] GC(130) Humongous regions: 0->0
[579.850s][info][gc,metaspace] GC(130) Metaspace: 791K(896K)->791K(896K) NonClass: 737K(768K)->737K(768K) Class: 53K(128K)->53K(128K)
[579.850s][info][gc          ] GC(130) Pause Young (Normal) (G1 Evacuation Pause) 5125M->286M(8192M) 10.762ms
[579.850s][info][gc,cpu      ] GC(130) User=0.11s Sys=0.01s Real=0.01s
[584.558s][info][gc,start    ] GC(131) Pause Young (Normal) (G1 Evacuation Pause)
[584.559s][info][gc,task     ] GC(131) Using 13 workers of 13 for evacuation
[584.570s][info][gc,phases   ] GC(131)   Pre Evacuate Collection Set: 0.1ms
[584.570s][info][gc,phases   ] GC(131)   Merge Heap Roots: 0.2ms
[584.570s][info][gc,phases   ] GC(131)   Evacuate Collection Set: 10.4ms
[584.570s][info][gc,phases   ] GC(131)   Post Evacuate Collection Set: 1.0ms
[584.570s][info][gc,phases   ] GC(131)   Other: 0.2ms
[584.570s][info][gc,heap     ] GC(131) Eden regions: 1210->0(1210)
[584.570s][info][gc,heap     ] GC(131) Survivor regions: 18->18(154)
[584.570s][info][gc,heap     ] GC(131) Old regions: 53->53
[584.570s][info][gc,heap     ] GC(131) Archive regions: 2->2
[584.570s][info][gc,heap     ] GC(131) Humongous regions: 0->0
[584.570s][info][gc,metaspace] GC(131) Metaspace: 791K(896K)->791K(896K) NonClass: 737K(768K)->737K(768K) Class: 53K(128K)->53K(128K)
[584.571s][info][gc          ] GC(131) Pause Young (Normal) (G1 Evacuation Pause) 5126M->286M(8192M) 12.025ms
[584.571s][info][gc,cpu      ] GC(131) User=0.12s Sys=0.01s Real=0.01s
[589.279s][info][gc,start    ] GC(132) Pause Young (Normal) (G1 Evacuation Pause)
[589.279s][info][gc,task     ] GC(132) Using 13 workers of 13 for evacuation
[589.290s][info][gc,phases   ] GC(132)   Pre Evacuate Collection Set: 0.1ms
[589.290s][info][gc,phases   ] GC(132)   Merge Heap Roots: 0.1ms
[589.290s][info][gc,phases   ] GC(132)   Evacuate Collection Set: 9.4ms
[589.290s][info][gc,phases   ] GC(132)   Post Evacuate Collection Set: 1.0ms
[589.290s][info][gc,phases   ] GC(132)   Other: 0.2ms
[589.290s][info][gc,heap     ] GC(132) Eden regions: 1210->0(1210)
[589.290s][info][gc,heap     ] GC(132) Survivor regions: 18->18(154)
[589.290s][info][gc,heap     ] GC(132) Old regions: 53->53
[589.290s][info][gc,heap     ] GC(132) Archive regions: 2->2
[589.290s][info][gc,heap     ] GC(132) Humongous regions: 0->0
[589.290s][info][gc,metaspace] GC(132) Metaspace: 791K(896K)->791K(896K) NonClass: 737K(768K)->737K(768K) Class: 53K(128K)->53K(128K)
[589.290s][info][gc          ] GC(132) Pause Young (Normal) (G1 Evacuation Pause) 5126M->286M(8192M) 11.059ms
[589.290s][info][gc,cpu      ] GC(132) User=0.11s Sys=0.01s Real=0.01s
[593.999s][info][gc,start    ] GC(133) Pause Young (Normal) (G1 Evacuation Pause)
[593.999s][info][gc,task     ] GC(133) Using 13 workers of 13 for evacuation
[594.010s][info][gc,phases   ] GC(133)   Pre Evacuate Collection Set: 0.1ms
[594.010s][info][gc,phases   ] GC(133)   Merge Heap Roots: 0.2ms
[594.010s][info][gc,phases   ] GC(133)   Evacuate Collection Set: 9.5ms
[594.010s][info][gc,phases   ] GC(133)   Post Evacuate Collection Set: 1.0ms
[594.010s][info][gc,phases   ] GC(133)   Other: 0.2ms
[594.010s][info][gc,heap     ] GC(133) Eden regions: 1210->0(1210)
[594.010s][info][gc,heap     ] GC(133) Survivor regions: 18->18(154)
[594.010s][info][gc,heap     ] GC(133) Old regions: 53->53
[594.010s][info][gc,heap     ] GC(133) Archive regions: 2->2
[594.010s][info][gc,heap     ] GC(133) Humongous regions: 0->0
[594.010s][info][gc,metaspace] GC(133) Metaspace: 791K(896K)->791K(896K) NonClass: 737K(768K)->737K(768K) Class: 53K(128K)->53K(128K)
[594.010s][info][gc          ] GC(133) Pause Young (Normal) (G1 Evacuation Pause) 5126M->286M(8192M) 11.062ms
[594.010s][info][gc,cpu      ] GC(133) User=0.11s Sys=0.01s Real=0.01s
[598.719s][info][gc,start    ] GC(134) Pause Young (Normal) (G1 Evacuation Pause)
[598.719s][info][gc,task     ] GC(134) Using 13 workers of 13 for evacuation
[598.730s][info][gc,phases   ] GC(134)   Pre Evacuate Collection Set: 0.1ms
[598.730s][info][gc,phases   ] GC(134)   Merge Heap Roots: 0.1ms
[598.730s][info][gc,phases   ] GC(134)   Evacuate Collection Set: 10.2ms
[598.730s][info][gc,phases   ] GC(134)   Post Evacuate Collection Set: 1.1ms
[598.730s][info][gc,phases   ] GC(134)   Other: 0.2ms
[598.730s][info][gc,heap     ] GC(134) Eden regions: 1210->0(1210)
[598.730s][info][gc,heap     ] GC(134) Survivor regions: 18->18(154)
[598.730s][info][gc,heap     ] GC(134) Old regions: 53->53
[598.730s][info][gc,heap     ] GC(134) Archive regions: 2->2
[598.730s][info][gc,heap     ] GC(134) Humongous regions: 0->0
[598.730s][info][gc,metaspace] GC(134) Metaspace: 791K(896K)->791K(896K) NonClass: 737K(768K)->737K(768K) Class: 53K(128K)->53K(128K)
[598.731s][info][gc          ] GC(134) Pause Young (Normal) (G1 Evacuation Pause) 5126M->285M(8192M) 11.952ms
[598.731s][info][gc,cpu      ] GC(134) User=0.12s Sys=0.01s Real=0.01s
[603.439s][info][gc,start    ] GC(135) Pause Young (Normal) (G1 Evacuation Pause)
[603.439s][info][gc,task     ] GC(135) Using 13 workers of 13 for evacuation
[603.451s][info][gc,phases   ] GC(135)   Pre Evacuate Collection Set: 0.1ms
[603.451s][info][gc,phases   ] GC(135)   Merge Heap Roots: 0.2ms
[603.451s][info][gc,phases   ] GC(135)   Evacuate Collection Set: 10.3ms
[603.451s][info][gc,phases   ] GC(135)   Post Evacuate Collection Set: 1.4ms
[603.451s][info][gc,phases   ] GC(135)   Other: 0.2ms
[603.451s][info][gc,heap     ] GC(135) Eden regions: 1210->0(1209)
[603.451s][info][gc,heap     ] GC(135) Survivor regions: 18->19(154)
[603.451s][info][gc,heap     ] GC(135) Old regions: 53->53
[603.451s][info][gc,heap     ] GC(135) Archive regions: 2->2
[603.451s][info][gc,heap     ] GC(135) Humongous regions: 0->0
[603.451s][info][gc,metaspace] GC(135) Metaspace: 791K(896K)->791K(896K) NonClass: 737K(768K)->737K(768K) Class: 53K(128K)->53K(128K)
[603.451s][info][gc          ] GC(135) Pause Young (Normal) (G1 Evacuation Pause) 5125M->289M(8192M) 12.387ms
[603.451s][info][gc,cpu      ] GC(135) User=0.13s Sys=0.01s Real=0.01s
[608.158s][info][gc,start    ] GC(136) Pause Young (Normal) (G1 Evacuation Pause)
[608.158s][info][gc,task     ] GC(136) Using 13 workers of 13 for evacuation
[608.170s][info][gc,phases   ] GC(136)   Pre Evacuate Collection Set: 0.1ms
[608.170s][info][gc,phases   ] GC(136)   Merge Heap Roots: 0.2ms
[608.170s][info][gc,phases   ] GC(136)   Evacuate Collection Set: 9.8ms
[608.170s][info][gc,phases   ] GC(136)   Post Evacuate Collection Set: 1.3ms
[608.170s][info][gc,phases   ] GC(136)   Other: 0.2ms
[608.170s][info][gc,heap     ] GC(136) Eden regions: 1209->0(1210)
[608.170s][info][gc,heap     ] GC(136) Survivor regions: 19->18(154)
[608.170s][info][gc,heap     ] GC(136) Old regions: 53->53
[608.170s][info][gc,heap     ] GC(136) Archive regions: 2->2
[608.170s][info][gc,heap     ] GC(136) Humongous regions: 0->0
[608.170s][info][gc,metaspace] GC(136) Metaspace: 791K(896K)->791K(896K) NonClass: 737K(768K)->737K(768K) Class: 53K(128K)->53K(128K)
[608.170s][info][gc          ] GC(136) Pause Young (Normal) (G1 Evacuation Pause) 5125M->285M(8192M) 11.817ms
[608.170s][info][gc,cpu      ] GC(136) User=0.11s Sys=0.00s Real=0.01s
[612.878s][info][gc,start    ] GC(137) Pause Young (Normal) (G1 Evacuation Pause)
[612.878s][info][gc,task     ] GC(137) Using 13 workers of 13 for evacuation
[612.890s][info][gc,phases   ] GC(137)   Pre Evacuate Collection Set: 0.1ms
[612.890s][info][gc,phases   ] GC(137)   Merge Heap Roots: 0.1ms
[612.890s][info][gc,phases   ] GC(137)   Evacuate Collection Set: 9.9ms
[612.890s][info][gc,phases   ] GC(137)   Post Evacuate Collection Set: 1.1ms
[612.890s][info][gc,phases   ] GC(137)   Other: 0.2ms
[612.890s][info][gc,heap     ] GC(137) Eden regions: 1210->0(1209)
[612.890s][info][gc,heap     ] GC(137) Survivor regions: 18->19(154)
[612.890s][info][gc,heap     ] GC(137) Old regions: 53->53
[612.890s][info][gc,heap     ] GC(137) Archive regions: 2->2
[612.890s][info][gc,heap     ] GC(137) Humongous regions: 0->0
[612.890s][info][gc,metaspace] GC(137) Metaspace: 791K(896K)->791K(896K) NonClass: 737K(768K)->737K(768K) Class: 53K(128K)->53K(128K)
[612.890s][info][gc          ] GC(137) Pause Young (Normal) (G1 Evacuation Pause) 5125M->287M(8192M) 11.535ms
[612.890s][info][gc,cpu      ] GC(137) User=0.12s Sys=0.01s Real=0.01s
[617.589s][info][gc,start    ] GC(138) Pause Young (Normal) (G1 Evacuation Pause)
[617.589s][info][gc,task     ] GC(138) Using 13 workers of 13 for evacuation
[617.602s][info][gc,phases   ] GC(138)   Pre Evacuate Collection Set: 0.1ms
[617.602s][info][gc,phases   ] GC(138)   Merge Heap Roots: 0.2ms
[617.602s][info][gc,phases   ] GC(138)   Evacuate Collection Set: 11.0ms
[617.602s][info][gc,phases   ] GC(138)   Post Evacuate Collection Set: 1.1ms
[617.602s][info][gc,phases   ] GC(138)   Other: 0.2ms
[617.602s][info][gc,heap     ] GC(138) Eden regions: 1209->0(1210)
[617.602s][info][gc,heap     ] GC(138) Survivor regions: 19->18(154)
[617.602s][info][gc,heap     ] GC(138) Old regions: 53->53
[617.602s][info][gc,heap     ] GC(138) Archive regions: 2->2
[617.602s][info][gc,heap     ] GC(138) Humongous regions: 0->0
[617.602s][info][gc,metaspace] GC(138) Metaspace: 791K(896K)->791K(896K) NonClass: 737K(768K)->737K(768K) Class: 53K(128K)->53K(128K)
[617.602s][info][gc          ] GC(138) Pause Young (Normal) (G1 Evacuation Pause) 5123M->287M(8192M) 12.754ms
[617.602s][info][gc,cpu      ] GC(138) User=0.11s Sys=0.02s Real=0.02s
[622.318s][info][gc,start    ] GC(139) Pause Young (Normal) (G1 Evacuation Pause)
[622.318s][info][gc,task     ] GC(139) Using 13 workers of 13 for evacuation
[622.329s][info][gc,phases   ] GC(139)   Pre Evacuate Collection Set: 0.1ms
[622.329s][info][gc,phases   ] GC(139)   Merge Heap Roots: 0.2ms
[622.329s][info][gc,phases   ] GC(139)   Evacuate Collection Set: 10.0ms
[622.329s][info][gc,phases   ] GC(139)   Post Evacuate Collection Set: 1.0ms
[622.329s][info][gc,phases   ] GC(139)   Other: 0.2ms
[622.329s][info][gc,heap     ] GC(139) Eden regions: 1210->0(1210)
[622.329s][info][gc,heap     ] GC(139) Survivor regions: 18->18(154)
[622.329s][info][gc,heap     ] GC(139) Old regions: 53->53
[622.329s][info][gc,heap     ] GC(139) Archive regions: 2->2
[622.329s][info][gc,heap     ] GC(139) Humongous regions: 0->0
[622.329s][info][gc,metaspace] GC(139) Metaspace: 791K(896K)->791K(896K) NonClass: 737K(768K)->737K(768K) Class: 53K(128K)->53K(128K)
[622.330s][info][gc          ] GC(139) Pause Young (Normal) (G1 Evacuation Pause) 5127M->286M(8192M) 11.580ms
[622.330s][info][gc,cpu      ] GC(139) User=0.12s Sys=0.01s Real=0.01s
[627.038s][info][gc,start    ] GC(140) Pause Young (Normal) (G1 Evacuation Pause)
[627.038s][info][gc,task     ] GC(140) Using 13 workers of 13 for evacuation
[627.049s][info][gc,phases   ] GC(140)   Pre Evacuate Collection Set: 0.1ms
[627.049s][info][gc,phases   ] GC(140)   Merge Heap Roots: 0.1ms
[627.049s][info][gc,phases   ] GC(140)   Evacuate Collection Set: 9.6ms
[627.049s][info][gc,phases   ] GC(140)   Post Evacuate Collection Set: 1.0ms
[627.049s][info][gc,phases   ] GC(140)   Other: 0.2ms
[627.049s][info][gc,heap     ] GC(140) Eden regions: 1210->0(1210)
[627.049s][info][gc,heap     ] GC(140) Survivor regions: 18->18(154)
[627.049s][info][gc,heap     ] GC(140) Old regions: 53->53
[627.049s][info][gc,heap     ] GC(140) Archive regions: 2->2
[627.049s][info][gc,heap     ] GC(140) Humongous regions: 0->0
[627.049s][info][gc,metaspace] GC(140) Metaspace: 791K(896K)->791K(896K) NonClass: 737K(768K)->737K(768K) Class: 53K(128K)->53K(128K)
[627.049s][info][gc          ] GC(140) Pause Young (Normal) (G1 Evacuation Pause) 5126M->285M(8192M) 11.226ms
[627.049s][info][gc,cpu      ] GC(140) User=0.12s Sys=0.00s Real=0.01s
[631.758s][info][gc,start    ] GC(141) Pause Young (Normal) (G1 Evacuation Pause)
[631.759s][info][gc,task     ] GC(141) Using 13 workers of 13 for evacuation
[631.770s][info][gc,phases   ] GC(141)   Pre Evacuate Collection Set: 0.1ms
[631.770s][info][gc,phases   ] GC(141)   Merge Heap Roots: 0.1ms
[631.770s][info][gc,phases   ] GC(141)   Evacuate Collection Set: 9.7ms
[631.770s][info][gc,phases   ] GC(141)   Post Evacuate Collection Set: 1.0ms
[631.770s][info][gc,phases   ] GC(141)   Other: 0.2ms
[631.770s][info][gc,heap     ] GC(141) Eden regions: 1210->0(1210)
[631.770s][info][gc,heap     ] GC(141) Survivor regions: 18->18(154)
[631.770s][info][gc,heap     ] GC(141) Old regions: 53->53
[631.770s][info][gc,heap     ] GC(141) Archive regions: 2->2
[631.770s][info][gc,heap     ] GC(141) Humongous regions: 0->0
[631.770s][info][gc,metaspace] GC(141) Metaspace: 791K(896K)->791K(896K) NonClass: 737K(768K)->737K(768K) Class: 53K(128K)->53K(128K)
[631.770s][info][gc          ] GC(141) Pause Young (Normal) (G1 Evacuation Pause) 5125M->286M(8192M) 11.320ms
[631.770s][info][gc,cpu      ] GC(141) User=0.11s Sys=0.00s Real=0.01s
[636.479s][info][gc,start    ] GC(142) Pause Young (Normal) (G1 Evacuation Pause)
[636.479s][info][gc,task     ] GC(142) Using 13 workers of 13 for evacuation
[636.490s][info][gc,phases   ] GC(142)   Pre Evacuate Collection Set: 0.1ms
[636.490s][info][gc,phases   ] GC(142)   Merge Heap Roots: 0.1ms
[636.490s][info][gc,phases   ] GC(142)   Evacuate Collection Set: 9.5ms
[636.490s][info][gc,phases   ] GC(142)   Post Evacuate Collection Set: 1.0ms
[636.490s][info][gc,phases   ] GC(142)   Other: 0.1ms
[636.490s][info][gc,heap     ] GC(142) Eden regions: 1210->0(1210)
[636.490s][info][gc,heap     ] GC(142) Survivor regions: 18->18(154)
[636.490s][info][gc,heap     ] GC(142) Old regions: 53->53
[636.490s][info][gc,heap     ] GC(142) Archive regions: 2->2
[636.490s][info][gc,heap     ] GC(142) Humongous regions: 0->0
[636.490s][info][gc,metaspace] GC(142) Metaspace: 791K(896K)->791K(896K) NonClass: 737K(768K)->737K(768K) Class: 53K(128K)->53K(128K)
[636.490s][info][gc          ] GC(142) Pause Young (Normal) (G1 Evacuation Pause) 5126M->287M(8192M) 11.173ms
[636.490s][info][gc,cpu      ] GC(142) User=0.12s Sys=0.01s Real=0.01s
[641.199s][info][gc,start    ] GC(143) Pause Young (Normal) (G1 Evacuation Pause)
[641.199s][info][gc,task     ] GC(143) Using 13 workers of 13 for evacuation
[641.211s][info][gc,phases   ] GC(143)   Pre Evacuate Collection Set: 0.1ms
[641.211s][info][gc,phases   ] GC(143)   Merge Heap Roots: 0.2ms
[641.211s][info][gc,phases   ] GC(143)   Evacuate Collection Set: 10.5ms
[641.211s][info][gc,phases   ] GC(143)   Post Evacuate Collection Set: 1.2ms
[641.211s][info][gc,phases   ] GC(143)   Other: 0.2ms
[641.211s][info][gc,heap     ] GC(143) Eden regions: 1210->0(1210)
[641.211s][info][gc,heap     ] GC(143) Survivor regions: 18->18(154)
[641.211s][info][gc,heap     ] GC(143) Old regions: 53->53
[641.211s][info][gc,heap     ] GC(143) Archive regions: 2->2
[641.211s][info][gc,heap     ] GC(143) Humongous regions: 0->0
[641.211s][info][gc,metaspace] GC(143) Metaspace: 791K(896K)->791K(896K) NonClass: 737K(768K)->737K(768K) Class: 53K(128K)->53K(128K)
[641.211s][info][gc          ] GC(143) Pause Young (Normal) (G1 Evacuation Pause) 5127M->285M(8192M) 12.426ms
[641.211s][info][gc,cpu      ] GC(143) User=0.12s Sys=0.01s Real=0.02s
[645.920s][info][gc,start    ] GC(144) Pause Young (Normal) (G1 Evacuation Pause)
[645.920s][info][gc,task     ] GC(144) Using 13 workers of 13 for evacuation
[645.931s][info][gc,phases   ] GC(144)   Pre Evacuate Collection Set: 0.1ms
[645.931s][info][gc,phases   ] GC(144)   Merge Heap Roots: 0.2ms
[645.931s][info][gc,phases   ] GC(144)   Evacuate Collection Set: 9.8ms
[645.931s][info][gc,phases   ] GC(144)   Post Evacuate Collection Set: 1.1ms
[645.931s][info][gc,phases   ] GC(144)   Other: 0.2ms
[645.931s][info][gc,heap     ] GC(144) Eden regions: 1210->0(1210)
[645.931s][info][gc,heap     ] GC(144) Survivor regions: 18->18(154)
[645.931s][info][gc,heap     ] GC(144) Old regions: 53->53
[645.931s][info][gc,heap     ] GC(144) Archive regions: 2->2
[645.931s][info][gc,heap     ] GC(144) Humongous regions: 0->0
[645.931s][info][gc,metaspace] GC(144) Metaspace: 791K(896K)->791K(896K) NonClass: 737K(768K)->737K(768K) Class: 53K(128K)->53K(128K)
[645.931s][info][gc          ] GC(144) Pause Young (Normal) (G1 Evacuation Pause) 5125M->287M(8192M) 11.521ms
[645.931s][info][gc,cpu      ] GC(144) User=0.12s Sys=0.01s Real=0.02s
[650.648s][info][gc,start    ] GC(145) Pause Young (Normal) (G1 Evacuation Pause)
[650.648s][info][gc,task     ] GC(145) Using 13 workers of 13 for evacuation
[650.659s][info][gc,phases   ] GC(145)   Pre Evacuate Collection Set: 0.1ms
[650.659s][info][gc,phases   ] GC(145)   Merge Heap Roots: 0.1ms
[650.659s][info][gc,phases   ] GC(145)   Evacuate Collection Set: 9.9ms
[650.659s][info][gc,phases   ] GC(145)   Post Evacuate Collection Set: 1.0ms
[650.659s][info][gc,phases   ] GC(145)   Other: 0.2ms
[650.659s][info][gc,heap     ] GC(145) Eden regions: 1210->0(1210)
[650.659s][info][gc,heap     ] GC(145) Survivor regions: 18->18(154)
[650.659s][info][gc,heap     ] GC(145) Old regions: 53->53
[650.659s][info][gc,heap     ] GC(145) Archive regions: 2->2
[650.659s][info][gc,heap     ] GC(145) Humongous regions: 0->0
[650.659s][info][gc,metaspace] GC(145) Metaspace: 791K(896K)->791K(896K) NonClass: 737K(768K)->737K(768K) Class: 53K(128K)->53K(128K)
[650.659s][info][gc          ] GC(145) Pause Young (Normal) (G1 Evacuation Pause) 5127M->286M(8192M) 11.466ms
[650.659s][info][gc,cpu      ] GC(145) User=0.12s Sys=0.01s Real=0.01s
[655.369s][info][gc,start    ] GC(146) Pause Young (Normal) (G1 Evacuation Pause)
[655.369s][info][gc,task     ] GC(146) Using 13 workers of 13 for evacuation
[655.381s][info][gc,phases   ] GC(146)   Pre Evacuate Collection Set: 0.1ms
[655.381s][info][gc,phases   ] GC(146)   Merge Heap Roots: 0.2ms
[655.381s][info][gc,phases   ] GC(146)   Evacuate Collection Set: 10.4ms
[655.381s][info][gc,phases   ] GC(146)   Post Evacuate Collection Set: 1.1ms
[655.381s][info][gc,phases   ] GC(146)   Other: 0.2ms
[655.381s][info][gc,heap     ] GC(146) Eden regions: 1210->0(1210)
[655.381s][info][gc,heap     ] GC(146) Survivor regions: 18->18(154)
[655.381s][info][gc,heap     ] GC(146) Old regions: 53->53
[655.381s][info][gc,heap     ] GC(146) Archive regions: 2->2
[655.381s][info][gc,heap     ] GC(146) Humongous regions: 0->0
[655.381s][info][gc,metaspace] GC(146) Metaspace: 791K(896K)->791K(896K) NonClass: 737K(768K)->737K(768K) Class: 53K(128K)->53K(128K)
[655.381s][info][gc          ] GC(146) Pause Young (Normal) (G1 Evacuation Pause) 5126M->284M(8192M) 12.134ms
[655.381s][info][gc,cpu      ] GC(146) User=0.13s Sys=0.01s Real=0.02s
[660.083s][info][gc,start    ] GC(147) Pause Young (Normal) (G1 Evacuation Pause)
[660.083s][info][gc,task     ] GC(147) Using 13 workers of 13 for evacuation
[660.095s][info][gc,phases   ] GC(147)   Pre Evacuate Collection Set: 0.1ms
[660.095s][info][gc,phases   ] GC(147)   Merge Heap Roots: 0.2ms
[660.095s][info][gc,phases   ] GC(147)   Evacuate Collection Set: 10.7ms
[660.095s][info][gc,phases   ] GC(147)   Post Evacuate Collection Set: 1.0ms
[660.095s][info][gc,phases   ] GC(147)   Other: 0.2ms
[660.095s][info][gc,heap     ] GC(147) Eden regions: 1210->0(1209)
[660.095s][info][gc,heap     ] GC(147) Survivor regions: 18->19(154)
[660.095s][info][gc,heap     ] GC(147) Old regions: 53->53
[660.095s][info][gc,heap     ] GC(147) Archive regions: 2->2
[660.095s][info][gc,heap     ] GC(147) Humongous regions: 0->0
[660.095s][info][gc,metaspace] GC(147) Metaspace: 791K(896K)->791K(896K) NonClass: 737K(768K)->737K(768K) Class: 53K(128K)->53K(128K)
[660.095s][info][gc          ] GC(147) Pause Young (Normal) (G1 Evacuation Pause) 5124M->288M(8192M) 12.368ms
[660.095s][info][gc,cpu      ] GC(147) User=0.13s Sys=0.01s Real=0.01s
[664.799s][info][gc,start    ] GC(148) Pause Young (Normal) (G1 Evacuation Pause)
[664.799s][info][gc,task     ] GC(148) Using 13 workers of 13 for evacuation
[664.812s][info][gc,phases   ] GC(148)   Pre Evacuate Collection Set: 0.1ms
[664.812s][info][gc,phases   ] GC(148)   Merge Heap Roots: 0.2ms
[664.812s][info][gc,phases   ] GC(148)   Evacuate Collection Set: 11.0ms
[664.812s][info][gc,phases   ] GC(148)   Post Evacuate Collection Set: 1.0ms
[664.812s][info][gc,phases   ] GC(148)   Other: 0.2ms
[664.812s][info][gc,heap     ] GC(148) Eden regions: 1209->0(1209)
[664.812s][info][gc,heap     ] GC(148) Survivor regions: 19->19(154)
[664.812s][info][gc,heap     ] GC(148) Old regions: 53->53
[664.812s][info][gc,heap     ] GC(148) Archive regions: 2->2
[664.812s][info][gc,heap     ] GC(148) Humongous regions: 0->0
[664.812s][info][gc,metaspace] GC(148) Metaspace: 791K(896K)->791K(896K) NonClass: 737K(768K)->737K(768K) Class: 53K(128K)->53K(128K)
[664.812s][info][gc          ] GC(148) Pause Young (Normal) (G1 Evacuation Pause) 5124M->289M(8192M) 12.700ms
[664.812s][info][gc,cpu      ] GC(148) User=0.14s Sys=0.01s Real=0.02s
[669.518s][info][gc,start    ] GC(149) Pause Young (Normal) (G1 Evacuation Pause)
[669.518s][info][gc,task     ] GC(149) Using 13 workers of 13 for evacuation
[669.531s][info][gc,phases   ] GC(149)   Pre Evacuate Collection Set: 0.1ms
[669.531s][info][gc,phases   ] GC(149)   Merge Heap Roots: 0.1ms
[669.531s][info][gc,phases   ] GC(149)   Evacuate Collection Set: 11.3ms
[669.531s][info][gc,phases   ] GC(149)   Post Evacuate Collection Set: 1.0ms
[669.531s][info][gc,phases   ] GC(149)   Other: 0.2ms
[669.531s][info][gc,heap     ] GC(149) Eden regions: 1209->0(1210)
[669.531s][info][gc,heap     ] GC(149) Survivor regions: 19->18(154)
[669.531s][info][gc,heap     ] GC(149) Old regions: 53->53
[669.531s][info][gc,heap     ] GC(149) Archive regions: 2->2
[669.531s][info][gc,heap     ] GC(149) Humongous regions: 0->0
[669.531s][info][gc,metaspace] GC(149) Metaspace: 791K(896K)->791K(896K) NonClass: 737K(768K)->737K(768K) Class: 53K(128K)->53K(128K)
[669.531s][info][gc          ] GC(149) Pause Young (Normal) (G1 Evacuation Pause) 5125M->287M(8192M) 12.963ms
[669.531s][info][gc,cpu      ] GC(149) User=0.14s Sys=0.01s Real=0.02s
[674.238s][info][gc,start    ] GC(150) Pause Young (Normal) (G1 Evacuation Pause)
[674.238s][info][gc,task     ] GC(150) Using 13 workers of 13 for evacuation
[674.250s][info][gc,phases   ] GC(150)   Pre Evacuate Collection Set: 0.1ms
[674.250s][info][gc,phases   ] GC(150)   Merge Heap Roots: 0.1ms
[674.250s][info][gc,phases   ] GC(150)   Evacuate Collection Set: 10.1ms
[674.250s][info][gc,phases   ] GC(150)   Post Evacuate Collection Set: 1.0ms
[674.250s][info][gc,phases   ] GC(150)   Other: 0.1ms
[674.250s][info][gc,heap     ] GC(150) Eden regions: 1210->0(1209)
[674.250s][info][gc,heap     ] GC(150) Survivor regions: 18->19(154)
[674.250s][info][gc,heap     ] GC(150) Old regions: 53->54
[674.250s][info][gc,heap     ] GC(150) Archive regions: 2->2
[674.250s][info][gc,heap     ] GC(150) Humongous regions: 0->0
[674.250s][info][gc,metaspace] GC(150) Metaspace: 791K(896K)->791K(896K) NonClass: 737K(768K)->737K(768K) Class: 53K(128K)->53K(128K)
[674.250s][info][gc          ] GC(150) Pause Young (Normal) (G1 Evacuation Pause) 5127M->290M(8192M) 11.624ms
[674.250s][info][gc,cpu      ] GC(150) User=0.11s Sys=0.02s Real=0.01s
[678.949s][info][gc,start    ] GC(151) Pause Young (Normal) (G1 Evacuation Pause)
[678.949s][info][gc,task     ] GC(151) Using 13 workers of 13 for evacuation
[678.960s][info][gc,phases   ] GC(151)   Pre Evacuate Collection Set: 0.1ms
[678.960s][info][gc,phases   ] GC(151)   Merge Heap Roots: 0.1ms
[678.960s][info][gc,phases   ] GC(151)   Evacuate Collection Set: 9.5ms
[678.960s][info][gc,phases   ] GC(151)   Post Evacuate Collection Set: 1.0ms
[678.960s][info][gc,phases   ] GC(151)   Other: 0.2ms
[678.960s][info][gc,heap     ] GC(151) Eden regions: 1209->0(1210)
[678.960s][info][gc,heap     ] GC(151) Survivor regions: 19->18(154)
[678.960s][info][gc,heap     ] GC(151) Old regions: 54->54
[678.960s][info][gc,heap     ] GC(151) Archive regions: 2->2
[678.960s][info][gc,heap     ] GC(151) Humongous regions: 0->0
[678.960s][info][gc,metaspace] GC(151) Metaspace: 791K(896K)->791K(896K) NonClass: 737K(768K)->737K(768K) Class: 53K(128K)->53K(128K)
[678.960s][info][gc          ] GC(151) Pause Young (Normal) (G1 Evacuation Pause) 5126M->288M(8192M) 11.124ms
[678.960s][info][gc,cpu      ] GC(151) User=0.12s Sys=0.01s Real=0.02s
[683.678s][info][gc,start    ] GC(152) Pause Young (Normal) (G1 Evacuation Pause)
[683.678s][info][gc,task     ] GC(152) Using 13 workers of 13 for evacuation
[683.689s][info][gc,phases   ] GC(152)   Pre Evacuate Collection Set: 0.1ms
[683.689s][info][gc,phases   ] GC(152)   Merge Heap Roots: 0.1ms
[683.689s][info][gc,phases   ] GC(152)   Evacuate Collection Set: 9.5ms
[683.689s][info][gc,phases   ] GC(152)   Post Evacuate Collection Set: 1.1ms
[683.689s][info][gc,phases   ] GC(152)   Other: 0.2ms
[683.689s][info][gc,heap     ] GC(152) Eden regions: 1210->0(1210)
[683.689s][info][gc,heap     ] GC(152) Survivor regions: 18->18(154)
[683.689s][info][gc,heap     ] GC(152) Old regions: 54->54
[683.689s][info][gc,heap     ] GC(152) Archive regions: 2->2
[683.689s][info][gc,heap     ] GC(152) Humongous regions: 0->0
[683.689s][info][gc,metaspace] GC(152) Metaspace: 791K(896K)->791K(896K) NonClass: 737K(768K)->737K(768K) Class: 53K(128K)->53K(128K)
[683.689s][info][gc          ] GC(152) Pause Young (Normal) (G1 Evacuation Pause) 5128M->288M(8192M) 11.151ms
[683.689s][info][gc,cpu      ] GC(152) User=0.11s Sys=0.01s Real=0.01s
[688.399s][info][gc,start    ] GC(153) Pause Young (Normal) (G1 Evacuation Pause)
[688.399s][info][gc,task     ] GC(153) Using 13 workers of 13 for evacuation
[688.409s][info][gc,phases   ] GC(153)   Pre Evacuate Collection Set: 0.1ms
[688.409s][info][gc,phases   ] GC(153)   Merge Heap Roots: 0.2ms
[688.409s][info][gc,phases   ] GC(153)   Evacuate Collection Set: 9.2ms
[688.409s][info][gc,phases   ] GC(153)   Post Evacuate Collection Set: 1.0ms
[688.409s][info][gc,phases   ] GC(153)   Other: 0.2ms
[688.409s][info][gc,heap     ] GC(153) Eden regions: 1210->0(1210)
[688.409s][info][gc,heap     ] GC(153) Survivor regions: 18->18(154)
[688.409s][info][gc,heap     ] GC(153) Old regions: 54->54
[688.409s][info][gc,heap     ] GC(153) Archive regions: 2->2
[688.409s][info][gc,heap     ] GC(153) Humongous regions: 0->0
[688.409s][info][gc,metaspace] GC(153) Metaspace: 791K(896K)->791K(896K) NonClass: 737K(768K)->737K(768K) Class: 53K(128K)->53K(128K)
[688.409s][info][gc          ] GC(153) Pause Young (Normal) (G1 Evacuation Pause) 5128M->288M(8192M) 10.765ms
[688.409s][info][gc,cpu      ] GC(153) User=0.12s Sys=0.00s Real=0.01s
[693.119s][info][gc,start    ] GC(154) Pause Young (Normal) (G1 Evacuation Pause)
[693.119s][info][gc,task     ] GC(154) Using 13 workers of 13 for evacuation
[693.130s][info][gc,phases   ] GC(154)   Pre Evacuate Collection Set: 0.1ms
[693.131s][info][gc,phases   ] GC(154)   Merge Heap Roots: 0.1ms
[693.131s][info][gc,phases   ] GC(154)   Evacuate Collection Set: 10.1ms
[693.131s][info][gc,phases   ] GC(154)   Post Evacuate Collection Set: 1.1ms
[693.131s][info][gc,phases   ] GC(154)   Other: 0.2ms
[693.131s][info][gc,heap     ] GC(154) Eden regions: 1210->0(1210)
[693.131s][info][gc,heap     ] GC(154) Survivor regions: 18->18(154)
[693.131s][info][gc,heap     ] GC(154) Old regions: 54->54
[693.131s][info][gc,heap     ] GC(154) Archive regions: 2->2
[693.131s][info][gc,heap     ] GC(154) Humongous regions: 0->0
[693.131s][info][gc,metaspace] GC(154) Metaspace: 791K(896K)->791K(896K) NonClass: 737K(768K)->737K(768K) Class: 53K(128K)->53K(128K)
[693.131s][info][gc          ] GC(154) Pause Young (Normal) (G1 Evacuation Pause) 5128M->288M(8192M) 11.773ms
[693.131s][info][gc,cpu      ] GC(154) User=0.12s Sys=0.01s Real=0.02s
[697.839s][info][gc,start    ] GC(155) Pause Young (Normal) (G1 Evacuation Pause)
[697.839s][info][gc,task     ] GC(155) Using 13 workers of 13 for evacuation
[697.851s][info][gc,phases   ] GC(155)   Pre Evacuate Collection Set: 0.1ms
[697.851s][info][gc,phases   ] GC(155)   Merge Heap Roots: 0.1ms
[697.851s][info][gc,phases   ] GC(155)   Evacuate Collection Set: 10.2ms
[697.851s][info][gc,phases   ] GC(155)   Post Evacuate Collection Set: 1.1ms
[697.851s][info][gc,phases   ] GC(155)   Other: 0.2ms
[697.851s][info][gc,heap     ] GC(155) Eden regions: 1210->0(1210)
[697.851s][info][gc,heap     ] GC(155) Survivor regions: 18->18(154)
[697.851s][info][gc,heap     ] GC(155) Old regions: 54->54
[697.851s][info][gc,heap     ] GC(155) Archive regions: 2->2
[697.851s][info][gc,heap     ] GC(155) Humongous regions: 0->0
[697.851s][info][gc,metaspace] GC(155) Metaspace: 791K(896K)->791K(896K) NonClass: 737K(768K)->737K(768K) Class: 53K(128K)->53K(128K)
[697.851s][info][gc          ] GC(155) Pause Young (Normal) (G1 Evacuation Pause) 5128M->286M(8192M) 11.832ms
[697.851s][info][gc,cpu      ] GC(155) User=0.12s Sys=0.01s Real=0.02s
[702.567s][info][gc,start    ] GC(156) Pause Young (Normal) (G1 Evacuation Pause)
[702.567s][info][gc,task     ] GC(156) Using 13 workers of 13 for evacuation
[702.579s][info][gc,phases   ] GC(156)   Pre Evacuate Collection Set: 0.1ms
[702.579s][info][gc,phases   ] GC(156)   Merge Heap Roots: 0.2ms
[702.579s][info][gc,phases   ] GC(156)   Evacuate Collection Set: 9.8ms
[702.579s][info][gc,phases   ] GC(156)   Post Evacuate Collection Set: 1.2ms
[702.579s][info][gc,phases   ] GC(156)   Other: 0.2ms
[702.579s][info][gc,heap     ] GC(156) Eden regions: 1210->0(1210)
[702.579s][info][gc,heap     ] GC(156) Survivor regions: 18->18(154)
[702.579s][info][gc,heap     ] GC(156) Old regions: 54->54
[702.579s][info][gc,heap     ] GC(156) Archive regions: 2->2
[702.579s][info][gc,heap     ] GC(156) Humongous regions: 0->0
[702.579s][info][gc,metaspace] GC(156) Metaspace: 791K(896K)->791K(896K) NonClass: 737K(768K)->737K(768K) Class: 53K(128K)->53K(128K)
[702.579s][info][gc          ] GC(156) Pause Young (Normal) (G1 Evacuation Pause) 5126M->287M(8192M) 11.650ms
[702.579s][info][gc,cpu      ] GC(156) User=0.12s Sys=0.01s Real=0.01s
[707.288s][info][gc,start    ] GC(157) Pause Young (Normal) (G1 Evacuation Pause)
[707.288s][info][gc,task     ] GC(157) Using 13 workers of 13 for evacuation
[707.300s][info][gc,phases   ] GC(157)   Pre Evacuate Collection Set: 0.1ms
[707.300s][info][gc,phases   ] GC(157)   Merge Heap Roots: 0.1ms
[707.300s][info][gc,phases   ] GC(157)   Evacuate Collection Set: 10.3ms
[707.300s][info][gc,phases   ] GC(157)   Post Evacuate Collection Set: 1.1ms
[707.300s][info][gc,phases   ] GC(157)   Other: 0.2ms
[707.300s][info][gc,heap     ] GC(157) Eden regions: 1210->0(1210)
[707.300s][info][gc,heap     ] GC(157) Survivor regions: 18->18(154)
[707.300s][info][gc,heap     ] GC(157) Old regions: 54->54
[707.300s][info][gc,heap     ] GC(157) Archive regions: 2->2
[707.300s][info][gc,heap     ] GC(157) Humongous regions: 0->0
[707.300s][info][gc,metaspace] GC(157) Metaspace: 791K(896K)->791K(896K) NonClass: 737K(768K)->737K(768K) Class: 53K(128K)->53K(128K)
[707.300s][info][gc          ] GC(157) Pause Young (Normal) (G1 Evacuation Pause) 5127M->287M(8192M) 12.037ms
[707.300s][info][gc,cpu      ] GC(157) User=0.12s Sys=0.01s Real=0.02s
[712.009s][info][gc,start    ] GC(158) Pause Young (Normal) (G1 Evacuation Pause)
[712.009s][info][gc,task     ] GC(158) Using 13 workers of 13 for evacuation
[712.020s][info][gc,phases   ] GC(158)   Pre Evacuate Collection Set: 0.1ms
[712.020s][info][gc,phases   ] GC(158)   Merge Heap Roots: 0.1ms
[712.020s][info][gc,phases   ] GC(158)   Evacuate Collection Set: 9.7ms
[712.020s][info][gc,phases   ] GC(158)   Post Evacuate Collection Set: 1.3ms
[712.020s][info][gc,phases   ] GC(158)   Other: 0.2ms
[712.020s][info][gc,heap     ] GC(158) Eden regions: 1210->0(1210)
[712.020s][info][gc,heap     ] GC(158) Survivor regions: 18->18(154)
[712.020s][info][gc,heap     ] GC(158) Old regions: 54->54
[712.020s][info][gc,heap     ] GC(158) Archive regions: 2->2
[712.020s][info][gc,heap     ] GC(158) Humongous regions: 0->0
[712.020s][info][gc,metaspace] GC(158) Metaspace: 791K(896K)->791K(896K) NonClass: 737K(768K)->737K(768K) Class: 53K(128K)->53K(128K)
[712.021s][info][gc          ] GC(158) Pause Young (Normal) (G1 Evacuation Pause) 5127M->288M(8192M) 11.793ms
[712.021s][info][gc,cpu      ] GC(158) User=0.12s Sys=0.01s Real=0.02s
[716.729s][info][gc,start    ] GC(159) Pause Young (Normal) (G1 Evacuation Pause)
[716.729s][info][gc,task     ] GC(159) Using 13 workers of 13 for evacuation
[716.740s][info][gc,phases   ] GC(159)   Pre Evacuate Collection Set: 0.1ms
[716.740s][info][gc,phases   ] GC(159)   Merge Heap Roots: 0.1ms
[716.740s][info][gc,phases   ] GC(159)   Evacuate Collection Set: 9.3ms
[716.740s][info][gc,phases   ] GC(159)   Post Evacuate Collection Set: 1.1ms
[716.740s][info][gc,phases   ] GC(159)   Other: 0.2ms
[716.740s][info][gc,heap     ] GC(159) Eden regions: 1210->0(1210)
[716.740s][info][gc,heap     ] GC(159) Survivor regions: 18->18(154)
[716.740s][info][gc,heap     ] GC(159) Old regions: 54->54
[716.740s][info][gc,heap     ] GC(159) Archive regions: 2->2
[716.740s][info][gc,heap     ] GC(159) Humongous regions: 0->0
[716.740s][info][gc,metaspace] GC(159) Metaspace: 791K(896K)->791K(896K) NonClass: 737K(768K)->737K(768K) Class: 53K(128K)->53K(128K)
[716.740s][info][gc          ] GC(159) Pause Young (Normal) (G1 Evacuation Pause) 5128M->288M(8192M) 10.957ms
[716.740s][info][gc,cpu      ] GC(159) User=0.12s Sys=0.01s Real=0.01s
[721.458s][info][gc,start    ] GC(160) Pause Young (Normal) (G1 Evacuation Pause)
[721.458s][info][gc,task     ] GC(160) Using 13 workers of 13 for evacuation
[721.469s][info][gc,phases   ] GC(160)   Pre Evacuate Collection Set: 0.1ms
[721.470s][info][gc,phases   ] GC(160)   Merge Heap Roots: 0.2ms
[721.470s][info][gc,phases   ] GC(160)   Evacuate Collection Set: 10.1ms
[721.470s][info][gc,phases   ] GC(160)   Post Evacuate Collection Set: 1.2ms
[721.470s][info][gc,phases   ] GC(160)   Other: 0.2ms
[721.470s][info][gc,heap     ] GC(160) Eden regions: 1210->0(1209)
[721.470s][info][gc,heap     ] GC(160) Survivor regions: 18->19(154)
[721.470s][info][gc,heap     ] GC(160) Old regions: 54->54
[721.470s][info][gc,heap     ] GC(160) Archive regions: 2->2
[721.470s][info][gc,heap     ] GC(160) Humongous regions: 0->0
[721.470s][info][gc,metaspace] GC(160) Metaspace: 791K(896K)->791K(896K) NonClass: 737K(768K)->737K(768K) Class: 53K(128K)->53K(128K)
[721.470s][info][gc          ] GC(160) Pause Young (Normal) (G1 Evacuation Pause) 5128M->289M(8192M) 11.846ms
[721.470s][info][gc,cpu      ] GC(160) User=0.12s Sys=0.01s Real=0.02s
[726.169s][info][gc,start    ] GC(161) Pause Young (Normal) (G1 Evacuation Pause)
[726.169s][info][gc,task     ] GC(161) Using 13 workers of 13 for evacuation
[726.182s][info][gc,phases   ] GC(161)   Pre Evacuate Collection Set: 0.1ms
[726.182s][info][gc,phases   ] GC(161)   Merge Heap Roots: 0.2ms
[726.182s][info][gc,phases   ] GC(161)   Evacuate Collection Set: 11.8ms
[726.182s][info][gc,phases   ] GC(161)   Post Evacuate Collection Set: 1.0ms
[726.182s][info][gc,phases   ] GC(161)   Other: 0.2ms
[726.182s][info][gc,heap     ] GC(161) Eden regions: 1209->0(1209)
[726.182s][info][gc,heap     ] GC(161) Survivor regions: 19->19(154)
[726.182s][info][gc,heap     ] GC(161) Old regions: 54->54
[726.182s][info][gc,heap     ] GC(161) Archive regions: 2->2
[726.182s][info][gc,heap     ] GC(161) Humongous regions: 0->0
[726.182s][info][gc,metaspace] GC(161) Metaspace: 791K(896K)->791K(896K) NonClass: 737K(768K)->737K(768K) Class: 53K(128K)->53K(128K)
[726.182s][info][gc          ] GC(161) Pause Young (Normal) (G1 Evacuation Pause) 5125M->291M(8192M) 13.499ms
[726.182s][info][gc,cpu      ] GC(161) User=0.14s Sys=0.01s Real=0.02s
[730.889s][info][gc,start    ] GC(162) Pause Young (Normal) (G1 Evacuation Pause)
[730.889s][info][gc,task     ] GC(162) Using 13 workers of 13 for evacuation
[730.900s][info][gc,phases   ] GC(162)   Pre Evacuate Collection Set: 0.1ms
[730.900s][info][gc,phases   ] GC(162)   Merge Heap Roots: 0.1ms
[730.900s][info][gc,phases   ] GC(162)   Evacuate Collection Set: 9.4ms
[730.900s][info][gc,phases   ] GC(162)   Post Evacuate Collection Set: 1.1ms
[730.900s][info][gc,phases   ] GC(162)   Other: 0.2ms
[730.900s][info][gc,heap     ] GC(162) Eden regions: 1209->0(1209)
[730.900s][info][gc,heap     ] GC(162) Survivor regions: 19->19(154)
[730.900s][info][gc,heap     ] GC(162) Old regions: 54->54
[730.900s][info][gc,heap     ] GC(162) Archive regions: 2->2
[730.900s][info][gc,heap     ] GC(162) Humongous regions: 0->0
[730.900s][info][gc,metaspace] GC(162) Metaspace: 791K(896K)->791K(896K) NonClass: 737K(768K)->737K(768K) Class: 53K(128K)->53K(128K)
[730.900s][info][gc          ] GC(162) Pause Young (Normal) (G1 Evacuation Pause) 5127M->289M(8192M) 11.082ms
[730.900s][info][gc,cpu      ] GC(162) User=0.12s Sys=0.01s Real=0.01s
[735.599s][info][gc,start    ] GC(163) Pause Young (Normal) (G1 Evacuation Pause)
[735.600s][info][gc,task     ] GC(163) Using 13 workers of 13 for evacuation
[735.612s][info][gc,phases   ] GC(163)   Pre Evacuate Collection Set: 0.1ms
[735.612s][info][gc,phases   ] GC(163)   Merge Heap Roots: 0.1ms
[735.612s][info][gc,phases   ] GC(163)   Evacuate Collection Set: 11.1ms
[735.612s][info][gc,phases   ] GC(163)   Post Evacuate Collection Set: 1.1ms
[735.612s][info][gc,phases   ] GC(163)   Other: 0.2ms
[735.612s][info][gc,heap     ] GC(163) Eden regions: 1209->0(1209)
[735.612s][info][gc,heap     ] GC(163) Survivor regions: 19->19(154)
[735.612s][info][gc,heap     ] GC(163) Old regions: 54->54
[735.612s][info][gc,heap     ] GC(163) Archive regions: 2->2
[735.612s][info][gc,heap     ] GC(163) Humongous regions: 0->0
[735.612s][info][gc,metaspace] GC(163) Metaspace: 791K(896K)->791K(896K) NonClass: 737K(768K)->737K(768K) Class: 53K(128K)->53K(128K)
[735.612s][info][gc          ] GC(163) Pause Young (Normal) (G1 Evacuation Pause) 5125M->290M(8192M) 12.789ms
[735.612s][info][gc,cpu      ] GC(163) User=0.12s Sys=0.02s Real=0.01s
[740.319s][info][gc,start    ] GC(164) Pause Young (Normal) (G1 Evacuation Pause)
[740.319s][info][gc,task     ] GC(164) Using 13 workers of 13 for evacuation
[740.330s][info][gc,phases   ] GC(164)   Pre Evacuate Collection Set: 0.1ms
[740.330s][info][gc,phases   ] GC(164)   Merge Heap Roots: 0.1ms
[740.330s][info][gc,phases   ] GC(164)   Evacuate Collection Set: 9.8ms
[740.330s][info][gc,phases   ] GC(164)   Post Evacuate Collection Set: 1.0ms
[740.330s][info][gc,phases   ] GC(164)   Other: 0.2ms
[740.330s][info][gc,heap     ] GC(164) Eden regions: 1209->0(1210)
[740.330s][info][gc,heap     ] GC(164) Survivor regions: 19->18(154)
[740.330s][info][gc,heap     ] GC(164) Old regions: 54->54
[740.330s][info][gc,heap     ] GC(164) Archive regions: 2->2
[740.330s][info][gc,heap     ] GC(164) Humongous regions: 0->0
[740.330s][info][gc,metaspace] GC(164) Metaspace: 791K(896K)->791K(896K) NonClass: 737K(768K)->737K(768K) Class: 53K(128K)->53K(128K)
[740.331s][info][gc          ] GC(164) Pause Young (Normal) (G1 Evacuation Pause) 5126M->289M(8192M) 11.408ms
[740.331s][info][gc,cpu      ] GC(164) User=0.11s Sys=0.01s Real=0.01s
[745.039s][info][gc,start    ] GC(165) Pause Young (Normal) (G1 Evacuation Pause)
[745.039s][info][gc,task     ] GC(165) Using 13 workers of 13 for evacuation
[745.050s][info][gc,phases   ] GC(165)   Pre Evacuate Collection Set: 0.1ms
[745.050s][info][gc,phases   ] GC(165)   Merge Heap Roots: 0.2ms
[745.050s][info][gc,phases   ] GC(165)   Evacuate Collection Set: 9.4ms
[745.050s][info][gc,phases   ] GC(165)   Post Evacuate Collection Set: 1.0ms
[745.050s][info][gc,phases   ] GC(165)   Other: 0.2ms
[745.050s][info][gc,heap     ] GC(165) Eden regions: 1210->0(1210)
[745.050s][info][gc,heap     ] GC(165) Survivor regions: 18->18(154)
[745.050s][info][gc,heap     ] GC(165) Old regions: 54->54
[745.050s][info][gc,heap     ] GC(165) Archive regions: 2->2
[745.050s][info][gc,heap     ] GC(165) Humongous regions: 0->0
[745.050s][info][gc,metaspace] GC(165) Metaspace: 791K(896K)->791K(896K) NonClass: 737K(768K)->737K(768K) Class: 53K(128K)->53K(128K)
[745.050s][info][gc          ] GC(165) Pause Young (Normal) (G1 Evacuation Pause) 5129M->289M(8192M) 10.989ms
[745.050s][info][gc,cpu      ] GC(165) User=0.11s Sys=0.01s Real=0.01s
[749.768s][info][gc,start    ] GC(166) Pause Young (Normal) (G1 Evacuation Pause)
[749.768s][info][gc,task     ] GC(166) Using 13 workers of 13 for evacuation
[749.779s][info][gc,phases   ] GC(166)   Pre Evacuate Collection Set: 0.1ms
[749.779s][info][gc,phases   ] GC(166)   Merge Heap Roots: 0.1ms
[749.779s][info][gc,phases   ] GC(166)   Evacuate Collection Set: 9.6ms
[749.779s][info][gc,phases   ] GC(166)   Post Evacuate Collection Set: 1.0ms
[749.779s][info][gc,phases   ] GC(166)   Other: 0.2ms
[749.779s][info][gc,heap     ] GC(166) Eden regions: 1210->0(1210)
[749.779s][info][gc,heap     ] GC(166) Survivor regions: 18->18(154)
[749.779s][info][gc,heap     ] GC(166) Old regions: 54->54
[749.779s][info][gc,heap     ] GC(166) Archive regions: 2->2
[749.779s][info][gc,heap     ] GC(166) Humongous regions: 0->0
[749.779s][info][gc,metaspace] GC(166) Metaspace: 791K(896K)->791K(896K) NonClass: 737K(768K)->737K(768K) Class: 53K(128K)->53K(128K)
[749.779s][info][gc          ] GC(166) Pause Young (Normal) (G1 Evacuation Pause) 5129M->289M(8192M) 11.159ms
[749.779s][info][gc,cpu      ] GC(166) User=0.11s Sys=0.01s Real=0.02s
[754.489s][info][gc,start    ] GC(167) Pause Young (Normal) (G1 Evacuation Pause)
[754.489s][info][gc,task     ] GC(167) Using 13 workers of 13 for evacuation
[754.501s][info][gc,phases   ] GC(167)   Pre Evacuate Collection Set: 0.1ms
[754.501s][info][gc,phases   ] GC(167)   Merge Heap Roots: 0.1ms
[754.501s][info][gc,phases   ] GC(167)   Evacuate Collection Set: 10.8ms
[754.501s][info][gc,phases   ] GC(167)   Post Evacuate Collection Set: 1.1ms
[754.501s][info][gc,phases   ] GC(167)   Other: 0.2ms
[754.501s][info][gc,heap     ] GC(167) Eden regions: 1210->0(1209)
[754.501s][info][gc,heap     ] GC(167) Survivor regions: 18->19(154)
[754.501s][info][gc,heap     ] GC(167) Old regions: 54->54
[754.501s][info][gc,heap     ] GC(167) Archive regions: 2->2
[754.501s][info][gc,heap     ] GC(167) Humongous regions: 0->0
[754.501s][info][gc,metaspace] GC(167) Metaspace: 791K(896K)->791K(896K) NonClass: 737K(768K)->737K(768K) Class: 53K(128K)->53K(128K)
[754.501s][info][gc          ] GC(167) Pause Young (Normal) (G1 Evacuation Pause) 5129M->290M(8192M) 12.594ms
[754.501s][info][gc,cpu      ] GC(167) User=0.13s Sys=0.01s Real=0.01s
[759.200s][info][gc,start    ] GC(168) Pause Young (Normal) (G1 Evacuation Pause)
[759.200s][info][gc,task     ] GC(168) Using 13 workers of 13 for evacuation
[759.211s][info][gc,phases   ] GC(168)   Pre Evacuate Collection Set: 0.1ms
[759.211s][info][gc,phases   ] GC(168)   Merge Heap Roots: 0.2ms
[759.211s][info][gc,phases   ] GC(168)   Evacuate Collection Set: 10.1ms
[759.211s][info][gc,phases   ] GC(168)   Post Evacuate Collection Set: 1.2ms
[759.211s][info][gc,phases   ] GC(168)   Other: 0.2ms
[759.211s][info][gc,heap     ] GC(168) Eden regions: 1209->0(1210)
[759.211s][info][gc,heap     ] GC(168) Survivor regions: 19->18(154)
[759.211s][info][gc,heap     ] GC(168) Old regions: 54->54
[759.211s][info][gc,heap     ] GC(168) Archive regions: 2->2
[759.211s][info][gc,heap     ] GC(168) Humongous regions: 0->0
[759.212s][info][gc,metaspace] GC(168) Metaspace: 791K(896K)->791K(896K) NonClass: 737K(768K)->737K(768K) Class: 53K(128K)->53K(128K)
[759.212s][info][gc          ] GC(168) Pause Young (Normal) (G1 Evacuation Pause) 5126M->289M(8192M) 12.029ms
[759.212s][info][gc,cpu      ] GC(168) User=0.11s Sys=0.00s Real=0.01s
[763.929s][info][gc,start    ] GC(169) Pause Young (Normal) (G1 Evacuation Pause)
[763.929s][info][gc,task     ] GC(169) Using 13 workers of 13 for evacuation
[763.940s][info][gc,phases   ] GC(169)   Pre Evacuate Collection Set: 0.1ms
[763.940s][info][gc,phases   ] GC(169)   Merge Heap Roots: 0.2ms
[763.940s][info][gc,phases   ] GC(169)   Evacuate Collection Set: 9.7ms
[763.940s][info][gc,phases   ] GC(169)   Post Evacuate Collection Set: 1.0ms
[763.940s][info][gc,phases   ] GC(169)   Other: 0.2ms
[763.940s][info][gc,heap     ] GC(169) Eden regions: 1210->0(1210)
[763.940s][info][gc,heap     ] GC(169) Survivor regions: 18->18(154)
[763.940s][info][gc,heap     ] GC(169) Old regions: 54->54
[763.940s][info][gc,heap     ] GC(169) Archive regions: 2->2
[763.940s][info][gc,heap     ] GC(169) Humongous regions: 0->0
[763.940s][info][gc,metaspace] GC(169) Metaspace: 791K(896K)->791K(896K) NonClass: 737K(768K)->737K(768K) Class: 53K(128K)->53K(128K)
[763.940s][info][gc          ] GC(169) Pause Young (Normal) (G1 Evacuation Pause) 5129M->289M(8192M) 11.411ms
[763.940s][info][gc,cpu      ] GC(169) User=0.11s Sys=0.01s Real=0.01s
[768.648s][info][gc,start    ] GC(170) Pause Young (Normal) (G1 Evacuation Pause)
[768.648s][info][gc,task     ] GC(170) Using 13 workers of 13 for evacuation
[768.660s][info][gc,phases   ] GC(170)   Pre Evacuate Collection Set: 0.1ms
[768.660s][info][gc,phases   ] GC(170)   Merge Heap Roots: 0.1ms
[768.660s][info][gc,phases   ] GC(170)   Evacuate Collection Set: 10.2ms
[768.660s][info][gc,phases   ] GC(170)   Post Evacuate Collection Set: 1.0ms
[768.660s][info][gc,phases   ] GC(170)   Other: 0.2ms
[768.660s][info][gc,heap     ] GC(170) Eden regions: 1210->0(1210)
[768.660s][info][gc,heap     ] GC(170) Survivor regions: 18->18(154)
[768.660s][info][gc,heap     ] GC(170) Old regions: 54->54
[768.660s][info][gc,heap     ] GC(170) Archive regions: 2->2
[768.660s][info][gc,heap     ] GC(170) Humongous regions: 0->0
[768.660s][info][gc,metaspace] GC(170) Metaspace: 791K(896K)->791K(896K) NonClass: 737K(768K)->737K(768K) Class: 53K(128K)->53K(128K)
[768.660s][info][gc          ] GC(170) Pause Young (Normal) (G1 Evacuation Pause) 5129M->289M(8192M) 11.808ms
[768.660s][info][gc,cpu      ] GC(170) User=0.11s Sys=0.01s Real=0.01s
[773.368s][info][gc,start    ] GC(171) Pause Young (Normal) (G1 Evacuation Pause)
[773.368s][info][gc,task     ] GC(171) Using 13 workers of 13 for evacuation
[773.381s][info][gc,phases   ] GC(171)   Pre Evacuate Collection Set: 0.1ms
[773.381s][info][gc,phases   ] GC(171)   Merge Heap Roots: 0.2ms
[773.381s][info][gc,phases   ] GC(171)   Evacuate Collection Set: 10.9ms
[773.381s][info][gc,phases   ] GC(171)   Post Evacuate Collection Set: 1.3ms
[773.381s][info][gc,phases   ] GC(171)   Other: 0.2ms
[773.381s][info][gc,heap     ] GC(171) Eden regions: 1210->0(1209)
[773.381s][info][gc,heap     ] GC(171) Survivor regions: 18->19(154)
[773.381s][info][gc,heap     ] GC(171) Old regions: 54->54
[773.381s][info][gc,heap     ] GC(171) Archive regions: 2->2
[773.381s][info][gc,heap     ] GC(171) Humongous regions: 0->0
[773.381s][info][gc,metaspace] GC(171) Metaspace: 791K(896K)->791K(896K) NonClass: 737K(768K)->737K(768K) Class: 53K(128K)->53K(128K)
[773.381s][info][gc          ] GC(171) Pause Young (Normal) (G1 Evacuation Pause) 5129M->290M(8192M) 12.829ms
[773.381s][info][gc,cpu      ] GC(171) User=0.13s Sys=0.01s Real=0.01s
[778.079s][info][gc,start    ] GC(172) Pause Young (Normal) (G1 Evacuation Pause)
[778.079s][info][gc,task     ] GC(172) Using 13 workers of 13 for evacuation
[778.092s][info][gc,phases   ] GC(172)   Pre Evacuate Collection Set: 0.1ms
[778.092s][info][gc,phases   ] GC(172)   Merge Heap Roots: 0.2ms
[778.092s][info][gc,phases   ] GC(172)   Evacuate Collection Set: 10.7ms
[778.092s][info][gc,phases   ] GC(172)   Post Evacuate Collection Set: 1.4ms
[778.092s][info][gc,phases   ] GC(172)   Other: 0.2ms
[778.092s][info][gc,heap     ] GC(172) Eden regions: 1209->0(1209)
[778.092s][info][gc,heap     ] GC(172) Survivor regions: 19->19(154)
[778.092s][info][gc,heap     ] GC(172) Old regions: 54->54
[778.092s][info][gc,heap     ] GC(172) Archive regions: 2->2
[778.092s][info][gc,heap     ] GC(172) Humongous regions: 0->0
[778.092s][info][gc,metaspace] GC(172) Metaspace: 791K(896K)->791K(896K) NonClass: 737K(768K)->737K(768K) Class: 53K(128K)->53K(128K)
[778.092s][info][gc          ] GC(172) Pause Young (Normal) (G1 Evacuation Pause) 5126M->290M(8192M) 12.662ms
[778.092s][info][gc,cpu      ] GC(172) User=0.12s Sys=0.01s Real=0.01s
[782.799s][info][gc,start    ] GC(173) Pause Young (Normal) (G1 Evacuation Pause)
[782.799s][info][gc,task     ] GC(173) Using 13 workers of 13 for evacuation
[782.813s][info][gc,phases   ] GC(173)   Pre Evacuate Collection Set: 0.1ms
[782.813s][info][gc,phases   ] GC(173)   Merge Heap Roots: 0.2ms
[782.813s][info][gc,phases   ] GC(173)   Evacuate Collection Set: 11.5ms
[782.813s][info][gc,phases   ] GC(173)   Post Evacuate Collection Set: 1.2ms
[782.813s][info][gc,phases   ] GC(173)   Other: 0.2ms
[782.813s][info][gc,heap     ] GC(173) Eden regions: 1209->0(1209)
[782.813s][info][gc,heap     ] GC(173) Survivor regions: 19->19(154)
[782.813s][info][gc,heap     ] GC(173) Old regions: 54->54
[782.813s][info][gc,heap     ] GC(173) Archive regions: 2->2
[782.813s][info][gc,heap     ] GC(173) Humongous regions: 0->0
[782.813s][info][gc,metaspace] GC(173) Metaspace: 791K(896K)->791K(896K) NonClass: 737K(768K)->737K(768K) Class: 53K(128K)->53K(128K)
[782.813s][info][gc          ] GC(173) Pause Young (Normal) (G1 Evacuation Pause) 5126M->290M(8192M) 13.363ms
[782.813s][info][gc,cpu      ] GC(173) User=0.13s Sys=0.01s Real=0.01s
[787.519s][info][gc,start    ] GC(174) Pause Young (Normal) (G1 Evacuation Pause)
[787.519s][info][gc,task     ] GC(174) Using 13 workers of 13 for evacuation
[787.532s][info][gc,phases   ] GC(174)   Pre Evacuate Collection Set: 0.1ms
[787.532s][info][gc,phases   ] GC(174)   Merge Heap Roots: 0.2ms
[787.532s][info][gc,phases   ] GC(174)   Evacuate Collection Set: 11.8ms
[787.532s][info][gc,phases   ] GC(174)   Post Evacuate Collection Set: 1.2ms
[787.532s][info][gc,phases   ] GC(174)   Other: 0.2ms
[787.532s][info][gc,heap     ] GC(174) Eden regions: 1209->0(1209)
[787.532s][info][gc,heap     ] GC(174) Survivor regions: 19->19(154)
[787.532s][info][gc,heap     ] GC(174) Old regions: 54->54
[787.532s][info][gc,heap     ] GC(174) Archive regions: 2->2
[787.532s][info][gc,heap     ] GC(174) Humongous regions: 0->0
[787.532s][info][gc,metaspace] GC(174) Metaspace: 791K(896K)->791K(896K) NonClass: 737K(768K)->737K(768K) Class: 53K(128K)->53K(128K)
[787.532s][info][gc          ] GC(174) Pause Young (Normal) (G1 Evacuation Pause) 5126M->290M(8192M) 13.704ms
[787.532s][info][gc,cpu      ] GC(174) User=0.13s Sys=0.01s Real=0.01s
[792.239s][info][gc,start    ] GC(175) Pause Young (Normal) (G1 Evacuation Pause)
[792.239s][info][gc,task     ] GC(175) Using 13 workers of 13 for evacuation
[792.250s][info][gc,phases   ] GC(175)   Pre Evacuate Collection Set: 0.1ms
[792.250s][info][gc,phases   ] GC(175)   Merge Heap Roots: 0.2ms
[792.250s][info][gc,phases   ] GC(175)   Evacuate Collection Set: 9.8ms
[792.250s][info][gc,phases   ] GC(175)   Post Evacuate Collection Set: 1.0ms
[792.250s][info][gc,phases   ] GC(175)   Other: 0.2ms
[792.250s][info][gc,heap     ] GC(175) Eden regions: 1209->0(1210)
[792.250s][info][gc,heap     ] GC(175) Survivor regions: 19->18(154)
[792.250s][info][gc,heap     ] GC(175) Old regions: 54->54
[792.250s][info][gc,heap     ] GC(175) Archive regions: 2->2
[792.250s][info][gc,heap     ] GC(175) Humongous regions: 0->0
[792.250s][info][gc,metaspace] GC(175) Metaspace: 791K(896K)->791K(896K) NonClass: 737K(768K)->737K(768K) Class: 53K(128K)->53K(128K)
[792.250s][info][gc          ] GC(175) Pause Young (Normal) (G1 Evacuation Pause) 5126M->289M(8192M) 11.486ms
[792.250s][info][gc,cpu      ] GC(175) User=0.12s Sys=0.01s Real=0.01s
[796.959s][info][gc,start    ] GC(176) Pause Young (Normal) (G1 Evacuation Pause)
[796.959s][info][gc,task     ] GC(176) Using 13 workers of 13 for evacuation
[796.970s][info][gc,phases   ] GC(176)   Pre Evacuate Collection Set: 0.1ms
[796.970s][info][gc,phases   ] GC(176)   Merge Heap Roots: 0.1ms
[796.970s][info][gc,phases   ] GC(176)   Evacuate Collection Set: 9.8ms
[796.970s][info][gc,phases   ] GC(176)   Post Evacuate Collection Set: 1.0ms
[796.970s][info][gc,phases   ] GC(176)   Other: 0.2ms
[796.970s][info][gc,heap     ] GC(176) Eden regions: 1210->0(1209)
[796.970s][info][gc,heap     ] GC(176) Survivor regions: 18->19(154)
[796.970s][info][gc,heap     ] GC(176) Old regions: 54->54
[796.970s][info][gc,heap     ] GC(176) Archive regions: 2->2
[796.970s][info][gc,heap     ] GC(176) Humongous regions: 0->0
[796.970s][info][gc,metaspace] GC(176) Metaspace: 791K(896K)->791K(896K) NonClass: 737K(768K)->737K(768K) Class: 53K(128K)->53K(128K)
[796.970s][info][gc          ] GC(176) Pause Young (Normal) (G1 Evacuation Pause) 5129M->292M(8192M) 11.418ms
[796.970s][info][gc,cpu      ] GC(176) User=0.11s Sys=0.02s Real=0.01s
[801.678s][info][gc,start    ] GC(177) Pause Young (Normal) (G1 Evacuation Pause)
[801.678s][info][gc,task     ] GC(177) Using 13 workers of 13 for evacuation
[801.689s][info][gc,phases   ] GC(177)   Pre Evacuate Collection Set: 0.1ms
[801.689s][info][gc,phases   ] GC(177)   Merge Heap Roots: 0.1ms
[801.689s][info][gc,phases   ] GC(177)   Evacuate Collection Set: 9.4ms
[801.689s][info][gc,phases   ] GC(177)   Post Evacuate Collection Set: 1.1ms
[801.689s][info][gc,phases   ] GC(177)   Other: 0.2ms
[801.689s][info][gc,heap     ] GC(177) Eden regions: 1209->0(1209)
[801.689s][info][gc,heap     ] GC(177) Survivor regions: 19->19(154)
[801.689s][info][gc,heap     ] GC(177) Old regions: 54->54
[801.689s][info][gc,heap     ] GC(177) Archive regions: 2->2
[801.689s][info][gc,heap     ] GC(177) Humongous regions: 0->0
[801.689s][info][gc,metaspace] GC(177) Metaspace: 791K(896K)->791K(896K) NonClass: 737K(768K)->737K(768K) Class: 53K(128K)->53K(128K)
[801.689s][info][gc          ] GC(177) Pause Young (Normal) (G1 Evacuation Pause) 5128M->292M(8192M) 11.059ms
[801.689s][info][gc,cpu      ] GC(177) User=0.12s Sys=0.01s Real=0.01s
[806.389s][info][gc,start    ] GC(178) Pause Young (Normal) (G1 Evacuation Pause)
[806.389s][info][gc,task     ] GC(178) Using 13 workers of 13 for evacuation
[806.400s][info][gc,phases   ] GC(178)   Pre Evacuate Collection Set: 0.1ms
[806.400s][info][gc,phases   ] GC(178)   Merge Heap Roots: 0.1ms
[806.400s][info][gc,phases   ] GC(178)   Evacuate Collection Set: 9.8ms
[806.400s][info][gc,phases   ] GC(178)   Post Evacuate Collection Set: 1.1ms
[806.400s][info][gc,phases   ] GC(178)   Other: 0.2ms
[806.400s][info][gc,heap     ] GC(178) Eden regions: 1209->0(1209)
[806.400s][info][gc,heap     ] GC(178) Survivor regions: 19->19(154)
[806.400s][info][gc,heap     ] GC(178) Old regions: 54->54
[806.400s][info][gc,heap     ] GC(178) Archive regions: 2->2
[806.400s][info][gc,heap     ] GC(178) Humongous regions: 0->0
[806.400s][info][gc,metaspace] GC(178) Metaspace: 791K(896K)->791K(896K) NonClass: 737K(768K)->737K(768K) Class: 53K(128K)->53K(128K)
[806.401s][info][gc          ] GC(178) Pause Young (Normal) (G1 Evacuation Pause) 5128M->292M(8192M) 11.452ms
[806.401s][info][gc,cpu      ] GC(178) User=0.11s Sys=0.01s Real=0.01s
[811.109s][info][gc,start    ] GC(179) Pause Young (Normal) (G1 Evacuation Pause)
[811.109s][info][gc,task     ] GC(179) Using 13 workers of 13 for evacuation
[811.120s][info][gc,phases   ] GC(179)   Pre Evacuate Collection Set: 0.1ms
[811.120s][info][gc,phases   ] GC(179)   Merge Heap Roots: 0.1ms
[811.120s][info][gc,phases   ] GC(179)   Evacuate Collection Set: 9.7ms
[811.120s][info][gc,phases   ] GC(179)   Post Evacuate Collection Set: 1.1ms
[811.120s][info][gc,phases   ] GC(179)   Other: 0.2ms
[811.120s][info][gc,heap     ] GC(179) Eden regions: 1209->0(1210)
[811.120s][info][gc,heap     ] GC(179) Survivor regions: 19->18(154)
[811.120s][info][gc,heap     ] GC(179) Old regions: 54->54
[811.120s][info][gc,heap     ] GC(179) Archive regions: 2->2
[811.120s][info][gc,heap     ] GC(179) Humongous regions: 0->0
[811.120s][info][gc,metaspace] GC(179) Metaspace: 791K(896K)->791K(896K) NonClass: 737K(768K)->737K(768K) Class: 53K(128K)->53K(128K)
[811.120s][info][gc          ] GC(179) Pause Young (Normal) (G1 Evacuation Pause) 5128M->290M(8192M) 11.403ms
[811.120s][info][gc,cpu      ] GC(179) User=0.13s Sys=0.01s Real=0.01s
[815.829s][info][gc,start    ] GC(180) Pause Young (Normal) (G1 Evacuation Pause)
[815.829s][info][gc,task     ] GC(180) Using 13 workers of 13 for evacuation
[815.840s][info][gc,phases   ] GC(180)   Pre Evacuate Collection Set: 0.1ms
[815.840s][info][gc,phases   ] GC(180)   Merge Heap Roots: 0.1ms
[815.840s][info][gc,phases   ] GC(180)   Evacuate Collection Set: 9.3ms
[815.840s][info][gc,phases   ] GC(180)   Post Evacuate Collection Set: 1.0ms
[815.840s][info][gc,phases   ] GC(180)   Other: 0.2ms
[815.840s][info][gc,heap     ] GC(180) Eden regions: 1210->0(1210)
[815.840s][info][gc,heap     ] GC(180) Survivor regions: 18->18(154)
[815.840s][info][gc,heap     ] GC(180) Old regions: 54->54
[815.840s][info][gc,heap     ] GC(180) Archive regions: 2->2
[815.840s][info][gc,heap     ] GC(180) Humongous regions: 0->0
[815.840s][info][gc,metaspace] GC(180) Metaspace: 791K(896K)->791K(896K) NonClass: 737K(768K)->737K(768K) Class: 53K(128K)->53K(128K)
[815.840s][info][gc          ] GC(180) Pause Young (Normal) (G1 Evacuation Pause) 5130M->291M(8192M) 10.902ms
[815.840s][info][gc,cpu      ] GC(180) User=0.12s Sys=0.01s Real=0.01s
[820.558s][info][gc,start    ] GC(181) Pause Young (Normal) (G1 Evacuation Pause)
[820.558s][info][gc,task     ] GC(181) Using 13 workers of 13 for evacuation
[820.569s][info][gc,phases   ] GC(181)   Pre Evacuate Collection Set: 0.1ms
[820.570s][info][gc,phases   ] GC(181)   Merge Heap Roots: 0.1ms
[820.570s][info][gc,phases   ] GC(181)   Evacuate Collection Set: 10.2ms
[820.570s][info][gc,phases   ] GC(181)   Post Evacuate Collection Set: 1.2ms
[820.570s][info][gc,phases   ] GC(181)   Other: 0.2ms
[820.570s][info][gc,heap     ] GC(181) Eden regions: 1210->0(1210)
[820.570s][info][gc,heap     ] GC(181) Survivor regions: 18->18(154)
[820.570s][info][gc,heap     ] GC(181) Old regions: 54->54
[820.570s][info][gc,heap     ] GC(181) Archive regions: 2->2
[820.570s][info][gc,heap     ] GC(181) Humongous regions: 0->0
[820.570s][info][gc,metaspace] GC(181) Metaspace: 791K(896K)->791K(896K) NonClass: 737K(768K)->737K(768K) Class: 53K(128K)->53K(128K)
[820.570s][info][gc          ] GC(181) Pause Young (Normal) (G1 Evacuation Pause) 5131M->291M(8192M) 11.949ms
[820.570s][info][gc,cpu      ] GC(181) User=0.12s Sys=0.01s Real=0.01s
[825.279s][info][gc,start    ] GC(182) Pause Young (Normal) (G1 Evacuation Pause)
[825.279s][info][gc,task     ] GC(182) Using 13 workers of 13 for evacuation
[825.290s][info][gc,phases   ] GC(182)   Pre Evacuate Collection Set: 0.1ms
[825.290s][info][gc,phases   ] GC(182)   Merge Heap Roots: 0.2ms
[825.290s][info][gc,phases   ] GC(182)   Evacuate Collection Set: 9.9ms
[825.290s][info][gc,phases   ] GC(182)   Post Evacuate Collection Set: 1.1ms
[825.290s][info][gc,phases   ] GC(182)   Other: 0.2ms
[825.290s][info][gc,heap     ] GC(182) Eden regions: 1210->0(1210)
[825.290s][info][gc,heap     ] GC(182) Survivor regions: 18->18(154)
[825.290s][info][gc,heap     ] GC(182) Old regions: 54->54
[825.290s][info][gc,heap     ] GC(182) Archive regions: 2->2
[825.290s][info][gc,heap     ] GC(182) Humongous regions: 0->0
[825.290s][info][gc,metaspace] GC(182) Metaspace: 791K(896K)->791K(896K) NonClass: 737K(768K)->737K(768K) Class: 53K(128K)->53K(128K)
[825.290s][info][gc          ] GC(182) Pause Young (Normal) (G1 Evacuation Pause) 5131M->291M(8192M) 11.580ms
[825.290s][info][gc,cpu      ] GC(182) User=0.12s Sys=0.01s Real=0.01s
[830.000s][info][gc,start    ] GC(183) Pause Young (Normal) (G1 Evacuation Pause)
[830.000s][info][gc,task     ] GC(183) Using 13 workers of 13 for evacuation
[830.011s][info][gc,phases   ] GC(183)   Pre Evacuate Collection Set: 0.1ms
[830.011s][info][gc,phases   ] GC(183)   Merge Heap Roots: 0.1ms
[830.011s][info][gc,phases   ] GC(183)   Evacuate Collection Set: 9.9ms
[830.011s][info][gc,phases   ] GC(183)   Post Evacuate Collection Set: 1.0ms
[830.011s][info][gc,phases   ] GC(183)   Other: 0.2ms
[830.011s][info][gc,heap     ] GC(183) Eden regions: 1210->0(1210)
[830.011s][info][gc,heap     ] GC(183) Survivor regions: 18->18(154)
[830.011s][info][gc,heap     ] GC(183) Old regions: 54->54
[830.011s][info][gc,heap     ] GC(183) Archive regions: 2->2
[830.011s][info][gc,heap     ] GC(183) Humongous regions: 0->0
[830.011s][info][gc,metaspace] GC(183) Metaspace: 791K(896K)->791K(896K) NonClass: 737K(768K)->737K(768K) Class: 53K(128K)->53K(128K)
[830.011s][info][gc          ] GC(183) Pause Young (Normal) (G1 Evacuation Pause) 5131M->290M(8192M) 11.500ms
[830.011s][info][gc,cpu      ] GC(183) User=0.11s Sys=0.01s Real=0.01s
[834.728s][info][gc,start    ] GC(184) Pause Young (Normal) (G1 Evacuation Pause)
[834.728s][info][gc,task     ] GC(184) Using 13 workers of 13 for evacuation
[834.739s][info][gc,phases   ] GC(184)   Pre Evacuate Collection Set: 0.1ms
[834.739s][info][gc,phases   ] GC(184)   Merge Heap Roots: 0.1ms
[834.739s][info][gc,phases   ] GC(184)   Evacuate Collection Set: 9.6ms
[834.739s][info][gc,phases   ] GC(184)   Post Evacuate Collection Set: 1.0ms
[834.739s][info][gc,phases   ] GC(184)   Other: 0.2ms
[834.739s][info][gc,heap     ] GC(184) Eden regions: 1210->0(1210)
[834.739s][info][gc,heap     ] GC(184) Survivor regions: 18->18(154)
[834.739s][info][gc,heap     ] GC(184) Old regions: 54->54
[834.739s][info][gc,heap     ] GC(184) Archive regions: 2->2
[834.739s][info][gc,heap     ] GC(184) Humongous regions: 0->0
[834.739s][info][gc,metaspace] GC(184) Metaspace: 791K(896K)->791K(896K) NonClass: 737K(768K)->737K(768K) Class: 53K(128K)->53K(128K)
[834.739s][info][gc          ] GC(184) Pause Young (Normal) (G1 Evacuation Pause) 5130M->291M(8192M) 11.256ms
[834.740s][info][gc,cpu      ] GC(184) User=0.11s Sys=0.01s Real=0.01s
[839.449s][info][gc,start    ] GC(185) Pause Young (Normal) (G1 Evacuation Pause)
[839.449s][info][gc,task     ] GC(185) Using 13 workers of 13 for evacuation
[839.461s][info][gc,phases   ] GC(185)   Pre Evacuate Collection Set: 0.1ms
[839.461s][info][gc,phases   ] GC(185)   Merge Heap Roots: 0.2ms
[839.461s][info][gc,phases   ] GC(185)   Evacuate Collection Set: 10.6ms
[839.461s][info][gc,phases   ] GC(185)   Post Evacuate Collection Set: 1.1ms
[839.461s][info][gc,phases   ] GC(185)   Other: 0.2ms
[839.461s][info][gc,heap     ] GC(185) Eden regions: 1210->0(1209)
[839.461s][info][gc,heap     ] GC(185) Survivor regions: 18->19(154)
[839.461s][info][gc,heap     ] GC(185) Old regions: 54->54
[839.461s][info][gc,heap     ] GC(185) Archive regions: 2->2
[839.461s][info][gc,heap     ] GC(185) Humongous regions: 0->0
[839.461s][info][gc,metaspace] GC(185) Metaspace: 791K(896K)->791K(896K) NonClass: 737K(768K)->737K(768K) Class: 53K(128K)->53K(128K)
[839.461s][info][gc          ] GC(185) Pause Young (Normal) (G1 Evacuation Pause) 5131M->292M(8192M) 12.317ms
[839.461s][info][gc,cpu      ] GC(185) User=0.12s Sys=0.01s Real=0.01s
[844.168s][info][gc,start    ] GC(186) Pause Young (Normal) (G1 Evacuation Pause)
[844.168s][info][gc,task     ] GC(186) Using 13 workers of 13 for evacuation
[844.181s][info][gc,phases   ] GC(186)   Pre Evacuate Collection Set: 0.1ms
[844.181s][info][gc,phases   ] GC(186)   Merge Heap Roots: 0.2ms
[844.181s][info][gc,phases   ] GC(186)   Evacuate Collection Set: 11.7ms
[844.181s][info][gc,phases   ] GC(186)   Post Evacuate Collection Set: 1.0ms
[844.181s][info][gc,phases   ] GC(186)   Other: 0.2ms
[844.181s][info][gc,heap     ] GC(186) Eden regions: 1209->0(1209)
[844.181s][info][gc,heap     ] GC(186) Survivor regions: 19->19(154)
[844.181s][info][gc,heap     ] GC(186) Old regions: 54->54
[844.181s][info][gc,heap     ] GC(186) Archive regions: 2->2
[844.181s][info][gc,heap     ] GC(186) Humongous regions: 0->0
[844.181s][info][gc,metaspace] GC(186) Metaspace: 791K(896K)->791K(896K) NonClass: 737K(768K)->737K(768K) Class: 53K(128K)->53K(128K)
[844.181s][info][gc          ] GC(186) Pause Young (Normal) (G1 Evacuation Pause) 5128M->293M(8192M) 13.348ms
[844.181s][info][gc,cpu      ] GC(186) User=0.14s Sys=0.01s Real=0.01s
[848.879s][info][gc,start    ] GC(187) Pause Young (Normal) (G1 Evacuation Pause)
[848.879s][info][gc,task     ] GC(187) Using 13 workers of 13 for evacuation
[848.890s][info][gc,phases   ] GC(187)   Pre Evacuate Collection Set: 0.1ms
[848.890s][info][gc,phases   ] GC(187)   Merge Heap Roots: 0.1ms
[848.890s][info][gc,phases   ] GC(187)   Evacuate Collection Set: 9.5ms
[848.890s][info][gc,phases   ] GC(187)   Post Evacuate Collection Set: 1.0ms
[848.890s][info][gc,phases   ] GC(187)   Other: 0.2ms
[848.890s][info][gc,heap     ] GC(187) Eden regions: 1209->0(1210)
[848.890s][info][gc,heap     ] GC(187) Survivor regions: 19->18(154)
[848.890s][info][gc,heap     ] GC(187) Old regions: 54->54
[848.890s][info][gc,heap     ] GC(187) Archive regions: 2->2
[848.890s][info][gc,heap     ] GC(187) Humongous regions: 0->0
[848.890s][info][gc,metaspace] GC(187) Metaspace: 791K(896K)->791K(896K) NonClass: 737K(768K)->737K(768K) Class: 53K(128K)->53K(128K)
[848.890s][info][gc          ] GC(187) Pause Young (Normal) (G1 Evacuation Pause) 5129M->290M(8192M) 11.102ms
[848.890s][info][gc,cpu      ] GC(187) User=0.12s Sys=0.01s Real=0.01s
[853.608s][info][gc,start    ] GC(188) Pause Young (Normal) (G1 Evacuation Pause)
[853.608s][info][gc,task     ] GC(188) Using 13 workers of 13 for evacuation
[853.621s][info][gc,phases   ] GC(188)   Pre Evacuate Collection Set: 0.1ms
[853.621s][info][gc,phases   ] GC(188)   Merge Heap Roots: 0.2ms
[853.621s][info][gc,phases   ] GC(188)   Evacuate Collection Set: 11.3ms
[853.621s][info][gc,phases   ] GC(188)   Post Evacuate Collection Set: 1.1ms
[853.621s][info][gc,phases   ] GC(188)   Other: 0.2ms
[853.621s][info][gc,heap     ] GC(188) Eden regions: 1210->0(1209)
[853.621s][info][gc,heap     ] GC(188) Survivor regions: 18->19(154)
[853.621s][info][gc,heap     ] GC(188) Old regions: 54->54
[853.621s][info][gc,heap     ] GC(188) Archive regions: 2->2
[853.621s][info][gc,heap     ] GC(188) Humongous regions: 0->0
[853.621s][info][gc,metaspace] GC(188) Metaspace: 791K(896K)->791K(896K) NonClass: 737K(768K)->737K(768K) Class: 53K(128K)->53K(128K)
[853.621s][info][gc          ] GC(188) Pause Young (Normal) (G1 Evacuation Pause) 5130M->293M(8192M) 13.157ms
[853.621s][info][gc,cpu      ] GC(188) User=0.13s Sys=0.01s Real=0.01s
[858.319s][info][gc,start    ] GC(189) Pause Young (Normal) (G1 Evacuation Pause)
[858.319s][info][gc,task     ] GC(189) Using 13 workers of 13 for evacuation
[858.332s][info][gc,phases   ] GC(189)   Pre Evacuate Collection Set: 0.1ms
[858.332s][info][gc,phases   ] GC(189)   Merge Heap Roots: 0.1ms
[858.332s][info][gc,phases   ] GC(189)   Evacuate Collection Set: 11.1ms
[858.332s][info][gc,phases   ] GC(189)   Post Evacuate Collection Set: 1.2ms
[858.332s][info][gc,phases   ] GC(189)   Other: 0.2ms
[858.332s][info][gc,heap     ] GC(189) Eden regions: 1209->0(1210)
[858.332s][info][gc,heap     ] GC(189) Survivor regions: 19->18(154)
[858.332s][info][gc,heap     ] GC(189) Old regions: 54->55
[858.332s][info][gc,heap     ] GC(189) Archive regions: 2->2
[858.332s][info][gc,heap     ] GC(189) Humongous regions: 0->0
[858.332s][info][gc,metaspace] GC(189) Metaspace: 791K(896K)->791K(896K) NonClass: 737K(768K)->737K(768K) Class: 53K(128K)->53K(128K)
[858.332s][info][gc          ] GC(189) Pause Young (Normal) (G1 Evacuation Pause) 5129M->292M(8192M) 12.903ms
[858.332s][info][gc,cpu      ] GC(189) User=0.12s Sys=0.02s Real=0.01s
[863.039s][info][gc,start    ] GC(190) Pause Young (Normal) (G1 Evacuation Pause)
[863.039s][info][gc,task     ] GC(190) Using 13 workers of 13 for evacuation
[863.051s][info][gc,phases   ] GC(190)   Pre Evacuate Collection Set: 0.1ms
[863.051s][info][gc,phases   ] GC(190)   Merge Heap Roots: 0.2ms
[863.051s][info][gc,phases   ] GC(190)   Evacuate Collection Set: 10.4ms
[863.051s][info][gc,phases   ] GC(190)   Post Evacuate Collection Set: 1.1ms
[863.051s][info][gc,phases   ] GC(190)   Other: 0.2ms
[863.052s][info][gc,heap     ] GC(190) Eden regions: 1210->0(1210)
[863.052s][info][gc,heap     ] GC(190) Survivor regions: 18->18(154)
[863.052s][info][gc,heap     ] GC(190) Old regions: 55->55
[863.052s][info][gc,heap     ] GC(190) Archive regions: 2->2
[863.052s][info][gc,heap     ] GC(190) Humongous regions: 0->0
[863.052s][info][gc,metaspace] GC(190) Metaspace: 791K(896K)->791K(896K) NonClass: 737K(768K)->737K(768K) Class: 53K(128K)->53K(128K)
[863.052s][info][gc          ] GC(190) Pause Young (Normal) (G1 Evacuation Pause) 5132M->291M(8192M) 12.130ms
[863.052s][info][gc,cpu      ] GC(190) User=0.12s Sys=0.01s Real=0.01s
[867.768s][info][gc,start    ] GC(191) Pause Young (Normal) (G1 Evacuation Pause)
[867.768s][info][gc,task     ] GC(191) Using 13 workers of 13 for evacuation
[867.780s][info][gc,phases   ] GC(191)   Pre Evacuate Collection Set: 0.1ms
[867.780s][info][gc,phases   ] GC(191)   Merge Heap Roots: 0.2ms
[867.780s][info][gc,phases   ] GC(191)   Evacuate Collection Set: 10.2ms
[867.780s][info][gc,phases   ] GC(191)   Post Evacuate Collection Set: 1.2ms
[867.780s][info][gc,phases   ] GC(191)   Other: 0.2ms
[867.780s][info][gc,heap     ] GC(191) Eden regions: 1210->0(1210)
[867.780s][info][gc,heap     ] GC(191) Survivor regions: 18->18(154)
[867.780s][info][gc,heap     ] GC(191) Old regions: 55->55
[867.780s][info][gc,heap     ] GC(191) Archive regions: 2->2
[867.780s][info][gc,heap     ] GC(191) Humongous regions: 0->0
[867.780s][info][gc,metaspace] GC(191) Metaspace: 791K(896K)->791K(896K) NonClass: 737K(768K)->737K(768K) Class: 53K(128K)->53K(128K)
[867.780s][info][gc          ] GC(191) Pause Young (Normal) (G1 Evacuation Pause) 5131M->289M(8192M) 12.090ms
[867.780s][info][gc,cpu      ] GC(191) User=0.13s Sys=0.01s Real=0.01s
[872.489s][info][gc,start    ] GC(192) Pause Young (Normal) (G1 Evacuation Pause)
[872.489s][info][gc,task     ] GC(192) Using 13 workers of 13 for evacuation
[872.500s][info][gc,phases   ] GC(192)   Pre Evacuate Collection Set: 0.1ms
[872.500s][info][gc,phases   ] GC(192)   Merge Heap Roots: 0.1ms
[872.500s][info][gc,phases   ] GC(192)   Evacuate Collection Set: 9.9ms
[872.500s][info][gc,phases   ] GC(192)   Post Evacuate Collection Set: 1.0ms
[872.500s][info][gc,phases   ] GC(192)   Other: 0.2ms
[872.500s][info][gc,heap     ] GC(192) Eden regions: 1210->0(1210)
[872.500s][info][gc,heap     ] GC(192) Survivor regions: 18->18(154)
[872.500s][info][gc,heap     ] GC(192) Old regions: 55->55
[872.500s][info][gc,heap     ] GC(192) Archive regions: 2->2
[872.500s][info][gc,heap     ] GC(192) Humongous regions: 0->0
[872.500s][info][gc,metaspace] GC(192) Metaspace: 791K(896K)->791K(896K) NonClass: 737K(768K)->737K(768K) Class: 53K(128K)->53K(128K)
[872.500s][info][gc          ] GC(192) Pause Young (Normal) (G1 Evacuation Pause) 5129M->292M(8192M) 11.525ms
[872.500s][info][gc,cpu      ] GC(192) User=0.11s Sys=0.01s Real=0.01s
[877.209s][info][gc,start    ] GC(193) Pause Young (Normal) (G1 Evacuation Pause)
[877.210s][info][gc,task     ] GC(193) Using 13 workers of 13 for evacuation
[877.221s][info][gc,phases   ] GC(193)   Pre Evacuate Collection Set: 0.1ms
[877.221s][info][gc,phases   ] GC(193)   Merge Heap Roots: 0.2ms
[877.221s][info][gc,phases   ] GC(193)   Evacuate Collection Set: 10.2ms
[877.221s][info][gc,phases   ] GC(193)   Post Evacuate Collection Set: 1.1ms
[877.221s][info][gc,phases   ] GC(193)   Other: 0.2ms
[877.221s][info][gc,heap     ] GC(193) Eden regions: 1210->0(1210)
[877.221s][info][gc,heap     ] GC(193) Survivor regions: 18->18(154)
[877.221s][info][gc,heap     ] GC(193) Old regions: 55->55
[877.221s][info][gc,heap     ] GC(193) Archive regions: 2->2
[877.221s][info][gc,heap     ] GC(193) Humongous regions: 0->0
[877.221s][info][gc,metaspace] GC(193) Metaspace: 791K(896K)->791K(896K) NonClass: 737K(768K)->737K(768K) Class: 53K(128K)->53K(128K)
[877.221s][info][gc          ] GC(193) Pause Young (Normal) (G1 Evacuation Pause) 5132M->292M(8192M) 11.969ms
[877.221s][info][gc,cpu      ] GC(193) User=0.12s Sys=0.01s Real=0.01s
[881.938s][info][gc,start    ] GC(194) Pause Young (Normal) (G1 Evacuation Pause)
[881.938s][info][gc,task     ] GC(194) Using 13 workers of 13 for evacuation
[881.949s][info][gc,phases   ] GC(194)   Pre Evacuate Collection Set: 0.1ms
[881.949s][info][gc,phases   ] GC(194)   Merge Heap Roots: 0.1ms
[881.949s][info][gc,phases   ] GC(194)   Evacuate Collection Set: 9.5ms
[881.949s][info][gc,phases   ] GC(194)   Post Evacuate Collection Set: 1.1ms
[881.949s][info][gc,phases   ] GC(194)   Other: 0.2ms
[881.949s][info][gc,heap     ] GC(194) Eden regions: 1210->0(1210)
[881.949s][info][gc,heap     ] GC(194) Survivor regions: 18->18(154)
[881.949s][info][gc,heap     ] GC(194) Old regions: 55->55
[881.949s][info][gc,heap     ] GC(194) Archive regions: 2->2
[881.949s][info][gc,heap     ] GC(194) Humongous regions: 0->0
[881.949s][info][gc,metaspace] GC(194) Metaspace: 791K(896K)->791K(896K) NonClass: 737K(768K)->737K(768K) Class: 53K(128K)->53K(128K)
[881.949s][info][gc          ] GC(194) Pause Young (Normal) (G1 Evacuation Pause) 5132M->291M(8192M) 11.189ms
[881.949s][info][gc,cpu      ] GC(194) User=0.11s Sys=0.01s Real=0.01s
[886.658s][info][gc,start    ] GC(195) Pause Young (Normal) (G1 Evacuation Pause)
[886.658s][info][gc,task     ] GC(195) Using 13 workers of 13 for evacuation
[886.669s][info][gc,phases   ] GC(195)   Pre Evacuate Collection Set: 0.1ms
[886.669s][info][gc,phases   ] GC(195)   Merge Heap Roots: 0.1ms
[886.669s][info][gc,phases   ] GC(195)   Evacuate Collection Set: 10.0ms
[886.669s][info][gc,phases   ] GC(195)   Post Evacuate Collection Set: 1.0ms
[886.669s][info][gc,phases   ] GC(195)   Other: 0.2ms
[886.669s][info][gc,heap     ] GC(195) Eden regions: 1210->0(1210)
[886.669s][info][gc,heap     ] GC(195) Survivor regions: 18->18(154)
[886.669s][info][gc,heap     ] GC(195) Old regions: 55->55
[886.669s][info][gc,heap     ] GC(195) Archive regions: 2->2
[886.669s][info][gc,heap     ] GC(195) Humongous regions: 0->0
[886.669s][info][gc,metaspace] GC(195) Metaspace: 791K(896K)->791K(896K) NonClass: 737K(768K)->737K(768K) Class: 53K(128K)->53K(128K)
[886.669s][info][gc          ] GC(195) Pause Young (Normal) (G1 Evacuation Pause) 5131M->292M(8192M) 11.587ms
[886.669s][info][gc,cpu      ] GC(195) User=0.12s Sys=0.01s Real=0.01s
[891.379s][info][gc,start    ] GC(196) Pause Young (Normal) (G1 Evacuation Pause)
[891.379s][info][gc,task     ] GC(196) Using 13 workers of 13 for evacuation
[891.391s][info][gc,phases   ] GC(196)   Pre Evacuate Collection Set: 0.1ms
[891.391s][info][gc,phases   ] GC(196)   Merge Heap Roots: 0.1ms
[891.391s][info][gc,phases   ] GC(196)   Evacuate Collection Set: 10.8ms
[891.391s][info][gc,phases   ] GC(196)   Post Evacuate Collection Set: 1.3ms
[891.391s][info][gc,phases   ] GC(196)   Other: 0.2ms
[891.391s][info][gc,heap     ] GC(196) Eden regions: 1210->0(1210)
[891.391s][info][gc,heap     ] GC(196) Survivor regions: 18->18(154)
[891.391s][info][gc,heap     ] GC(196) Old regions: 55->55
[891.391s][info][gc,heap     ] GC(196) Archive regions: 2->2
[891.391s][info][gc,heap     ] GC(196) Humongous regions: 0->0
[891.391s][info][gc,metaspace] GC(196) Metaspace: 791K(896K)->791K(896K) NonClass: 737K(768K)->737K(768K) Class: 53K(128K)->53K(128K)
[891.391s][info][gc          ] GC(196) Pause Young (Normal) (G1 Evacuation Pause) 5132M->292M(8192M) 12.696ms
[891.391s][info][gc,cpu      ] GC(196) User=0.13s Sys=0.01s Real=0.01s
[896.098s][info][gc,start    ] GC(197) Pause Young (Normal) (G1 Evacuation Pause)
[896.098s][info][gc,task     ] GC(197) Using 13 workers of 13 for evacuation
[896.111s][info][gc,phases   ] GC(197)   Pre Evacuate Collection Set: 0.1ms
[896.111s][info][gc,phases   ] GC(197)   Merge Heap Roots: 0.1ms
[896.111s][info][gc,phases   ] GC(197)   Evacuate Collection Set: 11.1ms
[896.111s][info][gc,phases   ] GC(197)   Post Evacuate Collection Set: 1.3ms
[896.111s][info][gc,phases   ] GC(197)   Other: 0.2ms
[896.111s][info][gc,heap     ] GC(197) Eden regions: 1210->0(1209)
[896.111s][info][gc,heap     ] GC(197) Survivor regions: 18->19(154)
[896.111s][info][gc,heap     ] GC(197) Old regions: 55->55
[896.111s][info][gc,heap     ] GC(197) Archive regions: 2->2
[896.111s][info][gc,heap     ] GC(197) Humongous regions: 0->0
[896.111s][info][gc,metaspace] GC(197) Metaspace: 791K(896K)->791K(896K) NonClass: 737K(768K)->737K(768K) Class: 53K(128K)->53K(128K)
[896.111s][info][gc          ] GC(197) Pause Young (Normal) (G1 Evacuation Pause) 5132M->293M(8192M) 12.958ms
[896.111s][info][gc,cpu      ] GC(197) User=0.13s Sys=0.00s Real=0.01s
[900.809s][info][gc,start    ] GC(198) Pause Young (Normal) (G1 Evacuation Pause)
[900.809s][info][gc,task     ] GC(198) Using 13 workers of 13 for evacuation
[900.824s][info][gc,phases   ] GC(198)   Pre Evacuate Collection Set: 0.1ms
[900.824s][info][gc,phases   ] GC(198)   Merge Heap Roots: 0.2ms
[900.824s][info][gc,phases   ] GC(198)   Evacuate Collection Set: 12.4ms
[900.824s][info][gc,phases   ] GC(198)   Post Evacuate Collection Set: 1.1ms
[900.824s][info][gc,phases   ] GC(198)   Other: 0.2ms
[900.824s][info][gc,heap     ] GC(198) Eden regions: 1209->0(1210)
[900.824s][info][gc,heap     ] GC(198) Survivor regions: 19->18(154)
[900.824s][info][gc,heap     ] GC(198) Old regions: 55->55
[900.824s][info][gc,heap     ] GC(198) Archive regions: 2->2
[900.824s][info][gc,heap     ] GC(198) Humongous regions: 0->0
[900.824s][info][gc,metaspace] GC(198) Metaspace: 791K(896K)->791K(896K) NonClass: 737K(768K)->737K(768K) Class: 53K(128K)->53K(128K)
[900.824s][info][gc          ] GC(198) Pause Young (Normal) (G1 Evacuation Pause) 5129M->291M(8192M) 14.276ms
[900.824s][info][gc,cpu      ] GC(198) User=0.14s Sys=0.01s Real=0.02s
[905.538s][info][gc,start    ] GC(199) Pause Young (Normal) (G1 Evacuation Pause)
[905.538s][info][gc,task     ] GC(199) Using 13 workers of 13 for evacuation
[905.552s][info][gc,phases   ] GC(199)   Pre Evacuate Collection Set: 0.1ms
[905.552s][info][gc,phases   ] GC(199)   Merge Heap Roots: 0.2ms
[905.552s][info][gc,phases   ] GC(199)   Evacuate Collection Set: 12.2ms
[905.552s][info][gc,phases   ] GC(199)   Post Evacuate Collection Set: 1.0ms
[905.552s][info][gc,phases   ] GC(199)   Other: 0.2ms
[905.552s][info][gc,heap     ] GC(199) Eden regions: 1210->0(1209)
[905.552s][info][gc,heap     ] GC(199) Survivor regions: 18->19(154)
[905.552s][info][gc,heap     ] GC(199) Old regions: 55->55
[905.552s][info][gc,heap     ] GC(199) Archive regions: 2->2
[905.552s][info][gc,heap     ] GC(199) Humongous regions: 0->0
[905.552s][info][gc,metaspace] GC(199) Metaspace: 791K(896K)->791K(896K) NonClass: 737K(768K)->737K(768K) Class: 53K(128K)->53K(128K)
[905.552s][info][gc          ] GC(199) Pause Young (Normal) (G1 Evacuation Pause) 5131M->293M(8192M) 13.940ms
[905.552s][info][gc,cpu      ] GC(199) User=0.15s Sys=0.01s Real=0.01s
[910.249s][info][gc,start    ] GC(200) Pause Young (Normal) (G1 Evacuation Pause)
[910.249s][info][gc,task     ] GC(200) Using 13 workers of 13 for evacuation
[910.260s][info][gc,phases   ] GC(200)   Pre Evacuate Collection Set: 0.1ms
[910.260s][info][gc,phases   ] GC(200)   Merge Heap Roots: 0.2ms
[910.260s][info][gc,phases   ] GC(200)   Evacuate Collection Set: 9.6ms
[910.260s][info][gc,phases   ] GC(200)   Post Evacuate Collection Set: 1.0ms
[910.260s][info][gc,phases   ] GC(200)   Other: 0.2ms
[910.260s][info][gc,heap     ] GC(200) Eden regions: 1209->0(1210)
[910.260s][info][gc,heap     ] GC(200) Survivor regions: 19->18(154)
[910.260s][info][gc,heap     ] GC(200) Old regions: 55->55
[910.260s][info][gc,heap     ] GC(200) Archive regions: 2->2
[910.260s][info][gc,heap     ] GC(200) Humongous regions: 0->0
[910.260s][info][gc,metaspace] GC(200) Metaspace: 791K(896K)->791K(896K) NonClass: 737K(768K)->737K(768K) Class: 53K(128K)->53K(128K)
[910.260s][info][gc          ] GC(200) Pause Young (Normal) (G1 Evacuation Pause) 5129M->292M(8192M) 11.335ms
[910.260s][info][gc,cpu      ] GC(200) User=0.12s Sys=0.01s Real=0.01s
[914.970s][info][gc,start    ] GC(201) Pause Young (Normal) (G1 Evacuation Pause)
[914.970s][info][gc,task     ] GC(201) Using 13 workers of 13 for evacuation
[914.983s][info][gc,phases   ] GC(201)   Pre Evacuate Collection Set: 0.1ms
[914.983s][info][gc,phases   ] GC(201)   Merge Heap Roots: 0.1ms
[914.983s][info][gc,phases   ] GC(201)   Evacuate Collection Set: 11.2ms
[914.983s][info][gc,phases   ] GC(201)   Post Evacuate Collection Set: 1.0ms
[914.983s][info][gc,phases   ] GC(201)   Other: 0.2ms
[914.983s][info][gc,heap     ] GC(201) Eden regions: 1210->0(1209)
[914.983s][info][gc,heap     ] GC(201) Survivor regions: 18->19(154)
[914.983s][info][gc,heap     ] GC(201) Old regions: 55->55
[914.983s][info][gc,heap     ] GC(201) Archive regions: 2->2
[914.983s][info][gc,heap     ] GC(201) Humongous regions: 0->0
[914.983s][info][gc,metaspace] GC(201) Metaspace: 791K(896K)->791K(896K) NonClass: 737K(768K)->737K(768K) Class: 53K(128K)->53K(128K)
[914.983s][info][gc          ] GC(201) Pause Young (Normal) (G1 Evacuation Pause) 5132M->294M(8192M) 12.825ms
[914.983s][info][gc,cpu      ] GC(201) User=0.12s Sys=0.02s Real=0.01s
[919.689s][info][gc,start    ] GC(202) Pause Young (Normal) (G1 Evacuation Pause)
[919.689s][info][gc,task     ] GC(202) Using 13 workers of 13 for evacuation
[919.700s][info][gc,phases   ] GC(202)   Pre Evacuate Collection Set: 0.1ms
[919.700s][info][gc,phases   ] GC(202)   Merge Heap Roots: 0.1ms
[919.700s][info][gc,phases   ] GC(202)   Evacuate Collection Set: 10.0ms
[919.700s][info][gc,phases   ] GC(202)   Post Evacuate Collection Set: 1.1ms
[919.700s][info][gc,phases   ] GC(202)   Other: 0.2ms
[919.700s][info][gc,heap     ] GC(202) Eden regions: 1209->0(1210)
[919.700s][info][gc,heap     ] GC(202) Survivor regions: 19->18(154)
[919.700s][info][gc,heap     ] GC(202) Old regions: 55->55
[919.700s][info][gc,heap     ] GC(202) Archive regions: 2->2
[919.700s][info][gc,heap     ] GC(202) Humongous regions: 0->0
[919.700s][info][gc,metaspace] GC(202) Metaspace: 791K(896K)->791K(896K) NonClass: 737K(768K)->737K(768K) Class: 53K(128K)->53K(128K)
[919.700s][info][gc          ] GC(202) Pause Young (Normal) (G1 Evacuation Pause) 5130M->292M(8192M) 11.660ms
[919.700s][info][gc,cpu      ] GC(202) User=0.12s Sys=0.01s Real=0.01s
[924.409s][info][gc,start    ] GC(203) Pause Young (Normal) (G1 Evacuation Pause)
[924.409s][info][gc,task     ] GC(203) Using 13 workers of 13 for evacuation
[924.421s][info][gc,phases   ] GC(203)   Pre Evacuate Collection Set: 0.1ms
[924.421s][info][gc,phases   ] GC(203)   Merge Heap Roots: 0.2ms
[924.421s][info][gc,phases   ] GC(203)   Evacuate Collection Set: 9.8ms
[924.421s][info][gc,phases   ] GC(203)   Post Evacuate Collection Set: 1.0ms
[924.421s][info][gc,phases   ] GC(203)   Other: 0.2ms
[924.421s][info][gc,heap     ] GC(203) Eden regions: 1210->0(1210)
[924.421s][info][gc,heap     ] GC(203) Survivor regions: 18->18(154)
[924.421s][info][gc,heap     ] GC(203) Old regions: 55->55
[924.421s][info][gc,heap     ] GC(203) Archive regions: 2->2
[924.421s][info][gc,heap     ] GC(203) Humongous regions: 0->0
[924.421s][info][gc,metaspace] GC(203) Metaspace: 791K(896K)->791K(896K) NonClass: 737K(768K)->737K(768K) Class: 53K(128K)->53K(128K)
[924.421s][info][gc          ] GC(203) Pause Young (Normal) (G1 Evacuation Pause) 5132M->292M(8192M) 11.426ms
[924.421s][info][gc,cpu      ] GC(203) User=0.12s Sys=0.01s Real=0.01s
[929.139s][info][gc,start    ] GC(204) Pause Young (Normal) (G1 Evacuation Pause)
[929.139s][info][gc,task     ] GC(204) Using 13 workers of 13 for evacuation
[929.150s][info][gc,phases   ] GC(204)   Pre Evacuate Collection Set: 0.1ms
[929.150s][info][gc,phases   ] GC(204)   Merge Heap Roots: 0.2ms
[929.150s][info][gc,phases   ] GC(204)   Evacuate Collection Set: 9.5ms
[929.150s][info][gc,phases   ] GC(204)   Post Evacuate Collection Set: 1.0ms
[929.150s][info][gc,phases   ] GC(204)   Other: 0.2ms
[929.150s][info][gc,heap     ] GC(204) Eden regions: 1210->0(1210)
[929.150s][info][gc,heap     ] GC(204) Survivor regions: 18->18(154)
[929.150s][info][gc,heap     ] GC(204) Old regions: 55->55
[929.150s][info][gc,heap     ] GC(204) Archive regions: 2->2
[929.150s][info][gc,heap     ] GC(204) Humongous regions: 0->0
[929.150s][info][gc,metaspace] GC(204) Metaspace: 791K(896K)->791K(896K) NonClass: 737K(768K)->737K(768K) Class: 53K(128K)->53K(128K)
[929.150s][info][gc          ] GC(204) Pause Young (Normal) (G1 Evacuation Pause) 5132M->293M(8192M) 11.106ms
[929.150s][info][gc,cpu      ] GC(204) User=0.11s Sys=0.01s Real=0.01s
[933.858s][info][gc,start    ] GC(205) Pause Young (Normal) (G1 Evacuation Pause)
[933.858s][info][gc,task     ] GC(205) Using 13 workers of 13 for evacuation
[933.870s][info][gc,phases   ] GC(205)   Pre Evacuate Collection Set: 0.1ms
[933.870s][info][gc,phases   ] GC(205)   Merge Heap Roots: 0.1ms
[933.870s][info][gc,phases   ] GC(205)   Evacuate Collection Set: 10.3ms
[933.870s][info][gc,phases   ] GC(205)   Post Evacuate Collection Set: 1.1ms
[933.870s][info][gc,phases   ] GC(205)   Other: 0.2ms
[933.870s][info][gc,heap     ] GC(205) Eden regions: 1210->0(1210)
[933.870s][info][gc,heap     ] GC(205) Survivor regions: 18->18(154)
[933.870s][info][gc,heap     ] GC(205) Old regions: 55->55
[933.870s][info][gc,heap     ] GC(205) Archive regions: 2->2
[933.870s][info][gc,heap     ] GC(205) Humongous regions: 0->0
[933.870s][info][gc,metaspace] GC(205) Metaspace: 791K(896K)->791K(896K) NonClass: 737K(768K)->737K(768K) Class: 53K(128K)->53K(128K)
[933.870s][info][gc          ] GC(205) Pause Young (Normal) (G1 Evacuation Pause) 5133M->292M(8192M) 11.988ms
[933.870s][info][gc,cpu      ] GC(205) User=0.12s Sys=0.01s Real=0.01s
[938.579s][info][gc,start    ] GC(206) Pause Young (Normal) (G1 Evacuation Pause)
[938.579s][info][gc,task     ] GC(206) Using 13 workers of 13 for evacuation
[938.590s][info][gc,phases   ] GC(206)   Pre Evacuate Collection Set: 0.1ms
[938.590s][info][gc,phases   ] GC(206)   Merge Heap Roots: 0.1ms
[938.590s][info][gc,phases   ] GC(206)   Evacuate Collection Set: 9.5ms
[938.590s][info][gc,phases   ] GC(206)   Post Evacuate Collection Set: 1.0ms
[938.590s][info][gc,phases   ] GC(206)   Other: 0.2ms
[938.590s][info][gc,heap     ] GC(206) Eden regions: 1210->0(1210)
[938.590s][info][gc,heap     ] GC(206) Survivor regions: 18->18(154)
[938.590s][info][gc,heap     ] GC(206) Old regions: 55->55
[938.590s][info][gc,heap     ] GC(206) Archive regions: 2->2
[938.590s][info][gc,heap     ] GC(206) Humongous regions: 0->0
[938.590s][info][gc,metaspace] GC(206) Metaspace: 791K(896K)->791K(896K) NonClass: 737K(768K)->737K(768K) Class: 53K(128K)->53K(128K)
[938.590s][info][gc          ] GC(206) Pause Young (Normal) (G1 Evacuation Pause) 5132M->291M(8192M) 10.993ms
[938.590s][info][gc,cpu      ] GC(206) User=0.11s Sys=0.01s Real=0.01s
[943.298s][info][gc,start    ] GC(207) Pause Young (Normal) (G1 Evacuation Pause)
[943.298s][info][gc,task     ] GC(207) Using 13 workers of 13 for evacuation
[943.309s][info][gc,phases   ] GC(207)   Pre Evacuate Collection Set: 0.1ms
[943.309s][info][gc,phases   ] GC(207)   Merge Heap Roots: 0.1ms
[943.309s][info][gc,phases   ] GC(207)   Evacuate Collection Set: 9.4ms
[943.309s][info][gc,phases   ] GC(207)   Post Evacuate Collection Set: 1.0ms
[943.309s][info][gc,phases   ] GC(207)   Other: 0.2ms
[943.309s][info][gc,heap     ] GC(207) Eden regions: 1210->0(1209)
[943.309s][info][gc,heap     ] GC(207) Survivor regions: 18->19(154)
[943.309s][info][gc,heap     ] GC(207) Old regions: 55->55
[943.309s][info][gc,heap     ] GC(207) Archive regions: 2->2
[943.309s][info][gc,heap     ] GC(207) Humongous regions: 0->0
[943.309s][info][gc,metaspace] GC(207) Metaspace: 791K(896K)->791K(896K) NonClass: 737K(768K)->737K(768K) Class: 53K(128K)->53K(128K)
[943.309s][info][gc          ] GC(207) Pause Young (Normal) (G1 Evacuation Pause) 5131M->294M(8192M) 11.016ms
[943.309s][info][gc,cpu      ] GC(207) User=0.12s Sys=0.01s Real=0.01s
[948.009s][info][gc,start    ] GC(208) Pause Young (Normal) (G1 Evacuation Pause)
[948.009s][info][gc,task     ] GC(208) Using 13 workers of 13 for evacuation
[948.020s][info][gc,phases   ] GC(208)   Pre Evacuate Collection Set: 0.1ms
[948.020s][info][gc,phases   ] GC(208)   Merge Heap Roots: 0.2ms
[948.020s][info][gc,phases   ] GC(208)   Evacuate Collection Set: 9.4ms
[948.020s][info][gc,phases   ] GC(208)   Post Evacuate Collection Set: 1.0ms
[948.020s][info][gc,phases   ] GC(208)   Other: 0.2ms
[948.020s][info][gc,heap     ] GC(208) Eden regions: 1209->0(1210)
[948.020s][info][gc,heap     ] GC(208) Survivor regions: 19->18(154)
[948.020s][info][gc,heap     ] GC(208) Old regions: 55->55
[948.020s][info][gc,heap     ] GC(208) Archive regions: 2->2
[948.020s][info][gc,heap     ] GC(208) Humongous regions: 0->0
[948.020s][info][gc,metaspace] GC(208) Metaspace: 791K(896K)->791K(896K) NonClass: 737K(768K)->737K(768K) Class: 53K(128K)->53K(128K)
[948.020s][info][gc          ] GC(208) Pause Young (Normal) (G1 Evacuation Pause) 5130M->292M(8192M) 11.043ms
[948.020s][info][gc,cpu      ] GC(208) User=0.11s Sys=0.01s Real=0.01s
[952.730s][info][gc,start    ] GC(209) Pause Young (Normal) (G1 Evacuation Pause)
[952.730s][info][gc,task     ] GC(209) Using 13 workers of 13 for evacuation
[952.741s][info][gc,phases   ] GC(209)   Pre Evacuate Collection Set: 0.1ms
[952.741s][info][gc,phases   ] GC(209)   Merge Heap Roots: 0.1ms
[952.741s][info][gc,phases   ] GC(209)   Evacuate Collection Set: 9.5ms
[952.741s][info][gc,phases   ] GC(209)   Post Evacuate Collection Set: 1.0ms
[952.741s][info][gc,phases   ] GC(209)   Other: 0.2ms
[952.741s][info][gc,heap     ] GC(209) Eden regions: 1210->0(1210)
[952.741s][info][gc,heap     ] GC(209) Survivor regions: 18->18(154)
[952.741s][info][gc,heap     ] GC(209) Old regions: 55->55
[952.741s][info][gc,heap     ] GC(209) Archive regions: 2->2
[952.741s][info][gc,heap     ] GC(209) Humongous regions: 0->0
[952.741s][info][gc,metaspace] GC(209) Metaspace: 791K(896K)->791K(896K) NonClass: 737K(768K)->737K(768K) Class: 53K(128K)->53K(128K)
[952.741s][info][gc          ] GC(209) Pause Young (Normal) (G1 Evacuation Pause) 5132M->293M(8192M) 11.041ms
[952.741s][info][gc,cpu      ] GC(209) User=0.11s Sys=0.01s Real=0.01s
[957.458s][info][gc,start    ] GC(210) Pause Young (Normal) (G1 Evacuation Pause)
[957.458s][info][gc,task     ] GC(210) Using 13 workers of 13 for evacuation
[957.470s][info][gc,phases   ] GC(210)   Pre Evacuate Collection Set: 0.1ms
[957.470s][info][gc,phases   ] GC(210)   Merge Heap Roots: 0.1ms
[957.470s][info][gc,phases   ] GC(210)   Evacuate Collection Set: 9.6ms
[957.470s][info][gc,phases   ] GC(210)   Post Evacuate Collection Set: 1.3ms
[957.470s][info][gc,phases   ] GC(210)   Other: 0.2ms
[957.470s][info][gc,heap     ] GC(210) Eden regions: 1210->0(1210)
[957.470s][info][gc,heap     ] GC(210) Survivor regions: 18->18(154)
[957.470s][info][gc,heap     ] GC(210) Old regions: 55->55
[957.470s][info][gc,heap     ] GC(210) Archive regions: 2->2
[957.470s][info][gc,heap     ] GC(210) Humongous regions: 0->0
[957.470s][info][gc,metaspace] GC(210) Metaspace: 791K(896K)->791K(896K) NonClass: 737K(768K)->737K(768K) Class: 53K(128K)->53K(128K)
[957.470s][info][gc          ] GC(210) Pause Young (Normal) (G1 Evacuation Pause) 5133M->293M(8192M) 11.554ms
[957.470s][info][gc,cpu      ] GC(210) User=0.12s Sys=0.00s Real=0.01s
[962.179s][info][gc,start    ] GC(211) Pause Young (Normal) (G1 Evacuation Pause)
[962.179s][info][gc,task     ] GC(211) Using 13 workers of 13 for evacuation
[962.190s][info][gc,phases   ] GC(211)   Pre Evacuate Collection Set: 0.1ms
[962.190s][info][gc,phases   ] GC(211)   Merge Heap Roots: 0.2ms
[962.190s][info][gc,phases   ] GC(211)   Evacuate Collection Set: 10.0ms
[962.190s][info][gc,phases   ] GC(211)   Post Evacuate Collection Set: 1.1ms
[962.190s][info][gc,phases   ] GC(211)   Other: 0.2ms
[962.190s][info][gc,heap     ] GC(211) Eden regions: 1210->0(1209)
[962.190s][info][gc,heap     ] GC(211) Survivor regions: 18->19(154)
[962.190s][info][gc,heap     ] GC(211) Old regions: 55->55
[962.190s][info][gc,heap     ] GC(211) Archive regions: 2->2
[962.190s][info][gc,heap     ] GC(211) Humongous regions: 0->0
[962.190s][info][gc,metaspace] GC(211) Metaspace: 791K(896K)->791K(896K) NonClass: 737K(768K)->737K(768K) Class: 53K(128K)->53K(128K)
[962.190s][info][gc          ] GC(211) Pause Young (Normal) (G1 Evacuation Pause) 5133M->295M(8192M) 11.746ms
[962.190s][info][gc,cpu      ] GC(211) User=0.12s Sys=0.01s Real=0.01s
[966.898s][info][gc,start    ] GC(212) Pause Young (Normal) (G1 Evacuation Pause)
[966.898s][info][gc,task     ] GC(212) Using 13 workers of 13 for evacuation
[966.911s][info][gc,phases   ] GC(212)   Pre Evacuate Collection Set: 0.1ms
[966.911s][info][gc,phases   ] GC(212)   Merge Heap Roots: 0.2ms
[966.911s][info][gc,phases   ] GC(212)   Evacuate Collection Set: 11.1ms
[966.911s][info][gc,phases   ] GC(212)   Post Evacuate Collection Set: 1.2ms
[966.911s][info][gc,phases   ] GC(212)   Other: 0.2ms
[966.911s][info][gc,heap     ] GC(212) Eden regions: 1209->0(1209)
[966.911s][info][gc,heap     ] GC(212) Survivor regions: 19->19(154)
[966.911s][info][gc,heap     ] GC(212) Old regions: 55->55
[966.911s][info][gc,heap     ] GC(212) Archive regions: 2->2
[966.911s][info][gc,heap     ] GC(212) Humongous regions: 0->0
[966.911s][info][gc,metaspace] GC(212) Metaspace: 791K(896K)->791K(896K) NonClass: 737K(768K)->737K(768K) Class: 53K(128K)->53K(128K)
[966.911s][info][gc          ] GC(212) Pause Young (Normal) (G1 Evacuation Pause) 5131M->294M(8192M) 13.034ms
[966.911s][info][gc,cpu      ] GC(212) User=0.14s Sys=0.01s Real=0.01s
[971.609s][info][gc,start    ] GC(213) Pause Young (Normal) (G1 Evacuation Pause)
[971.609s][info][gc,task     ] GC(213) Using 13 workers of 13 for evacuation
[971.620s][info][gc,phases   ] GC(213)   Pre Evacuate Collection Set: 0.1ms
[971.620s][info][gc,phases   ] GC(213)   Merge Heap Roots: 0.1ms
[971.620s][info][gc,phases   ] GC(213)   Evacuate Collection Set: 10.0ms
[971.620s][info][gc,phases   ] GC(213)   Post Evacuate Collection Set: 1.0ms
[971.620s][info][gc,phases   ] GC(213)   Other: 0.2ms
[971.620s][info][gc,heap     ] GC(213) Eden regions: 1209->0(1210)
[971.620s][info][gc,heap     ] GC(213) Survivor regions: 19->18(154)
[971.620s][info][gc,heap     ] GC(213) Old regions: 55->55
[971.620s][info][gc,heap     ] GC(213) Archive regions: 2->2
[971.620s][info][gc,heap     ] GC(213) Humongous regions: 0->0
[971.620s][info][gc,metaspace] GC(213) Metaspace: 791K(896K)->791K(896K) NonClass: 737K(768K)->737K(768K) Class: 53K(128K)->53K(128K)
[971.620s][info][gc          ] GC(213) Pause Young (Normal) (G1 Evacuation Pause) 5130M->293M(8192M) 11.636ms
[971.620s][info][gc,cpu      ] GC(213) User=0.12s Sys=0.01s Real=0.01s
[976.337s][info][gc,start    ] GC(214) Pause Young (Normal) (G1 Evacuation Pause)
[976.337s][info][gc,task     ] GC(214) Using 13 workers of 13 for evacuation
[976.349s][info][gc,phases   ] GC(214)   Pre Evacuate Collection Set: 0.1ms
[976.350s][info][gc,phases   ] GC(214)   Merge Heap Roots: 0.2ms
[976.350s][info][gc,phases   ] GC(214)   Evacuate Collection Set: 10.3ms
[976.350s][info][gc,phases   ] GC(214)   Post Evacuate Collection Set: 1.3ms
[976.350s][info][gc,phases   ] GC(214)   Other: 0.2ms
[976.350s][info][gc,heap     ] GC(214) Eden regions: 1210->0(1209)
[976.350s][info][gc,heap     ] GC(214) Survivor regions: 18->19(154)
[976.350s][info][gc,heap     ] GC(214) Old regions: 55->55
[976.350s][info][gc,heap     ] GC(214) Archive regions: 2->2
[976.350s][info][gc,heap     ] GC(214) Humongous regions: 0->0
[976.350s][info][gc,metaspace] GC(214) Metaspace: 791K(896K)->791K(896K) NonClass: 737K(768K)->737K(768K) Class: 53K(128K)->53K(128K)
[976.350s][info][gc          ] GC(214) Pause Young (Normal) (G1 Evacuation Pause) 5133M->295M(8192M) 12.503ms
[976.350s][info][gc,cpu      ] GC(214) User=0.12s Sys=0.02s Real=0.01s
[981.049s][info][gc,start    ] GC(215) Pause Young (Normal) (G1 Evacuation Pause)
[981.049s][info][gc,task     ] GC(215) Using 13 workers of 13 for evacuation
[981.060s][info][gc,phases   ] GC(215)   Pre Evacuate Collection Set: 0.1ms
[981.060s][info][gc,phases   ] GC(215)   Merge Heap Roots: 0.2ms
[981.060s][info][gc,phases   ] GC(215)   Evacuate Collection Set: 9.3ms
[981.060s][info][gc,phases   ] GC(215)   Post Evacuate Collection Set: 1.0ms
[981.060s][info][gc,phases   ] GC(215)   Other: 0.2ms
[981.060s][info][gc,heap     ] GC(215) Eden regions: 1209->0(1210)
[981.060s][info][gc,heap     ] GC(215) Survivor regions: 19->18(154)
[981.060s][info][gc,heap     ] GC(215) Old regions: 55->55
[981.060s][info][gc,heap     ] GC(215) Archive regions: 2->2
[981.060s][info][gc,heap     ] GC(215) Humongous regions: 0->0
[981.060s][info][gc,metaspace] GC(215) Metaspace: 791K(896K)->791K(896K) NonClass: 737K(768K)->737K(768K) Class: 53K(128K)->53K(128K)
[981.060s][info][gc          ] GC(215) Pause Young (Normal) (G1 Evacuation Pause) 5131M->294M(8192M) 10.890ms
[981.060s][info][gc,cpu      ] GC(215) User=0.12s Sys=0.00s Real=0.01s
[985.769s][info][gc,start    ] GC(216) Pause Young (Normal) (G1 Evacuation Pause)
[985.769s][info][gc,task     ] GC(216) Using 13 workers of 13 for evacuation
[985.780s][info][gc,phases   ] GC(216)   Pre Evacuate Collection Set: 0.1ms
[985.780s][info][gc,phases   ] GC(216)   Merge Heap Roots: 0.1ms
[985.780s][info][gc,phases   ] GC(216)   Evacuate Collection Set: 9.5ms
[985.780s][info][gc,phases   ] GC(216)   Post Evacuate Collection Set: 1.1ms
[985.780s][info][gc,phases   ] GC(216)   Other: 0.2ms
[985.780s][info][gc,heap     ] GC(216) Eden regions: 1210->0(1210)
[985.780s][info][gc,heap     ] GC(216) Survivor regions: 18->18(154)
[985.780s][info][gc,heap     ] GC(216) Old regions: 55->55
[985.780s][info][gc,heap     ] GC(216) Archive regions: 2->2
[985.780s][info][gc,heap     ] GC(216) Humongous regions: 0->0
[985.780s][info][gc,metaspace] GC(216) Metaspace: 791K(896K)->791K(896K) NonClass: 737K(768K)->737K(768K) Class: 53K(128K)->53K(128K)
[985.780s][info][gc          ] GC(216) Pause Young (Normal) (G1 Evacuation Pause) 5134M->294M(8192M) 11.172ms
[985.780s][info][gc,cpu      ] GC(216) User=0.11s Sys=0.01s Real=0.01s
[990.498s][info][gc,start    ] GC(217) Pause Young (Normal) (G1 Evacuation Pause)
[990.498s][info][gc,task     ] GC(217) Using 13 workers of 13 for evacuation
[990.509s][info][gc,phases   ] GC(217)   Pre Evacuate Collection Set: 0.1ms
[990.509s][info][gc,phases   ] GC(217)   Merge Heap Roots: 0.1ms
[990.509s][info][gc,phases   ] GC(217)   Evacuate Collection Set: 10.1ms
[990.509s][info][gc,phases   ] GC(217)   Post Evacuate Collection Set: 1.0ms
[990.509s][info][gc,phases   ] GC(217)   Other: 0.2ms
[990.509s][info][gc,heap     ] GC(217) Eden regions: 1210->0(1210)
[990.509s][info][gc,heap     ] GC(217) Survivor regions: 18->18(154)
[990.509s][info][gc,heap     ] GC(217) Old regions: 55->55
[990.509s][info][gc,heap     ] GC(217) Archive regions: 2->2
[990.509s][info][gc,heap     ] GC(217) Humongous regions: 0->0
[990.509s][info][gc,metaspace] GC(217) Metaspace: 791K(896K)->791K(896K) NonClass: 737K(768K)->737K(768K) Class: 53K(128K)->53K(128K)
[990.509s][info][gc          ] GC(217) Pause Young (Normal) (G1 Evacuation Pause) 5134M->293M(8192M) 11.730ms
[990.509s][info][gc,cpu      ] GC(217) User=0.11s Sys=0.01s Real=0.01s
[995.219s][info][gc,start    ] GC(218) Pause Young (Normal) (G1 Evacuation Pause)
[995.219s][info][gc,task     ] GC(218) Using 13 workers of 13 for evacuation
[995.230s][info][gc,phases   ] GC(218)   Pre Evacuate Collection Set: 0.1ms
[995.230s][info][gc,phases   ] GC(218)   Merge Heap Roots: 0.1ms
[995.230s][info][gc,phases   ] GC(218)   Evacuate Collection Set: 9.4ms
[995.230s][info][gc,phases   ] GC(218)   Post Evacuate Collection Set: 1.0ms
[995.230s][info][gc,phases   ] GC(218)   Other: 0.2ms
[995.230s][info][gc,heap     ] GC(218) Eden regions: 1210->0(1210)
[995.230s][info][gc,heap     ] GC(218) Survivor regions: 18->18(154)
[995.230s][info][gc,heap     ] GC(218) Old regions: 55->55
[995.230s][info][gc,heap     ] GC(218) Archive regions: 2->2
[995.230s][info][gc,heap     ] GC(218) Humongous regions: 0->0
[995.230s][info][gc,metaspace] GC(218) Metaspace: 791K(896K)->791K(896K) NonClass: 737K(768K)->737K(768K) Class: 53K(128K)->53K(128K)
[995.230s][info][gc          ] GC(218) Pause Young (Normal) (G1 Evacuation Pause) 5133M->294M(8192M) 11.014ms
[995.230s][info][gc,cpu      ] GC(218) User=0.11s Sys=0.01s Real=0.01s
[999.939s][info][gc,start    ] GC(219) Pause Young (Normal) (G1 Evacuation Pause)
[999.939s][info][gc,task     ] GC(219) Using 13 workers of 13 for evacuation
[999.949s][info][gc,phases   ] GC(219)   Pre Evacuate Collection Set: 0.1ms
[999.949s][info][gc,phases   ] GC(219)   Merge Heap Roots: 0.2ms
[999.949s][info][gc,phases   ] GC(219)   Evacuate Collection Set: 9.4ms
[999.949s][info][gc,phases   ] GC(219)   Post Evacuate Collection Set: 1.0ms
[999.949s][info][gc,phases   ] GC(219)   Other: 0.2ms
[999.949s][info][gc,heap     ] GC(219) Eden regions: 1210->0(1210)
[999.949s][info][gc,heap     ] GC(219) Survivor regions: 18->18(154)
[999.949s][info][gc,heap     ] GC(219) Old regions: 55->55
[999.949s][info][gc,heap     ] GC(219) Archive regions: 2->2
[999.949s][info][gc,heap     ] GC(219) Humongous regions: 0->0
[999.949s][info][gc,metaspace] GC(219) Metaspace: 791K(896K)->791K(896K) NonClass: 737K(768K)->737K(768K) Class: 53K(128K)->53K(128K)
[999.950s][info][gc          ] GC(219) Pause Young (Normal) (G1 Evacuation Pause) 5134M->294M(8192M) 11.010ms
[999.950s][info][gc,cpu      ] GC(219) User=0.11s Sys=0.01s Real=0.01s
[1000.090s][info][gc,heap,exit] Heap
[1000.090s][info][gc,heap,exit]  garbage-first heap   total 8388608K, used 461786K [0x0000000600000000, 0x0000000800000000)
[1000.090s][info][gc,heap,exit]   region size 4096K, 58 young (237568K), 18 survivors (73728K)
[1000.090s][info][gc,heap,exit]  Metaspace       used 810K, committed 960K, reserved 1056768K
[1000.090s][info][gc,heap,exit]   class space    used 56K, committed 128K, reserved 1048576K
