[0.007s][info][gc] Using Parallel
[0.020s][info][gc,init] Version: 16.0.1+9 (release)
[0.020s][info][gc,init] CPUs: 16 total, 16 available
[0.020s][info][gc,init] Memory: 65536M
[0.020s][info][gc,init] Large Page Support: Disabled
[0.020s][info][gc,init] NUMA Support: Disabled
[0.020s][info][gc,init] Compressed Oops: Enabled (Zero based)
[0.020s][info][gc,init] Alignments: Space 512K, Generation 512K, Heap 2M
[0.020s][info][gc,init] Heap Min Capacity: 8G
[0.020s][info][gc,init] Heap Initial Capacity: 8G
[0.020s][info][gc,init] Heap Max Capacity: 8G
[0.020s][info][gc,init] Pre-touch: Disabled
[0.020s][info][gc,init] Parallel Workers: 13
[0.020s][info][gc,metaspace] CDS archive(s) mapped at: [0x0000000800000000-0x0000000800bee000-0x0000000800bee000), size 12509184, SharedBaseAddress: 0x0000000800000000, ArchiveRelocationMode: 0.
[0.020s][info][gc,metaspace] Compressed class space mapped at: 0x0000000800c00000-0x0000000840c00000, reserved size: 1073741824
[0.020s][info][gc,metaspace] Narrow klass base: 0x0000000800000000, Narrow klass shift: 3, Narrow klass range: 0x100000000
[1.681s][info][gc,start    ] GC(0) Pause Young (Allocation Failure)
[1.724s][info][gc,heap     ] GC(0) PSYoungGen: 2097664K(2446848K)->134503K(2446848K) Eden: 2097664K(2097664K)->0K(2097664K) From: 0K(349184K)->134503K(349184K)
[1.724s][info][gc,heap     ] GC(0) ParOldGen: 0K(5592576K)->8K(5592576K)
[1.724s][info][gc,metaspace] GC(0) Metaspace: 829K(960K)->829K(960K) NonClass: 775K(832K)->775K(832K) Class: 53K(128K)->53K(128K)
[1.724s][info][gc          ] GC(0) Pause Young (Allocation Failure) 2048M->131M(7851M) 42.823ms
[1.724s][info][gc,cpu      ] GC(0) User=0.11s Sys=0.35s Real=0.05s
[3.609s][info][gc,start    ] GC(1) Pause Young (Allocation Failure)
[3.648s][info][gc,heap     ] GC(1) PSYoungGen: 2232167K(2446848K)->134311K(2446848K) Eden: 2097664K(2097664K)->0K(2097664K) From: 134503K(349184K)->134311K(349184K)
[3.648s][info][gc,heap     ] GC(1) ParOldGen: 8K(5592576K)->16K(5592576K)
[3.648s][info][gc,metaspace] GC(1) Metaspace: 829K(960K)->829K(960K) NonClass: 775K(832K)->775K(832K) Class: 53K(128K)->53K(128K)
[3.648s][info][gc          ] GC(1) Pause Young (Allocation Failure) 2179M->131M(7851M) 39.103ms
[3.648s][info][gc,cpu      ] GC(1) User=0.10s Sys=0.29s Real=0.04s
[5.571s][info][gc,start    ] GC(2) Pause Young (Allocation Failure)
[5.587s][info][gc,heap     ] GC(2) PSYoungGen: 2231975K(2446848K)->134455K(2446848K) Eden: 2097664K(2097664K)->0K(2097664K) From: 134311K(349184K)->134455K(349184K)
[5.587s][info][gc,heap     ] GC(2) ParOldGen: 16K(5592576K)->24K(5592576K)
[5.587s][info][gc,metaspace] GC(2) Metaspace: 829K(960K)->829K(960K) NonClass: 775K(832K)->775K(832K) Class: 53K(128K)->53K(128K)
[5.587s][info][gc          ] GC(2) Pause Young (Allocation Failure) 2179M->131M(7851M) 15.629ms
[5.587s][info][gc,cpu      ] GC(2) User=0.19s Sys=0.00s Real=0.02s
[7.530s][info][gc,start    ] GC(3) Pause Young (Allocation Failure)
[7.546s][info][gc,heap     ] GC(3) PSYoungGen: 2232119K(2446848K)->134295K(2446848K) Eden: 2097664K(2097664K)->0K(2097664K) From: 134455K(349184K)->134295K(349184K)
[7.546s][info][gc,heap     ] GC(3) ParOldGen: 24K(5592576K)->32K(5592576K)
[7.546s][info][gc,metaspace] GC(3) Metaspace: 829K(960K)->829K(960K) NonClass: 775K(832K)->775K(832K) Class: 53K(128K)->53K(128K)
[7.546s][info][gc          ] GC(3) Pause Young (Allocation Failure) 2179M->131M(7851M) 16.009ms
[7.546s][info][gc,cpu      ] GC(3) User=0.19s Sys=0.00s Real=0.02s
[9.509s][info][gc,start    ] GC(4) Pause Young (Allocation Failure)
[9.524s][info][gc,heap     ] GC(4) PSYoungGen: 2231959K(2446848K)->134199K(2446848K) Eden: 2097664K(2097664K)->0K(2097664K) From: 134295K(349184K)->134199K(349184K)
[9.524s][info][gc,heap     ] GC(4) ParOldGen: 32K(5592576K)->40K(5592576K)
[9.524s][info][gc,metaspace] GC(4) Metaspace: 829K(960K)->829K(960K) NonClass: 775K(832K)->775K(832K) Class: 53K(128K)->53K(128K)
[9.524s][info][gc          ] GC(4) Pause Young (Allocation Failure) 2179M->131M(7851M) 15.487ms
[9.524s][info][gc,cpu      ] GC(4) User=0.18s Sys=0.00s Real=0.02s
[11.489s][info][gc,start    ] GC(5) Pause Young (Allocation Failure)
[11.535s][info][gc,heap     ] GC(5) PSYoungGen: 2231863K(2446848K)->134167K(2661376K) Eden: 2097664K(2097664K)->0K(2526720K) From: 134199K(349184K)->134167K(134656K)
[11.535s][info][gc,heap     ] GC(5) ParOldGen: 40K(5592576K)->48K(5592576K)
[11.535s][info][gc,metaspace] GC(5) Metaspace: 829K(960K)->829K(960K) NonClass: 775K(832K)->775K(832K) Class: 53K(128K)->53K(128K)
[11.535s][info][gc          ] GC(5) Pause Young (Allocation Failure) 2179M->131M(8060M) 46.344ms
[11.535s][info][gc,cpu      ] GC(5) User=0.10s Sys=0.39s Real=0.05s
[13.878s][info][gc,start    ] GC(6) Pause Young (Allocation Failure)
[13.905s][info][gc,heap     ] GC(6) PSYoungGen: 2660887K(2661376K)->66752K(2593792K) Eden: 2526720K(2526720K)->0K(2526720K) From: 134167K(134656K)->66752K(67072K)
[13.905s][info][gc,heap     ] GC(6) ParOldGen: 48K(5592576K)->69783K(5592576K)
[13.905s][info][gc,metaspace] GC(6) Metaspace: 829K(960K)->829K(960K) NonClass: 775K(832K)->775K(832K) Class: 53K(128K)->53K(128K)
[13.905s][info][gc          ] GC(6) Pause Young (Allocation Failure) 2598M->133M(7994M) 27.154ms
[13.905s][info][gc,cpu      ] GC(6) User=0.10s Sys=0.19s Real=0.03s
[16.259s][info][gc,start    ] GC(7) Pause Young (Allocation Failure)
[16.271s][info][gc,heap     ] GC(7) PSYoungGen: 2593472K(2593792K)->66656K(2629120K) Eden: 2526720K(2526720K)->0K(2479616K) From: 66752K(67072K)->66656K(149504K)
[16.271s][info][gc,heap     ] GC(7) ParOldGen: 69783K(5592576K)->69783K(5592576K)
[16.271s][info][gc,metaspace] GC(7) Metaspace: 829K(960K)->829K(960K) NonClass: 775K(832K)->775K(832K) Class: 53K(128K)->53K(128K)
[16.271s][info][gc          ] GC(7) Pause Young (Allocation Failure) 2600M->133M(8029M) 11.591ms
[16.271s][info][gc,cpu      ] GC(7) User=0.09s Sys=0.04s Real=0.01s
[18.609s][info][gc,start    ] GC(8) Pause Young (Allocation Failure)
[18.617s][info][gc,heap     ] GC(8) PSYoungGen: 2546272K(2629120K)->66752K(2546688K) Eden: 2479616K(2479616K)->0K(2479616K) From: 66656K(149504K)->66752K(67072K)
[18.617s][info][gc,heap     ] GC(8) ParOldGen: 69783K(5592576K)->69783K(5592576K)
[18.617s][info][gc,metaspace] GC(8) Metaspace: 829K(960K)->829K(960K) NonClass: 775K(832K)->775K(832K) Class: 53K(128K)->53K(128K)
[18.617s][info][gc          ] GC(8) Pause Young (Allocation Failure) 2554M->133M(7948M) 7.885ms
[18.617s][info][gc,cpu      ] GC(8) User=0.10s Sys=0.00s Real=0.01s
[20.959s][info][gc,start    ] GC(9) Pause Young (Allocation Failure)
[20.969s][info][gc,heap     ] GC(9) PSYoungGen: 2546368K(2546688K)->66816K(2627584K) Eden: 2479616K(2479616K)->0K(2464256K) From: 66752K(67072K)->66816K(163328K)
[20.969s][info][gc,heap     ] GC(9) ParOldGen: 69783K(5592576K)->69783K(5592576K)
[20.969s][info][gc,metaspace] GC(9) Metaspace: 829K(960K)->829K(960K) NonClass: 775K(832K)->775K(832K) Class: 53K(128K)->53K(128K)
[20.969s][info][gc          ] GC(9) Pause Young (Allocation Failure) 2554M->133M(8027M) 10.523ms
[20.970s][info][gc,cpu      ] GC(9) User=0.09s Sys=0.04s Real=0.01s
[23.300s][info][gc,start    ] GC(10) Pause Young (Allocation Failure)
[23.308s][info][gc,heap     ] GC(10) PSYoungGen: 2531072K(2627584K)->66816K(2531328K) Eden: 2464256K(2464256K)->0K(2464256K) From: 66816K(163328K)->66816K(67072K)
[23.308s][info][gc,heap     ] GC(10) ParOldGen: 69783K(5592576K)->69783K(5592576K)
[23.308s][info][gc,metaspace] GC(10) Metaspace: 829K(960K)->829K(960K) NonClass: 775K(832K)->775K(832K) Class: 53K(128K)->53K(128K)
[23.308s][info][gc          ] GC(10) Pause Young (Allocation Failure) 2539M->133M(7933M) 7.975ms
[23.308s][info][gc,cpu      ] GC(10) User=0.10s Sys=0.00s Real=0.01s
[25.629s][info][gc,start    ] GC(11) Pause Young (Allocation Failure)
[25.637s][info][gc,heap     ] GC(11) PSYoungGen: 2531072K(2531328K)->66912K(2629120K) Eden: 2464256K(2464256K)->0K(2462208K) From: 66816K(67072K)->66912K(166912K)
[25.637s][info][gc,heap     ] GC(11) ParOldGen: 69783K(5592576K)->69783K(5592576K)
[25.637s][info][gc,metaspace] GC(11) Metaspace: 829K(960K)->829K(960K) NonClass: 775K(832K)->775K(832K) Class: 53K(128K)->53K(128K)
[25.637s][info][gc          ] GC(11) Pause Young (Allocation Failure) 2539M->133M(8029M) 8.497ms
[25.637s][info][gc,cpu      ] GC(11) User=0.09s Sys=0.02s Real=0.01s
[27.950s][info][gc,start    ] GC(12) Pause Young (Allocation Failure)
[27.958s][info][gc,heap     ] GC(12) PSYoungGen: 2529120K(2629120K)->66752K(2629120K) Eden: 2462208K(2462208K)->0K(2462208K) From: 66912K(166912K)->66752K(166912K)
[27.958s][info][gc,heap     ] GC(12) ParOldGen: 69783K(5592576K)->69783K(5592576K)
[27.958s][info][gc,metaspace] GC(12) Metaspace: 829K(960K)->829K(960K) NonClass: 775K(832K)->775K(832K) Class: 53K(128K)->53K(128K)
[27.958s][info][gc          ] GC(12) Pause Young (Allocation Failure) 2537M->133M(8029M) 8.073ms
[27.958s][info][gc,cpu      ] GC(12) User=0.10s Sys=0.00s Real=0.01s
[30.299s][info][gc,start    ] GC(13) Pause Young (Allocation Failure)
[30.306s][info][gc,heap     ] GC(13) PSYoungGen: 2528960K(2629120K)->66880K(2632192K) Eden: 2462208K(2462208K)->0K(2466304K) From: 66752K(166912K)->66880K(165888K)
[30.306s][info][gc,heap     ] GC(13) ParOldGen: 69783K(5592576K)->69783K(5592576K)
[30.306s][info][gc,metaspace] GC(13) Metaspace: 829K(960K)->829K(960K) NonClass: 775K(832K)->775K(832K) Class: 53K(128K)->53K(128K)
[30.306s][info][gc          ] GC(13) Pause Young (Allocation Failure) 2537M->133M(8032M) 7.780ms
[30.306s][info][gc,cpu      ] GC(13) User=0.09s Sys=0.01s Real=0.01s
[32.639s][info][gc,start    ] GC(14) Pause Young (Allocation Failure)
[32.647s][info][gc,heap     ] GC(14) PSYoungGen: 2533184K(2632192K)->66784K(2630144K) Eden: 2466304K(2466304K)->0K(2466304K) From: 66880K(165888K)->66784K(163840K)
[32.647s][info][gc,heap     ] GC(14) ParOldGen: 69783K(5592576K)->69783K(5592576K)
[32.647s][info][gc,metaspace] GC(14) Metaspace: 829K(960K)->829K(960K) NonClass: 775K(832K)->775K(832K) Class: 53K(128K)->53K(128K)
[32.647s][info][gc          ] GC(14) Pause Young (Allocation Failure) 2541M->133M(8030M) 7.749ms
[32.647s][info][gc,cpu      ] GC(14) User=0.09s Sys=0.00s Real=0.01s
[34.979s][info][gc,start    ] GC(15) Pause Young (Allocation Failure)
[34.986s][info][gc,heap     ] GC(15) PSYoungGen: 2533088K(2630144K)->66720K(2637312K) Eden: 2466304K(2466304K)->0K(2475520K) From: 66784K(163840K)->66720K(161792K)
[34.986s][info][gc,heap     ] GC(15) ParOldGen: 69783K(5592576K)->69783K(5592576K)
[34.986s][info][gc,metaspace] GC(15) Metaspace: 829K(960K)->829K(960K) NonClass: 775K(832K)->775K(832K) Class: 53K(128K)->53K(128K)
[34.986s][info][gc          ] GC(15) Pause Young (Allocation Failure) 2541M->133M(8037M) 7.858ms
[34.987s][info][gc,cpu      ] GC(15) User=0.09s Sys=0.00s Real=0.01s
[37.321s][info][gc,start    ] GC(16) Pause Young (Allocation Failure)
[37.329s][info][gc,heap     ] GC(16) PSYoungGen: 2542240K(2637312K)->66976K(2634240K) Eden: 2475520K(2475520K)->0K(2475520K) From: 66720K(161792K)->66976K(158720K)
[37.329s][info][gc,heap     ] GC(16) ParOldGen: 69783K(5592576K)->69783K(5592576K)
[37.329s][info][gc,metaspace] GC(16) Metaspace: 829K(960K)->829K(960K) NonClass: 775K(832K)->775K(832K) Class: 53K(128K)->53K(128K)
[37.329s][info][gc          ] GC(16) Pause Young (Allocation Failure) 2550M->133M(8034M) 7.697ms
[37.329s][info][gc,cpu      ] GC(16) User=0.09s Sys=0.00s Real=0.01s
[39.670s][info][gc,start    ] GC(17) Pause Young (Allocation Failure)
[39.677s][info][gc,heap     ] GC(17) PSYoungGen: 2542496K(2634240K)->66784K(2643968K) Eden: 2475520K(2475520K)->0K(2488320K) From: 66976K(158720K)->66784K(155648K)
[39.678s][info][gc,heap     ] GC(17) ParOldGen: 69783K(5592576K)->69783K(5592576K)
[39.678s][info][gc,metaspace] GC(17) Metaspace: 829K(960K)->829K(960K) NonClass: 775K(832K)->775K(832K) Class: 53K(128K)->53K(128K)
[39.678s][info][gc          ] GC(17) Pause Young (Allocation Failure) 2551M->133M(8043M) 7.532ms
[39.678s][info][gc,cpu      ] GC(17) User=0.09s Sys=0.00s Real=0.01s
[42.021s][info][gc,start    ] GC(18) Pause Young (Allocation Failure)
[42.029s][info][gc,heap     ] GC(18) PSYoungGen: 2555104K(2643968K)->66784K(2640384K) Eden: 2488320K(2488320K)->0K(2488320K) From: 66784K(155648K)->66784K(152064K)
[42.029s][info][gc,heap     ] GC(18) ParOldGen: 69783K(5592576K)->69783K(5592576K)
[42.029s][info][gc,metaspace] GC(18) Metaspace: 829K(960K)->829K(960K) NonClass: 775K(832K)->775K(832K) Class: 53K(128K)->53K(128K)
[42.029s][info][gc          ] GC(18) Pause Young (Allocation Failure) 2563M->133M(8040M) 7.885ms
[42.029s][info][gc,cpu      ] GC(18) User=0.10s Sys=0.00s Real=0.01s
[44.380s][info][gc,start    ] GC(19) Pause Young (Allocation Failure)
[44.388s][info][gc,heap     ] GC(19) PSYoungGen: 2555104K(2640384K)->66720K(2651648K) Eden: 2488320K(2488320K)->0K(2503680K) From: 66784K(152064K)->66720K(147968K)
[44.388s][info][gc,heap     ] GC(19) ParOldGen: 69783K(5592576K)->69783K(5592576K)
[44.388s][info][gc,metaspace] GC(19) Metaspace: 829K(960K)->829K(960K) NonClass: 775K(832K)->775K(832K) Class: 53K(128K)->53K(128K)
[44.388s][info][gc          ] GC(19) Pause Young (Allocation Failure) 2563M->133M(8051M) 7.643ms
[44.388s][info][gc,cpu      ] GC(19) User=0.10s Sys=0.00s Real=0.01s
[46.759s][info][gc,start    ] GC(20) Pause Young (Allocation Failure)
[46.767s][info][gc,heap     ] GC(20) PSYoungGen: 2570400K(2651648K)->66816K(2648064K) Eden: 2503680K(2503680K)->0K(2503680K) From: 66720K(147968K)->66816K(144384K)
[46.767s][info][gc,heap     ] GC(20) ParOldGen: 69783K(5592576K)->69783K(5592576K)
[46.767s][info][gc,metaspace] GC(20) Metaspace: 829K(960K)->829K(960K) NonClass: 775K(832K)->775K(832K) Class: 53K(128K)->53K(128K)
[46.767s][info][gc          ] GC(20) Pause Young (Allocation Failure) 2578M->133M(8047M) 7.476ms
[46.767s][info][gc,cpu      ] GC(20) User=0.10s Sys=0.00s Real=0.01s
[49.140s][info][gc,start    ] GC(21) Pause Young (Allocation Failure)
[49.148s][info][gc,heap     ] GC(21) PSYoungGen: 2570496K(2648064K)->66624K(2659328K) Eden: 2503680K(2503680K)->0K(2519040K) From: 66816K(144384K)->66624K(140288K)
[49.148s][info][gc,heap     ] GC(21) ParOldGen: 69783K(5592576K)->69783K(5592576K)
[49.148s][info][gc,metaspace] GC(21) Metaspace: 829K(960K)->829K(960K) NonClass: 775K(832K)->775K(832K) Class: 53K(128K)->53K(128K)
[49.148s][info][gc          ] GC(21) Pause Young (Allocation Failure) 2578M->133M(8058M) 7.875ms
[49.148s][info][gc,cpu      ] GC(21) User=0.10s Sys=0.00s Real=0.01s
[51.529s][info][gc,start    ] GC(22) Pause Young (Allocation Failure)
[51.536s][info][gc,heap     ] GC(22) PSYoungGen: 2585664K(2659328K)->66720K(2655744K) Eden: 2519040K(2519040K)->0K(2519040K) From: 66624K(140288K)->66720K(136704K)
[51.537s][info][gc,heap     ] GC(22) ParOldGen: 69783K(5592576K)->69783K(5592576K)
[51.537s][info][gc,metaspace] GC(22) Metaspace: 829K(960K)->829K(960K) NonClass: 775K(832K)->775K(832K) Class: 53K(128K)->53K(128K)
[51.537s][info][gc          ] GC(22) Pause Young (Allocation Failure) 2593M->133M(8055M) 7.997ms
[51.537s][info][gc,cpu      ] GC(22) User=0.09s Sys=0.00s Real=0.01s
[53.910s][info][gc,start    ] GC(23) Pause Young (Allocation Failure)
[53.918s][info][gc,heap     ] GC(23) PSYoungGen: 2585760K(2655744K)->66816K(2667008K) Eden: 2519040K(2519040K)->0K(2534400K) From: 66720K(136704K)->66816K(132608K)
[53.918s][info][gc,heap     ] GC(23) ParOldGen: 69783K(5592576K)->69783K(5592576K)
[53.918s][info][gc,metaspace] GC(23) Metaspace: 829K(960K)->829K(960K) NonClass: 775K(832K)->775K(832K) Class: 53K(128K)->53K(128K)
[53.918s][info][gc          ] GC(23) Pause Young (Allocation Failure) 2593M->133M(8066M) 7.658ms
[53.918s][info][gc,cpu      ] GC(23) User=0.09s Sys=0.00s Real=0.01s
[56.311s][info][gc,start    ] GC(24) Pause Young (Allocation Failure)
[56.320s][info][gc,heap     ] GC(24) PSYoungGen: 2601216K(2667008K)->66720K(2663424K) Eden: 2534400K(2534400K)->0K(2534400K) From: 66816K(132608K)->66720K(129024K)
[56.320s][info][gc,heap     ] GC(24) ParOldGen: 69783K(5592576K)->69783K(5592576K)
[56.320s][info][gc,metaspace] GC(24) Metaspace: 829K(960K)->829K(960K) NonClass: 775K(832K)->775K(832K) Class: 53K(128K)->53K(128K)
[56.320s][info][gc          ] GC(24) Pause Young (Allocation Failure) 2608M->133M(8062M) 9.656ms
[56.320s][info][gc,cpu      ] GC(24) User=0.09s Sys=0.02s Real=0.01s
[58.720s][info][gc,start    ] GC(25) Pause Young (Allocation Failure)
[58.728s][info][gc,heap     ] GC(25) PSYoungGen: 2601120K(2663424K)->66944K(2674176K) Eden: 2534400K(2534400K)->0K(2548736K) From: 66720K(129024K)->66944K(125440K)
[58.728s][info][gc,heap     ] GC(25) ParOldGen: 69783K(5592576K)->69783K(5592576K)
[58.728s][info][gc,metaspace] GC(25) Metaspace: 829K(960K)->829K(960K) NonClass: 775K(832K)->775K(832K) Class: 53K(128K)->53K(128K)
[58.728s][info][gc          ] GC(25) Pause Young (Allocation Failure) 2608M->133M(8073M) 7.812ms
[58.728s][info][gc,cpu      ] GC(25) User=0.10s Sys=0.00s Real=0.01s
[61.140s][info][gc,start    ] GC(26) Pause Young (Allocation Failure)
[61.153s][info][gc,heap     ] GC(26) PSYoungGen: 2615680K(2674176K)->66848K(2670592K) Eden: 2548736K(2548736K)->0K(2548736K) From: 66944K(125440K)->66848K(121856K)
[61.153s][info][gc,heap     ] GC(26) ParOldGen: 69783K(5592576K)->69783K(5592576K)
[61.153s][info][gc,metaspace] GC(26) Metaspace: 829K(960K)->829K(960K) NonClass: 775K(832K)->775K(832K) Class: 53K(128K)->53K(128K)
[61.153s][info][gc          ] GC(26) Pause Young (Allocation Failure) 2622M->133M(8069M) 12.965ms
[61.153s][info][gc,cpu      ] GC(26) User=0.10s Sys=0.05s Real=0.02s
[63.560s][info][gc,start    ] GC(27) Pause Young (Allocation Failure)
[63.568s][info][gc,heap     ] GC(27) PSYoungGen: 2615584K(2670592K)->66816K(2680832K) Eden: 2548736K(2548736K)->0K(2562560K) From: 66848K(121856K)->66816K(118272K)
[63.568s][info][gc,heap     ] GC(27) ParOldGen: 69783K(5592576K)->69791K(5592576K)
[63.568s][info][gc,metaspace] GC(27) Metaspace: 829K(960K)->829K(960K) NonClass: 775K(832K)->775K(832K) Class: 53K(128K)->53K(128K)
[63.568s][info][gc          ] GC(27) Pause Young (Allocation Failure) 2622M->133M(8079M) 7.874ms
[63.568s][info][gc,cpu      ] GC(27) User=0.10s Sys=0.00s Real=0.01s
[65.988s][info][gc,start    ] GC(28) Pause Young (Allocation Failure)
[66.002s][info][gc,heap     ] GC(28) PSYoungGen: 2629376K(2680832K)->68416K(2677760K) Eden: 2562560K(2562560K)->0K(2562560K) From: 66816K(118272K)->68416K(115200K)
[66.002s][info][gc,heap     ] GC(28) ParOldGen: 69791K(5592576K)->69847K(5592576K)
[66.002s][info][gc,metaspace] GC(28) Metaspace: 829K(960K)->829K(960K) NonClass: 775K(832K)->775K(832K) Class: 53K(128K)->53K(128K)
[66.002s][info][gc          ] GC(28) Pause Young (Allocation Failure) 2635M->135M(8076M) 13.376ms
[66.002s][info][gc,cpu      ] GC(28) User=0.10s Sys=0.04s Real=0.01s
[68.410s][info][gc,start    ] GC(29) Pause Young (Allocation Failure)
[68.418s][info][gc,heap     ] GC(29) PSYoungGen: 2630976K(2677760K)->66976K(2687488K) Eden: 2562560K(2562560K)->0K(2575872K) From: 68416K(115200K)->66976K(111616K)
[68.418s][info][gc,heap     ] GC(29) ParOldGen: 69847K(5592576K)->71463K(5592576K)
[68.418s][info][gc,metaspace] GC(29) Metaspace: 829K(960K)->829K(960K) NonClass: 775K(832K)->775K(832K) Class: 53K(128K)->53K(128K)
[68.418s][info][gc          ] GC(29) Pause Young (Allocation Failure) 2637M->135M(8086M) 8.339ms
[68.418s][info][gc,cpu      ] GC(29) User=0.10s Sys=0.00s Real=0.01s
[70.859s][info][gc,start    ] GC(30) Pause Young (Allocation Failure)
[70.867s][info][gc,heap     ] GC(30) PSYoungGen: 2642848K(2687488K)->66784K(2684416K) Eden: 2575872K(2575872K)->0K(2575872K) From: 66976K(111616K)->66784K(108544K)
[70.867s][info][gc,heap     ] GC(30) ParOldGen: 71463K(5592576K)->71463K(5592576K)
[70.867s][info][gc,metaspace] GC(30) Metaspace: 829K(960K)->829K(960K) NonClass: 775K(832K)->775K(832K) Class: 53K(128K)->53K(128K)
[70.867s][info][gc          ] GC(30) Pause Young (Allocation Failure) 2650M->135M(8083M) 8.129ms
[70.867s][info][gc,cpu      ] GC(30) User=0.10s Sys=0.00s Real=0.01s
[73.309s][info][gc,start    ] GC(31) Pause Young (Allocation Failure)
[73.317s][info][gc,heap     ] GC(31) PSYoungGen: 2642656K(2684416K)->66784K(2692608K) Eden: 2575872K(2575872K)->0K(2586624K) From: 66784K(108544K)->66784K(105984K)
[73.317s][info][gc,heap     ] GC(31) ParOldGen: 71463K(5592576K)->71463K(5592576K)
[73.317s][info][gc,metaspace] GC(31) Metaspace: 829K(960K)->829K(960K) NonClass: 775K(832K)->775K(832K) Class: 53K(128K)->53K(128K)
[73.317s][info][gc          ] GC(31) Pause Young (Allocation Failure) 2650M->135M(8091M) 7.956ms
[73.317s][info][gc,cpu      ] GC(31) User=0.09s Sys=0.00s Real=0.01s
[75.759s][info][gc,start    ] GC(32) Pause Young (Allocation Failure)
[75.767s][info][gc,heap     ] GC(32) PSYoungGen: 2653408K(2692608K)->66688K(2690048K) Eden: 2586624K(2586624K)->0K(2586624K) From: 66784K(105984K)->66688K(103424K)
[75.767s][info][gc,heap     ] GC(32) ParOldGen: 71463K(5592576K)->71463K(5592576K)
[75.767s][info][gc,metaspace] GC(32) Metaspace: 829K(960K)->829K(960K) NonClass: 775K(832K)->775K(832K) Class: 53K(128K)->53K(128K)
[75.767s][info][gc          ] GC(32) Pause Young (Allocation Failure) 2661M->134M(8088M) 7.851ms
[75.767s][info][gc,cpu      ] GC(32) User=0.10s Sys=0.00s Real=0.01s
[78.209s][info][gc,start    ] GC(33) Pause Young (Allocation Failure)
[78.216s][info][gc,heap     ] GC(33) PSYoungGen: 2653312K(2690048K)->66816K(2697728K) Eden: 2586624K(2586624K)->0K(2596864K) From: 66688K(103424K)->66816K(100864K)
[78.216s][info][gc,heap     ] GC(33) ParOldGen: 71463K(5592576K)->71463K(5592576K)
[78.216s][info][gc,metaspace] GC(33) Metaspace: 829K(960K)->829K(960K) NonClass: 775K(832K)->775K(832K) Class: 53K(128K)->53K(128K)
[78.216s][info][gc          ] GC(33) Pause Young (Allocation Failure) 2660M->135M(8096M) 7.634ms
[78.216s][info][gc,cpu      ] GC(33) User=0.10s Sys=0.00s Real=0.01s
[80.669s][info][gc,start    ] GC(34) Pause Young (Allocation Failure)
[80.677s][info][gc,heap     ] GC(34) PSYoungGen: 2663680K(2697728K)->66624K(2695168K) Eden: 2596864K(2596864K)->0K(2596864K) From: 66816K(100864K)->66624K(98304K)
[80.677s][info][gc,heap     ] GC(34) ParOldGen: 71463K(5592576K)->71463K(5592576K)
[80.677s][info][gc,metaspace] GC(34) Metaspace: 829K(960K)->829K(960K) NonClass: 775K(832K)->775K(832K) Class: 53K(128K)->53K(128K)
[80.677s][info][gc          ] GC(34) Pause Young (Allocation Failure) 2671M->134M(8093M) 8.154ms
[80.677s][info][gc,cpu      ] GC(34) User=0.10s Sys=0.01s Real=0.01s
[83.130s][info][gc,start    ] GC(35) Pause Young (Allocation Failure)
[83.138s][info][gc,heap     ] GC(35) PSYoungGen: 2663488K(2695168K)->66720K(2701824K) Eden: 2596864K(2596864K)->0K(2605568K) From: 66624K(98304K)->66720K(96256K)
[83.139s][info][gc,heap     ] GC(35) ParOldGen: 71463K(5592576K)->71463K(5592576K)
[83.139s][info][gc,metaspace] GC(35) Metaspace: 829K(960K)->829K(960K) NonClass: 775K(832K)->775K(832K) Class: 53K(128K)->53K(128K)
[83.139s][info][gc          ] GC(35) Pause Young (Allocation Failure) 2670M->134M(8100M) 8.106ms
[83.139s][info][gc,cpu      ] GC(35) User=0.10s Sys=0.00s Real=0.01s
[85.600s][info][gc,start    ] GC(36) Pause Young (Allocation Failure)
[85.608s][info][gc,heap     ] GC(36) PSYoungGen: 2672288K(2701824K)->66656K(2699776K) Eden: 2605568K(2605568K)->0K(2605568K) From: 66720K(96256K)->66656K(94208K)
[85.608s][info][gc,heap     ] GC(36) ParOldGen: 71463K(5592576K)->71463K(5592576K)
[85.608s][info][gc,metaspace] GC(36) Metaspace: 829K(960K)->829K(960K) NonClass: 775K(832K)->775K(832K) Class: 53K(128K)->53K(128K)
[85.608s][info][gc          ] GC(36) Pause Young (Allocation Failure) 2679M->134M(8098M) 7.720ms
[85.608s][info][gc,cpu      ] GC(36) User=0.10s Sys=0.00s Real=0.01s
[88.069s][info][gc,start    ] GC(37) Pause Young (Allocation Failure)
[88.077s][info][gc,heap     ] GC(37) PSYoungGen: 2672224K(2699776K)->66816K(2705920K) Eden: 2605568K(2605568K)->0K(2613760K) From: 66656K(94208K)->66816K(92160K)
[88.077s][info][gc,heap     ] GC(37) ParOldGen: 71463K(5592576K)->71463K(5592576K)
[88.077s][info][gc,metaspace] GC(37) Metaspace: 829K(960K)->829K(960K) NonClass: 775K(832K)->775K(832K) Class: 53K(128K)->53K(128K)
[88.077s][info][gc          ] GC(37) Pause Young (Allocation Failure) 2679M->135M(8104M) 8.046ms
[88.077s][info][gc,cpu      ] GC(37) User=0.09s Sys=0.00s Real=0.01s
[90.540s][info][gc,start    ] GC(38) Pause Young (Allocation Failure)
[90.547s][info][gc,heap     ] GC(38) PSYoungGen: 2680576K(2705920K)->66784K(2703872K) Eden: 2613760K(2613760K)->0K(2613760K) From: 66816K(92160K)->66784K(90112K)
[90.547s][info][gc,heap     ] GC(38) ParOldGen: 71463K(5592576K)->71463K(5592576K)
[90.547s][info][gc,metaspace] GC(38) Metaspace: 829K(960K)->829K(960K) NonClass: 775K(832K)->775K(832K) Class: 53K(128K)->53K(128K)
[90.547s][info][gc          ] GC(38) Pause Young (Allocation Failure) 2687M->135M(8102M) 7.707ms
[90.547s][info][gc,cpu      ] GC(38) User=0.10s Sys=0.00s Real=0.01s
[93.020s][info][gc,start    ] GC(39) Pause Young (Allocation Failure)
[93.027s][info][gc,heap     ] GC(39) PSYoungGen: 2680544K(2703872K)->66560K(2708992K) Eden: 2613760K(2613760K)->0K(2620416K) From: 66784K(90112K)->66560K(88576K)
[93.027s][info][gc,heap     ] GC(39) ParOldGen: 71463K(5592576K)->71463K(5592576K)
[93.027s][info][gc,metaspace] GC(39) Metaspace: 829K(960K)->829K(960K) NonClass: 775K(832K)->775K(832K) Class: 53K(128K)->53K(128K)
[93.027s][info][gc          ] GC(39) Pause Young (Allocation Failure) 2687M->134M(8107M) 7.809ms
[93.027s][info][gc,cpu      ] GC(39) User=0.10s Sys=0.00s Real=0.01s
[95.510s][info][gc,start    ] GC(40) Pause Young (Allocation Failure)
[95.517s][info][gc,heap     ] GC(40) PSYoungGen: 2686976K(2708992K)->66656K(2707456K) Eden: 2620416K(2620416K)->0K(2620416K) From: 66560K(88576K)->66656K(87040K)
[95.517s][info][gc,heap     ] GC(40) ParOldGen: 71463K(5592576K)->71463K(5592576K)
[95.517s][info][gc,metaspace] GC(40) Metaspace: 829K(960K)->829K(960K) NonClass: 775K(832K)->775K(832K) Class: 53K(128K)->53K(128K)
[95.517s][info][gc          ] GC(40) Pause Young (Allocation Failure) 2693M->134M(8105M) 7.743ms
[95.517s][info][gc,cpu      ] GC(40) User=0.10s Sys=0.00s Real=0.01s
[98.000s][info][gc,start    ] GC(41) Pause Young (Allocation Failure)
[98.008s][info][gc,heap     ] GC(41) PSYoungGen: 2687072K(2707456K)->66528K(2712064K) Eden: 2620416K(2620416K)->0K(2626560K) From: 66656K(87040K)->66528K(85504K)
[98.008s][info][gc,heap     ] GC(41) ParOldGen: 71463K(5592576K)->71463K(5592576K)
[98.008s][info][gc,metaspace] GC(41) Metaspace: 829K(960K)->829K(960K) NonClass: 775K(832K)->775K(832K) Class: 53K(128K)->53K(128K)
[98.008s][info][gc          ] GC(41) Pause Young (Allocation Failure) 2693M->134M(8110M) 7.874ms
[98.008s][info][gc,cpu      ] GC(41) User=0.09s Sys=0.00s Real=0.01s
[100.498s][info][gc,start    ] GC(42) Pause Young (Allocation Failure)
[100.506s][info][gc,heap     ] GC(42) PSYoungGen: 2693088K(2712064K)->66656K(2710528K) Eden: 2626560K(2626560K)->0K(2626560K) From: 66528K(85504K)->66656K(83968K)
[100.506s][info][gc,heap     ] GC(42) ParOldGen: 71463K(5592576K)->71463K(5592576K)
[100.506s][info][gc,metaspace] GC(42) Metaspace: 829K(960K)->829K(960K) NonClass: 775K(832K)->775K(832K) Class: 53K(128K)->53K(128K)
[100.506s][info][gc          ] GC(42) Pause Young (Allocation Failure) 2699M->134M(8108M) 7.617ms
[100.506s][info][gc,cpu      ] GC(42) User=0.10s Sys=0.01s Real=0.01s
[102.989s][info][gc,start    ] GC(43) Pause Young (Allocation Failure)
[102.996s][info][gc,heap     ] GC(43) PSYoungGen: 2693216K(2710528K)->66688K(2714624K) Eden: 2626560K(2626560K)->0K(2631680K) From: 66656K(83968K)->66688K(82944K)
[102.997s][info][gc,heap     ] GC(43) ParOldGen: 71463K(5592576K)->71463K(5592576K)
[102.997s][info][gc,metaspace] GC(43) Metaspace: 829K(960K)->829K(960K) NonClass: 775K(832K)->775K(832K) Class: 53K(128K)->53K(128K)
[102.997s][info][gc          ] GC(43) Pause Young (Allocation Failure) 2699M->134M(8112M) 7.860ms
[102.997s][info][gc,cpu      ] GC(43) User=0.10s Sys=0.00s Real=0.01s
[105.479s][info][gc,start    ] GC(44) Pause Young (Allocation Failure)
[105.487s][info][gc,heap     ] GC(44) PSYoungGen: 2698368K(2714624K)->66784K(2713088K) Eden: 2631680K(2631680K)->0K(2631680K) From: 66688K(82944K)->66784K(81408K)
[105.487s][info][gc,heap     ] GC(44) ParOldGen: 71463K(5592576K)->71463K(5592576K)
[105.487s][info][gc,metaspace] GC(44) Metaspace: 829K(960K)->829K(960K) NonClass: 775K(832K)->775K(832K) Class: 53K(128K)->53K(128K)
[105.487s][info][gc          ] GC(44) Pause Young (Allocation Failure) 2704M->135M(8111M) 7.927ms
[105.487s][info][gc,cpu      ] GC(44) User=0.09s Sys=0.00s Real=0.01s
[107.979s][info][gc,start    ] GC(45) Pause Young (Allocation Failure)
[107.987s][info][gc,heap     ] GC(45) PSYoungGen: 2698464K(2713088K)->66784K(2716672K) Eden: 2631680K(2631680K)->0K(2636288K) From: 66784K(81408K)->66784K(80384K)
[107.987s][info][gc,heap     ] GC(45) ParOldGen: 71463K(5592576K)->71463K(5592576K)
[107.987s][info][gc,metaspace] GC(45) Metaspace: 829K(960K)->829K(960K) NonClass: 775K(832K)->775K(832K) Class: 53K(128K)->53K(128K)
[107.987s][info][gc          ] GC(45) Pause Young (Allocation Failure) 2705M->135M(8114M) 8.262ms
[107.987s][info][gc,cpu      ] GC(45) User=0.10s Sys=0.00s Real=0.01s
[110.478s][info][gc,start    ] GC(46) Pause Young (Allocation Failure)
[110.486s][info][gc,heap     ] GC(46) PSYoungGen: 2703072K(2716672K)->66816K(2715648K) Eden: 2636288K(2636288K)->0K(2636288K) From: 66784K(80384K)->66816K(79360K)
[110.486s][info][gc,heap     ] GC(46) ParOldGen: 71463K(5592576K)->71463K(5592576K)
[110.486s][info][gc,metaspace] GC(46) Metaspace: 829K(960K)->829K(960K) NonClass: 775K(832K)->775K(832K) Class: 53K(128K)->53K(128K)
[110.486s][info][gc          ] GC(46) Pause Young (Allocation Failure) 2709M->135M(8113M) 7.968ms
[110.486s][info][gc,cpu      ] GC(46) User=0.10s Sys=0.00s Real=0.01s
[112.979s][info][gc,start    ] GC(47) Pause Young (Allocation Failure)
[112.987s][info][gc,heap     ] GC(47) PSYoungGen: 2703104K(2715648K)->66720K(2718720K) Eden: 2636288K(2636288K)->0K(2640384K) From: 66816K(79360K)->66720K(78336K)
[112.987s][info][gc,heap     ] GC(47) ParOldGen: 71463K(5592576K)->71463K(5592576K)
[112.987s][info][gc,metaspace] GC(47) Metaspace: 829K(960K)->829K(960K) NonClass: 775K(832K)->775K(832K) Class: 53K(128K)->53K(128K)
[112.987s][info][gc          ] GC(47) Pause Young (Allocation Failure) 2709M->134M(8116M) 7.805ms
[112.987s][info][gc,cpu      ] GC(47) User=0.10s Sys=0.00s Real=0.01s
[115.480s][info][gc,start    ] GC(48) Pause Young (Allocation Failure)
[115.488s][info][gc,heap     ] GC(48) PSYoungGen: 2707104K(2718720K)->66720K(2717696K) Eden: 2640384K(2640384K)->0K(2640384K) From: 66720K(78336K)->66720K(77312K)
[115.488s][info][gc,heap     ] GC(48) ParOldGen: 71463K(5592576K)->71463K(5592576K)
[115.488s][info][gc,metaspace] GC(48) Metaspace: 829K(960K)->829K(960K) NonClass: 775K(832K)->775K(832K) Class: 53K(128K)->53K(128K)
[115.488s][info][gc          ] GC(48) Pause Young (Allocation Failure) 2713M->134M(8115M) 7.677ms
[115.488s][info][gc,cpu      ] GC(48) User=0.10s Sys=0.01s Real=0.01s
[117.981s][info][gc,start    ] GC(49) Pause Young (Allocation Failure)
[117.989s][info][gc,heap     ] GC(49) PSYoungGen: 2707104K(2717696K)->66816K(2720256K) Eden: 2640384K(2640384K)->0K(2643456K) From: 66720K(77312K)->66816K(76800K)
[117.989s][info][gc,heap     ] GC(49) ParOldGen: 71463K(5592576K)->71463K(5592576K)
[117.989s][info][gc,metaspace] GC(49) Metaspace: 829K(960K)->829K(960K) NonClass: 775K(832K)->775K(832K) Class: 53K(128K)->53K(128K)
[117.989s][info][gc          ] GC(49) Pause Young (Allocation Failure) 2713M->135M(8118M) 7.617ms
[117.989s][info][gc,cpu      ] GC(49) User=0.09s Sys=0.00s Real=0.01s
[120.489s][info][gc,start    ] GC(50) Pause Young (Allocation Failure)
[120.499s][info][gc,heap     ] GC(50) PSYoungGen: 2710272K(2720256K)->66720K(2719232K) Eden: 2643456K(2643456K)->0K(2643456K) From: 66816K(76800K)->66720K(75776K)
[120.499s][info][gc,heap     ] GC(50) ParOldGen: 71463K(5592576K)->71463K(5592576K)
[120.499s][info][gc,metaspace] GC(50) Metaspace: 829K(960K)->829K(960K) NonClass: 775K(832K)->775K(832K) Class: 53K(128K)->53K(128K)
[120.499s][info][gc          ] GC(50) Pause Young (Allocation Failure) 2716M->134M(8117M) 9.313ms
[120.499s][info][gc,cpu      ] GC(50) User=0.11s Sys=0.00s Real=0.01s
[122.998s][info][gc,start    ] GC(51) Pause Young (Allocation Failure)
[123.006s][info][gc,heap     ] GC(51) PSYoungGen: 2710176K(2719232K)->66624K(2721792K) Eden: 2643456K(2643456K)->0K(2646528K) From: 66720K(75776K)->66624K(75264K)
[123.006s][info][gc,heap     ] GC(51) ParOldGen: 71463K(5592576K)->71471K(5592576K)
[123.006s][info][gc,metaspace] GC(51) Metaspace: 829K(960K)->829K(960K) NonClass: 775K(832K)->775K(832K) Class: 53K(128K)->53K(128K)
[123.007s][info][gc          ] GC(51) Pause Young (Allocation Failure) 2716M->134M(8119M) 8.120ms
[123.007s][info][gc,cpu      ] GC(51) User=0.10s Sys=0.00s Real=0.01s
[125.509s][info][gc,start    ] GC(52) Pause Young (Allocation Failure)
[125.519s][info][gc,heap     ] GC(52) PSYoungGen: 2713152K(2721792K)->68160K(2720768K) Eden: 2646528K(2646528K)->0K(2646528K) From: 66624K(75264K)->68160K(74240K)
[125.519s][info][gc,heap     ] GC(52) ParOldGen: 71471K(5592576K)->71543K(5592576K)
[125.519s][info][gc,metaspace] GC(52) Metaspace: 829K(960K)->829K(960K) NonClass: 775K(832K)->775K(832K) Class: 53K(128K)->53K(128K)
[125.519s][info][gc          ] GC(52) Pause Young (Allocation Failure) 2719M->136M(8118M) 9.646ms
[125.519s][info][gc,cpu      ] GC(52) User=0.11s Sys=0.01s Real=0.01s
[128.019s][info][gc,start    ] GC(53) Pause Young (Allocation Failure)
[128.027s][info][gc,heap     ] GC(53) PSYoungGen: 2714688K(2720768K)->66816K(2722304K) Eden: 2646528K(2646528K)->0K(2648064K) From: 68160K(74240K)->66816K(74240K)
[128.027s][info][gc,heap     ] GC(53) ParOldGen: 71543K(5592576K)->72975K(5592576K)
[128.027s][info][gc,metaspace] GC(53) Metaspace: 829K(960K)->829K(960K) NonClass: 775K(832K)->775K(832K) Class: 53K(128K)->53K(128K)
[128.027s][info][gc          ] GC(53) Pause Young (Allocation Failure) 2720M->136M(8120M) 8.288ms
[128.027s][info][gc,cpu      ] GC(53) User=0.10s Sys=0.01s Real=0.01s
[130.531s][info][gc,start    ] GC(54) Pause Young (Allocation Failure)
[130.539s][info][gc,heap     ] GC(54) PSYoungGen: 2714880K(2722304K)->66816K(2721792K) Eden: 2648064K(2648064K)->0K(2648064K) From: 66816K(74240K)->66816K(73728K)
[130.539s][info][gc,heap     ] GC(54) ParOldGen: 72975K(5592576K)->72975K(5592576K)
[130.539s][info][gc,metaspace] GC(54) Metaspace: 829K(960K)->829K(960K) NonClass: 775K(832K)->775K(832K) Class: 53K(128K)->53K(128K)
[130.539s][info][gc          ] GC(54) Pause Young (Allocation Failure) 2722M->136M(8119M) 7.787ms
[130.539s][info][gc,cpu      ] GC(54) User=0.10s Sys=0.00s Real=0.01s
[133.050s][info][gc,start    ] GC(55) Pause Young (Allocation Failure)
[133.058s][info][gc,heap     ] GC(55) PSYoungGen: 2714880K(2721792K)->66880K(2723328K) Eden: 2648064K(2648064K)->0K(2650112K) From: 66816K(73728K)->66880K(73216K)
[133.058s][info][gc,heap     ] GC(55) ParOldGen: 72975K(5592576K)->72975K(5592576K)
[133.058s][info][gc,metaspace] GC(55) Metaspace: 829K(960K)->829K(960K) NonClass: 775K(832K)->775K(832K) Class: 53K(128K)->53K(128K)
[133.058s][info][gc          ] GC(55) Pause Young (Allocation Failure) 2722M->136M(8121M) 8.158ms
[133.058s][info][gc,cpu      ] GC(55) User=0.10s Sys=0.00s Real=0.01s
[135.559s][info][gc,start    ] GC(56) Pause Young (Allocation Failure)
[135.567s][info][gc,heap     ] GC(56) PSYoungGen: 2716992K(2723328K)->66880K(2722816K) Eden: 2650112K(2650112K)->0K(2650112K) From: 66880K(73216K)->66880K(72704K)
[135.567s][info][gc,heap     ] GC(56) ParOldGen: 72975K(5592576K)->72975K(5592576K)
[135.567s][info][gc,metaspace] GC(56) Metaspace: 829K(960K)->829K(960K) NonClass: 775K(832K)->775K(832K) Class: 53K(128K)->53K(128K)
[135.567s][info][gc          ] GC(56) Pause Young (Allocation Failure) 2724M->136M(8120M) 7.845ms
[135.567s][info][gc,cpu      ] GC(56) User=0.10s Sys=0.00s Real=0.01s
[138.070s][info][gc,start    ] GC(57) Pause Young (Allocation Failure)
[138.077s][info][gc,heap     ] GC(57) PSYoungGen: 2716992K(2722816K)->66816K(2724352K) Eden: 2650112K(2650112K)->0K(2652160K) From: 66880K(72704K)->66816K(72192K)
[138.077s][info][gc,heap     ] GC(57) ParOldGen: 72975K(5592576K)->72975K(5592576K)
[138.077s][info][gc,metaspace] GC(57) Metaspace: 829K(960K)->829K(960K) NonClass: 775K(832K)->775K(832K) Class: 53K(128K)->53K(128K)
[138.077s][info][gc          ] GC(57) Pause Young (Allocation Failure) 2724M->136M(8122M) 7.882ms
[138.077s][info][gc,cpu      ] GC(57) User=0.10s Sys=0.01s Real=0.01s
[140.580s][info][gc,start    ] GC(58) Pause Young (Allocation Failure)
[140.587s][info][gc,heap     ] GC(58) PSYoungGen: 2718976K(2724352K)->66944K(2723840K) Eden: 2652160K(2652160K)->0K(2652160K) From: 66816K(72192K)->66944K(71680K)
[140.588s][info][gc,heap     ] GC(58) ParOldGen: 72975K(5592576K)->72975K(5592576K)
[140.588s][info][gc,metaspace] GC(58) Metaspace: 829K(960K)->829K(960K) NonClass: 775K(832K)->775K(832K) Class: 53K(128K)->53K(128K)
[140.588s][info][gc          ] GC(58) Pause Young (Allocation Failure) 2726M->136M(8121M) 7.885ms
[140.588s][info][gc,cpu      ] GC(58) User=0.10s Sys=0.00s Real=0.01s
[143.101s][info][gc,start    ] GC(59) Pause Young (Allocation Failure)
[143.109s][info][gc,heap     ] GC(59) PSYoungGen: 2719104K(2723840K)->66816K(2724864K) Eden: 2652160K(2652160K)->0K(2653696K) From: 66944K(71680K)->66816K(71168K)
[143.109s][info][gc,heap     ] GC(59) ParOldGen: 72975K(5592576K)->72975K(5592576K)
[143.109s][info][gc,metaspace] GC(59) Metaspace: 829K(960K)->829K(960K) NonClass: 775K(832K)->775K(832K) Class: 53K(128K)->53K(128K)
[143.109s][info][gc          ] GC(59) Pause Young (Allocation Failure) 2726M->136M(8122M) 7.722ms
[143.109s][info][gc,cpu      ] GC(59) User=0.10s Sys=0.00s Real=0.01s
[145.621s][info][gc,start    ] GC(60) Pause Young (Allocation Failure)
[145.629s][info][gc,heap     ] GC(60) PSYoungGen: 2720512K(2724864K)->66688K(2724864K) Eden: 2653696K(2653696K)->0K(2653696K) From: 66816K(71168K)->66688K(71168K)
[145.629s][info][gc,heap     ] GC(60) ParOldGen: 72975K(5592576K)->72975K(5592576K)
[145.629s][info][gc,metaspace] GC(60) Metaspace: 829K(960K)->829K(960K) NonClass: 775K(832K)->775K(832K) Class: 53K(128K)->53K(128K)
[145.629s][info][gc          ] GC(60) Pause Young (Allocation Failure) 2728M->136M(8122M) 7.643ms
[145.629s][info][gc,cpu      ] GC(60) User=0.09s Sys=0.00s Real=0.01s
[148.140s][info][gc,start    ] GC(61) Pause Young (Allocation Failure)
[148.148s][info][gc,heap     ] GC(61) PSYoungGen: 2720384K(2724864K)->66720K(2725888K) Eden: 2653696K(2653696K)->0K(2655232K) From: 66688K(71168K)->66720K(70656K)
[148.148s][info][gc,heap     ] GC(61) ParOldGen: 72975K(5592576K)->72975K(5592576K)
[148.148s][info][gc,metaspace] GC(61) Metaspace: 829K(960K)->829K(960K) NonClass: 775K(832K)->775K(832K) Class: 53K(128K)->53K(128K)
[148.148s][info][gc          ] GC(61) Pause Young (Allocation Failure) 2727M->136M(8123M) 8.180ms
[148.148s][info][gc,cpu      ] GC(61) User=0.10s Sys=0.00s Real=0.01s
[150.650s][info][gc,start    ] GC(62) Pause Young (Allocation Failure)
[150.658s][info][gc,heap     ] GC(62) PSYoungGen: 2721952K(2725888K)->66656K(2725376K) Eden: 2655232K(2655232K)->0K(2655232K) From: 66720K(70656K)->66656K(70144K)
[150.658s][info][gc,heap     ] GC(62) ParOldGen: 72975K(5592576K)->72975K(5592576K)
[150.658s][info][gc,metaspace] GC(62) Metaspace: 829K(960K)->829K(960K) NonClass: 775K(832K)->775K(832K) Class: 53K(128K)->53K(128K)
[150.658s][info][gc          ] GC(62) Pause Young (Allocation Failure) 2729M->136M(8123M) 7.996ms
[150.658s][info][gc,cpu      ] GC(62) User=0.10s Sys=0.00s Real=0.01s
[153.170s][info][gc,start    ] GC(63) Pause Young (Allocation Failure)
[153.177s][info][gc,heap     ] GC(63) PSYoungGen: 2721888K(2725376K)->66720K(2726400K) Eden: 2655232K(2655232K)->0K(2656256K) From: 66656K(70144K)->66720K(70144K)
[153.177s][info][gc,heap     ] GC(63) ParOldGen: 72975K(5592576K)->72975K(5592576K)
[153.177s][info][gc,metaspace] GC(63) Metaspace: 829K(960K)->829K(960K) NonClass: 775K(832K)->775K(832K) Class: 53K(128K)->53K(128K)
[153.177s][info][gc          ] GC(63) Pause Young (Allocation Failure) 2729M->136M(8124M) 7.861ms
[153.177s][info][gc,cpu      ] GC(63) User=0.09s Sys=0.00s Real=0.01s
[155.691s][info][gc,start    ] GC(64) Pause Young (Allocation Failure)
[155.698s][info][gc,heap     ] GC(64) PSYoungGen: 2722976K(2726400K)->66656K(2725888K) Eden: 2656256K(2656256K)->0K(2656256K) From: 66720K(70144K)->66656K(69632K)
[155.698s][info][gc,heap     ] GC(64) ParOldGen: 72975K(5592576K)->72975K(5592576K)
[155.698s][info][gc,metaspace] GC(64) Metaspace: 829K(960K)->829K(960K) NonClass: 775K(832K)->775K(832K) Class: 53K(128K)->53K(128K)
[155.698s][info][gc          ] GC(64) Pause Young (Allocation Failure) 2730M->136M(8123M) 7.662ms
[155.698s][info][gc,cpu      ] GC(64) User=0.10s Sys=0.00s Real=0.01s
[158.211s][info][gc,start    ] GC(65) Pause Young (Allocation Failure)
[158.219s][info][gc,heap     ] GC(65) PSYoungGen: 2722912K(2725888K)->66816K(2726400K) Eden: 2656256K(2656256K)->0K(2656768K) From: 66656K(69632K)->66816K(69632K)
[158.219s][info][gc,heap     ] GC(65) ParOldGen: 72975K(5592576K)->72975K(5592576K)
[158.219s][info][gc,metaspace] GC(65) Metaspace: 829K(960K)->829K(960K) NonClass: 775K(832K)->775K(832K) Class: 53K(128K)->53K(128K)
[158.219s][info][gc          ] GC(65) Pause Young (Allocation Failure) 2730M->136M(8124M) 7.694ms
[158.219s][info][gc,cpu      ] GC(65) User=0.10s Sys=0.00s Real=0.01s
[160.729s][info][gc,start    ] GC(66) Pause Young (Allocation Failure)
[160.737s][info][gc,heap     ] GC(66) PSYoungGen: 2723584K(2726400K)->66880K(2726400K) Eden: 2656768K(2656768K)->0K(2656768K) From: 66816K(69632K)->66880K(69632K)
[160.737s][info][gc,heap     ] GC(66) ParOldGen: 72975K(5592576K)->72975K(5592576K)
[160.737s][info][gc,metaspace] GC(66) Metaspace: 829K(960K)->829K(960K) NonClass: 775K(832K)->775K(832K) Class: 53K(128K)->53K(128K)
[160.737s][info][gc          ] GC(66) Pause Young (Allocation Failure) 2731M->136M(8124M) 7.903ms
[160.737s][info][gc,cpu      ] GC(66) User=0.10s Sys=0.00s Real=0.01s
[163.248s][info][gc,start    ] GC(67) Pause Young (Allocation Failure)
[163.256s][info][gc,heap     ] GC(67) PSYoungGen: 2723648K(2726400K)->66752K(2726912K) Eden: 2656768K(2656768K)->0K(2657792K) From: 66880K(69632K)->66752K(69120K)
[163.256s][info][gc,heap     ] GC(67) ParOldGen: 72975K(5592576K)->72975K(5592576K)
[163.256s][info][gc,metaspace] GC(67) Metaspace: 829K(960K)->829K(960K) NonClass: 775K(832K)->775K(832K) Class: 53K(128K)->53K(128K)
[163.256s][info][gc          ] GC(67) Pause Young (Allocation Failure) 2731M->136M(8124M) 8.020ms
[163.256s][info][gc,cpu      ] GC(67) User=0.10s Sys=0.00s Real=0.01s
[165.769s][info][gc,start    ] GC(68) Pause Young (Allocation Failure)
[165.776s][info][gc,heap     ] GC(68) PSYoungGen: 2724544K(2726912K)->66592K(2726912K) Eden: 2657792K(2657792K)->0K(2657792K) From: 66752K(69120K)->66592K(69120K)
[165.776s][info][gc,heap     ] GC(68) ParOldGen: 72975K(5592576K)->72975K(5592576K)
[165.776s][info][gc,metaspace] GC(68) Metaspace: 829K(960K)->829K(960K) NonClass: 775K(832K)->775K(832K) Class: 53K(128K)->53K(128K)
[165.776s][info][gc          ] GC(68) Pause Young (Allocation Failure) 2731M->136M(8124M) 7.464ms
[165.776s][info][gc,cpu      ] GC(68) User=0.09s Sys=0.00s Real=0.01s
[168.290s][info][gc,start    ] GC(69) Pause Young (Allocation Failure)
[168.298s][info][gc,heap     ] GC(69) PSYoungGen: 2724384K(2726912K)->66688K(2727424K) Eden: 2657792K(2657792K)->0K(2658304K) From: 66592K(69120K)->66688K(69120K)
[168.298s][info][gc,heap     ] GC(69) ParOldGen: 72975K(5592576K)->72975K(5592576K)
[168.298s][info][gc,metaspace] GC(69) Metaspace: 829K(960K)->829K(960K) NonClass: 775K(832K)->775K(832K) Class: 53K(128K)->53K(128K)
[168.298s][info][gc          ] GC(69) Pause Young (Allocation Failure) 2731M->136M(8125M) 7.576ms
[168.298s][info][gc,cpu      ] GC(69) User=0.09s Sys=0.00s Real=0.01s
[170.819s][info][gc,start    ] GC(70) Pause Young (Allocation Failure)
[170.827s][info][gc,heap     ] GC(70) PSYoungGen: 2724992K(2727424K)->66880K(2726912K) Eden: 2658304K(2658304K)->0K(2658304K) From: 66688K(69120K)->66880K(68608K)
[170.827s][info][gc,heap     ] GC(70) ParOldGen: 72975K(5592576K)->72975K(5592576K)
[170.827s][info][gc,metaspace] GC(70) Metaspace: 829K(960K)->829K(960K) NonClass: 775K(832K)->775K(832K) Class: 53K(128K)->53K(128K)
[170.827s][info][gc          ] GC(70) Pause Young (Allocation Failure) 2732M->136M(8124M) 8.130ms
[170.827s][info][gc,cpu      ] GC(70) User=0.10s Sys=0.00s Real=0.01s
[173.339s][info][gc,start    ] GC(71) Pause Young (Allocation Failure)
[173.346s][info][gc,heap     ] GC(71) PSYoungGen: 2725184K(2726912K)->66720K(2727424K) Eden: 2658304K(2658304K)->0K(2658816K) From: 66880K(68608K)->66720K(68608K)
[173.346s][info][gc,heap     ] GC(71) ParOldGen: 72975K(5592576K)->72975K(5592576K)
[173.346s][info][gc,metaspace] GC(71) Metaspace: 829K(960K)->829K(960K) NonClass: 775K(832K)->775K(832K) Class: 53K(128K)->53K(128K)
[173.346s][info][gc          ] GC(71) Pause Young (Allocation Failure) 2732M->136M(8125M) 7.863ms
[173.346s][info][gc,cpu      ] GC(71) User=0.09s Sys=0.00s Real=0.01s
[175.850s][info][gc,start    ] GC(72) Pause Young (Allocation Failure)
[175.857s][info][gc,heap     ] GC(72) PSYoungGen: 2725536K(2727424K)->66688K(2727424K) Eden: 2658816K(2658816K)->0K(2658816K) From: 66720K(68608K)->66688K(68608K)
[175.858s][info][gc,heap     ] GC(72) ParOldGen: 72975K(5592576K)->72975K(5592576K)
[175.858s][info][gc,metaspace] GC(72) Metaspace: 829K(960K)->829K(960K) NonClass: 775K(832K)->775K(832K) Class: 53K(128K)->53K(128K)
[175.858s][info][gc          ] GC(72) Pause Young (Allocation Failure) 2732M->136M(8125M) 7.664ms
[175.858s][info][gc,cpu      ] GC(72) User=0.09s Sys=0.00s Real=0.01s
[178.370s][info][gc,start    ] GC(73) Pause Young (Allocation Failure)
[178.378s][info][gc,heap     ] GC(73) PSYoungGen: 2725504K(2727424K)->66880K(2727936K) Eden: 2658816K(2658816K)->0K(2659840K) From: 66688K(68608K)->66880K(68096K)
[178.378s][info][gc,heap     ] GC(73) ParOldGen: 72975K(5592576K)->72975K(5592576K)
[178.378s][info][gc,metaspace] GC(73) Metaspace: 829K(960K)->829K(960K) NonClass: 775K(832K)->775K(832K) Class: 53K(128K)->53K(128K)
[178.378s][info][gc          ] GC(73) Pause Young (Allocation Failure) 2732M->136M(8125M) 8.038ms
[178.378s][info][gc,cpu      ] GC(73) User=0.10s Sys=0.00s Real=0.01s
[180.899s][info][gc,start    ] GC(74) Pause Young (Allocation Failure)
[180.909s][info][gc,heap     ] GC(74) PSYoungGen: 2726720K(2727936K)->66784K(2727936K) Eden: 2659840K(2659840K)->0K(2659840K) From: 66880K(68096K)->66784K(68096K)
[180.909s][info][gc,heap     ] GC(74) ParOldGen: 72975K(5592576K)->72975K(5592576K)
[180.909s][info][gc,metaspace] GC(74) Metaspace: 829K(960K)->829K(960K) NonClass: 775K(832K)->775K(832K) Class: 53K(128K)->53K(128K)
[180.909s][info][gc          ] GC(74) Pause Young (Allocation Failure) 2734M->136M(8125M) 9.241ms
[180.909s][info][gc,cpu      ] GC(74) User=0.10s Sys=0.00s Real=0.01s
[183.429s][info][gc,start    ] GC(75) Pause Young (Allocation Failure)
[183.437s][info][gc,heap     ] GC(75) PSYoungGen: 2726624K(2727936K)->66688K(2727936K) Eden: 2659840K(2659840K)->0K(2659840K) From: 66784K(68096K)->66688K(68096K)
[183.437s][info][gc,heap     ] GC(75) ParOldGen: 72975K(5592576K)->72975K(5592576K)
[183.437s][info][gc,metaspace] GC(75) Metaspace: 829K(960K)->829K(960K) NonClass: 775K(832K)->775K(832K) Class: 53K(128K)->53K(128K)
[183.437s][info][gc          ] GC(75) Pause Young (Allocation Failure) 2733M->136M(8125M) 8.108ms
[183.437s][info][gc,cpu      ] GC(75) User=0.10s Sys=0.00s Real=0.01s
[185.948s][info][gc,start    ] GC(76) Pause Young (Allocation Failure)
[185.959s][info][gc,heap     ] GC(76) PSYoungGen: 2726528K(2727936K)->67936K(2727936K) Eden: 2659840K(2659840K)->0K(2659840K) From: 66688K(68096K)->67936K(68096K)
[185.959s][info][gc,heap     ] GC(76) ParOldGen: 72975K(5592576K)->73007K(5592576K)
[185.959s][info][gc,metaspace] GC(76) Metaspace: 829K(960K)->829K(960K) NonClass: 775K(832K)->775K(832K) Class: 53K(128K)->53K(128K)
[185.959s][info][gc          ] GC(76) Pause Young (Allocation Failure) 2733M->137M(8125M) 10.347ms
[185.959s][info][gc,cpu      ] GC(76) User=0.12s Sys=0.00s Real=0.01s
[188.461s][info][gc,start    ] GC(77) Pause Young (Allocation Failure)
[188.469s][info][gc,heap     ] GC(77) PSYoungGen: 2727776K(2727936K)->66720K(2727936K) Eden: 2659840K(2659840K)->0K(2659840K) From: 67936K(68096K)->66720K(68096K)
[188.469s][info][gc,heap     ] GC(77) ParOldGen: 73007K(5592576K)->74423K(5592576K)
[188.469s][info][gc,metaspace] GC(77) Metaspace: 829K(960K)->829K(960K) NonClass: 775K(832K)->775K(832K) Class: 53K(128K)->53K(128K)
[188.469s][info][gc          ] GC(77) Pause Young (Allocation Failure) 2735M->137M(8125M) 8.283ms
[188.469s][info][gc,cpu      ] GC(77) User=0.10s Sys=0.01s Real=0.01s
[190.989s][info][gc,start    ] GC(78) Pause Young (Allocation Failure)
[190.997s][info][gc,heap     ] GC(78) PSYoungGen: 2726560K(2727936K)->66752K(2727936K) Eden: 2659840K(2659840K)->0K(2659840K) From: 66720K(68096K)->66752K(68096K)
[190.997s][info][gc,heap     ] GC(78) ParOldGen: 74423K(5592576K)->74423K(5592576K)
[190.997s][info][gc,metaspace] GC(78) Metaspace: 829K(960K)->829K(960K) NonClass: 775K(832K)->775K(832K) Class: 53K(128K)->53K(128K)
[190.997s][info][gc          ] GC(78) Pause Young (Allocation Failure) 2735M->137M(8125M) 7.666ms
[190.997s][info][gc,cpu      ] GC(78) User=0.10s Sys=0.00s Real=0.01s
[193.509s][info][gc,start    ] GC(79) Pause Young (Allocation Failure)
[193.517s][info][gc,heap     ] GC(79) PSYoungGen: 2726592K(2727936K)->66720K(2727936K) Eden: 2659840K(2659840K)->0K(2659840K) From: 66752K(68096K)->66720K(68096K)
[193.517s][info][gc,heap     ] GC(79) ParOldGen: 74423K(5592576K)->74423K(5592576K)
[193.517s][info][gc,metaspace] GC(79) Metaspace: 829K(960K)->829K(960K) NonClass: 775K(832K)->775K(832K) Class: 53K(128K)->53K(128K)
[193.517s][info][gc          ] GC(79) Pause Young (Allocation Failure) 2735M->137M(8125M) 7.998ms
[193.517s][info][gc,cpu      ] GC(79) User=0.10s Sys=0.00s Real=0.01s
[196.038s][info][gc,start    ] GC(80) Pause Young (Allocation Failure)
[196.046s][info][gc,heap     ] GC(80) PSYoungGen: 2726560K(2727936K)->66784K(2727936K) Eden: 2659840K(2659840K)->0K(2659840K) From: 66720K(68096K)->66784K(68096K)
[196.046s][info][gc,heap     ] GC(80) ParOldGen: 74423K(5592576K)->74423K(5592576K)
[196.046s][info][gc,metaspace] GC(80) Metaspace: 829K(960K)->829K(960K) NonClass: 775K(832K)->775K(832K) Class: 53K(128K)->53K(128K)
[196.046s][info][gc          ] GC(80) Pause Young (Allocation Failure) 2735M->137M(8125M) 7.603ms
[196.046s][info][gc,cpu      ] GC(80) User=0.09s Sys=0.00s Real=0.01s
[198.550s][info][gc,start    ] GC(81) Pause Young (Allocation Failure)
[198.558s][info][gc,heap     ] GC(81) PSYoungGen: 2726624K(2727936K)->66688K(2727936K) Eden: 2659840K(2659840K)->0K(2659840K) From: 66784K(68096K)->66688K(68096K)
[198.558s][info][gc,heap     ] GC(81) ParOldGen: 74423K(5592576K)->74423K(5592576K)
[198.558s][info][gc,metaspace] GC(81) Metaspace: 829K(960K)->829K(960K) NonClass: 775K(832K)->775K(832K) Class: 53K(128K)->53K(128K)
[198.558s][info][gc          ] GC(81) Pause Young (Allocation Failure) 2735M->137M(8125M) 7.821ms
[198.558s][info][gc,cpu      ] GC(81) User=0.10s Sys=0.00s Real=0.01s
[201.071s][info][gc,start    ] GC(82) Pause Young (Allocation Failure)
[201.078s][info][gc,heap     ] GC(82) PSYoungGen: 2726528K(2727936K)->66784K(2727936K) Eden: 2659840K(2659840K)->0K(2659840K) From: 66688K(68096K)->66784K(68096K)
[201.078s][info][gc,heap     ] GC(82) ParOldGen: 74423K(5592576K)->74423K(5592576K)
[201.078s][info][gc,metaspace] GC(82) Metaspace: 829K(960K)->829K(960K) NonClass: 775K(832K)->775K(832K) Class: 53K(128K)->53K(128K)
[201.078s][info][gc          ] GC(82) Pause Young (Allocation Failure) 2735M->137M(8125M) 7.576ms
[201.078s][info][gc,cpu      ] GC(82) User=0.09s Sys=0.00s Real=0.00s
[203.599s][info][gc,start    ] GC(83) Pause Young (Allocation Failure)
[203.607s][info][gc,heap     ] GC(83) PSYoungGen: 2726624K(2727936K)->66784K(2728448K) Eden: 2659840K(2659840K)->0K(2660352K) From: 66784K(68096K)->66784K(68096K)
[203.607s][info][gc,heap     ] GC(83) ParOldGen: 74423K(5592576K)->74423K(5592576K)
[203.607s][info][gc,metaspace] GC(83) Metaspace: 829K(960K)->829K(960K) NonClass: 775K(832K)->775K(832K) Class: 53K(128K)->53K(128K)
[203.607s][info][gc          ] GC(83) Pause Young (Allocation Failure) 2735M->137M(8126M) 7.868ms
[203.607s][info][gc,cpu      ] GC(83) User=0.09s Sys=0.00s Real=0.01s
[206.121s][info][gc,start    ] GC(84) Pause Young (Allocation Failure)
[206.129s][info][gc,heap     ] GC(84) PSYoungGen: 2727136K(2728448K)->66784K(2727936K) Eden: 2660352K(2660352K)->0K(2660352K) From: 66784K(68096K)->66784K(67584K)
[206.129s][info][gc,heap     ] GC(84) ParOldGen: 74423K(5592576K)->74423K(5592576K)
[206.129s][info][gc,metaspace] GC(84) Metaspace: 829K(960K)->829K(960K) NonClass: 775K(832K)->775K(832K) Class: 53K(128K)->53K(128K)
[206.129s][info][gc          ] GC(84) Pause Young (Allocation Failure) 2735M->137M(8125M) 7.642ms
[206.129s][info][gc,cpu      ] GC(84) User=0.10s Sys=0.00s Real=0.00s
[208.649s][info][gc,start    ] GC(85) Pause Young (Allocation Failure)
[208.656s][info][gc,heap     ] GC(85) PSYoungGen: 2727136K(2727936K)->66816K(2728448K) Eden: 2660352K(2660352K)->0K(2660864K) From: 66784K(67584K)->66816K(67584K)
[208.656s][info][gc,heap     ] GC(85) ParOldGen: 74423K(5592576K)->74423K(5592576K)
[208.656s][info][gc,metaspace] GC(85) Metaspace: 829K(960K)->829K(960K) NonClass: 775K(832K)->775K(832K) Class: 53K(128K)->53K(128K)
[208.656s][info][gc          ] GC(85) Pause Young (Allocation Failure) 2735M->137M(8126M) 7.685ms
[208.656s][info][gc,cpu      ] GC(85) User=0.09s Sys=0.00s Real=0.01s
[211.169s][info][gc,start    ] GC(86) Pause Young (Allocation Failure)
[211.177s][info][gc,heap     ] GC(86) PSYoungGen: 2727680K(2728448K)->66656K(2728448K) Eden: 2660864K(2660864K)->0K(2660864K) From: 66816K(67584K)->66656K(67584K)
[211.177s][info][gc,heap     ] GC(86) ParOldGen: 74423K(5592576K)->74423K(5592576K)
[211.177s][info][gc,metaspace] GC(86) Metaspace: 829K(960K)->829K(960K) NonClass: 775K(832K)->775K(832K) Class: 53K(128K)->53K(128K)
[211.177s][info][gc          ] GC(86) Pause Young (Allocation Failure) 2736M->137M(8126M) 7.815ms
[211.177s][info][gc,cpu      ] GC(86) User=0.10s Sys=0.01s Real=0.01s
[213.690s][info][gc,start    ] GC(87) Pause Young (Allocation Failure)
[213.698s][info][gc,heap     ] GC(87) PSYoungGen: 2727520K(2728448K)->66784K(2728448K) Eden: 2660864K(2660864K)->0K(2660864K) From: 66656K(67584K)->66784K(67584K)
[213.698s][info][gc,heap     ] GC(87) ParOldGen: 74423K(5592576K)->74423K(5592576K)
[213.698s][info][gc,metaspace] GC(87) Metaspace: 829K(960K)->829K(960K) NonClass: 775K(832K)->775K(832K) Class: 53K(128K)->53K(128K)
[213.698s][info][gc          ] GC(87) Pause Young (Allocation Failure) 2736M->137M(8126M) 7.870ms
[213.698s][info][gc,cpu      ] GC(87) User=0.09s Sys=0.00s Real=0.01s
[216.219s][info][gc,start    ] GC(88) Pause Young (Allocation Failure)
[216.227s][info][gc,heap     ] GC(88) PSYoungGen: 2727648K(2728448K)->67008K(2728448K) Eden: 2660864K(2660864K)->0K(2660864K) From: 66784K(67584K)->67008K(67584K)
[216.227s][info][gc,heap     ] GC(88) ParOldGen: 74423K(5592576K)->74423K(5592576K)
[216.227s][info][gc,metaspace] GC(88) Metaspace: 829K(960K)->829K(960K) NonClass: 775K(832K)->775K(832K) Class: 53K(128K)->53K(128K)
[216.227s][info][gc          ] GC(88) Pause Young (Allocation Failure) 2736M->138M(8126M) 8.456ms
[216.227s][info][gc,cpu      ] GC(88) User=0.10s Sys=0.00s Real=0.01s
[218.740s][info][gc,start    ] GC(89) Pause Young (Allocation Failure)
[218.747s][info][gc,heap     ] GC(89) PSYoungGen: 2727872K(2728448K)->66624K(2728448K) Eden: 2660864K(2660864K)->0K(2660864K) From: 67008K(67584K)->66624K(67584K)
[218.747s][info][gc,heap     ] GC(89) ParOldGen: 74423K(5592576K)->74423K(5592576K)
[218.747s][info][gc,metaspace] GC(89) Metaspace: 829K(960K)->829K(960K) NonClass: 775K(832K)->775K(832K) Class: 53K(128K)->53K(128K)
[218.748s][info][gc          ] GC(89) Pause Young (Allocation Failure) 2736M->137M(8126M) 7.982ms
[218.748s][info][gc,cpu      ] GC(89) User=0.10s Sys=0.00s Real=0.01s
[221.260s][info][gc,start    ] GC(90) Pause Young (Allocation Failure)
[221.267s][info][gc,heap     ] GC(90) PSYoungGen: 2727488K(2728448K)->66784K(2728448K) Eden: 2660864K(2660864K)->0K(2660864K) From: 66624K(67584K)->66784K(67584K)
[221.267s][info][gc,heap     ] GC(90) ParOldGen: 74423K(5592576K)->74423K(5592576K)
[221.267s][info][gc,metaspace] GC(90) Metaspace: 829K(960K)->829K(960K) NonClass: 775K(832K)->775K(832K) Class: 53K(128K)->53K(128K)
[221.267s][info][gc          ] GC(90) Pause Young (Allocation Failure) 2736M->137M(8126M) 7.748ms
[221.267s][info][gc,cpu      ] GC(90) User=0.09s Sys=0.01s Real=0.01s
[223.780s][info][gc,start    ] GC(91) Pause Young (Allocation Failure)
[223.787s][info][gc,heap     ] GC(91) PSYoungGen: 2727648K(2728448K)->66784K(2728448K) Eden: 2660864K(2660864K)->0K(2660864K) From: 66784K(67584K)->66784K(67584K)
[223.787s][info][gc,heap     ] GC(91) ParOldGen: 74423K(5592576K)->74423K(5592576K)
[223.787s][info][gc,metaspace] GC(91) Metaspace: 829K(960K)->829K(960K) NonClass: 775K(832K)->775K(832K) Class: 53K(128K)->53K(128K)
[223.787s][info][gc          ] GC(91) Pause Young (Allocation Failure) 2736M->137M(8126M) 7.720ms
[223.787s][info][gc,cpu      ] GC(91) User=0.09s Sys=0.00s Real=0.01s
[226.301s][info][gc,start    ] GC(92) Pause Young (Allocation Failure)
[226.308s][info][gc,heap     ] GC(92) PSYoungGen: 2727648K(2728448K)->66912K(2728448K) Eden: 2660864K(2660864K)->0K(2660864K) From: 66784K(67584K)->66912K(67584K)
[226.308s][info][gc,heap     ] GC(92) ParOldGen: 74423K(5592576K)->74423K(5592576K)
[226.308s][info][gc,metaspace] GC(92) Metaspace: 829K(960K)->829K(960K) NonClass: 775K(832K)->775K(832K) Class: 53K(128K)->53K(128K)
[226.308s][info][gc          ] GC(92) Pause Young (Allocation Failure) 2736M->138M(8126M) 7.780ms
[226.309s][info][gc,cpu      ] GC(92) User=0.10s Sys=0.00s Real=0.01s
[228.830s][info][gc,start    ] GC(93) Pause Young (Allocation Failure)
[228.838s][info][gc,heap     ] GC(93) PSYoungGen: 2727776K(2728448K)->66816K(2728448K) Eden: 2660864K(2660864K)->0K(2660864K) From: 66912K(67584K)->66816K(67584K)
[228.838s][info][gc,heap     ] GC(93) ParOldGen: 74423K(5592576K)->74423K(5592576K)
[228.838s][info][gc,metaspace] GC(93) Metaspace: 829K(960K)->829K(960K) NonClass: 775K(832K)->775K(832K) Class: 53K(128K)->53K(128K)
[228.838s][info][gc          ] GC(93) Pause Young (Allocation Failure) 2736M->137M(8126M) 7.782ms
[228.838s][info][gc,cpu      ] GC(93) User=0.10s Sys=0.00s Real=0.01s
[231.359s][info][gc,start    ] GC(94) Pause Young (Allocation Failure)
[231.367s][info][gc,heap     ] GC(94) PSYoungGen: 2727680K(2728448K)->66848K(2728448K) Eden: 2660864K(2660864K)->0K(2660864K) From: 66816K(67584K)->66848K(67584K)
[231.367s][info][gc,heap     ] GC(94) ParOldGen: 74423K(5592576K)->74423K(5592576K)
[231.368s][info][gc,metaspace] GC(94) Metaspace: 829K(960K)->829K(960K) NonClass: 775K(832K)->775K(832K) Class: 53K(128K)->53K(128K)
[231.368s][info][gc          ] GC(94) Pause Young (Allocation Failure) 2736M->137M(8126M) 8.062ms
[231.368s][info][gc,cpu      ] GC(94) User=0.10s Sys=0.00s Real=0.01s
[233.879s][info][gc,start    ] GC(95) Pause Young (Allocation Failure)
[233.886s][info][gc,heap     ] GC(95) PSYoungGen: 2727712K(2728448K)->66720K(2728448K) Eden: 2660864K(2660864K)->0K(2660864K) From: 66848K(67584K)->66720K(67584K)
[233.886s][info][gc,heap     ] GC(95) ParOldGen: 74423K(5592576K)->74423K(5592576K)
[233.886s][info][gc,metaspace] GC(95) Metaspace: 829K(960K)->829K(960K) NonClass: 775K(832K)->775K(832K) Class: 53K(128K)->53K(128K)
[233.886s][info][gc          ] GC(95) Pause Young (Allocation Failure) 2736M->137M(8126M) 7.487ms
[233.886s][info][gc,cpu      ] GC(95) User=0.10s Sys=0.00s Real=0.01s
[236.391s][info][gc,start    ] GC(96) Pause Young (Allocation Failure)
[236.398s][info][gc,heap     ] GC(96) PSYoungGen: 2727584K(2728448K)->66784K(2728448K) Eden: 2660864K(2660864K)->0K(2660864K) From: 66720K(67584K)->66784K(67584K)
[236.398s][info][gc,heap     ] GC(96) ParOldGen: 74423K(5592576K)->74423K(5592576K)
[236.398s][info][gc,metaspace] GC(96) Metaspace: 829K(960K)->829K(960K) NonClass: 775K(832K)->775K(832K) Class: 53K(128K)->53K(128K)
[236.398s][info][gc          ] GC(96) Pause Young (Allocation Failure) 2736M->137M(8126M) 7.697ms
[236.398s][info][gc,cpu      ] GC(96) User=0.10s Sys=0.00s Real=0.01s
[238.919s][info][gc,start    ] GC(97) Pause Young (Allocation Failure)
[238.927s][info][gc,heap     ] GC(97) PSYoungGen: 2727648K(2728448K)->66784K(2728448K) Eden: 2660864K(2660864K)->0K(2660864K) From: 66784K(67584K)->66784K(67584K)
[238.927s][info][gc,heap     ] GC(97) ParOldGen: 74423K(5592576K)->74423K(5592576K)
[238.927s][info][gc,metaspace] GC(97) Metaspace: 829K(960K)->829K(960K) NonClass: 775K(832K)->775K(832K) Class: 53K(128K)->53K(128K)
[238.927s][info][gc          ] GC(97) Pause Young (Allocation Failure) 2736M->137M(8126M) 7.761ms
[238.927s][info][gc,cpu      ] GC(97) User=0.10s Sys=0.00s Real=0.01s
[241.448s][info][gc,start    ] GC(98) Pause Young (Allocation Failure)
[241.458s][info][gc,heap     ] GC(98) PSYoungGen: 2727648K(2728448K)->66752K(2728448K) Eden: 2660864K(2660864K)->0K(2660864K) From: 66784K(67584K)->66752K(67584K)
[241.458s][info][gc,heap     ] GC(98) ParOldGen: 74423K(5592576K)->74423K(5592576K)
[241.458s][info][gc,metaspace] GC(98) Metaspace: 829K(960K)->829K(960K) NonClass: 775K(832K)->775K(832K) Class: 53K(128K)->53K(128K)
[241.458s][info][gc          ] GC(98) Pause Young (Allocation Failure) 2736M->137M(8126M) 9.488ms
[241.458s][info][gc,cpu      ] GC(98) User=0.11s Sys=0.00s Real=0.01s
[243.970s][info][gc,start    ] GC(99) Pause Young (Allocation Failure)
[243.980s][info][gc,heap     ] GC(99) PSYoungGen: 2727616K(2728448K)->67584K(2728448K) Eden: 2660864K(2660864K)->0K(2660864K) From: 66752K(67584K)->67584K(67584K)
[243.980s][info][gc,heap     ] GC(99) ParOldGen: 74423K(5592576K)->74831K(5592576K)
[243.980s][info][gc,metaspace] GC(99) Metaspace: 829K(960K)->829K(960K) NonClass: 775K(832K)->775K(832K) Class: 53K(128K)->53K(128K)
[243.980s][info][gc          ] GC(99) Pause Young (Allocation Failure) 2736M->139M(8126M) 9.860ms
[243.980s][info][gc,cpu      ] GC(99) User=0.11s Sys=0.00s Real=0.01s
[246.500s][info][gc,start    ] GC(100) Pause Young (Allocation Failure)
[246.508s][info][gc,heap     ] GC(100) PSYoungGen: 2728448K(2728448K)->66688K(2728448K) Eden: 2660864K(2660864K)->0K(2660864K) From: 67584K(67584K)->66688K(67584K)
[246.508s][info][gc,heap     ] GC(100) ParOldGen: 74831K(5592576K)->75895K(5592576K)
[246.508s][info][gc,metaspace] GC(100) Metaspace: 829K(960K)->829K(960K) NonClass: 775K(832K)->775K(832K) Class: 53K(128K)->53K(128K)
[246.508s][info][gc          ] GC(100) Pause Young (Allocation Failure) 2737M->139M(8126M) 8.208ms
[246.508s][info][gc,cpu      ] GC(100) User=0.10s Sys=0.01s Real=0.01s
[249.019s][info][gc,start    ] GC(101) Pause Young (Allocation Failure)
[249.027s][info][gc,heap     ] GC(101) PSYoungGen: 2727552K(2728448K)->66752K(2728448K) Eden: 2660864K(2660864K)->0K(2660864K) From: 66688K(67584K)->66752K(67584K)
[249.027s][info][gc,heap     ] GC(101) ParOldGen: 75895K(5592576K)->75895K(5592576K)
[249.027s][info][gc,metaspace] GC(101) Metaspace: 829K(960K)->829K(960K) NonClass: 775K(832K)->775K(832K) Class: 53K(128K)->53K(128K)
[249.027s][info][gc          ] GC(101) Pause Young (Allocation Failure) 2737M->139M(8126M) 7.943ms
[249.027s][info][gc,cpu      ] GC(101) User=0.10s Sys=0.01s Real=0.01s
[251.539s][info][gc,start    ] GC(102) Pause Young (Allocation Failure)
[251.547s][info][gc,heap     ] GC(102) PSYoungGen: 2727616K(2728448K)->66688K(2728448K) Eden: 2660864K(2660864K)->0K(2660864K) From: 66752K(67584K)->66688K(67584K)
[251.547s][info][gc,heap     ] GC(102) ParOldGen: 75895K(5592576K)->75895K(5592576K)
[251.547s][info][gc,metaspace] GC(102) Metaspace: 829K(960K)->829K(960K) NonClass: 775K(832K)->775K(832K) Class: 53K(128K)->53K(128K)
[251.547s][info][gc          ] GC(102) Pause Young (Allocation Failure) 2737M->139M(8126M) 7.939ms
[251.547s][info][gc,cpu      ] GC(102) User=0.09s Sys=0.00s Real=0.01s
[254.060s][info][gc,start    ] GC(103) Pause Young (Allocation Failure)
[254.068s][info][gc,heap     ] GC(103) PSYoungGen: 2727552K(2728448K)->66752K(2728448K) Eden: 2660864K(2660864K)->0K(2660864K) From: 66688K(67584K)->66752K(67584K)
[254.068s][info][gc,heap     ] GC(103) ParOldGen: 75895K(5592576K)->75895K(5592576K)
[254.068s][info][gc,metaspace] GC(103) Metaspace: 829K(960K)->829K(960K) NonClass: 775K(832K)->775K(832K) Class: 53K(128K)->53K(128K)
[254.068s][info][gc          ] GC(103) Pause Young (Allocation Failure) 2737M->139M(8126M) 7.983ms
[254.068s][info][gc,cpu      ] GC(103) User=0.10s Sys=0.00s Real=0.01s
[256.589s][info][gc,start    ] GC(104) Pause Young (Allocation Failure)
[256.597s][info][gc,heap     ] GC(104) PSYoungGen: 2727616K(2728448K)->66784K(2728448K) Eden: 2660864K(2660864K)->0K(2660864K) From: 66752K(67584K)->66784K(67584K)
[256.597s][info][gc,heap     ] GC(104) ParOldGen: 75895K(5592576K)->75895K(5592576K)
[256.597s][info][gc,metaspace] GC(104) Metaspace: 829K(960K)->829K(960K) NonClass: 775K(832K)->775K(832K) Class: 53K(128K)->53K(128K)
[256.597s][info][gc          ] GC(104) Pause Young (Allocation Failure) 2737M->139M(8126M) 7.954ms
[256.597s][info][gc,cpu      ] GC(104) User=0.10s Sys=0.00s Real=0.01s
[259.119s][info][gc,start    ] GC(105) Pause Young (Allocation Failure)
[259.127s][info][gc,heap     ] GC(105) PSYoungGen: 2727648K(2728448K)->66784K(2728448K) Eden: 2660864K(2660864K)->0K(2660864K) From: 66784K(67584K)->66784K(67584K)
[259.127s][info][gc,heap     ] GC(105) ParOldGen: 75895K(5592576K)->75895K(5592576K)
[259.127s][info][gc,metaspace] GC(105) Metaspace: 829K(960K)->829K(960K) NonClass: 775K(832K)->775K(832K) Class: 53K(128K)->53K(128K)
[259.127s][info][gc          ] GC(105) Pause Young (Allocation Failure) 2737M->139M(8126M) 7.611ms
[259.127s][info][gc,cpu      ] GC(105) User=0.10s Sys=0.00s Real=0.01s
[261.639s][info][gc,start    ] GC(106) Pause Young (Allocation Failure)
[261.646s][info][gc,heap     ] GC(106) PSYoungGen: 2727648K(2728448K)->66784K(2728448K) Eden: 2660864K(2660864K)->0K(2660864K) From: 66784K(67584K)->66784K(67584K)
[261.646s][info][gc,heap     ] GC(106) ParOldGen: 75895K(5592576K)->75895K(5592576K)
[261.646s][info][gc,metaspace] GC(106) Metaspace: 829K(960K)->829K(960K) NonClass: 775K(832K)->775K(832K) Class: 53K(128K)->53K(128K)
[261.646s][info][gc          ] GC(106) Pause Young (Allocation Failure) 2737M->139M(8126M) 7.692ms
[261.646s][info][gc,cpu      ] GC(106) User=0.09s Sys=0.00s Real=0.01s
[264.159s][info][gc,start    ] GC(107) Pause Young (Allocation Failure)
[264.167s][info][gc,heap     ] GC(107) PSYoungGen: 2727648K(2728448K)->66976K(2728448K) Eden: 2660864K(2660864K)->0K(2660864K) From: 66784K(67584K)->66976K(67584K)
[264.167s][info][gc,heap     ] GC(107) ParOldGen: 75895K(5592576K)->75895K(5592576K)
[264.167s][info][gc,metaspace] GC(107) Metaspace: 829K(960K)->829K(960K) NonClass: 775K(832K)->775K(832K) Class: 53K(128K)->53K(128K)
[264.167s][info][gc          ] GC(107) Pause Young (Allocation Failure) 2737M->139M(8126M) 7.899ms
[264.167s][info][gc,cpu      ] GC(107) User=0.10s Sys=0.00s Real=0.01s
[266.679s][info][gc,start    ] GC(108) Pause Young (Allocation Failure)
[266.687s][info][gc,heap     ] GC(108) PSYoungGen: 2727840K(2728448K)->66720K(2728448K) Eden: 2660864K(2660864K)->0K(2660864K) From: 66976K(67584K)->66720K(67584K)
[266.687s][info][gc,heap     ] GC(108) ParOldGen: 75895K(5592576K)->75895K(5592576K)
[266.687s][info][gc,metaspace] GC(108) Metaspace: 829K(960K)->829K(960K) NonClass: 775K(832K)->775K(832K) Class: 53K(128K)->53K(128K)
[266.687s][info][gc          ] GC(108) Pause Young (Allocation Failure) 2738M->139M(8126M) 8.048ms
[266.687s][info][gc,cpu      ] GC(108) User=0.10s Sys=0.00s Real=0.01s
[269.209s][info][gc,start    ] GC(109) Pause Young (Allocation Failure)
[269.217s][info][gc,heap     ] GC(109) PSYoungGen: 2727584K(2728448K)->66688K(2728448K) Eden: 2660864K(2660864K)->0K(2660864K) From: 66720K(67584K)->66688K(67584K)
[269.217s][info][gc,heap     ] GC(109) ParOldGen: 75895K(5592576K)->75895K(5592576K)
[269.217s][info][gc,metaspace] GC(109) Metaspace: 829K(960K)->829K(960K) NonClass: 775K(832K)->775K(832K) Class: 53K(128K)->53K(128K)
[269.217s][info][gc          ] GC(109) Pause Young (Allocation Failure) 2737M->139M(8126M) 7.822ms
[269.217s][info][gc,cpu      ] GC(109) User=0.10s Sys=0.00s Real=0.01s
[271.738s][info][gc,start    ] GC(110) Pause Young (Allocation Failure)
[271.746s][info][gc,heap     ] GC(110) PSYoungGen: 2727552K(2728448K)->66912K(2728448K) Eden: 2660864K(2660864K)->0K(2660864K) From: 66688K(67584K)->66912K(67584K)
[271.746s][info][gc,heap     ] GC(110) ParOldGen: 75895K(5592576K)->75895K(5592576K)
[271.746s][info][gc,metaspace] GC(110) Metaspace: 829K(960K)->829K(960K) NonClass: 775K(832K)->775K(832K) Class: 53K(128K)->53K(128K)
[271.746s][info][gc          ] GC(110) Pause Young (Allocation Failure) 2737M->139M(8126M) 8.017ms
[271.746s][info][gc,cpu      ] GC(110) User=0.10s Sys=0.00s Real=0.01s
[274.259s][info][gc,start    ] GC(111) Pause Young (Allocation Failure)
[274.267s][info][gc,heap     ] GC(111) PSYoungGen: 2727776K(2728448K)->66816K(2728448K) Eden: 2660864K(2660864K)->0K(2660864K) From: 66912K(67584K)->66816K(67584K)
[274.267s][info][gc,heap     ] GC(111) ParOldGen: 75895K(5592576K)->75895K(5592576K)
[274.267s][info][gc,metaspace] GC(111) Metaspace: 829K(960K)->829K(960K) NonClass: 775K(832K)->775K(832K) Class: 53K(128K)->53K(128K)
[274.267s][info][gc          ] GC(111) Pause Young (Allocation Failure) 2737M->139M(8126M) 7.869ms
[274.267s][info][gc,cpu      ] GC(111) User=0.10s Sys=0.00s Real=0.01s
[276.779s][info][gc,start    ] GC(112) Pause Young (Allocation Failure)
[276.787s][info][gc,heap     ] GC(112) PSYoungGen: 2727680K(2728448K)->66688K(2728448K) Eden: 2660864K(2660864K)->0K(2660864K) From: 66816K(67584K)->66688K(67584K)
[276.787s][info][gc,heap     ] GC(112) ParOldGen: 75895K(5592576K)->75895K(5592576K)
[276.787s][info][gc,metaspace] GC(112) Metaspace: 829K(960K)->829K(960K) NonClass: 775K(832K)->775K(832K) Class: 53K(128K)->53K(128K)
[276.787s][info][gc          ] GC(112) Pause Young (Allocation Failure) 2737M->139M(8126M) 8.099ms
[276.787s][info][gc,cpu      ] GC(112) User=0.10s Sys=0.00s Real=0.01s
[279.299s][info][gc,start    ] GC(113) Pause Young (Allocation Failure)
[279.307s][info][gc,heap     ] GC(113) PSYoungGen: 2727552K(2728448K)->66816K(2728448K) Eden: 2660864K(2660864K)->0K(2660864K) From: 66688K(67584K)->66816K(67584K)
[279.307s][info][gc,heap     ] GC(113) ParOldGen: 75895K(5592576K)->75895K(5592576K)
[279.307s][info][gc,metaspace] GC(113) Metaspace: 829K(960K)->829K(960K) NonClass: 775K(832K)->775K(832K) Class: 53K(128K)->53K(128K)
[279.307s][info][gc          ] GC(113) Pause Young (Allocation Failure) 2737M->139M(8126M) 7.818ms
[279.307s][info][gc,cpu      ] GC(113) User=0.10s Sys=0.00s Real=0.01s
[281.829s][info][gc,start    ] GC(114) Pause Young (Allocation Failure)
[281.837s][info][gc,heap     ] GC(114) PSYoungGen: 2727680K(2728448K)->66848K(2728448K) Eden: 2660864K(2660864K)->0K(2660864K) From: 66816K(67584K)->66848K(67584K)
[281.837s][info][gc,heap     ] GC(114) ParOldGen: 75895K(5592576K)->75895K(5592576K)
[281.837s][info][gc,metaspace] GC(114) Metaspace: 829K(960K)->829K(960K) NonClass: 775K(832K)->775K(832K) Class: 53K(128K)->53K(128K)
[281.837s][info][gc          ] GC(114) Pause Young (Allocation Failure) 2737M->139M(8126M) 7.859ms
[281.837s][info][gc,cpu      ] GC(114) User=0.10s Sys=0.00s Real=0.01s
[284.350s][info][gc,start    ] GC(115) Pause Young (Allocation Failure)
[284.358s][info][gc,heap     ] GC(115) PSYoungGen: 2727712K(2728448K)->66752K(2728448K) Eden: 2660864K(2660864K)->0K(2660864K) From: 66848K(67584K)->66752K(67584K)
[284.358s][info][gc,heap     ] GC(115) ParOldGen: 75895K(5592576K)->75895K(5592576K)
[284.358s][info][gc,metaspace] GC(115) Metaspace: 829K(960K)->829K(960K) NonClass: 775K(832K)->775K(832K) Class: 53K(128K)->53K(128K)
[284.358s][info][gc          ] GC(115) Pause Young (Allocation Failure) 2737M->139M(8126M) 7.851ms
[284.358s][info][gc,cpu      ] GC(115) User=0.10s Sys=0.00s Real=0.01s
[286.871s][info][gc,start    ] GC(116) Pause Young (Allocation Failure)
[286.882s][info][gc,heap     ] GC(116) PSYoungGen: 2727616K(2728448K)->66784K(2728448K) Eden: 2660864K(2660864K)->0K(2660864K) From: 66752K(67584K)->66784K(67584K)
[286.882s][info][gc,heap     ] GC(116) ParOldGen: 75895K(5592576K)->75895K(5592576K)
[286.882s][info][gc,metaspace] GC(116) Metaspace: 829K(960K)->829K(960K) NonClass: 775K(832K)->775K(832K) Class: 53K(128K)->53K(128K)
[286.882s][info][gc          ] GC(116) Pause Young (Allocation Failure) 2737M->139M(8126M) 11.057ms
[286.882s][info][gc,cpu      ] GC(116) User=0.10s Sys=0.00s Real=0.01s
[289.390s][info][gc,start    ] GC(117) Pause Young (Allocation Failure)
[289.398s][info][gc,heap     ] GC(117) PSYoungGen: 2727648K(2728448K)->66784K(2728960K) Eden: 2660864K(2660864K)->0K(2661376K) From: 66784K(67584K)->66784K(67584K)
[289.398s][info][gc,heap     ] GC(117) ParOldGen: 75895K(5592576K)->75895K(5592576K)
[289.398s][info][gc,metaspace] GC(117) Metaspace: 829K(960K)->829K(960K) NonClass: 775K(832K)->775K(832K) Class: 53K(128K)->53K(128K)
[289.398s][info][gc          ] GC(117) Pause Young (Allocation Failure) 2737M->139M(8126M) 8.364ms
[289.398s][info][gc,cpu      ] GC(117) User=0.10s Sys=0.00s Real=0.01s
[291.918s][info][gc,start    ] GC(118) Pause Young (Allocation Failure)
[291.926s][info][gc,heap     ] GC(118) PSYoungGen: 2728160K(2728960K)->66752K(2728448K) Eden: 2661376K(2661376K)->0K(2661376K) From: 66784K(67584K)->66752K(67072K)
[291.926s][info][gc,heap     ] GC(118) ParOldGen: 75895K(5592576K)->75895K(5592576K)
[291.926s][info][gc,metaspace] GC(118) Metaspace: 829K(960K)->829K(960K) NonClass: 775K(832K)->775K(832K) Class: 53K(128K)->53K(128K)
[291.926s][info][gc          ] GC(118) Pause Young (Allocation Failure) 2738M->139M(8126M) 7.657ms
[291.926s][info][gc,cpu      ] GC(118) User=0.10s Sys=0.00s Real=0.01s
[294.440s][info][gc,start    ] GC(119) Pause Young (Allocation Failure)
[294.448s][info][gc,heap     ] GC(119) PSYoungGen: 2728128K(2728448K)->66784K(2728960K) Eden: 2661376K(2661376K)->0K(2661888K) From: 66752K(67072K)->66784K(67072K)
[294.448s][info][gc,heap     ] GC(119) ParOldGen: 75895K(5592576K)->75895K(5592576K)
[294.448s][info][gc,metaspace] GC(119) Metaspace: 829K(960K)->829K(960K) NonClass: 775K(832K)->775K(832K) Class: 53K(128K)->53K(128K)
[294.448s][info][gc          ] GC(119) Pause Young (Allocation Failure) 2738M->139M(8126M) 7.682ms
[294.448s][info][gc,cpu      ] GC(119) User=0.10s Sys=0.00s Real=0.01s
[296.969s][info][gc,start    ] GC(120) Pause Young (Allocation Failure)
[296.976s][info][gc,heap     ] GC(120) PSYoungGen: 2728672K(2728960K)->66784K(2728960K) Eden: 2661888K(2661888K)->0K(2661888K) From: 66784K(67072K)->66784K(67072K)
[296.976s][info][gc,heap     ] GC(120) ParOldGen: 75895K(5592576K)->75895K(5592576K)
[296.976s][info][gc,metaspace] GC(120) Metaspace: 829K(960K)->829K(960K) NonClass: 775K(832K)->775K(832K) Class: 53K(128K)->53K(128K)
[296.976s][info][gc          ] GC(120) Pause Young (Allocation Failure) 2738M->139M(8126M) 7.601ms
[296.976s][info][gc,cpu      ] GC(120) User=0.09s Sys=0.00s Real=0.01s
[299.490s][info][gc,start    ] GC(121) Pause Young (Allocation Failure)
[299.498s][info][gc,heap     ] GC(121) PSYoungGen: 2728672K(2728960K)->66784K(2728960K) Eden: 2661888K(2661888K)->0K(2661888K) From: 66784K(67072K)->66784K(67072K)
[299.498s][info][gc,heap     ] GC(121) ParOldGen: 75895K(5592576K)->75895K(5592576K)
[299.498s][info][gc,metaspace] GC(121) Metaspace: 829K(960K)->829K(960K) NonClass: 775K(832K)->775K(832K) Class: 53K(128K)->53K(128K)
[299.498s][info][gc          ] GC(121) Pause Young (Allocation Failure) 2738M->139M(8126M) 8.013ms
[299.498s][info][gc,cpu      ] GC(121) User=0.10s Sys=0.00s Real=0.01s
[302.010s][info][gc,start    ] GC(122) Pause Young (Allocation Failure)
[302.020s][info][gc,heap     ] GC(122) PSYoungGen: 2728672K(2728960K)->66592K(2728960K) Eden: 2661888K(2661888K)->0K(2661888K) From: 66784K(67072K)->66592K(67072K)
[302.020s][info][gc,heap     ] GC(122) ParOldGen: 75895K(5592576K)->75895K(5592576K)
[302.020s][info][gc,metaspace] GC(122) Metaspace: 829K(960K)->829K(960K) NonClass: 775K(832K)->775K(832K) Class: 53K(128K)->53K(128K)
[302.020s][info][gc          ] GC(122) Pause Young (Allocation Failure) 2738M->139M(8126M) 9.770ms
[302.020s][info][gc,cpu      ] GC(122) User=0.11s Sys=0.00s Real=0.01s
[304.540s][info][gc,start    ] GC(123) Pause Young (Allocation Failure)
[304.549s][info][gc,heap     ] GC(123) PSYoungGen: 2728480K(2728960K)->67072K(2727936K) Eden: 2661888K(2661888K)->0K(2660864K) From: 66592K(67072K)->67072K(67072K)
[304.549s][info][gc,heap     ] GC(123) ParOldGen: 75895K(5592576K)->76847K(5592576K)
[304.549s][info][gc,metaspace] GC(123) Metaspace: 829K(960K)->829K(960K) NonClass: 775K(832K)->775K(832K) Class: 53K(128K)->53K(128K)
[304.549s][info][gc          ] GC(123) Pause Young (Allocation Failure) 2738M->140M(8125M) 9.714ms
[304.549s][info][gc,cpu      ] GC(123) User=0.11s Sys=0.01s Real=0.01s
[307.059s][info][gc,start    ] GC(124) Pause Young (Allocation Failure)
[307.067s][info][gc,heap     ] GC(124) PSYoungGen: 2727936K(2727936K)->66752K(2728448K) Eden: 2660864K(2660864K)->0K(2660864K) From: 67072K(67072K)->66752K(67584K)
[307.067s][info][gc,heap     ] GC(124) ParOldGen: 76847K(5592576K)->77727K(5592576K)
[307.067s][info][gc,metaspace] GC(124) Metaspace: 829K(960K)->829K(960K) NonClass: 775K(832K)->775K(832K) Class: 53K(128K)->53K(128K)
[307.067s][info][gc          ] GC(124) Pause Young (Allocation Failure) 2739M->141M(8126M) 8.215ms
[307.067s][info][gc,cpu      ] GC(124) User=0.10s Sys=0.00s Real=0.01s
[309.579s][info][gc,start    ] GC(125) Pause Young (Allocation Failure)
[309.588s][info][gc,heap     ] GC(125) PSYoungGen: 2727616K(2728448K)->66912K(2728448K) Eden: 2660864K(2660864K)->0K(2660864K) From: 66752K(67584K)->66912K(67584K)
[309.588s][info][gc,heap     ] GC(125) ParOldGen: 77727K(5592576K)->77727K(5592576K)
[309.588s][info][gc,metaspace] GC(125) Metaspace: 829K(960K)->829K(960K) NonClass: 775K(832K)->775K(832K) Class: 53K(128K)->53K(128K)
[309.588s][info][gc          ] GC(125) Pause Young (Allocation Failure) 2739M->141M(8126M) 8.295ms
[309.588s][info][gc,cpu      ] GC(125) User=0.09s Sys=0.00s Real=0.01s
[312.109s][info][gc,start    ] GC(126) Pause Young (Allocation Failure)
[312.117s][info][gc,heap     ] GC(126) PSYoungGen: 2727776K(2728448K)->66752K(2728448K) Eden: 2660864K(2660864K)->0K(2660864K) From: 66912K(67584K)->66752K(67584K)
[312.117s][info][gc,heap     ] GC(126) ParOldGen: 77727K(5592576K)->77727K(5592576K)
[312.117s][info][gc,metaspace] GC(126) Metaspace: 829K(960K)->829K(960K) NonClass: 775K(832K)->775K(832K) Class: 53K(128K)->53K(128K)
[312.117s][info][gc          ] GC(126) Pause Young (Allocation Failure) 2739M->141M(8126M) 8.146ms
[312.117s][info][gc,cpu      ] GC(126) User=0.10s Sys=0.00s Real=0.01s
[314.630s][info][gc,start    ] GC(127) Pause Young (Allocation Failure)
[314.638s][info][gc,heap     ] GC(127) PSYoungGen: 2727616K(2728448K)->66464K(2728448K) Eden: 2660864K(2660864K)->0K(2660864K) From: 66752K(67584K)->66464K(67584K)
[314.638s][info][gc,heap     ] GC(127) ParOldGen: 77727K(5592576K)->77727K(5592576K)
[314.638s][info][gc,metaspace] GC(127) Metaspace: 829K(960K)->829K(960K) NonClass: 775K(832K)->775K(832K) Class: 53K(128K)->53K(128K)
[314.638s][info][gc          ] GC(127) Pause Young (Allocation Failure) 2739M->140M(8126M) 7.735ms
[314.638s][info][gc,cpu      ] GC(127) User=0.09s Sys=0.00s Real=0.01s
[317.149s][info][gc,start    ] GC(128) Pause Young (Allocation Failure)
[317.157s][info][gc,heap     ] GC(128) PSYoungGen: 2727328K(2728448K)->66816K(2728448K) Eden: 2660864K(2660864K)->0K(2660864K) From: 66464K(67584K)->66816K(67584K)
[317.157s][info][gc,heap     ] GC(128) ParOldGen: 77727K(5592576K)->77727K(5592576K)
[317.157s][info][gc,metaspace] GC(128) Metaspace: 829K(960K)->829K(960K) NonClass: 775K(832K)->775K(832K) Class: 53K(128K)->53K(128K)
[317.157s][info][gc          ] GC(128) Pause Young (Allocation Failure) 2739M->141M(8126M) 8.057ms
[317.157s][info][gc,cpu      ] GC(128) User=0.10s Sys=0.00s Real=0.01s
[319.679s][info][gc,start    ] GC(129) Pause Young (Allocation Failure)
[319.687s][info][gc,heap     ] GC(129) PSYoungGen: 2727680K(2728448K)->66784K(2728448K) Eden: 2660864K(2660864K)->0K(2660864K) From: 66816K(67584K)->66784K(67584K)
[319.687s][info][gc,heap     ] GC(129) ParOldGen: 77727K(5592576K)->77727K(5592576K)
[319.687s][info][gc,metaspace] GC(129) Metaspace: 829K(960K)->829K(960K) NonClass: 775K(832K)->775K(832K) Class: 53K(128K)->53K(128K)
[319.687s][info][gc          ] GC(129) Pause Young (Allocation Failure) 2739M->141M(8126M) 7.942ms
[319.687s][info][gc,cpu      ] GC(129) User=0.10s Sys=0.00s Real=0.01s
[322.200s][info][gc,start    ] GC(130) Pause Young (Allocation Failure)
[322.208s][info][gc,heap     ] GC(130) PSYoungGen: 2727648K(2728448K)->66784K(2728448K) Eden: 2660864K(2660864K)->0K(2660864K) From: 66784K(67584K)->66784K(67584K)
[322.208s][info][gc,heap     ] GC(130) ParOldGen: 77727K(5592576K)->77727K(5592576K)
[322.208s][info][gc,metaspace] GC(130) Metaspace: 829K(960K)->829K(960K) NonClass: 775K(832K)->775K(832K) Class: 53K(128K)->53K(128K)
[322.208s][info][gc          ] GC(130) Pause Young (Allocation Failure) 2739M->141M(8126M) 8.032ms
[322.208s][info][gc,cpu      ] GC(130) User=0.10s Sys=0.00s Real=0.01s
[324.721s][info][gc,start    ] GC(131) Pause Young (Allocation Failure)
[324.728s][info][gc,heap     ] GC(131) PSYoungGen: 2727648K(2728448K)->66816K(2728448K) Eden: 2660864K(2660864K)->0K(2660864K) From: 66784K(67584K)->66816K(67584K)
[324.728s][info][gc,heap     ] GC(131) ParOldGen: 77727K(5592576K)->77727K(5592576K)
[324.728s][info][gc,metaspace] GC(131) Metaspace: 829K(960K)->829K(960K) NonClass: 775K(832K)->775K(832K) Class: 53K(128K)->53K(128K)
[324.728s][info][gc          ] GC(131) Pause Young (Allocation Failure) 2739M->141M(8126M) 7.931ms
[324.729s][info][gc,cpu      ] GC(131) User=0.10s Sys=0.00s Real=0.01s
[327.240s][info][gc,start    ] GC(132) Pause Young (Allocation Failure)
[327.247s][info][gc,heap     ] GC(132) PSYoungGen: 2727680K(2728448K)->66624K(2728448K) Eden: 2660864K(2660864K)->0K(2660864K) From: 66816K(67584K)->66624K(67584K)
[327.247s][info][gc,heap     ] GC(132) ParOldGen: 77727K(5592576K)->77727K(5592576K)
[327.247s][info][gc,metaspace] GC(132) Metaspace: 829K(960K)->829K(960K) NonClass: 775K(832K)->775K(832K) Class: 53K(128K)->53K(128K)
[327.247s][info][gc          ] GC(132) Pause Young (Allocation Failure) 2739M->140M(8126M) 7.530ms
[327.247s][info][gc,cpu      ] GC(132) User=0.10s Sys=0.00s Real=0.01s
[329.768s][info][gc,start    ] GC(133) Pause Young (Allocation Failure)
[329.776s][info][gc,heap     ] GC(133) PSYoungGen: 2727488K(2728448K)->66752K(2728448K) Eden: 2660864K(2660864K)->0K(2660864K) From: 66624K(67584K)->66752K(67584K)
[329.776s][info][gc,heap     ] GC(133) ParOldGen: 77727K(5592576K)->77727K(5592576K)
[329.776s][info][gc,metaspace] GC(133) Metaspace: 829K(960K)->829K(960K) NonClass: 775K(832K)->775K(832K) Class: 53K(128K)->53K(128K)
[329.776s][info][gc          ] GC(133) Pause Young (Allocation Failure) 2739M->141M(8126M) 7.736ms
[329.776s][info][gc,cpu      ] GC(133) User=0.10s Sys=0.00s Real=0.01s
[332.291s][info][gc,start    ] GC(134) Pause Young (Allocation Failure)
[332.299s][info][gc,heap     ] GC(134) PSYoungGen: 2727616K(2728448K)->66688K(2728448K) Eden: 2660864K(2660864K)->0K(2660864K) From: 66752K(67584K)->66688K(67584K)
[332.299s][info][gc,heap     ] GC(134) ParOldGen: 77727K(5592576K)->77727K(5592576K)
[332.299s][info][gc,metaspace] GC(134) Metaspace: 829K(960K)->829K(960K) NonClass: 775K(832K)->775K(832K) Class: 53K(128K)->53K(128K)
[332.299s][info][gc          ] GC(134) Pause Young (Allocation Failure) 2739M->141M(8126M) 7.881ms
[332.299s][info][gc,cpu      ] GC(134) User=0.10s Sys=0.00s Real=0.01s
[334.819s][info][gc,start    ] GC(135) Pause Young (Allocation Failure)
[334.827s][info][gc,heap     ] GC(135) PSYoungGen: 2727552K(2728448K)->66624K(2728448K) Eden: 2660864K(2660864K)->0K(2660864K) From: 66688K(67584K)->66624K(67584K)
[334.827s][info][gc,heap     ] GC(135) ParOldGen: 77727K(5592576K)->77727K(5592576K)
[334.827s][info][gc,metaspace] GC(135) Metaspace: 829K(960K)->829K(960K) NonClass: 775K(832K)->775K(832K) Class: 53K(128K)->53K(128K)
[334.827s][info][gc          ] GC(135) Pause Young (Allocation Failure) 2739M->140M(8126M) 7.904ms
[334.827s][info][gc,cpu      ] GC(135) User=0.09s Sys=0.00s Real=0.01s
[337.340s][info][gc,start    ] GC(136) Pause Young (Allocation Failure)
[337.348s][info][gc,heap     ] GC(136) PSYoungGen: 2727488K(2728448K)->66720K(2728448K) Eden: 2660864K(2660864K)->0K(2660864K) From: 66624K(67584K)->66720K(67584K)
[337.348s][info][gc,heap     ] GC(136) ParOldGen: 77727K(5592576K)->77727K(5592576K)
[337.348s][info][gc,metaspace] GC(136) Metaspace: 829K(960K)->829K(960K) NonClass: 775K(832K)->775K(832K) Class: 53K(128K)->53K(128K)
[337.348s][info][gc          ] GC(136) Pause Young (Allocation Failure) 2739M->141M(8126M) 8.003ms
[337.348s][info][gc,cpu      ] GC(136) User=0.10s Sys=0.00s Real=0.01s
[339.859s][info][gc,start    ] GC(137) Pause Young (Allocation Failure)
[339.867s][info][gc,heap     ] GC(137) PSYoungGen: 2727584K(2728448K)->66848K(2728448K) Eden: 2660864K(2660864K)->0K(2660864K) From: 66720K(67584K)->66848K(67584K)
[339.867s][info][gc,heap     ] GC(137) ParOldGen: 77727K(5592576K)->77727K(5592576K)
[339.867s][info][gc,metaspace] GC(137) Metaspace: 829K(960K)->829K(960K) NonClass: 775K(832K)->775K(832K) Class: 53K(128K)->53K(128K)
[339.867s][info][gc          ] GC(137) Pause Young (Allocation Failure) 2739M->141M(8126M) 8.149ms
[339.867s][info][gc,cpu      ] GC(137) User=0.10s Sys=0.00s Real=0.01s
[342.379s][info][gc,start    ] GC(138) Pause Young (Allocation Failure)
[342.387s][info][gc,heap     ] GC(138) PSYoungGen: 2727712K(2728448K)->66848K(2728448K) Eden: 2660864K(2660864K)->0K(2660864K) From: 66848K(67584K)->66848K(67584K)
[342.387s][info][gc,heap     ] GC(138) ParOldGen: 77727K(5592576K)->77727K(5592576K)
[342.387s][info][gc,metaspace] GC(138) Metaspace: 829K(960K)->829K(960K) NonClass: 775K(832K)->775K(832K) Class: 53K(128K)->53K(128K)
[342.387s][info][gc          ] GC(138) Pause Young (Allocation Failure) 2739M->141M(8126M) 8.173ms
[342.387s][info][gc,cpu      ] GC(138) User=0.10s Sys=0.00s Real=0.01s
[344.900s][info][gc,start    ] GC(139) Pause Young (Allocation Failure)
[344.908s][info][gc,heap     ] GC(139) PSYoungGen: 2727712K(2728448K)->66688K(2728448K) Eden: 2660864K(2660864K)->0K(2660864K) From: 66848K(67584K)->66688K(67584K)
[344.908s][info][gc,heap     ] GC(139) ParOldGen: 77727K(5592576K)->77727K(5592576K)
[344.908s][info][gc,metaspace] GC(139) Metaspace: 829K(960K)->829K(960K) NonClass: 775K(832K)->775K(832K) Class: 53K(128K)->53K(128K)
[344.908s][info][gc          ] GC(139) Pause Young (Allocation Failure) 2739M->141M(8126M) 7.633ms
[344.908s][info][gc,cpu      ] GC(139) User=0.10s Sys=0.01s Real=0.01s
[347.430s][info][gc,start    ] GC(140) Pause Young (Allocation Failure)
[347.437s][info][gc,heap     ] GC(140) PSYoungGen: 2727552K(2728448K)->66848K(2728448K) Eden: 2660864K(2660864K)->0K(2660864K) From: 66688K(67584K)->66848K(67584K)
[347.438s][info][gc,heap     ] GC(140) ParOldGen: 77727K(5592576K)->77727K(5592576K)
[347.438s][info][gc,metaspace] GC(140) Metaspace: 829K(960K)->829K(960K) NonClass: 775K(832K)->775K(832K) Class: 53K(128K)->53K(128K)
[347.438s][info][gc          ] GC(140) Pause Young (Allocation Failure) 2739M->141M(8126M) 7.566ms
[347.438s][info][gc,cpu      ] GC(140) User=0.09s Sys=0.00s Real=0.01s
[349.959s][info][gc,start    ] GC(141) Pause Young (Allocation Failure)
[349.968s][info][gc,heap     ] GC(141) PSYoungGen: 2727712K(2728448K)->66720K(2728960K) Eden: 2660864K(2660864K)->0K(2661376K) From: 66848K(67584K)->66720K(67584K)
[349.968s][info][gc,heap     ] GC(141) ParOldGen: 77727K(5592576K)->77727K(5592576K)
[349.968s][info][gc,metaspace] GC(141) Metaspace: 829K(960K)->829K(960K) NonClass: 775K(832K)->775K(832K) Class: 53K(128K)->53K(128K)
[349.968s][info][gc          ] GC(141) Pause Young (Allocation Failure) 2739M->141M(8126M) 8.391ms
[349.968s][info][gc,cpu      ] GC(141) User=0.10s Sys=0.00s Real=0.01s
[352.481s][info][gc,start    ] GC(142) Pause Young (Allocation Failure)
[352.489s][info][gc,heap     ] GC(142) PSYoungGen: 2728096K(2728960K)->66752K(2728448K) Eden: 2661376K(2661376K)->0K(2661376K) From: 66720K(67584K)->66752K(67072K)
[352.489s][info][gc,heap     ] GC(142) ParOldGen: 77727K(5592576K)->77727K(5592576K)
[352.489s][info][gc,metaspace] GC(142) Metaspace: 829K(960K)->829K(960K) NonClass: 775K(832K)->775K(832K) Class: 53K(128K)->53K(128K)
[352.489s][info][gc          ] GC(142) Pause Young (Allocation Failure) 2740M->141M(8126M) 8.085ms
[352.489s][info][gc,cpu      ] GC(142) User=0.10s Sys=0.00s Real=0.01s
[355.000s][info][gc,start    ] GC(143) Pause Young (Allocation Failure)
[355.008s][info][gc,heap     ] GC(143) PSYoungGen: 2728128K(2728448K)->67072K(2727936K) Eden: 2661376K(2661376K)->0K(2660864K) From: 66752K(67072K)->67072K(67072K)
[355.008s][info][gc,heap     ] GC(143) ParOldGen: 77727K(5592576K)->77727K(5592576K)
[355.008s][info][gc,metaspace] GC(143) Metaspace: 829K(960K)->829K(960K) NonClass: 775K(832K)->775K(832K) Class: 53K(128K)->53K(128K)
[355.008s][info][gc          ] GC(143) Pause Young (Allocation Failure) 2740M->141M(8125M) 8.092ms
[355.008s][info][gc,cpu      ] GC(143) User=0.10s Sys=0.00s Real=0.01s
[357.521s][info][gc,start    ] GC(144) Pause Young (Allocation Failure)
[357.529s][info][gc,heap     ] GC(144) PSYoungGen: 2727936K(2727936K)->66784K(2728448K) Eden: 2660864K(2660864K)->0K(2660864K) From: 67072K(67072K)->66784K(67584K)
[357.529s][info][gc,heap     ] GC(144) ParOldGen: 77727K(5592576K)->77727K(5592576K)
[357.529s][info][gc,metaspace] GC(144) Metaspace: 829K(960K)->829K(960K) NonClass: 775K(832K)->775K(832K) Class: 53K(128K)->53K(128K)
[357.529s][info][gc          ] GC(144) Pause Young (Allocation Failure) 2739M->141M(8126M) 8.106ms
[357.529s][info][gc,cpu      ] GC(144) User=0.10s Sys=0.00s Real=0.01s
[360.050s][info][gc,start    ] GC(145) Pause Young (Allocation Failure)
[360.057s][info][gc,heap     ] GC(145) PSYoungGen: 2727648K(2728448K)->66688K(2728448K) Eden: 2660864K(2660864K)->0K(2660864K) From: 66784K(67584K)->66688K(67584K)
[360.058s][info][gc,heap     ] GC(145) ParOldGen: 77727K(5592576K)->77727K(5592576K)
[360.058s][info][gc,metaspace] GC(145) Metaspace: 829K(960K)->829K(960K) NonClass: 775K(832K)->775K(832K) Class: 53K(128K)->53K(128K)
[360.058s][info][gc          ] GC(145) Pause Young (Allocation Failure) 2739M->141M(8126M) 7.623ms
[360.058s][info][gc,cpu      ] GC(145) User=0.09s Sys=0.00s Real=0.01s
[362.573s][info][gc,start    ] GC(146) Pause Young (Allocation Failure)
[362.583s][info][gc,heap     ] GC(146) PSYoungGen: 2727552K(2728448K)->67584K(2728448K) Eden: 2660864K(2660864K)->0K(2660864K) From: 66688K(67584K)->67584K(67584K)
[362.583s][info][gc,heap     ] GC(146) ParOldGen: 77727K(5592576K)->77831K(5592576K)
[362.583s][info][gc,metaspace] GC(146) Metaspace: 829K(960K)->829K(960K) NonClass: 775K(832K)->775K(832K) Class: 53K(128K)->53K(128K)
[362.583s][info][gc          ] GC(146) Pause Young (Allocation Failure) 2739M->142M(8126M) 10.468ms
[362.584s][info][gc,cpu      ] GC(146) User=0.12s Sys=0.00s Real=0.01s
[365.099s][info][gc,start    ] GC(147) Pause Young (Allocation Failure)
[365.109s][info][gc,heap     ] GC(147) PSYoungGen: 2728448K(2728448K)->66688K(2728448K) Eden: 2660864K(2660864K)->0K(2660864K) From: 67584K(67584K)->66688K(67584K)
[365.109s][info][gc,heap     ] GC(147) ParOldGen: 77831K(5592576K)->79191K(5592576K)
[365.109s][info][gc,metaspace] GC(147) Metaspace: 829K(960K)->829K(960K) NonClass: 775K(832K)->775K(832K) Class: 53K(128K)->53K(128K)
[365.109s][info][gc          ] GC(147) Pause Young (Allocation Failure) 2740M->142M(8126M) 9.955ms
[365.109s][info][gc,cpu      ] GC(147) User=0.11s Sys=0.00s Real=0.01s
[367.621s][info][gc,start    ] GC(148) Pause Young (Allocation Failure)
[367.629s][info][gc,heap     ] GC(148) PSYoungGen: 2727552K(2728448K)->66848K(2728448K) Eden: 2660864K(2660864K)->0K(2660864K) From: 66688K(67584K)->66848K(67584K)
[367.629s][info][gc,heap     ] GC(148) ParOldGen: 79191K(5592576K)->79207K(5592576K)
[367.629s][info][gc,metaspace] GC(148) Metaspace: 829K(960K)->829K(960K) NonClass: 775K(832K)->775K(832K) Class: 53K(128K)->53K(128K)
[367.629s][info][gc          ] GC(148) Pause Young (Allocation Failure) 2740M->142M(8126M) 8.000ms
[367.629s][info][gc,cpu      ] GC(148) User=0.09s Sys=0.00s Real=0.01s
[370.140s][info][gc,start    ] GC(149) Pause Young (Allocation Failure)
[370.148s][info][gc,heap     ] GC(149) PSYoungGen: 2727712K(2728448K)->66752K(2728448K) Eden: 2660864K(2660864K)->0K(2660864K) From: 66848K(67584K)->66752K(67584K)
[370.148s][info][gc,heap     ] GC(149) ParOldGen: 79207K(5592576K)->79207K(5592576K)
[370.148s][info][gc,metaspace] GC(149) Metaspace: 829K(960K)->829K(960K) NonClass: 775K(832K)->775K(832K) Class: 53K(128K)->53K(128K)
[370.148s][info][gc          ] GC(149) Pause Young (Allocation Failure) 2741M->142M(8126M) 7.860ms
[370.148s][info][gc,cpu      ] GC(149) User=0.10s Sys=0.00s Real=0.01s
[372.660s][info][gc,start    ] GC(150) Pause Young (Allocation Failure)
[372.668s][info][gc,heap     ] GC(150) PSYoungGen: 2727616K(2728448K)->66848K(2728448K) Eden: 2660864K(2660864K)->0K(2660864K) From: 66752K(67584K)->66848K(67584K)
[372.668s][info][gc,heap     ] GC(150) ParOldGen: 79207K(5592576K)->79207K(5592576K)
[372.668s][info][gc,metaspace] GC(150) Metaspace: 829K(960K)->829K(960K) NonClass: 775K(832K)->775K(832K) Class: 53K(128K)->53K(128K)
[372.668s][info][gc          ] GC(150) Pause Young (Allocation Failure) 2741M->142M(8126M) 8.105ms
[372.668s][info][gc,cpu      ] GC(150) User=0.10s Sys=0.00s Real=0.01s
[375.189s][info][gc,start    ] GC(151) Pause Young (Allocation Failure)
[375.197s][info][gc,heap     ] GC(151) PSYoungGen: 2727712K(2728448K)->66752K(2728448K) Eden: 2660864K(2660864K)->0K(2660864K) From: 66848K(67584K)->66752K(67584K)
[375.197s][info][gc,heap     ] GC(151) ParOldGen: 79207K(5592576K)->79207K(5592576K)
[375.197s][info][gc,metaspace] GC(151) Metaspace: 829K(960K)->829K(960K) NonClass: 775K(832K)->775K(832K) Class: 53K(128K)->53K(128K)
[375.197s][info][gc          ] GC(151) Pause Young (Allocation Failure) 2741M->142M(8126M) 7.726ms
[375.197s][info][gc,cpu      ] GC(151) User=0.09s Sys=0.00s Real=0.01s
[377.711s][info][gc,start    ] GC(152) Pause Young (Allocation Failure)
[377.718s][info][gc,heap     ] GC(152) PSYoungGen: 2727616K(2728448K)->66592K(2728448K) Eden: 2660864K(2660864K)->0K(2660864K) From: 66752K(67584K)->66592K(67584K)
[377.718s][info][gc,heap     ] GC(152) ParOldGen: 79207K(5592576K)->79207K(5592576K)
[377.718s][info][gc,metaspace] GC(152) Metaspace: 829K(960K)->829K(960K) NonClass: 775K(832K)->775K(832K) Class: 53K(128K)->53K(128K)
[377.718s][info][gc          ] GC(152) Pause Young (Allocation Failure) 2741M->142M(8126M) 7.667ms
[377.718s][info][gc,cpu      ] GC(152) User=0.10s Sys=0.00s Real=0.01s
[380.239s][info][gc,start    ] GC(153) Pause Young (Allocation Failure)
[380.248s][info][gc,heap     ] GC(153) PSYoungGen: 2727456K(2728448K)->66688K(2728448K) Eden: 2660864K(2660864K)->0K(2660864K) From: 66592K(67584K)->66688K(67584K)
[380.248s][info][gc,heap     ] GC(153) ParOldGen: 79207K(5592576K)->79207K(5592576K)
[380.248s][info][gc,metaspace] GC(153) Metaspace: 829K(960K)->829K(960K) NonClass: 775K(832K)->775K(832K) Class: 53K(128K)->53K(128K)
[380.248s][info][gc          ] GC(153) Pause Young (Allocation Failure) 2740M->142M(8126M) 8.161ms
[380.248s][info][gc,cpu      ] GC(153) User=0.10s Sys=0.01s Real=0.01s
[382.759s][info][gc,start    ] GC(154) Pause Young (Allocation Failure)
[382.767s][info][gc,heap     ] GC(154) PSYoungGen: 2727552K(2728448K)->66784K(2728448K) Eden: 2660864K(2660864K)->0K(2660864K) From: 66688K(67584K)->66784K(67584K)
[382.767s][info][gc,heap     ] GC(154) ParOldGen: 79207K(5592576K)->79207K(5592576K)
[382.767s][info][gc,metaspace] GC(154) Metaspace: 829K(960K)->829K(960K) NonClass: 775K(832K)->775K(832K) Class: 53K(128K)->53K(128K)
[382.767s][info][gc          ] GC(154) Pause Young (Allocation Failure) 2740M->142M(8126M) 7.837ms
[382.767s][info][gc,cpu      ] GC(154) User=0.10s Sys=0.00s Real=0.01s
[385.281s][info][gc,start    ] GC(155) Pause Young (Allocation Failure)
[385.289s][info][gc,heap     ] GC(155) PSYoungGen: 2727648K(2728448K)->66752K(2728448K) Eden: 2660864K(2660864K)->0K(2660864K) From: 66784K(67584K)->66752K(67584K)
[385.289s][info][gc,heap     ] GC(155) ParOldGen: 79207K(5592576K)->79207K(5592576K)
[385.289s][info][gc,metaspace] GC(155) Metaspace: 829K(960K)->829K(960K) NonClass: 775K(832K)->775K(832K) Class: 53K(128K)->53K(128K)
[385.289s][info][gc          ] GC(155) Pause Young (Allocation Failure) 2741M->142M(8126M) 8.198ms
[385.289s][info][gc,cpu      ] GC(155) User=0.10s Sys=0.00s Real=0.01s
[387.809s][info][gc,start    ] GC(156) Pause Young (Allocation Failure)
[387.817s][info][gc,heap     ] GC(156) PSYoungGen: 2727616K(2728448K)->66848K(2728448K) Eden: 2660864K(2660864K)->0K(2660864K) From: 66752K(67584K)->66848K(67584K)
[387.817s][info][gc,heap     ] GC(156) ParOldGen: 79207K(5592576K)->79207K(5592576K)
[387.817s][info][gc,metaspace] GC(156) Metaspace: 829K(960K)->829K(960K) NonClass: 775K(832K)->775K(832K) Class: 53K(128K)->53K(128K)
[387.817s][info][gc          ] GC(156) Pause Young (Allocation Failure) 2741M->142M(8126M) 8.101ms
[387.817s][info][gc,cpu      ] GC(156) User=0.10s Sys=0.00s Real=0.01s
[390.329s][info][gc,start    ] GC(157) Pause Young (Allocation Failure)
[390.337s][info][gc,heap     ] GC(157) PSYoungGen: 2727712K(2728448K)->66752K(2728448K) Eden: 2660864K(2660864K)->0K(2660864K) From: 66848K(67584K)->66752K(67584K)
[390.337s][info][gc,heap     ] GC(157) ParOldGen: 79207K(5592576K)->79207K(5592576K)
[390.337s][info][gc,metaspace] GC(157) Metaspace: 829K(960K)->829K(960K) NonClass: 775K(832K)->775K(832K) Class: 53K(128K)->53K(128K)
[390.337s][info][gc          ] GC(157) Pause Young (Allocation Failure) 2741M->142M(8126M) 8.167ms
[390.337s][info][gc,cpu      ] GC(157) User=0.10s Sys=0.00s Real=0.01s
[392.850s][info][gc,start    ] GC(158) Pause Young (Allocation Failure)
[392.857s][info][gc,heap     ] GC(158) PSYoungGen: 2727616K(2728448K)->66848K(2728448K) Eden: 2660864K(2660864K)->0K(2660864K) From: 66752K(67584K)->66848K(67584K)
[392.857s][info][gc,heap     ] GC(158) ParOldGen: 79207K(5592576K)->79207K(5592576K)
[392.857s][info][gc,metaspace] GC(158) Metaspace: 829K(960K)->829K(960K) NonClass: 775K(832K)->775K(832K) Class: 53K(128K)->53K(128K)
[392.857s][info][gc          ] GC(158) Pause Young (Allocation Failure) 2741M->142M(8126M) 7.689ms
[392.857s][info][gc,cpu      ] GC(158) User=0.09s Sys=0.00s Real=0.01s
[395.380s][info][gc,start    ] GC(159) Pause Young (Allocation Failure)
[395.388s][info][gc,heap     ] GC(159) PSYoungGen: 2727712K(2728448K)->66848K(2728448K) Eden: 2660864K(2660864K)->0K(2660864K) From: 66848K(67584K)->66848K(67584K)
[395.388s][info][gc,heap     ] GC(159) ParOldGen: 79207K(5592576K)->79207K(5592576K)
[395.388s][info][gc,metaspace] GC(159) Metaspace: 829K(960K)->829K(960K) NonClass: 775K(832K)->775K(832K) Class: 53K(128K)->53K(128K)
[395.388s][info][gc          ] GC(159) Pause Young (Allocation Failure) 2741M->142M(8126M) 8.510ms
[395.388s][info][gc,cpu      ] GC(159) User=0.10s Sys=0.01s Real=0.01s
[397.910s][info][gc,start    ] GC(160) Pause Young (Allocation Failure)
[397.918s][info][gc,heap     ] GC(160) PSYoungGen: 2727712K(2728448K)->66752K(2728448K) Eden: 2660864K(2660864K)->0K(2660864K) From: 66848K(67584K)->66752K(67584K)
[397.918s][info][gc,heap     ] GC(160) ParOldGen: 79207K(5592576K)->79207K(5592576K)
[397.918s][info][gc,metaspace] GC(160) Metaspace: 829K(960K)->829K(960K) NonClass: 775K(832K)->775K(832K) Class: 53K(128K)->53K(128K)
[397.918s][info][gc          ] GC(160) Pause Young (Allocation Failure) 2741M->142M(8126M) 8.017ms
[397.918s][info][gc,cpu      ] GC(160) User=0.10s Sys=0.00s Real=0.01s
[400.430s][info][gc,start    ] GC(161) Pause Young (Allocation Failure)
[400.438s][info][gc,heap     ] GC(161) PSYoungGen: 2727616K(2728448K)->66848K(2728960K) Eden: 2660864K(2660864K)->0K(2661888K) From: 66752K(67584K)->66848K(67072K)
[400.438s][info][gc,heap     ] GC(161) ParOldGen: 79207K(5592576K)->79207K(5592576K)
[400.438s][info][gc,metaspace] GC(161) Metaspace: 829K(960K)->829K(960K) NonClass: 775K(832K)->775K(832K) Class: 53K(128K)->53K(128K)
[400.438s][info][gc          ] GC(161) Pause Young (Allocation Failure) 2741M->142M(8126M) 7.942ms
[400.438s][info][gc,cpu      ] GC(161) User=0.10s Sys=0.00s Real=0.01s
[402.950s][info][gc,start    ] GC(162) Pause Young (Allocation Failure)
[402.958s][info][gc,heap     ] GC(162) PSYoungGen: 2728736K(2728960K)->66752K(2728960K) Eden: 2661888K(2661888K)->0K(2661888K) From: 66848K(67072K)->66752K(67072K)
[402.958s][info][gc,heap     ] GC(162) ParOldGen: 79207K(5592576K)->79207K(5592576K)
[402.958s][info][gc,metaspace] GC(162) Metaspace: 829K(960K)->829K(960K) NonClass: 775K(832K)->775K(832K) Class: 53K(128K)->53K(128K)
[402.958s][info][gc          ] GC(162) Pause Young (Allocation Failure) 2742M->142M(8126M) 8.144ms
[402.959s][info][gc,cpu      ] GC(162) User=0.10s Sys=0.00s Real=0.00s
[405.470s][info][gc,start    ] GC(163) Pause Young (Allocation Failure)
[405.478s][info][gc,heap     ] GC(163) PSYoungGen: 2728640K(2728960K)->66784K(2728960K) Eden: 2661888K(2661888K)->0K(2661888K) From: 66752K(67072K)->66784K(67072K)
[405.478s][info][gc,heap     ] GC(163) ParOldGen: 79207K(5592576K)->79207K(5592576K)
[405.478s][info][gc,metaspace] GC(163) Metaspace: 829K(960K)->829K(960K) NonClass: 775K(832K)->775K(832K) Class: 53K(128K)->53K(128K)
[405.478s][info][gc          ] GC(163) Pause Young (Allocation Failure) 2742M->142M(8126M) 8.266ms
[405.478s][info][gc,cpu      ] GC(163) User=0.09s Sys=0.00s Real=0.01s
[407.999s][info][gc,start    ] GC(164) Pause Young (Allocation Failure)
[408.006s][info][gc,heap     ] GC(164) PSYoungGen: 2728672K(2728960K)->66784K(2728960K) Eden: 2661888K(2661888K)->0K(2661888K) From: 66784K(67072K)->66784K(67072K)
[408.007s][info][gc,heap     ] GC(164) ParOldGen: 79207K(5592576K)->79207K(5592576K)
[408.007s][info][gc,metaspace] GC(164) Metaspace: 829K(960K)->829K(960K) NonClass: 775K(832K)->775K(832K) Class: 53K(128K)->53K(128K)
[408.007s][info][gc          ] GC(164) Pause Young (Allocation Failure) 2742M->142M(8126M) 7.896ms
[408.007s][info][gc,cpu      ] GC(164) User=0.10s Sys=0.00s Real=0.01s
[410.520s][info][gc,start    ] GC(165) Pause Young (Allocation Failure)
[410.527s][info][gc,heap     ] GC(165) PSYoungGen: 2728672K(2728960K)->66944K(2728960K) Eden: 2661888K(2661888K)->0K(2661888K) From: 66784K(67072K)->66944K(67072K)
[410.527s][info][gc,heap     ] GC(165) ParOldGen: 79207K(5592576K)->79207K(5592576K)
[410.527s][info][gc,metaspace] GC(165) Metaspace: 829K(960K)->829K(960K) NonClass: 775K(832K)->775K(832K) Class: 53K(128K)->53K(128K)
[410.527s][info][gc          ] GC(165) Pause Young (Allocation Failure) 2742M->142M(8126M) 7.850ms
[410.527s][info][gc,cpu      ] GC(165) User=0.10s Sys=0.00s Real=0.01s
[413.049s][info][gc,start    ] GC(166) Pause Young (Allocation Failure)
[413.057s][info][gc,heap     ] GC(166) PSYoungGen: 2728832K(2728960K)->66656K(2728960K) Eden: 2661888K(2661888K)->0K(2661888K) From: 66944K(67072K)->66656K(67072K)
[413.058s][info][gc,heap     ] GC(166) ParOldGen: 79207K(5592576K)->79207K(5592576K)
[413.058s][info][gc,metaspace] GC(166) Metaspace: 829K(960K)->829K(960K) NonClass: 775K(832K)->775K(832K) Class: 53K(128K)->53K(128K)
[413.058s][info][gc          ] GC(166) Pause Young (Allocation Failure) 2742M->142M(8126M) 8.320ms
[413.058s][info][gc,cpu      ] GC(166) User=0.10s Sys=0.00s Real=0.01s
[415.579s][info][gc,start    ] GC(167) Pause Young (Allocation Failure)
[415.587s][info][gc,heap     ] GC(167) PSYoungGen: 2728544K(2728960K)->66784K(2728960K) Eden: 2661888K(2661888K)->0K(2661888K) From: 66656K(67072K)->66784K(67072K)
[415.587s][info][gc,heap     ] GC(167) ParOldGen: 79207K(5592576K)->79207K(5592576K)
[415.587s][info][gc,metaspace] GC(167) Metaspace: 829K(960K)->829K(960K) NonClass: 775K(832K)->775K(832K) Class: 53K(128K)->53K(128K)
[415.587s][info][gc          ] GC(167) Pause Young (Allocation Failure) 2741M->142M(8126M) 7.796ms
[415.587s][info][gc,cpu      ] GC(167) User=0.10s Sys=0.00s Real=0.01s
[418.100s][info][gc,start    ] GC(168) Pause Young (Allocation Failure)
[418.108s][info][gc,heap     ] GC(168) PSYoungGen: 2728672K(2728960K)->66912K(2728960K) Eden: 2661888K(2661888K)->0K(2661888K) From: 66784K(67072K)->66912K(67072K)
[418.108s][info][gc,heap     ] GC(168) ParOldGen: 79207K(5592576K)->79207K(5592576K)
[418.108s][info][gc,metaspace] GC(168) Metaspace: 829K(960K)->829K(960K) NonClass: 775K(832K)->775K(832K) Class: 53K(128K)->53K(128K)
[418.108s][info][gc          ] GC(168) Pause Young (Allocation Failure) 2742M->142M(8126M) 8.073ms
[418.108s][info][gc,cpu      ] GC(168) User=0.10s Sys=0.00s Real=0.00s
[420.629s][info][gc,start    ] GC(169) Pause Young (Allocation Failure)
[420.639s][info][gc,heap     ] GC(169) PSYoungGen: 2728800K(2728960K)->66656K(2728960K) Eden: 2661888K(2661888K)->0K(2661888K) From: 66912K(67072K)->66656K(67072K)
[420.639s][info][gc,heap     ] GC(169) ParOldGen: 79207K(5592576K)->79207K(5592576K)
[420.639s][info][gc,metaspace] GC(169) Metaspace: 829K(960K)->829K(960K) NonClass: 775K(832K)->775K(832K) Class: 53K(128K)->53K(128K)
[420.639s][info][gc          ] GC(169) Pause Young (Allocation Failure) 2742M->142M(8126M) 9.239ms
[420.639s][info][gc,cpu      ] GC(169) User=0.11s Sys=0.00s Real=0.01s
[423.150s][info][gc,start    ] GC(170) Pause Young (Allocation Failure)
[423.160s][info][gc,heap     ] GC(170) PSYoungGen: 2728544K(2728960K)->67072K(2728960K) Eden: 2661888K(2661888K)->0K(2661888K) From: 66656K(67072K)->67072K(67072K)
[423.160s][info][gc,heap     ] GC(170) ParOldGen: 79207K(5592576K)->80151K(5592576K)
[423.160s][info][gc,metaspace] GC(170) Metaspace: 829K(960K)->829K(960K) NonClass: 775K(832K)->775K(832K) Class: 53K(128K)->53K(128K)
[423.160s][info][gc          ] GC(170) Pause Young (Allocation Failure) 2741M->143M(8126M) 9.825ms
[423.160s][info][gc,cpu      ] GC(170) User=0.11s Sys=0.00s Real=0.01s
[425.679s][info][gc,start    ] GC(171) Pause Young (Allocation Failure)
[425.687s][info][gc,heap     ] GC(171) PSYoungGen: 2728960K(2728960K)->66720K(2727936K) Eden: 2661888K(2661888K)->0K(2660864K) From: 67072K(67072K)->66720K(67072K)
[425.687s][info][gc,heap     ] GC(171) ParOldGen: 80151K(5592576K)->81015K(5592576K)
[425.687s][info][gc,metaspace] GC(171) Metaspace: 829K(960K)->829K(960K) NonClass: 775K(832K)->775K(832K) Class: 53K(128K)->53K(128K)
[425.687s][info][gc          ] GC(171) Pause Young (Allocation Failure) 2743M->144M(8125M) 8.387ms
[425.687s][info][gc,cpu      ] GC(171) User=0.10s Sys=0.01s Real=0.01s
[428.200s][info][gc,start    ] GC(172) Pause Young (Allocation Failure)
[428.209s][info][gc,heap     ] GC(172) PSYoungGen: 2727584K(2727936K)->66848K(2728448K) Eden: 2660864K(2660864K)->0K(2660864K) From: 66720K(67072K)->66848K(67584K)
[428.209s][info][gc,heap     ] GC(172) ParOldGen: 81015K(5592576K)->81015K(5592576K)
[428.209s][info][gc,metaspace] GC(172) Metaspace: 829K(960K)->829K(960K) NonClass: 775K(832K)->775K(832K) Class: 53K(128K)->53K(128K)
[428.209s][info][gc          ] GC(172) Pause Young (Allocation Failure) 2742M->144M(8126M) 8.386ms
[428.209s][info][gc,cpu      ] GC(172) User=0.10s Sys=0.00s Real=0.00s
[430.719s][info][gc,start    ] GC(173) Pause Young (Allocation Failure)
[430.727s][info][gc,heap     ] GC(173) PSYoungGen: 2727712K(2728448K)->66784K(2728448K) Eden: 2660864K(2660864K)->0K(2660864K) From: 66848K(67584K)->66784K(67584K)
[430.728s][info][gc,heap     ] GC(173) ParOldGen: 81015K(5592576K)->81015K(5592576K)
[430.728s][info][gc,metaspace] GC(173) Metaspace: 829K(960K)->829K(960K) NonClass: 775K(832K)->775K(832K) Class: 53K(128K)->53K(128K)
[430.728s][info][gc          ] GC(173) Pause Young (Allocation Failure) 2742M->144M(8126M) 8.110ms
[430.728s][info][gc,cpu      ] GC(173) User=0.10s Sys=0.01s Real=0.00s
[433.250s][info][gc,start    ] GC(174) Pause Young (Allocation Failure)
[433.257s][info][gc,heap     ] GC(174) PSYoungGen: 2727648K(2728448K)->66816K(2728448K) Eden: 2660864K(2660864K)->0K(2660864K) From: 66784K(67584K)->66816K(67584K)
[433.258s][info][gc,heap     ] GC(174) ParOldGen: 81015K(5592576K)->81015K(5592576K)
[433.258s][info][gc,metaspace] GC(174) Metaspace: 829K(960K)->829K(960K) NonClass: 775K(832K)->775K(832K) Class: 53K(128K)->53K(128K)
[433.258s][info][gc          ] GC(174) Pause Young (Allocation Failure) 2742M->144M(8126M) 7.922ms
[433.258s][info][gc,cpu      ] GC(174) User=0.10s Sys=0.00s Real=0.00s
[435.770s][info][gc,start    ] GC(175) Pause Young (Allocation Failure)
[435.778s][info][gc,heap     ] GC(175) PSYoungGen: 2727680K(2728448K)->66688K(2728448K) Eden: 2660864K(2660864K)->0K(2660864K) From: 66816K(67584K)->66688K(67584K)
[435.778s][info][gc,heap     ] GC(175) ParOldGen: 81015K(5592576K)->81015K(5592576K)
[435.778s][info][gc,metaspace] GC(175) Metaspace: 829K(960K)->829K(960K) NonClass: 775K(832K)->775K(832K) Class: 53K(128K)->53K(128K)
[435.778s][info][gc          ] GC(175) Pause Young (Allocation Failure) 2742M->144M(8126M) 8.000ms
[435.778s][info][gc,cpu      ] GC(175) User=0.10s Sys=0.00s Real=0.00s
[438.291s][info][gc,start    ] GC(176) Pause Young (Allocation Failure)
[438.299s][info][gc,heap     ] GC(176) PSYoungGen: 2727552K(2728448K)->66944K(2728448K) Eden: 2660864K(2660864K)->0K(2660864K) From: 66688K(67584K)->66944K(67584K)
[438.299s][info][gc,heap     ] GC(176) ParOldGen: 81015K(5592576K)->81015K(5592576K)
[438.299s][info][gc,metaspace] GC(176) Metaspace: 829K(960K)->829K(960K) NonClass: 775K(832K)->775K(832K) Class: 53K(128K)->53K(128K)
[438.299s][info][gc          ] GC(176) Pause Young (Allocation Failure) 2742M->144M(8126M) 7.757ms
[438.299s][info][gc,cpu      ] GC(176) User=0.10s Sys=0.01s Real=0.00s
[440.811s][info][gc,start    ] GC(177) Pause Young (Allocation Failure)
[440.818s][info][gc,heap     ] GC(177) PSYoungGen: 2727808K(2728448K)->66720K(2728448K) Eden: 2660864K(2660864K)->0K(2660864K) From: 66944K(67584K)->66720K(67584K)
[440.819s][info][gc,heap     ] GC(177) ParOldGen: 81015K(5592576K)->81015K(5592576K)
[440.819s][info][gc,metaspace] GC(177) Metaspace: 829K(960K)->829K(960K) NonClass: 775K(832K)->775K(832K) Class: 53K(128K)->53K(128K)
[440.819s][info][gc          ] GC(177) Pause Young (Allocation Failure) 2742M->144M(8126M) 7.652ms
[440.819s][info][gc,cpu      ] GC(177) User=0.09s Sys=0.00s Real=0.00s
[443.338s][info][gc,start    ] GC(178) Pause Young (Allocation Failure)
[443.347s][info][gc,heap     ] GC(178) PSYoungGen: 2727584K(2728448K)->66816K(2728448K) Eden: 2660864K(2660864K)->0K(2660864K) From: 66720K(67584K)->66816K(67584K)
[443.347s][info][gc,heap     ] GC(178) ParOldGen: 81015K(5592576K)->81015K(5592576K)
[443.347s][info][gc,metaspace] GC(178) Metaspace: 829K(960K)->829K(960K) NonClass: 775K(832K)->775K(832K) Class: 53K(128K)->53K(128K)
[443.347s][info][gc          ] GC(178) Pause Young (Allocation Failure) 2742M->144M(8126M) 8.298ms
[443.347s][info][gc,cpu      ] GC(178) User=0.10s Sys=0.00s Real=0.01s
[445.861s][info][gc,start    ] GC(179) Pause Young (Allocation Failure)
[445.869s][info][gc,heap     ] GC(179) PSYoungGen: 2727680K(2728448K)->66816K(2728448K) Eden: 2660864K(2660864K)->0K(2660864K) From: 66816K(67584K)->66816K(67584K)
[445.869s][info][gc,heap     ] GC(179) ParOldGen: 81015K(5592576K)->81015K(5592576K)
[445.869s][info][gc,metaspace] GC(179) Metaspace: 829K(960K)->829K(960K) NonClass: 775K(832K)->775K(832K) Class: 53K(128K)->53K(128K)
[445.869s][info][gc          ] GC(179) Pause Young (Allocation Failure) 2742M->144M(8126M) 8.131ms
[445.869s][info][gc,cpu      ] GC(179) User=0.10s Sys=0.01s Real=0.00s
[448.389s][info][gc,start    ] GC(180) Pause Young (Allocation Failure)
[448.397s][info][gc,heap     ] GC(180) PSYoungGen: 2727680K(2728448K)->66880K(2728448K) Eden: 2660864K(2660864K)->0K(2660864K) From: 66816K(67584K)->66880K(67584K)
[448.397s][info][gc,heap     ] GC(180) ParOldGen: 81015K(5592576K)->81015K(5592576K)
[448.397s][info][gc,metaspace] GC(180) Metaspace: 829K(960K)->829K(960K) NonClass: 775K(832K)->775K(832K) Class: 53K(128K)->53K(128K)
[448.397s][info][gc          ] GC(180) Pause Young (Allocation Failure) 2742M->144M(8126M) 7.919ms
[448.397s][info][gc,cpu      ] GC(180) User=0.10s Sys=0.00s Real=0.00s
[450.909s][info][gc,start    ] GC(181) Pause Young (Allocation Failure)
[450.918s][info][gc,heap     ] GC(181) PSYoungGen: 2727744K(2728448K)->66816K(2728448K) Eden: 2660864K(2660864K)->0K(2660864K) From: 66880K(67584K)->66816K(67584K)
[450.918s][info][gc,heap     ] GC(181) ParOldGen: 81015K(5592576K)->81015K(5592576K)
[450.918s][info][gc,metaspace] GC(181) Metaspace: 829K(960K)->829K(960K) NonClass: 775K(832K)->775K(832K) Class: 53K(128K)->53K(128K)
[450.918s][info][gc          ] GC(181) Pause Young (Allocation Failure) 2742M->144M(8126M) 8.677ms
[450.918s][info][gc,cpu      ] GC(181) User=0.10s Sys=0.00s Real=0.00s
[453.430s][info][gc,start    ] GC(182) Pause Young (Allocation Failure)
[453.438s][info][gc,heap     ] GC(182) PSYoungGen: 2727680K(2728448K)->66752K(2728448K) Eden: 2660864K(2660864K)->0K(2660864K) From: 66816K(67584K)->66752K(67584K)
[453.438s][info][gc,heap     ] GC(182) ParOldGen: 81015K(5592576K)->81015K(5592576K)
[453.438s][info][gc,metaspace] GC(182) Metaspace: 829K(960K)->829K(960K) NonClass: 775K(832K)->775K(832K) Class: 53K(128K)->53K(128K)
[453.438s][info][gc          ] GC(182) Pause Young (Allocation Failure) 2742M->144M(8126M) 7.791ms
[453.438s][info][gc,cpu      ] GC(182) User=0.09s Sys=0.00s Real=0.00s
[455.949s][info][gc,start    ] GC(183) Pause Young (Allocation Failure)
[455.957s][info][gc,heap     ] GC(183) PSYoungGen: 2727616K(2728448K)->66784K(2728448K) Eden: 2660864K(2660864K)->0K(2660864K) From: 66752K(67584K)->66784K(67584K)
[455.957s][info][gc,heap     ] GC(183) ParOldGen: 81015K(5592576K)->81015K(5592576K)
[455.957s][info][gc,metaspace] GC(183) Metaspace: 829K(960K)->829K(960K) NonClass: 775K(832K)->775K(832K) Class: 53K(128K)->53K(128K)
[455.957s][info][gc          ] GC(183) Pause Young (Allocation Failure) 2742M->144M(8126M) 7.431ms
[455.957s][info][gc,cpu      ] GC(183) User=0.09s Sys=0.00s Real=0.00s
[458.478s][info][gc,start    ] GC(184) Pause Young (Allocation Failure)
[458.487s][info][gc,heap     ] GC(184) PSYoungGen: 2727648K(2728448K)->66720K(2728448K) Eden: 2660864K(2660864K)->0K(2660864K) From: 66784K(67584K)->66720K(67584K)
[458.487s][info][gc,heap     ] GC(184) ParOldGen: 81015K(5592576K)->81015K(5592576K)
[458.487s][info][gc,metaspace] GC(184) Metaspace: 829K(960K)->829K(960K) NonClass: 775K(832K)->775K(832K) Class: 53K(128K)->53K(128K)
[458.487s][info][gc          ] GC(184) Pause Young (Allocation Failure) 2742M->144M(8126M) 8.354ms
[458.487s][info][gc,cpu      ] GC(184) User=0.10s Sys=0.01s Real=0.01s
[461.000s][info][gc,start    ] GC(185) Pause Young (Allocation Failure)
[461.007s][info][gc,heap     ] GC(185) PSYoungGen: 2727584K(2728448K)->66784K(2728448K) Eden: 2660864K(2660864K)->0K(2660864K) From: 66720K(67584K)->66784K(67584K)
[461.007s][info][gc,heap     ] GC(185) ParOldGen: 81015K(5592576K)->81015K(5592576K)
[461.007s][info][gc,metaspace] GC(185) Metaspace: 829K(960K)->829K(960K) NonClass: 775K(832K)->775K(832K) Class: 53K(128K)->53K(128K)
[461.007s][info][gc          ] GC(185) Pause Young (Allocation Failure) 2742M->144M(8126M) 7.736ms
[461.007s][info][gc,cpu      ] GC(185) User=0.09s Sys=0.01s Real=0.00s
[463.529s][info][gc,start    ] GC(186) Pause Young (Allocation Failure)
[463.537s][info][gc,heap     ] GC(186) PSYoungGen: 2727648K(2728448K)->66784K(2728448K) Eden: 2660864K(2660864K)->0K(2660864K) From: 66784K(67584K)->66784K(67584K)
[463.538s][info][gc,heap     ] GC(186) ParOldGen: 81015K(5592576K)->81015K(5592576K)
[463.538s][info][gc,metaspace] GC(186) Metaspace: 829K(960K)->829K(960K) NonClass: 775K(832K)->775K(832K) Class: 53K(128K)->53K(128K)
[463.538s][info][gc          ] GC(186) Pause Young (Allocation Failure) 2742M->144M(8126M) 8.119ms
[463.538s][info][gc,cpu      ] GC(186) User=0.10s Sys=0.00s Real=0.00s
[466.059s][info][gc,start    ] GC(187) Pause Young (Allocation Failure)
[466.067s][info][gc,heap     ] GC(187) PSYoungGen: 2727648K(2728448K)->66720K(2728960K) Eden: 2660864K(2660864K)->0K(2661888K) From: 66784K(67584K)->66720K(67072K)
[466.067s][info][gc,heap     ] GC(187) ParOldGen: 81015K(5592576K)->81015K(5592576K)
[466.067s][info][gc,metaspace] GC(187) Metaspace: 829K(960K)->829K(960K) NonClass: 775K(832K)->775K(832K) Class: 53K(128K)->53K(128K)
[466.067s][info][gc          ] GC(187) Pause Young (Allocation Failure) 2742M->144M(8126M) 7.667ms
[466.067s][info][gc,cpu      ] GC(187) User=0.10s Sys=0.00s Real=0.00s
[468.578s][info][gc,start    ] GC(188) Pause Young (Allocation Failure)
[468.586s][info][gc,heap     ] GC(188) PSYoungGen: 2728608K(2728960K)->66752K(2728960K) Eden: 2661888K(2661888K)->0K(2661888K) From: 66720K(67072K)->66752K(67072K)
[468.586s][info][gc,heap     ] GC(188) ParOldGen: 81015K(5592576K)->81015K(5592576K)
[468.586s][info][gc,metaspace] GC(188) Metaspace: 829K(960K)->829K(960K) NonClass: 775K(832K)->775K(832K) Class: 53K(128K)->53K(128K)
[468.586s][info][gc          ] GC(188) Pause Young (Allocation Failure) 2743M->144M(8126M) 8.078ms
[468.586s][info][gc,cpu      ] GC(188) User=0.10s Sys=0.00s Real=0.00s
[471.098s][info][gc,start    ] GC(189) Pause Young (Allocation Failure)
[471.106s][info][gc,heap     ] GC(189) PSYoungGen: 2728640K(2728960K)->66688K(2728960K) Eden: 2661888K(2661888K)->0K(2661888K) From: 66752K(67072K)->66688K(67072K)
[471.106s][info][gc,heap     ] GC(189) ParOldGen: 81015K(5592576K)->81015K(5592576K)
[471.106s][info][gc,metaspace] GC(189) Metaspace: 829K(960K)->829K(960K) NonClass: 775K(832K)->775K(832K) Class: 53K(128K)->53K(128K)
[471.106s][info][gc          ] GC(189) Pause Young (Allocation Failure) 2743M->144M(8126M) 8.048ms
[471.106s][info][gc,cpu      ] GC(189) User=0.10s Sys=0.00s Real=0.00s
[473.620s][info][gc,start    ] GC(190) Pause Young (Allocation Failure)
[473.627s][info][gc,heap     ] GC(190) PSYoungGen: 2728576K(2728960K)->66656K(2728960K) Eden: 2661888K(2661888K)->0K(2661888K) From: 66688K(67072K)->66656K(67072K)
[473.628s][info][gc,heap     ] GC(190) ParOldGen: 81015K(5592576K)->81015K(5592576K)
[473.628s][info][gc,metaspace] GC(190) Metaspace: 829K(960K)->829K(960K) NonClass: 775K(832K)->775K(832K) Class: 53K(128K)->53K(128K)
[473.628s][info][gc          ] GC(190) Pause Young (Allocation Failure) 2743M->144M(8126M) 7.932ms
[473.628s][info][gc,cpu      ] GC(190) User=0.09s Sys=0.00s Real=0.00s
[476.149s][info][gc,start    ] GC(191) Pause Young (Allocation Failure)
[476.157s][info][gc,heap     ] GC(191) PSYoungGen: 2728544K(2728960K)->66816K(2728960K) Eden: 2661888K(2661888K)->0K(2661888K) From: 66656K(67072K)->66816K(67072K)
[476.157s][info][gc,heap     ] GC(191) ParOldGen: 81015K(5592576K)->81015K(5592576K)
[476.157s][info][gc,metaspace] GC(191) Metaspace: 829K(960K)->829K(960K) NonClass: 775K(832K)->775K(832K) Class: 53K(128K)->53K(128K)
[476.157s][info][gc          ] GC(191) Pause Young (Allocation Failure) 2743M->144M(8126M) 8.166ms
[476.157s][info][gc,cpu      ] GC(191) User=0.10s Sys=0.00s Real=0.00s
[478.678s][info][gc,start    ] GC(192) Pause Young (Allocation Failure)
[478.686s][info][gc,heap     ] GC(192) PSYoungGen: 2728704K(2728960K)->66752K(2728960K) Eden: 2661888K(2661888K)->0K(2661888K) From: 66816K(67072K)->66752K(67072K)
[478.686s][info][gc,heap     ] GC(192) ParOldGen: 81015K(5592576K)->81015K(5592576K)
[478.686s][info][gc,metaspace] GC(192) Metaspace: 829K(960K)->829K(960K) NonClass: 775K(832K)->775K(832K) Class: 53K(128K)->53K(128K)
[478.686s][info][gc          ] GC(192) Pause Young (Allocation Failure) 2743M->144M(8126M) 7.758ms
[478.686s][info][gc,cpu      ] GC(192) User=0.09s Sys=0.00s Real=0.00s
[481.200s][info][gc,start    ] GC(193) Pause Young (Allocation Failure)
[481.210s][info][gc,heap     ] GC(193) PSYoungGen: 2728640K(2728960K)->66688K(2728960K) Eden: 2661888K(2661888K)->0K(2661888K) From: 66752K(67072K)->66688K(67072K)
[481.210s][info][gc,heap     ] GC(193) ParOldGen: 81015K(5592576K)->81015K(5592576K)
[481.210s][info][gc,metaspace] GC(193) Metaspace: 829K(960K)->829K(960K) NonClass: 775K(832K)->775K(832K) Class: 53K(128K)->53K(128K)
[481.210s][info][gc          ] GC(193) Pause Young (Allocation Failure) 2743M->144M(8126M) 9.780ms
[481.210s][info][gc,cpu      ] GC(193) User=0.11s Sys=0.00s Real=0.01s
[483.728s][info][gc,start    ] GC(194) Pause Young (Allocation Failure)
[483.739s][info][gc,heap     ] GC(194) PSYoungGen: 2728576K(2728960K)->67072K(2728960K) Eden: 2661888K(2661888K)->0K(2661888K) From: 66688K(67072K)->67072K(67072K)
[483.739s][info][gc,heap     ] GC(194) ParOldGen: 81015K(5592576K)->81959K(5592576K)
[483.739s][info][gc,metaspace] GC(194) Metaspace: 829K(960K)->829K(960K) NonClass: 775K(832K)->775K(832K) Class: 53K(128K)->53K(128K)
[483.739s][info][gc          ] GC(194) Pause Young (Allocation Failure) 2743M->145M(8126M) 10.345ms
[483.739s][info][gc,cpu      ] GC(194) User=0.12s Sys=0.01s Real=0.01s
[486.249s][info][gc,start    ] GC(195) Pause Young (Allocation Failure)
[486.257s][info][gc,heap     ] GC(195) PSYoungGen: 2728960K(2728960K)->66592K(2727936K) Eden: 2661888K(2661888K)->0K(2660864K) From: 67072K(67072K)->66592K(67072K)
[486.257s][info][gc,heap     ] GC(195) ParOldGen: 81959K(5592576K)->82839K(5592576K)
[486.257s][info][gc,metaspace] GC(195) Metaspace: 829K(960K)->829K(960K) NonClass: 775K(832K)->775K(832K) Class: 53K(128K)->53K(128K)
[486.258s][info][gc          ] GC(195) Pause Young (Allocation Failure) 2745M->145M(8125M) 8.450ms
[486.258s][info][gc,cpu      ] GC(195) User=0.10s Sys=0.00s Real=0.00s
[488.770s][info][gc,start    ] GC(196) Pause Young (Allocation Failure)
[488.778s][info][gc,heap     ] GC(196) PSYoungGen: 2727456K(2727936K)->66720K(2728448K) Eden: 2660864K(2660864K)->0K(2660864K) From: 66592K(67072K)->66720K(67584K)
[488.778s][info][gc,heap     ] GC(196) ParOldGen: 82839K(5592576K)->82839K(5592576K)
[488.778s][info][gc,metaspace] GC(196) Metaspace: 829K(960K)->829K(960K) NonClass: 775K(832K)->775K(832K) Class: 53K(128K)->53K(128K)
[488.778s][info][gc          ] GC(196) Pause Young (Allocation Failure) 2744M->146M(8126M) 8.363ms
[488.778s][info][gc,cpu      ] GC(196) User=0.10s Sys=0.00s Real=0.01s
[491.298s][info][gc,start    ] GC(197) Pause Young (Allocation Failure)
[491.306s][info][gc,heap     ] GC(197) PSYoungGen: 2727584K(2728448K)->66784K(2728448K) Eden: 2660864K(2660864K)->0K(2660864K) From: 66720K(67584K)->66784K(67584K)
[491.306s][info][gc,heap     ] GC(197) ParOldGen: 82839K(5592576K)->82839K(5592576K)
[491.306s][info][gc,metaspace] GC(197) Metaspace: 829K(960K)->829K(960K) NonClass: 775K(832K)->775K(832K) Class: 53K(128K)->53K(128K)
[491.306s][info][gc          ] GC(197) Pause Young (Allocation Failure) 2744M->146M(8126M) 7.908ms
[491.306s][info][gc,cpu      ] GC(197) User=0.10s Sys=0.00s Real=0.00s
[493.820s][info][gc,start    ] GC(198) Pause Young (Allocation Failure)
[493.828s][info][gc,heap     ] GC(198) PSYoungGen: 2727648K(2728448K)->66752K(2728448K) Eden: 2660864K(2660864K)->0K(2660864K) From: 66784K(67584K)->66752K(67584K)
[493.828s][info][gc,heap     ] GC(198) ParOldGen: 82839K(5592576K)->82839K(5592576K)
[493.828s][info][gc,metaspace] GC(198) Metaspace: 829K(960K)->829K(960K) NonClass: 775K(832K)->775K(832K) Class: 53K(128K)->53K(128K)
[493.828s][info][gc          ] GC(198) Pause Young (Allocation Failure) 2744M->146M(8126M) 7.916ms
[493.828s][info][gc,cpu      ] GC(198) User=0.09s Sys=0.00s Real=0.01s
[496.350s][info][gc,start    ] GC(199) Pause Young (Allocation Failure)
[496.358s][info][gc,heap     ] GC(199) PSYoungGen: 2727616K(2728448K)->66784K(2728448K) Eden: 2660864K(2660864K)->0K(2660864K) From: 66752K(67584K)->66784K(67584K)
[496.358s][info][gc,heap     ] GC(199) ParOldGen: 82839K(5592576K)->82839K(5592576K)
[496.358s][info][gc,metaspace] GC(199) Metaspace: 829K(960K)->829K(960K) NonClass: 775K(832K)->775K(832K) Class: 53K(128K)->53K(128K)
[496.358s][info][gc          ] GC(199) Pause Young (Allocation Failure) 2744M->146M(8126M) 7.842ms
[496.358s][info][gc,cpu      ] GC(199) User=0.09s Sys=0.00s Real=0.01s
[498.869s][info][gc,start    ] GC(200) Pause Young (Allocation Failure)
[498.877s][info][gc,heap     ] GC(200) PSYoungGen: 2727648K(2728448K)->66720K(2728448K) Eden: 2660864K(2660864K)->0K(2660864K) From: 66784K(67584K)->66720K(67584K)
[498.878s][info][gc,heap     ] GC(200) ParOldGen: 82839K(5592576K)->82839K(5592576K)
[498.878s][info][gc,metaspace] GC(200) Metaspace: 829K(960K)->829K(960K) NonClass: 775K(832K)->775K(832K) Class: 53K(128K)->53K(128K)
[498.878s][info][gc          ] GC(200) Pause Young (Allocation Failure) 2744M->146M(8126M) 8.133ms
[498.878s][info][gc,cpu      ] GC(200) User=0.10s Sys=0.00s Real=0.01s
[501.389s][info][gc,start    ] GC(201) Pause Young (Allocation Failure)
[501.397s][info][gc,heap     ] GC(201) PSYoungGen: 2727584K(2728448K)->66848K(2728448K) Eden: 2660864K(2660864K)->0K(2660864K) From: 66720K(67584K)->66848K(67584K)
[501.397s][info][gc,heap     ] GC(201) ParOldGen: 82839K(5592576K)->82839K(5592576K)
[501.397s][info][gc,metaspace] GC(201) Metaspace: 829K(960K)->829K(960K) NonClass: 775K(832K)->775K(832K) Class: 53K(128K)->53K(128K)
[501.397s][info][gc          ] GC(201) Pause Young (Allocation Failure) 2744M->146M(8126M) 8.337ms
[501.397s][info][gc,cpu      ] GC(201) User=0.10s Sys=0.00s Real=0.01s
[503.918s][info][gc,start    ] GC(202) Pause Young (Allocation Failure)
[503.926s][info][gc,heap     ] GC(202) PSYoungGen: 2727712K(2728448K)->66688K(2728448K) Eden: 2660864K(2660864K)->0K(2660864K) From: 66848K(67584K)->66688K(67584K)
[503.926s][info][gc,heap     ] GC(202) ParOldGen: 82839K(5592576K)->82839K(5592576K)
[503.926s][info][gc,metaspace] GC(202) Metaspace: 829K(960K)->829K(960K) NonClass: 775K(832K)->775K(832K) Class: 53K(128K)->53K(128K)
[503.926s][info][gc          ] GC(202) Pause Young (Allocation Failure) 2744M->146M(8126M) 7.910ms
[503.926s][info][gc,cpu      ] GC(202) User=0.09s Sys=0.00s Real=0.00s
[506.440s][info][gc,start    ] GC(203) Pause Young (Allocation Failure)
[506.448s][info][gc,heap     ] GC(203) PSYoungGen: 2727552K(2728448K)->66688K(2728448K) Eden: 2660864K(2660864K)->0K(2660864K) From: 66688K(67584K)->66688K(67584K)
[506.448s][info][gc,heap     ] GC(203) ParOldGen: 82839K(5592576K)->82839K(5592576K)
[506.448s][info][gc,metaspace] GC(203) Metaspace: 829K(960K)->829K(960K) NonClass: 775K(832K)->775K(832K) Class: 53K(128K)->53K(128K)
[506.448s][info][gc          ] GC(203) Pause Young (Allocation Failure) 2744M->146M(8126M) 8.123ms
[506.448s][info][gc,cpu      ] GC(203) User=0.10s Sys=0.00s Real=0.01s
[508.969s][info][gc,start    ] GC(204) Pause Young (Allocation Failure)
[508.977s][info][gc,heap     ] GC(204) PSYoungGen: 2727552K(2728448K)->66912K(2728448K) Eden: 2660864K(2660864K)->0K(2660864K) From: 66688K(67584K)->66912K(67584K)
[508.977s][info][gc,heap     ] GC(204) ParOldGen: 82839K(5592576K)->82839K(5592576K)
[508.977s][info][gc,metaspace] GC(204) Metaspace: 829K(960K)->829K(960K) NonClass: 775K(832K)->775K(832K) Class: 53K(128K)->53K(128K)
[508.977s][info][gc          ] GC(204) Pause Young (Allocation Failure) 2744M->146M(8126M) 8.400ms
[508.977s][info][gc,cpu      ] GC(204) User=0.09s Sys=0.01s Real=0.01s
[511.480s][info][gc,start    ] GC(205) Pause Young (Allocation Failure)
[511.489s][info][gc,heap     ] GC(205) PSYoungGen: 2727776K(2728448K)->66752K(2728448K) Eden: 2660864K(2660864K)->0K(2660864K) From: 66912K(67584K)->66752K(67584K)
[511.489s][info][gc,heap     ] GC(205) ParOldGen: 82839K(5592576K)->82839K(5592576K)
[511.489s][info][gc,metaspace] GC(205) Metaspace: 829K(960K)->829K(960K) NonClass: 775K(832K)->775K(832K) Class: 53K(128K)->53K(128K)
[511.489s][info][gc          ] GC(205) Pause Young (Allocation Failure) 2744M->146M(8126M) 8.378ms
[511.489s][info][gc,cpu      ] GC(205) User=0.10s Sys=0.00s Real=0.01s
[514.009s][info][gc,start    ] GC(206) Pause Young (Allocation Failure)
[514.016s][info][gc,heap     ] GC(206) PSYoungGen: 2727616K(2728448K)->66688K(2728448K) Eden: 2660864K(2660864K)->0K(2660864K) From: 66752K(67584K)->66688K(67584K)
[514.016s][info][gc,heap     ] GC(206) ParOldGen: 82839K(5592576K)->82839K(5592576K)
[514.017s][info][gc,metaspace] GC(206) Metaspace: 829K(960K)->829K(960K) NonClass: 775K(832K)->775K(832K) Class: 53K(128K)->53K(128K)
[514.017s][info][gc          ] GC(206) Pause Young (Allocation Failure) 2744M->146M(8126M) 8.021ms
[514.017s][info][gc,cpu      ] GC(206) User=0.10s Sys=0.00s Real=0.00s
[516.529s][info][gc,start    ] GC(207) Pause Young (Allocation Failure)
[516.538s][info][gc,heap     ] GC(207) PSYoungGen: 2727552K(2728448K)->66720K(2728448K) Eden: 2660864K(2660864K)->0K(2660864K) From: 66688K(67584K)->66720K(67584K)
[516.538s][info][gc,heap     ] GC(207) ParOldGen: 82839K(5592576K)->82839K(5592576K)
[516.538s][info][gc,metaspace] GC(207) Metaspace: 829K(960K)->829K(960K) NonClass: 775K(832K)->775K(832K) Class: 53K(128K)->53K(128K)
[516.538s][info][gc          ] GC(207) Pause Young (Allocation Failure) 2744M->146M(8126M) 8.707ms
[516.538s][info][gc,cpu      ] GC(207) User=0.09s Sys=0.00s Real=0.01s
[519.059s][info][gc,start    ] GC(208) Pause Young (Allocation Failure)
[519.067s][info][gc,heap     ] GC(208) PSYoungGen: 2727584K(2728448K)->66848K(2728448K) Eden: 2660864K(2660864K)->0K(2660864K) From: 66720K(67584K)->66848K(67584K)
[519.067s][info][gc,heap     ] GC(208) ParOldGen: 82839K(5592576K)->82839K(5592576K)
[519.067s][info][gc,metaspace] GC(208) Metaspace: 829K(960K)->829K(960K) NonClass: 775K(832K)->775K(832K) Class: 53K(128K)->53K(128K)
[519.067s][info][gc          ] GC(208) Pause Young (Allocation Failure) 2744M->146M(8126M) 8.152ms
[519.067s][info][gc,cpu      ] GC(208) User=0.10s Sys=0.00s Real=0.01s
[521.579s][info][gc,start    ] GC(209) Pause Young (Allocation Failure)
[521.587s][info][gc,heap     ] GC(209) PSYoungGen: 2727712K(2728448K)->66688K(2728448K) Eden: 2660864K(2660864K)->0K(2660864K) From: 66848K(67584K)->66688K(67584K)
[521.587s][info][gc,heap     ] GC(209) ParOldGen: 82839K(5592576K)->82839K(5592576K)
[521.587s][info][gc,metaspace] GC(209) Metaspace: 829K(960K)->829K(960K) NonClass: 775K(832K)->775K(832K) Class: 53K(128K)->53K(128K)
[521.587s][info][gc          ] GC(209) Pause Young (Allocation Failure) 2744M->146M(8126M) 7.960ms
[521.587s][info][gc,cpu      ] GC(209) User=0.10s Sys=0.00s Real=0.01s
[524.100s][info][gc,start    ] GC(210) Pause Young (Allocation Failure)
[524.108s][info][gc,heap     ] GC(210) PSYoungGen: 2727552K(2728448K)->66848K(2728448K) Eden: 2660864K(2660864K)->0K(2660864K) From: 66688K(67584K)->66848K(67584K)
[524.108s][info][gc,heap     ] GC(210) ParOldGen: 82839K(5592576K)->82839K(5592576K)
[524.108s][info][gc,metaspace] GC(210) Metaspace: 829K(960K)->829K(960K) NonClass: 775K(832K)->775K(832K) Class: 53K(128K)->53K(128K)
[524.108s][info][gc          ] GC(210) Pause Young (Allocation Failure) 2744M->146M(8126M) 8.159ms
[524.108s][info][gc,cpu      ] GC(210) User=0.10s Sys=0.00s Real=0.01s
[526.629s][info][gc,start    ] GC(211) Pause Young (Allocation Failure)
[526.637s][info][gc,heap     ] GC(211) PSYoungGen: 2727712K(2728448K)->66848K(2728448K) Eden: 2660864K(2660864K)->0K(2660864K) From: 66848K(67584K)->66848K(67584K)
[526.637s][info][gc,heap     ] GC(211) ParOldGen: 82839K(5592576K)->82839K(5592576K)
[526.637s][info][gc,metaspace] GC(211) Metaspace: 829K(960K)->829K(960K) NonClass: 775K(832K)->775K(832K) Class: 53K(128K)->53K(128K)
[526.637s][info][gc          ] GC(211) Pause Young (Allocation Failure) 2744M->146M(8126M) 7.804ms
[526.637s][info][gc,cpu      ] GC(211) User=0.09s Sys=0.00s Real=0.01s
[529.159s][info][gc,start    ] GC(212) Pause Young (Allocation Failure)
[529.167s][info][gc,heap     ] GC(212) PSYoungGen: 2727712K(2728448K)->66752K(2728448K) Eden: 2660864K(2660864K)->0K(2660864K) From: 66848K(67584K)->66752K(67584K)
[529.167s][info][gc,heap     ] GC(212) ParOldGen: 82839K(5592576K)->82839K(5592576K)
[529.167s][info][gc,metaspace] GC(212) Metaspace: 829K(960K)->829K(960K) NonClass: 775K(832K)->775K(832K) Class: 53K(128K)->53K(128K)
[529.167s][info][gc          ] GC(212) Pause Young (Allocation Failure) 2744M->146M(8126M) 7.763ms
[529.167s][info][gc,cpu      ] GC(212) User=0.10s Sys=0.00s Real=0.01s
[531.680s][info][gc,start    ] GC(213) Pause Young (Allocation Failure)
[531.688s][info][gc,heap     ] GC(213) PSYoungGen: 2727616K(2728448K)->66944K(2727936K) Eden: 2660864K(2660864K)->0K(2660864K) From: 66752K(67584K)->66944K(67072K)
[531.688s][info][gc,heap     ] GC(213) ParOldGen: 82839K(5592576K)->82839K(5592576K)
[531.688s][info][gc,metaspace] GC(213) Metaspace: 829K(960K)->829K(960K) NonClass: 775K(832K)->775K(832K) Class: 53K(128K)->53K(128K)
[531.688s][info][gc          ] GC(213) Pause Young (Allocation Failure) 2744M->146M(8125M) 8.749ms
[531.688s][info][gc,cpu      ] GC(213) User=0.10s Sys=0.00s Real=0.01s
[534.199s][info][gc,start    ] GC(214) Pause Young (Allocation Failure)
[534.207s][info][gc,heap     ] GC(214) PSYoungGen: 2727808K(2727936K)->66912K(2728448K) Eden: 2660864K(2660864K)->0K(2660864K) From: 66944K(67072K)->66912K(67584K)
[534.207s][info][gc,heap     ] GC(214) ParOldGen: 82839K(5592576K)->82839K(5592576K)
[534.207s][info][gc,metaspace] GC(214) Metaspace: 829K(960K)->829K(960K) NonClass: 775K(832K)->775K(832K) Class: 53K(128K)->53K(128K)
[534.207s][info][gc          ] GC(214) Pause Young (Allocation Failure) 2744M->146M(8126M) 7.823ms
[534.207s][info][gc,cpu      ] GC(214) User=0.10s Sys=0.01s Real=0.01s
[536.720s][info][gc,start    ] GC(215) Pause Young (Allocation Failure)
[536.728s][info][gc,heap     ] GC(215) PSYoungGen: 2727776K(2728448K)->66816K(2728448K) Eden: 2660864K(2660864K)->0K(2660864K) From: 66912K(67584K)->66816K(67584K)
[536.728s][info][gc,heap     ] GC(215) ParOldGen: 82839K(5592576K)->82839K(5592576K)
[536.728s][info][gc,metaspace] GC(215) Metaspace: 829K(960K)->829K(960K) NonClass: 775K(832K)->775K(832K) Class: 53K(128K)->53K(128K)
[536.728s][info][gc          ] GC(215) Pause Young (Allocation Failure) 2744M->146M(8126M) 7.734ms
[536.728s][info][gc,cpu      ] GC(215) User=0.09s Sys=0.00s Real=0.01s
[539.249s][info][gc,start    ] GC(216) Pause Young (Allocation Failure)
[539.257s][info][gc,heap     ] GC(216) PSYoungGen: 2727680K(2728448K)->66848K(2728448K) Eden: 2660864K(2660864K)->0K(2660864K) From: 66816K(67584K)->66848K(67584K)
[539.257s][info][gc,heap     ] GC(216) ParOldGen: 82839K(5592576K)->82839K(5592576K)
[539.257s][info][gc,metaspace] GC(216) Metaspace: 829K(960K)->829K(960K) NonClass: 775K(832K)->775K(832K) Class: 53K(128K)->53K(128K)
[539.257s][info][gc          ] GC(216) Pause Young (Allocation Failure) 2744M->146M(8126M) 8.011ms
[539.257s][info][gc,cpu      ] GC(216) User=0.10s Sys=0.00s Real=0.01s
[541.770s][info][gc,start    ] GC(217) Pause Young (Allocation Failure)
[541.779s][info][gc,heap     ] GC(217) PSYoungGen: 2727712K(2728448K)->66752K(2728960K) Eden: 2660864K(2660864K)->0K(2661888K) From: 66848K(67584K)->66752K(67072K)
[541.779s][info][gc,heap     ] GC(217) ParOldGen: 82839K(5592576K)->82839K(5592576K)
[541.779s][info][gc,metaspace] GC(217) Metaspace: 829K(960K)->829K(960K) NonClass: 775K(832K)->775K(832K) Class: 53K(128K)->53K(128K)
[541.779s][info][gc          ] GC(217) Pause Young (Allocation Failure) 2744M->146M(8126M) 9.244ms
[541.779s][info][gc,cpu      ] GC(217) User=0.11s Sys=0.00s Real=0.01s
[544.291s][info][gc,start    ] GC(218) Pause Young (Allocation Failure)
[544.301s][info][gc,heap     ] GC(218) PSYoungGen: 2728640K(2728960K)->67072K(2728960K) Eden: 2661888K(2661888K)->0K(2661888K) From: 66752K(67072K)->67072K(67072K)
[544.301s][info][gc,heap     ] GC(218) ParOldGen: 82839K(5592576K)->83775K(5592576K)
[544.301s][info][gc,metaspace] GC(218) Metaspace: 829K(960K)->829K(960K) NonClass: 775K(832K)->775K(832K) Class: 53K(128K)->53K(128K)
[544.301s][info][gc          ] GC(218) Pause Young (Allocation Failure) 2745M->147M(8126M) 9.785ms
[544.301s][info][gc,cpu      ] GC(218) User=0.12s Sys=0.01s Real=0.01s
[546.819s][info][gc,start    ] GC(219) Pause Young (Allocation Failure)
[546.827s][info][gc,heap     ] GC(219) PSYoungGen: 2728960K(2728960K)->66688K(2727936K) Eden: 2661888K(2661888K)->0K(2660864K) From: 67072K(67072K)->66688K(67072K)
[546.827s][info][gc,heap     ] GC(219) ParOldGen: 83775K(5592576K)->84615K(5592576K)
[546.827s][info][gc,metaspace] GC(219) Metaspace: 829K(960K)->829K(960K) NonClass: 775K(832K)->775K(832K) Class: 53K(128K)->53K(128K)
[546.827s][info][gc          ] GC(219) Pause Young (Allocation Failure) 2746M->147M(8125M) 8.282ms
[546.827s][info][gc,cpu      ] GC(219) User=0.10s Sys=0.00s Real=0.01s
[549.339s][info][gc,start    ] GC(220) Pause Young (Allocation Failure)
[549.347s][info][gc,heap     ] GC(220) PSYoungGen: 2727552K(2727936K)->66688K(2728448K) Eden: 2660864K(2660864K)->0K(2660864K) From: 66688K(67072K)->66688K(67584K)
[549.347s][info][gc,heap     ] GC(220) ParOldGen: 84615K(5592576K)->84615K(5592576K)
[549.347s][info][gc,metaspace] GC(220) Metaspace: 829K(960K)->829K(960K) NonClass: 775K(832K)->775K(832K) Class: 53K(128K)->53K(128K)
[549.347s][info][gc          ] GC(220) Pause Young (Allocation Failure) 2746M->147M(8126M) 8.122ms
[549.347s][info][gc,cpu      ] GC(220) User=0.10s Sys=0.01s Real=0.01s
[551.860s][info][gc,start    ] GC(221) Pause Young (Allocation Failure)
[551.868s][info][gc,heap     ] GC(221) PSYoungGen: 2727552K(2728448K)->66752K(2728448K) Eden: 2660864K(2660864K)->0K(2660864K) From: 66688K(67584K)->66752K(67584K)
[551.868s][info][gc,heap     ] GC(221) ParOldGen: 84615K(5592576K)->84615K(5592576K)
[551.868s][info][gc,metaspace] GC(221) Metaspace: 829K(960K)->829K(960K) NonClass: 775K(832K)->775K(832K) Class: 53K(128K)->53K(128K)
[551.868s][info][gc          ] GC(221) Pause Young (Allocation Failure) 2746M->147M(8126M) 8.199ms
[551.868s][info][gc,cpu      ] GC(221) User=0.10s Sys=0.00s Real=0.01s
[554.388s][info][gc,start    ] GC(222) Pause Young (Allocation Failure)
[554.397s][info][gc,heap     ] GC(222) PSYoungGen: 2727616K(2728448K)->66560K(2728448K) Eden: 2660864K(2660864K)->0K(2660864K) From: 66752K(67584K)->66560K(67584K)
[554.397s][info][gc,heap     ] GC(222) ParOldGen: 84615K(5592576K)->84615K(5592576K)
[554.397s][info][gc,metaspace] GC(222) Metaspace: 829K(960K)->829K(960K) NonClass: 775K(832K)->775K(832K) Class: 53K(128K)->53K(128K)
[554.397s][info][gc          ] GC(222) Pause Young (Allocation Failure) 2746M->147M(8126M) 8.199ms
[554.397s][info][gc,cpu      ] GC(222) User=0.10s Sys=0.00s Real=0.01s
[556.911s][info][gc,start    ] GC(223) Pause Young (Allocation Failure)
[556.919s][info][gc,heap     ] GC(223) PSYoungGen: 2727424K(2728448K)->66752K(2728448K) Eden: 2660864K(2660864K)->0K(2660864K) From: 66560K(67584K)->66752K(67584K)
[556.919s][info][gc,heap     ] GC(223) ParOldGen: 84615K(5592576K)->84615K(5592576K)
[556.919s][info][gc,metaspace] GC(223) Metaspace: 829K(960K)->829K(960K) NonClass: 775K(832K)->775K(832K) Class: 53K(128K)->53K(128K)
[556.919s][info][gc          ] GC(223) Pause Young (Allocation Failure) 2746M->147M(8126M) 8.232ms
[556.919s][info][gc,cpu      ] GC(223) User=0.10s Sys=0.00s Real=0.01s
[559.439s][info][gc,start    ] GC(224) Pause Young (Allocation Failure)
[559.447s][info][gc,heap     ] GC(224) PSYoungGen: 2727616K(2728448K)->66592K(2728448K) Eden: 2660864K(2660864K)->0K(2660864K) From: 66752K(67584K)->66592K(67584K)
[559.447s][info][gc,heap     ] GC(224) ParOldGen: 84615K(5592576K)->84615K(5592576K)
[559.447s][info][gc,metaspace] GC(224) Metaspace: 829K(960K)->829K(960K) NonClass: 775K(832K)->775K(832K) Class: 53K(128K)->53K(128K)
[559.447s][info][gc          ] GC(224) Pause Young (Allocation Failure) 2746M->147M(8126M) 7.550ms
[559.447s][info][gc,cpu      ] GC(224) User=0.09s Sys=0.00s Real=0.01s
[561.958s][info][gc,start    ] GC(225) Pause Young (Allocation Failure)
[561.966s][info][gc,heap     ] GC(225) PSYoungGen: 2727456K(2728448K)->66816K(2728448K) Eden: 2660864K(2660864K)->0K(2660864K) From: 66592K(67584K)->66816K(67584K)
[561.966s][info][gc,heap     ] GC(225) ParOldGen: 84615K(5592576K)->84615K(5592576K)
[561.967s][info][gc,metaspace] GC(225) Metaspace: 829K(960K)->829K(960K) NonClass: 775K(832K)->775K(832K) Class: 53K(128K)->53K(128K)
[561.967s][info][gc          ] GC(225) Pause Young (Allocation Failure) 2746M->147M(8126M) 8.170ms
[561.967s][info][gc,cpu      ] GC(225) User=0.10s Sys=0.00s Real=0.01s
[564.480s][info][gc,start    ] GC(226) Pause Young (Allocation Failure)
[564.488s][info][gc,heap     ] GC(226) PSYoungGen: 2727680K(2728448K)->66784K(2728448K) Eden: 2660864K(2660864K)->0K(2660864K) From: 66816K(67584K)->66784K(67584K)
[564.488s][info][gc,heap     ] GC(226) ParOldGen: 84615K(5592576K)->84615K(5592576K)
[564.488s][info][gc,metaspace] GC(226) Metaspace: 829K(960K)->829K(960K) NonClass: 775K(832K)->775K(832K) Class: 53K(128K)->53K(128K)
[564.488s][info][gc          ] GC(226) Pause Young (Allocation Failure) 2746M->147M(8126M) 8.109ms
[564.488s][info][gc,cpu      ] GC(226) User=0.10s Sys=0.00s Real=0.01s
[567.009s][info][gc,start    ] GC(227) Pause Young (Allocation Failure)
[567.017s][info][gc,heap     ] GC(227) PSYoungGen: 2727648K(2728448K)->66720K(2728448K) Eden: 2660864K(2660864K)->0K(2660864K) From: 66784K(67584K)->66720K(67584K)
[567.017s][info][gc,heap     ] GC(227) ParOldGen: 84615K(5592576K)->84615K(5592576K)
[567.017s][info][gc,metaspace] GC(227) Metaspace: 829K(960K)->829K(960K) NonClass: 775K(832K)->775K(832K) Class: 53K(128K)->53K(128K)
[567.017s][info][gc          ] GC(227) Pause Young (Allocation Failure) 2746M->147M(8126M) 8.049ms
[567.017s][info][gc,cpu      ] GC(227) User=0.10s Sys=0.00s Real=0.01s
[569.531s][info][gc,start    ] GC(228) Pause Young (Allocation Failure)
[569.539s][info][gc,heap     ] GC(228) PSYoungGen: 2727584K(2728448K)->66720K(2728448K) Eden: 2660864K(2660864K)->0K(2660864K) From: 66720K(67584K)->66720K(67584K)
[569.539s][info][gc,heap     ] GC(228) ParOldGen: 84615K(5592576K)->84615K(5592576K)
[569.539s][info][gc,metaspace] GC(228) Metaspace: 829K(960K)->829K(960K) NonClass: 775K(832K)->775K(832K) Class: 53K(128K)->53K(128K)
[569.539s][info][gc          ] GC(228) Pause Young (Allocation Failure) 2746M->147M(8126M) 7.951ms
[569.539s][info][gc,cpu      ] GC(228) User=0.10s Sys=0.00s Real=0.01s
[572.050s][info][gc,start    ] GC(229) Pause Young (Allocation Failure)
[572.058s][info][gc,heap     ] GC(229) PSYoungGen: 2727584K(2728448K)->66688K(2728448K) Eden: 2660864K(2660864K)->0K(2660864K) From: 66720K(67584K)->66688K(67584K)
[572.058s][info][gc,heap     ] GC(229) ParOldGen: 84615K(5592576K)->84615K(5592576K)
[572.058s][info][gc,metaspace] GC(229) Metaspace: 829K(960K)->829K(960K) NonClass: 775K(832K)->775K(832K) Class: 53K(128K)->53K(128K)
[572.058s][info][gc          ] GC(229) Pause Young (Allocation Failure) 2746M->147M(8126M) 8.135ms
[572.058s][info][gc,cpu      ] GC(229) User=0.10s Sys=0.00s Real=0.01s
[574.570s][info][gc,start    ] GC(230) Pause Young (Allocation Failure)
[574.578s][info][gc,heap     ] GC(230) PSYoungGen: 2727552K(2728448K)->67008K(2728448K) Eden: 2660864K(2660864K)->0K(2660864K) From: 66688K(67584K)->67008K(67584K)
[574.578s][info][gc,heap     ] GC(230) ParOldGen: 84615K(5592576K)->84615K(5592576K)
[574.578s][info][gc,metaspace] GC(230) Metaspace: 829K(960K)->829K(960K) NonClass: 775K(832K)->775K(832K) Class: 53K(128K)->53K(128K)
[574.578s][info][gc          ] GC(230) Pause Young (Allocation Failure) 2746M->148M(8126M) 8.280ms
[574.578s][info][gc,cpu      ] GC(230) User=0.10s Sys=0.01s Real=0.01s
[577.098s][info][gc,start    ] GC(231) Pause Young (Allocation Failure)
[577.106s][info][gc,heap     ] GC(231) PSYoungGen: 2727872K(2728448K)->66624K(2728448K) Eden: 2660864K(2660864K)->0K(2660864K) From: 67008K(67584K)->66624K(67584K)
[577.106s][info][gc,heap     ] GC(231) ParOldGen: 84615K(5592576K)->84615K(5592576K)
[577.106s][info][gc,metaspace] GC(231) Metaspace: 829K(960K)->829K(960K) NonClass: 775K(832K)->775K(832K) Class: 53K(128K)->53K(128K)
[577.106s][info][gc          ] GC(231) Pause Young (Allocation Failure) 2746M->147M(8126M) 7.864ms
[577.106s][info][gc,cpu      ] GC(231) User=0.09s Sys=0.00s Real=0.01s
[579.620s][info][gc,start    ] GC(232) Pause Young (Allocation Failure)
[579.628s][info][gc,heap     ] GC(232) PSYoungGen: 2727488K(2728448K)->66688K(2728448K) Eden: 2660864K(2660864K)->0K(2660864K) From: 66624K(67584K)->66688K(67584K)
[579.628s][info][gc,heap     ] GC(232) ParOldGen: 84615K(5592576K)->84615K(5592576K)
[579.628s][info][gc,metaspace] GC(232) Metaspace: 829K(960K)->829K(960K) NonClass: 775K(832K)->775K(832K) Class: 53K(128K)->53K(128K)
[579.628s][info][gc          ] GC(232) Pause Young (Allocation Failure) 2746M->147M(8126M) 7.815ms
[579.628s][info][gc,cpu      ] GC(232) User=0.10s Sys=0.00s Real=0.01s
[582.149s][info][gc,start    ] GC(233) Pause Young (Allocation Failure)
[582.157s][info][gc,heap     ] GC(233) PSYoungGen: 2727552K(2728448K)->66752K(2728448K) Eden: 2660864K(2660864K)->0K(2660864K) From: 66688K(67584K)->66752K(67584K)
[582.157s][info][gc,heap     ] GC(233) ParOldGen: 84615K(5592576K)->84615K(5592576K)
[582.157s][info][gc,metaspace] GC(233) Metaspace: 829K(960K)->829K(960K) NonClass: 775K(832K)->775K(832K) Class: 53K(128K)->53K(128K)
[582.157s][info][gc          ] GC(233) Pause Young (Allocation Failure) 2746M->147M(8126M) 8.005ms
[582.157s][info][gc,cpu      ] GC(233) User=0.10s Sys=0.00s Real=0.01s
[584.669s][info][gc,start    ] GC(234) Pause Young (Allocation Failure)
[584.678s][info][gc,heap     ] GC(234) PSYoungGen: 2727616K(2728448K)->66784K(2728448K) Eden: 2660864K(2660864K)->0K(2660864K) From: 66752K(67584K)->66784K(67584K)
[584.678s][info][gc,heap     ] GC(234) ParOldGen: 84615K(5592576K)->84615K(5592576K)
[584.678s][info][gc,metaspace] GC(234) Metaspace: 829K(960K)->829K(960K) NonClass: 775K(832K)->775K(832K) Class: 53K(128K)->53K(128K)
[584.678s][info][gc          ] GC(234) Pause Young (Allocation Failure) 2746M->147M(8126M) 8.287ms
[584.678s][info][gc,cpu      ] GC(234) User=0.10s Sys=0.00s Real=0.01s
[587.190s][info][gc,start    ] GC(235) Pause Young (Allocation Failure)
[587.198s][info][gc,heap     ] GC(235) PSYoungGen: 2727648K(2728448K)->66912K(2728448K) Eden: 2660864K(2660864K)->0K(2660864K) From: 66784K(67584K)->66912K(67584K)
[587.198s][info][gc,heap     ] GC(235) ParOldGen: 84615K(5592576K)->84615K(5592576K)
[587.198s][info][gc,metaspace] GC(235) Metaspace: 829K(960K)->829K(960K) NonClass: 775K(832K)->775K(832K) Class: 53K(128K)->53K(128K)
[587.198s][info][gc          ] GC(235) Pause Young (Allocation Failure) 2746M->147M(8126M) 8.141ms
[587.198s][info][gc,cpu      ] GC(235) User=0.10s Sys=0.00s Real=0.01s
[589.710s][info][gc,start    ] GC(236) Pause Young (Allocation Failure)
[589.718s][info][gc,heap     ] GC(236) PSYoungGen: 2727776K(2728448K)->66816K(2728448K) Eden: 2660864K(2660864K)->0K(2660864K) From: 66912K(67584K)->66816K(67584K)
[589.718s][info][gc,heap     ] GC(236) ParOldGen: 84615K(5592576K)->84615K(5592576K)
[589.718s][info][gc,metaspace] GC(236) Metaspace: 829K(960K)->829K(960K) NonClass: 775K(832K)->775K(832K) Class: 53K(128K)->53K(128K)
[589.718s][info][gc          ] GC(236) Pause Young (Allocation Failure) 2746M->147M(8126M) 7.939ms
[589.718s][info][gc,cpu      ] GC(236) User=0.10s Sys=0.00s Real=0.01s
[592.239s][info][gc,start    ] GC(237) Pause Young (Allocation Failure)
[592.246s][info][gc,heap     ] GC(237) PSYoungGen: 2727680K(2728448K)->66752K(2728448K) Eden: 2660864K(2660864K)->0K(2660864K) From: 66816K(67584K)->66752K(67584K)
[592.247s][info][gc,heap     ] GC(237) ParOldGen: 84615K(5592576K)->84615K(5592576K)
[592.247s][info][gc,metaspace] GC(237) Metaspace: 829K(960K)->829K(960K) NonClass: 775K(832K)->775K(832K) Class: 53K(128K)->53K(128K)
[592.247s][info][gc          ] GC(237) Pause Young (Allocation Failure) 2746M->147M(8126M) 7.755ms
[592.247s][info][gc,cpu      ] GC(237) User=0.10s Sys=0.00s Real=0.01s
[594.760s][info][gc,start    ] GC(238) Pause Young (Allocation Failure)
[594.767s][info][gc,heap     ] GC(238) PSYoungGen: 2727616K(2728448K)->66720K(2728448K) Eden: 2660864K(2660864K)->0K(2660864K) From: 66752K(67584K)->66720K(67584K)
[594.767s][info][gc,heap     ] GC(238) ParOldGen: 84615K(5592576K)->84615K(5592576K)
[594.767s][info][gc,metaspace] GC(238) Metaspace: 829K(960K)->829K(960K) NonClass: 775K(832K)->775K(832K) Class: 53K(128K)->53K(128K)
[594.767s][info][gc          ] GC(238) Pause Young (Allocation Failure) 2746M->147M(8126M) 7.469ms
[594.767s][info][gc,cpu      ] GC(238) User=0.09s Sys=0.01s Real=0.01s
[597.281s][info][gc,start    ] GC(239) Pause Young (Allocation Failure)
[597.289s][info][gc,heap     ] GC(239) PSYoungGen: 2727584K(2728448K)->66976K(2727936K) Eden: 2660864K(2660864K)->0K(2660864K) From: 66720K(67584K)->66976K(67072K)
[597.289s][info][gc,heap     ] GC(239) ParOldGen: 84615K(5592576K)->84615K(5592576K)
[597.289s][info][gc,metaspace] GC(239) Metaspace: 829K(960K)->829K(960K) NonClass: 775K(832K)->775K(832K) Class: 53K(128K)->53K(128K)
[597.289s][info][gc          ] GC(239) Pause Young (Allocation Failure) 2746M->148M(8125M) 8.325ms
[597.289s][info][gc,cpu      ] GC(239) User=0.10s Sys=0.00s Real=0.01s
[599.800s][info][gc,start    ] GC(240) Pause Young (Allocation Failure)
[599.809s][info][gc,heap     ] GC(240) PSYoungGen: 2727840K(2727936K)->66976K(2728448K) Eden: 2660864K(2660864K)->0K(2660864K) From: 66976K(67072K)->66976K(67584K)
[599.809s][info][gc,heap     ] GC(240) ParOldGen: 84615K(5592576K)->84615K(5592576K)
[599.809s][info][gc,metaspace] GC(240) Metaspace: 829K(960K)->829K(960K) NonClass: 775K(832K)->775K(832K) Class: 53K(128K)->53K(128K)
[599.809s][info][gc          ] GC(240) Pause Young (Allocation Failure) 2746M->148M(8126M) 8.439ms
[599.809s][info][gc,cpu      ] GC(240) User=0.11s Sys=0.00s Real=0.01s
[602.330s][info][gc,start    ] GC(241) Pause Young (Allocation Failure)
[602.340s][info][gc,heap     ] GC(241) PSYoungGen: 2727840K(2728448K)->66816K(2728448K) Eden: 2660864K(2660864K)->0K(2660864K) From: 66976K(67584K)->66816K(67584K)
[602.340s][info][gc,heap     ] GC(241) ParOldGen: 84615K(5592576K)->84615K(5592576K)
[602.340s][info][gc,metaspace] GC(241) Metaspace: 829K(960K)->829K(960K) NonClass: 775K(832K)->775K(832K) Class: 53K(128K)->53K(128K)
[602.340s][info][gc          ] GC(241) Pause Young (Allocation Failure) 2746M->147M(8126M) 9.954ms
[602.340s][info][gc,cpu      ] GC(241) User=0.11s Sys=0.00s Real=0.01s
[604.859s][info][gc,start    ] GC(242) Pause Young (Allocation Failure)
[604.869s][info][gc,heap     ] GC(242) PSYoungGen: 2727680K(2728448K)->67584K(2728448K) Eden: 2660864K(2660864K)->0K(2660864K) From: 66816K(67584K)->67584K(67584K)
[604.869s][info][gc,heap     ] GC(242) ParOldGen: 84615K(5592576K)->84951K(5592576K)
[604.869s][info][gc,metaspace] GC(242) Metaspace: 829K(960K)->829K(960K) NonClass: 775K(832K)->775K(832K) Class: 53K(128K)->53K(128K)
[604.869s][info][gc          ] GC(242) Pause Young (Allocation Failure) 2746M->148M(8126M) 9.657ms
[604.869s][info][gc,cpu      ] GC(242) User=0.11s Sys=0.00s Real=0.01s
[607.379s][info][gc,start    ] GC(243) Pause Young (Allocation Failure)
[607.387s][info][gc,heap     ] GC(243) PSYoungGen: 2728448K(2728448K)->66784K(2728448K) Eden: 2660864K(2660864K)->0K(2660864K) From: 67584K(67584K)->66784K(67584K)
[607.387s][info][gc,heap     ] GC(243) ParOldGen: 84951K(5592576K)->86079K(5592576K)
[607.387s][info][gc,metaspace] GC(243) Metaspace: 829K(960K)->829K(960K) NonClass: 775K(832K)->775K(832K) Class: 53K(128K)->53K(128K)
[607.387s][info][gc          ] GC(243) Pause Young (Allocation Failure) 2747M->149M(8126M) 8.220ms
[607.387s][info][gc,cpu      ] GC(243) User=0.10s Sys=0.01s Real=0.01s
[609.900s][info][gc,start    ] GC(244) Pause Young (Allocation Failure)
[609.908s][info][gc,heap     ] GC(244) PSYoungGen: 2727648K(2728448K)->67072K(2728448K) Eden: 2660864K(2660864K)->0K(2660864K) From: 66784K(67584K)->67072K(67584K)
[609.908s][info][gc,heap     ] GC(244) ParOldGen: 86079K(5592576K)->86079K(5592576K)
[609.908s][info][gc,metaspace] GC(244) Metaspace: 829K(960K)->829K(960K) NonClass: 775K(832K)->775K(832K) Class: 53K(128K)->53K(128K)
[609.908s][info][gc          ] GC(244) Pause Young (Allocation Failure) 2747M->149M(8126M) 7.756ms
[609.908s][info][gc,cpu      ] GC(244) User=0.09s Sys=0.00s Real=0.01s
[612.429s][info][gc,start    ] GC(245) Pause Young (Allocation Failure)
[612.436s][info][gc,heap     ] GC(245) PSYoungGen: 2727936K(2728448K)->66816K(2728448K) Eden: 2660864K(2660864K)->0K(2660864K) From: 67072K(67584K)->66816K(67584K)
[612.436s][info][gc,heap     ] GC(245) ParOldGen: 86079K(5592576K)->86079K(5592576K)
[612.436s][info][gc,metaspace] GC(245) Metaspace: 829K(960K)->829K(960K) NonClass: 775K(832K)->775K(832K) Class: 53K(128K)->53K(128K)
[612.436s][info][gc          ] GC(245) Pause Young (Allocation Failure) 2748M->149M(8126M) 7.632ms
[612.436s][info][gc,cpu      ] GC(245) User=0.09s Sys=0.00s Real=0.01s
[614.948s][info][gc,start    ] GC(246) Pause Young (Allocation Failure)
[614.956s][info][gc,heap     ] GC(246) PSYoungGen: 2727680K(2728448K)->66848K(2728448K) Eden: 2660864K(2660864K)->0K(2660864K) From: 66816K(67584K)->66848K(67584K)
[614.956s][info][gc,heap     ] GC(246) ParOldGen: 86079K(5592576K)->86079K(5592576K)
[614.956s][info][gc,metaspace] GC(246) Metaspace: 829K(960K)->829K(960K) NonClass: 775K(832K)->775K(832K) Class: 53K(128K)->53K(128K)
[614.956s][info][gc          ] GC(246) Pause Young (Allocation Failure) 2747M->149M(8126M) 7.536ms
[614.956s][info][gc,cpu      ] GC(246) User=0.09s Sys=0.00s Real=0.01s
[617.470s][info][gc,start    ] GC(247) Pause Young (Allocation Failure)
[617.478s][info][gc,heap     ] GC(247) PSYoungGen: 2727712K(2728448K)->66688K(2728448K) Eden: 2660864K(2660864K)->0K(2660864K) From: 66848K(67584K)->66688K(67584K)
[617.478s][info][gc,heap     ] GC(247) ParOldGen: 86079K(5592576K)->86079K(5592576K)
[617.478s][info][gc,metaspace] GC(247) Metaspace: 829K(960K)->829K(960K) NonClass: 775K(832K)->775K(832K) Class: 53K(128K)->53K(128K)
[617.478s][info][gc          ] GC(247) Pause Young (Allocation Failure) 2747M->149M(8126M) 8.054ms
[617.478s][info][gc,cpu      ] GC(247) User=0.10s Sys=0.00s Real=0.01s
[619.998s][info][gc,start    ] GC(248) Pause Young (Allocation Failure)
[620.007s][info][gc,heap     ] GC(248) PSYoungGen: 2727552K(2728448K)->66848K(2728448K) Eden: 2660864K(2660864K)->0K(2660864K) From: 66688K(67584K)->66848K(67584K)
[620.007s][info][gc,heap     ] GC(248) ParOldGen: 86079K(5592576K)->86079K(5592576K)
[620.007s][info][gc,metaspace] GC(248) Metaspace: 829K(960K)->829K(960K) NonClass: 775K(832K)->775K(832K) Class: 53K(128K)->53K(128K)
[620.007s][info][gc          ] GC(248) Pause Young (Allocation Failure) 2747M->149M(8126M) 8.307ms
[620.007s][info][gc,cpu      ] GC(248) User=0.10s Sys=0.01s Real=0.01s
[622.519s][info][gc,start    ] GC(249) Pause Young (Allocation Failure)
[622.527s][info][gc,heap     ] GC(249) PSYoungGen: 2727712K(2728448K)->66848K(2728448K) Eden: 2660864K(2660864K)->0K(2660864K) From: 66848K(67584K)->66848K(67584K)
[622.528s][info][gc,heap     ] GC(249) ParOldGen: 86079K(5592576K)->86079K(5592576K)
[622.528s][info][gc,metaspace] GC(249) Metaspace: 829K(960K)->829K(960K) NonClass: 775K(832K)->775K(832K) Class: 53K(128K)->53K(128K)
[622.528s][info][gc          ] GC(249) Pause Young (Allocation Failure) 2747M->149M(8126M) 8.244ms
[622.528s][info][gc,cpu      ] GC(249) User=0.10s Sys=0.00s Real=0.01s
[625.039s][info][gc,start    ] GC(250) Pause Young (Allocation Failure)
[625.047s][info][gc,heap     ] GC(250) PSYoungGen: 2727712K(2728448K)->66912K(2728448K) Eden: 2660864K(2660864K)->0K(2660864K) From: 66848K(67584K)->66912K(67584K)
[625.047s][info][gc,heap     ] GC(250) ParOldGen: 86079K(5592576K)->86079K(5592576K)
[625.047s][info][gc,metaspace] GC(250) Metaspace: 829K(960K)->829K(960K) NonClass: 775K(832K)->775K(832K) Class: 53K(128K)->53K(128K)
[625.047s][info][gc          ] GC(250) Pause Young (Allocation Failure) 2747M->149M(8126M) 8.140ms
[625.047s][info][gc,cpu      ] GC(250) User=0.10s Sys=0.00s Real=0.01s
[627.558s][info][gc,start    ] GC(251) Pause Young (Allocation Failure)
[627.566s][info][gc,heap     ] GC(251) PSYoungGen: 2727776K(2728448K)->66752K(2728448K) Eden: 2660864K(2660864K)->0K(2660864K) From: 66912K(67584K)->66752K(67584K)
[627.566s][info][gc,heap     ] GC(251) ParOldGen: 86079K(5592576K)->86079K(5592576K)
[627.566s][info][gc,metaspace] GC(251) Metaspace: 829K(960K)->829K(960K) NonClass: 775K(832K)->775K(832K) Class: 53K(128K)->53K(128K)
[627.566s][info][gc          ] GC(251) Pause Young (Allocation Failure) 2747M->149M(8126M) 7.775ms
[627.566s][info][gc,cpu      ] GC(251) User=0.09s Sys=0.00s Real=0.01s
[630.081s][info][gc,start    ] GC(252) Pause Young (Allocation Failure)
[630.089s][info][gc,heap     ] GC(252) PSYoungGen: 2727616K(2728448K)->66912K(2728448K) Eden: 2660864K(2660864K)->0K(2660864K) From: 66752K(67584K)->66912K(67584K)
[630.089s][info][gc,heap     ] GC(252) ParOldGen: 86079K(5592576K)->86079K(5592576K)
[630.089s][info][gc,metaspace] GC(252) Metaspace: 829K(960K)->829K(960K) NonClass: 775K(832K)->775K(832K) Class: 53K(128K)->53K(128K)
[630.089s][info][gc          ] GC(252) Pause Young (Allocation Failure) 2747M->149M(8126M) 7.869ms
[630.089s][info][gc,cpu      ] GC(252) User=0.09s Sys=0.00s Real=0.01s
[632.610s][info][gc,start    ] GC(253) Pause Young (Allocation Failure)
[632.618s][info][gc,heap     ] GC(253) PSYoungGen: 2727776K(2728448K)->66880K(2728448K) Eden: 2660864K(2660864K)->0K(2660864K) From: 66912K(67584K)->66880K(67584K)
[632.618s][info][gc,heap     ] GC(253) ParOldGen: 86079K(5592576K)->86079K(5592576K)
[632.618s][info][gc,metaspace] GC(253) Metaspace: 829K(960K)->829K(960K) NonClass: 775K(832K)->775K(832K) Class: 53K(128K)->53K(128K)
[632.618s][info][gc          ] GC(253) Pause Young (Allocation Failure) 2747M->149M(8126M) 7.736ms
[632.618s][info][gc,cpu      ] GC(253) User=0.09s Sys=0.00s Real=0.01s
[635.140s][info][gc,start    ] GC(254) Pause Young (Allocation Failure)
[635.148s][info][gc,heap     ] GC(254) PSYoungGen: 2727744K(2728448K)->66816K(2728448K) Eden: 2660864K(2660864K)->0K(2660864K) From: 66880K(67584K)->66816K(67584K)
[635.148s][info][gc,heap     ] GC(254) ParOldGen: 86079K(5592576K)->86079K(5592576K)
[635.148s][info][gc,metaspace] GC(254) Metaspace: 829K(960K)->829K(960K) NonClass: 775K(832K)->775K(832K) Class: 53K(128K)->53K(128K)
[635.148s][info][gc          ] GC(254) Pause Young (Allocation Failure) 2747M->149M(8126M) 8.330ms
[635.148s][info][gc,cpu      ] GC(254) User=0.10s Sys=0.00s Real=0.01s
[637.660s][info][gc,start    ] GC(255) Pause Young (Allocation Failure)
[637.668s][info][gc,heap     ] GC(255) PSYoungGen: 2727680K(2728448K)->66784K(2728448K) Eden: 2660864K(2660864K)->0K(2660864K) From: 66816K(67584K)->66784K(67584K)
[637.668s][info][gc,heap     ] GC(255) ParOldGen: 86079K(5592576K)->86079K(5592576K)
[637.668s][info][gc,metaspace] GC(255) Metaspace: 829K(960K)->829K(960K) NonClass: 775K(832K)->775K(832K) Class: 53K(128K)->53K(128K)
[637.668s][info][gc          ] GC(255) Pause Young (Allocation Failure) 2747M->149M(8126M) 7.952ms
[637.668s][info][gc,cpu      ] GC(255) User=0.10s Sys=0.00s Real=0.01s
[640.180s][info][gc,start    ] GC(256) Pause Young (Allocation Failure)
[640.188s][info][gc,heap     ] GC(256) PSYoungGen: 2727648K(2728448K)->66688K(2728448K) Eden: 2660864K(2660864K)->0K(2660864K) From: 66784K(67584K)->66688K(67584K)
[640.188s][info][gc,heap     ] GC(256) ParOldGen: 86079K(5592576K)->86079K(5592576K)
[640.188s][info][gc,metaspace] GC(256) Metaspace: 829K(960K)->829K(960K) NonClass: 775K(832K)->775K(832K) Class: 53K(128K)->53K(128K)
[640.188s][info][gc          ] GC(256) Pause Young (Allocation Failure) 2747M->149M(8126M) 8.248ms
[640.188s][info][gc,cpu      ] GC(256) User=0.10s Sys=0.01s Real=0.01s
[642.700s][info][gc,start    ] GC(257) Pause Young (Allocation Failure)
[642.709s][info][gc,heap     ] GC(257) PSYoungGen: 2727552K(2728448K)->66944K(2728448K) Eden: 2660864K(2660864K)->0K(2660864K) From: 66688K(67584K)->66944K(67584K)
[642.709s][info][gc,heap     ] GC(257) ParOldGen: 86079K(5592576K)->86079K(5592576K)
[642.709s][info][gc,metaspace] GC(257) Metaspace: 829K(960K)->829K(960K) NonClass: 775K(832K)->775K(832K) Class: 53K(128K)->53K(128K)
[642.709s][info][gc          ] GC(257) Pause Young (Allocation Failure) 2747M->149M(8126M) 8.789ms
[642.709s][info][gc,cpu      ] GC(257) User=0.10s Sys=0.00s Real=0.01s
[645.229s][info][gc,start    ] GC(258) Pause Young (Allocation Failure)
[645.237s][info][gc,heap     ] GC(258) PSYoungGen: 2727808K(2728448K)->66720K(2728448K) Eden: 2660864K(2660864K)->0K(2660864K) From: 66944K(67584K)->66720K(67584K)
[645.237s][info][gc,heap     ] GC(258) ParOldGen: 86079K(5592576K)->86079K(5592576K)
[645.237s][info][gc,metaspace] GC(258) Metaspace: 829K(960K)->829K(960K) NonClass: 775K(832K)->775K(832K) Class: 53K(128K)->53K(128K)
[645.237s][info][gc          ] GC(258) Pause Young (Allocation Failure) 2747M->149M(8126M) 7.929ms
[645.237s][info][gc,cpu      ] GC(258) User=0.10s Sys=0.00s Real=0.01s
[647.749s][info][gc,start    ] GC(259) Pause Young (Allocation Failure)
[647.758s][info][gc,heap     ] GC(259) PSYoungGen: 2727584K(2728448K)->66784K(2728448K) Eden: 2660864K(2660864K)->0K(2660864K) From: 66720K(67584K)->66784K(67584K)
[647.758s][info][gc,heap     ] GC(259) ParOldGen: 86079K(5592576K)->86079K(5592576K)
[647.758s][info][gc,metaspace] GC(259) Metaspace: 829K(960K)->829K(960K) NonClass: 775K(832K)->775K(832K) Class: 53K(128K)->53K(128K)
[647.758s][info][gc          ] GC(259) Pause Young (Allocation Failure) 2747M->149M(8126M) 8.235ms
[647.758s][info][gc,cpu      ] GC(259) User=0.10s Sys=0.00s Real=0.01s
[650.270s][info][gc,start    ] GC(260) Pause Young (Allocation Failure)
[650.278s][info][gc,heap     ] GC(260) PSYoungGen: 2727648K(2728448K)->66624K(2728448K) Eden: 2660864K(2660864K)->0K(2660864K) From: 66784K(67584K)->66624K(67584K)
[650.278s][info][gc,heap     ] GC(260) ParOldGen: 86079K(5592576K)->86079K(5592576K)
[650.278s][info][gc,metaspace] GC(260) Metaspace: 829K(960K)->829K(960K) NonClass: 775K(832K)->775K(832K) Class: 53K(128K)->53K(128K)
[650.278s][info][gc          ] GC(260) Pause Young (Allocation Failure) 2747M->149M(8126M) 8.007ms
[650.278s][info][gc,cpu      ] GC(260) User=0.10s Sys=0.00s Real=0.01s
[652.799s][info][gc,start    ] GC(261) Pause Young (Allocation Failure)
[652.807s][info][gc,heap     ] GC(261) PSYoungGen: 2727488K(2728448K)->66784K(2728448K) Eden: 2660864K(2660864K)->0K(2660864K) From: 66624K(67584K)->66784K(67584K)
[652.807s][info][gc,heap     ] GC(261) ParOldGen: 86079K(5592576K)->86079K(5592576K)
[652.807s][info][gc,metaspace] GC(261) Metaspace: 829K(960K)->829K(960K) NonClass: 775K(832K)->775K(832K) Class: 53K(128K)->53K(128K)
[652.807s][info][gc          ] GC(261) Pause Young (Allocation Failure) 2747M->149M(8126M) 8.282ms
[652.807s][info][gc,cpu      ] GC(261) User=0.10s Sys=0.00s Real=0.01s
[655.329s][info][gc,start    ] GC(262) Pause Young (Allocation Failure)
[655.336s][info][gc,heap     ] GC(262) PSYoungGen: 2727648K(2728448K)->66848K(2728448K) Eden: 2660864K(2660864K)->0K(2660864K) From: 66784K(67584K)->66848K(67584K)
[655.337s][info][gc,heap     ] GC(262) ParOldGen: 86079K(5592576K)->86079K(5592576K)
[655.337s][info][gc,metaspace] GC(262) Metaspace: 829K(960K)->829K(960K) NonClass: 775K(832K)->775K(832K) Class: 53K(128K)->53K(128K)
[655.337s][info][gc          ] GC(262) Pause Young (Allocation Failure) 2747M->149M(8126M) 7.980ms
[655.337s][info][gc,cpu      ] GC(262) User=0.10s Sys=0.01s Real=0.01s
[657.850s][info][gc,start    ] GC(263) Pause Young (Allocation Failure)
[657.858s][info][gc,heap     ] GC(263) PSYoungGen: 2727712K(2728448K)->66976K(2728448K) Eden: 2660864K(2660864K)->0K(2660864K) From: 66848K(67584K)->66976K(67584K)
[657.858s][info][gc,heap     ] GC(263) ParOldGen: 86079K(5592576K)->86079K(5592576K)
[657.858s][info][gc,metaspace] GC(263) Metaspace: 829K(960K)->829K(960K) NonClass: 775K(832K)->775K(832K) Class: 53K(128K)->53K(128K)
[657.858s][info][gc          ] GC(263) Pause Young (Allocation Failure) 2747M->149M(8126M) 7.777ms
[657.858s][info][gc,cpu      ] GC(263) User=0.10s Sys=0.00s Real=0.01s
[660.369s][info][gc,start    ] GC(264) Pause Young (Allocation Failure)
[660.379s][info][gc,heap     ] GC(264) PSYoungGen: 2727840K(2728448K)->66816K(2728448K) Eden: 2660864K(2660864K)->0K(2660864K) From: 66976K(67584K)->66816K(67584K)
[660.379s][info][gc,heap     ] GC(264) ParOldGen: 86079K(5592576K)->86079K(5592576K)
[660.379s][info][gc,metaspace] GC(264) Metaspace: 829K(960K)->829K(960K) NonClass: 775K(832K)->775K(832K) Class: 53K(128K)->53K(128K)
[660.379s][info][gc          ] GC(264) Pause Young (Allocation Failure) 2747M->149M(8126M) 9.624ms
[660.379s][info][gc,cpu      ] GC(264) User=0.12s Sys=0.01s Real=0.01s
[662.890s][info][gc,start    ] GC(265) Pause Young (Allocation Failure)
[662.900s][info][gc,heap     ] GC(265) PSYoungGen: 2727680K(2728448K)->67584K(2728448K) Eden: 2660864K(2660864K)->0K(2660864K) From: 66816K(67584K)->67584K(67584K)
[662.900s][info][gc,heap     ] GC(265) ParOldGen: 86079K(5592576K)->86367K(5592576K)
[662.900s][info][gc,metaspace] GC(265) Metaspace: 829K(960K)->829K(960K) NonClass: 775K(832K)->775K(832K) Class: 53K(128K)->53K(128K)
[662.900s][info][gc          ] GC(265) Pause Young (Allocation Failure) 2747M->150M(8126M) 9.860ms
[662.900s][info][gc,cpu      ] GC(265) User=0.11s Sys=0.00s Real=0.01s
[665.420s][info][gc,start    ] GC(266) Pause Young (Allocation Failure)
[665.428s][info][gc,heap     ] GC(266) PSYoungGen: 2728448K(2728448K)->66976K(2728448K) Eden: 2660864K(2660864K)->0K(2660864K) From: 67584K(67584K)->66976K(67584K)
[665.428s][info][gc,heap     ] GC(266) ParOldGen: 86367K(5592576K)->87543K(5592576K)
[665.428s][info][gc,metaspace] GC(266) Metaspace: 829K(960K)->829K(960K) NonClass: 775K(832K)->775K(832K) Class: 53K(128K)->53K(128K)
[665.428s][info][gc          ] GC(266) Pause Young (Allocation Failure) 2748M->150M(8126M) 8.464ms
[665.428s][info][gc,cpu      ] GC(266) User=0.10s Sys=0.00s Real=0.01s
[667.948s][info][gc,start    ] GC(267) Pause Young (Allocation Failure)
[667.956s][info][gc,heap     ] GC(267) PSYoungGen: 2727840K(2728448K)->66688K(2728448K) Eden: 2660864K(2660864K)->0K(2660864K) From: 66976K(67584K)->66688K(67584K)
[667.956s][info][gc,heap     ] GC(267) ParOldGen: 87543K(5592576K)->87543K(5592576K)
[667.956s][info][gc,metaspace] GC(267) Metaspace: 829K(960K)->829K(960K) NonClass: 775K(832K)->775K(832K) Class: 53K(128K)->53K(128K)
[667.956s][info][gc          ] GC(267) Pause Young (Allocation Failure) 2749M->150M(8126M) 7.745ms
[667.956s][info][gc,cpu      ] GC(267) User=0.09s Sys=0.00s Real=0.01s
[670.470s][info][gc,start    ] GC(268) Pause Young (Allocation Failure)
[670.478s][info][gc,heap     ] GC(268) PSYoungGen: 2727552K(2728448K)->66592K(2728448K) Eden: 2660864K(2660864K)->0K(2660864K) From: 66688K(67584K)->66592K(67584K)
[670.478s][info][gc,heap     ] GC(268) ParOldGen: 87543K(5592576K)->87543K(5592576K)
[670.478s][info][gc,metaspace] GC(268) Metaspace: 829K(960K)->829K(960K) NonClass: 775K(832K)->775K(832K) Class: 53K(128K)->53K(128K)
[670.478s][info][gc          ] GC(268) Pause Young (Allocation Failure) 2749M->150M(8126M) 8.071ms
[670.478s][info][gc,cpu      ] GC(268) User=0.10s Sys=0.01s Real=0.01s
[672.990s][info][gc,start    ] GC(269) Pause Young (Allocation Failure)
[672.998s][info][gc,heap     ] GC(269) PSYoungGen: 2727456K(2728448K)->66624K(2728448K) Eden: 2660864K(2660864K)->0K(2660864K) From: 66592K(67584K)->66624K(67584K)
[672.998s][info][gc,heap     ] GC(269) ParOldGen: 87543K(5592576K)->87543K(5592576K)
[672.998s][info][gc,metaspace] GC(269) Metaspace: 829K(960K)->829K(960K) NonClass: 775K(832K)->775K(832K) Class: 53K(128K)->53K(128K)
[672.998s][info][gc          ] GC(269) Pause Young (Allocation Failure) 2749M->150M(8126M) 7.725ms
[672.998s][info][gc,cpu      ] GC(269) User=0.10s Sys=0.00s Real=0.01s
[675.510s][info][gc,start    ] GC(270) Pause Young (Allocation Failure)
[675.518s][info][gc,heap     ] GC(270) PSYoungGen: 2727488K(2728448K)->66784K(2728448K) Eden: 2660864K(2660864K)->0K(2660864K) From: 66624K(67584K)->66784K(67584K)
[675.518s][info][gc,heap     ] GC(270) ParOldGen: 87543K(5592576K)->87543K(5592576K)
[675.518s][info][gc,metaspace] GC(270) Metaspace: 829K(960K)->829K(960K) NonClass: 775K(832K)->775K(832K) Class: 53K(128K)->53K(128K)
[675.518s][info][gc          ] GC(270) Pause Young (Allocation Failure) 2749M->150M(8126M) 7.909ms
[675.518s][info][gc,cpu      ] GC(270) User=0.10s Sys=0.00s Real=0.01s
[678.039s][info][gc,start    ] GC(271) Pause Young (Allocation Failure)
[678.047s][info][gc,heap     ] GC(271) PSYoungGen: 2727648K(2728448K)->66752K(2728448K) Eden: 2660864K(2660864K)->0K(2660864K) From: 66784K(67584K)->66752K(67584K)
[678.047s][info][gc,heap     ] GC(271) ParOldGen: 87543K(5592576K)->87543K(5592576K)
[678.047s][info][gc,metaspace] GC(271) Metaspace: 829K(960K)->829K(960K) NonClass: 775K(832K)->775K(832K) Class: 53K(128K)->53K(128K)
[678.047s][info][gc          ] GC(271) Pause Young (Allocation Failure) 2749M->150M(8126M) 7.777ms
[678.047s][info][gc,cpu      ] GC(271) User=0.09s Sys=0.00s Real=0.01s
[680.560s][info][gc,start    ] GC(272) Pause Young (Allocation Failure)
[680.568s][info][gc,heap     ] GC(272) PSYoungGen: 2727616K(2728448K)->66656K(2728448K) Eden: 2660864K(2660864K)->0K(2660864K) From: 66752K(67584K)->66656K(67584K)
[680.568s][info][gc,heap     ] GC(272) ParOldGen: 87543K(5592576K)->87543K(5592576K)
[680.568s][info][gc,metaspace] GC(272) Metaspace: 829K(960K)->829K(960K) NonClass: 775K(832K)->775K(832K) Class: 53K(128K)->53K(128K)
[680.568s][info][gc          ] GC(272) Pause Young (Allocation Failure) 2749M->150M(8126M) 7.848ms
[680.568s][info][gc,cpu      ] GC(272) User=0.10s Sys=0.00s Real=0.01s
[683.080s][info][gc,start    ] GC(273) Pause Young (Allocation Failure)
[683.088s][info][gc,heap     ] GC(273) PSYoungGen: 2727520K(2728448K)->66656K(2728448K) Eden: 2660864K(2660864K)->0K(2660864K) From: 66656K(67584K)->66656K(67584K)
[683.088s][info][gc,heap     ] GC(273) ParOldGen: 87543K(5592576K)->87543K(5592576K)
[683.088s][info][gc,metaspace] GC(273) Metaspace: 829K(960K)->829K(960K) NonClass: 775K(832K)->775K(832K) Class: 53K(128K)->53K(128K)
[683.088s][info][gc          ] GC(273) Pause Young (Allocation Failure) 2749M->150M(8126M) 7.702ms
[683.088s][info][gc,cpu      ] GC(273) User=0.10s Sys=0.00s Real=0.01s
[685.600s][info][gc,start    ] GC(274) Pause Young (Allocation Failure)
[685.608s][info][gc,heap     ] GC(274) PSYoungGen: 2727520K(2728448K)->66880K(2728448K) Eden: 2660864K(2660864K)->0K(2660864K) From: 66656K(67584K)->66880K(67584K)
[685.608s][info][gc,heap     ] GC(274) ParOldGen: 87543K(5592576K)->87543K(5592576K)
[685.608s][info][gc,metaspace] GC(274) Metaspace: 829K(960K)->829K(960K) NonClass: 775K(832K)->775K(832K) Class: 53K(128K)->53K(128K)
[685.608s][info][gc          ] GC(274) Pause Young (Allocation Failure) 2749M->150M(8126M) 7.728ms
[685.608s][info][gc,cpu      ] GC(274) User=0.09s Sys=0.01s Real=0.01s
[688.129s][info][gc,start    ] GC(275) Pause Young (Allocation Failure)
[688.137s][info][gc,heap     ] GC(275) PSYoungGen: 2727744K(2728448K)->66720K(2728448K) Eden: 2660864K(2660864K)->0K(2660864K) From: 66880K(67584K)->66720K(67584K)
[688.137s][info][gc,heap     ] GC(275) ParOldGen: 87543K(5592576K)->87543K(5592576K)
[688.137s][info][gc,metaspace] GC(275) Metaspace: 829K(960K)->829K(960K) NonClass: 775K(832K)->775K(832K) Class: 53K(128K)->53K(128K)
[688.137s][info][gc          ] GC(275) Pause Young (Allocation Failure) 2749M->150M(8126M) 8.007ms
[688.137s][info][gc,cpu      ] GC(275) User=0.09s Sys=0.00s Real=0.01s
[690.651s][info][gc,start    ] GC(276) Pause Young (Allocation Failure)
[690.659s][info][gc,heap     ] GC(276) PSYoungGen: 2727584K(2728448K)->66752K(2728448K) Eden: 2660864K(2660864K)->0K(2660864K) From: 66720K(67584K)->66752K(67584K)
[690.659s][info][gc,heap     ] GC(276) ParOldGen: 87543K(5592576K)->87543K(5592576K)
[690.659s][info][gc,metaspace] GC(276) Metaspace: 829K(960K)->829K(960K) NonClass: 775K(832K)->775K(832K) Class: 53K(128K)->53K(128K)
[690.659s][info][gc          ] GC(276) Pause Young (Allocation Failure) 2749M->150M(8126M) 8.039ms
[690.659s][info][gc,cpu      ] GC(276) User=0.10s Sys=0.00s Real=0.01s
[693.180s][info][gc,start    ] GC(277) Pause Young (Allocation Failure)
[693.187s][info][gc,heap     ] GC(277) PSYoungGen: 2727616K(2728448K)->66688K(2728448K) Eden: 2660864K(2660864K)->0K(2660864K) From: 66752K(67584K)->66688K(67584K)
[693.187s][info][gc,heap     ] GC(277) ParOldGen: 87543K(5592576K)->87543K(5592576K)
[693.187s][info][gc,metaspace] GC(277) Metaspace: 829K(960K)->829K(960K) NonClass: 775K(832K)->775K(832K) Class: 53K(128K)->53K(128K)
[693.187s][info][gc          ] GC(277) Pause Young (Allocation Failure) 2749M->150M(8126M) 7.467ms
[693.187s][info][gc,cpu      ] GC(277) User=0.10s Sys=0.00s Real=0.01s
[695.700s][info][gc,start    ] GC(278) Pause Young (Allocation Failure)
[695.707s][info][gc,heap     ] GC(278) PSYoungGen: 2727552K(2728448K)->66752K(2728448K) Eden: 2660864K(2660864K)->0K(2660864K) From: 66688K(67584K)->66752K(67584K)
[695.707s][info][gc,heap     ] GC(278) ParOldGen: 87543K(5592576K)->87543K(5592576K)
[695.707s][info][gc,metaspace] GC(278) Metaspace: 829K(960K)->829K(960K) NonClass: 775K(832K)->775K(832K) Class: 53K(128K)->53K(128K)
[695.707s][info][gc          ] GC(278) Pause Young (Allocation Failure) 2749M->150M(8126M) 7.712ms
[695.707s][info][gc,cpu      ] GC(278) User=0.09s Sys=0.01s Real=0.01s
[698.220s][info][gc,start    ] GC(279) Pause Young (Allocation Failure)
[698.228s][info][gc,heap     ] GC(279) PSYoungGen: 2727616K(2728448K)->66784K(2728448K) Eden: 2660864K(2660864K)->0K(2660864K) From: 66752K(67584K)->66784K(67584K)
[698.228s][info][gc,heap     ] GC(279) ParOldGen: 87543K(5592576K)->87543K(5592576K)
[698.228s][info][gc,metaspace] GC(279) Metaspace: 829K(960K)->829K(960K) NonClass: 775K(832K)->775K(832K) Class: 53K(128K)->53K(128K)
[698.228s][info][gc          ] GC(279) Pause Young (Allocation Failure) 2749M->150M(8126M) 7.748ms
[698.228s][info][gc,cpu      ] GC(279) User=0.09s Sys=0.00s Real=0.01s
[700.749s][info][gc,start    ] GC(280) Pause Young (Allocation Failure)
[700.758s][info][gc,heap     ] GC(280) PSYoungGen: 2727648K(2728448K)->66720K(2728448K) Eden: 2660864K(2660864K)->0K(2660864K) From: 66784K(67584K)->66720K(67584K)
[700.758s][info][gc,heap     ] GC(280) ParOldGen: 87543K(5592576K)->87543K(5592576K)
[700.758s][info][gc,metaspace] GC(280) Metaspace: 829K(960K)->829K(960K) NonClass: 775K(832K)->775K(832K) Class: 53K(128K)->53K(128K)
[700.758s][info][gc          ] GC(280) Pause Young (Allocation Failure) 2749M->150M(8126M) 8.592ms
[700.758s][info][gc,cpu      ] GC(280) User=0.10s Sys=0.00s Real=0.01s
[703.270s][info][gc,start    ] GC(281) Pause Young (Allocation Failure)
[703.278s][info][gc,heap     ] GC(281) PSYoungGen: 2727584K(2728448K)->66816K(2728448K) Eden: 2660864K(2660864K)->0K(2660864K) From: 66720K(67584K)->66816K(67584K)
[703.278s][info][gc,heap     ] GC(281) ParOldGen: 87543K(5592576K)->87543K(5592576K)
[703.278s][info][gc,metaspace] GC(281) Metaspace: 829K(960K)->829K(960K) NonClass: 775K(832K)->775K(832K) Class: 53K(128K)->53K(128K)
[703.278s][info][gc          ] GC(281) Pause Young (Allocation Failure) 2749M->150M(8126M) 8.047ms
[703.278s][info][gc,cpu      ] GC(281) User=0.10s Sys=0.00s Real=0.01s
[705.791s][info][gc,start    ] GC(282) Pause Young (Allocation Failure)
[705.799s][info][gc,heap     ] GC(282) PSYoungGen: 2727680K(2728448K)->66720K(2728448K) Eden: 2660864K(2660864K)->0K(2660864K) From: 66816K(67584K)->66720K(67584K)
[705.799s][info][gc,heap     ] GC(282) ParOldGen: 87543K(5592576K)->87543K(5592576K)
[705.799s][info][gc,metaspace] GC(282) Metaspace: 829K(960K)->829K(960K) NonClass: 775K(832K)->775K(832K) Class: 53K(128K)->53K(128K)
[705.799s][info][gc          ] GC(282) Pause Young (Allocation Failure) 2749M->150M(8126M) 8.192ms
[705.799s][info][gc,cpu      ] GC(282) User=0.10s Sys=0.00s Real=0.01s
[708.311s][info][gc,start    ] GC(283) Pause Young (Allocation Failure)
[708.318s][info][gc,heap     ] GC(283) PSYoungGen: 2727584K(2728448K)->66848K(2728960K) Eden: 2660864K(2660864K)->0K(2661888K) From: 66720K(67584K)->66848K(67072K)
[708.318s][info][gc,heap     ] GC(283) ParOldGen: 87543K(5592576K)->87543K(5592576K)
[708.318s][info][gc,metaspace] GC(283) Metaspace: 829K(960K)->829K(960K) NonClass: 775K(832K)->775K(832K) Class: 53K(128K)->53K(128K)
[708.318s][info][gc          ] GC(283) Pause Young (Allocation Failure) 2749M->150M(8126M) 7.778ms
[708.318s][info][gc,cpu      ] GC(283) User=0.10s Sys=0.00s Real=0.01s
[710.838s][info][gc,start    ] GC(284) Pause Young (Allocation Failure)
[710.846s][info][gc,heap     ] GC(284) PSYoungGen: 2728736K(2728960K)->66688K(2728960K) Eden: 2661888K(2661888K)->0K(2661888K) From: 66848K(67072K)->66688K(67072K)
[710.846s][info][gc,heap     ] GC(284) ParOldGen: 87543K(5592576K)->87543K(5592576K)
[710.846s][info][gc,metaspace] GC(284) Metaspace: 829K(960K)->829K(960K) NonClass: 775K(832K)->775K(832K) Class: 53K(128K)->53K(128K)
[710.846s][info][gc          ] GC(284) Pause Young (Allocation Failure) 2750M->150M(8126M) 7.439ms
[710.846s][info][gc,cpu      ] GC(284) User=0.09s Sys=0.00s Real=0.01s
[713.360s][info][gc,start    ] GC(285) Pause Young (Allocation Failure)
[713.368s][info][gc,heap     ] GC(285) PSYoungGen: 2728576K(2728960K)->66880K(2728960K) Eden: 2661888K(2661888K)->0K(2661888K) From: 66688K(67072K)->66880K(67072K)
[713.368s][info][gc,heap     ] GC(285) ParOldGen: 87543K(5592576K)->87543K(5592576K)
[713.368s][info][gc,metaspace] GC(285) Metaspace: 829K(960K)->829K(960K) NonClass: 775K(832K)->775K(832K) Class: 53K(128K)->53K(128K)
[713.368s][info][gc          ] GC(285) Pause Young (Allocation Failure) 2750M->150M(8126M) 7.669ms
[713.368s][info][gc,cpu      ] GC(285) User=0.10s Sys=0.00s Real=0.01s
[715.889s][info][gc,start    ] GC(286) Pause Young (Allocation Failure)
[715.898s][info][gc,heap     ] GC(286) PSYoungGen: 2728768K(2728960K)->66656K(2728960K) Eden: 2661888K(2661888K)->0K(2661888K) From: 66880K(67072K)->66656K(67072K)
[715.898s][info][gc,heap     ] GC(286) ParOldGen: 87543K(5592576K)->87543K(5592576K)
[715.898s][info][gc,metaspace] GC(286) Metaspace: 829K(960K)->829K(960K) NonClass: 775K(832K)->775K(832K) Class: 53K(128K)->53K(128K)
[715.898s][info][gc          ] GC(286) Pause Young (Allocation Failure) 2750M->150M(8126M) 8.159ms
[715.898s][info][gc,cpu      ] GC(286) User=0.10s Sys=0.00s Real=0.01s
[718.420s][info][gc,start    ] GC(287) Pause Young (Allocation Failure)
[718.427s][info][gc,heap     ] GC(287) PSYoungGen: 2728544K(2728960K)->66848K(2728960K) Eden: 2661888K(2661888K)->0K(2661888K) From: 66656K(67072K)->66848K(67072K)
[718.427s][info][gc,heap     ] GC(287) ParOldGen: 87543K(5592576K)->87543K(5592576K)
[718.427s][info][gc,metaspace] GC(287) Metaspace: 829K(960K)->829K(960K) NonClass: 775K(832K)->775K(832K) Class: 53K(128K)->53K(128K)
[718.428s][info][gc          ] GC(287) Pause Young (Allocation Failure) 2750M->150M(8126M) 7.976ms
[718.428s][info][gc,cpu      ] GC(287) User=0.09s Sys=0.00s Real=0.01s
[720.940s][info][gc,start    ] GC(288) Pause Young (Allocation Failure)
[720.950s][info][gc,heap     ] GC(288) PSYoungGen: 2728736K(2728960K)->66592K(2728960K) Eden: 2661888K(2661888K)->0K(2661888K) From: 66848K(67072K)->66592K(67072K)
[720.950s][info][gc,heap     ] GC(288) ParOldGen: 87543K(5592576K)->87543K(5592576K)
[720.950s][info][gc,metaspace] GC(288) Metaspace: 829K(960K)->829K(960K) NonClass: 775K(832K)->775K(832K) Class: 53K(128K)->53K(128K)
[720.950s][info][gc          ] GC(288) Pause Young (Allocation Failure) 2750M->150M(8126M) 10.141ms
[720.951s][info][gc,cpu      ] GC(288) User=0.12s Sys=0.00s Real=0.01s
[723.459s][info][gc,start    ] GC(289) Pause Young (Allocation Failure)
[723.469s][info][gc,heap     ] GC(289) PSYoungGen: 2728480K(2728960K)->67072K(2727936K) Eden: 2661888K(2661888K)->0K(2660864K) From: 66592K(67072K)->67072K(67072K)
[723.469s][info][gc,heap     ] GC(289) ParOldGen: 87543K(5592576K)->88599K(5592576K)
[723.469s][info][gc,metaspace] GC(289) Metaspace: 829K(960K)->829K(960K) NonClass: 775K(832K)->775K(832K) Class: 53K(128K)->53K(128K)
[723.469s][info][gc          ] GC(289) Pause Young (Allocation Failure) 2750M->152M(8125M) 10.029ms
[723.469s][info][gc,cpu      ] GC(289) User=0.11s Sys=0.01s Real=0.01s
[725.988s][info][gc,start    ] GC(290) Pause Young (Allocation Failure)
[725.997s][info][gc,heap     ] GC(290) PSYoungGen: 2727936K(2727936K)->66848K(2728448K) Eden: 2660864K(2660864K)->0K(2660864K) From: 67072K(67072K)->66848K(67584K)
[725.997s][info][gc,heap     ] GC(290) ParOldGen: 88599K(5592576K)->89479K(5592576K)
[725.997s][info][gc,metaspace] GC(290) Metaspace: 829K(960K)->829K(960K) NonClass: 775K(832K)->775K(832K) Class: 53K(128K)->53K(128K)
[725.997s][info][gc          ] GC(290) Pause Young (Allocation Failure) 2750M->152M(8126M) 8.494ms
[725.997s][info][gc,cpu      ] GC(290) User=0.10s Sys=0.00s Real=0.01s
[728.509s][info][gc,start    ] GC(291) Pause Young (Allocation Failure)
[728.517s][info][gc,heap     ] GC(291) PSYoungGen: 2727712K(2728448K)->66784K(2728448K) Eden: 2660864K(2660864K)->0K(2660864K) From: 66848K(67584K)->66784K(67584K)
[728.517s][info][gc,heap     ] GC(291) ParOldGen: 89479K(5592576K)->89479K(5592576K)
[728.517s][info][gc,metaspace] GC(291) Metaspace: 829K(960K)->829K(960K) NonClass: 775K(832K)->775K(832K) Class: 53K(128K)->53K(128K)
[728.517s][info][gc          ] GC(291) Pause Young (Allocation Failure) 2751M->152M(8126M) 8.020ms
[728.517s][info][gc,cpu      ] GC(291) User=0.10s Sys=0.01s Real=0.01s
[731.030s][info][gc,start    ] GC(292) Pause Young (Allocation Failure)
[731.038s][info][gc,heap     ] GC(292) PSYoungGen: 2727648K(2728448K)->66656K(2728448K) Eden: 2660864K(2660864K)->0K(2660864K) From: 66784K(67584K)->66656K(67584K)
[731.038s][info][gc,heap     ] GC(292) ParOldGen: 89479K(5592576K)->89479K(5592576K)
[731.038s][info][gc,metaspace] GC(292) Metaspace: 829K(960K)->829K(960K) NonClass: 775K(832K)->775K(832K) Class: 53K(128K)->53K(128K)
[731.038s][info][gc          ] GC(292) Pause Young (Allocation Failure) 2751M->152M(8126M) 7.785ms
[731.038s][info][gc,cpu      ] GC(292) User=0.09s Sys=0.00s Real=0.01s
[733.559s][info][gc,start    ] GC(293) Pause Young (Allocation Failure)
[733.567s][info][gc,heap     ] GC(293) PSYoungGen: 2727520K(2728448K)->66720K(2728448K) Eden: 2660864K(2660864K)->0K(2660864K) From: 66656K(67584K)->66720K(67584K)
[733.567s][info][gc,heap     ] GC(293) ParOldGen: 89479K(5592576K)->89479K(5592576K)
[733.567s][info][gc,metaspace] GC(293) Metaspace: 829K(960K)->829K(960K) NonClass: 775K(832K)->775K(832K) Class: 53K(128K)->53K(128K)
[733.567s][info][gc          ] GC(293) Pause Young (Allocation Failure) 2750M->152M(8126M) 8.238ms
[733.567s][info][gc,cpu      ] GC(293) User=0.10s Sys=0.00s Real=0.01s
[736.079s][info][gc,start    ] GC(294) Pause Young (Allocation Failure)
[736.087s][info][gc,heap     ] GC(294) PSYoungGen: 2727584K(2728448K)->66720K(2728448K) Eden: 2660864K(2660864K)->0K(2660864K) From: 66720K(67584K)->66720K(67584K)
[736.087s][info][gc,heap     ] GC(294) ParOldGen: 89479K(5592576K)->89479K(5592576K)
[736.087s][info][gc,metaspace] GC(294) Metaspace: 829K(960K)->829K(960K) NonClass: 775K(832K)->775K(832K) Class: 53K(128K)->53K(128K)
[736.087s][info][gc          ] GC(294) Pause Young (Allocation Failure) 2751M->152M(8126M) 8.129ms
[736.087s][info][gc,cpu      ] GC(294) User=0.10s Sys=0.01s Real=0.01s
[738.600s][info][gc,start    ] GC(295) Pause Young (Allocation Failure)
[738.609s][info][gc,heap     ] GC(295) PSYoungGen: 2727584K(2728448K)->66784K(2728448K) Eden: 2660864K(2660864K)->0K(2660864K) From: 66720K(67584K)->66784K(67584K)
[738.609s][info][gc,heap     ] GC(295) ParOldGen: 89479K(5592576K)->89479K(5592576K)
[738.609s][info][gc,metaspace] GC(295) Metaspace: 829K(960K)->829K(960K) NonClass: 775K(832K)->775K(832K) Class: 53K(128K)->53K(128K)
[738.609s][info][gc          ] GC(295) Pause Young (Allocation Failure) 2751M->152M(8126M) 8.314ms
[738.609s][info][gc,cpu      ] GC(295) User=0.10s Sys=0.00s Real=0.00s
[741.129s][info][gc,start    ] GC(296) Pause Young (Allocation Failure)
[741.137s][info][gc,heap     ] GC(296) PSYoungGen: 2727648K(2728448K)->66592K(2728448K) Eden: 2660864K(2660864K)->0K(2660864K) From: 66784K(67584K)->66592K(67584K)
[741.137s][info][gc,heap     ] GC(296) ParOldGen: 89479K(5592576K)->89479K(5592576K)
[741.137s][info][gc,metaspace] GC(296) Metaspace: 829K(960K)->829K(960K) NonClass: 775K(832K)->775K(832K) Class: 53K(128K)->53K(128K)
[741.137s][info][gc          ] GC(296) Pause Young (Allocation Failure) 2751M->152M(8126M) 7.936ms
[741.137s][info][gc,cpu      ] GC(296) User=0.10s Sys=0.00s Real=0.01s
[743.650s][info][gc,start    ] GC(297) Pause Young (Allocation Failure)
[743.658s][info][gc,heap     ] GC(297) PSYoungGen: 2727456K(2728448K)->66848K(2728448K) Eden: 2660864K(2660864K)->0K(2660864K) From: 66592K(67584K)->66848K(67584K)
[743.658s][info][gc,heap     ] GC(297) ParOldGen: 89479K(5592576K)->89479K(5592576K)
[743.658s][info][gc,metaspace] GC(297) Metaspace: 829K(960K)->829K(960K) NonClass: 775K(832K)->775K(832K) Class: 53K(128K)->53K(128K)
[743.658s][info][gc          ] GC(297) Pause Young (Allocation Failure) 2750M->152M(8126M) 8.132ms
[743.658s][info][gc,cpu      ] GC(297) User=0.10s Sys=0.00s Real=0.01s
[746.178s][info][gc,start    ] GC(298) Pause Young (Allocation Failure)
[746.187s][info][gc,heap     ] GC(298) PSYoungGen: 2727712K(2728448K)->66688K(2728448K) Eden: 2660864K(2660864K)->0K(2660864K) From: 66848K(67584K)->66688K(67584K)
[746.187s][info][gc,heap     ] GC(298) ParOldGen: 89479K(5592576K)->89479K(5592576K)
[746.187s][info][gc,metaspace] GC(298) Metaspace: 829K(960K)->829K(960K) NonClass: 775K(832K)->775K(832K) Class: 53K(128K)->53K(128K)
[746.187s][info][gc          ] GC(298) Pause Young (Allocation Failure) 2751M->152M(8126M) 8.420ms
[746.187s][info][gc,cpu      ] GC(298) User=0.10s Sys=0.00s Real=0.01s
[748.699s][info][gc,start    ] GC(299) Pause Young (Allocation Failure)
[748.707s][info][gc,heap     ] GC(299) PSYoungGen: 2727552K(2728448K)->66720K(2728448K) Eden: 2660864K(2660864K)->0K(2660864K) From: 66688K(67584K)->66720K(67584K)
[748.707s][info][gc,heap     ] GC(299) ParOldGen: 89479K(5592576K)->89479K(5592576K)
[748.707s][info][gc,metaspace] GC(299) Metaspace: 829K(960K)->829K(960K) NonClass: 775K(832K)->775K(832K) Class: 53K(128K)->53K(128K)
[748.707s][info][gc          ] GC(299) Pause Young (Allocation Failure) 2751M->152M(8126M) 8.009ms
[748.707s][info][gc,cpu      ] GC(299) User=0.10s Sys=0.00s Real=0.01s
[751.218s][info][gc,start    ] GC(300) Pause Young (Allocation Failure)
[751.226s][info][gc,heap     ] GC(300) PSYoungGen: 2727584K(2728448K)->66752K(2728448K) Eden: 2660864K(2660864K)->0K(2660864K) From: 66720K(67584K)->66752K(67584K)
[751.226s][info][gc,heap     ] GC(300) ParOldGen: 89479K(5592576K)->89479K(5592576K)
[751.226s][info][gc,metaspace] GC(300) Metaspace: 829K(960K)->829K(960K) NonClass: 775K(832K)->775K(832K) Class: 53K(128K)->53K(128K)
[751.226s][info][gc          ] GC(300) Pause Young (Allocation Failure) 2751M->152M(8126M) 7.900ms
[751.226s][info][gc,cpu      ] GC(300) User=0.10s Sys=0.00s Real=0.01s
[753.740s][info][gc,start    ] GC(301) Pause Young (Allocation Failure)
[753.747s][info][gc,heap     ] GC(301) PSYoungGen: 2727616K(2728448K)->66912K(2728448K) Eden: 2660864K(2660864K)->0K(2660864K) From: 66752K(67584K)->66912K(67584K)
[753.747s][info][gc,heap     ] GC(301) ParOldGen: 89479K(5592576K)->89479K(5592576K)
[753.747s][info][gc,metaspace] GC(301) Metaspace: 829K(960K)->829K(960K) NonClass: 775K(832K)->775K(832K) Class: 53K(128K)->53K(128K)
[753.747s][info][gc          ] GC(301) Pause Young (Allocation Failure) 2751M->152M(8126M) 7.746ms
[753.747s][info][gc,cpu      ] GC(301) User=0.10s Sys=0.00s Real=0.00s
[756.269s][info][gc,start    ] GC(302) Pause Young (Allocation Failure)
[756.277s][info][gc,heap     ] GC(302) PSYoungGen: 2727776K(2728448K)->66784K(2728448K) Eden: 2660864K(2660864K)->0K(2660864K) From: 66912K(67584K)->66784K(67584K)
[756.277s][info][gc,heap     ] GC(302) ParOldGen: 89479K(5592576K)->89479K(5592576K)
[756.277s][info][gc,metaspace] GC(302) Metaspace: 829K(960K)->829K(960K) NonClass: 775K(832K)->775K(832K) Class: 53K(128K)->53K(128K)
[756.277s][info][gc          ] GC(302) Pause Young (Allocation Failure) 2751M->152M(8126M) 7.671ms
[756.277s][info][gc,cpu      ] GC(302) User=0.09s Sys=0.01s Real=0.01s
[758.790s][info][gc,start    ] GC(303) Pause Young (Allocation Failure)
[758.798s][info][gc,heap     ] GC(303) PSYoungGen: 2727648K(2728448K)->66784K(2728448K) Eden: 2660864K(2660864K)->0K(2660864K) From: 66784K(67584K)->66784K(67584K)
[758.798s][info][gc,heap     ] GC(303) ParOldGen: 89479K(5592576K)->89479K(5592576K)
[758.798s][info][gc,metaspace] GC(303) Metaspace: 829K(960K)->829K(960K) NonClass: 775K(832K)->775K(832K) Class: 53K(128K)->53K(128K)
[758.798s][info][gc          ] GC(303) Pause Young (Allocation Failure) 2751M->152M(8126M) 7.902ms
[758.798s][info][gc,cpu      ] GC(303) User=0.09s Sys=0.00s Real=0.00s
[761.310s][info][gc,start    ] GC(304) Pause Young (Allocation Failure)
[761.318s][info][gc,heap     ] GC(304) PSYoungGen: 2727648K(2728448K)->66656K(2728448K) Eden: 2660864K(2660864K)->0K(2660864K) From: 66784K(67584K)->66656K(67584K)
[761.318s][info][gc,heap     ] GC(304) ParOldGen: 89479K(5592576K)->89479K(5592576K)
[761.318s][info][gc,metaspace] GC(304) Metaspace: 829K(960K)->829K(960K) NonClass: 775K(832K)->775K(832K) Class: 53K(128K)->53K(128K)
[761.318s][info][gc          ] GC(304) Pause Young (Allocation Failure) 2751M->152M(8126M) 7.690ms
[761.318s][info][gc,cpu      ] GC(304) User=0.10s Sys=0.00s Real=0.00s
[763.831s][info][gc,start    ] GC(305) Pause Young (Allocation Failure)
[763.839s][info][gc,heap     ] GC(305) PSYoungGen: 2727520K(2728448K)->66784K(2728448K) Eden: 2660864K(2660864K)->0K(2660864K) From: 66656K(67584K)->66784K(67584K)
[763.839s][info][gc,heap     ] GC(305) ParOldGen: 89479K(5592576K)->89479K(5592576K)
[763.839s][info][gc,metaspace] GC(305) Metaspace: 829K(960K)->829K(960K) NonClass: 775K(832K)->775K(832K) Class: 53K(128K)->53K(128K)
[763.839s][info][gc          ] GC(305) Pause Young (Allocation Failure) 2750M->152M(8126M) 7.650ms
[763.839s][info][gc,cpu      ] GC(305) User=0.10s Sys=0.00s Real=0.00s
[766.358s][info][gc,start    ] GC(306) Pause Young (Allocation Failure)
[766.366s][info][gc,heap     ] GC(306) PSYoungGen: 2727648K(2728448K)->66816K(2728448K) Eden: 2660864K(2660864K)->0K(2660864K) From: 66784K(67584K)->66816K(67584K)
[766.367s][info][gc,heap     ] GC(306) ParOldGen: 89479K(5592576K)->89479K(5592576K)
[766.367s][info][gc,metaspace] GC(306) Metaspace: 829K(960K)->829K(960K) NonClass: 775K(832K)->775K(832K) Class: 53K(128K)->53K(128K)
[766.367s][info][gc          ] GC(306) Pause Young (Allocation Failure) 2751M->152M(8126M) 8.112ms
[766.367s][info][gc,cpu      ] GC(306) User=0.10s Sys=0.00s Real=0.01s
[768.880s][info][gc,start    ] GC(307) Pause Young (Allocation Failure)
[768.888s][info][gc,heap     ] GC(307) PSYoungGen: 2727680K(2728448K)->66688K(2728960K) Eden: 2660864K(2660864K)->0K(2661888K) From: 66816K(67584K)->66688K(67072K)
[768.888s][info][gc,heap     ] GC(307) ParOldGen: 89479K(5592576K)->89479K(5592576K)
[768.888s][info][gc,metaspace] GC(307) Metaspace: 829K(960K)->829K(960K) NonClass: 775K(832K)->775K(832K) Class: 53K(128K)->53K(128K)
[768.888s][info][gc          ] GC(307) Pause Young (Allocation Failure) 2751M->152M(8126M) 7.879ms
[768.888s][info][gc,cpu      ] GC(307) User=0.09s Sys=0.00s Real=0.00s
[771.401s][info][gc,start    ] GC(308) Pause Young (Allocation Failure)
[771.409s][info][gc,heap     ] GC(308) PSYoungGen: 2728576K(2728960K)->66752K(2728960K) Eden: 2661888K(2661888K)->0K(2661888K) From: 66688K(67072K)->66752K(67072K)
[771.409s][info][gc,heap     ] GC(308) ParOldGen: 89479K(5592576K)->89479K(5592576K)
[771.409s][info][gc,metaspace] GC(308) Metaspace: 829K(960K)->829K(960K) NonClass: 775K(832K)->775K(832K) Class: 53K(128K)->53K(128K)
[771.409s][info][gc          ] GC(308) Pause Young (Allocation Failure) 2752M->152M(8126M) 8.001ms
[771.409s][info][gc,cpu      ] GC(308) User=0.10s Sys=0.00s Real=0.01s
[773.928s][info][gc,start    ] GC(309) Pause Young (Allocation Failure)
[773.936s][info][gc,heap     ] GC(309) PSYoungGen: 2728640K(2728960K)->66624K(2728960K) Eden: 2661888K(2661888K)->0K(2661888K) From: 66752K(67072K)->66624K(67072K)
[773.936s][info][gc,heap     ] GC(309) ParOldGen: 89479K(5592576K)->89479K(5592576K)
[773.936s][info][gc,metaspace] GC(309) Metaspace: 829K(960K)->829K(960K) NonClass: 775K(832K)->775K(832K) Class: 53K(128K)->53K(128K)
[773.936s][info][gc          ] GC(309) Pause Young (Allocation Failure) 2752M->152M(8126M) 7.612ms
[773.936s][info][gc,cpu      ] GC(309) User=0.10s Sys=0.00s Real=0.01s
[776.450s][info][gc,start    ] GC(310) Pause Young (Allocation Failure)
[776.457s][info][gc,heap     ] GC(310) PSYoungGen: 2728512K(2728960K)->66944K(2728960K) Eden: 2661888K(2661888K)->0K(2661888K) From: 66624K(67072K)->66944K(67072K)
[776.457s][info][gc,heap     ] GC(310) ParOldGen: 89479K(5592576K)->89479K(5592576K)
[776.457s][info][gc,metaspace] GC(310) Metaspace: 829K(960K)->829K(960K) NonClass: 775K(832K)->775K(832K) Class: 53K(128K)->53K(128K)
[776.457s][info][gc          ] GC(310) Pause Young (Allocation Failure) 2751M->152M(8126M) 7.958ms
[776.458s][info][gc,cpu      ] GC(310) User=0.10s Sys=0.00s Real=0.00s
[778.979s][info][gc,start    ] GC(311) Pause Young (Allocation Failure)
[778.987s][info][gc,heap     ] GC(311) PSYoungGen: 2728832K(2728960K)->66880K(2727936K) Eden: 2661888K(2661888K)->0K(2660864K) From: 66944K(67072K)->66880K(67072K)
[778.987s][info][gc,heap     ] GC(311) ParOldGen: 89479K(5592576K)->89479K(5592576K)
[778.987s][info][gc,metaspace] GC(311) Metaspace: 829K(960K)->829K(960K) NonClass: 775K(832K)->775K(832K) Class: 53K(128K)->53K(128K)
[778.987s][info][gc          ] GC(311) Pause Young (Allocation Failure) 2752M->152M(8125M) 7.894ms
[778.987s][info][gc,cpu      ] GC(311) User=0.10s Sys=0.00s Real=0.01s
[781.500s][info][gc,start    ] GC(312) Pause Young (Allocation Failure)
[781.509s][info][gc,heap     ] GC(312) PSYoungGen: 2727744K(2727936K)->66624K(2728448K) Eden: 2660864K(2660864K)->0K(2660864K) From: 66880K(67072K)->66624K(67584K)
[781.509s][info][gc,heap     ] GC(312) ParOldGen: 89479K(5592576K)->89479K(5592576K)
[781.509s][info][gc,metaspace] GC(312) Metaspace: 829K(960K)->829K(960K) NonClass: 775K(832K)->775K(832K) Class: 53K(128K)->53K(128K)
[781.509s][info][gc          ] GC(312) Pause Young (Allocation Failure) 2751M->152M(8126M) 9.530ms
[781.509s][info][gc,cpu      ] GC(312) User=0.11s Sys=0.00s Real=0.01s
[784.020s][info][gc,start    ] GC(313) Pause Young (Allocation Failure)
[784.029s][info][gc,heap     ] GC(313) PSYoungGen: 2727488K(2728448K)->67584K(2728448K) Eden: 2660864K(2660864K)->0K(2660864K) From: 66624K(67584K)->67584K(67584K)
[784.030s][info][gc,heap     ] GC(313) ParOldGen: 89479K(5592576K)->89967K(5592576K)
[784.030s][info][gc,metaspace] GC(313) Metaspace: 829K(960K)->829K(960K) NonClass: 775K(832K)->775K(832K) Class: 53K(128K)->53K(128K)
[784.030s][info][gc          ] GC(313) Pause Young (Allocation Failure) 2750M->153M(8126M) 9.923ms
[784.030s][info][gc,cpu      ] GC(313) User=0.11s Sys=0.01s Real=0.01s
[786.539s][info][gc,start    ] GC(314) Pause Young (Allocation Failure)
[786.548s][info][gc,heap     ] GC(314) PSYoungGen: 2728448K(2728448K)->66656K(2728448K) Eden: 2660864K(2660864K)->0K(2660864K) From: 67584K(67584K)->66656K(67584K)
[786.548s][info][gc,heap     ] GC(314) ParOldGen: 89967K(5592576K)->90951K(5592576K)
[786.548s][info][gc,metaspace] GC(314) Metaspace: 829K(960K)->829K(960K) NonClass: 775K(832K)->775K(832K) Class: 53K(128K)->53K(128K)
[786.548s][info][gc          ] GC(314) Pause Young (Allocation Failure) 2752M->153M(8126M) 8.682ms
[786.548s][info][gc,cpu      ] GC(314) User=0.10s Sys=0.00s Real=0.00s
[789.069s][info][gc,start    ] GC(315) Pause Young (Allocation Failure)
[789.077s][info][gc,heap     ] GC(315) PSYoungGen: 2727520K(2728448K)->66784K(2728448K) Eden: 2660864K(2660864K)->0K(2660864K) From: 66656K(67584K)->66784K(67584K)
[789.077s][info][gc,heap     ] GC(315) ParOldGen: 90951K(5592576K)->90951K(5592576K)
[789.078s][info][gc,metaspace] GC(315) Metaspace: 829K(960K)->829K(960K) NonClass: 775K(832K)->775K(832K) Class: 53K(128K)->53K(128K)
[789.078s][info][gc          ] GC(315) Pause Young (Allocation Failure) 2752M->154M(8126M) 8.148ms
[789.078s][info][gc,cpu      ] GC(315) User=0.10s Sys=0.00s Real=0.00s
[791.598s][info][gc,start    ] GC(316) Pause Young (Allocation Failure)
[791.606s][info][gc,heap     ] GC(316) PSYoungGen: 2727648K(2728448K)->66784K(2728448K) Eden: 2660864K(2660864K)->0K(2660864K) From: 66784K(67584K)->66784K(67584K)
[791.606s][info][gc,heap     ] GC(316) ParOldGen: 90951K(5592576K)->90951K(5592576K)
[791.606s][info][gc,metaspace] GC(316) Metaspace: 829K(960K)->829K(960K) NonClass: 775K(832K)->775K(832K) Class: 53K(128K)->53K(128K)
[791.606s][info][gc          ] GC(316) Pause Young (Allocation Failure) 2752M->154M(8126M) 7.732ms
[791.606s][info][gc,cpu      ] GC(316) User=0.10s Sys=0.00s Real=0.01s
[794.119s][info][gc,start    ] GC(317) Pause Young (Allocation Failure)
[794.127s][info][gc,heap     ] GC(317) PSYoungGen: 2727648K(2728448K)->66720K(2728448K) Eden: 2660864K(2660864K)->0K(2660864K) From: 66784K(67584K)->66720K(67584K)
[794.127s][info][gc,heap     ] GC(317) ParOldGen: 90951K(5592576K)->90951K(5592576K)
[794.127s][info][gc,metaspace] GC(317) Metaspace: 829K(960K)->829K(960K) NonClass: 775K(832K)->775K(832K) Class: 53K(128K)->53K(128K)
[794.127s][info][gc          ] GC(317) Pause Young (Allocation Failure) 2752M->153M(8126M) 7.924ms
[794.127s][info][gc,cpu      ] GC(317) User=0.10s Sys=0.00s Real=0.00s
[796.640s][info][gc,start    ] GC(318) Pause Young (Allocation Failure)
[796.647s][info][gc,heap     ] GC(318) PSYoungGen: 2727584K(2728448K)->66720K(2728448K) Eden: 2660864K(2660864K)->0K(2660864K) From: 66720K(67584K)->66720K(67584K)
[796.648s][info][gc,heap     ] GC(318) ParOldGen: 90951K(5592576K)->90951K(5592576K)
[796.648s][info][gc,metaspace] GC(318) Metaspace: 829K(960K)->829K(960K) NonClass: 775K(832K)->775K(832K) Class: 53K(128K)->53K(128K)
[796.648s][info][gc          ] GC(318) Pause Young (Allocation Failure) 2752M->153M(8126M) 7.886ms
[796.648s][info][gc,cpu      ] GC(318) User=0.10s Sys=0.00s Real=0.00s
[799.160s][info][gc,start    ] GC(319) Pause Young (Allocation Failure)
[799.186s][info][gc,heap     ] GC(319) PSYoungGen: 2727584K(2728448K)->66688K(2728448K) Eden: 2660864K(2660864K)->0K(2660864K) From: 66720K(67584K)->66688K(67584K)
[799.186s][info][gc,heap     ] GC(319) ParOldGen: 90951K(5592576K)->90951K(5592576K)
[799.186s][info][gc,metaspace] GC(319) Metaspace: 829K(960K)->829K(960K) NonClass: 775K(832K)->775K(832K) Class: 53K(128K)->53K(128K)
[799.186s][info][gc          ] GC(319) Pause Young (Allocation Failure) 2752M->153M(8126M) 26.097ms
[799.186s][info][gc,cpu      ] GC(319) User=0.09s Sys=0.00s Real=0.02s
[801.688s][info][gc,start    ] GC(320) Pause Young (Allocation Failure)
[801.696s][info][gc,heap     ] GC(320) PSYoungGen: 2727552K(2728448K)->66752K(2728448K) Eden: 2660864K(2660864K)->0K(2660864K) From: 66688K(67584K)->66752K(67584K)
[801.696s][info][gc,heap     ] GC(320) ParOldGen: 90951K(5592576K)->90951K(5592576K)
[801.696s][info][gc,metaspace] GC(320) Metaspace: 829K(960K)->829K(960K) NonClass: 775K(832K)->775K(832K) Class: 53K(128K)->53K(128K)
[801.696s][info][gc          ] GC(320) Pause Young (Allocation Failure) 2752M->154M(8126M) 7.901ms
[801.696s][info][gc,cpu      ] GC(320) User=0.10s Sys=0.00s Real=0.01s
[804.209s][info][gc,start    ] GC(321) Pause Young (Allocation Failure)
[804.217s][info][gc,heap     ] GC(321) PSYoungGen: 2727616K(2728448K)->66752K(2728448K) Eden: 2660864K(2660864K)->0K(2660864K) From: 66752K(67584K)->66752K(67584K)
[804.217s][info][gc,heap     ] GC(321) ParOldGen: 90951K(5592576K)->90951K(5592576K)
[804.217s][info][gc,metaspace] GC(321) Metaspace: 829K(960K)->829K(960K) NonClass: 775K(832K)->775K(832K) Class: 53K(128K)->53K(128K)
[804.217s][info][gc          ] GC(321) Pause Young (Allocation Failure) 2752M->154M(8126M) 7.879ms
[804.217s][info][gc,cpu      ] GC(321) User=0.10s Sys=0.00s Real=0.00s
[806.728s][info][gc,start    ] GC(322) Pause Young (Allocation Failure)
[806.736s][info][gc,heap     ] GC(322) PSYoungGen: 2727616K(2728448K)->66656K(2728448K) Eden: 2660864K(2660864K)->0K(2660864K) From: 66752K(67584K)->66656K(67584K)
[806.737s][info][gc,heap     ] GC(322) ParOldGen: 90951K(5592576K)->90951K(5592576K)
[806.737s][info][gc,metaspace] GC(322) Metaspace: 829K(960K)->829K(960K) NonClass: 775K(832K)->775K(832K) Class: 53K(128K)->53K(128K)
[806.737s][info][gc          ] GC(322) Pause Young (Allocation Failure) 2752M->153M(8126M) 8.130ms
[806.737s][info][gc,cpu      ] GC(322) User=0.10s Sys=0.00s Real=0.00s
[809.250s][info][gc,start    ] GC(323) Pause Young (Allocation Failure)
[809.258s][info][gc,heap     ] GC(323) PSYoungGen: 2727520K(2728448K)->66720K(2728448K) Eden: 2660864K(2660864K)->0K(2660864K) From: 66656K(67584K)->66720K(67584K)
[809.258s][info][gc,heap     ] GC(323) ParOldGen: 90951K(5592576K)->90951K(5592576K)
[809.258s][info][gc,metaspace] GC(323) Metaspace: 829K(960K)->829K(960K) NonClass: 775K(832K)->775K(832K) Class: 53K(128K)->53K(128K)
[809.258s][info][gc          ] GC(323) Pause Young (Allocation Failure) 2752M->153M(8126M) 7.976ms
[809.258s][info][gc,cpu      ] GC(323) User=0.10s Sys=0.00s Real=0.00s
[811.780s][info][gc,start    ] GC(324) Pause Young (Allocation Failure)
[811.788s][info][gc,heap     ] GC(324) PSYoungGen: 2727584K(2728448K)->66560K(2728448K) Eden: 2660864K(2660864K)->0K(2660864K) From: 66720K(67584K)->66560K(67584K)
[811.788s][info][gc,heap     ] GC(324) ParOldGen: 90951K(5592576K)->90951K(5592576K)
[811.788s][info][gc,metaspace] GC(324) Metaspace: 829K(960K)->829K(960K) NonClass: 775K(832K)->775K(832K) Class: 53K(128K)->53K(128K)
[811.788s][info][gc          ] GC(324) Pause Young (Allocation Failure) 2752M->153M(8126M) 7.768ms
[811.788s][info][gc,cpu      ] GC(324) User=0.10s Sys=0.00s Real=0.00s
[814.308s][info][gc,start    ] GC(325) Pause Young (Allocation Failure)
[814.316s][info][gc,heap     ] GC(325) PSYoungGen: 2727424K(2728448K)->66784K(2728448K) Eden: 2660864K(2660864K)->0K(2660864K) From: 66560K(67584K)->66784K(67584K)
[814.316s][info][gc,heap     ] GC(325) ParOldGen: 90951K(5592576K)->90951K(5592576K)
[814.316s][info][gc,metaspace] GC(325) Metaspace: 829K(960K)->829K(960K) NonClass: 775K(832K)->775K(832K) Class: 53K(128K)->53K(128K)
[814.316s][info][gc          ] GC(325) Pause Young (Allocation Failure) 2752M->154M(8126M) 7.992ms
[814.316s][info][gc,cpu      ] GC(325) User=0.10s Sys=0.00s Real=0.00s
[816.829s][info][gc,start    ] GC(326) Pause Young (Allocation Failure)
[816.837s][info][gc,heap     ] GC(326) PSYoungGen: 2727648K(2728448K)->66816K(2728448K) Eden: 2660864K(2660864K)->0K(2660864K) From: 66784K(67584K)->66816K(67584K)
[816.837s][info][gc,heap     ] GC(326) ParOldGen: 90951K(5592576K)->90951K(5592576K)
[816.837s][info][gc,metaspace] GC(326) Metaspace: 829K(960K)->829K(960K) NonClass: 775K(832K)->775K(832K) Class: 53K(128K)->53K(128K)
[816.837s][info][gc          ] GC(326) Pause Young (Allocation Failure) 2752M->154M(8126M) 8.103ms
[816.837s][info][gc,cpu      ] GC(326) User=0.10s Sys=0.00s Real=0.00s
[819.350s][info][gc,start    ] GC(327) Pause Young (Allocation Failure)
[819.358s][info][gc,heap     ] GC(327) PSYoungGen: 2727680K(2728448K)->66848K(2728448K) Eden: 2660864K(2660864K)->0K(2660864K) From: 66816K(67584K)->66848K(67584K)
[819.358s][info][gc,heap     ] GC(327) ParOldGen: 90951K(5592576K)->90951K(5592576K)
[819.358s][info][gc,metaspace] GC(327) Metaspace: 829K(960K)->829K(960K) NonClass: 775K(832K)->775K(832K) Class: 53K(128K)->53K(128K)
[819.358s][info][gc          ] GC(327) Pause Young (Allocation Failure) 2752M->154M(8126M) 8.560ms
[819.358s][info][gc,cpu      ] GC(327) User=0.10s Sys=0.00s Real=0.01s
[821.870s][info][gc,start    ] GC(328) Pause Young (Allocation Failure)
[821.877s][info][gc,heap     ] GC(328) PSYoungGen: 2727712K(2728448K)->66752K(2728448K) Eden: 2660864K(2660864K)->0K(2660864K) From: 66848K(67584K)->66752K(67584K)
[821.878s][info][gc,heap     ] GC(328) ParOldGen: 90951K(5592576K)->90951K(5592576K)
[821.878s][info][gc,metaspace] GC(328) Metaspace: 829K(960K)->829K(960K) NonClass: 775K(832K)->775K(832K) Class: 53K(128K)->53K(128K)
[821.878s][info][gc          ] GC(328) Pause Young (Allocation Failure) 2752M->154M(8126M) 8.052ms
[821.878s][info][gc,cpu      ] GC(328) User=0.09s Sys=0.00s Real=0.01s
[824.399s][info][gc,start    ] GC(329) Pause Young (Allocation Failure)
[824.407s][info][gc,heap     ] GC(329) PSYoungGen: 2727616K(2728448K)->66720K(2728448K) Eden: 2660864K(2660864K)->0K(2660864K) From: 66752K(67584K)->66720K(67584K)
[824.407s][info][gc,heap     ] GC(329) ParOldGen: 90951K(5592576K)->90951K(5592576K)
[824.407s][info][gc,metaspace] GC(329) Metaspace: 829K(960K)->829K(960K) NonClass: 775K(832K)->775K(832K) Class: 53K(128K)->53K(128K)
[824.407s][info][gc          ] GC(329) Pause Young (Allocation Failure) 2752M->153M(8126M) 7.635ms
[824.407s][info][gc,cpu      ] GC(329) User=0.09s Sys=0.00s Real=0.00s
[826.920s][info][gc,start    ] GC(330) Pause Young (Allocation Failure)
[826.927s][info][gc,heap     ] GC(330) PSYoungGen: 2727584K(2728448K)->66848K(2728448K) Eden: 2660864K(2660864K)->0K(2660864K) From: 66720K(67584K)->66848K(67584K)
[826.927s][info][gc,heap     ] GC(330) ParOldGen: 90951K(5592576K)->90951K(5592576K)
[826.927s][info][gc,metaspace] GC(330) Metaspace: 829K(960K)->829K(960K) NonClass: 775K(832K)->775K(832K) Class: 53K(128K)->53K(128K)
[826.927s][info][gc          ] GC(330) Pause Young (Allocation Failure) 2752M->154M(8126M) 7.567ms
[826.928s][info][gc,cpu      ] GC(330) User=0.10s Sys=0.00s Real=0.01s
[829.440s][info][gc,start    ] GC(331) Pause Young (Allocation Failure)
[829.448s][info][gc,heap     ] GC(331) PSYoungGen: 2727712K(2728448K)->66496K(2728448K) Eden: 2660864K(2660864K)->0K(2660864K) From: 66848K(67584K)->66496K(67584K)
[829.448s][info][gc,heap     ] GC(331) ParOldGen: 90951K(5592576K)->90951K(5592576K)
[829.448s][info][gc,metaspace] GC(331) Metaspace: 829K(960K)->829K(960K) NonClass: 775K(832K)->775K(832K) Class: 53K(128K)->53K(128K)
[829.448s][info][gc          ] GC(331) Pause Young (Allocation Failure) 2752M->153M(8126M) 7.771ms
[829.448s][info][gc,cpu      ] GC(331) User=0.10s Sys=0.00s Real=0.01s
[831.961s][info][gc,start    ] GC(332) Pause Young (Allocation Failure)
[831.968s][info][gc,heap     ] GC(332) PSYoungGen: 2727360K(2728448K)->66688K(2728448K) Eden: 2660864K(2660864K)->0K(2660864K) From: 66496K(67584K)->66688K(67584K)
[831.968s][info][gc,heap     ] GC(332) ParOldGen: 90951K(5592576K)->90951K(5592576K)
[831.969s][info][gc,metaspace] GC(332) Metaspace: 829K(960K)->829K(960K) NonClass: 775K(832K)->775K(832K) Class: 53K(128K)->53K(128K)
[831.969s][info][gc          ] GC(332) Pause Young (Allocation Failure) 2752M->153M(8126M) 7.809ms
[831.969s][info][gc,cpu      ] GC(332) User=0.10s Sys=0.00s Real=0.01s
[834.489s][info][gc,start    ] GC(333) Pause Young (Allocation Failure)
[834.497s][info][gc,heap     ] GC(333) PSYoungGen: 2727552K(2728448K)->66688K(2728960K) Eden: 2660864K(2660864K)->0K(2661888K) From: 66688K(67584K)->66688K(67072K)
[834.497s][info][gc,heap     ] GC(333) ParOldGen: 90951K(5592576K)->90951K(5592576K)
[834.497s][info][gc,metaspace] GC(333) Metaspace: 829K(960K)->829K(960K) NonClass: 775K(832K)->775K(832K) Class: 53K(128K)->53K(128K)
[834.497s][info][gc          ] GC(333) Pause Young (Allocation Failure) 2752M->153M(8126M) 8.501ms
[834.497s][info][gc,cpu      ] GC(333) User=0.11s Sys=0.00s Real=0.01s
[837.019s][info][gc,start    ] GC(334) Pause Young (Allocation Failure)
[837.027s][info][gc,heap     ] GC(334) PSYoungGen: 2728576K(2728960K)->66752K(2728960K) Eden: 2661888K(2661888K)->0K(2661888K) From: 66688K(67072K)->66752K(67072K)
[837.027s][info][gc,heap     ] GC(334) ParOldGen: 90951K(5592576K)->90951K(5592576K)
[837.027s][info][gc,metaspace] GC(334) Metaspace: 829K(960K)->829K(960K) NonClass: 775K(832K)->775K(832K) Class: 53K(128K)->53K(128K)
[837.027s][info][gc          ] GC(334) Pause Young (Allocation Failure) 2753M->154M(8126M) 8.014ms
[837.027s][info][gc,cpu      ] GC(334) User=0.10s Sys=0.00s Real=0.01s
[839.539s][info][gc,start    ] GC(335) Pause Young (Allocation Failure)
[839.547s][info][gc,heap     ] GC(335) PSYoungGen: 2728640K(2728960K)->66880K(2728960K) Eden: 2661888K(2661888K)->0K(2661888K) From: 66752K(67072K)->66880K(67072K)
[839.547s][info][gc,heap     ] GC(335) ParOldGen: 90951K(5592576K)->90951K(5592576K)
[839.547s][info][gc,metaspace] GC(335) Metaspace: 829K(960K)->829K(960K) NonClass: 775K(832K)->775K(832K) Class: 53K(128K)->53K(128K)
[839.547s][info][gc          ] GC(335) Pause Young (Allocation Failure) 2753M->154M(8126M) 7.802ms
[839.547s][info][gc,cpu      ] GC(335) User=0.09s Sys=0.00s Real=0.00s
[842.059s][info][gc,start    ] GC(336) Pause Young (Allocation Failure)
[842.068s][info][gc,heap     ] GC(336) PSYoungGen: 2728768K(2728960K)->66848K(2728960K) Eden: 2661888K(2661888K)->0K(2661888K) From: 66880K(67072K)->66848K(67072K)
[842.068s][info][gc,heap     ] GC(336) ParOldGen: 90951K(5592576K)->90951K(5592576K)
[842.068s][info][gc,metaspace] GC(336) Metaspace: 829K(960K)->829K(960K) NonClass: 775K(832K)->775K(832K) Class: 53K(128K)->53K(128K)
[842.068s][info][gc          ] GC(336) Pause Young (Allocation Failure) 2753M->154M(8126M) 9.512ms
[842.068s][info][gc,cpu      ] GC(336) User=0.11s Sys=0.00s Real=0.01s
[844.580s][info][gc,start    ] GC(337) Pause Young (Allocation Failure)
[844.590s][info][gc,heap     ] GC(337) PSYoungGen: 2728736K(2728960K)->67072K(2727936K) Eden: 2661888K(2661888K)->0K(2660864K) From: 66848K(67072K)->67072K(67072K)
[844.590s][info][gc,heap     ] GC(337) ParOldGen: 90951K(5592576K)->92023K(5592576K)
[844.590s][info][gc,metaspace] GC(337) Metaspace: 829K(960K)->829K(960K) NonClass: 775K(832K)->775K(832K) Class: 53K(128K)->53K(128K)
[844.590s][info][gc          ] GC(337) Pause Young (Allocation Failure) 2753M->155M(8125M) 10.307ms
[844.590s][info][gc,cpu      ] GC(337) User=0.12s Sys=0.01s Real=0.01s
[847.109s][info][gc,start    ] GC(338) Pause Young (Allocation Failure)
[847.117s][info][gc,heap     ] GC(338) PSYoungGen: 2727936K(2727936K)->67008K(2728448K) Eden: 2660864K(2660864K)->0K(2660864K) From: 67072K(67072K)->67008K(67584K)
[847.117s][info][gc,heap     ] GC(338) ParOldGen: 92023K(5592576K)->92879K(5592576K)
[847.117s][info][gc,metaspace] GC(338) Metaspace: 829K(960K)->829K(960K) NonClass: 775K(832K)->775K(832K) Class: 53K(128K)->53K(128K)
[847.117s][info][gc          ] GC(338) Pause Young (Allocation Failure) 2753M->156M(8126M) 7.997ms
[847.117s][info][gc,cpu      ] GC(338) User=0.10s Sys=0.00s Real=0.00s
[849.630s][info][gc,start    ] GC(339) Pause Young (Allocation Failure)
[849.638s][info][gc,heap     ] GC(339) PSYoungGen: 2727872K(2728448K)->66976K(2728448K) Eden: 2660864K(2660864K)->0K(2660864K) From: 67008K(67584K)->66976K(67584K)
[849.638s][info][gc,heap     ] GC(339) ParOldGen: 92879K(5592576K)->92879K(5592576K)
[849.638s][info][gc,metaspace] GC(339) Metaspace: 829K(960K)->829K(960K) NonClass: 775K(832K)->775K(832K) Class: 53K(128K)->53K(128K)
[849.638s][info][gc          ] GC(339) Pause Young (Allocation Failure) 2754M->156M(8126M) 8.023ms
[849.638s][info][gc,cpu      ] GC(339) User=0.10s Sys=0.00s Real=0.01s
[852.159s][info][gc,start    ] GC(340) Pause Young (Allocation Failure)
[852.167s][info][gc,heap     ] GC(340) PSYoungGen: 2727840K(2728448K)->66688K(2728448K) Eden: 2660864K(2660864K)->0K(2660864K) From: 66976K(67584K)->66688K(67584K)
[852.167s][info][gc,heap     ] GC(340) ParOldGen: 92879K(5592576K)->92879K(5592576K)
[852.167s][info][gc,metaspace] GC(340) Metaspace: 829K(960K)->829K(960K) NonClass: 775K(832K)->775K(832K) Class: 53K(128K)->53K(128K)
[852.167s][info][gc          ] GC(340) Pause Young (Allocation Failure) 2754M->155M(8126M) 8.387ms
[852.167s][info][gc,cpu      ] GC(340) User=0.10s Sys=0.00s Real=0.01s
[854.671s][info][gc,start    ] GC(341) Pause Young (Allocation Failure)
[854.679s][info][gc,heap     ] GC(341) PSYoungGen: 2727552K(2728448K)->66784K(2728448K) Eden: 2660864K(2660864K)->0K(2660864K) From: 66688K(67584K)->66784K(67584K)
[854.679s][info][gc,heap     ] GC(341) ParOldGen: 92879K(5592576K)->92879K(5592576K)
[854.679s][info][gc,metaspace] GC(341) Metaspace: 829K(960K)->829K(960K) NonClass: 775K(832K)->775K(832K) Class: 53K(128K)->53K(128K)
[854.679s][info][gc          ] GC(341) Pause Young (Allocation Failure) 2754M->155M(8126M) 8.012ms
[854.679s][info][gc,cpu      ] GC(341) User=0.10s Sys=0.00s Real=0.01s
[857.199s][info][gc,start    ] GC(342) Pause Young (Allocation Failure)
[857.207s][info][gc,heap     ] GC(342) PSYoungGen: 2727648K(2728448K)->66752K(2728448K) Eden: 2660864K(2660864K)->0K(2660864K) From: 66784K(67584K)->66752K(67584K)
[857.207s][info][gc,heap     ] GC(342) ParOldGen: 92879K(5592576K)->92879K(5592576K)
[857.207s][info][gc,metaspace] GC(342) Metaspace: 829K(960K)->829K(960K) NonClass: 775K(832K)->775K(832K) Class: 53K(128K)->53K(128K)
[857.207s][info][gc          ] GC(342) Pause Young (Allocation Failure) 2754M->155M(8126M) 7.599ms
[857.207s][info][gc,cpu      ] GC(342) User=0.09s Sys=0.00s Real=0.01s
[859.730s][info][gc,start    ] GC(343) Pause Young (Allocation Failure)
[859.737s][info][gc,heap     ] GC(343) PSYoungGen: 2727616K(2728448K)->66752K(2728448K) Eden: 2660864K(2660864K)->0K(2660864K) From: 66752K(67584K)->66752K(67584K)
[859.737s][info][gc,heap     ] GC(343) ParOldGen: 92879K(5592576K)->92879K(5592576K)
[859.737s][info][gc,metaspace] GC(343) Metaspace: 829K(960K)->829K(960K) NonClass: 775K(832K)->775K(832K) Class: 53K(128K)->53K(128K)
[859.737s][info][gc          ] GC(343) Pause Young (Allocation Failure) 2754M->155M(8126M) 7.866ms
[859.738s][info][gc,cpu      ] GC(343) User=0.09s Sys=0.00s Real=0.01s
[862.259s][info][gc,start    ] GC(344) Pause Young (Allocation Failure)
[862.267s][info][gc,heap     ] GC(344) PSYoungGen: 2727616K(2728448K)->66720K(2728448K) Eden: 2660864K(2660864K)->0K(2660864K) From: 66752K(67584K)->66720K(67584K)
[862.267s][info][gc,heap     ] GC(344) ParOldGen: 92879K(5592576K)->92879K(5592576K)
[862.267s][info][gc,metaspace] GC(344) Metaspace: 829K(960K)->829K(960K) NonClass: 775K(832K)->775K(832K) Class: 53K(128K)->53K(128K)
[862.267s][info][gc          ] GC(344) Pause Young (Allocation Failure) 2754M->155M(8126M) 8.162ms
[862.267s][info][gc,cpu      ] GC(344) User=0.09s Sys=0.01s Real=0.01s
[864.778s][info][gc,start    ] GC(345) Pause Young (Allocation Failure)
[864.787s][info][gc,heap     ] GC(345) PSYoungGen: 2727584K(2728448K)->66656K(2728448K) Eden: 2660864K(2660864K)->0K(2660864K) From: 66720K(67584K)->66656K(67584K)
[864.787s][info][gc,heap     ] GC(345) ParOldGen: 92879K(5592576K)->92879K(5592576K)
[864.787s][info][gc,metaspace] GC(345) Metaspace: 829K(960K)->829K(960K) NonClass: 775K(832K)->775K(832K) Class: 53K(128K)->53K(128K)
[864.787s][info][gc          ] GC(345) Pause Young (Allocation Failure) 2754M->155M(8126M) 8.410ms
[864.787s][info][gc,cpu      ] GC(345) User=0.10s Sys=0.00s Real=0.01s
[867.291s][info][gc,start    ] GC(346) Pause Young (Allocation Failure)
[867.299s][info][gc,heap     ] GC(346) PSYoungGen: 2727520K(2728448K)->66656K(2728448K) Eden: 2660864K(2660864K)->0K(2660864K) From: 66656K(67584K)->66656K(67584K)
[867.299s][info][gc,heap     ] GC(346) ParOldGen: 92879K(5592576K)->92879K(5592576K)
[867.299s][info][gc,metaspace] GC(346) Metaspace: 829K(960K)->829K(960K) NonClass: 775K(832K)->775K(832K) Class: 53K(128K)->53K(128K)
[867.299s][info][gc          ] GC(346) Pause Young (Allocation Failure) 2754M->155M(8126M) 8.095ms
[867.299s][info][gc,cpu      ] GC(346) User=0.10s Sys=0.00s Real=0.01s
[869.819s][info][gc,start    ] GC(347) Pause Young (Allocation Failure)
[869.827s][info][gc,heap     ] GC(347) PSYoungGen: 2727520K(2728448K)->66688K(2728448K) Eden: 2660864K(2660864K)->0K(2660864K) From: 66656K(67584K)->66688K(67584K)
[869.827s][info][gc,heap     ] GC(347) ParOldGen: 92879K(5592576K)->92879K(5592576K)
[869.827s][info][gc,metaspace] GC(347) Metaspace: 829K(960K)->829K(960K) NonClass: 775K(832K)->775K(832K) Class: 53K(128K)->53K(128K)
[869.827s][info][gc          ] GC(347) Pause Young (Allocation Failure) 2754M->155M(8126M) 8.149ms
[869.827s][info][gc,cpu      ] GC(347) User=0.09s Sys=0.00s Real=0.01s
[872.341s][info][gc,start    ] GC(348) Pause Young (Allocation Failure)
[872.349s][info][gc,heap     ] GC(348) PSYoungGen: 2727552K(2728448K)->66688K(2728448K) Eden: 2660864K(2660864K)->0K(2660864K) From: 66688K(67584K)->66688K(67584K)
[872.349s][info][gc,heap     ] GC(348) ParOldGen: 92879K(5592576K)->92879K(5592576K)
[872.349s][info][gc,metaspace] GC(348) Metaspace: 829K(960K)->829K(960K) NonClass: 775K(832K)->775K(832K) Class: 53K(128K)->53K(128K)
[872.349s][info][gc          ] GC(348) Pause Young (Allocation Failure) 2754M->155M(8126M) 8.140ms
[872.349s][info][gc,cpu      ] GC(348) User=0.10s Sys=0.00s Real=0.01s
[874.870s][info][gc,start    ] GC(349) Pause Young (Allocation Failure)
[874.877s][info][gc,heap     ] GC(349) PSYoungGen: 2727552K(2728448K)->66496K(2728448K) Eden: 2660864K(2660864K)->0K(2660864K) From: 66688K(67584K)->66496K(67584K)
[874.877s][info][gc,heap     ] GC(349) ParOldGen: 92879K(5592576K)->92879K(5592576K)
[874.877s][info][gc,metaspace] GC(349) Metaspace: 829K(960K)->829K(960K) NonClass: 775K(832K)->775K(832K) Class: 53K(128K)->53K(128K)
[874.877s][info][gc          ] GC(349) Pause Young (Allocation Failure) 2754M->155M(8126M) 7.618ms
[874.877s][info][gc,cpu      ] GC(349) User=0.10s Sys=0.01s Real=0.01s
[877.391s][info][gc,start    ] GC(350) Pause Young (Allocation Failure)
[877.398s][info][gc,heap     ] GC(350) PSYoungGen: 2727360K(2728448K)->66656K(2728448K) Eden: 2660864K(2660864K)->0K(2660864K) From: 66496K(67584K)->66656K(67584K)
[877.398s][info][gc,heap     ] GC(350) ParOldGen: 92879K(5592576K)->92879K(5592576K)
[877.398s][info][gc,metaspace] GC(350) Metaspace: 829K(960K)->829K(960K) NonClass: 775K(832K)->775K(832K) Class: 53K(128K)->53K(128K)
[877.398s][info][gc          ] GC(350) Pause Young (Allocation Failure) 2754M->155M(8126M) 7.620ms
[877.398s][info][gc,cpu      ] GC(350) User=0.10s Sys=0.00s Real=0.01s
[879.909s][info][gc,start    ] GC(351) Pause Young (Allocation Failure)
[879.917s][info][gc,heap     ] GC(351) PSYoungGen: 2727520K(2728448K)->66752K(2728448K) Eden: 2660864K(2660864K)->0K(2660864K) From: 66656K(67584K)->66752K(67584K)
[879.917s][info][gc,heap     ] GC(351) ParOldGen: 92879K(5592576K)->92879K(5592576K)
[879.917s][info][gc,metaspace] GC(351) Metaspace: 829K(960K)->829K(960K) NonClass: 775K(832K)->775K(832K) Class: 53K(128K)->53K(128K)
[879.917s][info][gc          ] GC(351) Pause Young (Allocation Failure) 2754M->155M(8126M) 7.977ms
[879.917s][info][gc,cpu      ] GC(351) User=0.10s Sys=0.00s Real=0.01s
[882.430s][info][gc,start    ] GC(352) Pause Young (Allocation Failure)
[882.437s][info][gc,heap     ] GC(352) PSYoungGen: 2727616K(2728448K)->66816K(2728448K) Eden: 2660864K(2660864K)->0K(2660864K) From: 66752K(67584K)->66816K(67584K)
[882.437s][info][gc,heap     ] GC(352) ParOldGen: 92879K(5592576K)->92879K(5592576K)
[882.438s][info][gc,metaspace] GC(352) Metaspace: 829K(960K)->829K(960K) NonClass: 775K(832K)->775K(832K) Class: 53K(128K)->53K(128K)
[882.438s][info][gc          ] GC(352) Pause Young (Allocation Failure) 2754M->155M(8126M) 8.010ms
[882.438s][info][gc,cpu      ] GC(352) User=0.10s Sys=0.00s Real=0.01s
[884.960s][info][gc,start    ] GC(353) Pause Young (Allocation Failure)
[884.967s][info][gc,heap     ] GC(353) PSYoungGen: 2727680K(2728448K)->66848K(2728448K) Eden: 2660864K(2660864K)->0K(2660864K) From: 66816K(67584K)->66848K(67584K)
[884.967s][info][gc,heap     ] GC(353) ParOldGen: 92879K(5592576K)->92879K(5592576K)
[884.967s][info][gc,metaspace] GC(353) Metaspace: 829K(960K)->829K(960K) NonClass: 775K(832K)->775K(832K) Class: 53K(128K)->53K(128K)
[884.967s][info][gc          ] GC(353) Pause Young (Allocation Failure) 2754M->155M(8126M) 7.812ms
[884.968s][info][gc,cpu      ] GC(353) User=0.10s Sys=0.00s Real=0.01s
[887.488s][info][gc,start    ] GC(354) Pause Young (Allocation Failure)
[887.496s][info][gc,heap     ] GC(354) PSYoungGen: 2727712K(2728448K)->66848K(2728448K) Eden: 2660864K(2660864K)->0K(2660864K) From: 66848K(67584K)->66848K(67584K)
[887.496s][info][gc,heap     ] GC(354) ParOldGen: 92879K(5592576K)->92879K(5592576K)
[887.496s][info][gc,metaspace] GC(354) Metaspace: 829K(960K)->829K(960K) NonClass: 775K(832K)->775K(832K) Class: 53K(128K)->53K(128K)
[887.496s][info][gc          ] GC(354) Pause Young (Allocation Failure) 2754M->155M(8126M) 8.043ms
[887.496s][info][gc,cpu      ] GC(354) User=0.10s Sys=0.00s Real=0.01s
[890.009s][info][gc,start    ] GC(355) Pause Young (Allocation Failure)
[890.017s][info][gc,heap     ] GC(355) PSYoungGen: 2727712K(2728448K)->66784K(2728448K) Eden: 2660864K(2660864K)->0K(2660864K) From: 66848K(67584K)->66784K(67584K)
[890.017s][info][gc,heap     ] GC(355) ParOldGen: 92879K(5592576K)->92879K(5592576K)
[890.017s][info][gc,metaspace] GC(355) Metaspace: 829K(960K)->829K(960K) NonClass: 775K(832K)->775K(832K) Class: 53K(128K)->53K(128K)
[890.017s][info][gc          ] GC(355) Pause Young (Allocation Failure) 2754M->155M(8126M) 8.235ms
[890.017s][info][gc,cpu      ] GC(355) User=0.10s Sys=0.00s Real=0.01s
[892.521s][info][gc,start    ] GC(356) Pause Young (Allocation Failure)
[892.529s][info][gc,heap     ] GC(356) PSYoungGen: 2727648K(2728448K)->66880K(2728448K) Eden: 2660864K(2660864K)->0K(2660864K) From: 66784K(67584K)->66880K(67584K)
[892.529s][info][gc,heap     ] GC(356) ParOldGen: 92879K(5592576K)->92879K(5592576K)
[892.529s][info][gc,metaspace] GC(356) Metaspace: 829K(960K)->829K(960K) NonClass: 775K(832K)->775K(832K) Class: 53K(128K)->53K(128K)
[892.529s][info][gc          ] GC(356) Pause Young (Allocation Failure) 2754M->156M(8126M) 8.172ms
[892.529s][info][gc,cpu      ] GC(356) User=0.10s Sys=0.00s Real=0.01s
[895.049s][info][gc,start    ] GC(357) Pause Young (Allocation Failure)
[895.057s][info][gc,heap     ] GC(357) PSYoungGen: 2727744K(2728448K)->66720K(2728448K) Eden: 2660864K(2660864K)->0K(2660864K) From: 66880K(67584K)->66720K(67584K)
[895.057s][info][gc,heap     ] GC(357) ParOldGen: 92879K(5592576K)->92879K(5592576K)
[895.057s][info][gc,metaspace] GC(357) Metaspace: 829K(960K)->829K(960K) NonClass: 775K(832K)->775K(832K) Class: 53K(128K)->53K(128K)
[895.057s][info][gc          ] GC(357) Pause Young (Allocation Failure) 2754M->155M(8126M) 8.066ms
[895.057s][info][gc,cpu      ] GC(357) User=0.10s Sys=0.00s Real=0.01s
[897.579s][info][gc,start    ] GC(358) Pause Young (Allocation Failure)
[897.587s][info][gc,heap     ] GC(358) PSYoungGen: 2727584K(2728448K)->66816K(2728448K) Eden: 2660864K(2660864K)->0K(2660864K) From: 66720K(67584K)->66816K(67584K)
[897.587s][info][gc,heap     ] GC(358) ParOldGen: 92879K(5592576K)->92879K(5592576K)
[897.587s][info][gc,metaspace] GC(358) Metaspace: 829K(960K)->829K(960K) NonClass: 775K(832K)->775K(832K) Class: 53K(128K)->53K(128K)
[897.587s][info][gc          ] GC(358) Pause Young (Allocation Failure) 2754M->155M(8126M) 8.516ms
[897.587s][info][gc,cpu      ] GC(358) User=0.10s Sys=0.00s Real=0.01s
[900.090s][info][gc,start    ] GC(359) Pause Young (Allocation Failure)
[900.099s][info][gc,heap     ] GC(359) PSYoungGen: 2727680K(2728448K)->66816K(2728960K) Eden: 2660864K(2660864K)->0K(2661376K) From: 66816K(67584K)->66816K(67584K)
[900.099s][info][gc,heap     ] GC(359) ParOldGen: 92879K(5592576K)->92879K(5592576K)
[900.099s][info][gc,metaspace] GC(359) Metaspace: 829K(960K)->829K(960K) NonClass: 775K(832K)->775K(832K) Class: 53K(128K)->53K(128K)
[900.099s][info][gc          ] GC(359) Pause Young (Allocation Failure) 2754M->155M(8126M) 8.698ms
[900.099s][info][gc,cpu      ] GC(359) User=0.10s Sys=0.00s Real=0.01s
[902.620s][info][gc,start    ] GC(360) Pause Young (Allocation Failure)
[902.629s][info][gc,heap     ] GC(360) PSYoungGen: 2728192K(2728960K)->66816K(2728448K) Eden: 2661376K(2661376K)->0K(2661376K) From: 66816K(67584K)->66816K(67072K)
[902.629s][info][gc,heap     ] GC(360) ParOldGen: 92879K(5592576K)->92879K(5592576K)
[902.630s][info][gc,metaspace] GC(360) Metaspace: 829K(960K)->829K(960K) NonClass: 775K(832K)->775K(832K) Class: 53K(128K)->53K(128K)
[902.630s][info][gc          ] GC(360) Pause Young (Allocation Failure) 2754M->155M(8126M) 9.969ms
[902.630s][info][gc,cpu      ] GC(360) User=0.11s Sys=0.01s Real=0.01s
[905.140s][info][gc,start    ] GC(361) Pause Young (Allocation Failure)
[905.151s][info][gc,heap     ] GC(361) PSYoungGen: 2728192K(2728448K)->67072K(2727936K) Eden: 2661376K(2661376K)->0K(2660864K) From: 66816K(67072K)->67072K(67072K)
[905.151s][info][gc,heap     ] GC(361) ParOldGen: 92879K(5592576K)->93839K(5592576K)
[905.151s][info][gc,metaspace] GC(361) Metaspace: 829K(960K)->829K(960K) NonClass: 775K(832K)->775K(832K) Class: 53K(128K)->53K(128K)
[905.151s][info][gc          ] GC(361) Pause Young (Allocation Failure) 2754M->157M(8125M) 10.450ms
[905.151s][info][gc,cpu      ] GC(361) User=0.12s Sys=0.01s Real=0.01s
[907.669s][info][gc,start    ] GC(362) Pause Young (Allocation Failure)
[907.677s][info][gc,heap     ] GC(362) PSYoungGen: 2727936K(2727936K)->66784K(2728448K) Eden: 2660864K(2660864K)->0K(2660864K) From: 67072K(67072K)->66784K(67584K)
[907.677s][info][gc,heap     ] GC(362) ParOldGen: 93839K(5592576K)->94703K(5592576K)
[907.677s][info][gc,metaspace] GC(362) Metaspace: 829K(960K)->829K(960K) NonClass: 775K(832K)->775K(832K) Class: 53K(128K)->53K(128K)
[907.677s][info][gc          ] GC(362) Pause Young (Allocation Failure) 2755M->157M(8126M) 8.080ms
[907.678s][info][gc,cpu      ] GC(362) User=0.09s Sys=0.00s Real=0.01s
[910.200s][info][gc,start    ] GC(363) Pause Young (Allocation Failure)
[910.207s][info][gc,heap     ] GC(363) PSYoungGen: 2727648K(2728448K)->66688K(2728448K) Eden: 2660864K(2660864K)->0K(2660864K) From: 66784K(67584K)->66688K(67584K)
[910.207s][info][gc,heap     ] GC(363) ParOldGen: 94703K(5592576K)->94703K(5592576K)
[910.207s][info][gc,metaspace] GC(363) Metaspace: 829K(960K)->829K(960K) NonClass: 775K(832K)->775K(832K) Class: 53K(128K)->53K(128K)
[910.207s][info][gc          ] GC(363) Pause Young (Allocation Failure) 2756M->157M(8126M) 7.885ms
[910.207s][info][gc,cpu      ] GC(363) User=0.10s Sys=0.00s Real=0.01s
[912.719s][info][gc,start    ] GC(364) Pause Young (Allocation Failure)
[912.727s][info][gc,heap     ] GC(364) PSYoungGen: 2727552K(2728448K)->66880K(2728448K) Eden: 2660864K(2660864K)->0K(2660864K) From: 66688K(67584K)->66880K(67584K)
[912.727s][info][gc,heap     ] GC(364) ParOldGen: 94703K(5592576K)->94703K(5592576K)
[912.727s][info][gc,metaspace] GC(364) Metaspace: 829K(960K)->829K(960K) NonClass: 775K(832K)->775K(832K) Class: 53K(128K)->53K(128K)
[912.727s][info][gc          ] GC(364) Pause Young (Allocation Failure) 2756M->157M(8126M) 8.146ms
[912.727s][info][gc,cpu      ] GC(364) User=0.10s Sys=0.00s Real=0.01s
[915.240s][info][gc,start    ] GC(365) Pause Young (Allocation Failure)
[915.248s][info][gc,heap     ] GC(365) PSYoungGen: 2727744K(2728448K)->66720K(2728448K) Eden: 2660864K(2660864K)->0K(2660864K) From: 66880K(67584K)->66720K(67584K)
[915.248s][info][gc,heap     ] GC(365) ParOldGen: 94703K(5592576K)->94703K(5592576K)
[915.248s][info][gc,metaspace] GC(365) Metaspace: 829K(960K)->829K(960K) NonClass: 775K(832K)->775K(832K) Class: 53K(128K)->53K(128K)
[915.248s][info][gc          ] GC(365) Pause Young (Allocation Failure) 2756M->157M(8126M) 8.327ms
[915.248s][info][gc,cpu      ] GC(365) User=0.10s Sys=0.00s Real=0.01s
[917.759s][info][gc,start    ] GC(366) Pause Young (Allocation Failure)
[917.767s][info][gc,heap     ] GC(366) PSYoungGen: 2727584K(2728448K)->66656K(2728448K) Eden: 2660864K(2660864K)->0K(2660864K) From: 66720K(67584K)->66656K(67584K)
[917.767s][info][gc,heap     ] GC(366) ParOldGen: 94703K(5592576K)->94703K(5592576K)
[917.767s][info][gc,metaspace] GC(366) Metaspace: 829K(960K)->829K(960K) NonClass: 775K(832K)->775K(832K) Class: 53K(128K)->53K(128K)
[917.767s][info][gc          ] GC(366) Pause Young (Allocation Failure) 2756M->157M(8126M) 8.070ms
[917.767s][info][gc,cpu      ] GC(366) User=0.10s Sys=0.00s Real=0.01s
[920.288s][info][gc,start    ] GC(367) Pause Young (Allocation Failure)
[920.296s][info][gc,heap     ] GC(367) PSYoungGen: 2727520K(2728448K)->66784K(2728448K) Eden: 2660864K(2660864K)->0K(2660864K) From: 66656K(67584K)->66784K(67584K)
[920.296s][info][gc,heap     ] GC(367) ParOldGen: 94703K(5592576K)->94703K(5592576K)
[920.296s][info][gc,metaspace] GC(367) Metaspace: 829K(960K)->829K(960K) NonClass: 775K(832K)->775K(832K) Class: 53K(128K)->53K(128K)
[920.296s][info][gc          ] GC(367) Pause Young (Allocation Failure) 2756M->157M(8126M) 7.796ms
[920.296s][info][gc,cpu      ] GC(367) User=0.10s Sys=0.01s Real=0.01s
[922.810s][info][gc,start    ] GC(368) Pause Young (Allocation Failure)
[922.818s][info][gc,heap     ] GC(368) PSYoungGen: 2727648K(2728448K)->66720K(2728448K) Eden: 2660864K(2660864K)->0K(2660864K) From: 66784K(67584K)->66720K(67584K)
[922.818s][info][gc,heap     ] GC(368) ParOldGen: 94703K(5592576K)->94703K(5592576K)
[922.818s][info][gc,metaspace] GC(368) Metaspace: 829K(960K)->829K(960K) NonClass: 775K(832K)->775K(832K) Class: 53K(128K)->53K(128K)
[922.818s][info][gc          ] GC(368) Pause Young (Allocation Failure) 2756M->157M(8126M) 8.042ms
[922.818s][info][gc,cpu      ] GC(368) User=0.10s Sys=0.00s Real=0.01s
[925.340s][info][gc,start    ] GC(369) Pause Young (Allocation Failure)
[925.347s][info][gc,heap     ] GC(369) PSYoungGen: 2727584K(2728448K)->66880K(2728448K) Eden: 2660864K(2660864K)->0K(2660864K) From: 66720K(67584K)->66880K(67584K)
[925.347s][info][gc,heap     ] GC(369) ParOldGen: 94703K(5592576K)->94703K(5592576K)
[925.347s][info][gc,metaspace] GC(369) Metaspace: 829K(960K)->829K(960K) NonClass: 775K(832K)->775K(832K) Class: 53K(128K)->53K(128K)
[925.347s][info][gc          ] GC(369) Pause Young (Allocation Failure) 2756M->157M(8126M) 7.858ms
[925.348s][info][gc,cpu      ] GC(369) User=0.10s Sys=0.00s Real=0.01s
[927.859s][info][gc,start    ] GC(370) Pause Young (Allocation Failure)
[927.867s][info][gc,heap     ] GC(370) PSYoungGen: 2727744K(2728448K)->66752K(2728448K) Eden: 2660864K(2660864K)->0K(2660864K) From: 66880K(67584K)->66752K(67584K)
[927.867s][info][gc,heap     ] GC(370) ParOldGen: 94703K(5592576K)->94703K(5592576K)
[927.867s][info][gc,metaspace] GC(370) Metaspace: 829K(960K)->829K(960K) NonClass: 775K(832K)->775K(832K) Class: 53K(128K)->53K(128K)
[927.867s][info][gc          ] GC(370) Pause Young (Allocation Failure) 2756M->157M(8126M) 7.894ms
[927.867s][info][gc,cpu      ] GC(370) User=0.10s Sys=0.00s Real=0.01s
[930.379s][info][gc,start    ] GC(371) Pause Young (Allocation Failure)
[930.387s][info][gc,heap     ] GC(371) PSYoungGen: 2727616K(2728448K)->66816K(2728448K) Eden: 2660864K(2660864K)->0K(2660864K) From: 66752K(67584K)->66816K(67584K)
[930.387s][info][gc,heap     ] GC(371) ParOldGen: 94703K(5592576K)->94703K(5592576K)
[930.388s][info][gc,metaspace] GC(371) Metaspace: 829K(960K)->829K(960K) NonClass: 775K(832K)->775K(832K) Class: 53K(128K)->53K(128K)
[930.388s][info][gc          ] GC(371) Pause Young (Allocation Failure) 2756M->157M(8126M) 8.181ms
[930.388s][info][gc,cpu      ] GC(371) User=0.10s Sys=0.01s Real=0.01s
[932.900s][info][gc,start    ] GC(372) Pause Young (Allocation Failure)
[932.909s][info][gc,heap     ] GC(372) PSYoungGen: 2727680K(2728448K)->66784K(2728448K) Eden: 2660864K(2660864K)->0K(2660864K) From: 66816K(67584K)->66784K(67584K)
[932.909s][info][gc,heap     ] GC(372) ParOldGen: 94703K(5592576K)->94703K(5592576K)
[932.909s][info][gc,metaspace] GC(372) Metaspace: 829K(960K)->829K(960K) NonClass: 775K(832K)->775K(832K) Class: 53K(128K)->53K(128K)
[932.909s][info][gc          ] GC(372) Pause Young (Allocation Failure) 2756M->157M(8126M) 8.296ms
[932.909s][info][gc,cpu      ] GC(372) User=0.10s Sys=0.00s Real=0.01s
[935.429s][info][gc,start    ] GC(373) Pause Young (Allocation Failure)
[935.436s][info][gc,heap     ] GC(373) PSYoungGen: 2727648K(2728448K)->66752K(2728448K) Eden: 2660864K(2660864K)->0K(2660864K) From: 66784K(67584K)->66752K(67584K)
[935.437s][info][gc,heap     ] GC(373) ParOldGen: 94703K(5592576K)->94703K(5592576K)
[935.437s][info][gc,metaspace] GC(373) Metaspace: 829K(960K)->829K(960K) NonClass: 775K(832K)->775K(832K) Class: 53K(128K)->53K(128K)
[935.437s][info][gc          ] GC(373) Pause Young (Allocation Failure) 2756M->157M(8126M) 8.075ms
[935.437s][info][gc,cpu      ] GC(373) User=0.10s Sys=0.01s Real=0.01s
[937.951s][info][gc,start    ] GC(374) Pause Young (Allocation Failure)
[937.959s][info][gc,heap     ] GC(374) PSYoungGen: 2727616K(2728448K)->66880K(2728448K) Eden: 2660864K(2660864K)->0K(2660864K) From: 66752K(67584K)->66880K(67584K)
[937.959s][info][gc,heap     ] GC(374) ParOldGen: 94703K(5592576K)->94703K(5592576K)
[937.959s][info][gc,metaspace] GC(374) Metaspace: 829K(960K)->829K(960K) NonClass: 775K(832K)->775K(832K) Class: 53K(128K)->53K(128K)
[937.959s][info][gc          ] GC(374) Pause Young (Allocation Failure) 2756M->157M(8126M) 7.917ms
[937.959s][info][gc,cpu      ] GC(374) User=0.10s Sys=0.00s Real=0.01s
[940.479s][info][gc,start    ] GC(375) Pause Young (Allocation Failure)
[940.487s][info][gc,heap     ] GC(375) PSYoungGen: 2727744K(2728448K)->66784K(2728448K) Eden: 2660864K(2660864K)->0K(2660864K) From: 66880K(67584K)->66784K(67584K)
[940.487s][info][gc,heap     ] GC(375) ParOldGen: 94703K(5592576K)->94703K(5592576K)
[940.487s][info][gc,metaspace] GC(375) Metaspace: 829K(960K)->829K(960K) NonClass: 775K(832K)->775K(832K) Class: 53K(128K)->53K(128K)
[940.487s][info][gc          ] GC(375) Pause Young (Allocation Failure) 2756M->157M(8126M) 8.096ms
[940.487s][info][gc,cpu      ] GC(375) User=0.10s Sys=0.00s Real=0.01s
[942.999s][info][gc,start    ] GC(376) Pause Young (Allocation Failure)
[943.007s][info][gc,heap     ] GC(376) PSYoungGen: 2727648K(2728448K)->66688K(2728448K) Eden: 2660864K(2660864K)->0K(2660864K) From: 66784K(67584K)->66688K(67584K)
[943.007s][info][gc,heap     ] GC(376) ParOldGen: 94703K(5592576K)->94703K(5592576K)
[943.007s][info][gc,metaspace] GC(376) Metaspace: 829K(960K)->829K(960K) NonClass: 775K(832K)->775K(832K) Class: 53K(128K)->53K(128K)
[943.007s][info][gc          ] GC(376) Pause Young (Allocation Failure) 2756M->157M(8126M) 8.049ms
[943.007s][info][gc,cpu      ] GC(376) User=0.10s Sys=0.01s Real=0.01s
[945.520s][info][gc,start    ] GC(377) Pause Young (Allocation Failure)
[945.527s][info][gc,heap     ] GC(377) PSYoungGen: 2727552K(2728448K)->66752K(2728960K) Eden: 2660864K(2660864K)->0K(2661376K) From: 66688K(67584K)->66752K(67584K)
[945.527s][info][gc,heap     ] GC(377) ParOldGen: 94703K(5592576K)->94703K(5592576K)
[945.527s][info][gc,metaspace] GC(377) Metaspace: 829K(960K)->829K(960K) NonClass: 775K(832K)->775K(832K) Class: 53K(128K)->53K(128K)
[945.528s][info][gc          ] GC(377) Pause Young (Allocation Failure) 2756M->157M(8126M) 7.828ms
[945.528s][info][gc,cpu      ] GC(377) User=0.09s Sys=0.00s Real=0.01s
[948.048s][info][gc,start    ] GC(378) Pause Young (Allocation Failure)
[948.056s][info][gc,heap     ] GC(378) PSYoungGen: 2728128K(2728960K)->66720K(2728448K) Eden: 2661376K(2661376K)->0K(2661376K) From: 66752K(67584K)->66720K(67072K)
[948.057s][info][gc,heap     ] GC(378) ParOldGen: 94703K(5592576K)->94703K(5592576K)
[948.057s][info][gc,metaspace] GC(378) Metaspace: 829K(960K)->829K(960K) NonClass: 775K(832K)->775K(832K) Class: 53K(128K)->53K(128K)
[948.057s][info][gc          ] GC(378) Pause Young (Allocation Failure) 2756M->157M(8126M) 8.243ms
[948.057s][info][gc,cpu      ] GC(378) User=0.11s Sys=0.00s Real=0.01s
[950.569s][info][gc,start    ] GC(379) Pause Young (Allocation Failure)
[950.577s][info][gc,heap     ] GC(379) PSYoungGen: 2728096K(2728448K)->66816K(2728960K) Eden: 2661376K(2661376K)->0K(2661888K) From: 66720K(67072K)->66816K(67072K)
[950.577s][info][gc,heap     ] GC(379) ParOldGen: 94703K(5592576K)->94703K(5592576K)
[950.577s][info][gc,metaspace] GC(379) Metaspace: 829K(960K)->829K(960K) NonClass: 775K(832K)->775K(832K) Class: 53K(128K)->53K(128K)
[950.577s][info][gc          ] GC(379) Pause Young (Allocation Failure) 2756M->157M(8126M) 8.177ms
[950.577s][info][gc,cpu      ] GC(379) User=0.10s Sys=0.00s Real=0.01s
[953.090s][info][gc,start    ] GC(380) Pause Young (Allocation Failure)
[953.098s][info][gc,heap     ] GC(380) PSYoungGen: 2728704K(2728960K)->66752K(2728960K) Eden: 2661888K(2661888K)->0K(2661888K) From: 66816K(67072K)->66752K(67072K)
[953.098s][info][gc,heap     ] GC(380) ParOldGen: 94703K(5592576K)->94703K(5592576K)
[953.098s][info][gc,metaspace] GC(380) Metaspace: 829K(960K)->829K(960K) NonClass: 775K(832K)->775K(832K) Class: 53K(128K)->53K(128K)
[953.098s][info][gc          ] GC(380) Pause Young (Allocation Failure) 2757M->157M(8126M) 8.166ms
[953.098s][info][gc,cpu      ] GC(380) User=0.10s Sys=0.00s Real=0.01s
[955.620s][info][gc,start    ] GC(381) Pause Young (Allocation Failure)
[955.628s][info][gc,heap     ] GC(381) PSYoungGen: 2728640K(2728960K)->66816K(2728960K) Eden: 2661888K(2661888K)->0K(2661888K) From: 66752K(67072K)->66816K(67072K)
[955.628s][info][gc,heap     ] GC(381) ParOldGen: 94703K(5592576K)->94703K(5592576K)
[955.628s][info][gc,metaspace] GC(381) Metaspace: 829K(960K)->829K(960K) NonClass: 775K(832K)->775K(832K) Class: 53K(128K)->53K(128K)
[955.628s][info][gc          ] GC(381) Pause Young (Allocation Failure) 2757M->157M(8126M) 7.680ms
[955.628s][info][gc,cpu      ] GC(381) User=0.10s Sys=0.00s Real=0.01s
[958.139s][info][gc,start    ] GC(382) Pause Young (Allocation Failure)
[958.147s][info][gc,heap     ] GC(382) PSYoungGen: 2728704K(2728960K)->66688K(2728960K) Eden: 2661888K(2661888K)->0K(2661888K) From: 66816K(67072K)->66688K(67072K)
[958.147s][info][gc,heap     ] GC(382) ParOldGen: 94703K(5592576K)->94703K(5592576K)
[958.147s][info][gc,metaspace] GC(382) Metaspace: 829K(960K)->829K(960K) NonClass: 775K(832K)->775K(832K) Class: 53K(128K)->53K(128K)
[958.147s][info][gc          ] GC(382) Pause Young (Allocation Failure) 2757M->157M(8126M) 7.619ms
[958.147s][info][gc,cpu      ] GC(382) User=0.10s Sys=0.00s Real=0.01s
[960.660s][info][gc,start    ] GC(383) Pause Young (Allocation Failure)
[960.670s][info][gc,heap     ] GC(383) PSYoungGen: 2728576K(2728960K)->66848K(2728960K) Eden: 2661888K(2661888K)->0K(2661888K) From: 66688K(67072K)->66848K(67072K)
[960.670s][info][gc,heap     ] GC(383) ParOldGen: 94703K(5592576K)->94703K(5592576K)
[960.670s][info][gc,metaspace] GC(383) Metaspace: 829K(960K)->829K(960K) NonClass: 775K(832K)->775K(832K) Class: 53K(128K)->53K(128K)
[960.670s][info][gc          ] GC(383) Pause Young (Allocation Failure) 2757M->157M(8126M) 9.451ms
[960.670s][info][gc,cpu      ] GC(383) User=0.10s Sys=0.00s Real=0.01s
[963.190s][info][gc,start    ] GC(384) Pause Young (Allocation Failure)
[963.198s][info][gc,heap     ] GC(384) PSYoungGen: 2728736K(2728960K)->66720K(2728960K) Eden: 2661888K(2661888K)->0K(2661888K) From: 66848K(67072K)->66720K(67072K)
[963.198s][info][gc,heap     ] GC(384) ParOldGen: 94703K(5592576K)->94703K(5592576K)
[963.198s][info][gc,metaspace] GC(384) Metaspace: 829K(960K)->829K(960K) NonClass: 775K(832K)->775K(832K) Class: 53K(128K)->53K(128K)
[963.198s][info][gc          ] GC(384) Pause Young (Allocation Failure) 2757M->157M(8126M) 8.161ms
[963.198s][info][gc,cpu      ] GC(384) User=0.10s Sys=0.00s Real=0.01s
[965.711s][info][gc,start    ] GC(385) Pause Young (Allocation Failure)
[965.722s][info][gc,heap     ] GC(385) PSYoungGen: 2728608K(2728960K)->67072K(2727936K) Eden: 2661888K(2661888K)->0K(2660864K) From: 66720K(67072K)->67072K(67072K)
[965.722s][info][gc,heap     ] GC(385) ParOldGen: 94703K(5592576K)->95783K(5592576K)
[965.722s][info][gc,metaspace] GC(385) Metaspace: 829K(960K)->829K(960K) NonClass: 775K(832K)->775K(832K) Class: 53K(128K)->53K(128K)
[965.722s][info][gc          ] GC(385) Pause Young (Allocation Failure) 2757M->159M(8125M) 10.525ms
[965.722s][info][gc,cpu      ] GC(385) User=0.12s Sys=0.01s Real=0.01s
[968.239s][info][gc,start    ] GC(386) Pause Young (Allocation Failure)
[968.247s][info][gc,heap     ] GC(386) PSYoungGen: 2727936K(2727936K)->66688K(2728448K) Eden: 2660864K(2660864K)->0K(2660864K) From: 67072K(67072K)->66688K(67584K)
[968.247s][info][gc,heap     ] GC(386) ParOldGen: 95783K(5592576K)->96639K(5592576K)
[968.247s][info][gc,metaspace] GC(386) Metaspace: 829K(960K)->829K(960K) NonClass: 775K(832K)->775K(832K) Class: 53K(128K)->53K(128K)
[968.247s][info][gc          ] GC(386) Pause Young (Allocation Failure) 2757M->159M(8126M) 8.454ms
[968.247s][info][gc,cpu      ] GC(386) User=0.10s Sys=0.00s Real=0.01s
[970.760s][info][gc,start    ] GC(387) Pause Young (Allocation Failure)
[970.768s][info][gc,heap     ] GC(387) PSYoungGen: 2727552K(2728448K)->66752K(2728448K) Eden: 2660864K(2660864K)->0K(2660864K) From: 66688K(67584K)->66752K(67584K)
[970.768s][info][gc,heap     ] GC(387) ParOldGen: 96639K(5592576K)->96639K(5592576K)
[970.768s][info][gc,metaspace] GC(387) Metaspace: 829K(960K)->829K(960K) NonClass: 775K(832K)->775K(832K) Class: 53K(128K)->53K(128K)
[970.768s][info][gc          ] GC(387) Pause Young (Allocation Failure) 2757M->159M(8126M) 8.112ms
[970.768s][info][gc,cpu      ] GC(387) User=0.10s Sys=0.00s Real=0.01s
[973.279s][info][gc,start    ] GC(388) Pause Young (Allocation Failure)
[973.287s][info][gc,heap     ] GC(388) PSYoungGen: 2727616K(2728448K)->66688K(2728448K) Eden: 2660864K(2660864K)->0K(2660864K) From: 66752K(67584K)->66688K(67584K)
[973.287s][info][gc,heap     ] GC(388) ParOldGen: 96639K(5592576K)->96639K(5592576K)
[973.287s][info][gc,metaspace] GC(388) Metaspace: 829K(960K)->829K(960K) NonClass: 775K(832K)->775K(832K) Class: 53K(128K)->53K(128K)
[973.287s][info][gc          ] GC(388) Pause Young (Allocation Failure) 2758M->159M(8126M) 8.013ms
[973.287s][info][gc,cpu      ] GC(388) User=0.10s Sys=0.00s Real=0.01s
[975.800s][info][gc,start    ] GC(389) Pause Young (Allocation Failure)
[975.807s][info][gc,heap     ] GC(389) PSYoungGen: 2727552K(2728448K)->66880K(2728448K) Eden: 2660864K(2660864K)->0K(2660864K) From: 66688K(67584K)->66880K(67584K)
[975.807s][info][gc,heap     ] GC(389) ParOldGen: 96639K(5592576K)->96639K(5592576K)
[975.807s][info][gc,metaspace] GC(389) Metaspace: 829K(960K)->829K(960K) NonClass: 775K(832K)->775K(832K) Class: 53K(128K)->53K(128K)
[975.807s][info][gc          ] GC(389) Pause Young (Allocation Failure) 2757M->159M(8126M) 7.721ms
[975.808s][info][gc,cpu      ] GC(389) User=0.10s Sys=0.00s Real=0.01s
[978.330s][info][gc,start    ] GC(390) Pause Young (Allocation Failure)
[978.338s][info][gc,heap     ] GC(390) PSYoungGen: 2727744K(2728448K)->66784K(2728448K) Eden: 2660864K(2660864K)->0K(2660864K) From: 66880K(67584K)->66784K(67584K)
[978.338s][info][gc,heap     ] GC(390) ParOldGen: 96639K(5592576K)->96639K(5592576K)
[978.338s][info][gc,metaspace] GC(390) Metaspace: 829K(960K)->829K(960K) NonClass: 775K(832K)->775K(832K) Class: 53K(128K)->53K(128K)
[978.338s][info][gc          ] GC(390) Pause Young (Allocation Failure) 2758M->159M(8126M) 8.082ms
[978.338s][info][gc,cpu      ] GC(390) User=0.10s Sys=0.00s Real=0.01s
[980.859s][info][gc,start    ] GC(391) Pause Young (Allocation Failure)
[980.867s][info][gc,heap     ] GC(391) PSYoungGen: 2727648K(2728448K)->66688K(2728448K) Eden: 2660864K(2660864K)->0K(2660864K) From: 66784K(67584K)->66688K(67584K)
[980.867s][info][gc,heap     ] GC(391) ParOldGen: 96639K(5592576K)->96639K(5592576K)
[980.867s][info][gc,metaspace] GC(391) Metaspace: 829K(960K)->829K(960K) NonClass: 775K(832K)->775K(832K) Class: 53K(128K)->53K(128K)
[980.867s][info][gc          ] GC(391) Pause Young (Allocation Failure) 2758M->159M(8126M) 7.992ms
[980.867s][info][gc,cpu      ] GC(391) User=0.09s Sys=0.00s Real=0.01s
[983.389s][info][gc,start    ] GC(392) Pause Young (Allocation Failure)
[983.397s][info][gc,heap     ] GC(392) PSYoungGen: 2727552K(2728448K)->66656K(2728448K) Eden: 2660864K(2660864K)->0K(2660864K) From: 66688K(67584K)->66656K(67584K)
[983.397s][info][gc,heap     ] GC(392) ParOldGen: 96639K(5592576K)->96639K(5592576K)
[983.397s][info][gc,metaspace] GC(392) Metaspace: 829K(960K)->829K(960K) NonClass: 775K(832K)->775K(832K) Class: 53K(128K)->53K(128K)
[983.397s][info][gc          ] GC(392) Pause Young (Allocation Failure) 2757M->159M(8126M) 8.207ms
[983.397s][info][gc,cpu      ] GC(392) User=0.10s Sys=0.00s Real=0.01s
[985.908s][info][gc,start    ] GC(393) Pause Young (Allocation Failure)
[985.916s][info][gc,heap     ] GC(393) PSYoungGen: 2727520K(2728448K)->66656K(2728448K) Eden: 2660864K(2660864K)->0K(2660864K) From: 66656K(67584K)->66656K(67584K)
[985.916s][info][gc,heap     ] GC(393) ParOldGen: 96639K(5592576K)->96639K(5592576K)
[985.916s][info][gc,metaspace] GC(393) Metaspace: 829K(960K)->829K(960K) NonClass: 775K(832K)->775K(832K) Class: 53K(128K)->53K(128K)
[985.916s][info][gc          ] GC(393) Pause Young (Allocation Failure) 2757M->159M(8126M) 7.805ms
[985.916s][info][gc,cpu      ] GC(393) User=0.09s Sys=0.00s Real=0.01s
[988.428s][info][gc,start    ] GC(394) Pause Young (Allocation Failure)
[988.436s][info][gc,heap     ] GC(394) PSYoungGen: 2727520K(2728448K)->66880K(2728448K) Eden: 2660864K(2660864K)->0K(2660864K) From: 66656K(67584K)->66880K(67584K)
[988.436s][info][gc,heap     ] GC(394) ParOldGen: 96639K(5592576K)->96639K(5592576K)
[988.436s][info][gc,metaspace] GC(394) Metaspace: 829K(960K)->829K(960K) NonClass: 775K(832K)->775K(832K) Class: 53K(128K)->53K(128K)
[988.436s][info][gc          ] GC(394) Pause Young (Allocation Failure) 2757M->159M(8126M) 8.131ms
[988.436s][info][gc,cpu      ] GC(394) User=0.10s Sys=0.00s Real=0.01s
[990.949s][info][gc,start    ] GC(395) Pause Young (Allocation Failure)
[990.957s][info][gc,heap     ] GC(395) PSYoungGen: 2727744K(2728448K)->66944K(2728448K) Eden: 2660864K(2660864K)->0K(2660864K) From: 66880K(67584K)->66944K(67584K)
[990.957s][info][gc,heap     ] GC(395) ParOldGen: 96639K(5592576K)->96639K(5592576K)
[990.957s][info][gc,metaspace] GC(395) Metaspace: 829K(960K)->829K(960K) NonClass: 775K(832K)->775K(832K) Class: 53K(128K)->53K(128K)
[990.957s][info][gc          ] GC(395) Pause Young (Allocation Failure) 2758M->159M(8126M) 7.985ms
[990.957s][info][gc,cpu      ] GC(395) User=0.10s Sys=0.00s Real=0.01s
[993.478s][info][gc,start    ] GC(396) Pause Young (Allocation Failure)
[993.486s][info][gc,heap     ] GC(396) PSYoungGen: 2727808K(2728448K)->66816K(2728448K) Eden: 2660864K(2660864K)->0K(2660864K) From: 66944K(67584K)->66816K(67584K)
[993.486s][info][gc,heap     ] GC(396) ParOldGen: 96639K(5592576K)->96639K(5592576K)
[993.486s][info][gc,metaspace] GC(396) Metaspace: 829K(960K)->829K(960K) NonClass: 775K(832K)->775K(832K) Class: 53K(128K)->53K(128K)
[993.486s][info][gc          ] GC(396) Pause Young (Allocation Failure) 2758M->159M(8126M) 7.954ms
[993.486s][info][gc,cpu      ] GC(396) User=0.09s Sys=0.00s Real=0.01s
[995.999s][info][gc,start    ] GC(397) Pause Young (Allocation Failure)
[996.008s][info][gc,heap     ] GC(397) PSYoungGen: 2727680K(2728448K)->66880K(2728448K) Eden: 2660864K(2660864K)->0K(2660864K) From: 66816K(67584K)->66880K(67584K)
[996.008s][info][gc,heap     ] GC(397) ParOldGen: 96639K(5592576K)->96639K(5592576K)
[996.008s][info][gc,metaspace] GC(397) Metaspace: 829K(960K)->829K(960K) NonClass: 775K(832K)->775K(832K) Class: 53K(128K)->53K(128K)
[996.008s][info][gc          ] GC(397) Pause Young (Allocation Failure) 2758M->159M(8126M) 8.514ms
[996.008s][info][gc,cpu      ] GC(397) User=0.10s Sys=0.01s Real=0.01s
[998.529s][info][gc,start    ] GC(398) Pause Young (Allocation Failure)
[998.537s][info][gc,heap     ] GC(398) PSYoungGen: 2727744K(2728448K)->66848K(2728448K) Eden: 2660864K(2660864K)->0K(2660864K) From: 66880K(67584K)->66848K(67584K)
[998.537s][info][gc,heap     ] GC(398) ParOldGen: 96639K(5592576K)->96639K(5592576K)
[998.537s][info][gc,metaspace] GC(398) Metaspace: 829K(960K)->829K(960K) NonClass: 775K(832K)->775K(832K) Class: 53K(128K)->53K(128K)
[998.537s][info][gc          ] GC(398) Pause Young (Allocation Failure) 2758M->159M(8126M) 7.953ms
[998.537s][info][gc,cpu      ] GC(398) User=0.10s Sys=0.00s Real=0.01s
[1000.090s][info][gc,heap,exit] Heap
[1000.090s][info][gc,heap,exit]  PSYoungGen      total 2728448K, used 1760517K [0x0000000755580000, 0x0000000800000000, 0x0000000800000000)
[1000.090s][info][gc,heap,exit]   eden space 2660864K, 63% used [0x0000000755580000,0x00000007bcb79540,0x00000007f7c00000)
[1000.091s][info][gc,heap,exit]   from space 67584K, 98% used [0x00000007f7c00000,0x00000007fbd48000,0x00000007fbe00000)
[1000.091s][info][gc,heap,exit]   to   space 67584K, 0% used [0x00000007fbe00000,0x00000007fbe00000,0x0000000800000000)
[1000.091s][info][gc,heap,exit]  ParOldGen       total 5592576K, used 96639K [0x0000000600000000, 0x0000000755580000, 0x0000000755580000)
[1000.091s][info][gc,heap,exit]   object space 5592576K, 1% used [0x0000000600000000,0x0000000605e5fd00,0x0000000755580000)
[1000.091s][info][gc,heap,exit]  Metaspace       used 852K, committed 960K, reserved 1056768K
[1000.091s][info][gc,heap,exit]   class space    used 56K, committed 128K, reserved 1048576K
