[0.003s][info][gc] Min heap equals to max heap, disabling ShenandoahUncommit
[0.007s][info][gc] Using Shenandoah
[0.007s][info][gc] Heuristics ergonomically sets -XX:+ExplicitGCInvokesConcurrent
[0.007s][info][gc] Heuristics ergonomically sets -XX:+ShenandoahImplicitGCInvokesConcurrent
[2.052s][info][gc] Trigger: Learning 1 of 5. Free (5724M) is below initial threshold (5734M)
[2.053s][info][gc] GC(0) Concurrent reset 0.351ms
[2.053s][info][gc] GC(0) Pause Init Mark (unload classes) 0.427ms
[2.066s][info][gc] GC(0) Concurrent marking (unload classes) 12.330ms
[2.066s][info][gc] GC(0) Pause Final Mark (unload classes) 0.362ms
[2.066s][info][gc] GC(0) Concurrent weak references 0.047ms
[2.067s][info][gc] GC(0) Concurrent weak roots 0.185ms
[2.067s][info][gc] GC(0) Concurrent cleanup 2076M->808M(8192M) 0.149ms
[2.067s][info][gc] GC(0) Concurrent class unloading 0.275ms
[2.067s][info][gc] GC(0) Concurrent strong roots 0.187ms
[2.090s][info][gc] GC(0) Concurrent evacuation 22.419ms
[2.090s][info][gc] GC(0) Pause Init Update Refs 0.009ms
[2.101s][info][gc] GC(0) Concurrent update references 10.879ms
[2.101s][info][gc] GC(0) Concurrent update thread roots 0.248ms
[2.101s][info][gc] GC(0) Pause Final Update Refs 0.059ms
[2.102s][info][gc] GC(0) Concurrent cleanup 940M->208M(8192M) 0.173ms
[3.892s][info][gc] Trigger: Learning 2 of 5. Free (5732M) is below initial threshold (5734M)
[3.893s][info][gc] GC(1) Concurrent reset 1.311ms
[3.893s][info][gc] GC(1) Pause Init Mark (unload classes) 0.112ms
[3.904s][info][gc] GC(1) Concurrent marking (unload classes) 10.211ms
[3.904s][info][gc] GC(1) Pause Final Mark (unload classes) 0.180ms
[3.904s][info][gc] GC(1) Concurrent weak references 0.015ms
[3.904s][info][gc] GC(1) Concurrent weak roots 0.101ms
[3.904s][info][gc] GC(1) Concurrent cleanup 2067M->171M(8192M) 0.178ms
[3.905s][info][gc] GC(1) Concurrent class unloading 0.320ms
[3.905s][info][gc] GC(1) Rendezvous roots 0.020ms
[5.713s][info][gc] Trigger: Learning 3 of 5. Free (5732M) is below initial threshold (5734M)
[5.713s][info][gc] GC(2) Concurrent reset 0.387ms
[5.713s][info][gc] GC(2) Pause Init Mark (unload classes) 0.080ms
[5.724s][info][gc] GC(2) Concurrent marking (unload classes) 10.549ms
[5.724s][info][gc] GC(2) Pause Final Mark (unload classes) 0.198ms
[5.724s][info][gc] GC(2) Concurrent weak references 0.031ms
[5.724s][info][gc] GC(2) Concurrent weak roots 0.112ms
[5.725s][info][gc] GC(2) Concurrent cleanup 2063M->175M(8192M) 0.158ms
[5.725s][info][gc] GC(2) Concurrent class unloading 0.289ms
[5.725s][info][gc] GC(2) Rendezvous roots 0.019ms
[7.541s][info][gc] Trigger: Learning 4 of 5. Free (5732M) is below initial threshold (5734M)
[7.542s][info][gc] GC(3) Concurrent reset 0.401ms
[7.542s][info][gc] GC(3) Pause Init Mark (unload classes) 0.073ms
[7.552s][info][gc] GC(3) Concurrent marking (unload classes) 9.790ms
[7.552s][info][gc] GC(3) Pause Final Mark (unload classes) 0.211ms
[7.552s][info][gc] GC(3) Concurrent weak references 0.024ms
[7.553s][info][gc] GC(3) Concurrent weak roots 0.125ms
[7.553s][info][gc] GC(3) Concurrent cleanup 2075M->180M(8192M) 0.162ms
[7.553s][info][gc] GC(3) Concurrent class unloading 0.288ms
[7.553s][info][gc] GC(3) Rendezvous roots 0.019ms
[9.382s][info][gc] Trigger: Learning 5 of 5. Free (5724M) is below initial threshold (5734M)
[9.382s][info][gc] GC(4) Concurrent reset 0.280ms
[9.383s][info][gc] GC(4) Pause Init Mark (unload classes) 0.079ms
[9.393s][info][gc] GC(4) Concurrent marking (unload classes) 10.001ms
[9.393s][info][gc] GC(4) Pause Final Mark (unload classes) 0.137ms
[9.393s][info][gc] GC(4) Concurrent weak references 0.021ms
[9.393s][info][gc] GC(4) Concurrent weak roots 0.104ms
[9.393s][info][gc] GC(4) Concurrent cleanup 2072M->168M(8192M) 0.164ms
[9.394s][info][gc] GC(4) Concurrent class unloading 0.301ms
[9.394s][info][gc] GC(4) Rendezvous roots 0.020ms
[16.022s][info][gc] Trigger: Free (812M) is below minimum threshold (819M)
[16.022s][info][gc] GC(5) Concurrent reset 0.183ms
[16.022s][info][gc] GC(5) Pause Init Mark (unload classes) 0.070ms
[16.032s][info][gc] GC(5) Concurrent marking (unload classes) 10.059ms
[16.033s][info][gc] GC(5) Pause Final Mark (unload classes) 0.257ms
[16.033s][info][gc] GC(5) Concurrent weak references 0.028ms
[16.033s][info][gc] GC(5) Concurrent weak roots 0.238ms
[16.034s][info][gc] GC(5) Concurrent cleanup 7000M->184M(8192M) 0.424ms
[16.034s][info][gc] GC(5) Concurrent class unloading 0.399ms
[16.034s][info][gc] GC(5) Rendezvous roots 0.055ms
[22.652s][info][gc] Trigger: Free (812M) is below minimum threshold (819M)
[22.653s][info][gc] GC(6) Concurrent reset 0.339ms
[22.653s][info][gc] GC(6) Pause Init Mark (unload classes) 0.080ms
[22.664s][info][gc] GC(6) Concurrent marking (unload classes) 10.751ms
[22.664s][info][gc] GC(6) Pause Final Mark (unload classes) 0.192ms
[22.664s][info][gc] GC(6) Concurrent weak references 0.027ms
[22.664s][info][gc] GC(6) Concurrent weak roots 0.112ms
[22.664s][info][gc] GC(6) Concurrent cleanup 6984M->168M(8192M) 0.319ms
[22.665s][info][gc] GC(6) Concurrent class unloading 0.384ms
[22.665s][info][gc] GC(6) Rendezvous roots 0.033ms
[29.292s][info][gc] Trigger: Free (812M) is below minimum threshold (819M)
[29.293s][info][gc] GC(7) Concurrent reset 0.419ms
[29.293s][info][gc] GC(7) Pause Init Mark (unload classes) 0.067ms
[29.304s][info][gc] GC(7) Concurrent marking (unload classes) 10.615ms
[29.304s][info][gc] GC(7) Pause Final Mark (unload classes) 0.184ms
[29.304s][info][gc] GC(7) Concurrent weak references 0.025ms
[29.304s][info][gc] GC(7) Concurrent weak roots 0.139ms
[29.304s][info][gc] GC(7) Concurrent cleanup 6984M->168M(8192M) 0.281ms
[29.305s][info][gc] GC(7) Concurrent class unloading 0.354ms
[29.305s][info][gc] GC(7) Rendezvous roots 0.022ms
[35.931s][info][gc] Trigger: Free (811M) is below minimum threshold (819M)
[35.932s][info][gc] GC(8) Concurrent reset 0.276ms
[35.932s][info][gc] GC(8) Pause Init Mark (unload classes) 0.070ms
[35.944s][info][gc] GC(8) Concurrent marking (unload classes) 11.625ms
[35.944s][info][gc] GC(8) Pause Final Mark (unload classes) 0.213ms
[35.944s][info][gc] GC(8) Concurrent weak references 0.022ms
[35.944s][info][gc] GC(8) Concurrent weak roots 0.098ms
[35.944s][info][gc] GC(8) Concurrent cleanup 6984M->168M(8192M) 0.285ms
[35.945s][info][gc] GC(8) Concurrent class unloading 0.287ms
[35.945s][info][gc] GC(8) Rendezvous roots 0.018ms
[42.571s][info][gc] Trigger: Free (815M) is below minimum threshold (819M)
[42.571s][info][gc] GC(9) Concurrent reset 0.344ms
[42.572s][info][gc] GC(9) Pause Init Mark (unload classes) 0.072ms
[42.581s][info][gc] GC(9) Concurrent marking (unload classes) 9.618ms
[42.582s][info][gc] GC(9) Pause Final Mark (unload classes) 0.168ms
[42.582s][info][gc] GC(9) Concurrent weak references 0.033ms
[42.582s][info][gc] GC(9) Concurrent weak roots 0.174ms
[42.582s][info][gc] GC(9) Concurrent cleanup 7000M->184M(8192M) 0.411ms
[42.583s][info][gc] GC(9) Concurrent class unloading 0.292ms
[42.583s][info][gc] GC(9) Rendezvous roots 0.020ms
[49.211s][info][gc] Trigger: Free (812M) is below minimum threshold (819M)
[49.211s][info][gc] GC(10) Concurrent reset 0.236ms
[49.212s][info][gc] GC(10) Pause Init Mark (unload classes) 0.061ms
[49.220s][info][gc] GC(10) Concurrent marking (unload classes) 8.727ms
[49.221s][info][gc] GC(10) Pause Final Mark (unload classes) 0.249ms
[49.221s][info][gc] GC(10) Concurrent weak references 0.040ms
[49.221s][info][gc] GC(10) Concurrent weak roots 0.194ms
[49.222s][info][gc] GC(10) Concurrent cleanup 7000M->184M(8192M) 0.618ms
[49.222s][info][gc] GC(10) Concurrent class unloading 0.534ms
[49.222s][info][gc] GC(10) Rendezvous roots 0.085ms
[55.843s][info][gc] Trigger: Free (812M) is below minimum threshold (819M)
[55.843s][info][gc] GC(11) Concurrent reset 0.175ms
[55.843s][info][gc] GC(11) Pause Init Mark (unload classes) 0.066ms
[55.853s][info][gc] GC(11) Concurrent marking (unload classes) 9.924ms
[55.854s][info][gc] GC(11) Pause Final Mark (unload classes) 0.188ms
[55.854s][info][gc] GC(11) Concurrent weak references 0.026ms
[55.854s][info][gc] GC(11) Concurrent weak roots 0.121ms
[55.854s][info][gc] GC(11) Concurrent cleanup 6984M->168M(8192M) 0.274ms
[55.854s][info][gc] GC(11) Concurrent class unloading 0.327ms
[55.854s][info][gc] GC(11) Rendezvous roots 0.015ms
[62.482s][info][gc] Trigger: Free (812M) is below minimum threshold (819M)
[62.483s][info][gc] GC(12) Concurrent reset 0.186ms
[62.483s][info][gc] GC(12) Pause Init Mark (unload classes) 0.074ms
[62.493s][info][gc] GC(12) Concurrent marking (unload classes) 10.353ms
[62.493s][info][gc] GC(12) Pause Final Mark (unload classes) 0.210ms
[62.494s][info][gc] GC(12) Concurrent weak references 0.023ms
[62.494s][info][gc] GC(12) Concurrent weak roots 0.128ms
[62.494s][info][gc] GC(12) Concurrent cleanup 6984M->184M(8192M) 0.293ms
[62.494s][info][gc] GC(12) Concurrent class unloading 0.355ms
[62.494s][info][gc] GC(12) Rendezvous roots 0.023ms
[69.102s][info][gc] Trigger: Free (812M) is below minimum threshold (819M)
[69.102s][info][gc] GC(13) Concurrent reset 0.358ms
[69.102s][info][gc] GC(13) Pause Init Mark (unload classes) 0.072ms
[69.112s][info][gc] GC(13) Concurrent marking (unload classes) 9.571ms
[69.112s][info][gc] GC(13) Pause Final Mark (unload classes) 0.196ms
[69.112s][info][gc] GC(13) Concurrent weak references 0.025ms
[69.112s][info][gc] GC(13) Concurrent weak roots 0.172ms
[69.113s][info][gc] GC(13) Concurrent cleanup 7000M->304M(8192M) 0.389ms
[69.113s][info][gc] GC(13) Concurrent class unloading 0.359ms
[69.113s][info][gc] GC(13) Rendezvous roots 0.024ms
[75.631s][info][gc] Trigger: Free (815M) is below minimum threshold (819M)
[75.632s][info][gc] GC(14) Concurrent reset 0.885ms
[75.632s][info][gc] GC(14) Pause Init Mark (unload classes) 0.069ms
[75.643s][info][gc] GC(14) Concurrent marking (unload classes) 11.312ms
[75.644s][info][gc] GC(14) Pause Final Mark (unload classes) 0.241ms
[75.644s][info][gc] GC(14) Concurrent weak references 0.034ms
[75.644s][info][gc] GC(14) Concurrent weak roots 0.109ms
[75.644s][info][gc] GC(14) Concurrent cleanup 6992M->288M(8192M) 0.287ms
[75.644s][info][gc] GC(14) Concurrent class unloading 0.390ms
[75.645s][info][gc] GC(14) Rendezvous roots 0.028ms
[82.162s][info][gc] Trigger: Free (804M) is below minimum threshold (819M)
[82.163s][info][gc] GC(15) Concurrent reset 0.255ms
[82.163s][info][gc] GC(15) Pause Init Mark (unload classes) 0.085ms
[82.173s][info][gc] GC(15) Concurrent marking (unload classes) 9.918ms
[82.173s][info][gc] GC(15) Pause Final Mark (unload classes) 0.273ms
[82.173s][info][gc] GC(15) Concurrent weak references 0.024ms
[82.173s][info][gc] GC(15) Concurrent weak roots 0.161ms
[82.174s][info][gc] GC(15) Concurrent cleanup 6992M->288M(8192M) 0.263ms
[82.174s][info][gc] GC(15) Concurrent class unloading 0.391ms
[82.174s][info][gc] GC(15) Rendezvous roots 0.031ms
[88.691s][info][gc] Trigger: Free (804M) is below minimum threshold (819M)
[88.692s][info][gc] GC(16) Concurrent reset 0.405ms
[88.692s][info][gc] GC(16) Pause Init Mark (unload classes) 0.087ms
[88.703s][info][gc] GC(16) Concurrent marking (unload classes) 10.707ms
[88.703s][info][gc] GC(16) Pause Final Mark (unload classes) 0.238ms
[88.703s][info][gc] GC(16) Concurrent weak references 0.033ms
[88.704s][info][gc] GC(16) Concurrent weak roots 0.128ms
[88.704s][info][gc] GC(16) Concurrent cleanup 6992M->288M(8192M) 0.270ms
[88.704s][info][gc] GC(16) Concurrent class unloading 0.373ms
[88.704s][info][gc] GC(16) Rendezvous roots 0.025ms
[95.221s][info][gc] Trigger: Free (803M) is below minimum threshold (819M)
[95.222s][info][gc] GC(17) Concurrent reset 0.408ms
[95.222s][info][gc] GC(17) Pause Init Mark (unload classes) 0.089ms
[95.232s][info][gc] GC(17) Concurrent marking (unload classes) 9.543ms
[95.232s][info][gc] GC(17) Pause Final Mark (unload classes) 0.262ms
[95.232s][info][gc] GC(17) Concurrent weak references 0.032ms
[95.232s][info][gc] GC(17) Concurrent weak roots 0.155ms
[95.233s][info][gc] GC(17) Concurrent cleanup 7000M->296M(8192M) 0.344ms
[95.233s][info][gc] GC(17) Concurrent class unloading 0.364ms
[95.233s][info][gc] GC(17) Rendezvous roots 0.032ms
[101.752s][info][gc] Trigger: Free (803M) is below minimum threshold (819M)
[101.752s][info][gc] GC(18) Concurrent reset 0.323ms
[101.752s][info][gc] GC(18) Pause Init Mark (unload classes) 0.070ms
[101.763s][info][gc] GC(18) Concurrent marking (unload classes) 10.681ms
[101.763s][info][gc] GC(18) Pause Final Mark (unload classes) 0.259ms
[101.763s][info][gc] GC(18) Concurrent weak references 0.022ms
[101.764s][info][gc] GC(18) Concurrent weak roots 0.138ms
[101.764s][info][gc] GC(18) Concurrent cleanup 6992M->288M(8192M) 0.263ms
[101.764s][info][gc] GC(18) Concurrent class unloading 0.331ms
[101.764s][info][gc] GC(18) Rendezvous roots 0.026ms
[108.281s][info][gc] Trigger: Free (808M) is below minimum threshold (819M)
[108.281s][info][gc] GC(19) Concurrent reset 0.284ms
[108.281s][info][gc] GC(19) Pause Init Mark (unload classes) 0.073ms
[108.292s][info][gc] GC(19) Concurrent marking (unload classes) 10.121ms
[108.292s][info][gc] GC(19) Pause Final Mark (unload classes) 0.431ms
[108.292s][info][gc] GC(19) Concurrent weak references 0.030ms
[108.293s][info][gc] GC(19) Concurrent weak roots 0.336ms
[108.293s][info][gc] GC(19) Concurrent cleanup 7004M->304M(8192M) 0.430ms
[108.294s][info][gc] GC(19) Concurrent class unloading 0.313ms
[108.294s][info][gc] GC(19) Rendezvous roots 0.040ms
[114.792s][info][gc] Trigger: Free (816M) is below minimum threshold (819M)
[114.793s][info][gc] GC(20) Concurrent reset 0.388ms
[114.793s][info][gc] GC(20) Pause Init Mark (unload classes) 0.129ms
[114.803s][info][gc] GC(20) Concurrent marking (unload classes) 10.254ms
[114.803s][info][gc] GC(20) Pause Final Mark (unload classes) 0.198ms
[114.803s][info][gc] GC(20) Concurrent weak references 0.019ms
[114.804s][info][gc] GC(20) Concurrent weak roots 0.116ms
[114.804s][info][gc] GC(20) Concurrent cleanup 6980M->288M(8192M) 0.262ms
[114.804s][info][gc] GC(20) Concurrent class unloading 0.359ms
[114.804s][info][gc] GC(20) Rendezvous roots 0.029ms
[121.321s][info][gc] Trigger: Free (812M) is below minimum threshold (819M)
[121.321s][info][gc] GC(21) Concurrent reset 0.337ms
[121.322s][info][gc] GC(21) Pause Init Mark (unload classes) 0.084ms
[121.331s][info][gc] GC(21) Concurrent marking (unload classes) 9.065ms
[121.331s][info][gc] GC(21) Pause Final Mark (unload classes) 0.241ms
[121.331s][info][gc] GC(21) Concurrent weak references 0.025ms
[121.331s][info][gc] GC(21) Concurrent weak roots 0.185ms
[121.332s][info][gc] GC(21) Concurrent cleanup 7008M->324M(8192M) 0.538ms
[121.332s][info][gc] GC(21) Concurrent class unloading 0.339ms
[121.332s][info][gc] GC(21) Rendezvous roots 0.039ms
[127.813s][info][gc] Trigger: Free (816M) is below minimum threshold (819M)
[127.813s][info][gc] GC(22) Concurrent reset 0.371ms
[127.813s][info][gc] GC(22) Pause Init Mark (unload classes) 0.082ms
[127.823s][info][gc] GC(22) Concurrent marking (unload classes) 9.618ms
[127.823s][info][gc] GC(22) Pause Final Mark (unload classes) 0.152ms
[127.823s][info][gc] GC(22) Concurrent weak references 0.025ms
[127.823s][info][gc] GC(22) Concurrent weak roots 0.102ms
[127.824s][info][gc] GC(22) Concurrent cleanup 6980M->456M(8192M) 0.270ms
[127.824s][info][gc] GC(22) Concurrent class unloading 0.281ms
[127.824s][info][gc] GC(22) Rendezvous roots 0.020ms
[134.171s][info][gc] Trigger: Free (812M) is below minimum threshold (819M)
[134.173s][info][gc] GC(23) Concurrent reset 1.326ms
[134.173s][info][gc] GC(23) Pause Init Mark (unload classes) 0.079ms
[134.184s][info][gc] GC(23) Concurrent marking (unload classes) 10.757ms
[134.184s][info][gc] GC(23) Pause Final Mark (unload classes) 0.152ms
[134.184s][info][gc] GC(23) Concurrent weak references 0.021ms
[134.184s][info][gc] GC(23) Concurrent weak roots 0.104ms
[134.185s][info][gc] GC(23) Concurrent cleanup 6984M->456M(8192M) 0.267ms
[134.185s][info][gc] GC(23) Concurrent class unloading 0.286ms
[134.185s][info][gc] GC(23) Rendezvous roots 0.021ms
[140.532s][info][gc] Trigger: Free (812M) is below minimum threshold (819M)
[140.532s][info][gc] GC(24) Concurrent reset 0.605ms
[140.533s][info][gc] GC(24) Pause Init Mark (unload classes) 0.110ms
[140.543s][info][gc] GC(24) Concurrent marking (unload classes) 10.041ms
[140.543s][info][gc] GC(24) Pause Final Mark (unload classes) 0.171ms
[140.543s][info][gc] GC(24) Concurrent weak references 0.029ms
[140.543s][info][gc] GC(24) Concurrent weak roots 0.108ms
[140.543s][info][gc] GC(24) Concurrent cleanup 6984M->456M(8192M) 0.260ms
[140.544s][info][gc] GC(24) Concurrent class unloading 0.292ms
[140.544s][info][gc] GC(24) Rendezvous roots 0.025ms
[146.892s][info][gc] Trigger: Free (812M) is below minimum threshold (819M)
[146.892s][info][gc] GC(25) Concurrent reset 0.480ms
[146.893s][info][gc] GC(25) Pause Init Mark (unload classes) 0.083ms
[146.903s][info][gc] GC(25) Concurrent marking (unload classes) 10.267ms
[146.903s][info][gc] GC(25) Pause Final Mark (unload classes) 0.168ms
[146.903s][info][gc] GC(25) Concurrent weak references 0.018ms
[146.903s][info][gc] GC(25) Concurrent weak roots 0.142ms
[146.904s][info][gc] GC(25) Concurrent cleanup 6984M->456M(8192M) 0.339ms
[146.904s][info][gc] GC(25) Concurrent class unloading 0.353ms
[146.904s][info][gc] GC(25) Rendezvous roots 0.024ms
[153.252s][info][gc] Trigger: Free (812M) is below minimum threshold (819M)
[153.253s][info][gc] GC(26) Concurrent reset 0.675ms
[153.253s][info][gc] GC(26) Pause Init Mark (unload classes) 0.095ms
[153.263s][info][gc] GC(26) Concurrent marking (unload classes) 10.320ms
[153.264s][info][gc] GC(26) Pause Final Mark (unload classes) 0.166ms
[153.264s][info][gc] GC(26) Concurrent weak references 0.018ms
[153.264s][info][gc] GC(26) Concurrent weak roots 0.113ms
[153.264s][info][gc] GC(26) Concurrent cleanup 6984M->456M(8192M) 0.272ms
[153.264s][info][gc] GC(26) Concurrent class unloading 0.282ms
[153.264s][info][gc] GC(26) Rendezvous roots 0.018ms
[159.612s][info][gc] Trigger: Free (812M) is below minimum threshold (819M)
[159.612s][info][gc] GC(27) Concurrent reset 0.568ms
[159.613s][info][gc] GC(27) Pause Init Mark (unload classes) 0.088ms
[159.622s][info][gc] GC(27) Concurrent marking (unload classes) 9.859ms
[159.623s][info][gc] GC(27) Pause Final Mark (unload classes) 0.177ms
[159.623s][info][gc] GC(27) Concurrent weak references 0.055ms
[159.623s][info][gc] GC(27) Concurrent weak roots 0.162ms
[159.623s][info][gc] GC(27) Concurrent cleanup 6984M->456M(8192M) 0.287ms
[159.624s][info][gc] GC(27) Concurrent class unloading 0.394ms
[159.624s][info][gc] GC(27) Rendezvous roots 0.022ms
[165.971s][info][gc] Trigger: Free (816M) is below minimum threshold (819M)
[165.972s][info][gc] GC(28) Concurrent reset 0.472ms
[165.972s][info][gc] GC(28) Pause Init Mark (unload classes) 0.070ms
[165.982s][info][gc] GC(28) Concurrent marking (unload classes) 9.506ms
[165.982s][info][gc] GC(28) Pause Final Mark (unload classes) 0.219ms
[165.982s][info][gc] GC(28) Concurrent weak references 0.033ms
[165.982s][info][gc] GC(28) Concurrent weak roots 0.246ms
[165.983s][info][gc] GC(28) Concurrent cleanup 7000M->472M(8192M) 0.516ms
[165.983s][info][gc] GC(28) Concurrent class unloading 0.323ms
[165.983s][info][gc] GC(28) Rendezvous roots 0.027ms
[172.322s][info][gc] Trigger: Free (816M) is below minimum threshold (819M)
[172.323s][info][gc] GC(29) Concurrent reset 0.362ms
[172.323s][info][gc] GC(29) Pause Init Mark (unload classes) 0.064ms
[172.333s][info][gc] GC(29) Concurrent marking (unload classes) 10.528ms
[172.334s][info][gc] GC(29) Pause Final Mark (unload classes) 0.201ms
[172.334s][info][gc] GC(29) Concurrent weak references 0.037ms
[172.334s][info][gc] GC(29) Concurrent weak roots 0.129ms
[172.334s][info][gc] GC(29) Concurrent cleanup 6980M->456M(8192M) 0.262ms
[172.335s][info][gc] GC(29) Concurrent class unloading 0.317ms
[172.335s][info][gc] GC(29) Rendezvous roots 0.033ms
[178.681s][info][gc] Trigger: Free (816M) is below minimum threshold (819M)
[178.681s][info][gc] GC(30) Concurrent reset 0.455ms
[178.682s][info][gc] GC(30) Pause Init Mark (unload classes) 0.083ms
[178.692s][info][gc] GC(30) Concurrent marking (unload classes) 9.697ms
[178.692s][info][gc] GC(30) Pause Final Mark (unload classes) 0.182ms
[178.692s][info][gc] GC(30) Concurrent weak references 0.065ms
[178.692s][info][gc] GC(30) Concurrent weak roots 0.209ms
[178.693s][info][gc] GC(30) Concurrent cleanup 7000M->476M(8192M) 0.455ms
[178.693s][info][gc] GC(30) Concurrent class unloading 0.318ms
[178.693s][info][gc] GC(30) Rendezvous roots 0.051ms
[185.032s][info][gc] Trigger: Free (816M) is below minimum threshold (819M)
[185.033s][info][gc] GC(31) Concurrent reset 0.407ms
[185.033s][info][gc] GC(31) Pause Init Mark (unload classes) 0.073ms
[185.045s][info][gc] GC(31) Concurrent marking (unload classes) 11.719ms
[185.045s][info][gc] GC(31) Pause Final Mark (unload classes) 0.199ms
[185.045s][info][gc] GC(31) Concurrent weak references 0.030ms
[185.045s][info][gc] GC(31) Concurrent weak roots 0.120ms
[185.046s][info][gc] GC(31) Concurrent cleanup 6980M->560M(8192M) 0.261ms
[185.046s][info][gc] GC(31) Concurrent class unloading 0.363ms
[185.046s][info][gc] GC(31) Rendezvous roots 0.022ms
[191.292s][info][gc] Trigger: Free (812M) is below minimum threshold (819M)
[191.293s][info][gc] GC(32) Concurrent reset 1.119ms
[191.293s][info][gc] GC(32) Pause Init Mark (unload classes) 0.075ms
[191.304s][info][gc] GC(32) Concurrent marking (unload classes) 10.748ms
[191.304s][info][gc] GC(32) Pause Final Mark (unload classes) 0.201ms
[191.304s][info][gc] GC(32) Concurrent weak references 0.033ms
[191.305s][info][gc] GC(32) Concurrent weak roots 0.117ms
[191.305s][info][gc] GC(32) Concurrent cleanup 6992M->560M(8192M) 0.259ms
[191.305s][info][gc] GC(32) Concurrent class unloading 0.327ms
[191.305s][info][gc] GC(32) Rendezvous roots 0.029ms
[197.552s][info][gc] Trigger: Free (804M) is below minimum threshold (819M)
[197.553s][info][gc] GC(33) Concurrent reset 0.618ms
[197.553s][info][gc] GC(33) Pause Init Mark (unload classes) 0.089ms
[197.563s][info][gc] GC(33) Concurrent marking (unload classes) 9.799ms
[197.563s][info][gc] GC(33) Pause Final Mark (unload classes) 0.153ms
[197.563s][info][gc] GC(33) Concurrent weak references 0.022ms
[197.563s][info][gc] GC(33) Concurrent weak roots 0.106ms
[197.564s][info][gc] GC(33) Concurrent cleanup 6992M->560M(8192M) 0.272ms
[197.564s][info][gc] GC(33) Concurrent class unloading 0.349ms
[197.564s][info][gc] GC(33) Rendezvous roots 0.022ms
[203.813s][info][gc] Trigger: Free (804M) is below minimum threshold (819M)
[203.814s][info][gc] GC(34) Concurrent reset 0.623ms
[203.814s][info][gc] GC(34) Pause Init Mark (unload classes) 0.098ms
[203.824s][info][gc] GC(34) Concurrent marking (unload classes) 9.878ms
[203.824s][info][gc] GC(34) Pause Final Mark (unload classes) 0.155ms
[203.824s][info][gc] GC(34) Concurrent weak references 0.035ms
[203.824s][info][gc] GC(34) Concurrent weak roots 0.105ms
[203.824s][info][gc] GC(34) Concurrent cleanup 6992M->560M(8192M) 0.265ms
[203.825s][info][gc] GC(34) Concurrent class unloading 0.292ms
[203.825s][info][gc] GC(34) Rendezvous roots 0.020ms
[210.072s][info][gc] Trigger: Free (808M) is below minimum threshold (819M)
[210.073s][info][gc] GC(35) Concurrent reset 0.625ms
[210.073s][info][gc] GC(35) Pause Init Mark (unload classes) 0.089ms
[210.084s][info][gc] GC(35) Concurrent marking (unload classes) 10.590ms
[210.084s][info][gc] GC(35) Pause Final Mark (unload classes) 0.212ms
[210.084s][info][gc] GC(35) Concurrent weak references 0.036ms
[210.084s][info][gc] GC(35) Concurrent weak roots 0.117ms
[210.084s][info][gc] GC(35) Concurrent cleanup 6992M->560M(8192M) 0.270ms
[210.085s][info][gc] GC(35) Concurrent class unloading 0.331ms
[210.085s][info][gc] GC(35) Rendezvous roots 0.028ms
[216.333s][info][gc] Trigger: Free (804M) is below minimum threshold (819M)
[216.333s][info][gc] GC(36) Concurrent reset 0.632ms
[216.334s][info][gc] GC(36) Pause Init Mark (unload classes) 0.143ms
[216.345s][info][gc] GC(36) Concurrent marking (unload classes) 10.913ms
[216.345s][info][gc] GC(36) Pause Final Mark (unload classes) 0.215ms
[216.345s][info][gc] GC(36) Concurrent weak references 0.022ms
[216.345s][info][gc] GC(36) Concurrent weak roots 0.112ms
[216.345s][info][gc] GC(36) Concurrent cleanup 6992M->560M(8192M) 0.272ms
[216.346s][info][gc] GC(36) Concurrent class unloading 0.363ms
[216.346s][info][gc] GC(36) Rendezvous roots 0.024ms
[222.592s][info][gc] Trigger: Free (812M) is below minimum threshold (819M)
[222.593s][info][gc] GC(37) Concurrent reset 0.628ms
[222.593s][info][gc] GC(37) Pause Init Mark (unload classes) 0.074ms
[222.602s][info][gc] GC(37) Concurrent marking (unload classes) 9.499ms
[222.603s][info][gc] GC(37) Pause Final Mark (unload classes) 0.189ms
[222.603s][info][gc] GC(37) Concurrent weak references 0.038ms
[222.603s][info][gc] GC(37) Concurrent weak roots 0.303ms
[222.604s][info][gc] GC(37) Concurrent cleanup 7008M->576M(8192M) 0.327ms
[222.604s][info][gc] GC(37) Concurrent class unloading 0.374ms
[222.604s][info][gc] GC(37) Rendezvous roots 0.020ms
[228.852s][info][gc] Trigger: Free (816M) is below minimum threshold (819M)
[228.852s][info][gc] GC(38) Concurrent reset 0.818ms
[228.853s][info][gc] GC(38) Pause Init Mark (unload classes) 0.094ms
[228.863s][info][gc] GC(38) Concurrent marking (unload classes) 10.072ms
[228.863s][info][gc] GC(38) Pause Final Mark (unload classes) 0.202ms
[228.863s][info][gc] GC(38) Concurrent weak references 0.025ms
[228.863s][info][gc] GC(38) Concurrent weak roots 0.132ms
[228.864s][info][gc] GC(38) Concurrent cleanup 6992M->560M(8192M) 0.277ms
[228.864s][info][gc] GC(38) Concurrent class unloading 0.312ms
[228.864s][info][gc] GC(38) Rendezvous roots 0.019ms
[235.113s][info][gc] Trigger: Free (804M) is below minimum threshold (819M)
[235.113s][info][gc] GC(39) Concurrent reset 0.447ms
[235.113s][info][gc] GC(39) Pause Init Mark (unload classes) 0.088ms
[235.123s][info][gc] GC(39) Concurrent marking (unload classes) 9.236ms
[235.123s][info][gc] GC(39) Pause Final Mark (unload classes) 0.161ms
[235.123s][info][gc] GC(39) Concurrent weak references 0.023ms
[235.123s][info][gc] GC(39) Concurrent weak roots 0.105ms
[235.123s][info][gc] GC(39) Concurrent cleanup 6992M->560M(8192M) 0.268ms
[235.124s][info][gc] GC(39) Concurrent class unloading 0.329ms
[235.124s][info][gc] GC(39) Rendezvous roots 0.022ms
[241.372s][info][gc] Trigger: Free (804M) is below minimum threshold (819M)
[241.373s][info][gc] GC(40) Concurrent reset 0.567ms
[241.373s][info][gc] GC(40) Pause Init Mark (unload classes) 0.090ms
[241.384s][info][gc] GC(40) Concurrent marking (unload classes) 11.090ms
[241.385s][info][gc] GC(40) Pause Final Mark (unload classes) 0.201ms
[241.385s][info][gc] GC(40) Concurrent weak references 0.026ms
[241.385s][info][gc] GC(40) Concurrent weak roots 0.121ms
[241.385s][info][gc] GC(40) Concurrent cleanup 6992M->568M(8192M) 0.275ms
[241.386s][info][gc] GC(40) Concurrent class unloading 0.334ms
[241.386s][info][gc] GC(40) Rendezvous roots 0.023ms
[247.621s][info][gc] Trigger: Free (812M) is below minimum threshold (819M)
[247.622s][info][gc] GC(41) Concurrent reset 0.677ms
[247.622s][info][gc] GC(41) Pause Init Mark (unload classes) 0.082ms
[247.632s][info][gc] GC(41) Concurrent marking (unload classes) 10.150ms
[247.633s][info][gc] GC(41) Pause Final Mark (unload classes) 0.249ms
[247.633s][info][gc] GC(41) Concurrent weak references 0.037ms
[247.633s][info][gc] GC(41) Concurrent weak roots 0.139ms
[247.633s][info][gc] GC(41) Concurrent cleanup 6984M->648M(8192M) 0.264ms
[247.634s][info][gc] GC(41) Concurrent class unloading 0.344ms
[247.634s][info][gc] GC(41) Rendezvous roots 0.020ms
[253.792s][info][gc] Trigger: Free (812M) is below minimum threshold (819M)
[253.793s][info][gc] GC(42) Concurrent reset 0.700ms
[253.793s][info][gc] GC(42) Pause Init Mark (unload classes) 0.081ms
[253.803s][info][gc] GC(42) Concurrent marking (unload classes) 10.109ms
[253.804s][info][gc] GC(42) Pause Final Mark (unload classes) 0.168ms
[253.804s][info][gc] GC(42) Concurrent weak references 0.025ms
[253.804s][info][gc] GC(42) Concurrent weak roots 0.103ms
[253.804s][info][gc] GC(42) Concurrent cleanup 6984M->648M(8192M) 0.266ms
[253.804s][info][gc] GC(42) Concurrent class unloading 0.305ms
[253.804s][info][gc] GC(42) Rendezvous roots 0.039ms
[259.962s][info][gc] Trigger: Free (816M) is below minimum threshold (819M)
[259.963s][info][gc] GC(43) Concurrent reset 0.708ms
[259.963s][info][gc] GC(43) Pause Init Mark (unload classes) 0.083ms
[259.973s][info][gc] GC(43) Concurrent marking (unload classes) 10.422ms
[259.974s][info][gc] GC(43) Pause Final Mark (unload classes) 0.287ms
[259.974s][info][gc] GC(43) Concurrent weak references 0.035ms
[259.974s][info][gc] GC(43) Concurrent weak roots 0.132ms
[259.974s][info][gc] GC(43) Concurrent cleanup 6984M->648M(8192M) 0.261ms
[259.975s][info][gc] GC(43) Concurrent class unloading 0.378ms
[259.975s][info][gc] GC(43) Rendezvous roots 0.025ms
[266.132s][info][gc] Trigger: Free (812M) is below minimum threshold (819M)
[266.133s][info][gc] GC(44) Concurrent reset 0.605ms
[266.133s][info][gc] GC(44) Pause Init Mark (unload classes) 0.096ms
[266.144s][info][gc] GC(44) Concurrent marking (unload classes) 11.089ms
[266.144s][info][gc] GC(44) Pause Final Mark (unload classes) 0.176ms
[266.144s][info][gc] GC(44) Concurrent weak references 0.039ms
[266.145s][info][gc] GC(44) Concurrent weak roots 0.144ms
[266.145s][info][gc] GC(44) Concurrent cleanup 6984M->648M(8192M) 0.263ms
[266.145s][info][gc] GC(44) Concurrent class unloading 0.400ms
[266.145s][info][gc] GC(44) Rendezvous roots 0.044ms
[272.302s][info][gc] Trigger: Free (812M) is below minimum threshold (819M)
[272.303s][info][gc] GC(45) Concurrent reset 0.828ms
[272.303s][info][gc] GC(45) Pause Init Mark (unload classes) 0.090ms
[272.315s][info][gc] GC(45) Concurrent marking (unload classes) 11.764ms
[272.315s][info][gc] GC(45) Pause Final Mark (unload classes) 0.176ms
[272.315s][info][gc] GC(45) Concurrent weak references 0.027ms
[272.315s][info][gc] GC(45) Concurrent weak roots 0.105ms
[272.316s][info][gc] GC(45) Concurrent cleanup 6984M->648M(8192M) 0.263ms
[272.316s][info][gc] GC(45) Concurrent class unloading 0.331ms
[272.316s][info][gc] GC(45) Rendezvous roots 0.025ms
[278.472s][info][gc] Trigger: Free (812M) is below minimum threshold (819M)
[278.473s][info][gc] GC(46) Concurrent reset 1.022ms
[278.473s][info][gc] GC(46) Pause Init Mark (unload classes) 0.164ms
[278.484s][info][gc] GC(46) Concurrent marking (unload classes) 10.830ms
[278.485s][info][gc] GC(46) Pause Final Mark (unload classes) 0.261ms
[278.485s][info][gc] GC(46) Concurrent weak references 0.024ms
[278.485s][info][gc] GC(46) Concurrent weak roots 0.121ms
[278.485s][info][gc] GC(46) Concurrent cleanup 6984M->648M(8192M) 0.256ms
[278.486s][info][gc] GC(46) Concurrent class unloading 0.359ms
[278.486s][info][gc] GC(46) Rendezvous roots 0.022ms
[284.642s][info][gc] Trigger: Free (816M) is below minimum threshold (819M)
[284.643s][info][gc] GC(47) Concurrent reset 0.949ms
[284.643s][info][gc] GC(47) Pause Init Mark (unload classes) 0.098ms
[284.654s][info][gc] GC(47) Concurrent marking (unload classes) 10.894ms
[284.654s][info][gc] GC(47) Pause Final Mark (unload classes) 0.163ms
[284.654s][info][gc] GC(47) Concurrent weak references 0.016ms
[284.654s][info][gc] GC(47) Concurrent weak roots 0.111ms
[284.655s][info][gc] GC(47) Concurrent cleanup 6984M->648M(8192M) 0.256ms
[284.655s][info][gc] GC(47) Concurrent class unloading 0.298ms
[284.655s][info][gc] GC(47) Rendezvous roots 0.019ms
[290.812s][info][gc] Trigger: Free (812M) is below minimum threshold (819M)
[290.813s][info][gc] GC(48) Concurrent reset 0.560ms
[290.813s][info][gc] GC(48) Pause Init Mark (unload classes) 0.055ms
[290.823s][info][gc] GC(48) Concurrent marking (unload classes) 9.912ms
[290.823s][info][gc] GC(48) Pause Final Mark (unload classes) 0.168ms
[290.823s][info][gc] GC(48) Concurrent weak references 0.017ms
[290.823s][info][gc] GC(48) Concurrent weak roots 0.100ms
[290.824s][info][gc] GC(48) Concurrent cleanup 6984M->648M(8192M) 0.298ms
[290.824s][info][gc] GC(48) Concurrent class unloading 0.291ms
[290.824s][info][gc] GC(48) Rendezvous roots 0.019ms
[296.981s][info][gc] Trigger: Free (816M) is below minimum threshold (819M)
[296.982s][info][gc] GC(49) Concurrent reset 0.658ms
[296.982s][info][gc] GC(49) Pause Init Mark (unload classes) 0.080ms
[296.992s][info][gc] GC(49) Concurrent marking (unload classes) 10.017ms
[296.993s][info][gc] GC(49) Pause Final Mark (unload classes) 0.243ms
[296.993s][info][gc] GC(49) Concurrent weak references 0.024ms
[296.993s][info][gc] GC(49) Concurrent weak roots 0.112ms
[296.993s][info][gc] GC(49) Concurrent cleanup 6984M->648M(8192M) 0.261ms
[296.994s][info][gc] GC(49) Concurrent class unloading 0.289ms
[296.994s][info][gc] GC(49) Rendezvous roots 0.019ms
[303.152s][info][gc] Trigger: Free (812M) is below minimum threshold (819M)
[303.153s][info][gc] GC(50) Concurrent reset 0.628ms
[303.153s][info][gc] GC(50) Pause Init Mark (unload classes) 0.091ms
[303.163s][info][gc] GC(50) Concurrent marking (unload classes) 10.380ms
[303.164s][info][gc] GC(50) Pause Final Mark (unload classes) 0.218ms
[303.164s][info][gc] GC(50) Concurrent weak references 0.027ms
[303.164s][info][gc] GC(50) Concurrent weak roots 0.138ms
[303.164s][info][gc] GC(50) Concurrent cleanup 6984M->668M(8192M) 0.266ms
[303.165s][info][gc] GC(50) Concurrent class unloading 0.480ms
[303.165s][info][gc] GC(50) Rendezvous roots 0.029ms
[309.302s][info][gc] Trigger: Free (808M) is below minimum threshold (819M)
[309.303s][info][gc] GC(51) Concurrent reset 0.807ms
[309.303s][info][gc] GC(51) Pause Init Mark (unload classes) 0.073ms
[309.314s][info][gc] GC(51) Concurrent marking (unload classes) 10.214ms
[309.314s][info][gc] GC(51) Pause Final Mark (unload classes) 0.208ms
[309.314s][info][gc] GC(51) Concurrent weak references 0.033ms
[309.314s][info][gc] GC(51) Concurrent weak roots 0.108ms
[309.314s][info][gc] GC(51) Concurrent cleanup 6988M->748M(8192M) 0.306ms
[309.315s][info][gc] GC(51) Concurrent class unloading 0.396ms
[309.315s][info][gc] GC(51) Rendezvous roots 0.024ms
[315.381s][info][gc] Trigger: Free (808M) is below minimum threshold (819M)
[315.383s][info][gc] GC(52) Concurrent reset 1.285ms
[315.383s][info][gc] GC(52) Pause Init Mark (unload classes) 0.086ms
[315.393s][info][gc] GC(52) Concurrent marking (unload classes) 10.362ms
[315.394s][info][gc] GC(52) Pause Final Mark (unload classes) 0.162ms
[315.394s][info][gc] GC(52) Concurrent weak references 0.035ms
[315.394s][info][gc] GC(52) Concurrent weak roots 0.106ms
[315.394s][info][gc] GC(52) Concurrent cleanup 6988M->748M(8192M) 0.203ms
[315.394s][info][gc] GC(52) Concurrent class unloading 0.271ms
[315.394s][info][gc] GC(52) Rendezvous roots 0.016ms
[321.461s][info][gc] Trigger: Free (812M) is below minimum threshold (819M)
[321.461s][info][gc] GC(53) Concurrent reset 0.649ms
[321.462s][info][gc] GC(53) Pause Init Mark (unload classes) 0.061ms
[321.471s][info][gc] GC(53) Concurrent marking (unload classes) 9.044ms
[321.471s][info][gc] GC(53) Pause Final Mark (unload classes) 0.219ms
[321.471s][info][gc] GC(53) Concurrent weak references 0.024ms
[321.471s][info][gc] GC(53) Concurrent weak roots 0.177ms
[321.472s][info][gc] GC(53) Concurrent cleanup 7004M->764M(8192M) 0.525ms
[321.472s][info][gc] GC(53) Concurrent class unloading 0.385ms
[321.472s][info][gc] GC(53) Rendezvous roots 0.041ms
[327.531s][info][gc] Trigger: Free (816M) is below minimum threshold (819M)
[327.532s][info][gc] GC(54) Concurrent reset 0.820ms
[327.532s][info][gc] GC(54) Pause Init Mark (unload classes) 0.127ms
[327.543s][info][gc] GC(54) Concurrent marking (unload classes) 10.164ms
[327.543s][info][gc] GC(54) Pause Final Mark (unload classes) 0.202ms
[327.543s][info][gc] GC(54) Concurrent weak references 0.031ms
[327.543s][info][gc] GC(54) Concurrent weak roots 0.141ms
[327.543s][info][gc] GC(54) Concurrent cleanup 6988M->752M(8192M) 0.270ms
[327.544s][info][gc] GC(54) Concurrent class unloading 0.337ms
[327.544s][info][gc] GC(54) Rendezvous roots 0.032ms
[333.611s][info][gc] Trigger: Free (808M) is below minimum threshold (819M)
[333.612s][info][gc] GC(55) Concurrent reset 0.770ms
[333.612s][info][gc] GC(55) Pause Init Mark (unload classes) 0.135ms
[333.622s][info][gc] GC(55) Concurrent marking (unload classes) 10.006ms
[333.622s][info][gc] GC(55) Pause Final Mark (unload classes) 0.212ms
[333.623s][info][gc] GC(55) Concurrent weak references 0.026ms
[333.623s][info][gc] GC(55) Concurrent weak roots 0.169ms
[333.623s][info][gc] GC(55) Concurrent cleanup 6996M->752M(8192M) 0.280ms
[333.623s][info][gc] GC(55) Concurrent class unloading 0.365ms
[333.624s][info][gc] GC(55) Rendezvous roots 0.026ms
[339.692s][info][gc] Trigger: Free (808M) is below minimum threshold (819M)
[339.692s][info][gc] GC(56) Concurrent reset 0.772ms
[339.693s][info][gc] GC(56) Pause Init Mark (unload classes) 0.071ms
[339.702s][info][gc] GC(56) Concurrent marking (unload classes) 8.856ms
[339.702s][info][gc] GC(56) Pause Final Mark (unload classes) 0.153ms
[339.702s][info][gc] GC(56) Concurrent weak references 0.022ms
[339.702s][info][gc] GC(56) Concurrent weak roots 0.160ms
[339.702s][info][gc] GC(56) Concurrent cleanup 7000M->760M(8192M) 0.317ms
[339.703s][info][gc] GC(56) Concurrent class unloading 0.265ms
[339.703s][info][gc] GC(56) Rendezvous roots 0.022ms
[345.763s][info][gc] Trigger: Free (812M) is below minimum threshold (819M)
[345.764s][info][gc] GC(57) Concurrent reset 0.690ms
[345.764s][info][gc] GC(57) Pause Init Mark (unload classes) 0.107ms
[345.774s][info][gc] GC(57) Concurrent marking (unload classes) 10.024ms
[345.775s][info][gc] GC(57) Pause Final Mark (unload classes) 0.171ms
[345.775s][info][gc] GC(57) Concurrent weak references 0.018ms
[345.775s][info][gc] GC(57) Concurrent weak roots 0.116ms
[345.775s][info][gc] GC(57) Concurrent cleanup 6984M->748M(8192M) 0.269ms
[345.776s][info][gc] GC(57) Concurrent class unloading 0.352ms
[345.776s][info][gc] GC(57) Rendezvous roots 0.022ms
[351.842s][info][gc] Trigger: Free (808M) is below minimum threshold (819M)
[351.843s][info][gc] GC(58) Concurrent reset 0.802ms
[351.843s][info][gc] GC(58) Pause Init Mark (unload classes) 0.103ms
[351.854s][info][gc] GC(58) Concurrent marking (unload classes) 10.097ms
[351.854s][info][gc] GC(58) Pause Final Mark (unload classes) 0.206ms
[351.854s][info][gc] GC(58) Concurrent weak references 0.034ms
[351.854s][info][gc] GC(58) Concurrent weak roots 0.119ms
[351.854s][info][gc] GC(58) Concurrent cleanup 6988M->748M(8192M) 0.269ms
[351.855s][info][gc] GC(58) Concurrent class unloading 0.361ms
[351.855s][info][gc] GC(58) Rendezvous roots 0.030ms
[357.921s][info][gc] Trigger: Free (808M) is below minimum threshold (819M)
[357.922s][info][gc] GC(59) Concurrent reset 0.823ms
[357.922s][info][gc] GC(59) Pause Init Mark (unload classes) 0.129ms
[357.933s][info][gc] GC(59) Concurrent marking (unload classes) 10.522ms
[357.933s][info][gc] GC(59) Pause Final Mark (unload classes) 0.163ms
[357.933s][info][gc] GC(59) Concurrent weak references 0.023ms
[357.934s][info][gc] GC(59) Concurrent weak roots 0.153ms
[357.934s][info][gc] GC(59) Concurrent cleanup 6992M->752M(8192M) 0.270ms
[357.934s][info][gc] GC(59) Concurrent class unloading 0.375ms
[357.934s][info][gc] GC(59) Rendezvous roots 0.036ms
[364.002s][info][gc] Trigger: Free (808M) is below minimum threshold (819M)
[364.002s][info][gc] GC(60) Concurrent reset 0.668ms
[364.002s][info][gc] GC(60) Pause Init Mark (unload classes) 0.058ms
[364.011s][info][gc] GC(60) Concurrent marking (unload classes) 8.842ms
[364.012s][info][gc] GC(60) Pause Final Mark (unload classes) 0.232ms
[364.012s][info][gc] GC(60) Concurrent weak references 0.033ms
[364.012s][info][gc] GC(60) Concurrent weak roots 0.145ms
[364.012s][info][gc] GC(60) Concurrent cleanup 7000M->844M(8192M) 0.392ms
[364.013s][info][gc] GC(60) Concurrent class unloading 0.281ms
[364.013s][info][gc] GC(60) Concurrent strong roots 0.027ms
[364.020s][info][gc] GC(60) Concurrent evacuation 6.887ms
[364.020s][info][gc] GC(60) Pause Init Update Refs 0.006ms
[364.026s][info][gc] GC(60) Concurrent update references 6.166ms
[364.026s][info][gc] GC(60) Concurrent update thread roots 0.367ms
[364.026s][info][gc] GC(60) Pause Final Update Refs 0.060ms
[364.027s][info][gc] GC(60) Concurrent cleanup 880M->176M(8192M) 0.133ms
[370.652s][info][gc] Trigger: Free (808M) is below minimum threshold (819M)
[370.653s][info][gc] GC(61) Concurrent reset 0.975ms
[370.653s][info][gc] GC(61) Pause Init Mark (unload classes) 0.109ms
[370.663s][info][gc] GC(61) Concurrent marking (unload classes) 9.988ms
[370.664s][info][gc] GC(61) Pause Final Mark (unload classes) 0.205ms
[370.664s][info][gc] GC(61) Concurrent weak references 0.023ms
[370.664s][info][gc] GC(61) Concurrent weak roots 0.153ms
[370.664s][info][gc] GC(61) Concurrent cleanup 6992M->180M(8192M) 0.281ms
[370.665s][info][gc] GC(61) Concurrent class unloading 0.353ms
[370.665s][info][gc] GC(61) Rendezvous roots 0.026ms
[377.273s][info][gc] Trigger: Free (816M) is below minimum threshold (819M)
[377.273s][info][gc] GC(62) Concurrent reset 0.347ms
[377.273s][info][gc] GC(62) Pause Init Mark (unload classes) 0.104ms
[377.283s][info][gc] GC(62) Concurrent marking (unload classes) 9.853ms
[377.283s][info][gc] GC(62) Pause Final Mark (unload classes) 0.162ms
[377.283s][info][gc] GC(62) Concurrent weak references 0.021ms
[377.283s][info][gc] GC(62) Concurrent weak roots 0.118ms
[377.284s][info][gc] GC(62) Concurrent cleanup 6980M->180M(8192M) 0.285ms
[377.284s][info][gc] GC(62) Concurrent class unloading 0.368ms
[377.284s][info][gc] GC(62) Rendezvous roots 0.024ms
[383.894s][info][gc] Trigger: Free (816M) is below minimum threshold (819M)
[383.894s][info][gc] GC(63) Concurrent reset 0.269ms
[383.894s][info][gc] GC(63) Pause Init Mark (unload classes) 0.105ms
[383.904s][info][gc] GC(63) Concurrent marking (unload classes) 10.028ms
[383.904s][info][gc] GC(63) Pause Final Mark (unload classes) 0.223ms
[383.905s][info][gc] GC(63) Concurrent weak references 0.030ms
[383.905s][info][gc] GC(63) Concurrent weak roots 0.125ms
[383.905s][info][gc] GC(63) Concurrent cleanup 6980M->180M(8192M) 0.273ms
[383.905s][info][gc] GC(63) Concurrent class unloading 0.360ms
[383.905s][info][gc] GC(63) Rendezvous roots 0.032ms
[390.513s][info][gc] Trigger: Free (816M) is below minimum threshold (819M)
[390.514s][info][gc] GC(64) Concurrent reset 0.245ms
[390.514s][info][gc] GC(64) Pause Init Mark (unload classes) 0.106ms
[390.524s][info][gc] GC(64) Concurrent marking (unload classes) 9.849ms
[390.524s][info][gc] GC(64) Pause Final Mark (unload classes) 0.188ms
[390.524s][info][gc] GC(64) Concurrent weak references 0.023ms
[390.524s][info][gc] GC(64) Concurrent weak roots 0.115ms
[390.525s][info][gc] GC(64) Concurrent cleanup 6980M->180M(8192M) 0.281ms
[390.525s][info][gc] GC(64) Concurrent class unloading 0.346ms
[390.525s][info][gc] GC(64) Rendezvous roots 0.027ms
[397.134s][info][gc] Trigger: Free (816M) is below minimum threshold (819M)
[397.134s][info][gc] GC(65) Concurrent reset 0.279ms
[397.135s][info][gc] GC(65) Pause Init Mark (unload classes) 0.105ms
[397.145s][info][gc] GC(65) Concurrent marking (unload classes) 10.156ms
[397.145s][info][gc] GC(65) Pause Final Mark (unload classes) 0.302ms
[397.145s][info][gc] GC(65) Concurrent weak references 0.029ms
[397.145s][info][gc] GC(65) Concurrent weak roots 0.116ms
[397.146s][info][gc] GC(65) Concurrent cleanup 6980M->180M(8192M) 0.281ms
[397.146s][info][gc] GC(65) Concurrent class unloading 0.367ms
[397.146s][info][gc] GC(65) Rendezvous roots 0.026ms
[403.753s][info][gc] Trigger: Free (816M) is below minimum threshold (819M)
[403.753s][info][gc] GC(66) Concurrent reset 0.242ms
[403.753s][info][gc] GC(66) Pause Init Mark (unload classes) 0.140ms
[403.763s][info][gc] GC(66) Concurrent marking (unload classes) 9.773ms
[403.764s][info][gc] GC(66) Pause Final Mark (unload classes) 0.314ms
[403.764s][info][gc] GC(66) Concurrent weak references 0.021ms
[403.764s][info][gc] GC(66) Concurrent weak roots 0.123ms
[403.764s][info][gc] GC(66) Concurrent cleanup 6980M->180M(8192M) 0.284ms
[403.764s][info][gc] GC(66) Concurrent class unloading 0.350ms
[403.765s][info][gc] GC(66) Rendezvous roots 0.027ms
[410.373s][info][gc] Trigger: Free (816M) is below minimum threshold (819M)
[410.374s][info][gc] GC(67) Concurrent reset 0.244ms
[410.374s][info][gc] GC(67) Pause Init Mark (unload classes) 0.143ms
[410.384s][info][gc] GC(67) Concurrent marking (unload classes) 10.370ms
[410.385s][info][gc] GC(67) Pause Final Mark (unload classes) 0.187ms
[410.385s][info][gc] GC(67) Concurrent weak references 0.039ms
[410.385s][info][gc] GC(67) Concurrent weak roots 0.117ms
[410.385s][info][gc] GC(67) Concurrent cleanup 6980M->180M(8192M) 0.281ms
[410.386s][info][gc] GC(67) Concurrent class unloading 0.352ms
[410.386s][info][gc] GC(67) Rendezvous roots 0.026ms
[416.993s][info][gc] Trigger: Free (816M) is below minimum threshold (819M)
[416.993s][info][gc] GC(68) Concurrent reset 0.265ms
[416.993s][info][gc] GC(68) Pause Init Mark (unload classes) 0.103ms
[417.004s][info][gc] GC(68) Concurrent marking (unload classes) 9.979ms
[417.004s][info][gc] GC(68) Pause Final Mark (unload classes) 0.206ms
[417.004s][info][gc] GC(68) Concurrent weak references 0.025ms
[417.004s][info][gc] GC(68) Concurrent weak roots 0.119ms
[417.004s][info][gc] GC(68) Concurrent cleanup 6980M->180M(8192M) 0.281ms
[417.005s][info][gc] GC(68) Concurrent class unloading 0.361ms
[417.005s][info][gc] GC(68) Rendezvous roots 0.027ms
[423.613s][info][gc] Trigger: Free (816M) is below minimum threshold (819M)
[423.613s][info][gc] GC(69) Concurrent reset 0.244ms
[423.613s][info][gc] GC(69) Pause Init Mark (unload classes) 0.096ms
[423.624s][info][gc] GC(69) Concurrent marking (unload classes) 10.537ms
[423.624s][info][gc] GC(69) Pause Final Mark (unload classes) 0.181ms
[423.624s][info][gc] GC(69) Concurrent weak references 0.024ms
[423.625s][info][gc] GC(69) Concurrent weak roots 0.144ms
[423.625s][info][gc] GC(69) Concurrent cleanup 6980M->288M(8192M) 0.278ms
[423.625s][info][gc] GC(69) Concurrent class unloading 0.351ms
[423.625s][info][gc] GC(69) Rendezvous roots 0.025ms
[430.143s][info][gc] Trigger: Free (804M) is below minimum threshold (819M)
[430.144s][info][gc] GC(70) Concurrent reset 0.996ms
[430.144s][info][gc] GC(70) Pause Init Mark (unload classes) 0.118ms
[430.154s][info][gc] GC(70) Concurrent marking (unload classes) 9.936ms
[430.154s][info][gc] GC(70) Pause Final Mark (unload classes) 0.166ms
[430.154s][info][gc] GC(70) Concurrent weak references 0.028ms
[430.154s][info][gc] GC(70) Concurrent weak roots 0.120ms
[430.155s][info][gc] GC(70) Concurrent cleanup 6992M->288M(8192M) 0.279ms
[430.155s][info][gc] GC(70) Concurrent class unloading 0.357ms
[430.155s][info][gc] GC(70) Rendezvous roots 0.037ms
[436.673s][info][gc] Trigger: Free (804M) is below minimum threshold (819M)
[436.673s][info][gc] GC(71) Concurrent reset 0.370ms
[436.673s][info][gc] GC(71) Pause Init Mark (unload classes) 0.119ms
[436.684s][info][gc] GC(71) Concurrent marking (unload classes) 10.089ms
[436.684s][info][gc] GC(71) Pause Final Mark (unload classes) 0.265ms
[436.684s][info][gc] GC(71) Concurrent weak references 0.028ms
[436.684s][info][gc] GC(71) Concurrent weak roots 0.123ms
[436.685s][info][gc] GC(71) Concurrent cleanup 6992M->288M(8192M) 0.285ms
[436.685s][info][gc] GC(71) Concurrent class unloading 0.367ms
[436.685s][info][gc] GC(71) Rendezvous roots 0.032ms
[443.202s][info][gc] Trigger: Free (804M) is below minimum threshold (819M)
[443.203s][info][gc] GC(72) Concurrent reset 0.338ms
[443.203s][info][gc] GC(72) Pause Init Mark (unload classes) 0.104ms
[443.213s][info][gc] GC(72) Concurrent marking (unload classes) 10.232ms
[443.213s][info][gc] GC(72) Pause Final Mark (unload classes) 0.201ms
[443.214s][info][gc] GC(72) Concurrent weak references 0.025ms
[443.214s][info][gc] GC(72) Concurrent weak roots 0.119ms
[443.214s][info][gc] GC(72) Concurrent cleanup 6992M->288M(8192M) 0.278ms
[443.214s][info][gc] GC(72) Concurrent class unloading 0.358ms
[443.214s][info][gc] GC(72) Rendezvous roots 0.032ms
[449.732s][info][gc] Trigger: Free (804M) is below minimum threshold (819M)
[449.732s][info][gc] GC(73) Concurrent reset 0.294ms
[449.733s][info][gc] GC(73) Pause Init Mark (unload classes) 0.105ms
[449.743s][info][gc] GC(73) Concurrent marking (unload classes) 10.000ms
[449.743s][info][gc] GC(73) Pause Final Mark (unload classes) 0.202ms
[449.743s][info][gc] GC(73) Concurrent weak references 0.024ms
[449.743s][info][gc] GC(73) Concurrent weak roots 0.122ms
[449.744s][info][gc] GC(73) Concurrent cleanup 6992M->288M(8192M) 0.280ms
[449.744s][info][gc] GC(73) Concurrent class unloading 0.378ms
[449.744s][info][gc] GC(73) Rendezvous roots 0.025ms
[456.261s][info][gc] Trigger: Free (808M) is below minimum threshold (819M)
[456.261s][info][gc] GC(74) Concurrent reset 0.323ms
[456.261s][info][gc] GC(74) Pause Init Mark (unload classes) 0.113ms
[456.271s][info][gc] GC(74) Concurrent marking (unload classes) 9.608ms
[456.272s][info][gc] GC(74) Pause Final Mark (unload classes) 0.353ms
[456.272s][info][gc] GC(74) Concurrent weak references 0.039ms
[456.272s][info][gc] GC(74) Concurrent weak roots 0.203ms
[456.273s][info][gc] GC(74) Concurrent cleanup 7004M->304M(8192M) 0.533ms
[456.273s][info][gc] GC(74) Concurrent class unloading 0.427ms
[456.273s][info][gc] GC(74) Rendezvous roots 0.066ms
[462.783s][info][gc] Trigger: Free (808M) is below minimum threshold (819M)
[462.784s][info][gc] GC(75) Concurrent reset 0.292ms
[462.784s][info][gc] GC(75) Pause Init Mark (unload classes) 0.093ms
[462.794s][info][gc] GC(75) Concurrent marking (unload classes) 10.000ms
[462.794s][info][gc] GC(75) Pause Final Mark (unload classes) 0.190ms
[462.794s][info][gc] GC(75) Concurrent weak references 0.025ms
[462.795s][info][gc] GC(75) Concurrent weak roots 0.124ms
[462.795s][info][gc] GC(75) Concurrent cleanup 6988M->288M(8192M) 0.272ms
[462.795s][info][gc] GC(75) Concurrent class unloading 0.366ms
[462.795s][info][gc] GC(75) Rendezvous roots 0.026ms
[469.312s][info][gc] Trigger: Free (804M) is below minimum threshold (819M)
[469.313s][info][gc] GC(76) Concurrent reset 0.401ms
[469.313s][info][gc] GC(76) Pause Init Mark (unload classes) 0.120ms
[469.323s][info][gc] GC(76) Concurrent marking (unload classes) 10.068ms
[469.323s][info][gc] GC(76) Pause Final Mark (unload classes) 0.189ms
[469.324s][info][gc] GC(76) Concurrent weak references 0.032ms
[469.324s][info][gc] GC(76) Concurrent weak roots 0.121ms
[469.324s][info][gc] GC(76) Concurrent cleanup 6992M->288M(8192M) 0.279ms
[469.324s][info][gc] GC(76) Concurrent class unloading 0.358ms
[469.324s][info][gc] GC(76) Rendezvous roots 0.026ms
[475.842s][info][gc] Trigger: Free (808M) is below minimum threshold (819M)
[475.842s][info][gc] GC(77) Concurrent reset 0.350ms
[475.843s][info][gc] GC(77) Pause Init Mark (unload classes) 0.134ms
[475.853s][info][gc] GC(77) Concurrent marking (unload classes) 10.048ms
[475.853s][info][gc] GC(77) Pause Final Mark (unload classes) 0.180ms
[475.853s][info][gc] GC(77) Concurrent weak references 0.037ms
[475.854s][info][gc] GC(77) Concurrent weak roots 0.123ms
[475.854s][info][gc] GC(77) Concurrent cleanup 6992M->288M(8192M) 0.284ms
[475.854s][info][gc] GC(77) Concurrent class unloading 0.352ms
[475.854s][info][gc] GC(77) Rendezvous roots 0.026ms
[482.371s][info][gc] Trigger: Free (804M) is below minimum threshold (819M)
[482.372s][info][gc] GC(78) Concurrent reset 0.335ms
[482.372s][info][gc] GC(78) Pause Init Mark (unload classes) 0.125ms
[482.383s][info][gc] GC(78) Concurrent marking (unload classes) 10.457ms
[482.383s][info][gc] GC(78) Pause Final Mark (unload classes) 0.204ms
[482.383s][info][gc] GC(78) Concurrent weak references 0.039ms
[482.383s][info][gc] GC(78) Concurrent weak roots 0.117ms
[482.384s][info][gc] GC(78) Concurrent cleanup 7000M->312M(8192M) 0.281ms
[482.384s][info][gc] GC(78) Concurrent class unloading 0.350ms
[482.384s][info][gc] GC(78) Rendezvous roots 0.026ms
[488.883s][info][gc] Trigger: Free (808M) is below minimum threshold (819M)
[488.884s][info][gc] GC(79) Concurrent reset 0.402ms
[488.884s][info][gc] GC(79) Pause Init Mark (unload classes) 0.100ms
[488.894s][info][gc] GC(79) Concurrent marking (unload classes) 10.365ms
[488.895s][info][gc] GC(79) Pause Final Mark (unload classes) 0.201ms
[488.895s][info][gc] GC(79) Concurrent weak references 0.025ms
[488.895s][info][gc] GC(79) Concurrent weak roots 0.114ms
[488.895s][info][gc] GC(79) Concurrent cleanup 6992M->412M(8192M) 0.276ms
[488.896s][info][gc] GC(79) Concurrent class unloading 0.345ms
[488.896s][info][gc] GC(79) Rendezvous roots 0.026ms
[495.283s][info][gc] Trigger: Free (808M) is below minimum threshold (819M)
[495.284s][info][gc] GC(80) Concurrent reset 0.872ms
[495.284s][info][gc] GC(80) Pause Init Mark (unload classes) 0.111ms
[495.294s][info][gc] GC(80) Concurrent marking (unload classes) 10.061ms
[495.295s][info][gc] GC(80) Pause Final Mark (unload classes) 0.183ms
[495.295s][info][gc] GC(80) Concurrent weak references 0.024ms
[495.295s][info][gc] GC(80) Concurrent weak roots 0.123ms
[495.295s][info][gc] GC(80) Concurrent cleanup 6988M->412M(8192M) 0.276ms
[495.296s][info][gc] GC(80) Concurrent class unloading 0.361ms
[495.296s][info][gc] GC(80) Rendezvous roots 0.029ms
[501.684s][info][gc] Trigger: Free (808M) is below minimum threshold (819M)
[501.684s][info][gc] GC(81) Concurrent reset 0.488ms
[501.685s][info][gc] GC(81) Pause Init Mark (unload classes) 0.109ms
[501.695s][info][gc] GC(81) Concurrent marking (unload classes) 10.226ms
[501.695s][info][gc] GC(81) Pause Final Mark (unload classes) 0.206ms
[501.695s][info][gc] GC(81) Concurrent weak references 0.024ms
[501.696s][info][gc] GC(81) Concurrent weak roots 0.120ms
[501.696s][info][gc] GC(81) Concurrent cleanup 6988M->412M(8192M) 0.278ms
[501.696s][info][gc] GC(81) Concurrent class unloading 0.367ms
[501.696s][info][gc] GC(81) Rendezvous roots 0.027ms
[508.083s][info][gc] Trigger: Free (808M) is below minimum threshold (819M)
[508.084s][info][gc] GC(82) Concurrent reset 0.499ms
[508.084s][info][gc] GC(82) Pause Init Mark (unload classes) 0.099ms
[508.094s][info][gc] GC(82) Concurrent marking (unload classes) 10.295ms
[508.095s][info][gc] GC(82) Pause Final Mark (unload classes) 0.184ms
[508.095s][info][gc] GC(82) Concurrent weak references 0.023ms
[508.095s][info][gc] GC(82) Concurrent weak roots 0.117ms
[508.095s][info][gc] GC(82) Concurrent cleanup 6988M->412M(8192M) 0.276ms
[508.095s][info][gc] GC(82) Concurrent class unloading 0.362ms
[508.096s][info][gc] GC(82) Rendezvous roots 0.037ms
[514.484s][info][gc] Trigger: Free (808M) is below minimum threshold (819M)
[514.484s][info][gc] GC(83) Concurrent reset 0.390ms
[514.484s][info][gc] GC(83) Pause Init Mark (unload classes) 0.106ms
[514.494s][info][gc] GC(83) Concurrent marking (unload classes) 10.116ms
[514.495s][info][gc] GC(83) Pause Final Mark (unload classes) 0.186ms
[514.495s][info][gc] GC(83) Concurrent weak references 0.024ms
[514.495s][info][gc] GC(83) Concurrent weak roots 0.113ms
[514.495s][info][gc] GC(83) Concurrent cleanup 6988M->412M(8192M) 0.276ms
[514.496s][info][gc] GC(83) Concurrent class unloading 0.382ms
[514.496s][info][gc] GC(83) Rendezvous roots 0.022ms
[520.883s][info][gc] Trigger: Free (808M) is below minimum threshold (819M)
[520.884s][info][gc] GC(84) Concurrent reset 0.358ms
[520.884s][info][gc] GC(84) Pause Init Mark (unload classes) 0.092ms
[520.893s][info][gc] GC(84) Concurrent marking (unload classes) 9.651ms
[520.894s][info][gc] GC(84) Pause Final Mark (unload classes) 0.176ms
[520.894s][info][gc] GC(84) Concurrent weak references 0.031ms
[520.894s][info][gc] GC(84) Concurrent weak roots 0.116ms
[520.894s][info][gc] GC(84) Concurrent cleanup 6988M->412M(8192M) 0.277ms
[520.895s][info][gc] GC(84) Concurrent class unloading 0.333ms
[520.895s][info][gc] GC(84) Rendezvous roots 0.027ms
[527.284s][info][gc] Trigger: Free (808M) is below minimum threshold (819M)
[527.284s][info][gc] GC(85) Concurrent reset 0.485ms
[527.285s][info][gc] GC(85) Pause Init Mark (unload classes) 0.118ms
[527.295s][info][gc] GC(85) Concurrent marking (unload classes) 9.980ms
[527.295s][info][gc] GC(85) Pause Final Mark (unload classes) 0.173ms
[527.295s][info][gc] GC(85) Concurrent weak references 0.024ms
[527.295s][info][gc] GC(85) Concurrent weak roots 0.116ms
[527.295s][info][gc] GC(85) Concurrent cleanup 6988M->412M(8192M) 0.279ms
[527.296s][info][gc] GC(85) Concurrent class unloading 0.366ms
[527.296s][info][gc] GC(85) Rendezvous roots 0.028ms
[533.683s][info][gc] Trigger: Free (808M) is below minimum threshold (819M)
[533.683s][info][gc] GC(86) Concurrent reset 0.375ms
[533.684s][info][gc] GC(86) Pause Init Mark (unload classes) 0.108ms
[533.693s][info][gc] GC(86) Concurrent marking (unload classes) 9.815ms
[533.694s][info][gc] GC(86) Pause Final Mark (unload classes) 0.220ms
[533.694s][info][gc] GC(86) Concurrent weak references 0.029ms
[533.694s][info][gc] GC(86) Concurrent weak roots 0.117ms
[533.694s][info][gc] GC(86) Concurrent cleanup 6988M->412M(8192M) 0.269ms
[533.695s][info][gc] GC(86) Concurrent class unloading 0.343ms
[533.695s][info][gc] GC(86) Rendezvous roots 0.027ms
[540.084s][info][gc] Trigger: Free (808M) is below minimum threshold (819M)
[540.084s][info][gc] GC(87) Concurrent reset 0.375ms
[540.084s][info][gc] GC(87) Pause Init Mark (unload classes) 0.115ms
[540.095s][info][gc] GC(87) Concurrent marking (unload classes) 10.243ms
[540.095s][info][gc] GC(87) Pause Final Mark (unload classes) 0.253ms
[540.095s][info][gc] GC(87) Concurrent weak references 0.032ms
[540.095s][info][gc] GC(87) Concurrent weak roots 0.147ms
[540.096s][info][gc] GC(87) Concurrent cleanup 6988M->412M(8192M) 0.282ms
[540.096s][info][gc] GC(87) Concurrent class unloading 0.392ms
[540.096s][info][gc] GC(87) Rendezvous roots 0.043ms
[546.483s][info][gc] Trigger: Free (807M) is below minimum threshold (819M)
[546.484s][info][gc] GC(88) Concurrent reset 0.504ms
[546.484s][info][gc] GC(88) Pause Init Mark (unload classes) 0.114ms
[546.495s][info][gc] GC(88) Concurrent marking (unload classes) 10.364ms
[546.495s][info][gc] GC(88) Pause Final Mark (unload classes) 0.178ms
[546.495s][info][gc] GC(88) Concurrent weak references 0.019ms
[546.495s][info][gc] GC(88) Concurrent weak roots 0.127ms
[546.495s][info][gc] GC(88) Concurrent cleanup 6988M->512M(8192M) 0.274ms
[546.496s][info][gc] GC(88) Concurrent class unloading 0.358ms
[546.496s][info][gc] GC(88) Rendezvous roots 0.032ms
[552.792s][info][gc] Trigger: Free (812M) is below minimum threshold (819M)
[552.793s][info][gc] GC(89) Concurrent reset 1.147ms
[552.793s][info][gc] GC(89) Pause Init Mark (unload classes) 0.104ms
[552.804s][info][gc] GC(89) Concurrent marking (unload classes) 10.083ms
[552.804s][info][gc] GC(89) Pause Final Mark (unload classes) 0.198ms
[552.804s][info][gc] GC(89) Concurrent weak references 0.029ms
[552.804s][info][gc] GC(89) Concurrent weak roots 0.116ms
[552.804s][info][gc] GC(89) Concurrent cleanup 6992M->512M(8192M) 0.272ms
[552.805s][info][gc] GC(89) Concurrent class unloading 0.375ms
[552.805s][info][gc] GC(89) Rendezvous roots 0.022ms
[559.103s][info][gc] Trigger: Free (804M) is below minimum threshold (819M)
[559.104s][info][gc] GC(90) Concurrent reset 0.551ms
[559.104s][info][gc] GC(90) Pause Init Mark (unload classes) 0.105ms
[559.114s][info][gc] GC(90) Concurrent marking (unload classes) 10.143ms
[559.114s][info][gc] GC(90) Pause Final Mark (unload classes) 0.236ms
[559.114s][info][gc] GC(90) Concurrent weak references 0.024ms
[559.115s][info][gc] GC(90) Concurrent weak roots 0.113ms
[559.115s][info][gc] GC(90) Concurrent cleanup 6992M->512M(8192M) 0.267ms
[559.115s][info][gc] GC(90) Concurrent class unloading 0.358ms
[559.115s][info][gc] GC(90) Rendezvous roots 0.027ms
[565.411s][info][gc] Trigger: Free (804M) is below minimum threshold (819M)
[565.412s][info][gc] GC(91) Concurrent reset 0.479ms
[565.412s][info][gc] GC(91) Pause Init Mark (unload classes) 0.108ms
[565.423s][info][gc] GC(91) Concurrent marking (unload classes) 10.062ms
[565.423s][info][gc] GC(91) Pause Final Mark (unload classes) 0.234ms
[565.423s][info][gc] GC(91) Concurrent weak references 0.031ms
[565.423s][info][gc] GC(91) Concurrent weak roots 0.119ms
[565.423s][info][gc] GC(91) Concurrent cleanup 7000M->520M(8192M) 0.278ms
[565.424s][info][gc] GC(91) Concurrent class unloading 0.356ms
[565.424s][info][gc] GC(91) Rendezvous roots 0.021ms
[571.721s][info][gc] Trigger: Free (816M) is below minimum threshold (819M)
[571.722s][info][gc] GC(92) Concurrent reset 0.480ms
[571.722s][info][gc] GC(92) Pause Init Mark (unload classes) 0.118ms
[571.733s][info][gc] GC(92) Concurrent marking (unload classes) 10.395ms
[571.733s][info][gc] GC(92) Pause Final Mark (unload classes) 0.185ms
[571.733s][info][gc] GC(92) Concurrent weak references 0.036ms
[571.733s][info][gc] GC(92) Concurrent weak roots 0.146ms
[571.734s][info][gc] GC(92) Concurrent cleanup 6992M->512M(8192M) 0.274ms
[571.734s][info][gc] GC(92) Concurrent class unloading 0.334ms
[571.734s][info][gc] GC(92) Rendezvous roots 0.033ms
[578.033s][info][gc] Trigger: Free (804M) is below minimum threshold (819M)
[578.034s][info][gc] GC(93) Concurrent reset 0.491ms
[578.034s][info][gc] GC(93) Pause Init Mark (unload classes) 0.113ms
[578.044s][info][gc] GC(93) Concurrent marking (unload classes) 10.215ms
[578.044s][info][gc] GC(93) Pause Final Mark (unload classes) 0.189ms
[578.045s][info][gc] GC(93) Concurrent weak references 0.024ms
[578.045s][info][gc] GC(93) Concurrent weak roots 0.124ms
[578.045s][info][gc] GC(93) Concurrent cleanup 6992M->512M(8192M) 0.267ms
[578.045s][info][gc] GC(93) Concurrent class unloading 0.350ms
[578.045s][info][gc] GC(93) Rendezvous roots 0.028ms
[584.343s][info][gc] Trigger: Free (804M) is below minimum threshold (819M)
[584.343s][info][gc] GC(94) Concurrent reset 0.457ms
[584.343s][info][gc] GC(94) Pause Init Mark (unload classes) 0.108ms
[584.354s][info][gc] GC(94) Concurrent marking (unload classes) 10.321ms
[584.354s][info][gc] GC(94) Pause Final Mark (unload classes) 0.224ms
[584.354s][info][gc] GC(94) Concurrent weak references 0.024ms
[584.354s][info][gc] GC(94) Concurrent weak roots 0.126ms
[584.355s][info][gc] GC(94) Concurrent cleanup 6992M->512M(8192M) 0.274ms
[584.355s][info][gc] GC(94) Concurrent class unloading 0.360ms
[584.355s][info][gc] GC(94) Rendezvous roots 0.030ms
[590.652s][info][gc] Trigger: Free (804M) is below minimum threshold (819M)
[590.653s][info][gc] GC(95) Concurrent reset 0.457ms
[590.653s][info][gc] GC(95) Pause Init Mark (unload classes) 0.110ms
[590.663s][info][gc] GC(95) Concurrent marking (unload classes) 9.940ms
[590.663s][info][gc] GC(95) Pause Final Mark (unload classes) 0.173ms
[590.663s][info][gc] GC(95) Concurrent weak references 0.025ms
[590.663s][info][gc] GC(95) Concurrent weak roots 0.113ms
[590.664s][info][gc] GC(95) Concurrent cleanup 6992M->512M(8192M) 0.274ms
[590.664s][info][gc] GC(95) Concurrent class unloading 0.424ms
[590.664s][info][gc] GC(95) Rendezvous roots 0.025ms
[596.963s][info][gc] Trigger: Free (804M) is below minimum threshold (819M)
[596.963s][info][gc] GC(96) Concurrent reset 0.450ms
[596.964s][info][gc] GC(96) Pause Init Mark (unload classes) 0.110ms
[596.974s][info][gc] GC(96) Concurrent marking (unload classes) 10.145ms
[596.975s][info][gc] GC(96) Pause Final Mark (unload classes) 0.166ms
[596.975s][info][gc] GC(96) Concurrent weak references 0.037ms
[596.975s][info][gc] GC(96) Concurrent weak roots 0.125ms
[596.975s][info][gc] GC(96) Concurrent cleanup 6992M->512M(8192M) 0.272ms
[596.975s][info][gc] GC(96) Concurrent class unloading 0.359ms
[596.975s][info][gc] GC(96) Rendezvous roots 0.026ms
[603.271s][info][gc] Trigger: Free (816M) is below minimum threshold (819M)
[603.271s][info][gc] GC(97) Concurrent reset 0.549ms
[603.272s][info][gc] GC(97) Pause Init Mark (unload classes) 0.100ms
[603.282s][info][gc] GC(97) Concurrent marking (unload classes) 10.079ms
[603.282s][info][gc] GC(97) Pause Final Mark (unload classes) 0.250ms
[603.282s][info][gc] GC(97) Concurrent weak references 0.027ms
[603.283s][info][gc] GC(97) Concurrent weak roots 0.211ms
[603.283s][info][gc] GC(97) Concurrent cleanup 7008M->580M(8192M) 0.494ms
[603.284s][info][gc] GC(97) Concurrent class unloading 0.398ms
[603.284s][info][gc] GC(97) Rendezvous roots 0.045ms
[609.513s][info][gc] Trigger: Free (815M) is below minimum threshold (819M)
[609.513s][info][gc] GC(98) Concurrent reset 0.845ms
[609.514s][info][gc] GC(98) Pause Init Mark (unload classes) 0.116ms
[609.524s][info][gc] GC(98) Concurrent marking (unload classes) 10.112ms
[609.524s][info][gc] GC(98) Pause Final Mark (unload classes) 0.170ms
[609.524s][info][gc] GC(98) Concurrent weak references 0.025ms
[609.524s][info][gc] GC(98) Concurrent weak roots 0.113ms
[609.525s][info][gc] GC(98) Concurrent cleanup 6980M->600M(8192M) 0.273ms
[609.525s][info][gc] GC(98) Concurrent class unloading 0.368ms
[609.525s][info][gc] GC(98) Rendezvous roots 0.027ms
[615.731s][info][gc] Trigger: Free (812M) is below minimum threshold (819M)
[615.732s][info][gc] GC(99) Concurrent reset 0.627ms
[615.732s][info][gc] GC(99) Pause Init Mark (unload classes) 0.082ms
[615.742s][info][gc] GC(99) Concurrent marking (unload classes) 9.729ms
[615.742s][info][gc] GC(99) Pause Final Mark (unload classes) 0.186ms
[615.742s][info][gc] GC(99) Concurrent weak references 0.041ms
[615.743s][info][gc] GC(99) Concurrent weak roots 0.193ms
[615.743s][info][gc] GC(99) Concurrent cleanup 7000M->616M(8192M) 0.446ms
[615.743s][info][gc] GC(99) Concurrent class unloading 0.320ms
[615.744s][info][gc] GC(99) Rendezvous roots 0.026ms
[621.944s][info][gc] Trigger: Free (812M) is below minimum threshold (819M)
[621.945s][info][gc] GC(100) Concurrent reset 0.654ms
[621.945s][info][gc] GC(100) Pause Init Mark (unload classes) 0.103ms
[621.956s][info][gc] GC(100) Concurrent marking (unload classes) 10.279ms
[621.956s][info][gc] GC(100) Pause Final Mark (unload classes) 0.171ms
[621.956s][info][gc] GC(100) Concurrent weak references 0.024ms
[621.956s][info][gc] GC(100) Concurrent weak roots 0.116ms
[621.957s][info][gc] GC(100) Concurrent cleanup 6984M->604M(8192M) 0.272ms
[621.957s][info][gc] GC(100) Concurrent class unloading 0.327ms
[621.957s][info][gc] GC(100) Rendezvous roots 0.034ms
[628.161s][info][gc] Trigger: Free (808M) is below minimum threshold (819M)
[628.162s][info][gc] GC(101) Concurrent reset 0.690ms
[628.162s][info][gc] GC(101) Pause Init Mark (unload classes) 0.112ms
[628.173s][info][gc] GC(101) Concurrent marking (unload classes) 10.355ms
[628.173s][info][gc] GC(101) Pause Final Mark (unload classes) 0.219ms
[628.173s][info][gc] GC(101) Concurrent weak references 0.025ms
[628.173s][info][gc] GC(101) Concurrent weak roots 0.123ms
[628.174s][info][gc] GC(101) Concurrent cleanup 7000M->612M(8192M) 0.272ms
[628.174s][info][gc] GC(101) Concurrent class unloading 0.350ms
[628.174s][info][gc] GC(101) Rendezvous roots 0.022ms
[634.381s][info][gc] Trigger: Free (812M) is below minimum threshold (819M)
[634.382s][info][gc] GC(102) Concurrent reset 0.622ms
[634.382s][info][gc] GC(102) Pause Init Mark (unload classes) 0.229ms
[634.393s][info][gc] GC(102) Concurrent marking (unload classes) 10.253ms
[634.393s][info][gc] GC(102) Pause Final Mark (unload classes) 0.321ms
[634.393s][info][gc] GC(102) Concurrent weak references 0.027ms
[634.393s][info][gc] GC(102) Concurrent weak roots 0.112ms
[634.394s][info][gc] GC(102) Concurrent cleanup 6996M->612M(8192M) 0.272ms
[634.394s][info][gc] GC(102) Concurrent class unloading 0.355ms
[634.394s][info][gc] GC(102) Rendezvous roots 0.031ms
[640.601s][info][gc] Trigger: Free (812M) is below minimum threshold (819M)
[640.602s][info][gc] GC(103) Concurrent reset 0.561ms
[640.602s][info][gc] GC(103) Pause Init Mark (unload classes) 0.116ms
[640.613s][info][gc] GC(103) Concurrent marking (unload classes) 10.825ms
[640.613s][info][gc] GC(103) Pause Final Mark (unload classes) 0.243ms
[640.613s][info][gc] GC(103) Concurrent weak references 0.024ms
[640.614s][info][gc] GC(103) Concurrent weak roots 0.116ms
[640.614s][info][gc] GC(103) Concurrent cleanup 6984M->600M(8192M) 0.265ms
[640.614s][info][gc] GC(103) Concurrent class unloading 0.353ms
[640.614s][info][gc] GC(103) Rendezvous roots 0.030ms
[646.822s][info][gc] Trigger: Free (812M) is below minimum threshold (819M)
[646.823s][info][gc] GC(104) Concurrent reset 0.634ms
[646.823s][info][gc] GC(104) Pause Init Mark (unload classes) 0.118ms
[646.834s][info][gc] GC(104) Concurrent marking (unload classes) 10.468ms
[646.834s][info][gc] GC(104) Pause Final Mark (unload classes) 0.240ms
[646.834s][info][gc] GC(104) Concurrent weak references 0.032ms
[646.835s][info][gc] GC(104) Concurrent weak roots 0.115ms
[646.835s][info][gc] GC(104) Concurrent cleanup 6984M->600M(8192M) 0.266ms
[646.835s][info][gc] GC(104) Concurrent class unloading 0.370ms
[646.835s][info][gc] GC(104) Rendezvous roots 0.026ms
[653.042s][info][gc] Trigger: Free (812M) is below minimum threshold (819M)
[653.043s][info][gc] GC(105) Concurrent reset 0.656ms
[653.044s][info][gc] GC(105) Pause Init Mark (unload classes) 0.151ms
[653.054s][info][gc] GC(105) Concurrent marking (unload classes) 10.413ms
[653.054s][info][gc] GC(105) Pause Final Mark (unload classes) 0.206ms
[653.054s][info][gc] GC(105) Concurrent weak references 0.020ms
[653.055s][info][gc] GC(105) Concurrent weak roots 0.152ms
[653.055s][info][gc] GC(105) Concurrent cleanup 6984M->600M(8192M) 0.272ms
[653.055s][info][gc] GC(105) Concurrent class unloading 0.347ms
[653.055s][info][gc] GC(105) Rendezvous roots 0.026ms
[659.262s][info][gc] Trigger: Free (812M) is below minimum threshold (819M)
[659.263s][info][gc] GC(106) Concurrent reset 0.642ms
[659.264s][info][gc] GC(106) Pause Init Mark (unload classes) 0.111ms
[659.274s][info][gc] GC(106) Concurrent marking (unload classes) 10.219ms
[659.274s][info][gc] GC(106) Pause Final Mark (unload classes) 0.212ms
[659.274s][info][gc] GC(106) Concurrent weak references 0.026ms
[659.274s][info][gc] GC(106) Concurrent weak roots 0.127ms
[659.275s][info][gc] GC(106) Concurrent cleanup 6984M->600M(8192M) 0.266ms
[659.275s][info][gc] GC(106) Concurrent class unloading 0.377ms
[659.275s][info][gc] GC(106) Rendezvous roots 0.026ms
[665.483s][info][gc] Trigger: Free (812M) is below minimum threshold (819M)
[665.483s][info][gc] GC(107) Concurrent reset 0.658ms
[665.484s][info][gc] GC(107) Pause Init Mark (unload classes) 0.191ms
[665.494s][info][gc] GC(107) Concurrent marking (unload classes) 10.543ms
[665.495s][info][gc] GC(107) Pause Final Mark (unload classes) 0.213ms
[665.495s][info][gc] GC(107) Concurrent weak references 0.025ms
[665.495s][info][gc] GC(107) Concurrent weak roots 0.122ms
[665.495s][info][gc] GC(107) Concurrent cleanup 6984M->696M(8192M) 0.270ms
[665.496s][info][gc] GC(107) Concurrent class unloading 0.354ms
[665.496s][info][gc] GC(107) Rendezvous roots 0.031ms
[671.603s][info][gc] Trigger: Free (812M) is below minimum threshold (819M)
[671.604s][info][gc] GC(108) Concurrent reset 1.108ms
[671.604s][info][gc] GC(108) Pause Init Mark (unload classes) 0.105ms
[671.615s][info][gc] GC(108) Concurrent marking (unload classes) 10.190ms
[671.615s][info][gc] GC(108) Pause Final Mark (unload classes) 0.365ms
[671.615s][info][gc] GC(108) Concurrent weak references 0.036ms
[671.615s][info][gc] GC(108) Concurrent weak roots 0.121ms
[671.616s][info][gc] GC(108) Concurrent cleanup 6984M->696M(8192M) 0.263ms
[671.616s][info][gc] GC(108) Concurrent class unloading 0.346ms
[671.616s][info][gc] GC(108) Rendezvous roots 0.027ms
[677.723s][info][gc] Trigger: Free (812M) is below minimum threshold (819M)
[677.723s][info][gc] GC(109) Concurrent reset 0.838ms
[677.724s][info][gc] GC(109) Pause Init Mark (unload classes) 0.205ms
[677.733s][info][gc] GC(109) Concurrent marking (unload classes) 8.966ms
[677.733s][info][gc] GC(109) Pause Final Mark (unload classes) 0.249ms
[677.733s][info][gc] GC(109) Concurrent weak references 0.019ms
[677.733s][info][gc] GC(109) Concurrent weak roots 0.114ms
[677.734s][info][gc] GC(109) Concurrent cleanup 6984M->696M(8192M) 0.201ms
[677.734s][info][gc] GC(109) Concurrent class unloading 0.286ms
[677.734s][info][gc] GC(109) Rendezvous roots 0.017ms
[683.843s][info][gc] Trigger: Free (812M) is below minimum threshold (819M)
[683.843s][info][gc] GC(110) Concurrent reset 0.521ms
[683.843s][info][gc] GC(110) Pause Init Mark (unload classes) 0.081ms
[683.852s][info][gc] GC(110) Concurrent marking (unload classes) 8.953ms
[683.853s][info][gc] GC(110) Pause Final Mark (unload classes) 0.164ms
[683.853s][info][gc] GC(110) Concurrent weak references 0.019ms
[683.853s][info][gc] GC(110) Concurrent weak roots 0.100ms
[683.853s][info][gc] GC(110) Concurrent cleanup 6984M->696M(8192M) 0.223ms
[683.853s][info][gc] GC(110) Concurrent class unloading 0.305ms
[683.853s][info][gc] GC(110) Rendezvous roots 0.017ms
[689.961s][info][gc] Trigger: Free (812M) is below minimum threshold (819M)
[689.962s][info][gc] GC(111) Concurrent reset 0.884ms
[689.963s][info][gc] GC(111) Pause Init Mark (unload classes) 0.170ms
[689.972s][info][gc] GC(111) Concurrent marking (unload classes) 9.187ms
[689.972s][info][gc] GC(111) Pause Final Mark (unload classes) 0.150ms
[689.972s][info][gc] GC(111) Concurrent weak references 0.018ms
[689.973s][info][gc] GC(111) Concurrent weak roots 0.173ms
[689.973s][info][gc] GC(111) Concurrent cleanup 6996M->708M(8192M) 0.305ms
[689.973s][info][gc] GC(111) Concurrent class unloading 0.327ms
[689.973s][info][gc] GC(111) Rendezvous roots 0.020ms
[696.082s][info][gc] Trigger: Free (816M) is below minimum threshold (819M)
[696.082s][info][gc] GC(112) Concurrent reset 0.791ms
[696.083s][info][gc] GC(112) Pause Init Mark (unload classes) 0.109ms
[696.092s][info][gc] GC(112) Concurrent marking (unload classes) 8.995ms
[696.092s][info][gc] GC(112) Pause Final Mark (unload classes) 0.132ms
[696.092s][info][gc] GC(112) Concurrent weak references 0.017ms
[696.092s][info][gc] GC(112) Concurrent weak roots 0.103ms
[696.093s][info][gc] GC(112) Concurrent cleanup 6984M->696M(8192M) 0.267ms
[696.093s][info][gc] GC(112) Concurrent class unloading 0.288ms
[696.093s][info][gc] GC(112) Rendezvous roots 0.026ms
[702.202s][info][gc] Trigger: Free (812M) is below minimum threshold (819M)
[702.203s][info][gc] GC(113) Concurrent reset 0.908ms
[702.203s][info][gc] GC(113) Pause Init Mark (unload classes) 0.160ms
[702.214s][info][gc] GC(113) Concurrent marking (unload classes) 10.339ms
[702.214s][info][gc] GC(113) Pause Final Mark (unload classes) 0.137ms
[702.214s][info][gc] GC(113) Concurrent weak references 0.022ms
[702.214s][info][gc] GC(113) Concurrent weak roots 0.101ms
[702.215s][info][gc] GC(113) Concurrent cleanup 6984M->696M(8192M) 0.229ms
[702.215s][info][gc] GC(113) Concurrent class unloading 0.333ms
[702.215s][info][gc] GC(113) Rendezvous roots 0.026ms
[708.323s][info][gc] Trigger: Free (812M) is below minimum threshold (819M)
[708.323s][info][gc] GC(114) Concurrent reset 0.708ms
[708.324s][info][gc] GC(114) Pause Init Mark (unload classes) 0.149ms
[708.333s][info][gc] GC(114) Concurrent marking (unload classes) 9.393ms
[708.333s][info][gc] GC(114) Pause Final Mark (unload classes) 0.187ms
[708.333s][info][gc] GC(114) Concurrent weak references 0.018ms
[708.334s][info][gc] GC(114) Concurrent weak roots 0.109ms
[708.334s][info][gc] GC(114) Concurrent cleanup 6984M->696M(8192M) 0.196ms
[708.334s][info][gc] GC(114) Concurrent class unloading 0.284ms
[708.334s][info][gc] GC(114) Rendezvous roots 0.016ms
[714.442s][info][gc] Trigger: Free (812M) is below minimum threshold (819M)
[714.442s][info][gc] GC(115) Concurrent reset 0.537ms
[714.443s][info][gc] GC(115) Pause Init Mark (unload classes) 0.168ms
[714.452s][info][gc] GC(115) Concurrent marking (unload classes) 9.103ms
[714.452s][info][gc] GC(115) Pause Final Mark (unload classes) 0.210ms
[714.452s][info][gc] GC(115) Concurrent weak references 0.020ms
[714.453s][info][gc] GC(115) Concurrent weak roots 0.164ms
[714.453s][info][gc] GC(115) Concurrent cleanup 7000M->712M(8192M) 0.363ms
[714.453s][info][gc] GC(115) Concurrent class unloading 0.395ms
[714.453s][info][gc] GC(115) Rendezvous roots 0.046ms
[720.561s][info][gc] Trigger: Free (812M) is below minimum threshold (819M)
[720.562s][info][gc] GC(116) Concurrent reset 0.523ms
[720.562s][info][gc] GC(116) Pause Init Mark (unload classes) 0.175ms
[720.572s][info][gc] GC(116) Concurrent marking (unload classes) 9.160ms
[720.572s][info][gc] GC(116) Pause Final Mark (unload classes) 0.136ms
[720.572s][info][gc] GC(116) Concurrent weak references 0.028ms
[720.572s][info][gc] GC(116) Concurrent weak roots 0.148ms
[720.572s][info][gc] GC(116) Concurrent cleanup 7000M->712M(8192M) 0.347ms
[720.573s][info][gc] GC(116) Concurrent class unloading 0.254ms
[720.573s][info][gc] GC(116) Rendezvous roots 0.029ms
[726.681s][info][gc] Trigger: Free (812M) is below minimum threshold (819M)
[726.682s][info][gc] GC(117) Concurrent reset 0.589ms
[726.682s][info][gc] GC(117) Pause Init Mark (unload classes) 0.197ms
[726.692s][info][gc] GC(117) Concurrent marking (unload classes) 9.835ms
[726.693s][info][gc] GC(117) Pause Final Mark (unload classes) 0.223ms
[726.693s][info][gc] GC(117) Concurrent weak references 0.017ms
[726.693s][info][gc] GC(117) Concurrent weak roots 0.104ms
[726.693s][info][gc] GC(117) Concurrent cleanup 6984M->804M(8192M) 0.199ms
[726.693s][info][gc] GC(117) Concurrent class unloading 0.309ms
[726.693s][info][gc] GC(117) Concurrent strong roots 0.024ms
[726.699s][info][gc] GC(117) Concurrent evacuation 5.465ms
[726.699s][info][gc] GC(117) Pause Init Update Refs 0.006ms
[726.705s][info][gc] GC(117) Concurrent update references 6.212ms
[726.706s][info][gc] GC(117) Concurrent update thread roots 0.365ms
[726.706s][info][gc] GC(117) Pause Final Update Refs 0.077ms
[726.706s][info][gc] GC(117) Concurrent cleanup 852M->184M(8192M) 0.133ms
[733.322s][info][gc] Trigger: Free (812M) is below minimum threshold (819M)
[733.322s][info][gc] GC(118) Concurrent reset 0.833ms
[733.323s][info][gc] GC(118) Pause Init Mark (unload classes) 0.177ms
[733.332s][info][gc] GC(118) Concurrent marking (unload classes) 9.367ms
[733.333s][info][gc] GC(118) Pause Final Mark (unload classes) 0.271ms
[733.333s][info][gc] GC(118) Concurrent weak references 0.017ms
[733.333s][info][gc] GC(118) Concurrent weak roots 0.140ms
[733.333s][info][gc] GC(118) Concurrent cleanup 6984M->196M(8192M) 0.198ms
[733.333s][info][gc] GC(118) Concurrent class unloading 0.313ms
[733.333s][info][gc] GC(118) Rendezvous roots 0.029ms
[739.932s][info][gc] Trigger: Free (816M) is below minimum threshold (819M)
[739.933s][info][gc] GC(119) Concurrent reset 0.556ms
[739.933s][info][gc] GC(119) Pause Init Mark (unload classes) 0.096ms
[739.943s][info][gc] GC(119) Concurrent marking (unload classes) 10.228ms
[739.944s][info][gc] GC(119) Pause Final Mark (unload classes) 0.191ms
[739.944s][info][gc] GC(119) Concurrent weak references 0.033ms
[739.944s][info][gc] GC(119) Concurrent weak roots 0.123ms
[739.944s][info][gc] GC(119) Concurrent cleanup 6980M->196M(8192M) 0.280ms
[739.945s][info][gc] GC(119) Concurrent class unloading 0.336ms
[739.945s][info][gc] GC(119) Rendezvous roots 0.022ms
[746.541s][info][gc] Trigger: Free (816M) is below minimum threshold (819M)
[746.541s][info][gc] GC(120) Concurrent reset 0.326ms
[746.542s][info][gc] GC(120) Pause Init Mark (unload classes) 0.129ms
[746.553s][info][gc] GC(120) Concurrent marking (unload classes) 10.511ms
[746.553s][info][gc] GC(120) Pause Final Mark (unload classes) 0.164ms
[746.553s][info][gc] GC(120) Concurrent weak references 0.035ms
[746.553s][info][gc] GC(120) Concurrent weak roots 0.108ms
[746.553s][info][gc] GC(120) Concurrent cleanup 6980M->196M(8192M) 0.273ms
[746.554s][info][gc] GC(120) Concurrent class unloading 0.344ms
[746.554s][info][gc] GC(120) Rendezvous roots 0.022ms
[753.152s][info][gc] Trigger: Free (816M) is below minimum threshold (819M)
[753.152s][info][gc] GC(121) Concurrent reset 0.269ms
[753.152s][info][gc] GC(121) Pause Init Mark (unload classes) 0.131ms
[753.163s][info][gc] GC(121) Concurrent marking (unload classes) 10.117ms
[753.163s][info][gc] GC(121) Pause Final Mark (unload classes) 0.199ms
[753.163s][info][gc] GC(121) Concurrent weak references 0.036ms
[753.163s][info][gc] GC(121) Concurrent weak roots 0.181ms
[753.164s][info][gc] GC(121) Concurrent cleanup 6996M->212M(8192M) 0.280ms
[753.164s][info][gc] GC(121) Concurrent class unloading 0.355ms
[753.164s][info][gc] GC(121) Rendezvous roots 0.038ms
[759.762s][info][gc] Trigger: Free (816M) is below minimum threshold (819M)
[759.762s][info][gc] GC(122) Concurrent reset 0.331ms
[759.763s][info][gc] GC(122) Pause Init Mark (unload classes) 0.150ms
[759.773s][info][gc] GC(122) Concurrent marking (unload classes) 10.137ms
[759.773s][info][gc] GC(122) Pause Final Mark (unload classes) 0.260ms
[759.773s][info][gc] GC(122) Concurrent weak references 0.025ms
[759.773s][info][gc] GC(122) Concurrent weak roots 0.113ms
[759.774s][info][gc] GC(122) Concurrent cleanup 6988M->204M(8192M) 0.279ms
[759.774s][info][gc] GC(122) Concurrent class unloading 0.355ms
[759.774s][info][gc] GC(122) Rendezvous roots 0.036ms
[766.372s][info][gc] Trigger: Free (816M) is below minimum threshold (819M)
[766.372s][info][gc] GC(123) Concurrent reset 0.318ms
[766.372s][info][gc] GC(123) Pause Init Mark (unload classes) 0.132ms
[766.383s][info][gc] GC(123) Concurrent marking (unload classes) 10.349ms
[766.383s][info][gc] GC(123) Pause Final Mark (unload classes) 0.255ms
[766.383s][info][gc] GC(123) Concurrent weak references 0.026ms
[766.383s][info][gc] GC(123) Concurrent weak roots 0.124ms
[766.384s][info][gc] GC(123) Concurrent cleanup 6980M->196M(8192M) 0.280ms
[766.384s][info][gc] GC(123) Concurrent class unloading 0.391ms
[766.384s][info][gc] GC(123) Rendezvous roots 0.025ms
[772.982s][info][gc] Trigger: Free (816M) is below minimum threshold (819M)
[772.982s][info][gc] GC(124) Concurrent reset 0.295ms
[772.982s][info][gc] GC(124) Pause Init Mark (unload classes) 0.134ms
[772.993s][info][gc] GC(124) Concurrent marking (unload classes) 10.369ms
[772.993s][info][gc] GC(124) Pause Final Mark (unload classes) 0.217ms
[772.993s][info][gc] GC(124) Concurrent weak references 0.030ms
[772.994s][info][gc] GC(124) Concurrent weak roots 0.156ms
[772.994s][info][gc] GC(124) Concurrent cleanup 6980M->196M(8192M) 0.280ms
[772.994s][info][gc] GC(124) Concurrent class unloading 0.348ms
[772.994s][info][gc] GC(124) Rendezvous roots 0.027ms
[779.592s][info][gc] Trigger: Free (816M) is below minimum threshold (819M)
[779.592s][info][gc] GC(125) Concurrent reset 0.300ms
[779.593s][info][gc] GC(125) Pause Init Mark (unload classes) 0.137ms
[779.603s][info][gc] GC(125) Concurrent marking (unload classes) 10.162ms
[779.603s][info][gc] GC(125) Pause Final Mark (unload classes) 0.175ms
[779.603s][info][gc] GC(125) Concurrent weak references 0.027ms
[779.603s][info][gc] GC(125) Concurrent weak roots 0.145ms
[779.604s][info][gc] GC(125) Concurrent cleanup 6980M->196M(8192M) 0.274ms
[779.604s][info][gc] GC(125) Concurrent class unloading 0.367ms
[779.604s][info][gc] GC(125) Rendezvous roots 0.029ms
[786.201s][info][gc] Trigger: Free (816M) is below minimum threshold (819M)
[786.202s][info][gc] GC(126) Concurrent reset 0.365ms
[786.202s][info][gc] GC(126) Pause Init Mark (unload classes) 0.146ms
[786.213s][info][gc] GC(126) Concurrent marking (unload classes) 10.982ms
[786.213s][info][gc] GC(126) Pause Final Mark (unload classes) 0.242ms
[786.214s][info][gc] GC(126) Concurrent weak references 0.022ms
[786.214s][info][gc] GC(126) Concurrent weak roots 0.106ms
[786.214s][info][gc] GC(126) Concurrent cleanup 6996M->324M(8192M) 0.271ms
[786.214s][info][gc] GC(126) Concurrent class unloading 0.359ms
[786.214s][info][gc] GC(126) Rendezvous roots 0.022ms
[792.683s][info][gc] Trigger: Free (816M) is below minimum threshold (819M)
[792.684s][info][gc] GC(127) Concurrent reset 0.749ms
[792.684s][info][gc] GC(127) Pause Init Mark (unload classes) 0.116ms
[792.695s][info][gc] GC(127) Concurrent marking (unload classes) 10.387ms
[792.695s][info][gc] GC(127) Pause Final Mark (unload classes) 0.176ms
[792.695s][info][gc] GC(127) Concurrent weak references 0.035ms
[792.695s][info][gc] GC(127) Concurrent weak roots 0.121ms
[792.696s][info][gc] GC(127) Concurrent cleanup 6980M->308M(8192M) 0.271ms
[792.696s][info][gc] GC(127) Concurrent class unloading 0.350ms
[792.696s][info][gc] GC(127) Rendezvous roots 0.026ms
[799.181s][info][gc] Trigger: Free (816M) is below minimum threshold (819M)
[799.182s][info][gc] GC(128) Concurrent reset 0.299ms
[799.182s][info][gc] GC(128) Pause Init Mark (unload classes) 0.193ms
[799.192s][info][gc] GC(128) Concurrent marking (unload classes) 10.262ms
[799.193s][info][gc] GC(128) Pause Final Mark (unload classes) 0.175ms
[799.193s][info][gc] GC(128) Concurrent weak references 0.034ms
[799.193s][info][gc] GC(128) Concurrent weak roots 0.128ms
[799.193s][info][gc] GC(128) Concurrent cleanup 6996M->324M(8192M) 0.271ms
[799.194s][info][gc] GC(128) Concurrent class unloading 0.364ms
[799.194s][info][gc] GC(128) Rendezvous roots 0.034ms
[805.681s][info][gc] Trigger: Free (816M) is below minimum threshold (819M)
[805.682s][info][gc] GC(129) Concurrent reset 0.404ms
[805.682s][info][gc] GC(129) Pause Init Mark (unload classes) 0.122ms
[805.692s][info][gc] GC(129) Concurrent marking (unload classes) 9.984ms
[805.692s][info][gc] GC(129) Pause Final Mark (unload classes) 0.188ms
[805.693s][info][gc] GC(129) Concurrent weak references 0.022ms
[805.693s][info][gc] GC(129) Concurrent weak roots 0.115ms
[805.693s][info][gc] GC(129) Concurrent cleanup 6988M->316M(8192M) 0.278ms
[805.693s][info][gc] GC(129) Concurrent class unloading 0.353ms
[805.693s][info][gc] GC(129) Rendezvous roots 0.032ms
[812.182s][info][gc] Trigger: Free (816M) is below minimum threshold (819M)
[812.183s][info][gc] GC(130) Concurrent reset 0.410ms
[812.183s][info][gc] GC(130) Pause Init Mark (unload classes) 0.152ms
[812.194s][info][gc] GC(130) Concurrent marking (unload classes) 10.268ms
[812.194s][info][gc] GC(130) Pause Final Mark (unload classes) 0.173ms
[812.194s][info][gc] GC(130) Concurrent weak references 0.024ms
[812.194s][info][gc] GC(130) Concurrent weak roots 0.122ms
[812.194s][info][gc] GC(130) Concurrent cleanup 6980M->308M(8192M) 0.278ms
[812.195s][info][gc] GC(130) Concurrent class unloading 0.359ms
[812.195s][info][gc] GC(130) Rendezvous roots 0.026ms
[818.683s][info][gc] Trigger: Free (816M) is below minimum threshold (819M)
[818.684s][info][gc] GC(131) Concurrent reset 0.293ms
[818.684s][info][gc] GC(131) Pause Init Mark (unload classes) 0.091ms
[818.694s][info][gc] GC(131) Concurrent marking (unload classes) 9.866ms
[818.694s][info][gc] GC(131) Pause Final Mark (unload classes) 0.246ms
[818.694s][info][gc] GC(131) Concurrent weak references 0.025ms
[818.694s][info][gc] GC(131) Concurrent weak roots 0.119ms
[818.695s][info][gc] GC(131) Concurrent cleanup 6980M->308M(8192M) 0.278ms
[818.695s][info][gc] GC(131) Concurrent class unloading 0.363ms
[818.695s][info][gc] GC(131) Rendezvous roots 0.026ms
[825.183s][info][gc] Trigger: Free (816M) is below minimum threshold (819M)
[825.183s][info][gc] GC(132) Concurrent reset 0.309ms
[825.183s][info][gc] GC(132) Pause Init Mark (unload classes) 0.101ms
[825.194s][info][gc] GC(132) Concurrent marking (unload classes) 10.208ms
[825.194s][info][gc] GC(132) Pause Final Mark (unload classes) 0.204ms
[825.194s][info][gc] GC(132) Concurrent weak references 0.020ms
[825.194s][info][gc] GC(132) Concurrent weak roots 0.116ms
[825.195s][info][gc] GC(132) Concurrent cleanup 6980M->308M(8192M) 0.278ms
[825.195s][info][gc] GC(132) Concurrent class unloading 0.362ms
[825.195s][info][gc] GC(132) Rendezvous roots 0.026ms
[831.683s][info][gc] Trigger: Free (816M) is below minimum threshold (819M)
[831.683s][info][gc] GC(133) Concurrent reset 0.339ms
[831.683s][info][gc] GC(133) Pause Init Mark (unload classes) 0.097ms
[831.694s][info][gc] GC(133) Concurrent marking (unload classes) 10.591ms
[831.694s][info][gc] GC(133) Pause Final Mark (unload classes) 0.169ms
[831.694s][info][gc] GC(133) Concurrent weak references 0.023ms
[831.695s][info][gc] GC(133) Concurrent weak roots 0.115ms
[831.695s][info][gc] GC(133) Concurrent cleanup 6980M->308M(8192M) 0.278ms
[831.695s][info][gc] GC(133) Concurrent class unloading 0.354ms
[831.695s][info][gc] GC(133) Rendezvous roots 0.026ms
[838.182s][info][gc] Trigger: Free (816M) is below minimum threshold (819M)
[838.183s][info][gc] GC(134) Concurrent reset 0.362ms
[838.183s][info][gc] GC(134) Pause Init Mark (unload classes) 0.103ms
[838.194s][info][gc] GC(134) Concurrent marking (unload classes) 10.376ms
[838.194s][info][gc] GC(134) Pause Final Mark (unload classes) 0.192ms
[838.194s][info][gc] GC(134) Concurrent weak references 0.061ms
[838.194s][info][gc] GC(134) Concurrent weak roots 0.140ms
[838.195s][info][gc] GC(134) Concurrent cleanup 6980M->308M(8192M) 0.278ms
[838.195s][info][gc] GC(134) Concurrent class unloading 0.363ms
[838.195s][info][gc] GC(134) Rendezvous roots 0.026ms
[844.683s][info][gc] Trigger: Free (816M) is below minimum threshold (819M)
[844.683s][info][gc] GC(135) Concurrent reset 0.376ms
[844.684s][info][gc] GC(135) Pause Init Mark (unload classes) 0.218ms
[844.694s][info][gc] GC(135) Concurrent marking (unload classes) 10.631ms
[844.695s][info][gc] GC(135) Pause Final Mark (unload classes) 0.235ms
[844.695s][info][gc] GC(135) Concurrent weak references 0.030ms
[844.695s][info][gc] GC(135) Concurrent weak roots 0.119ms
[844.695s][info][gc] GC(135) Concurrent cleanup 6980M->408M(8192M) 0.276ms
[844.696s][info][gc] GC(135) Concurrent class unloading 0.348ms
[844.696s][info][gc] GC(135) Rendezvous roots 0.028ms
[851.083s][info][gc] Trigger: Free (812M) is below minimum threshold (819M)
[851.084s][info][gc] GC(136) Concurrent reset 0.830ms
[851.084s][info][gc] GC(136) Pause Init Mark (unload classes) 0.113ms
[851.094s][info][gc] GC(136) Concurrent marking (unload classes) 10.388ms
[851.095s][info][gc] GC(136) Pause Final Mark (unload classes) 0.205ms
[851.095s][info][gc] GC(136) Concurrent weak references 0.024ms
[851.095s][info][gc] GC(136) Concurrent weak roots 0.113ms
[851.095s][info][gc] GC(136) Concurrent cleanup 6984M->408M(8192M) 0.269ms
[851.096s][info][gc] GC(136) Concurrent class unloading 0.360ms
[851.096s][info][gc] GC(136) Rendezvous roots 0.026ms
[857.483s][info][gc] Trigger: Free (812M) is below minimum threshold (819M)
[857.483s][info][gc] GC(137) Concurrent reset 0.380ms
[857.483s][info][gc] GC(137) Pause Init Mark (unload classes) 0.110ms
[857.494s][info][gc] GC(137) Concurrent marking (unload classes) 10.320ms
[857.494s][info][gc] GC(137) Pause Final Mark (unload classes) 0.189ms
[857.494s][info][gc] GC(137) Concurrent weak references 0.021ms
[857.494s][info][gc] GC(137) Concurrent weak roots 0.119ms
[857.495s][info][gc] GC(137) Concurrent cleanup 6984M->408M(8192M) 0.278ms
[857.495s][info][gc] GC(137) Concurrent class unloading 0.386ms
[857.495s][info][gc] GC(137) Rendezvous roots 0.023ms
[863.883s][info][gc] Trigger: Free (812M) is below minimum threshold (819M)
[863.884s][info][gc] GC(138) Concurrent reset 0.444ms
[863.884s][info][gc] GC(138) Pause Init Mark (unload classes) 0.123ms
[863.895s][info][gc] GC(138) Concurrent marking (unload classes) 10.276ms
[863.895s][info][gc] GC(138) Pause Final Mark (unload classes) 0.208ms
[863.895s][info][gc] GC(138) Concurrent weak references 0.023ms
[863.895s][info][gc] GC(138) Concurrent weak roots 0.166ms
[863.895s][info][gc] GC(138) Concurrent cleanup 6984M->408M(8192M) 0.273ms
[863.896s][info][gc] GC(138) Concurrent class unloading 0.399ms
[863.896s][info][gc] GC(138) Rendezvous roots 0.031ms
[870.284s][info][gc] Trigger: Free (812M) is below minimum threshold (819M)
[870.284s][info][gc] GC(139) Concurrent reset 0.481ms
[870.285s][info][gc] GC(139) Pause Init Mark (unload classes) 0.116ms
[870.295s][info][gc] GC(139) Concurrent marking (unload classes) 10.391ms
[870.295s][info][gc] GC(139) Pause Final Mark (unload classes) 0.192ms
[870.295s][info][gc] GC(139) Concurrent weak references 0.028ms
[870.296s][info][gc] GC(139) Concurrent weak roots 0.124ms
[870.296s][info][gc] GC(139) Concurrent cleanup 6984M->408M(8192M) 0.289ms
[870.296s][info][gc] GC(139) Concurrent class unloading 0.350ms
[870.296s][info][gc] GC(139) Rendezvous roots 0.027ms
[876.683s][info][gc] Trigger: Free (816M) is below minimum threshold (819M)
[876.684s][info][gc] GC(140) Concurrent reset 0.423ms
[876.684s][info][gc] GC(140) Pause Init Mark (unload classes) 0.107ms
[876.695s][info][gc] GC(140) Concurrent marking (unload classes) 10.421ms
[876.695s][info][gc] GC(140) Pause Final Mark (unload classes) 0.163ms
[876.695s][info][gc] GC(140) Concurrent weak references 0.024ms
[876.695s][info][gc] GC(140) Concurrent weak roots 0.114ms
[876.695s][info][gc] GC(140) Concurrent cleanup 6984M->408M(8192M) 0.276ms
[876.696s][info][gc] GC(140) Concurrent class unloading 0.343ms
[876.696s][info][gc] GC(140) Rendezvous roots 0.021ms
[883.082s][info][gc] Trigger: Free (812M) is below minimum threshold (819M)
[883.083s][info][gc] GC(141) Concurrent reset 0.380ms
[883.083s][info][gc] GC(141) Pause Init Mark (unload classes) 0.103ms
[883.093s][info][gc] GC(141) Concurrent marking (unload classes) 10.168ms
[883.093s][info][gc] GC(141) Pause Final Mark (unload classes) 0.170ms
[883.094s][info][gc] GC(141) Concurrent weak references 0.024ms
[883.094s][info][gc] GC(141) Concurrent weak roots 0.129ms
[883.094s][info][gc] GC(141) Concurrent cleanup 6984M->408M(8192M) 0.276ms
[883.094s][info][gc] GC(141) Concurrent class unloading 0.360ms
[883.094s][info][gc] GC(141) Rendezvous roots 0.023ms
[889.483s][info][gc] Trigger: Free (812M) is below minimum threshold (819M)
[889.483s][info][gc] GC(142) Concurrent reset 0.464ms
[889.484s][info][gc] GC(142) Pause Init Mark (unload classes) 0.228ms
[889.494s][info][gc] GC(142) Concurrent marking (unload classes) 10.278ms
[889.494s][info][gc] GC(142) Pause Final Mark (unload classes) 0.177ms
[889.495s][info][gc] GC(142) Concurrent weak references 0.036ms
[889.495s][info][gc] GC(142) Concurrent weak roots 0.132ms
[889.495s][info][gc] GC(142) Concurrent cleanup 6984M->408M(8192M) 0.277ms
[889.495s][info][gc] GC(142) Concurrent class unloading 0.358ms
[889.495s][info][gc] GC(142) Rendezvous roots 0.026ms
[895.884s][info][gc] Trigger: Free (812M) is below minimum threshold (819M)
[895.885s][info][gc] GC(143) Concurrent reset 0.438ms
[895.885s][info][gc] GC(143) Pause Init Mark (unload classes) 0.112ms
[895.895s][info][gc] GC(143) Concurrent marking (unload classes) 10.265ms
[895.896s][info][gc] GC(143) Pause Final Mark (unload classes) 0.189ms
[895.896s][info][gc] GC(143) Concurrent weak references 0.023ms
[895.896s][info][gc] GC(143) Concurrent weak roots 0.117ms
[895.896s][info][gc] GC(143) Concurrent cleanup 6984M->408M(8192M) 0.276ms
[895.897s][info][gc] GC(143) Concurrent class unloading 0.349ms
[895.897s][info][gc] GC(143) Rendezvous roots 0.035ms
[902.284s][info][gc] Trigger: Free (812M) is below minimum threshold (819M)
[902.284s][info][gc] GC(144) Concurrent reset 0.448ms
[902.284s][info][gc] GC(144) Pause Init Mark (unload classes) 0.129ms
[902.295s][info][gc] GC(144) Concurrent marking (unload classes) 10.534ms
[902.295s][info][gc] GC(144) Pause Final Mark (unload classes) 0.176ms
[902.295s][info][gc] GC(144) Concurrent weak references 0.037ms
[902.296s][info][gc] GC(144) Concurrent weak roots 0.123ms
[902.296s][info][gc] GC(144) Concurrent cleanup 6984M->420M(8192M) 0.276ms
[902.296s][info][gc] GC(144) Concurrent class unloading 0.344ms
[902.296s][info][gc] GC(144) Rendezvous roots 0.022ms
[908.673s][info][gc] Trigger: Free (815M) is below minimum threshold (819M)
[908.674s][info][gc] GC(145) Concurrent reset 0.503ms
[908.674s][info][gc] GC(145) Pause Init Mark (unload classes) 0.105ms
[908.685s][info][gc] GC(145) Concurrent marking (unload classes) 10.550ms
[908.685s][info][gc] GC(145) Pause Final Mark (unload classes) 0.171ms
[908.685s][info][gc] GC(145) Concurrent weak references 0.025ms
[908.685s][info][gc] GC(145) Concurrent weak roots 0.111ms
[908.685s][info][gc] GC(145) Concurrent cleanup 6980M->512M(8192M) 0.267ms
[908.686s][info][gc] GC(145) Concurrent class unloading 0.354ms
[908.686s][info][gc] GC(145) Rendezvous roots 0.027ms
[914.982s][info][gc] Trigger: Free (812M) is below minimum threshold (819M)
[914.983s][info][gc] GC(146) Concurrent reset 0.927ms
[914.984s][info][gc] GC(146) Pause Init Mark (unload classes) 0.182ms
[914.994s][info][gc] GC(146) Concurrent marking (unload classes) 10.353ms
[914.994s][info][gc] GC(146) Pause Final Mark (unload classes) 0.232ms
[914.995s][info][gc] GC(146) Concurrent weak references 0.024ms
[914.995s][info][gc] GC(146) Concurrent weak roots 0.128ms
[914.995s][info][gc] GC(146) Concurrent cleanup 6992M->512M(8192M) 0.268ms
[914.995s][info][gc] GC(146) Concurrent class unloading 0.373ms
[914.995s][info][gc] GC(146) Rendezvous roots 0.031ms
[921.294s][info][gc] Trigger: Free (804M) is below minimum threshold (819M)
[921.294s][info][gc] GC(147) Concurrent reset 0.491ms
[921.294s][info][gc] GC(147) Pause Init Mark (unload classes) 0.106ms
[921.305s][info][gc] GC(147) Concurrent marking (unload classes) 10.232ms
[921.305s][info][gc] GC(147) Pause Final Mark (unload classes) 0.167ms
[921.305s][info][gc] GC(147) Concurrent weak references 0.024ms
[921.305s][info][gc] GC(147) Concurrent weak roots 0.118ms
[921.305s][info][gc] GC(147) Concurrent cleanup 6992M->512M(8192M) 0.274ms
[921.306s][info][gc] GC(147) Concurrent class unloading 0.349ms
[921.306s][info][gc] GC(147) Rendezvous roots 0.032ms
[927.601s][info][gc] Trigger: Free (812M) is below minimum threshold (819M)
[927.602s][info][gc] GC(148) Concurrent reset 0.541ms
[927.602s][info][gc] GC(148) Pause Init Mark (unload classes) 0.139ms
[927.613s][info][gc] GC(148) Concurrent marking (unload classes) 10.443ms
[927.613s][info][gc] GC(148) Pause Final Mark (unload classes) 0.228ms
[927.613s][info][gc] GC(148) Concurrent weak references 0.027ms
[927.613s][info][gc] GC(148) Concurrent weak roots 0.156ms
[927.614s][info][gc] GC(148) Concurrent cleanup 6992M->520M(8192M) 0.274ms
[927.614s][info][gc] GC(148) Concurrent class unloading 0.418ms
[927.614s][info][gc] GC(148) Rendezvous roots 0.023ms
[933.893s][info][gc] Trigger: Free (812M) is below minimum threshold (819M)
[933.894s][info][gc] GC(149) Concurrent reset 0.553ms
[933.894s][info][gc] GC(149) Pause Init Mark (unload classes) 0.107ms
[933.905s][info][gc] GC(149) Concurrent marking (unload classes) 10.349ms
[933.905s][info][gc] GC(149) Pause Final Mark (unload classes) 0.206ms
[933.905s][info][gc] GC(149) Concurrent weak references 0.036ms
[933.905s][info][gc] GC(149) Concurrent weak roots 0.130ms
[933.905s][info][gc] GC(149) Concurrent cleanup 6984M->524M(8192M) 0.279ms
[933.906s][info][gc] GC(149) Concurrent class unloading 0.327ms
[933.906s][info][gc] GC(149) Rendezvous roots 0.021ms
[940.184s][info][gc] Trigger: Free (808M) is below minimum threshold (819M)
[940.184s][info][gc] GC(150) Concurrent reset 0.447ms
[940.185s][info][gc] GC(150) Pause Init Mark (unload classes) 0.122ms
[940.195s][info][gc] GC(150) Concurrent marking (unload classes) 10.108ms
[940.195s][info][gc] GC(150) Pause Final Mark (unload classes) 0.205ms
[940.195s][info][gc] GC(150) Concurrent weak references 0.025ms
[940.195s][info][gc] GC(150) Concurrent weak roots 0.125ms
[940.196s][info][gc] GC(150) Concurrent cleanup 6988M->528M(8192M) 0.274ms
[940.196s][info][gc] GC(150) Concurrent class unloading 0.356ms
[940.196s][info][gc] GC(150) Rendezvous roots 0.036ms
[946.474s][info][gc] Trigger: Free (804M) is below minimum threshold (819M)
[946.474s][info][gc] GC(151) Concurrent reset 0.462ms
[946.475s][info][gc] GC(151) Pause Init Mark (unload classes) 0.115ms
[946.485s][info][gc] GC(151) Concurrent marking (unload classes) 10.179ms
[946.485s][info][gc] GC(151) Pause Final Mark (unload classes) 0.154ms
[946.485s][info][gc] GC(151) Concurrent weak references 0.025ms
[946.485s][info][gc] GC(151) Concurrent weak roots 0.157ms
[946.486s][info][gc] GC(151) Concurrent cleanup 6992M->528M(8192M) 0.274ms
[946.486s][info][gc] GC(151) Concurrent class unloading 0.347ms
[946.486s][info][gc] GC(151) Rendezvous roots 0.045ms
[952.764s][info][gc] Trigger: Free (804M) is below minimum threshold (819M)
[952.764s][info][gc] GC(152) Concurrent reset 0.585ms
[952.765s][info][gc] GC(152) Pause Init Mark (unload classes) 0.110ms
[952.775s][info][gc] GC(152) Concurrent marking (unload classes) 10.321ms
[952.775s][info][gc] GC(152) Pause Final Mark (unload classes) 0.266ms
[952.776s][info][gc] GC(152) Concurrent weak references 0.036ms
[952.776s][info][gc] GC(152) Concurrent weak roots 0.126ms
[952.776s][info][gc] GC(152) Concurrent cleanup 6992M->528M(8192M) 0.274ms
[952.776s][info][gc] GC(152) Concurrent class unloading 0.356ms
[952.776s][info][gc] GC(152) Rendezvous roots 0.025ms
[959.053s][info][gc] Trigger: Free (804M) is below minimum threshold (819M)
[959.054s][info][gc] GC(153) Concurrent reset 0.482ms
[959.054s][info][gc] GC(153) Pause Init Mark (unload classes) 0.090ms
[959.064s][info][gc] GC(153) Concurrent marking (unload classes) 9.953ms
[959.064s][info][gc] GC(153) Pause Final Mark (unload classes) 0.174ms
[959.064s][info][gc] GC(153) Concurrent weak references 0.022ms
[959.065s][info][gc] GC(153) Concurrent weak roots 0.113ms
[959.065s][info][gc] GC(153) Concurrent cleanup 6992M->528M(8192M) 0.261ms
[959.065s][info][gc] GC(153) Concurrent class unloading 0.356ms
[959.065s][info][gc] GC(153) Rendezvous roots 0.025ms
[965.343s][info][gc] Trigger: Free (804M) is below minimum threshold (819M)
[965.344s][info][gc] GC(154) Concurrent reset 0.438ms
[965.344s][info][gc] GC(154) Pause Init Mark (unload classes) 0.103ms
[965.355s][info][gc] GC(154) Concurrent marking (unload classes) 10.403ms
[965.355s][info][gc] GC(154) Pause Final Mark (unload classes) 0.182ms
[965.355s][info][gc] GC(154) Concurrent weak references 0.024ms
[965.355s][info][gc] GC(154) Concurrent weak roots 0.120ms
[965.355s][info][gc] GC(154) Concurrent cleanup 6992M->620M(8192M) 0.272ms
[965.356s][info][gc] GC(154) Concurrent class unloading 0.374ms
[965.356s][info][gc] GC(154) Rendezvous roots 0.040ms
[971.543s][info][gc] Trigger: Free (808M) is below minimum threshold (819M)
[971.544s][info][gc] GC(155) Concurrent reset 1.052ms
[971.544s][info][gc] GC(155) Pause Init Mark (unload classes) 0.103ms
[971.555s][info][gc] GC(155) Concurrent marking (unload classes) 10.264ms
[971.555s][info][gc] GC(155) Pause Final Mark (unload classes) 0.166ms
[971.555s][info][gc] GC(155) Concurrent weak references 0.021ms
[971.555s][info][gc] GC(155) Concurrent weak roots 0.103ms
[971.556s][info][gc] GC(155) Concurrent cleanup 6988M->604M(8192M) 0.264ms
[971.556s][info][gc] GC(155) Concurrent class unloading 0.347ms
[971.556s][info][gc] GC(155) Rendezvous roots 0.026ms
[977.762s][info][gc] Trigger: Free (808M) is below minimum threshold (819M)
[977.763s][info][gc] GC(156) Concurrent reset 0.642ms
[977.764s][info][gc] GC(156) Pause Init Mark (unload classes) 0.116ms
[977.774s][info][gc] GC(156) Concurrent marking (unload classes) 10.543ms
[977.774s][info][gc] GC(156) Pause Final Mark (unload classes) 0.223ms
[977.775s][info][gc] GC(156) Concurrent weak references 0.020ms
[977.775s][info][gc] GC(156) Concurrent weak roots 0.128ms
[977.775s][info][gc] GC(156) Concurrent cleanup 6988M->604M(8192M) 0.272ms
[977.775s][info][gc] GC(156) Concurrent class unloading 0.357ms
[977.775s][info][gc] GC(156) Rendezvous roots 0.025ms
[983.980s][info][gc] Trigger: Free (812M) is below minimum threshold (819M)
[983.981s][info][gc] GC(157) Concurrent reset 0.644ms
[983.981s][info][gc] GC(157) Pause Init Mark (unload classes) 0.135ms
[983.992s][info][gc] GC(157) Concurrent marking (unload classes) 10.632ms
[983.992s][info][gc] GC(157) Pause Final Mark (unload classes) 0.174ms
[983.993s][info][gc] GC(157) Concurrent weak references 0.022ms
[983.993s][info][gc] GC(157) Concurrent weak roots 0.116ms
[983.993s][info][gc] GC(157) Concurrent cleanup 6988M->608M(8192M) 0.272ms
[983.993s][info][gc] GC(157) Concurrent class unloading 0.353ms
[983.993s][info][gc] GC(157) Rendezvous roots 0.027ms
[990.201s][info][gc] Trigger: Free (812M) is below minimum threshold (819M)
[990.202s][info][gc] GC(158) Concurrent reset 0.653ms
[990.202s][info][gc] GC(158) Pause Init Mark (unload classes) 0.140ms
[990.213s][info][gc] GC(158) Concurrent marking (unload classes) 10.561ms
[990.213s][info][gc] GC(158) Pause Final Mark (unload classes) 0.210ms
[990.213s][info][gc] GC(158) Concurrent weak references 0.032ms
[990.214s][info][gc] GC(158) Concurrent weak roots 0.121ms
[990.214s][info][gc] GC(158) Concurrent cleanup 7000M->612M(8192M) 0.272ms
[990.214s][info][gc] GC(158) Concurrent class unloading 0.354ms
[990.214s][info][gc] GC(158) Rendezvous roots 0.025ms
[996.404s][info][gc] Trigger: Free (816M) is below minimum threshold (819M)
[996.405s][info][gc] GC(159) Concurrent reset 0.633ms
[996.405s][info][gc] GC(159) Pause Init Mark (unload classes) 0.101ms
[996.415s][info][gc] GC(159) Concurrent marking (unload classes) 10.306ms
[996.416s][info][gc] GC(159) Pause Final Mark (unload classes) 0.200ms
[996.416s][info][gc] GC(159) Concurrent weak references 0.021ms
[996.416s][info][gc] GC(159) Concurrent weak roots 0.124ms
[996.416s][info][gc] GC(159) Concurrent cleanup 6980M->604M(8192M) 0.272ms
[996.416s][info][gc] GC(159) Concurrent class unloading 0.362ms
[996.416s][info][gc] GC(159) Rendezvous roots 0.026ms
[1000.094s][info][gc] Cancelling GC: Stopping VM
