[2021-07-20T13:40:25.143+0000][0.001s][2302588][2302590][info] Min heap equals to max heap, disabling ShenandoahUncommit
[2021-07-20T13:40:25.147+0000][0.005s][2302588][2302590][debug] Minimum heap 8589934592  Initial heap 8589934592  Maximum heap 8589934592
[2021-07-20T13:40:25.147+0000][0.005s][2302588][2302590][debug] Minimum heap 8589934592  Initial heap 8589934592  Maximum heap 8589934592
[2021-07-20T13:40:25.147+0000][0.005s][2302588][2302590][info ] Heuristics ergonomically sets -XX:+ExplicitGCInvokesConcurrent
[2021-07-20T13:40:25.147+0000][0.005s][2302588][2302590][info ] Heuristics ergonomically sets -XX:+ShenandoahImplicitGCInvokesConcurrent
[2021-07-20T13:40:25.147+0000][0.005s][2302588][2302590][trace] Trying to allocate at address 0x0000000600000000 heap of size 0x200000000
[2021-07-20T13:40:25.545+0000][0.403s][2302588][2302590][info ] Using Shenandoah
[2021-07-20T13:40:25.545+0000][0.403s][2302588][2302590][info ] Heap address: 0x0000000600000000, size: 8192 MB, Compressed Oops mode: Zero based, Oop shift amount: 3
[2021-07-20T13:40:25.605+0000][0.463s][2302588][2302601][info ] Entering safepoint region: Deoptimize
[2021-07-20T13:40:25.605+0000][0.463s][2302588][2302601][info ] Leaving safepoint region
[2021-07-20T13:40:25.605+0000][0.463s][2302588][2302601][info ] Total time for which application threads were stopped: 0.0001025 seconds, Stopping threads took: 0.0000333 seconds
[2021-07-20T13:40:25.750+0000][0.607s][2302588][2302601][info ] Application time: 0.0767592 seconds
[2021-07-20T13:40:25.750+0000][0.608s][2302588][2302601][info ] Entering safepoint region: Deoptimize
[2021-07-20T13:40:25.750+0000][0.608s][2302588][2302601][info ] Leaving safepoint region
[2021-07-20T13:40:25.750+0000][0.608s][2302588][2302601][info ] Total time for which application threads were stopped: 0.0002134 seconds, Stopping threads took: 0.0000760 seconds
[2021-07-20T13:40:25.755+0000][0.613s][2302588][2302601][info ] Application time: 0.0048379 seconds
[2021-07-20T13:40:25.755+0000][0.613s][2302588][2302601][info ] Entering safepoint region: Deoptimize
[2021-07-20T13:40:25.755+0000][0.613s][2302588][2302601][info ] Leaving safepoint region
[2021-07-20T13:40:25.755+0000][0.613s][2302588][2302601][info ] Total time for which application threads were stopped: 0.0000802 seconds, Stopping threads took: 0.0000142 seconds
[2021-07-20T13:40:25.794+0000][0.652s][2302588][2302601][info ] Application time: 0.0389333 seconds
[2021-07-20T13:40:25.794+0000][0.652s][2302588][2302601][info ] Entering safepoint region: Deoptimize
[2021-07-20T13:40:25.794+0000][0.652s][2302588][2302601][info ] Leaving safepoint region
[2021-07-20T13:40:25.794+0000][0.652s][2302588][2302601][info ] Total time for which application threads were stopped: 0.0001027 seconds, Stopping threads took: 0.0000123 seconds
[2021-07-20T13:40:26.140+0000][0.998s][2302588][2302601][info ] Application time: 0.3461024 seconds
[2021-07-20T13:40:26.140+0000][0.998s][2302588][2302601][info ] Entering safepoint region: Deoptimize
[2021-07-20T13:40:26.140+0000][0.998s][2302588][2302601][info ] Leaving safepoint region
[2021-07-20T13:40:26.140+0000][0.998s][2302588][2302601][info ] Total time for which application threads were stopped: 0.0003263 seconds, Stopping threads took: 0.0000212 seconds
[2021-07-20T13:40:26.166+0000][1.024s][2302588][2302601][info ] Application time: 0.0259893 seconds
[2021-07-20T13:40:26.166+0000][1.024s][2302588][2302601][info ] Entering safepoint region: Deoptimize
[2021-07-20T13:40:26.166+0000][1.024s][2302588][2302601][info ] Leaving safepoint region
[2021-07-20T13:40:26.166+0000][1.024s][2302588][2302601][info ] Total time for which application threads were stopped: 0.0002046 seconds, Stopping threads took: 0.0000148 seconds
[2021-07-20T13:40:26.241+0000][1.099s][2302588][2302601][info ] Application time: 0.0748769 seconds
[2021-07-20T13:40:26.241+0000][1.099s][2302588][2302601][info ] Entering safepoint region: Deoptimize
[2021-07-20T13:40:26.242+0000][1.100s][2302588][2302601][info ] Leaving safepoint region
[2021-07-20T13:40:26.242+0000][1.100s][2302588][2302601][info ] Total time for which application threads were stopped: 0.0002769 seconds, Stopping threads took: 0.0000211 seconds
[2021-07-20T13:40:26.242+0000][1.100s][2302588][2302601][info ] Application time: 0.0006250 seconds
[2021-07-20T13:40:26.242+0000][1.100s][2302588][2302601][info ] Entering safepoint region: Deoptimize
[2021-07-20T13:40:26.242+0000][1.100s][2302588][2302601][info ] Leaving safepoint region
[2021-07-20T13:40:26.242+0000][1.100s][2302588][2302601][info ] Total time for which application threads were stopped: 0.0001058 seconds, Stopping threads took: 0.0000131 seconds
[2021-07-20T13:40:26.247+0000][1.105s][2302588][2302601][info ] Application time: 0.0048469 seconds
[2021-07-20T13:40:26.247+0000][1.105s][2302588][2302601][info ] Entering safepoint region: Deoptimize
[2021-07-20T13:40:26.247+0000][1.105s][2302588][2302601][info ] Leaving safepoint region
[2021-07-20T13:40:26.247+0000][1.105s][2302588][2302601][info ] Total time for which application threads were stopped: 0.0001263 seconds, Stopping threads took: 0.0000119 seconds
[2021-07-20T13:40:26.248+0000][1.105s][2302588][2302601][info ] Application time: 0.0001533 seconds
[2021-07-20T13:40:26.248+0000][1.105s][2302588][2302601][info ] Entering safepoint region: Deoptimize
[2021-07-20T13:40:26.248+0000][1.106s][2302588][2302601][info ] Leaving safepoint region
[2021-07-20T13:40:26.248+0000][1.106s][2302588][2302601][info ] Total time for which application threads were stopped: 0.0000916 seconds, Stopping threads took: 0.0000085 seconds
[2021-07-20T13:40:26.276+0000][1.134s][2302588][2302601][info ] Application time: 0.0281051 seconds
[2021-07-20T13:40:26.276+0000][1.134s][2302588][2302601][info ] Entering safepoint region: Deoptimize
[2021-07-20T13:40:26.276+0000][1.134s][2302588][2302601][info ] Leaving safepoint region
[2021-07-20T13:40:26.276+0000][1.134s][2302588][2302601][info ] Total time for which application threads were stopped: 0.0001990 seconds, Stopping threads took: 0.0000186 seconds
[2021-07-20T13:40:26.288+0000][1.146s][2302588][2302600][info ] Trigger: Metadata GC Threshold
[2021-07-20T13:40:26.288+0000][1.146s][2302588][2302600][info ] GC(0) Concurrent reset 0.188ms
[2021-07-20T13:40:26.289+0000][1.146s][2302588][2302601][info ] Application time: 0.0125609 seconds
[2021-07-20T13:40:26.289+0000][1.147s][2302588][2302601][info ] Entering safepoint region: ShenandoahInitMark
[2021-07-20T13:40:26.290+0000][1.148s][2302588][2302601][info ] GC(0) Pause Init Mark (process weakrefs) (unload classes) 0.730ms
[2021-07-20T13:40:26.290+0000][1.148s][2302588][2302601][info ] Leaving safepoint region
[2021-07-20T13:40:26.290+0000][1.148s][2302588][2302601][info ] Total time for which application threads were stopped: 0.0012004 seconds, Stopping threads took: 0.0003819 seconds
[2021-07-20T13:40:26.293+0000][1.151s][2302588][2302601][info ] Application time: 0.0029474 seconds
[2021-07-20T13:40:26.293+0000][1.151s][2302588][2302601][info ] Entering safepoint region: HandshakeFallback
[2021-07-20T13:40:26.293+0000][1.151s][2302588][2302601][info ] Leaving safepoint region
[2021-07-20T13:40:26.293+0000][1.151s][2302588][2302601][info ] Total time for which application threads were stopped: 0.0000805 seconds, Stopping threads took: 0.0000196 seconds
[2021-07-20T13:40:26.293+0000][1.151s][2302588][2302600][info ] GC(0) Concurrent marking (process weakrefs) (unload classes) 3.029ms
[2021-07-20T13:40:26.293+0000][1.151s][2302588][2302600][info ] GC(0) Concurrent precleaning 0.141ms
[2021-07-20T13:40:26.293+0000][1.151s][2302588][2302601][info ] Application time: 0.0002038 seconds
[2021-07-20T13:40:26.293+0000][1.151s][2302588][2302601][info ] Entering safepoint region: ShenandoahFinalMarkStartEvac
[2021-07-20T13:40:26.296+0000][1.154s][2302588][2302601][info ] GC(0) Pause Final Mark (process weakrefs) (unload classes) 3.240ms
[2021-07-20T13:40:26.296+0000][1.154s][2302588][2302601][info ] Leaving safepoint region
[2021-07-20T13:40:26.296+0000][1.154s][2302588][2302601][info ] Total time for which application threads were stopped: 0.0033380 seconds, Stopping threads took: 0.0000322 seconds
[2021-07-20T13:40:26.296+0000][1.154s][2302588][2302600][info ] GC(0) Concurrent cleanup 77M->77M(8192M) 0.030ms
[2021-07-20T13:40:26.299+0000][1.157s][2302588][2302600][info ] GC(0) Concurrent evacuation 2.376ms
[2021-07-20T13:40:26.299+0000][1.157s][2302588][2302601][info ] Application time: 0.0025730 seconds
[2021-07-20T13:40:26.299+0000][1.157s][2302588][2302601][info ] Entering safepoint region: ShenandoahInitUpdateRefs
[2021-07-20T13:40:26.299+0000][1.157s][2302588][2302601][info ] GC(0) Pause Init Update Refs 0.008ms
[2021-07-20T13:40:26.299+0000][1.157s][2302588][2302601][info ] Leaving safepoint region
[2021-07-20T13:40:26.299+0000][1.157s][2302588][2302601][info ] Total time for which application threads were stopped: 0.0001302 seconds, Stopping threads took: 0.0000608 seconds
[2021-07-20T13:40:26.302+0000][1.160s][2302588][2302601][info ] Application time: 0.0032749 seconds
[2021-07-20T13:40:26.302+0000][1.160s][2302588][2302601][info ] Entering safepoint region: Deoptimize
[2021-07-20T13:40:26.303+0000][1.161s][2302588][2302601][info ] Leaving safepoint region
[2021-07-20T13:40:26.303+0000][1.161s][2302588][2302601][info ] Total time for which application threads were stopped: 0.0002681 seconds, Stopping threads took: 0.0000193 seconds
[2021-07-20T13:40:26.303+0000][1.161s][2302588][2302600][info ] GC(0) Concurrent update references 3.917ms
[2021-07-20T13:40:26.303+0000][1.161s][2302588][2302601][info ] Application time: 0.0004170 seconds
[2021-07-20T13:40:26.303+0000][1.161s][2302588][2302601][info ] Entering safepoint region: ShenandoahFinalUpdateRefs
[2021-07-20T13:40:26.303+0000][1.161s][2302588][2302601][info ] GC(0) Pause Final Update Refs 0.170ms
[2021-07-20T13:40:26.303+0000][1.161s][2302588][2302601][info ] Leaving safepoint region
[2021-07-20T13:40:26.303+0000][1.161s][2302588][2302601][info ] Total time for which application threads were stopped: 0.0002619 seconds, Stopping threads took: 0.0000252 seconds
[2021-07-20T13:40:26.303+0000][1.161s][2302588][2302600][info ] GC(0) Concurrent cleanup 90M->18M(8192M) 0.045ms
[2021-07-20T13:40:26.365+0000][1.223s][2302588][2302601][info ] Application time: 0.0619374 seconds
[2021-07-20T13:40:26.365+0000][1.223s][2302588][2302601][info ] Entering safepoint region: Deoptimize
[2021-07-20T13:40:26.366+0000][1.224s][2302588][2302601][info ] Leaving safepoint region
[2021-07-20T13:40:26.366+0000][1.224s][2302588][2302601][info ] Total time for which application threads were stopped: 0.0003024 seconds, Stopping threads took: 0.0000215 seconds
[2021-07-20T13:40:26.622+0000][1.480s][2302588][2302601][info ] Application time: 0.2564126 seconds
[2021-07-20T13:40:26.622+0000][1.480s][2302588][2302601][info ] Entering safepoint region: Deoptimize
[2021-07-20T13:40:26.622+0000][1.480s][2302588][2302601][info ] Leaving safepoint region
[2021-07-20T13:40:26.622+0000][1.480s][2302588][2302601][info ] Total time for which application threads were stopped: 0.0003831 seconds, Stopping threads took: 0.0000235 seconds
[2021-07-20T13:40:26.662+0000][1.520s][2302588][2302601][info ] Application time: 0.0393379 seconds
[2021-07-20T13:40:26.662+0000][1.520s][2302588][2302601][info ] Entering safepoint region: Deoptimize
[2021-07-20T13:40:26.662+0000][1.520s][2302588][2302601][info ] Leaving safepoint region
[2021-07-20T13:40:26.662+0000][1.520s][2302588][2302601][info ] Total time for which application threads were stopped: 0.0003731 seconds, Stopping threads took: 0.0000685 seconds
[2021-07-20T13:40:26.670+0000][1.528s][2302588][2302601][info ] Application time: 0.0077360 seconds
[2021-07-20T13:40:26.670+0000][1.528s][2302588][2302601][info ] Entering safepoint region: Deoptimize
[2021-07-20T13:40:26.670+0000][1.528s][2302588][2302601][info ] Leaving safepoint region
[2021-07-20T13:40:26.670+0000][1.528s][2302588][2302601][info ] Total time for which application threads were stopped: 0.0002544 seconds, Stopping threads took: 0.0000154 seconds
[2021-07-20T13:40:26.734+0000][1.592s][2302588][2302601][info ] Application time: 0.0636321 seconds
[2021-07-20T13:40:26.734+0000][1.592s][2302588][2302601][info ] Entering safepoint region: Deoptimize
[2021-07-20T13:40:26.734+0000][1.592s][2302588][2302601][info ] Leaving safepoint region
[2021-07-20T13:40:26.734+0000][1.592s][2302588][2302601][info ] Total time for which application threads were stopped: 0.0003911 seconds, Stopping threads took: 0.0000212 seconds
[2021-07-20T13:40:26.980+0000][1.838s][2302588][2302600][info ] Trigger: Metadata GC Threshold
[2021-07-20T13:40:26.981+0000][1.839s][2302588][2302600][info ] GC(1) Concurrent reset 0.193ms
[2021-07-20T13:40:26.981+0000][1.839s][2302588][2302601][info ] Application time: 0.2463529 seconds
[2021-07-20T13:40:26.981+0000][1.839s][2302588][2302601][info ] Entering safepoint region: ShenandoahInitMark
[2021-07-20T13:40:26.981+0000][1.839s][2302588][2302601][info ] GC(1) Pause Init Mark (unload classes) 0.710ms
[2021-07-20T13:40:26.981+0000][1.839s][2302588][2302601][info ] Leaving safepoint region
[2021-07-20T13:40:26.982+0000][1.839s][2302588][2302601][info ] Total time for which application threads were stopped: 0.0008863 seconds, Stopping threads took: 0.0000614 seconds
[2021-07-20T13:40:26.986+0000][1.844s][2302588][2302601][info ] Application time: 0.0045398 seconds
[2021-07-20T13:40:26.986+0000][1.844s][2302588][2302601][info ] Entering safepoint region: HandshakeFallback
[2021-07-20T13:40:26.986+0000][1.844s][2302588][2302601][info ] Leaving safepoint region
[2021-07-20T13:40:26.986+0000][1.844s][2302588][2302601][info ] Total time for which application threads were stopped: 0.0001798 seconds, Stopping threads took: 0.0000935 seconds
[2021-07-20T13:40:26.986+0000][1.844s][2302588][2302601][info ] Application time: 0.0000721 seconds
[2021-07-20T13:40:26.986+0000][1.844s][2302588][2302601][info ] Entering safepoint region: HandshakeFallback
[2021-07-20T13:40:26.986+0000][1.844s][2302588][2302601][info ] Leaving safepoint region
[2021-07-20T13:40:26.986+0000][1.844s][2302588][2302601][info ] Total time for which application threads were stopped: 0.0000736 seconds, Stopping threads took: 0.0000240 seconds
[2021-07-20T13:40:26.986+0000][1.844s][2302588][2302600][info ] GC(1) Concurrent marking (unload classes) 4.937ms
[2021-07-20T13:40:26.986+0000][1.844s][2302588][2302601][info ] Application time: 0.0000407 seconds
[2021-07-20T13:40:26.987+0000][1.844s][2302588][2302601][info ] Entering safepoint region: ShenandoahFinalMarkStartEvac
[2021-07-20T13:40:26.990+0000][1.848s][2302588][2302601][info ] GC(1) Pause Final Mark (unload classes) 3.395ms
[2021-07-20T13:40:26.990+0000][1.848s][2302588][2302601][info ] Leaving safepoint region
[2021-07-20T13:40:26.990+0000][1.848s][2302588][2302601][info ] Total time for which application threads were stopped: 0.0035505 seconds, Stopping threads took: 0.0000426 seconds
[2021-07-20T13:40:26.990+0000][1.848s][2302588][2302600][info ] GC(1) Concurrent cleanup 115M->111M(8192M) 0.049ms
[2021-07-20T13:40:26.993+0000][1.851s][2302588][2302600][info ] GC(1) Concurrent evacuation 2.949ms
[2021-07-20T13:40:26.993+0000][1.851s][2302588][2302601][info ] Application time: 0.0030843 seconds
[2021-07-20T13:40:26.993+0000][1.851s][2302588][2302601][info ] Entering safepoint region: ShenandoahInitUpdateRefs
[2021-07-20T13:40:26.993+0000][1.851s][2302588][2302601][info ] GC(1) Pause Init Update Refs 0.008ms
[2021-07-20T13:40:26.993+0000][1.851s][2302588][2302601][info ] Leaving safepoint region
[2021-07-20T13:40:26.993+0000][1.851s][2302588][2302601][info ] Total time for which application threads were stopped: 0.0001672 seconds, Stopping threads took: 0.0000503 seconds
[2021-07-20T13:40:26.998+0000][1.856s][2302588][2302600][info ] GC(1) Concurrent update references 4.221ms
[2021-07-20T13:40:26.998+0000][1.856s][2302588][2302601][info ] Application time: 0.0042765 seconds
[2021-07-20T13:40:26.998+0000][1.856s][2302588][2302601][info ] Entering safepoint region: ShenandoahFinalUpdateRefs
[2021-07-20T13:40:26.998+0000][1.856s][2302588][2302601][info ] GC(1) Pause Final Update Refs 0.160ms
[2021-07-20T13:40:26.998+0000][1.856s][2302588][2302601][info ] Leaving safepoint region
[2021-07-20T13:40:26.998+0000][1.856s][2302588][2302601][info ] Total time for which application threads were stopped: 0.0003219 seconds, Stopping threads took: 0.0000536 seconds
[2021-07-20T13:40:26.998+0000][1.856s][2302588][2302600][info ] GC(1) Concurrent cleanup 124M->22M(8192M) 0.031ms
[2021-07-20T13:40:27.801+0000][2.659s][2302588][2302601][info ] Application time: 0.8031576 seconds
[2021-07-20T13:40:27.801+0000][2.659s][2302588][2302601][info ] Entering safepoint region: Deoptimize
[2021-07-20T13:40:27.802+0000][2.660s][2302588][2302601][info ] Leaving safepoint region
[2021-07-20T13:40:27.802+0000][2.660s][2302588][2302601][info ] Total time for which application threads were stopped: 0.0005324 seconds, Stopping threads took: 0.0000303 seconds
[2021-07-20T13:40:28.137+0000][2.995s][2302588][2302601][info ] Application time: 0.3353582 seconds
[2021-07-20T13:40:28.137+0000][2.995s][2302588][2302601][info ] Entering safepoint region: Deoptimize
[2021-07-20T13:40:28.138+0000][2.996s][2302588][2302601][info ] Leaving safepoint region
[2021-07-20T13:40:28.138+0000][2.996s][2302588][2302601][info ] Total time for which application threads were stopped: 0.0005583 seconds, Stopping threads took: 0.0000303 seconds
[2021-07-20T13:40:28.150+0000][3.008s][2302588][2302601][info ] Application time: 0.0122176 seconds
[2021-07-20T13:40:28.150+0000][3.008s][2302588][2302601][info ] Entering safepoint region: Deoptimize
[2021-07-20T13:40:28.150+0000][3.008s][2302588][2302601][info ] Leaving safepoint region
[2021-07-20T13:40:28.150+0000][3.008s][2302588][2302601][info ] Total time for which application threads were stopped: 0.0005073 seconds, Stopping threads took: 0.0000267 seconds
[2021-07-20T13:40:28.411+0000][3.269s][2302588][2302601][info ] Application time: 0.2610522 seconds
[2021-07-20T13:40:28.412+0000][3.269s][2302588][2302601][info ] Entering safepoint region: ICBufferFull
[2021-07-20T13:40:28.412+0000][3.270s][2302588][2302601][info ] Leaving safepoint region
[2021-07-20T13:40:28.412+0000][3.270s][2302588][2302601][info ] Total time for which application threads were stopped: 0.0002237 seconds, Stopping threads took: 0.0000459 seconds
[2021-07-20T13:40:28.494+0000][3.352s][2302588][2302601][info ] Application time: 0.0821005 seconds
[2021-07-20T13:40:28.494+0000][3.352s][2302588][2302601][info ] Entering safepoint region: ICBufferFull
[2021-07-20T13:40:28.494+0000][3.352s][2302588][2302601][info ] Leaving safepoint region
[2021-07-20T13:40:28.494+0000][3.352s][2302588][2302601][info ] Total time for which application threads were stopped: 0.0002323 seconds, Stopping threads took: 0.0000599 seconds
[2021-07-20T13:40:28.544+0000][3.402s][2302588][2302601][info ] Application time: 0.0497862 seconds
[2021-07-20T13:40:28.544+0000][3.402s][2302588][2302601][info ] Entering safepoint region: Deoptimize
[2021-07-20T13:40:28.545+0000][3.402s][2302588][2302601][info ] Leaving safepoint region
[2021-07-20T13:40:28.545+0000][3.403s][2302588][2302601][info ] Total time for which application threads were stopped: 0.0006530 seconds, Stopping threads took: 0.0000344 seconds
[2021-07-20T13:40:28.545+0000][3.403s][2302588][2302601][info ] Application time: 0.0004840 seconds
[2021-07-20T13:40:28.545+0000][3.403s][2302588][2302601][info ] Entering safepoint region: Deoptimize
[2021-07-20T13:40:28.545+0000][3.403s][2302588][2302601][info ] Leaving safepoint region
[2021-07-20T13:40:28.545+0000][3.403s][2302588][2302601][info ] Total time for which application threads were stopped: 0.0002262 seconds, Stopping threads took: 0.0000146 seconds
[2021-07-20T13:40:28.557+0000][3.415s][2302588][2302601][info ] Application time: 0.0120539 seconds
[2021-07-20T13:40:28.557+0000][3.415s][2302588][2302601][info ] Entering safepoint region: Deoptimize
[2021-07-20T13:40:28.558+0000][3.416s][2302588][2302601][info ] Leaving safepoint region
[2021-07-20T13:40:28.558+0000][3.416s][2302588][2302601][info ] Total time for which application threads were stopped: 0.0007117 seconds, Stopping threads took: 0.0000462 seconds
[2021-07-20T13:40:28.560+0000][3.418s][2302588][2302601][info ] Application time: 0.0018036 seconds
[2021-07-20T13:40:28.560+0000][3.418s][2302588][2302601][info ] Entering safepoint region: Deoptimize
[2021-07-20T13:40:28.560+0000][3.418s][2302588][2302601][info ] Leaving safepoint region
[2021-07-20T13:40:28.560+0000][3.418s][2302588][2302601][info ] Total time for which application threads were stopped: 0.0003755 seconds, Stopping threads took: 0.0000189 seconds
[2021-07-20T13:40:28.620+0000][3.478s][2302588][2302601][info ] Application time: 0.0598107 seconds
[2021-07-20T13:40:28.620+0000][3.478s][2302588][2302601][info ] Entering safepoint region: Deoptimize
[2021-07-20T13:40:28.621+0000][3.479s][2302588][2302601][info ] Leaving safepoint region
[2021-07-20T13:40:28.621+0000][3.479s][2302588][2302601][info ] Total time for which application threads were stopped: 0.0006630 seconds, Stopping threads took: 0.0000294 seconds
[2021-07-20T13:40:28.723+0000][3.581s][2302588][2302601][info ] Application time: 0.1023215 seconds
[2021-07-20T13:40:28.723+0000][3.581s][2302588][2302601][info ] Entering safepoint region: Deoptimize
[2021-07-20T13:40:28.724+0000][3.582s][2302588][2302601][info ] Leaving safepoint region
[2021-07-20T13:40:28.724+0000][3.582s][2302588][2302601][info ] Total time for which application threads were stopped: 0.0006687 seconds, Stopping threads took: 0.0000289 seconds
[2021-07-20T13:40:28.777+0000][3.635s][2302588][2302601][info ] Application time: 0.0528713 seconds
[2021-07-20T13:40:28.777+0000][3.635s][2302588][2302601][info ] Entering safepoint region: Deoptimize
[2021-07-20T13:40:28.777+0000][3.635s][2302588][2302601][info ] Leaving safepoint region
[2021-07-20T13:40:28.777+0000][3.635s][2302588][2302601][info ] Total time for which application threads were stopped: 0.0006426 seconds, Stopping threads took: 0.0000417 seconds
[2021-07-20T13:40:28.787+0000][3.645s][2302588][2302601][info ] Application time: 0.0098275 seconds
[2021-07-20T13:40:28.787+0000][3.645s][2302588][2302601][info ] Entering safepoint region: Deoptimize
[2021-07-20T13:40:28.787+0000][3.645s][2302588][2302601][info ] Leaving safepoint region
[2021-07-20T13:40:28.787+0000][3.645s][2302588][2302601][info ] Total time for which application threads were stopped: 0.0002622 seconds, Stopping threads took: 0.0000136 seconds
[2021-07-20T13:40:28.911+0000][3.769s][2302588][2302601][info ] Application time: 0.1237531 seconds
[2021-07-20T13:40:28.911+0000][3.769s][2302588][2302601][info ] Entering safepoint region: ICBufferFull
[2021-07-20T13:40:28.912+0000][3.769s][2302588][2302601][info ] Leaving safepoint region
[2021-07-20T13:40:28.912+0000][3.769s][2302588][2302601][info ] Total time for which application threads were stopped: 0.0002671 seconds, Stopping threads took: 0.0000425 seconds
[2021-07-20T13:40:29.912+0000][4.770s][2302588][2302601][info ] Application time: 1.0000665 seconds
[2021-07-20T13:40:29.912+0000][4.770s][2302588][2302601][info ] Entering safepoint region: Cleanup
[2021-07-20T13:40:29.912+0000][4.770s][2302588][2302601][info ] Leaving safepoint region
[2021-07-20T13:40:29.912+0000][4.770s][2302588][2302601][info ] Total time for which application threads were stopped: 0.0002542 seconds, Stopping threads took: 0.0000648 seconds
[2021-07-20T13:40:31.912+0000][6.770s][2302588][2302601][info ] Application time: 2.0001736 seconds
[2021-07-20T13:40:31.912+0000][6.770s][2302588][2302601][info ] Entering safepoint region: Cleanup
[2021-07-20T13:40:31.912+0000][6.770s][2302588][2302601][info ] Leaving safepoint region
[2021-07-20T13:40:31.912+0000][6.770s][2302588][2302601][info ] Total time for which application threads were stopped: 0.0002301 seconds, Stopping threads took: 0.0000387 seconds
[2021-07-20T13:40:32.912+0000][7.770s][2302588][2302601][info ] Application time: 1.0000970 seconds
[2021-07-20T13:40:32.913+0000][7.770s][2302588][2302601][info ] Entering safepoint region: Cleanup
[2021-07-20T13:40:32.913+0000][7.771s][2302588][2302601][info ] Leaving safepoint region
[2021-07-20T13:40:32.913+0000][7.771s][2302588][2302601][info ] Total time for which application threads were stopped: 0.0001528 seconds, Stopping threads took: 0.0000433 seconds
[2021-07-20T13:40:35.913+0000][10.771s][2302588][2302601][info ] Application time: 3.0002698 seconds
[2021-07-20T13:40:35.913+0000][10.771s][2302588][2302601][info ] Entering safepoint region: Cleanup
[2021-07-20T13:40:35.913+0000][10.771s][2302588][2302601][info ] Leaving safepoint region
[2021-07-20T13:40:35.913+0000][10.771s][2302588][2302601][info ] Total time for which application threads were stopped: 0.0002196 seconds, Stopping threads took: 0.0000527 seconds
[2021-07-20T13:40:37.913+0000][12.771s][2302588][2302601][info ] Application time: 2.0001838 seconds
[2021-07-20T13:40:37.913+0000][12.771s][2302588][2302601][info ] Entering safepoint region: Cleanup
[2021-07-20T13:40:37.914+0000][12.772s][2302588][2302601][info ] Leaving safepoint region
[2021-07-20T13:40:37.914+0000][12.772s][2302588][2302601][info ] Total time for which application threads were stopped: 0.0001518 seconds, Stopping threads took: 0.0000329 seconds
[2021-07-20T13:40:38.914+0000][13.772s][2302588][2302601][info ] Application time: 1.0001044 seconds
[2021-07-20T13:40:38.914+0000][13.772s][2302588][2302601][info ] Entering safepoint region: Cleanup
[2021-07-20T13:40:38.914+0000][13.772s][2302588][2302601][info ] Leaving safepoint region
[2021-07-20T13:40:38.914+0000][13.772s][2302588][2302601][info ] Total time for which application threads were stopped: 0.0002474 seconds, Stopping threads took: 0.0000731 seconds
[2021-07-20T13:40:39.914+0000][14.772s][2302588][2302601][info ] Application time: 1.0001010 seconds
[2021-07-20T13:40:39.914+0000][14.772s][2302588][2302601][info ] Entering safepoint region: Cleanup
[2021-07-20T13:40:39.914+0000][14.772s][2302588][2302601][info ] Leaving safepoint region
[2021-07-20T13:40:39.914+0000][14.772s][2302588][2302601][info ] Total time for which application threads were stopped: 0.0001306 seconds, Stopping threads took: 0.0000258 seconds
[2021-07-20T13:40:40.914+0000][15.772s][2302588][2302601][info ] Application time: 1.0000850 seconds
[2021-07-20T13:40:40.914+0000][15.772s][2302588][2302601][info ] Entering safepoint region: Cleanup
[2021-07-20T13:40:40.915+0000][15.772s][2302588][2302601][info ] Leaving safepoint region
[2021-07-20T13:40:40.915+0000][15.772s][2302588][2302601][info ] Total time for which application threads were stopped: 0.0001403 seconds, Stopping threads took: 0.0000272 seconds
[2021-07-20T13:40:49.915+0000][24.773s][2302588][2302601][info ] Application time: 9.0008363 seconds
[2021-07-20T13:40:49.915+0000][24.773s][2302588][2302601][info ] Entering safepoint region: Cleanup
[2021-07-20T13:40:49.916+0000][24.774s][2302588][2302601][info ] Leaving safepoint region
[2021-07-20T13:40:49.916+0000][24.774s][2302588][2302601][info ] Total time for which application threads were stopped: 0.0001814 seconds, Stopping threads took: 0.0000388 seconds
[2021-07-20T13:40:58.916+0000][33.774s][2302588][2302601][info ] Application time: 9.0008345 seconds
[2021-07-20T13:40:58.917+0000][33.774s][2302588][2302601][info ] Entering safepoint region: Cleanup
[2021-07-20T13:40:58.917+0000][33.775s][2302588][2302601][info ] Leaving safepoint region
[2021-07-20T13:40:58.917+0000][33.775s][2302588][2302601][info ] Total time for which application threads were stopped: 0.0002330 seconds, Stopping threads took: 0.0000809 seconds
[2021-07-20T13:40:59.130+0000][33.987s][2302588][2302601][info ] Application time: 0.2128130 seconds
[2021-07-20T13:40:59.130+0000][33.988s][2302588][2302601][info ] Entering safepoint region: ICBufferFull
[2021-07-20T13:40:59.130+0000][33.988s][2302588][2302601][info ] Leaving safepoint region
[2021-07-20T13:40:59.130+0000][33.988s][2302588][2302601][info ] Total time for which application threads were stopped: 0.0002599 seconds, Stopping threads took: 0.0000332 seconds
[2021-07-20T13:40:59.275+0000][34.133s][2302588][2302601][info ] Application time: 0.1452671 seconds
[2021-07-20T13:40:59.275+0000][34.133s][2302588][2302601][info ] Entering safepoint region: ICBufferFull
[2021-07-20T13:40:59.275+0000][34.133s][2302588][2302601][info ] Leaving safepoint region
[2021-07-20T13:40:59.275+0000][34.133s][2302588][2302601][info ] Total time for which application threads were stopped: 0.0003669 seconds, Stopping threads took: 0.0000493 seconds
[2021-07-20T13:40:59.355+0000][34.213s][2302588][2302601][info ] Application time: 0.0794577 seconds
[2021-07-20T13:40:59.355+0000][34.213s][2302588][2302601][info ] Entering safepoint region: Deoptimize
[2021-07-20T13:40:59.357+0000][34.215s][2302588][2302601][info ] Leaving safepoint region
[2021-07-20T13:40:59.357+0000][34.215s][2302588][2302601][info ] Total time for which application threads were stopped: 0.0016641 seconds, Stopping threads took: 0.0001139 seconds
[2021-07-20T13:40:59.362+0000][34.220s][2302588][2302601][info ] Application time: 0.0057748 seconds
[2021-07-20T13:40:59.362+0000][34.220s][2302588][2302601][info ] Entering safepoint region: Deoptimize
[2021-07-20T13:40:59.363+0000][34.221s][2302588][2302601][info ] Leaving safepoint region
[2021-07-20T13:40:59.363+0000][34.221s][2302588][2302601][info ] Total time for which application threads were stopped: 0.0007899 seconds, Stopping threads took: 0.0000540 seconds
[2021-07-20T13:41:00.363+0000][35.221s][2302588][2302601][info ] Application time: 1.0000859 seconds
[2021-07-20T13:41:00.363+0000][35.221s][2302588][2302601][info ] Entering safepoint region: Cleanup
[2021-07-20T13:41:00.364+0000][35.222s][2302588][2302601][info ] Leaving safepoint region
[2021-07-20T13:41:00.364+0000][35.222s][2302588][2302601][info ] Total time for which application threads were stopped: 0.0003089 seconds, Stopping threads took: 0.0000546 seconds
[2021-07-20T13:41:01.026+0000][35.884s][2302588][2302601][info ] Application time: 0.6622842 seconds
[2021-07-20T13:41:01.026+0000][35.884s][2302588][2302601][info ] Entering safepoint region: Deoptimize
[2021-07-20T13:41:01.027+0000][35.885s][2302588][2302601][info ] Leaving safepoint region
[2021-07-20T13:41:01.027+0000][35.885s][2302588][2302601][info ] Total time for which application threads were stopped: 0.0010826 seconds, Stopping threads took: 0.0000337 seconds
[2021-07-20T13:41:01.029+0000][35.887s][2302588][2302601][info ] Application time: 0.0023182 seconds
[2021-07-20T13:41:01.029+0000][35.887s][2302588][2302601][info ] Entering safepoint region: Deoptimize
[2021-07-20T13:41:01.030+0000][35.888s][2302588][2302601][info ] Leaving safepoint region
[2021-07-20T13:41:01.030+0000][35.888s][2302588][2302601][info ] Total time for which application threads were stopped: 0.0002922 seconds, Stopping threads took: 0.0000187 seconds
[2021-07-20T13:41:01.198+0000][36.056s][2302588][2302601][info ] Application time: 0.1680856 seconds
[2021-07-20T13:41:01.198+0000][36.056s][2302588][2302601][info ] Entering safepoint region: ICBufferFull
[2021-07-20T13:41:01.198+0000][36.056s][2302588][2302601][info ] Leaving safepoint region
[2021-07-20T13:41:01.198+0000][36.056s][2302588][2302601][info ] Total time for which application threads were stopped: 0.0003027 seconds, Stopping threads took: 0.0000486 seconds
[2021-07-20T13:41:01.295+0000][36.153s][2302588][2302601][info ] Application time: 0.0964666 seconds
[2021-07-20T13:41:01.295+0000][36.153s][2302588][2302601][info ] Entering safepoint region: ICBufferFull
[2021-07-20T13:41:01.295+0000][36.153s][2302588][2302601][info ] Leaving safepoint region
[2021-07-20T13:41:01.295+0000][36.153s][2302588][2302601][info ] Total time for which application threads were stopped: 0.0003608 seconds, Stopping threads took: 0.0000709 seconds
[2021-07-20T13:41:01.323+0000][36.181s][2302588][2302601][info ] Application time: 0.0276103 seconds
[2021-07-20T13:41:01.323+0000][36.181s][2302588][2302601][info ] Entering safepoint region: Deoptimize
[2021-07-20T13:41:01.324+0000][36.182s][2302588][2302601][info ] Leaving safepoint region
[2021-07-20T13:41:01.324+0000][36.182s][2302588][2302601][info ] Total time for which application threads were stopped: 0.0008746 seconds, Stopping threads took: 0.0000486 seconds
[2021-07-20T13:41:02.324+0000][37.182s][2302588][2302601][info ] Application time: 1.0000973 seconds
[2021-07-20T13:41:02.324+0000][37.182s][2302588][2302601][info ] Entering safepoint region: Cleanup
[2021-07-20T13:41:02.324+0000][37.182s][2302588][2302601][info ] Leaving safepoint region
[2021-07-20T13:41:02.324+0000][37.182s][2302588][2302601][info ] Total time for which application threads were stopped: 0.0003378 seconds, Stopping threads took: 0.0000728 seconds
[2021-07-20T13:41:03.324+0000][38.182s][2302588][2302601][info ] Application time: 1.0000970 seconds
[2021-07-20T13:41:03.324+0000][38.182s][2302588][2302601][info ] Entering safepoint region: Cleanup
[2021-07-20T13:41:03.325+0000][38.183s][2302588][2302601][info ] Leaving safepoint region
[2021-07-20T13:41:03.325+0000][38.183s][2302588][2302601][info ] Total time for which application threads were stopped: 0.0003929 seconds, Stopping threads took: 0.0000969 seconds
[2021-07-20T13:41:04.325+0000][39.183s][2302588][2302601][info ] Application time: 1.0000852 seconds
[2021-07-20T13:41:04.325+0000][39.183s][2302588][2302601][info ] Entering safepoint region: Cleanup
[2021-07-20T13:41:04.325+0000][39.183s][2302588][2302601][info ] Leaving safepoint region
[2021-07-20T13:41:04.325+0000][39.183s][2302588][2302601][info ] Total time for which application threads were stopped: 0.0001837 seconds, Stopping threads took: 0.0000321 seconds
[2021-07-20T13:41:04.486+0000][39.344s][2302588][2302601][info ] Application time: 0.1610190 seconds
[2021-07-20T13:41:04.486+0000][39.344s][2302588][2302601][info ] Entering safepoint region: Deoptimize
[2021-07-20T13:41:04.487+0000][39.345s][2302588][2302601][info ] Leaving safepoint region
[2021-07-20T13:41:04.487+0000][39.345s][2302588][2302601][info ] Total time for which application threads were stopped: 0.0010519 seconds, Stopping threads took: 0.0000464 seconds
[2021-07-20T13:41:04.492+0000][39.350s][2302588][2302601][info ] Application time: 0.0045478 seconds
[2021-07-20T13:41:04.492+0000][39.350s][2302588][2302601][info ] Entering safepoint region: Deoptimize
[2021-07-20T13:41:04.492+0000][39.350s][2302588][2302601][info ] Leaving safepoint region
[2021-07-20T13:41:04.492+0000][39.350s][2302588][2302601][info ] Total time for which application threads were stopped: 0.0004604 seconds, Stopping threads took: 0.0000229 seconds
[2021-07-20T13:41:04.752+0000][39.610s][2302588][2302601][info ] Application time: 0.2602818 seconds
[2021-07-20T13:41:04.752+0000][39.610s][2302588][2302601][info ] Entering safepoint region: Deoptimize
[2021-07-20T13:41:04.753+0000][39.611s][2302588][2302601][info ] Leaving safepoint region
[2021-07-20T13:41:04.753+0000][39.611s][2302588][2302601][info ] Total time for which application threads were stopped: 0.0010895 seconds, Stopping threads took: 0.0000634 seconds
[2021-07-20T13:41:05.023+0000][39.881s][2302588][2302601][info ] Application time: 0.2696295 seconds
[2021-07-20T13:41:05.023+0000][39.881s][2302588][2302601][info ] Entering safepoint region: ICBufferFull
[2021-07-20T13:41:05.024+0000][39.882s][2302588][2302601][info ] Leaving safepoint region
[2021-07-20T13:41:05.024+0000][39.882s][2302588][2302601][info ] Total time for which application threads were stopped: 0.0006042 seconds, Stopping threads took: 0.0002059 seconds
[2021-07-20T13:41:05.366+0000][40.224s][2302588][2302601][info ] Application time: 0.3427197 seconds
[2021-07-20T13:41:05.367+0000][40.225s][2302588][2302601][info ] Entering safepoint region: ICBufferFull
[2021-07-20T13:41:05.368+0000][40.226s][2302588][2302601][info ] Leaving safepoint region
[2021-07-20T13:41:05.368+0000][40.226s][2302588][2302601][info ] Total time for which application threads were stopped: 0.0013715 seconds, Stopping threads took: 0.0008205 seconds
[2021-07-20T13:41:05.401+0000][40.259s][2302588][2302601][info ] Application time: 0.0334187 seconds
[2021-07-20T13:41:05.401+0000][40.259s][2302588][2302601][info ] Entering safepoint region: ICBufferFull
[2021-07-20T13:41:05.402+0000][40.260s][2302588][2302601][info ] Leaving safepoint region
[2021-07-20T13:41:05.402+0000][40.260s][2302588][2302601][info ] Total time for which application threads were stopped: 0.0004866 seconds, Stopping threads took: 0.0001234 seconds
[2021-07-20T13:41:05.605+0000][40.463s][2302588][2302601][info ] Application time: 0.2035511 seconds
[2021-07-20T13:41:05.606+0000][40.464s][2302588][2302601][info ] Entering safepoint region: ICBufferFull
[2021-07-20T13:41:05.606+0000][40.464s][2302588][2302601][info ] Leaving safepoint region
[2021-07-20T13:41:05.606+0000][40.464s][2302588][2302601][info ] Total time for which application threads were stopped: 0.0006065 seconds, Stopping threads took: 0.0002241 seconds
[2021-07-20T13:41:06.382+0000][41.240s][2302588][2302601][info ] Application time: 0.7761619 seconds
[2021-07-20T13:41:06.382+0000][41.240s][2302588][2302601][info ] Entering safepoint region: ICBufferFull
[2021-07-20T13:41:06.383+0000][41.241s][2302588][2302601][info ] Leaving safepoint region
[2021-07-20T13:41:06.383+0000][41.241s][2302588][2302601][info ] Total time for which application threads were stopped: 0.0006865 seconds, Stopping threads took: 0.0001396 seconds
[2021-07-20T13:41:06.920+0000][41.778s][2302588][2302600][info ] Trigger: Learning 3 of 5. Free (5733M) is below initial threshold (5734M)
[2021-07-20T13:41:06.921+0000][41.779s][2302588][2302600][info ] GC(2) Concurrent reset 0.234ms
[2021-07-20T13:41:06.921+0000][41.779s][2302588][2302601][info ] Application time: 0.5377057 seconds
[2021-07-20T13:41:06.921+0000][41.779s][2302588][2302601][info ] Entering safepoint region: ShenandoahInitMark
[2021-07-20T13:41:06.923+0000][41.780s][2302588][2302601][info ] GC(2) Pause Init Mark 1.054ms
[2021-07-20T13:41:06.923+0000][41.781s][2302588][2302601][info ] Leaving safepoint region
[2021-07-20T13:41:06.923+0000][41.781s][2302588][2302601][info ] Total time for which application threads were stopped: 0.0018603 seconds, Stopping threads took: 0.0003631 seconds
[2021-07-20T13:41:07.095+0000][41.953s][2302588][2302601][info ] Application time: 0.1720653 seconds
[2021-07-20T13:41:07.095+0000][41.953s][2302588][2302601][info ] Entering safepoint region: HandshakeFallback
[2021-07-20T13:41:07.096+0000][41.954s][2302588][2302601][info ] Leaving safepoint region
[2021-07-20T13:41:07.096+0000][41.954s][2302588][2302601][info ] Total time for which application threads were stopped: 0.0018036 seconds, Stopping threads took: 0.0007547 seconds
[2021-07-20T13:41:07.100+0000][41.958s][2302588][2302601][info ] Application time: 0.0033108 seconds
[2021-07-20T13:41:07.100+0000][41.958s][2302588][2302601][info ] Entering safepoint region: HandshakeFallback
[2021-07-20T13:41:07.100+0000][41.958s][2302588][2302601][info ] Leaving safepoint region
[2021-07-20T13:41:07.100+0000][41.958s][2302588][2302601][info ] Total time for which application threads were stopped: 0.0006239 seconds, Stopping threads took: 0.0001954 seconds
[2021-07-20T13:41:07.100+0000][41.958s][2302588][2302600][info ] GC(2) Concurrent marking 177.896ms
[2021-07-20T13:41:07.101+0000][41.958s][2302588][2302601][info ] Application time: 0.0000644 seconds
[2021-07-20T13:41:07.101+0000][41.959s][2302588][2302601][info ] Entering safepoint region: ShenandoahFinalMarkStartEvac
[2021-07-20T13:41:07.103+0000][41.961s][2302588][2302601][info ] GC(2) Pause Final Mark 2.069ms
[2021-07-20T13:41:07.103+0000][41.961s][2302588][2302601][info ] Leaving safepoint region
[2021-07-20T13:41:07.103+0000][41.961s][2302588][2302601][info ] Total time for which application threads were stopped: 0.0024030 seconds, Stopping threads took: 0.0000895 seconds
[2021-07-20T13:41:07.103+0000][41.961s][2302588][2302600][info ] GC(2) Concurrent cleanup 2705M->2351M(8192M) 0.052ms
[2021-07-20T13:41:07.155+0000][42.013s][2302588][2302600][info ] GC(2) Concurrent evacuation 51.758ms
[2021-07-20T13:41:07.155+0000][42.013s][2302588][2302601][info ] Application time: 0.0519167 seconds
[2021-07-20T13:41:07.155+0000][42.013s][2302588][2302601][info ] Entering safepoint region: ShenandoahInitUpdateRefs
[2021-07-20T13:41:07.156+0000][42.014s][2302588][2302601][info ] GC(2) Pause Init Update Refs 0.038ms
[2021-07-20T13:41:07.156+0000][42.014s][2302588][2302601][info ] Leaving safepoint region
[2021-07-20T13:41:07.156+0000][42.014s][2302588][2302601][info ] Total time for which application threads were stopped: 0.0010188 seconds, Stopping threads took: 0.0005225 seconds
[2021-07-20T13:41:07.395+0000][42.253s][2302588][2302600][info ] GC(2) Concurrent update references 238.604ms
[2021-07-20T13:41:07.395+0000][42.253s][2302588][2302601][info ] Application time: 0.2386839 seconds
[2021-07-20T13:41:07.395+0000][42.253s][2302588][2302601][info ] Entering safepoint region: ShenandoahFinalUpdateRefs
[2021-07-20T13:41:07.396+0000][42.254s][2302588][2302601][info ] GC(2) Pause Final Update Refs 0.252ms
[2021-07-20T13:41:07.396+0000][42.254s][2302588][2302601][info ] Leaving safepoint region
[2021-07-20T13:41:07.396+0000][42.254s][2302588][2302601][info ] Total time for which application threads were stopped: 0.0010068 seconds, Stopping threads took: 0.0003156 seconds
[2021-07-20T13:41:07.396+0000][42.254s][2302588][2302600][info ] GC(2) Concurrent cleanup 3049M->1389M(8192M) 0.069ms
[2021-07-20T13:41:08.121+0000][42.979s][2302588][2302600][info ] Trigger: Learning 4 of 5. Free (5733M) is below initial threshold (5734M)
[2021-07-20T13:41:08.124+0000][42.982s][2302588][2302600][info ] GC(3) Concurrent reset 2.059ms
[2021-07-20T13:41:08.124+0000][42.982s][2302588][2302601][info ] Application time: 0.7280408 seconds
[2021-07-20T13:41:08.124+0000][42.982s][2302588][2302601][info ] Entering safepoint region: ShenandoahInitMark
[2021-07-20T13:41:08.126+0000][42.984s][2302588][2302601][info ] GC(3) Pause Init Mark 0.739ms
[2021-07-20T13:41:08.126+0000][42.984s][2302588][2302601][info ] Leaving safepoint region
[2021-07-20T13:41:08.126+0000][42.984s][2302588][2302601][info ] Total time for which application threads were stopped: 0.0020216 seconds, Stopping threads took: 0.0007941 seconds
[2021-07-20T13:41:08.290+0000][43.148s][2302588][2302601][info ] Application time: 0.1641896 seconds
[2021-07-20T13:41:08.290+0000][43.148s][2302588][2302601][info ] Entering safepoint region: HandshakeFallback
[2021-07-20T13:41:08.292+0000][43.150s][2302588][2302601][info ] Leaving safepoint region
[2021-07-20T13:41:08.292+0000][43.150s][2302588][2302601][info ] Total time for which application threads were stopped: 0.0017723 seconds, Stopping threads took: 0.0003681 seconds
[2021-07-20T13:41:08.368+0000][43.226s][2302588][2302601][info ] Application time: 0.0765253 seconds
[2021-07-20T13:41:08.369+0000][43.227s][2302588][2302601][info ] Entering safepoint region: HandshakeFallback
[2021-07-20T13:41:08.370+0000][43.228s][2302588][2302601][info ] Leaving safepoint region
[2021-07-20T13:41:08.370+0000][43.228s][2302588][2302601][info ] Total time for which application threads were stopped: 0.0021400 seconds, Stopping threads took: 0.0011460 seconds
[2021-07-20T13:41:08.372+0000][43.230s][2302588][2302601][info ] Application time: 0.0016793 seconds
[2021-07-20T13:41:08.372+0000][43.230s][2302588][2302601][info ] Entering safepoint region: HandshakeFallback
[2021-07-20T13:41:08.373+0000][43.231s][2302588][2302601][info ] Leaving safepoint region
[2021-07-20T13:41:08.373+0000][43.231s][2302588][2302601][info ] Total time for which application threads were stopped: 0.0005505 seconds, Stopping threads took: 0.0001295 seconds
[2021-07-20T13:41:08.373+0000][43.231s][2302588][2302600][info ] GC(3) Concurrent marking 247.017ms
[2021-07-20T13:41:08.373+0000][43.231s][2302588][2302601][info ] Application time: 0.0000663 seconds
[2021-07-20T13:41:08.373+0000][43.231s][2302588][2302601][info ] Entering safepoint region: ShenandoahFinalMarkStartEvac
[2021-07-20T13:41:08.375+0000][43.233s][2302588][2302601][info ] GC(3) Pause Final Mark 1.812ms
[2021-07-20T13:41:08.375+0000][43.233s][2302588][2302601][info ] Leaving safepoint region
[2021-07-20T13:41:08.375+0000][43.233s][2302588][2302601][info ] Total time for which application threads were stopped: 0.0021391 seconds, Stopping threads took: 0.0000791 seconds
[2021-07-20T13:41:08.375+0000][43.233s][2302588][2302600][info ] GC(3) Concurrent cleanup 2483M->2419M(8192M) 0.047ms
[2021-07-20T13:41:08.496+0000][43.354s][2302588][2302600][info ] GC(3) Concurrent evacuation 120.566ms
[2021-07-20T13:41:08.496+0000][43.354s][2302588][2302601][info ] Application time: 0.1207419 seconds
[2021-07-20T13:41:08.496+0000][43.354s][2302588][2302601][info ] Entering safepoint region: ShenandoahInitUpdateRefs
[2021-07-20T13:41:08.496+0000][43.354s][2302588][2302601][info ] GC(3) Pause Init Update Refs 0.068ms
[2021-07-20T13:41:08.496+0000][43.354s][2302588][2302601][info ] Leaving safepoint region
[2021-07-20T13:41:08.496+0000][43.354s][2302588][2302601][info ] Total time for which application threads were stopped: 0.0006150 seconds, Stopping threads took: 0.0001733 seconds
[2021-07-20T13:41:08.830+0000][43.688s][2302588][2302600][info ] GC(3) Concurrent update references 333.361ms
[2021-07-20T13:41:08.830+0000][43.688s][2302588][2302601][info ] Application time: 0.3334436 seconds
[2021-07-20T13:41:08.830+0000][43.688s][2302588][2302601][info ] Entering safepoint region: ShenandoahFinalUpdateRefs
[2021-07-20T13:41:08.831+0000][43.689s][2302588][2302601][info ] GC(3) Pause Final Update Refs 0.236ms
[2021-07-20T13:41:08.831+0000][43.689s][2302588][2302601][info ] Leaving safepoint region
[2021-07-20T13:41:08.831+0000][43.689s][2302588][2302601][info ] Total time for which application threads were stopped: 0.0008082 seconds, Stopping threads took: 0.0001910 seconds
[2021-07-20T13:41:08.831+0000][43.689s][2302588][2302600][info ] GC(3) Concurrent cleanup 3093M->1209M(8192M) 0.069ms
[2021-07-20T13:41:09.628+0000][44.486s][2302588][2302601][info ] Application time: 0.7970579 seconds
[2021-07-20T13:41:09.628+0000][44.486s][2302588][2302601][info ] Entering safepoint region: ICBufferFull
[2021-07-20T13:41:09.628+0000][44.486s][2302588][2302601][info ] Leaving safepoint region
[2021-07-20T13:41:09.629+0000][44.486s][2302588][2302601][info ] Total time for which application threads were stopped: 0.0007875 seconds, Stopping threads took: 0.0001823 seconds
[2021-07-20T13:41:09.650+0000][44.508s][2302588][2302601][info ] Application time: 0.0210117 seconds
[2021-07-20T13:41:09.650+0000][44.508s][2302588][2302601][info ] Entering safepoint region: Deoptimize
[2021-07-20T13:41:09.652+0000][44.510s][2302588][2302601][info ] Leaving safepoint region
[2021-07-20T13:41:09.652+0000][44.510s][2302588][2302601][info ] Total time for which application threads were stopped: 0.0023367 seconds, Stopping threads took: 0.0004320 seconds
[2021-07-20T13:41:09.734+0000][44.592s][2302588][2302600][info ] Trigger: Learning 5 of 5. Free (5731M) is below initial threshold (5734M)
[2021-07-20T13:41:09.736+0000][44.594s][2302588][2302600][info ] GC(4) Concurrent reset 1.618ms
[2021-07-20T13:41:09.736+0000][44.594s][2302588][2302601][info ] Application time: 0.0838965 seconds
[2021-07-20T13:41:09.736+0000][44.594s][2302588][2302601][info ] Entering safepoint region: ShenandoahInitMark
[2021-07-20T13:41:09.737+0000][44.595s][2302588][2302601][info ] GC(4) Pause Init Mark 0.757ms
[2021-07-20T13:41:09.737+0000][44.595s][2302588][2302601][info ] Leaving safepoint region
[2021-07-20T13:41:09.737+0000][44.595s][2302588][2302601][info ] Total time for which application threads were stopped: 0.0015584 seconds, Stopping threads took: 0.0003367 seconds
[2021-07-20T13:41:10.127+0000][44.985s][2302588][2302601][info ] Application time: 0.3895052 seconds
[2021-07-20T13:41:10.128+0000][44.986s][2302588][2302601][info ] Entering safepoint region: HandshakeFallback
[2021-07-20T13:41:10.130+0000][44.988s][2302588][2302601][info ] Leaving safepoint region
[2021-07-20T13:41:10.130+0000][44.988s][2302588][2302601][info ] Total time for which application threads were stopped: 0.0034560 seconds, Stopping threads took: 0.0014759 seconds
[2021-07-20T13:41:10.253+0000][45.111s][2302588][2302601][info ] Application time: 0.1226155 seconds
[2021-07-20T13:41:10.253+0000][45.111s][2302588][2302601][info ] Entering safepoint region: HandshakeFallback
[2021-07-20T13:41:10.254+0000][45.112s][2302588][2302601][info ] Leaving safepoint region
[2021-07-20T13:41:10.254+0000][45.112s][2302588][2302601][info ] Total time for which application threads were stopped: 0.0008996 seconds, Stopping threads took: 0.0002835 seconds
[2021-07-20T13:41:10.256+0000][45.114s][2302588][2302601][info ] Application time: 0.0021184 seconds
[2021-07-20T13:41:10.256+0000][45.114s][2302588][2302601][info ] Entering safepoint region: HandshakeFallback
[2021-07-20T13:41:10.257+0000][45.115s][2302588][2302601][info ] Leaving safepoint region
[2021-07-20T13:41:10.257+0000][45.115s][2302588][2302601][info ] Total time for which application threads were stopped: 0.0006008 seconds, Stopping threads took: 0.0001857 seconds
[2021-07-20T13:41:10.257+0000][45.115s][2302588][2302600][info ] GC(4) Concurrent marking 519.340ms
[2021-07-20T13:41:10.257+0000][45.115s][2302588][2302601][info ] Application time: 0.0000596 seconds
[2021-07-20T13:41:10.257+0000][45.115s][2302588][2302601][info ] Entering safepoint region: ShenandoahFinalMarkStartEvac
[2021-07-20T13:41:10.258+0000][45.116s][2302588][2302601][info ] GC(4) Pause Final Mark 1.039ms
[2021-07-20T13:41:10.258+0000][45.116s][2302588][2302601][info ] Leaving safepoint region
[2021-07-20T13:41:10.258+0000][45.116s][2302588][2302601][info ] Total time for which application threads were stopped: 0.0013676 seconds, Stopping threads took: 0.0000545 seconds
[2021-07-20T13:41:10.258+0000][45.116s][2302588][2302600][info ] GC(4) Concurrent cleanup 2707M->2687M(8192M) 0.043ms
[2021-07-20T13:41:10.459+0000][45.317s][2302588][2302600][info ] GC(4) Concurrent evacuation 200.661ms
[2021-07-20T13:41:10.459+0000][45.317s][2302588][2302601][info ] Application time: 0.2008179 seconds
[2021-07-20T13:41:10.459+0000][45.317s][2302588][2302601][info ] Entering safepoint region: ShenandoahInitUpdateRefs
[2021-07-20T13:41:10.460+0000][45.318s][2302588][2302601][info ] GC(4) Pause Init Update Refs 0.058ms
[2021-07-20T13:41:10.460+0000][45.318s][2302588][2302601][info ] Leaving safepoint region
[2021-07-20T13:41:10.460+0000][45.318s][2302588][2302601][info ] Total time for which application threads were stopped: 0.0007626 seconds, Stopping threads took: 0.0003339 seconds
[2021-07-20T13:41:11.125+0000][45.983s][2302588][2302600][info ] GC(4) Concurrent update references 665.455ms
[2021-07-20T13:41:11.125+0000][45.983s][2302588][2302601][info ] Application time: 0.6655416 seconds
[2021-07-20T13:41:11.126+0000][45.984s][2302588][2302601][info ] Entering safepoint region: ShenandoahFinalUpdateRefs
[2021-07-20T13:41:11.127+0000][45.985s][2302588][2302601][info ] GC(4) Pause Final Update Refs 0.251ms
[2021-07-20T13:41:11.127+0000][45.985s][2302588][2302601][info ] Leaving safepoint region
[2021-07-20T13:41:11.127+0000][45.985s][2302588][2302601][info ] Total time for which application threads were stopped: 0.0016381 seconds, Stopping threads took: 0.0009470 seconds
[2021-07-20T13:41:11.127+0000][45.985s][2302588][2302600][info ] GC(4) Concurrent cleanup 3742M->1923M(8192M) 0.072ms
[2021-07-20T13:41:12.127+0000][46.985s][2302588][2302601][info ] Application time: 1.0000719 seconds
[2021-07-20T13:41:12.127+0000][46.985s][2302588][2302601][info ] Entering safepoint region: Cleanup
[2021-07-20T13:41:12.128+0000][46.986s][2302588][2302601][info ] Leaving safepoint region
[2021-07-20T13:41:12.128+0000][46.986s][2302588][2302601][info ] Total time for which application threads were stopped: 0.0009313 seconds, Stopping threads took: 0.0002569 seconds
[2021-07-20T13:41:13.128+0000][47.986s][2302588][2302601][info ] Application time: 1.0000684 seconds
[2021-07-20T13:41:13.129+0000][47.987s][2302588][2302601][info ] Entering safepoint region: Cleanup
[2021-07-20T13:41:13.130+0000][47.988s][2302588][2302601][info ] Leaving safepoint region
[2021-07-20T13:41:13.130+0000][47.988s][2302588][2302601][info ] Total time for which application threads were stopped: 0.0015397 seconds, Stopping threads took: 0.0011877 seconds
[2021-07-20T13:41:14.130+0000][48.988s][2302588][2302601][info ] Application time: 1.0000568 seconds
[2021-07-20T13:41:14.132+0000][48.990s][2302588][2302601][info ] Entering safepoint region: Cleanup
[2021-07-20T13:41:14.133+0000][48.991s][2302588][2302601][info ] Leaving safepoint region
[2021-07-20T13:41:14.133+0000][48.991s][2302588][2302601][info ] Total time for which application threads were stopped: 0.0030004 seconds, Stopping threads took: 0.0025935 seconds
[2021-07-20T13:41:15.133+0000][49.991s][2302588][2302601][info ] Application time: 1.0001641 seconds
[2021-07-20T13:41:15.133+0000][49.991s][2302588][2302601][info ] Entering safepoint region: Cleanup
[2021-07-20T13:41:15.134+0000][49.992s][2302588][2302601][info ] Leaving safepoint region
[2021-07-20T13:41:15.134+0000][49.992s][2302588][2302601][info ] Total time for which application threads were stopped: 0.0005321 seconds, Stopping threads took: 0.0001440 seconds
[2021-07-20T13:41:15.438+0000][50.296s][2302588][2302600][info ] Trigger: Average GC time (522.07 ms) is above the time for allocation rate (1127 MB/s) to deplete free headroom (584M)
[2021-07-20T13:41:15.440+0000][50.298s][2302588][2302600][info ] GC(5) Concurrent reset 1.721ms
[2021-07-20T13:41:15.440+0000][50.298s][2302588][2302601][info ] Application time: 0.3066740 seconds
[2021-07-20T13:41:15.441+0000][50.299s][2302588][2302601][info ] Entering safepoint region: ShenandoahInitMark
[2021-07-20T13:41:15.443+0000][50.301s][2302588][2302601][info ] GC(5) Pause Init Mark (process weakrefs) 0.660ms
[2021-07-20T13:41:15.443+0000][50.301s][2302588][2302601][info ] Leaving safepoint region
[2021-07-20T13:41:15.443+0000][50.301s][2302588][2302601][info ] Total time for which application threads were stopped: 0.0022921 seconds, Stopping threads took: 0.0010989 seconds
[2021-07-20T13:41:16.332+0000][51.190s][2302588][2302898][info ] Failed to allocate TLAB, 1910K
[2021-07-20T13:41:16.332+0000][51.190s][2302588][2302898][info ] Cancelling GC: Allocation Failure
[2021-07-20T13:41:16.332+0000][51.190s][2302588][2302600][info ] GC(5) Concurrent marking (process weakrefs) 889.531ms
[2021-07-20T13:41:16.333+0000][51.191s][2302588][2302600][info ] Trigger: Handle Allocation Failure
[2021-07-20T13:41:16.333+0000][51.191s][2302588][2302601][info ] Application time: 0.8907229 seconds
[2021-07-20T13:41:16.334+0000][51.192s][2302588][2302601][info ] Entering safepoint region: ShenandoahDegeneratedGC
[2021-07-20T13:41:16.797+0000][51.655s][2302588][2302601][info ] GC(6) Pause Degenerated GC (Mark) 7769M->3286M(8192M) 462.869ms
[2021-07-20T13:41:16.797+0000][51.655s][2302588][2302601][info ] Leaving safepoint region
[2021-07-20T13:41:16.797+0000][51.655s][2302588][2302601][info ] Total time for which application threads were stopped: 0.4635363 seconds, Stopping threads took: 0.0002236 seconds
[2021-07-20T13:41:17.796+0000][52.654s][2302588][2302601][info ] Application time: 0.9986745 seconds
[2021-07-20T13:41:17.796+0000][52.654s][2302588][2302601][info ] Entering safepoint region: ICBufferFull
[2021-07-20T13:41:17.797+0000][52.655s][2302588][2302601][info ] Leaving safepoint region
[2021-07-20T13:41:17.797+0000][52.655s][2302588][2302601][info ] Total time for which application threads were stopped: 0.0012700 seconds, Stopping threads took: 0.0007419 seconds
[2021-07-20T13:41:18.687+0000][53.545s][2302588][2302600][info ] Trigger: Average GC time (522.07 ms) is above the time for allocation rate (1137 MB/s) to deplete free headroom (587M)
[2021-07-20T13:41:18.692+0000][53.550s][2302588][2302600][info ] GC(7) Concurrent reset 5.261ms
[2021-07-20T13:41:18.692+0000][53.550s][2302588][2302601][info ] Application time: 0.8955540 seconds
[2021-07-20T13:41:18.693+0000][53.551s][2302588][2302601][info ] Entering safepoint region: ShenandoahInitMark
[2021-07-20T13:41:18.694+0000][53.552s][2302588][2302601][info ] GC(7) Pause Init Mark 0.627ms
[2021-07-20T13:41:18.694+0000][53.552s][2302588][2302601][info ] Leaving safepoint region
[2021-07-20T13:41:18.694+0000][53.552s][2302588][2302601][info ] Total time for which application threads were stopped: 0.0019541 seconds, Stopping threads took: 0.0009131 seconds
[2021-07-20T13:41:19.153+0000][54.010s][2302588][2302601][info ] Application time: 0.4581028 seconds
[2021-07-20T13:41:19.153+0000][54.011s][2302588][2302601][info ] Entering safepoint region: ICBufferFull
[2021-07-20T13:41:19.154+0000][54.012s][2302588][2302601][info ] Leaving safepoint region
[2021-07-20T13:41:19.154+0000][54.012s][2302588][2302601][info ] Total time for which application threads were stopped: 0.0012776 seconds, Stopping threads took: 0.0008088 seconds
[2021-07-20T13:41:20.143+0000][55.001s][2302588][2302601][info ] Application time: 0.9892345 seconds
[2021-07-20T13:41:20.143+0000][55.001s][2302588][2302601][info ] Entering safepoint region: HandshakeFallback
[2021-07-20T13:41:20.144+0000][55.002s][2302588][2302601][info ] Leaving safepoint region
[2021-07-20T13:41:20.144+0000][55.002s][2302588][2302601][info ] Total time for which application threads were stopped: 0.0013429 seconds, Stopping threads took: 0.0002949 seconds
[2021-07-20T13:41:20.147+0000][55.005s][2302588][2302601][info ] Application time: 0.0024466 seconds
[2021-07-20T13:41:20.147+0000][55.005s][2302588][2302601][info ] Entering safepoint region: HandshakeFallback
[2021-07-20T13:41:20.147+0000][55.005s][2302588][2302601][info ] Leaving safepoint region
[2021-07-20T13:41:20.147+0000][55.005s][2302588][2302601][info ] Total time for which application threads were stopped: 0.0004555 seconds, Stopping threads took: 0.0001012 seconds
[2021-07-20T13:41:20.147+0000][55.005s][2302588][2302600][info ] GC(7) Concurrent marking 1452.994ms
[2021-07-20T13:41:20.147+0000][55.005s][2302588][2302601][info ] Application time: 0.0000450 seconds
[2021-07-20T13:41:20.148+0000][55.005s][2302588][2302601][info ] Entering safepoint region: ShenandoahFinalMarkStartEvac
[2021-07-20T13:41:20.149+0000][55.007s][2302588][2302601][info ] GC(7) Pause Final Mark 1.203ms
[2021-07-20T13:41:20.149+0000][55.007s][2302588][2302601][info ] Leaving safepoint region
[2021-07-20T13:41:20.149+0000][55.007s][2302588][2302601][info ] Total time for which application threads were stopped: 0.0014367 seconds, Stopping threads took: 0.0000504 seconds
[2021-07-20T13:41:20.149+0000][55.007s][2302588][2302600][info ] GC(7) Concurrent cleanup 7674M->7663M(8192M) 0.035ms
[2021-07-20T13:41:20.273+0000][55.131s][2302588][2302908][info ] Failed to allocate TLAB, 1348K
[2021-07-20T13:41:20.273+0000][55.131s][2302588][2302908][info ] Cancelling GC: Allocation Failure
[2021-07-20T13:41:20.275+0000][55.133s][2302588][2302600][info ] GC(7) Concurrent evacuation 126.212ms
[2021-07-20T13:41:20.276+0000][55.134s][2302588][2302600][info ] Trigger: Handle Allocation Failure
[2021-07-20T13:41:20.276+0000][55.134s][2302588][2302601][info ] Application time: 0.1275079 seconds
[2021-07-20T13:41:20.277+0000][55.135s][2302588][2302601][info ] Entering safepoint region: ShenandoahDegeneratedGC
[2021-07-20T13:41:20.623+0000][55.481s][2302588][2302601][info ] GC(8) Pause Degenerated GC (Evacuation) 7995M->4203M(8192M) 345.322ms
[2021-07-20T13:41:20.623+0000][55.481s][2302588][2302601][info ] Leaving safepoint region
[2021-07-20T13:41:20.623+0000][55.481s][2302588][2302601][info ] Total time for which application threads were stopped: 0.3467746 seconds, Stopping threads took: 0.0010118 seconds
[2021-07-20T13:41:21.188+0000][56.046s][2302588][2302600][info ] Trigger: Average GC time (522.07 ms) is above the time for allocation rate (1068 MB/s) to deplete free headroom (554M)
[2021-07-20T13:41:21.192+0000][56.050s][2302588][2302600][info ] GC(9) Concurrent reset 4.641ms
[2021-07-20T13:41:21.193+0000][56.051s][2302588][2302601][info ] Application time: 0.5693291 seconds
[2021-07-20T13:41:21.193+0000][56.051s][2302588][2302601][info ] Entering safepoint region: ShenandoahInitMark
[2021-07-20T13:41:21.194+0000][56.052s][2302588][2302601][info ] GC(9) Pause Init Mark 0.622ms
[2021-07-20T13:41:21.194+0000][56.052s][2302588][2302601][info ] Leaving safepoint region
[2021-07-20T13:41:21.194+0000][56.052s][2302588][2302601][info ] Total time for which application threads were stopped: 0.0018346 seconds, Stopping threads took: 0.0008284 seconds
[2021-07-20T13:41:22.194+0000][57.052s][2302588][2302601][info ] Application time: 1.0000712 seconds
[2021-07-20T13:41:22.201+0000][57.059s][2302588][2302601][info ] Entering safepoint region: Cleanup
[2021-07-20T13:41:22.201+0000][57.059s][2302588][2302601][info ] Leaving safepoint region
[2021-07-20T13:41:22.201+0000][57.059s][2302588][2302601][info ] Total time for which application threads were stopped: 0.0064967 seconds, Stopping threads took: 0.0060853 seconds
[2021-07-20T13:41:22.898+0000][57.756s][2302588][2302601][info ] Application time: 0.6971976 seconds
[2021-07-20T13:41:22.899+0000][57.757s][2302588][2302601][info ] Entering safepoint region: HandshakeFallback
[2021-07-20T13:41:22.900+0000][57.758s][2302588][2302601][info ] Leaving safepoint region
[2021-07-20T13:41:22.900+0000][57.758s][2302588][2302601][info ] Total time for which application threads were stopped: 0.0014463 seconds, Stopping threads took: 0.0002854 seconds
[2021-07-20T13:41:22.919+0000][57.776s][2302588][2302601][info ] Application time: 0.0187425 seconds
[2021-07-20T13:41:22.919+0000][57.777s][2302588][2302601][info ] Entering safepoint region: HandshakeFallback
[2021-07-20T13:41:22.919+0000][57.777s][2302588][2302601][info ] Leaving safepoint region
[2021-07-20T13:41:22.919+0000][57.777s][2302588][2302601][info ] Total time for which application threads were stopped: 0.0008257 seconds, Stopping threads took: 0.0003141 seconds
[2021-07-20T13:41:22.919+0000][57.777s][2302588][2302601][info ] Application time: 0.0001141 seconds
[2021-07-20T13:41:22.920+0000][57.778s][2302588][2302601][info ] Entering safepoint region: HandshakeFallback
[2021-07-20T13:41:22.920+0000][57.778s][2302588][2302601][info ] Leaving safepoint region
[2021-07-20T13:41:22.920+0000][57.778s][2302588][2302601][info ] Total time for which application threads were stopped: 0.0002480 seconds, Stopping threads took: 0.0000526 seconds
[2021-07-20T13:41:22.920+0000][57.778s][2302588][2302600][info ] GC(9) Concurrent marking 1725.342ms
[2021-07-20T13:41:22.920+0000][57.778s][2302588][2302601][info ] Application time: 0.0000490 seconds
[2021-07-20T13:41:22.920+0000][57.778s][2302588][2302601][info ] Entering safepoint region: ShenandoahFinalMarkStartEvac
[2021-07-20T13:41:22.921+0000][57.779s][2302588][2302601][info ] GC(9) Pause Final Mark 1.167ms
[2021-07-20T13:41:22.921+0000][57.779s][2302588][2302601][info ] Leaving safepoint region
[2021-07-20T13:41:22.921+0000][57.779s][2302588][2302601][info ] Total time for which application threads were stopped: 0.0014440 seconds, Stopping threads took: 0.0000611 seconds
[2021-07-20T13:41:22.921+0000][57.779s][2302588][2302600][info ] GC(9) Concurrent cleanup 7555M->7546M(8192M) 0.032ms
[2021-07-20T13:41:23.102+0000][57.960s][2302588][2302600][info ] GC(9) Concurrent evacuation 180.206ms
[2021-07-20T13:41:23.102+0000][57.960s][2302588][2302601][info ] Application time: 0.1803398 seconds
[2021-07-20T13:41:23.102+0000][57.960s][2302588][2302601][info ] Entering safepoint region: ShenandoahInitUpdateRefs
[2021-07-20T13:41:23.102+0000][57.960s][2302588][2302601][info ] GC(9) Pause Init Update Refs 0.037ms
[2021-07-20T13:41:23.102+0000][57.960s][2302588][2302601][info ] Leaving safepoint region
[2021-07-20T13:41:23.102+0000][57.960s][2302588][2302601][info ] Total time for which application threads were stopped: 0.0006627 seconds, Stopping threads took: 0.0002224 seconds
[2021-07-20T13:41:23.141+0000][57.999s][2302588][2303097][info ] Failed to allocate TLAB, 707K
[2021-07-20T13:41:23.141+0000][57.999s][2302588][2303097][info ] Cancelling GC: Allocation Failure
[2021-07-20T13:41:23.146+0000][58.004s][2302588][2302600][info ] GC(9) Concurrent update references 43.530ms
[2021-07-20T13:41:23.147+0000][58.005s][2302588][2302600][info ] Trigger: Handle Allocation Failure
[2021-07-20T13:41:23.147+0000][58.005s][2302588][2302601][info ] Application time: 0.0447906 seconds
[2021-07-20T13:41:23.147+0000][58.005s][2302588][2302601][info ] Entering safepoint region: ShenandoahDegeneratedGC
[2021-07-20T13:41:23.477+0000][58.335s][2302588][2302601][info ] GC(10) Pause Degenerated GC (Update Refs) 8137M->4609M(8192M) 329.100ms
[2021-07-20T13:41:23.477+0000][58.335s][2302588][2302601][info ] Leaving safepoint region
[2021-07-20T13:41:23.477+0000][58.335s][2302588][2302601][info ] Total time for which application threads were stopped: 0.3297912 seconds, Stopping threads took: 0.0002256 seconds
[2021-07-20T13:41:23.540+0000][58.398s][2302588][2302600][info ] Trigger: Average GC time (522.07 ms) is above the time for allocation rate (335 MB/s) to deplete free headroom (171M)
[2021-07-20T13:41:23.545+0000][58.403s][2302588][2302600][info ] GC(11) Concurrent reset 4.468ms
[2021-07-20T13:41:23.545+0000][58.403s][2302588][2302601][info ] Application time: 0.0680694 seconds
[2021-07-20T13:41:23.545+0000][58.403s][2302588][2302601][info ] Entering safepoint region: ShenandoahInitMark
[2021-07-20T13:41:23.546+0000][58.404s][2302588][2302601][info ] GC(11) Pause Init Mark 0.585ms
[2021-07-20T13:41:23.546+0000][58.404s][2302588][2302601][info ] Leaving safepoint region
[2021-07-20T13:41:23.546+0000][58.404s][2302588][2302601][info ] Total time for which application threads were stopped: 0.0011946 seconds, Stopping threads took: 0.0002450 seconds
[2021-07-20T13:41:24.546+0000][59.404s][2302588][2302601][info ] Application time: 1.0000519 seconds
[2021-07-20T13:41:24.547+0000][59.405s][2302588][2302601][info ] Entering safepoint region: Cleanup
[2021-07-20T13:41:24.547+0000][59.405s][2302588][2302601][info ] Leaving safepoint region
[2021-07-20T13:41:24.547+0000][59.405s][2302588][2302601][info ] Total time for which application threads were stopped: 0.0006776 seconds, Stopping threads took: 0.0003426 seconds
[2021-07-20T13:41:24.550+0000][59.408s][2302588][2302601][info ] Application time: 0.0034478 seconds
[2021-07-20T13:41:24.551+0000][59.409s][2302588][2302601][info ] Entering safepoint region: Deoptimize
[2021-07-20T13:41:24.552+0000][59.410s][2302588][2302601][info ] Leaving safepoint region
[2021-07-20T13:41:24.552+0000][59.410s][2302588][2302601][info ] Total time for which application threads were stopped: 0.0015329 seconds, Stopping threads took: 0.0001058 seconds
[2021-07-20T13:41:24.937+0000][59.795s][2302588][2302601][info ] Application time: 0.3848779 seconds
[2021-07-20T13:41:24.937+0000][59.795s][2302588][2302601][info ] Entering safepoint region: HandshakeFallback
[2021-07-20T13:41:24.939+0000][59.797s][2302588][2302601][info ] Leaving safepoint region
[2021-07-20T13:41:24.939+0000][59.797s][2302588][2302601][info ] Total time for which application threads were stopped: 0.0017422 seconds, Stopping threads took: 0.0001295 seconds
[2021-07-20T13:41:24.964+0000][59.822s][2302588][2302601][info ] Application time: 0.0257321 seconds
[2021-07-20T13:41:24.965+0000][59.822s][2302588][2302601][info ] Entering safepoint region: HandshakeFallback
[2021-07-20T13:41:24.965+0000][59.823s][2302588][2302601][info ] Leaving safepoint region
[2021-07-20T13:41:24.965+0000][59.823s][2302588][2302601][info ] Total time for which application threads were stopped: 0.0006551 seconds, Stopping threads took: 0.0001246 seconds
[2021-07-20T13:41:24.965+0000][59.823s][2302588][2302600][info ] GC(11) Concurrent marking 1418.881ms
[2021-07-20T13:41:24.965+0000][59.823s][2302588][2302601][info ] Application time: 0.0000513 seconds
[2021-07-20T13:41:24.965+0000][59.823s][2302588][2302601][info ] Entering safepoint region: ShenandoahFinalMarkStartEvac
[2021-07-20T13:41:24.967+0000][59.825s][2302588][2302601][info ] GC(11) Pause Final Mark 1.666ms
[2021-07-20T13:41:24.967+0000][59.825s][2302588][2302601][info ] Leaving safepoint region
[2021-07-20T13:41:24.967+0000][59.825s][2302588][2302601][info ] Total time for which application threads were stopped: 0.0020005 seconds, Stopping threads took: 0.0000498 seconds
[2021-07-20T13:41:24.967+0000][59.825s][2302588][2302600][info ] GC(11) Concurrent cleanup 6306M->6298M(8192M) 0.030ms
[2021-07-20T13:41:25.057+0000][59.915s][2302588][2302600][info ] GC(11) Concurrent evacuation 90.203ms
[2021-07-20T13:41:25.057+0000][59.915s][2302588][2302601][info ] Application time: 0.0903164 seconds
[2021-07-20T13:41:25.058+0000][59.916s][2302588][2302601][info ] Entering safepoint region: ShenandoahInitUpdateRefs
[2021-07-20T13:41:25.058+0000][59.916s][2302588][2302601][info ] GC(11) Pause Init Update Refs 0.029ms
[2021-07-20T13:41:25.058+0000][59.916s][2302588][2302601][info ] Leaving safepoint region
[2021-07-20T13:41:25.058+0000][59.916s][2302588][2302601][info ] Total time for which application threads were stopped: 0.0007215 seconds, Stopping threads took: 0.0001291 seconds
[2021-07-20T13:41:25.824+0000][60.682s][2302588][2302600][info ] GC(11) Concurrent update references 765.477ms
[2021-07-20T13:41:25.824+0000][60.682s][2302588][2302601][info ] Application time: 0.7655593 seconds
[2021-07-20T13:41:25.824+0000][60.682s][2302588][2302601][info ] Entering safepoint region: ShenandoahFinalUpdateRefs
[2021-07-20T13:41:25.825+0000][60.683s][2302588][2302601][info ] GC(11) Pause Final Update Refs 0.477ms
[2021-07-20T13:41:25.825+0000][60.683s][2302588][2302601][info ] Leaving safepoint region
[2021-07-20T13:41:25.825+0000][60.683s][2302588][2302601][info ] Total time for which application threads were stopped: 0.0015529 seconds, Stopping threads took: 0.0006418 seconds
[2021-07-20T13:41:25.825+0000][60.683s][2302588][2302600][info ] GC(11) Concurrent cleanup 7099M->4075M(8192M) 0.095ms
[2021-07-20T13:41:25.851+0000][60.709s][2302588][2302600][info ] Trigger: Average GC time (976.05 ms) is above the time for allocation rate (892 MB/s) to deplete free headroom (866M)
[2021-07-20T13:41:25.856+0000][60.714s][2302588][2302600][info ] GC(12) Concurrent reset 4.127ms
[2021-07-20T13:41:25.861+0000][60.719s][2302588][2302601][info ] Application time: 0.0354784 seconds
[2021-07-20T13:41:25.865+0000][60.723s][2302588][2302601][info ] Entering safepoint region: ShenandoahInitMark
[2021-07-20T13:41:25.866+0000][60.724s][2302588][2302601][info ] GC(12) Pause Init Mark 0.675ms
[2021-07-20T13:41:25.866+0000][60.724s][2302588][2302601][info ] Leaving safepoint region
[2021-07-20T13:41:25.866+0000][60.724s][2302588][2302601][info ] Total time for which application threads were stopped: 0.0055100 seconds, Stopping threads took: 0.0044207 seconds
[2021-07-20T13:41:26.866+0000][61.724s][2302588][2302601][info ] Application time: 1.0000828 seconds
[2021-07-20T13:41:26.867+0000][61.725s][2302588][2302601][info ] Entering safepoint region: Cleanup
[2021-07-20T13:41:26.867+0000][61.725s][2302588][2302601][info ] Leaving safepoint region
[2021-07-20T13:41:26.867+0000][61.725s][2302588][2302601][info ] Total time for which application threads were stopped: 0.0006146 seconds, Stopping threads took: 0.0002757 seconds
[2021-07-20T13:41:27.179+0000][62.037s][2302588][2302601][info ] Application time: 0.3118710 seconds
[2021-07-20T13:41:27.179+0000][62.037s][2302588][2302601][info ] Entering safepoint region: HandshakeFallback
[2021-07-20T13:41:27.180+0000][62.038s][2302588][2302601][info ] Leaving safepoint region
[2021-07-20T13:41:27.180+0000][62.038s][2302588][2302601][info ] Total time for which application threads were stopped: 0.0012260 seconds, Stopping threads took: 0.0002886 seconds
[2021-07-20T13:41:27.184+0000][62.042s][2302588][2302601][info ] Application time: 0.0040732 seconds
[2021-07-20T13:41:27.184+0000][62.042s][2302588][2302601][info ] Entering safepoint region: HandshakeFallback
[2021-07-20T13:41:27.185+0000][62.043s][2302588][2302601][info ] Leaving safepoint region
[2021-07-20T13:41:27.185+0000][62.043s][2302588][2302601][info ] Total time for which application threads were stopped: 0.0004641 seconds, Stopping threads took: 0.0001038 seconds
[2021-07-20T13:41:27.185+0000][62.043s][2302588][2302600][info ] GC(12) Concurrent marking 1318.490ms
[2021-07-20T13:41:27.185+0000][62.043s][2302588][2302601][info ] Application time: 0.0000732 seconds
[2021-07-20T13:41:27.185+0000][62.043s][2302588][2302601][info ] Entering safepoint region: ShenandoahFinalMarkStartEvac
[2021-07-20T13:41:27.187+0000][62.045s][2302588][2302601][info ] GC(12) Pause Final Mark 1.832ms
[2021-07-20T13:41:27.187+0000][62.045s][2302588][2302601][info ] Leaving safepoint region
[2021-07-20T13:41:27.187+0000][62.045s][2302588][2302601][info ] Total time for which application threads were stopped: 0.0020913 seconds, Stopping threads took: 0.0000583 seconds
[2021-07-20T13:41:27.187+0000][62.045s][2302588][2302600][info ] GC(12) Concurrent cleanup 5974M->5658M(8192M) 0.044ms
[2021-07-20T13:41:27.409+0000][62.267s][2302588][2302600][info ] GC(12) Concurrent evacuation 221.663ms
[2021-07-20T13:41:27.409+0000][62.267s][2302588][2302601][info ] Application time: 0.2218110 seconds
[2021-07-20T13:41:27.413+0000][62.271s][2302588][2302601][info ] Entering safepoint region: ShenandoahInitUpdateRefs
[2021-07-20T13:41:27.414+0000][62.272s][2302588][2302601][info ] GC(12) Pause Init Update Refs 0.044ms
[2021-07-20T13:41:27.414+0000][62.272s][2302588][2302601][info ] Leaving safepoint region
[2021-07-20T13:41:27.414+0000][62.272s][2302588][2302601][info ] Total time for which application threads were stopped: 0.0048883 seconds, Stopping threads took: 0.0044168 seconds
[2021-07-20T13:41:28.414+0000][63.272s][2302588][2302601][info ] Application time: 1.0000710 seconds
[2021-07-20T13:41:28.414+0000][63.272s][2302588][2302601][info ] Entering safepoint region: Cleanup
[2021-07-20T13:41:28.414+0000][63.272s][2302588][2302601][info ] Leaving safepoint region
[2021-07-20T13:41:28.414+0000][63.272s][2302588][2302601][info ] Total time for which application threads were stopped: 0.0005845 seconds, Stopping threads took: 0.0001606 seconds
[2021-07-20T13:41:28.720+0000][63.578s][2302588][2302600][info ] GC(12) Concurrent update references 1306.103ms
[2021-07-20T13:41:28.720+0000][63.578s][2302588][2302601][info ] Application time: 0.3055201 seconds
[2021-07-20T13:41:28.724+0000][63.582s][2302588][2302601][info ] Entering safepoint region: ShenandoahFinalUpdateRefs
[2021-07-20T13:41:28.725+0000][63.583s][2302588][2302601][info ] GC(12) Pause Final Update Refs 0.457ms
[2021-07-20T13:41:28.725+0000][63.583s][2302588][2302601][info ] Leaving safepoint region
[2021-07-20T13:41:28.725+0000][63.583s][2302588][2302601][info ] Total time for which application threads were stopped: 0.0051108 seconds, Stopping threads took: 0.0042132 seconds
[2021-07-20T13:41:28.725+0000][63.583s][2302588][2302600][info ] GC(12) Concurrent cleanup 7749M->5163M(8192M) 0.099ms
[2021-07-20T13:41:28.726+0000][63.584s][2302588][2302600][info ] Trigger: Average GC time (1547.27 ms) is above the time for allocation rate (1257 MB/s) to deplete free headroom (0B)
[2021-07-20T13:41:28.730+0000][63.588s][2302588][2302600][info ] GC(13) Concurrent reset 3.183ms
[2021-07-20T13:41:28.730+0000][63.588s][2302588][2302601][info ] Application time: 0.0045400 seconds
[2021-07-20T13:41:28.730+0000][63.588s][2302588][2302601][info ] Entering safepoint region: ShenandoahInitMark
[2021-07-20T13:41:28.731+0000][63.589s][2302588][2302601][info ] GC(13) Pause Init Mark 0.616ms
[2021-07-20T13:41:28.731+0000][63.589s][2302588][2302601][info ] Leaving safepoint region
[2021-07-20T13:41:28.731+0000][63.589s][2302588][2302601][info ] Total time for which application threads were stopped: 0.0010870 seconds, Stopping threads took: 0.0001539 seconds
[2021-07-20T13:41:29.731+0000][64.589s][2302588][2302601][info ] Application time: 1.0000711 seconds
[2021-07-20T13:41:29.731+0000][64.589s][2302588][2302601][info ] Entering safepoint region: Cleanup
[2021-07-20T13:41:29.731+0000][64.589s][2302588][2302601][info ] Leaving safepoint region
[2021-07-20T13:41:29.731+0000][64.589s][2302588][2302601][info ] Total time for which application threads were stopped: 0.0005889 seconds, Stopping threads took: 0.0002439 seconds
[2021-07-20T13:41:30.332+0000][65.190s][2302588][2302601][info ] Application time: 0.6005233 seconds
[2021-07-20T13:41:30.332+0000][65.190s][2302588][2302601][info ] Entering safepoint region: HandshakeFallback
[2021-07-20T13:41:30.333+0000][65.191s][2302588][2302601][info ] Leaving safepoint region
[2021-07-20T13:41:30.333+0000][65.191s][2302588][2302601][info ] Total time for which application threads were stopped: 0.0014283 seconds, Stopping threads took: 0.0001610 seconds
[2021-07-20T13:41:30.365+0000][65.223s][2302588][2302601][info ] Application time: 0.0317682 seconds
[2021-07-20T13:41:30.365+0000][65.223s][2302588][2302601][info ] Entering safepoint region: HandshakeFallback
[2021-07-20T13:41:30.366+0000][65.224s][2302588][2302601][info ] Leaving safepoint region
[2021-07-20T13:41:30.366+0000][65.224s][2302588][2302601][info ] Total time for which application threads were stopped: 0.0007014 seconds, Stopping threads took: 0.0001862 seconds
[2021-07-20T13:41:30.366+0000][65.224s][2302588][2302601][info ] Application time: 0.0001356 seconds
[2021-07-20T13:41:30.366+0000][65.224s][2302588][2302601][info ] Entering safepoint region: HandshakeFallback
[2021-07-20T13:41:30.367+0000][65.224s][2302588][2302601][info ] Leaving safepoint region
[2021-07-20T13:41:30.367+0000][65.224s][2302588][2302601][info ] Total time for which application threads were stopped: 0.0003526 seconds, Stopping threads took: 0.0001498 seconds
[2021-07-20T13:41:30.367+0000][65.225s][2302588][2302600][info ] GC(13) Concurrent marking 1635.775ms
[2021-07-20T13:41:30.367+0000][65.225s][2302588][2302601][info ] Application time: 0.0000660 seconds
[2021-07-20T13:41:30.367+0000][65.225s][2302588][2302601][info ] Entering safepoint region: ShenandoahFinalMarkStartEvac
[2021-07-20T13:41:30.368+0000][65.226s][2302588][2302601][info ] GC(13) Pause Final Mark 1.131ms
[2021-07-20T13:41:30.368+0000][65.226s][2302588][2302601][info ] Leaving safepoint region
[2021-07-20T13:41:30.368+0000][65.226s][2302588][2302601][info ] Total time for which application threads were stopped: 0.0014223 seconds, Stopping threads took: 0.0000876 seconds
[2021-07-20T13:41:30.368+0000][65.226s][2302588][2302600][info ] GC(13) Concurrent cleanup 7391M->7373M(8192M) 0.033ms
[2021-07-20T13:41:30.591+0000][65.449s][2302588][2302600][info ] GC(13) Concurrent evacuation 222.650ms
[2021-07-20T13:41:30.591+0000][65.449s][2302588][2302601][info ] Application time: 0.2227850 seconds
[2021-07-20T13:41:30.591+0000][65.449s][2302588][2302601][info ] Entering safepoint region: ShenandoahInitUpdateRefs
[2021-07-20T13:41:30.591+0000][65.449s][2302588][2302601][info ] GC(13) Pause Init Update Refs 0.044ms
[2021-07-20T13:41:30.591+0000][65.449s][2302588][2302601][info ] Leaving safepoint region
[2021-07-20T13:41:30.591+0000][65.449s][2302588][2302601][info ] Total time for which application threads were stopped: 0.0006372 seconds, Stopping threads took: 0.0001944 seconds
[2021-07-20T13:41:30.767+0000][65.625s][2302588][2303153][info ] Failed to allocate TLAB, 223K
[2021-07-20T13:41:30.767+0000][65.625s][2302588][2303153][info ] Cancelling GC: Allocation Failure
[2021-07-20T13:41:30.770+0000][65.628s][2302588][2302600][info ] GC(13) Concurrent update references 178.271ms
[2021-07-20T13:41:30.771+0000][65.629s][2302588][2302600][info ] Trigger: Handle Allocation Failure
[2021-07-20T13:41:30.771+0000][65.629s][2302588][2302601][info ] Application time: 0.1795012 seconds
[2021-07-20T13:41:30.771+0000][65.629s][2302588][2302601][info ] Entering safepoint region: ShenandoahDegeneratedGC
[2021-07-20T13:41:31.055+0000][65.913s][2302588][2302601][info ] GC(14) Pause Degenerated GC (Update Refs) 8131M->4583M(8192M) 283.436ms
[2021-07-20T13:41:31.055+0000][65.913s][2302588][2302601][info ] Leaving safepoint region
[2021-07-20T13:41:31.055+0000][65.913s][2302588][2302601][info ] Total time for which application threads were stopped: 0.2840504 seconds, Stopping threads took: 0.0001437 seconds
[2021-07-20T13:41:31.056+0000][65.914s][2302588][2302600][info ] Trigger: Average GC time (1547.27 ms) is above the time for allocation rate (66629 KB/s) to deplete free headroom (0B)
[2021-07-20T13:41:31.061+0000][65.919s][2302588][2302600][info ] GC(15) Concurrent reset 4.716ms
[2021-07-20T13:41:31.061+0000][65.919s][2302588][2302601][info ] Application time: 0.0060459 seconds
[2021-07-20T13:41:31.061+0000][65.919s][2302588][2302601][info ] Entering safepoint region: ShenandoahInitMark
[2021-07-20T13:41:31.062+0000][65.920s][2302588][2302601][info ] GC(15) Pause Init Mark (process weakrefs) 0.598ms
[2021-07-20T13:41:31.062+0000][65.920s][2302588][2302601][info ] Leaving safepoint region
[2021-07-20T13:41:31.062+0000][65.920s][2302588][2302601][info ] Total time for which application threads were stopped: 0.0011457 seconds, Stopping threads took: 0.0001834 seconds
[2021-07-20T13:41:32.062+0000][66.920s][2302588][2302601][info ] Application time: 1.0000689 seconds
[2021-07-20T13:41:32.062+0000][66.920s][2302588][2302601][info ] Entering safepoint region: Cleanup
[2021-07-20T13:41:32.063+0000][66.921s][2302588][2302601][info ] Leaving safepoint region
[2021-07-20T13:41:32.063+0000][66.921s][2302588][2302601][info ] Total time for which application threads were stopped: 0.0005134 seconds, Stopping threads took: 0.0001189 seconds
[2021-07-20T13:41:32.079+0000][66.937s][2302588][2302601][info ] Application time: 0.0164557 seconds
[2021-07-20T13:41:32.079+0000][66.937s][2302588][2302601][info ] Entering safepoint region: HandshakeFallback
[2021-07-20T13:41:32.081+0000][66.939s][2302588][2302601][info ] Leaving safepoint region
[2021-07-20T13:41:32.081+0000][66.939s][2302588][2302601][info ] Total time for which application threads were stopped: 0.0012497 seconds, Stopping threads took: 0.0001063 seconds
[2021-07-20T13:41:32.086+0000][66.944s][2302588][2302601][info ] Application time: 0.0054151 seconds
[2021-07-20T13:41:32.086+0000][66.944s][2302588][2302601][info ] Entering safepoint region: HandshakeFallback
[2021-07-20T13:41:32.086+0000][66.944s][2302588][2302601][info ] Leaving safepoint region
[2021-07-20T13:41:32.086+0000][66.944s][2302588][2302601][info ] Total time for which application threads were stopped: 0.0004311 seconds, Stopping threads took: 0.0000673 seconds
[2021-07-20T13:41:32.087+0000][66.944s][2302588][2302600][info ] GC(15) Concurrent marking (process weakrefs) 1024.232ms
[2021-07-20T13:41:32.087+0000][66.945s][2302588][2302600][info ] GC(15) Concurrent precleaning 0.246ms
[2021-07-20T13:41:32.087+0000][66.945s][2302588][2302601][info ] Application time: 0.0003101 seconds
[2021-07-20T13:41:32.087+0000][66.945s][2302588][2302601][info ] Entering safepoint region: ShenandoahFinalMarkStartEvac
[2021-07-20T13:41:32.088+0000][66.946s][2302588][2302601][info ] GC(15) Pause Final Mark (process weakrefs) 1.278ms
[2021-07-20T13:41:32.088+0000][66.946s][2302588][2302601][info ] Leaving safepoint region
[2021-07-20T13:41:32.088+0000][66.946s][2302588][2302601][info ] Total time for which application threads were stopped: 0.0014999 seconds, Stopping threads took: 0.0000445 seconds
[2021-07-20T13:41:32.088+0000][66.946s][2302588][2302600][info ] GC(15) Concurrent cleanup 5364M->4992M(8192M) 0.039ms
[2021-07-20T13:41:32.180+0000][67.038s][2302588][2302600][info ] GC(15) Concurrent evacuation 91.559ms
[2021-07-20T13:41:32.180+0000][67.038s][2302588][2302601][info ] Application time: 0.0917015 seconds
[2021-07-20T13:41:32.180+0000][67.038s][2302588][2302601][info ] Entering safepoint region: ShenandoahInitUpdateRefs
[2021-07-20T13:41:32.181+0000][67.039s][2302588][2302601][info ] GC(15) Pause Init Update Refs 0.042ms
[2021-07-20T13:41:32.181+0000][67.039s][2302588][2302601][info ] Leaving safepoint region
[2021-07-20T13:41:32.181+0000][67.039s][2302588][2302601][info ] Total time for which application threads were stopped: 0.0005700 seconds, Stopping threads took: 0.0001233 seconds
[2021-07-20T13:41:32.588+0000][67.446s][2302588][2302600][info ] GC(15) Concurrent update references 407.136ms
[2021-07-20T13:41:32.588+0000][67.446s][2302588][2302601][info ] Application time: 0.4072327 seconds
[2021-07-20T13:41:32.588+0000][67.446s][2302588][2302601][info ] Entering safepoint region: ShenandoahFinalUpdateRefs
[2021-07-20T13:41:32.589+0000][67.447s][2302588][2302601][info ] GC(15) Pause Final Update Refs 0.466ms
[2021-07-20T13:41:32.589+0000][67.447s][2302588][2302601][info ] Leaving safepoint region
[2021-07-20T13:41:32.589+0000][67.447s][2302588][2302601][info ] Total time for which application threads were stopped: 0.0009599 seconds, Stopping threads took: 0.0001238 seconds
[2021-07-20T13:41:32.589+0000][67.447s][2302588][2302600][info ] GC(15) Concurrent cleanup 5445M->2409M(8192M) 0.096ms
[2021-07-20T13:41:33.589+0000][68.447s][2302588][2302601][info ] Application time: 1.0000809 seconds
[2021-07-20T13:41:33.589+0000][68.447s][2302588][2302601][info ] Entering safepoint region: Cleanup
[2021-07-20T13:41:33.589+0000][68.447s][2302588][2302601][info ] Leaving safepoint region
[2021-07-20T13:41:33.589+0000][68.447s][2302588][2302601][info ] Total time for which application threads were stopped: 0.0005145 seconds, Stopping threads took: 0.0001145 seconds
[2021-07-20T13:41:34.590+0000][69.448s][2302588][2302601][info ] Application time: 1.0000842 seconds
[2021-07-20T13:41:34.590+0000][69.448s][2302588][2302601][info ] Entering safepoint region: Cleanup
[2021-07-20T13:41:34.590+0000][69.448s][2302588][2302601][info ] Leaving safepoint region
[2021-07-20T13:41:34.590+0000][69.448s][2302588][2302601][info ] Total time for which application threads were stopped: 0.0003994 seconds, Stopping threads took: 0.0000853 seconds
[2021-07-20T13:41:35.044+0000][69.902s][2302588][2302601][info ] Application time: 0.4541573 seconds
[2021-07-20T13:41:35.044+0000][69.902s][2302588][2302601][info ] Entering safepoint region: ICBufferFull
[2021-07-20T13:41:35.045+0000][69.903s][2302588][2302601][info ] Leaving safepoint region
[2021-07-20T13:41:35.045+0000][69.903s][2302588][2302601][info ] Total time for which application threads were stopped: 0.0005620 seconds, Stopping threads took: 0.0001334 seconds
[2021-07-20T13:41:36.045+0000][70.903s][2302588][2302601][info ] Application time: 1.0000830 seconds
[2021-07-20T13:41:36.045+0000][70.903s][2302588][2302601][info ] Entering safepoint region: Cleanup
[2021-07-20T13:41:36.045+0000][70.903s][2302588][2302601][info ] Leaving safepoint region
[2021-07-20T13:41:36.045+0000][70.903s][2302588][2302601][info ] Total time for which application threads were stopped: 0.0005048 seconds, Stopping threads took: 0.0001121 seconds
[2021-07-20T13:41:37.045+0000][71.903s][2302588][2302601][info ] Application time: 1.0000823 seconds
[2021-07-20T13:41:37.046+0000][71.904s][2302588][2302601][info ] Entering safepoint region: Cleanup
[2021-07-20T13:41:37.046+0000][71.904s][2302588][2302601][info ] Leaving safepoint region
[2021-07-20T13:41:37.046+0000][71.904s][2302588][2302601][info ] Total time for which application threads were stopped: 0.0004790 seconds, Stopping threads took: 0.0001139 seconds
[2021-07-20T13:41:37.094+0000][71.952s][2302588][2302600][info ] Trigger: Average GC time (1758.74 ms) is above the time for allocation rate (360 MB/s) to deplete free headroom (631M)
[2021-07-20T13:41:37.097+0000][71.955s][2302588][2302600][info ] GC(16) Concurrent reset 3.190ms
[2021-07-20T13:41:37.097+0000][71.955s][2302588][2302601][info ] Application time: 0.0513005 seconds
[2021-07-20T13:41:37.097+0000][71.955s][2302588][2302601][info ] Entering safepoint region: ShenandoahInitMark
[2021-07-20T13:41:37.098+0000][71.956s][2302588][2302601][info ] GC(16) Pause Init Mark 0.695ms
[2021-07-20T13:41:37.099+0000][71.956s][2302588][2302601][info ] Leaving safepoint region
[2021-07-20T13:41:37.099+0000][71.957s][2302588][2302601][info ] Total time for which application threads were stopped: 0.0012165 seconds, Stopping threads took: 0.0001250 seconds
[2021-07-20T13:41:37.157+0000][72.015s][2302588][2302601][info ] Application time: 0.0588846 seconds
[2021-07-20T13:41:37.158+0000][72.016s][2302588][2302601][info ] Entering safepoint region: HandshakeFallback
[2021-07-20T13:41:37.158+0000][72.016s][2302588][2302601][info ] Leaving safepoint region
[2021-07-20T13:41:37.158+0000][72.016s][2302588][2302601][info ] Total time for which application threads were stopped: 0.0004675 seconds, Stopping threads took: 0.0001092 seconds
[2021-07-20T13:41:37.158+0000][72.016s][2302588][2302601][info ] Application time: 0.0001234 seconds
[2021-07-20T13:41:37.158+0000][72.016s][2302588][2302601][info ] Entering safepoint region: HandshakeFallback
[2021-07-20T13:41:37.158+0000][72.016s][2302588][2302601][info ] Leaving safepoint region
[2021-07-20T13:41:37.158+0000][72.016s][2302588][2302601][info ] Total time for which application threads were stopped: 0.0001962 seconds, Stopping threads took: 0.0000508 seconds
[2021-07-20T13:41:37.158+0000][72.016s][2302588][2302600][info ] GC(16) Concurrent marking 59.670ms
[2021-07-20T13:41:37.158+0000][72.016s][2302588][2302601][info ] Application time: 0.0000663 seconds
[2021-07-20T13:41:37.158+0000][72.016s][2302588][2302601][info ] Entering safepoint region: ShenandoahFinalMarkStartEvac
[2021-07-20T13:41:37.160+0000][72.018s][2302588][2302601][info ] GC(16) Pause Final Mark 1.682ms
[2021-07-20T13:41:37.160+0000][72.018s][2302588][2302601][info ] Leaving safepoint region
[2021-07-20T13:41:37.160+0000][72.018s][2302588][2302601][info ] Total time for which application threads were stopped: 0.0018907 seconds, Stopping threads took: 0.0000299 seconds
[2021-07-20T13:41:37.160+0000][72.018s][2302588][2302600][info ] GC(16) Concurrent cleanup 3725M->1309M(8192M) 0.084ms
[2021-07-20T13:41:37.183+0000][72.041s][2302588][2302600][info ] GC(16) Concurrent evacuation 22.270ms
[2021-07-20T13:41:37.183+0000][72.041s][2302588][2302601][info ] Application time: 0.0224762 seconds
[2021-07-20T13:41:37.183+0000][72.041s][2302588][2302601][info ] Entering safepoint region: ShenandoahInitUpdateRefs
[2021-07-20T13:41:37.183+0000][72.041s][2302588][2302601][info ] GC(16) Pause Init Update Refs 0.030ms
[2021-07-20T13:41:37.183+0000][72.041s][2302588][2302601][info ] Leaving safepoint region
[2021-07-20T13:41:37.183+0000][72.041s][2302588][2302601][info ] Total time for which application threads were stopped: 0.0005524 seconds, Stopping threads took: 0.0001163 seconds
[2021-07-20T13:41:37.240+0000][72.098s][2302588][2302600][info ] GC(16) Concurrent update references 56.463ms
[2021-07-20T13:41:37.240+0000][72.098s][2302588][2302601][info ] Application time: 0.0565584 seconds
[2021-07-20T13:41:37.240+0000][72.098s][2302588][2302601][info ] Entering safepoint region: ShenandoahFinalUpdateRefs
[2021-07-20T13:41:37.241+0000][72.099s][2302588][2302601][info ] GC(16) Pause Final Update Refs 0.376ms
[2021-07-20T13:41:37.241+0000][72.099s][2302588][2302601][info ] Leaving safepoint region
[2021-07-20T13:41:37.241+0000][72.099s][2302588][2302601][info ] Total time for which application threads were stopped: 0.0008825 seconds, Stopping threads took: 0.0001138 seconds
[2021-07-20T13:41:37.241+0000][72.099s][2302588][2302600][info ] GC(16) Concurrent cleanup 1423M->218M(8192M) 0.056ms
[2021-07-20T13:41:38.241+0000][73.099s][2302588][2302601][info ] Application time: 1.0000789 seconds
[2021-07-20T13:41:38.241+0000][73.099s][2302588][2302601][info ] Entering safepoint region: Cleanup
[2021-07-20T13:41:38.241+0000][73.099s][2302588][2302601][info ] Leaving safepoint region
[2021-07-20T13:41:38.241+0000][73.099s][2302588][2302601][info ] Total time for which application threads were stopped: 0.0004577 seconds, Stopping threads took: 0.0001132 seconds
[2021-07-20T13:41:39.241+0000][74.099s][2302588][2302601][info ] Application time: 1.0000867 seconds
[2021-07-20T13:41:39.242+0000][74.100s][2302588][2302601][info ] Entering safepoint region: Cleanup
[2021-07-20T13:41:39.242+0000][74.100s][2302588][2302601][info ] Leaving safepoint region
[2021-07-20T13:41:39.242+0000][74.100s][2302588][2302601][info ] Total time for which application threads were stopped: 0.0004738 seconds, Stopping threads took: 0.0001137 seconds
[2021-07-20T13:41:40.242+0000][75.100s][2302588][2302601][info ] Application time: 1.0000852 seconds
[2021-07-20T13:41:40.242+0000][75.100s][2302588][2302601][info ] Entering safepoint region: Cleanup
[2021-07-20T13:41:40.242+0000][75.100s][2302588][2302601][info ] Leaving safepoint region
[2021-07-20T13:41:40.242+0000][75.100s][2302588][2302601][info ] Total time for which application threads were stopped: 0.0004308 seconds, Stopping threads took: 0.0001118 seconds
[2021-07-20T13:41:41.243+0000][76.101s][2302588][2302601][info ] Application time: 1.0000781 seconds
[2021-07-20T13:41:41.243+0000][76.101s][2302588][2302601][info ] Entering safepoint region: Cleanup
[2021-07-20T13:41:41.243+0000][76.101s][2302588][2302601][info ] Leaving safepoint region
[2021-07-20T13:41:41.243+0000][76.101s][2302588][2302601][info ] Total time for which application threads were stopped: 0.0004606 seconds, Stopping threads took: 0.0001205 seconds
[2021-07-20T13:41:42.243+0000][77.101s][2302588][2302601][info ] Application time: 1.0000677 seconds
[2021-07-20T13:41:42.243+0000][77.101s][2302588][2302601][info ] Entering safepoint region: Cleanup
[2021-07-20T13:41:42.244+0000][77.102s][2302588][2302601][info ] Leaving safepoint region
[2021-07-20T13:41:42.244+0000][77.102s][2302588][2302601][info ] Total time for which application threads were stopped: 0.0005149 seconds, Stopping threads took: 0.0001497 seconds
[2021-07-20T13:41:42.688+0000][77.546s][2302588][2302601][info ] Application time: 0.4447582 seconds
[2021-07-20T13:41:42.689+0000][77.547s][2302588][2302601][info ] Entering safepoint region: ICBufferFull
[2021-07-20T13:41:42.689+0000][77.547s][2302588][2302601][info ] Leaving safepoint region
[2021-07-20T13:41:42.689+0000][77.547s][2302588][2302601][info ] Total time for which application threads were stopped: 0.0007398 seconds, Stopping threads took: 0.0002534 seconds
[2021-07-20T13:41:43.106+0000][77.964s][2302588][2302601][info ] Application time: 0.4169219 seconds
[2021-07-20T13:41:43.107+0000][77.965s][2302588][2302601][info ] Entering safepoint region: ICBufferFull
[2021-07-20T13:41:43.108+0000][77.966s][2302588][2302601][info ] Leaving safepoint region
[2021-07-20T13:41:43.108+0000][77.966s][2302588][2302601][info ] Total time for which application threads were stopped: 0.0018584 seconds, Stopping threads took: 0.0012538 seconds
[2021-07-20T13:41:43.260+0000][78.118s][2302588][2302600][info ] Trigger: Metadata GC Threshold
[2021-07-20T13:41:43.261+0000][78.119s][2302588][2302600][info ] GC(17) Concurrent reset 1.173ms
[2021-07-20T13:41:43.261+0000][78.119s][2302588][2302601][info ] Application time: 0.1533960 seconds
[2021-07-20T13:41:43.263+0000][78.120s][2302588][2302601][info ] Entering safepoint region: ShenandoahInitMark
[2021-07-20T13:41:43.264+0000][78.122s][2302588][2302601][info ] GC(17) Pause Init Mark (unload classes) 0.754ms
[2021-07-20T13:41:43.264+0000][78.122s][2302588][2302601][info ] Leaving safepoint region
[2021-07-20T13:41:43.264+0000][78.122s][2302588][2302601][info ] Total time for which application threads were stopped: 0.0023736 seconds, Stopping threads took: 0.0010373 seconds
[2021-07-20T13:41:43.435+0000][78.293s][2302588][2302601][info ] Application time: 0.1714932 seconds
[2021-07-20T13:41:43.436+0000][78.294s][2302588][2302601][info ] Entering safepoint region: HandshakeFallback
[2021-07-20T13:41:43.437+0000][78.295s][2302588][2302601][info ] Leaving safepoint region
[2021-07-20T13:41:43.437+0000][78.295s][2302588][2302601][info ] Total time for which application threads were stopped: 0.0017965 seconds, Stopping threads took: 0.0009040 seconds
[2021-07-20T13:41:43.437+0000][78.295s][2302588][2302601][info ] Application time: 0.0001313 seconds
[2021-07-20T13:41:43.437+0000][78.295s][2302588][2302601][info ] Entering safepoint region: HandshakeFallback
[2021-07-20T13:41:43.438+0000][78.296s][2302588][2302601][info ] Leaving safepoint region
[2021-07-20T13:41:43.438+0000][78.296s][2302588][2302601][info ] Total time for which application threads were stopped: 0.0004363 seconds, Stopping threads took: 0.0001071 seconds
[2021-07-20T13:41:43.438+0000][78.296s][2302588][2302600][info ] GC(17) Concurrent marking (unload classes) 173.951ms
[2021-07-20T13:41:43.438+0000][78.296s][2302588][2302601][info ] Application time: 0.0000616 seconds
[2021-07-20T13:41:43.438+0000][78.296s][2302588][2302601][info ] Entering safepoint region: ShenandoahFinalMarkStartEvac
[2021-07-20T13:41:43.448+0000][78.306s][2302588][2302601][info ] GC(17) Pause Final Mark (unload classes) 9.395ms
[2021-07-20T13:41:43.448+0000][78.306s][2302588][2302601][info ] Leaving safepoint region
[2021-07-20T13:41:43.448+0000][78.306s][2302588][2302601][info ] Total time for which application threads were stopped: 0.0098705 seconds, Stopping threads took: 0.0000716 seconds
[2021-07-20T13:41:43.448+0000][78.306s][2302588][2302600][info ] GC(17) Concurrent cleanup 3121M->853M(8192M) 0.091ms
[2021-07-20T13:41:43.458+0000][78.316s][2302588][2302600][info ] GC(17) Concurrent evacuation 9.636ms
[2021-07-20T13:41:43.458+0000][78.316s][2302588][2302601][info ] Application time: 0.0098517 seconds
[2021-07-20T13:41:43.458+0000][78.316s][2302588][2302601][info ] Entering safepoint region: ShenandoahInitUpdateRefs
[2021-07-20T13:41:43.458+0000][78.316s][2302588][2302601][info ] GC(17) Pause Init Update Refs 0.041ms
[2021-07-20T13:41:43.459+0000][78.316s][2302588][2302601][info ] Leaving safepoint region
[2021-07-20T13:41:43.459+0000][78.317s][2302588][2302601][info ] Total time for which application threads were stopped: 0.0008740 seconds, Stopping threads took: 0.0001813 seconds
[2021-07-20T13:41:43.661+0000][78.519s][2302588][2302600][info ] GC(17) Concurrent update references 202.751ms
[2021-07-20T13:41:43.661+0000][78.519s][2302588][2302601][info ] Application time: 0.2028428 seconds
[2021-07-20T13:41:43.662+0000][78.520s][2302588][2302601][info ] Entering safepoint region: ShenandoahFinalUpdateRefs
[2021-07-20T13:41:43.663+0000][78.521s][2302588][2302601][info ] GC(17) Pause Final Update Refs 0.488ms
[2021-07-20T13:41:43.663+0000][78.521s][2302588][2302601][info ] Leaving safepoint region
[2021-07-20T13:41:43.663+0000][78.521s][2302588][2302601][info ] Total time for which application threads were stopped: 0.0013438 seconds, Stopping threads took: 0.0003169 seconds
[2021-07-20T13:41:43.663+0000][78.521s][2302588][2302600][info ] GC(17) Concurrent cleanup 1079M->575M(8192M) 0.046ms
[2021-07-20T13:41:44.663+0000][79.521s][2302588][2302601][info ] Application time: 1.0000810 seconds
[2021-07-20T13:41:44.663+0000][79.521s][2302588][2302601][info ] Entering safepoint region: Cleanup
[2021-07-20T13:41:44.664+0000][79.522s][2302588][2302601][info ] Leaving safepoint region
[2021-07-20T13:41:44.664+0000][79.522s][2302588][2302601][info ] Total time for which application threads were stopped: 0.0007135 seconds, Stopping threads took: 0.0002054 seconds
[2021-07-20T13:41:45.632+0000][80.490s][2302588][2302600][info ] Trigger: Average GC time (1448.20 ms) is above the time for allocation rate (1130 MB/s) to deplete free headroom (1636M)
[2021-07-20T13:41:45.632+0000][80.490s][2302588][2302600][info ] GC(18) Concurrent reset 0.588ms
[2021-07-20T13:41:45.633+0000][80.490s][2302588][2302601][info ] Application time: 0.9688996 seconds
[2021-07-20T13:41:45.636+0000][80.494s][2302588][2302601][info ] Entering safepoint region: ShenandoahInitMark
[2021-07-20T13:41:45.637+0000][80.495s][2302588][2302601][info ] GC(18) Pause Init Mark 0.725ms
[2021-07-20T13:41:45.637+0000][80.495s][2302588][2302601][info ] Leaving safepoint region
[2021-07-20T13:41:45.637+0000][80.495s][2302588][2302601][info ] Total time for which application threads were stopped: 0.0045436 seconds, Stopping threads took: 0.0030358 seconds
[2021-07-20T13:41:46.197+0000][81.055s][2302588][2302601][info ] Application time: 0.5602126 seconds
[2021-07-20T13:41:46.198+0000][81.056s][2302588][2302601][info ] Entering safepoint region: HandshakeFallback
[2021-07-20T13:41:46.199+0000][81.057s][2302588][2302601][info ] Leaving safepoint region
[2021-07-20T13:41:46.199+0000][81.057s][2302588][2302601][info ] Total time for which application threads were stopped: 0.0012531 seconds, Stopping threads took: 0.0002312 seconds
[2021-07-20T13:41:46.199+0000][81.057s][2302588][2302601][info ] Application time: 0.0002690 seconds
[2021-07-20T13:41:46.199+0000][81.057s][2302588][2302601][info ] Entering safepoint region: HandshakeFallback
[2021-07-20T13:41:46.199+0000][81.057s][2302588][2302601][info ] Leaving safepoint region
[2021-07-20T13:41:46.199+0000][81.057s][2302588][2302601][info ] Total time for which application threads were stopped: 0.0005337 seconds, Stopping threads took: 0.0000948 seconds
[2021-07-20T13:41:46.199+0000][81.057s][2302588][2302600][info ] GC(18) Concurrent marking 562.367ms
[2021-07-20T13:41:46.200+0000][81.057s][2302588][2302601][info ] Application time: 0.0000858 seconds
[2021-07-20T13:41:46.200+0000][81.058s][2302588][2302601][info ] Entering safepoint region: ShenandoahFinalMarkStartEvac
[2021-07-20T13:41:46.201+0000][81.059s][2302588][2302601][info ] GC(18) Pause Final Mark 1.376ms
[2021-07-20T13:41:46.201+0000][81.059s][2302588][2302601][info ] Leaving safepoint region
[2021-07-20T13:41:46.202+0000][81.059s][2302588][2302601][info ] Total time for which application threads were stopped: 0.0019715 seconds, Stopping threads took: 0.0001397 seconds
[2021-07-20T13:41:46.202+0000][81.060s][2302588][2302600][info ] GC(18) Concurrent cleanup 3679M->3684M(8192M) 0.031ms
[2021-07-20T13:41:46.259+0000][81.117s][2302588][2302600][info ] GC(18) Concurrent evacuation 57.076ms
[2021-07-20T13:41:46.259+0000][81.117s][2302588][2302601][info ] Application time: 0.0572119 seconds
[2021-07-20T13:41:46.259+0000][81.117s][2302588][2302601][info ] Entering safepoint region: ShenandoahInitUpdateRefs
[2021-07-20T13:41:46.260+0000][81.118s][2302588][2302601][info ] GC(18) Pause Init Update Refs 0.043ms
[2021-07-20T13:41:46.260+0000][81.118s][2302588][2302601][info ] Leaving safepoint region
[2021-07-20T13:41:46.260+0000][81.118s][2302588][2302601][info ] Total time for which application threads were stopped: 0.0010385 seconds, Stopping threads took: 0.0005257 seconds
[2021-07-20T13:41:47.192+0000][82.050s][2302588][2302600][info ] GC(18) Concurrent update references 932.395ms
[2021-07-20T13:41:47.192+0000][82.050s][2302588][2302601][info ] Application time: 0.9325088 seconds
[2021-07-20T13:41:47.193+0000][82.051s][2302588][2302601][info ] Entering safepoint region: ShenandoahFinalUpdateRefs
[2021-07-20T13:41:47.194+0000][82.052s][2302588][2302601][info ] GC(18) Pause Final Update Refs 0.726ms
[2021-07-20T13:41:47.194+0000][82.052s][2302588][2302601][info ] Leaving safepoint region
[2021-07-20T13:41:47.194+0000][82.052s][2302588][2302601][info ] Total time for which application threads were stopped: 0.0020991 seconds, Stopping threads took: 0.0003962 seconds
[2021-07-20T13:41:47.195+0000][82.053s][2302588][2302600][info ] GC(18) Concurrent cleanup 4900M->2209M(8192M) 0.101ms
[2021-07-20T13:41:47.547+0000][82.405s][2302588][2302600][info ] Trigger: Average GC time (1303.73 ms) is above the time for allocation rate (1359 MB/s) to deplete free headroom (1767M)
[2021-07-20T13:41:47.549+0000][82.407s][2302588][2302600][info ] GC(19) Concurrent reset 2.487ms
[2021-07-20T13:41:47.549+0000][82.407s][2302588][2302601][info ] Application time: 0.3549097 seconds
[2021-07-20T13:41:47.550+0000][82.408s][2302588][2302601][info ] Entering safepoint region: ShenandoahInitMark
[2021-07-20T13:41:47.551+0000][82.409s][2302588][2302601][info ] GC(19) Pause Init Mark 0.636ms
[2021-07-20T13:41:47.551+0000][82.409s][2302588][2302601][info ] Leaving safepoint region
[2021-07-20T13:41:47.551+0000][82.409s][2302588][2302601][info ] Total time for which application threads were stopped: 0.0016808 seconds, Stopping threads took: 0.0003376 seconds
[2021-07-20T13:41:48.072+0000][82.930s][2302588][2302601][info ] Application time: 0.5212528 seconds
[2021-07-20T13:41:48.074+0000][82.932s][2302588][2302601][info ] Entering safepoint region: HandshakeFallback
[2021-07-20T13:41:48.075+0000][82.933s][2302588][2302601][info ] Leaving safepoint region
[2021-07-20T13:41:48.075+0000][82.933s][2302588][2302601][info ] Total time for which application threads were stopped: 0.0028360 seconds, Stopping threads took: 0.0019370 seconds
[2021-07-20T13:41:48.075+0000][82.933s][2302588][2302601][info ] Application time: 0.0001776 seconds
[2021-07-20T13:41:48.075+0000][82.933s][2302588][2302601][info ] Entering safepoint region: HandshakeFallback
[2021-07-20T13:41:48.076+0000][82.934s][2302588][2302601][info ] Leaving safepoint region
[2021-07-20T13:41:48.076+0000][82.934s][2302588][2302601][info ] Total time for which application threads were stopped: 0.0004128 seconds, Stopping threads took: 0.0000820 seconds
[2021-07-20T13:41:48.076+0000][82.934s][2302588][2302600][info ] GC(19) Concurrent marking 524.762ms
[2021-07-20T13:41:48.076+0000][82.934s][2302588][2302601][info ] Application time: 0.0000568 seconds
[2021-07-20T13:41:48.076+0000][82.934s][2302588][2302601][info ] Entering safepoint region: ShenandoahFinalMarkStartEvac
[2021-07-20T13:41:48.077+0000][82.935s][2302588][2302601][info ] GC(19) Pause Final Mark 1.192ms
[2021-07-20T13:41:48.077+0000][82.935s][2302588][2302601][info ] Leaving safepoint region
[2021-07-20T13:41:48.077+0000][82.935s][2302588][2302601][info ] Total time for which application threads were stopped: 0.0015619 seconds, Stopping threads took: 0.0000694 seconds
[2021-07-20T13:41:48.078+0000][82.935s][2302588][2302600][info ] GC(19) Concurrent cleanup 3649M->3653M(8192M) 0.032ms
[2021-07-20T13:41:48.152+0000][83.010s][2302588][2302600][info ] GC(19) Concurrent evacuation 74.666ms
[2021-07-20T13:41:48.152+0000][83.010s][2302588][2302601][info ] Application time: 0.0748164 seconds
[2021-07-20T13:41:48.153+0000][83.011s][2302588][2302601][info ] Entering safepoint region: ShenandoahInitUpdateRefs
[2021-07-20T13:41:48.153+0000][83.011s][2302588][2302601][info ] GC(19) Pause Init Update Refs 0.047ms
[2021-07-20T13:41:48.153+0000][83.011s][2302588][2302601][info ] Leaving safepoint region
[2021-07-20T13:41:48.153+0000][83.011s][2302588][2302601][info ] Total time for which application threads were stopped: 0.0011762 seconds, Stopping threads took: 0.0006604 seconds
[2021-07-20T13:41:49.154+0000][84.012s][2302588][2302601][info ] Application time: 1.0000726 seconds
[2021-07-20T13:41:49.154+0000][84.012s][2302588][2302601][info ] Entering safepoint region: Cleanup
[2021-07-20T13:41:49.155+0000][84.013s][2302588][2302601][info ] Leaving safepoint region
[2021-07-20T13:41:49.155+0000][84.013s][2302588][2302601][info ] Total time for which application threads were stopped: 0.0009693 seconds, Stopping threads took: 0.0002934 seconds
[2021-07-20T13:41:49.179+0000][84.037s][2302588][2302600][info ] GC(19) Concurrent update references 1025.144ms
[2021-07-20T13:41:49.179+0000][84.037s][2302588][2302601][info ] Application time: 0.0241255 seconds
[2021-07-20T13:41:49.179+0000][84.037s][2302588][2302601][info ] Entering safepoint region: ShenandoahFinalUpdateRefs
[2021-07-20T13:41:49.180+0000][84.038s][2302588][2302601][info ] GC(19) Pause Final Update Refs 0.487ms
[2021-07-20T13:41:49.180+0000][84.038s][2302588][2302601][info ] Leaving safepoint region
[2021-07-20T13:41:49.180+0000][84.038s][2302588][2302601][info ] Total time for which application threads were stopped: 0.0016098 seconds, Stopping threads took: 0.0006825 seconds
[2021-07-20T13:41:49.180+0000][84.038s][2302588][2302600][info ] GC(19) Concurrent cleanup 5159M->2532M(8192M) 0.089ms
[2021-07-20T13:41:49.251+0000][84.109s][2302588][2302601][info ] Application time: 0.0702377 seconds
[2021-07-20T13:41:49.251+0000][84.109s][2302588][2302601][info ] Entering safepoint region: ICBufferFull
[2021-07-20T13:41:49.251+0000][84.109s][2302588][2302601][info ] Leaving safepoint region
[2021-07-20T13:41:49.251+0000][84.109s][2302588][2302601][info ] Total time for which application threads were stopped: 0.0006984 seconds, Stopping threads took: 0.0002186 seconds
[2021-07-20T13:41:49.496+0000][84.354s][2302588][2302600][info ] Trigger: Average GC time (1055.72 ms) is above the time for allocation rate (1475 MB/s) to deplete free headroom (1554M)
[2021-07-20T13:41:49.499+0000][84.357s][2302588][2302600][info ] GC(20) Concurrent reset 2.679ms
[2021-07-20T13:41:49.499+0000][84.357s][2302588][2302601][info ] Application time: 0.2475497 seconds
[2021-07-20T13:41:49.500+0000][84.358s][2302588][2302601][info ] Entering safepoint region: ShenandoahInitMark
[2021-07-20T13:41:49.502+0000][84.360s][2302588][2302601][info ] GC(20) Pause Init Mark (process weakrefs) 0.722ms
[2021-07-20T13:41:49.502+0000][84.360s][2302588][2302601][info ] Leaving safepoint region
[2021-07-20T13:41:49.502+0000][84.360s][2302588][2302601][info ] Total time for which application threads were stopped: 0.0030105 seconds, Stopping threads took: 0.0016140 seconds
[2021-07-20T13:41:49.927+0000][84.785s][2302588][2302601][info ] Application time: 0.4252529 seconds
[2021-07-20T13:41:49.928+0000][84.786s][2302588][2302601][info ] Entering safepoint region: HandshakeFallback
[2021-07-20T13:41:49.929+0000][84.787s][2302588][2302601][info ] Leaving safepoint region
[2021-07-20T13:41:49.929+0000][84.787s][2302588][2302601][info ] Total time for which application threads were stopped: 0.0020748 seconds, Stopping threads took: 0.0011844 seconds
[2021-07-20T13:41:49.930+0000][84.788s][2302588][2302601][info ] Application time: 0.0004582 seconds
[2021-07-20T13:41:49.930+0000][84.788s][2302588][2302601][info ] Entering safepoint region: HandshakeFallback
[2021-07-20T13:41:49.930+0000][84.788s][2302588][2302601][info ] Leaving safepoint region
[2021-07-20T13:41:49.930+0000][84.788s][2302588][2302601][info ] Total time for which application threads were stopped: 0.0004269 seconds, Stopping threads took: 0.0001384 seconds
[2021-07-20T13:41:49.930+0000][84.788s][2302588][2302600][info ] GC(20) Concurrent marking (process weakrefs) 428.287ms
[2021-07-20T13:41:49.931+0000][84.789s][2302588][2302600][info ] GC(20) Concurrent precleaning 0.652ms
[2021-07-20T13:41:49.932+0000][84.789s][2302588][2302601][info ] Application time: 0.0012878 seconds
[2021-07-20T13:41:49.932+0000][84.790s][2302588][2302601][info ] Entering safepoint region: ShenandoahFinalMarkStartEvac
[2021-07-20T13:41:49.933+0000][84.791s][2302588][2302601][info ] GC(20) Pause Final Mark (process weakrefs) 1.339ms
[2021-07-20T13:41:49.933+0000][84.791s][2302588][2302601][info ] Leaving safepoint region
[2021-07-20T13:41:49.933+0000][84.791s][2302588][2302601][info ] Total time for which application threads were stopped: 0.0017911 seconds, Stopping threads took: 0.0001792 seconds
[2021-07-20T13:41:49.933+0000][84.791s][2302588][2302600][info ] GC(20) Concurrent cleanup 3934M->3936M(8192M) 0.034ms
[2021-07-20T13:41:49.991+0000][84.849s][2302588][2302600][info ] GC(20) Concurrent evacuation 57.499ms
[2021-07-20T13:41:49.991+0000][84.849s][2302588][2302601][info ] Application time: 0.0576594 seconds
[2021-07-20T13:41:49.991+0000][84.849s][2302588][2302601][info ] Entering safepoint region: ShenandoahInitUpdateRefs
[2021-07-20T13:41:49.992+0000][84.850s][2302588][2302601][info ] GC(20) Pause Init Update Refs 0.039ms
[2021-07-20T13:41:49.992+0000][84.850s][2302588][2302601][info ] Leaving safepoint region
[2021-07-20T13:41:49.992+0000][84.850s][2302588][2302601][info ] Total time for which application threads were stopped: 0.0006473 seconds, Stopping threads took: 0.0002194 seconds
[2021-07-20T13:41:50.571+0000][85.429s][2302588][2302600][info ] GC(20) Concurrent update references 579.692ms
[2021-07-20T13:41:50.571+0000][85.429s][2302588][2302601][info ] Application time: 0.5797874 seconds
[2021-07-20T13:41:50.572+0000][85.430s][2302588][2302601][info ] Entering safepoint region: ShenandoahFinalUpdateRefs
[2021-07-20T13:41:50.573+0000][85.431s][2302588][2302601][info ] GC(20) Pause Final Update Refs 0.466ms
[2021-07-20T13:41:50.573+0000][85.431s][2302588][2302601][info ] Leaving safepoint region
[2021-07-20T13:41:50.573+0000][85.431s][2302588][2302601][info ] Total time for which application threads were stopped: 0.0011489 seconds, Stopping threads took: 0.0002701 seconds
[2021-07-20T13:41:50.573+0000][85.431s][2302588][2302600][info ] GC(20) Concurrent cleanup 5028M->2128M(8192M) 0.090ms
[2021-07-20T13:41:50.855+0000][85.713s][2302588][2302600][info ] Trigger: Average GC time (964.51 ms) is above the time for allocation rate (1939 MB/s) to deplete free headroom (1865M)
[2021-07-20T13:41:50.858+0000][85.716s][2302588][2302600][info ] GC(21) Concurrent reset 2.507ms
[2021-07-20T13:41:50.858+0000][85.716s][2302588][2302601][info ] Application time: 0.2852739 seconds
[2021-07-20T13:41:50.858+0000][85.716s][2302588][2302601][info ] Entering safepoint region: ShenandoahInitMark
[2021-07-20T13:41:50.860+0000][85.718s][2302588][2302601][info ] GC(21) Pause Init Mark 0.648ms
[2021-07-20T13:41:50.860+0000][85.718s][2302588][2302601][info ] Leaving safepoint region
[2021-07-20T13:41:50.860+0000][85.718s][2302588][2302601][info ] Total time for which application threads were stopped: 0.0017085 seconds, Stopping threads took: 0.0005796 seconds
[2021-07-20T13:41:51.120+0000][85.978s][2302588][2302601][info ] Application time: 0.2604007 seconds
[2021-07-20T13:41:51.120+0000][85.978s][2302588][2302601][info ] Entering safepoint region: HandshakeFallback
[2021-07-20T13:41:51.121+0000][85.979s][2302588][2302601][info ] Leaving safepoint region
[2021-07-20T13:41:51.121+0000][85.979s][2302588][2302601][info ] Total time for which application threads were stopped: 0.0009798 seconds, Stopping threads took: 0.0003801 seconds
[2021-07-20T13:41:51.121+0000][85.979s][2302588][2302601][info ] Application time: 0.0001811 seconds
[2021-07-20T13:41:51.121+0000][85.979s][2302588][2302601][info ] Entering safepoint region: HandshakeFallback
[2021-07-20T13:41:51.122+0000][85.980s][2302588][2302601][info ] Leaving safepoint region
[2021-07-20T13:41:51.122+0000][85.980s][2302588][2302601][info ] Total time for which application threads were stopped: 0.0004133 seconds, Stopping threads took: 0.0001503 seconds
[2021-07-20T13:41:51.122+0000][85.980s][2302588][2302600][info ] GC(21) Concurrent marking 262.086ms
[2021-07-20T13:41:51.122+0000][85.980s][2302588][2302601][info ] Application time: 0.0000845 seconds
[2021-07-20T13:41:51.122+0000][85.980s][2302588][2302601][info ] Entering safepoint region: ShenandoahFinalMarkStartEvac
[2021-07-20T13:41:51.123+0000][85.981s][2302588][2302601][info ] GC(21) Pause Final Mark 1.219ms
[2021-07-20T13:41:51.123+0000][85.981s][2302588][2302601][info ] Leaving safepoint region
[2021-07-20T13:41:51.123+0000][85.981s][2302588][2302601][info ] Total time for which application threads were stopped: 0.0015546 seconds, Stopping threads took: 0.0000849 seconds
[2021-07-20T13:41:51.123+0000][85.981s][2302588][2302600][info ] GC(21) Concurrent cleanup 3454M->3458M(8192M) 0.032ms
[2021-07-20T13:41:51.165+0000][86.023s][2302588][2302600][info ] GC(21) Concurrent evacuation 42.040ms
[2021-07-20T13:41:51.166+0000][86.024s][2302588][2302601][info ] Application time: 0.0421890 seconds
[2021-07-20T13:41:51.166+0000][86.024s][2302588][2302601][info ] Entering safepoint region: ShenandoahInitUpdateRefs
[2021-07-20T13:41:51.166+0000][86.024s][2302588][2302601][info ] GC(21) Pause Init Update Refs 0.040ms
[2021-07-20T13:41:51.166+0000][86.024s][2302588][2302601][info ] Leaving safepoint region
[2021-07-20T13:41:51.166+0000][86.024s][2302588][2302601][info ] Total time for which application threads were stopped: 0.0006371 seconds, Stopping threads took: 0.0002192 seconds
[2021-07-20T13:41:51.582+0000][86.440s][2302588][2302600][info ] GC(21) Concurrent update references 416.146ms
[2021-07-20T13:41:51.582+0000][86.440s][2302588][2302601][info ] Application time: 0.4162446 seconds
[2021-07-20T13:41:51.583+0000][86.441s][2302588][2302601][info ] Entering safepoint region: ShenandoahFinalUpdateRefs
[2021-07-20T13:41:51.584+0000][86.441s][2302588][2302601][info ] GC(21) Pause Final Update Refs 0.454ms
[2021-07-20T13:41:51.584+0000][86.442s][2302588][2302601][info ] Leaving safepoint region
[2021-07-20T13:41:51.584+0000][86.442s][2302588][2302601][info ] Total time for which application threads were stopped: 0.0010784 seconds, Stopping threads took: 0.0002255 seconds
[2021-07-20T13:41:51.584+0000][86.442s][2302588][2302600][info ] GC(21) Concurrent cleanup 4307M->1661M(8192M) 0.094ms
[2021-07-20T13:41:51.913+0000][86.771s][2302588][2302600][info ] Trigger: Average GC time (1080.83 ms) is above the time for allocation rate (2130 MB/s) to deplete free headroom (2299M)
[2021-07-20T13:41:51.916+0000][86.774s][2302588][2302600][info ] GC(22) Concurrent reset 2.317ms
[2021-07-20T13:41:51.916+0000][86.774s][2302588][2302601][info ] Application time: 0.3322228 seconds
[2021-07-20T13:41:51.916+0000][86.774s][2302588][2302601][info ] Entering safepoint region: ShenandoahInitMark
[2021-07-20T13:41:51.917+0000][86.775s][2302588][2302601][info ] GC(22) Pause Init Mark 0.654ms
[2021-07-20T13:41:51.918+0000][86.775s][2302588][2302601][info ] Leaving safepoint region
[2021-07-20T13:41:51.918+0000][86.776s][2302588][2302601][info ] Total time for which application threads were stopped: 0.0017400 seconds, Stopping threads took: 0.0006426 seconds
[2021-07-20T13:41:52.305+0000][87.163s][2302588][2302601][info ] Application time: 0.3872497 seconds
[2021-07-20T13:41:52.305+0000][87.163s][2302588][2302601][info ] Entering safepoint region: HandshakeFallback
[2021-07-20T13:41:52.306+0000][87.164s][2302588][2302601][info ] Leaving safepoint region
[2021-07-20T13:41:52.306+0000][87.164s][2302588][2302601][info ] Total time for which application threads were stopped: 0.0010117 seconds, Stopping threads took: 0.0002054 seconds
[2021-07-20T13:41:52.306+0000][87.164s][2302588][2302601][info ] Application time: 0.0002061 seconds
[2021-07-20T13:41:52.306+0000][87.164s][2302588][2302601][info ] Entering safepoint region: HandshakeFallback
[2021-07-20T13:41:52.306+0000][87.164s][2302588][2302601][info ] Leaving safepoint region
[2021-07-20T13:41:52.306+0000][87.164s][2302588][2302601][info ] Total time for which application threads were stopped: 0.0003312 seconds, Stopping threads took: 0.0000867 seconds
[2021-07-20T13:41:52.306+0000][87.164s][2302588][2302600][info ] GC(22) Concurrent marking 388.873ms
[2021-07-20T13:41:52.306+0000][87.164s][2302588][2302601][info ] Application time: 0.0000462 seconds
[2021-07-20T13:41:52.307+0000][87.165s][2302588][2302601][info ] Entering safepoint region: ShenandoahFinalMarkStartEvac
[2021-07-20T13:41:52.308+0000][87.166s][2302588][2302601][info ] GC(22) Pause Final Mark 1.215ms
[2021-07-20T13:41:52.308+0000][87.166s][2302588][2302601][info ] Leaving safepoint region
[2021-07-20T13:41:52.308+0000][87.166s][2302588][2302601][info ] Total time for which application threads were stopped: 0.0015076 seconds, Stopping threads took: 0.0000709 seconds
[2021-07-20T13:41:52.308+0000][87.166s][2302588][2302600][info ] GC(22) Concurrent cleanup 3350M->3354M(8192M) 0.030ms
[2021-07-20T13:41:52.328+0000][87.186s][2302588][2302600][info ] GC(22) Concurrent evacuation 19.532ms
[2021-07-20T13:41:52.328+0000][87.186s][2302588][2302601][info ] Application time: 0.0196638 seconds
[2021-07-20T13:41:52.328+0000][87.186s][2302588][2302601][info ] Entering safepoint region: ShenandoahInitUpdateRefs
[2021-07-20T13:41:52.328+0000][87.186s][2302588][2302601][info ] GC(22) Pause Init Update Refs 0.033ms
[2021-07-20T13:41:52.328+0000][87.186s][2302588][2302601][info ] Leaving safepoint region
[2021-07-20T13:41:52.328+0000][87.186s][2302588][2302601][info ] Total time for which application threads were stopped: 0.0006727 seconds, Stopping threads took: 0.0001988 seconds
[2021-07-20T13:41:53.094+0000][87.952s][2302588][2302600][info ] GC(22) Concurrent update references 765.720ms
[2021-07-20T13:41:53.094+0000][87.952s][2302588][2302601][info ] Application time: 0.7658134 seconds
[2021-07-20T13:41:53.095+0000][87.953s][2302588][2302601][info ] Entering safepoint region: ShenandoahFinalUpdateRefs
[2021-07-20T13:41:53.096+0000][87.954s][2302588][2302601][info ] GC(22) Pause Final Update Refs 0.493ms
[2021-07-20T13:41:53.096+0000][87.954s][2302588][2302601][info ] Leaving safepoint region
[2021-07-20T13:41:53.096+0000][87.954s][2302588][2302601][info ] Total time for which application threads were stopped: 0.0022391 seconds, Stopping threads took: 0.0013083 seconds
[2021-07-20T13:41:53.097+0000][87.954s][2302588][2302600][info ] GC(22) Concurrent cleanup 4683M->2411M(8192M) 0.078ms
[2021-07-20T13:41:53.178+0000][88.036s][2302588][2302600][info ] Trigger: Average GC time (1236.92 ms) is above the time for allocation rate (1850 MB/s) to deplete free headroom (2285M)
[2021-07-20T13:41:53.181+0000][88.039s][2302588][2302600][info ] GC(23) Concurrent reset 2.476ms
[2021-07-20T13:41:53.181+0000][88.039s][2302588][2302601][info ] Application time: 0.0842900 seconds
[2021-07-20T13:41:53.185+0000][88.043s][2302588][2302601][info ] Entering safepoint region: ShenandoahInitMark
[2021-07-20T13:41:53.186+0000][88.044s][2302588][2302601][info ] GC(23) Pause Init Mark 0.623ms
[2021-07-20T13:41:53.186+0000][88.044s][2302588][2302601][info ] Leaving safepoint region
[2021-07-20T13:41:53.186+0000][88.044s][2302588][2302601][info ] Total time for which application threads were stopped: 0.0057306 seconds, Stopping threads took: 0.0045817 seconds
[2021-07-20T13:41:53.535+0000][88.393s][2302588][2302601][info ] Application time: 0.3482074 seconds
[2021-07-20T13:41:53.535+0000][88.393s][2302588][2302601][info ] Entering safepoint region: HandshakeFallback
[2021-07-20T13:41:53.536+0000][88.394s][2302588][2302601][info ] Leaving safepoint region
[2021-07-20T13:41:53.536+0000][88.394s][2302588][2302601][info ] Total time for which application threads were stopped: 0.0008493 seconds, Stopping threads took: 0.0002143 seconds
[2021-07-20T13:41:53.536+0000][88.394s][2302588][2302601][info ] Application time: 0.0001616 seconds
[2021-07-20T13:41:53.536+0000][88.394s][2302588][2302601][info ] Entering safepoint region: HandshakeFallback
[2021-07-20T13:41:53.536+0000][88.394s][2302588][2302601][info ] Leaving safepoint region
[2021-07-20T13:41:53.536+0000][88.394s][2302588][2302601][info ] Total time for which application threads were stopped: 0.0002358 seconds, Stopping threads took: 0.0000550 seconds
[2021-07-20T13:41:53.536+0000][88.394s][2302588][2302600][info ] GC(23) Concurrent marking 349.527ms
[2021-07-20T13:41:53.536+0000][88.394s][2302588][2302601][info ] Application time: 0.0000493 seconds
[2021-07-20T13:41:53.536+0000][88.394s][2302588][2302601][info ] Entering safepoint region: ShenandoahFinalMarkStartEvac
[2021-07-20T13:41:53.537+0000][88.395s][2302588][2302601][info ] GC(23) Pause Final Mark 1.034ms
[2021-07-20T13:41:53.537+0000][88.395s][2302588][2302601][info ] Leaving safepoint region
[2021-07-20T13:41:53.537+0000][88.395s][2302588][2302601][info ] Total time for which application threads were stopped: 0.0012988 seconds, Stopping threads took: 0.0000570 seconds
[2021-07-20T13:41:53.537+0000][88.395s][2302588][2302600][info ] GC(23) Concurrent cleanup 3355M->3359M(8192M) 0.031ms
[2021-07-20T13:41:53.552+0000][88.410s][2302588][2302600][info ] GC(23) Concurrent evacuation 14.910ms
[2021-07-20T13:41:53.552+0000][88.410s][2302588][2302601][info ] Application time: 0.0150672 seconds
[2021-07-20T13:41:53.553+0000][88.411s][2302588][2302601][info ] Entering safepoint region: ShenandoahInitUpdateRefs
[2021-07-20T13:41:53.553+0000][88.411s][2302588][2302601][info ] GC(23) Pause Init Update Refs 0.029ms
[2021-07-20T13:41:53.553+0000][88.411s][2302588][2302601][info ] Leaving safepoint region
[2021-07-20T13:41:53.553+0000][88.411s][2302588][2302601][info ] Total time for which application threads were stopped: 0.0006272 seconds, Stopping threads took: 0.0002005 seconds
[2021-07-20T13:41:54.046+0000][88.904s][2302588][2302600][info ] GC(23) Concurrent update references 493.281ms
[2021-07-20T13:41:54.046+0000][88.904s][2302588][2302601][info ] Application time: 0.4933747 seconds
[2021-07-20T13:41:54.047+0000][88.905s][2302588][2302601][info ] Entering safepoint region: ShenandoahFinalUpdateRefs
[2021-07-20T13:41:54.047+0000][88.905s][2302588][2302601][info ] GC(23) Pause Final Update Refs 0.420ms
[2021-07-20T13:41:54.047+0000][88.905s][2302588][2302601][info ] Leaving safepoint region
[2021-07-20T13:41:54.047+0000][88.905s][2302588][2302601][info ] Total time for which application threads were stopped: 0.0009857 seconds, Stopping threads took: 0.0001848 seconds
[2021-07-20T13:41:54.048+0000][88.906s][2302588][2302600][info ] GC(23) Concurrent cleanup 4246M->1905M(8192M) 0.089ms
[2021-07-20T13:41:54.373+0000][89.231s][2302588][2302600][info ] Trigger: Average GC time (1098.27 ms) is above the time for allocation rate (2041 MB/s) to deplete free headroom (2236M)
[2021-07-20T13:41:54.376+0000][89.234s][2302588][2302600][info ] GC(24) Concurrent reset 2.348ms
[2021-07-20T13:41:54.376+0000][89.234s][2302588][2302601][info ] Application time: 0.3283127 seconds
[2021-07-20T13:41:54.376+0000][89.234s][2302588][2302601][info ] Entering safepoint region: ShenandoahInitMark
[2021-07-20T13:41:54.377+0000][89.235s][2302588][2302601][info ] GC(24) Pause Init Mark 0.566ms
[2021-07-20T13:41:54.377+0000][89.235s][2302588][2302601][info ] Leaving safepoint region
[2021-07-20T13:41:54.377+0000][89.235s][2302588][2302601][info ] Total time for which application threads were stopped: 0.0011513 seconds, Stopping threads took: 0.0002021 seconds
[2021-07-20T13:41:54.942+0000][89.800s][2302588][2302601][info ] Application time: 0.5650701 seconds
[2021-07-20T13:41:54.942+0000][89.800s][2302588][2302601][info ] Entering safepoint region: HandshakeFallback
[2021-07-20T13:41:54.943+0000][89.801s][2302588][2302601][info ] Leaving safepoint region
[2021-07-20T13:41:54.943+0000][89.801s][2302588][2302601][info ] Total time for which application threads were stopped: 0.0010278 seconds, Stopping threads took: 0.0002089 seconds
[2021-07-20T13:41:54.944+0000][89.802s][2302588][2302601][info ] Application time: 0.0008325 seconds
[2021-07-20T13:41:54.944+0000][89.802s][2302588][2302601][info ] Entering safepoint region: HandshakeFallback
[2021-07-20T13:41:54.944+0000][89.802s][2302588][2302601][info ] Leaving safepoint region
[2021-07-20T13:41:54.944+0000][89.802s][2302588][2302601][info ] Total time for which application threads were stopped: 0.0004285 seconds, Stopping threads took: 0.0001557 seconds
[2021-07-20T13:41:54.944+0000][89.802s][2302588][2302600][info ] GC(24) Concurrent marking 567.447ms
[2021-07-20T13:41:54.944+0000][89.802s][2302588][2302601][info ] Application time: 0.0000419 seconds
[2021-07-20T13:41:54.945+0000][89.802s][2302588][2302601][info ] Entering safepoint region: ShenandoahFinalMarkStartEvac
[2021-07-20T13:41:54.946+0000][89.804s][2302588][2302601][info ] GC(24) Pause Final Mark 1.107ms
[2021-07-20T13:41:54.946+0000][89.804s][2302588][2302601][info ] Leaving safepoint region
[2021-07-20T13:41:54.946+0000][89.804s][2302588][2302601][info ] Total time for which application threads were stopped: 0.0013904 seconds, Stopping threads took: 0.0000614 seconds
[2021-07-20T13:41:54.946+0000][89.804s][2302588][2302600][info ] GC(24) Concurrent cleanup 3963M->3966M(8192M) 0.030ms
[2021-07-20T13:41:54.986+0000][89.844s][2302588][2302600][info ] GC(24) Concurrent evacuation 39.689ms
[2021-07-20T13:41:54.986+0000][89.844s][2302588][2302601][info ] Application time: 0.0398297 seconds
[2021-07-20T13:41:54.986+0000][89.844s][2302588][2302601][info ] Entering safepoint region: ShenandoahInitUpdateRefs
[2021-07-20T13:41:54.987+0000][89.845s][2302588][2302601][info ] GC(24) Pause Init Update Refs 0.032ms
[2021-07-20T13:41:54.987+0000][89.845s][2302588][2302601][info ] Leaving safepoint region
[2021-07-20T13:41:54.987+0000][89.845s][2302588][2302601][info ] Total time for which application threads were stopped: 0.0011247 seconds, Stopping threads took: 0.0006994 seconds
[2021-07-20T13:41:55.987+0000][90.845s][2302588][2302601][info ] Application time: 1.0000729 seconds
[2021-07-20T13:41:55.991+0000][90.849s][2302588][2302601][info ] Entering safepoint region: Cleanup
[2021-07-20T13:41:55.992+0000][90.850s][2302588][2302601][info ] Leaving safepoint region
[2021-07-20T13:41:55.992+0000][90.850s][2302588][2302601][info ] Total time for which application threads were stopped: 0.0049758 seconds, Stopping threads took: 0.0044672 seconds
[2021-07-20T13:41:55.996+0000][90.854s][2302588][2302600][info ] GC(24) Concurrent update references 1009.281ms
[2021-07-20T13:41:55.996+0000][90.854s][2302588][2302601][info ] Application time: 0.0042397 seconds
[2021-07-20T13:41:55.996+0000][90.854s][2302588][2302601][info ] Entering safepoint region: ShenandoahFinalUpdateRefs
[2021-07-20T13:41:55.997+0000][90.855s][2302588][2302601][info ] GC(24) Pause Final Update Refs 0.448ms
[2021-07-20T13:41:55.997+0000][90.855s][2302588][2302601][info ] Leaving safepoint region
[2021-07-20T13:41:55.997+0000][90.855s][2302588][2302601][info ] Total time for which application threads were stopped: 0.0010267 seconds, Stopping threads took: 0.0001883 seconds
[2021-07-20T13:41:55.997+0000][90.855s][2302588][2302600][info ] GC(24) Concurrent cleanup 5426M->2974M(8192M) 0.098ms
[2021-07-20T13:41:56.143+0000][91.001s][2302588][2302600][info ] Trigger: Average GC time (1096.34 ms) is above the time for allocation rate (1657 MB/s) to deplete free headroom (1814M)
[2021-07-20T13:41:56.145+0000][91.003s][2302588][2302600][info ] GC(25) Concurrent reset 2.376ms
[2021-07-20T13:41:56.146+0000][91.004s][2302588][2302601][info ] Application time: 0.1482994 seconds
[2021-07-20T13:41:56.146+0000][91.004s][2302588][2302601][info ] Entering safepoint region: ShenandoahInitMark
[2021-07-20T13:41:56.148+0000][91.005s][2302588][2302601][info ] GC(25) Pause Init Mark (process weakrefs) 0.751ms
[2021-07-20T13:41:56.148+0000][91.006s][2302588][2302601][info ] Leaving safepoint region
[2021-07-20T13:41:56.148+0000][91.006s][2302588][2302601][info ] Total time for which application threads were stopped: 0.0019925 seconds, Stopping threads took: 0.0008360 seconds
[2021-07-20T13:41:56.815+0000][91.673s][2302588][2302601][info ] Application time: 0.6674091 seconds
[2021-07-20T13:41:56.815+0000][91.673s][2302588][2302601][info ] Entering safepoint region: HandshakeFallback
[2021-07-20T13:41:56.816+0000][91.674s][2302588][2302601][info ] Leaving safepoint region
[2021-07-20T13:41:56.816+0000][91.674s][2302588][2302601][info ] Total time for which application threads were stopped: 0.0008506 seconds, Stopping threads took: 0.0001859 seconds
[2021-07-20T13:41:56.816+0000][91.674s][2302588][2302601][info ] Application time: 0.0002042 seconds
[2021-07-20T13:41:56.816+0000][91.674s][2302588][2302601][info ] Entering safepoint region: HandshakeFallback
[2021-07-20T13:41:56.816+0000][91.674s][2302588][2302601][info ] Leaving safepoint region
[2021-07-20T13:41:56.816+0000][91.674s][2302588][2302601][info ] Total time for which application threads were stopped: 0.0003702 seconds, Stopping threads took: 0.0001347 seconds
[2021-07-20T13:41:56.817+0000][91.675s][2302588][2302600][info ] GC(25) Concurrent marking (process weakrefs) 668.965ms
[2021-07-20T13:41:56.817+0000][91.675s][2302588][2302600][info ] GC(25) Concurrent precleaning 0.673ms
[2021-07-20T13:41:56.817+0000][91.675s][2302588][2302601][info ] Application time: 0.0008187 seconds
[2021-07-20T13:41:56.817+0000][91.675s][2302588][2302601][info ] Entering safepoint region: ShenandoahFinalMarkStartEvac
[2021-07-20T13:41:56.819+0000][91.677s][2302588][2302601][info ] GC(25) Pause Final Mark (process weakrefs) 1.275ms
[2021-07-20T13:41:56.819+0000][91.677s][2302588][2302601][info ] Leaving safepoint region
[2021-07-20T13:41:56.819+0000][91.677s][2302588][2302601][info ] Total time for which application threads were stopped: 0.0016539 seconds, Stopping threads took: 0.0001347 seconds
[2021-07-20T13:41:56.819+0000][91.677s][2302588][2302600][info ] GC(25) Concurrent cleanup 4420M->4420M(8192M) 0.031ms
[2021-07-20T13:41:56.843+0000][91.701s][2302588][2302600][info ] GC(25) Concurrent evacuation 23.598ms
[2021-07-20T13:41:56.843+0000][91.701s][2302588][2302601][info ] Application time: 0.0237447 seconds
[2021-07-20T13:41:56.843+0000][91.701s][2302588][2302601][info ] Entering safepoint region: ShenandoahInitUpdateRefs
[2021-07-20T13:41:56.843+0000][91.701s][2302588][2302601][info ] GC(25) Pause Init Update Refs 0.037ms
[2021-07-20T13:41:56.843+0000][91.701s][2302588][2302601][info ] Leaving safepoint region
[2021-07-20T13:41:56.843+0000][91.701s][2302588][2302601][info ] Total time for which application threads were stopped: 0.0006670 seconds, Stopping threads took: 0.0002038 seconds
[2021-07-20T13:41:57.806+0000][92.664s][2302588][2302600][info ] GC(25) Concurrent update references 962.581ms
[2021-07-20T13:41:57.806+0000][92.664s][2302588][2302601][info ] Application time: 0.9626668 seconds
[2021-07-20T13:41:57.806+0000][92.664s][2302588][2302601][info ] Entering safepoint region: ShenandoahFinalUpdateRefs
[2021-07-20T13:41:57.807+0000][92.665s][2302588][2302601][info ] GC(25) Pause Final Update Refs 0.507ms
[2021-07-20T13:41:57.807+0000][92.665s][2302588][2302601][info ] Leaving safepoint region
[2021-07-20T13:41:57.807+0000][92.665s][2302588][2302601][info ] Total time for which application threads were stopped: 0.0011951 seconds, Stopping threads took: 0.0002782 seconds
[2021-07-20T13:41:57.807+0000][92.665s][2302588][2302600][info ] GC(25) Concurrent cleanup 6052M->3124M(8192M) 0.090ms
[2021-07-20T13:41:57.813+0000][92.671s][2302588][2302600][info ] Trigger: Average GC time (1213.88 ms) is above the time for allocation rate (1666 MB/s) to deplete free headroom (2019M)
[2021-07-20T13:41:57.816+0000][92.674s][2302588][2302600][info ] GC(26) Concurrent reset 2.835ms
[2021-07-20T13:41:57.816+0000][92.674s][2302588][2302601][info ] Application time: 0.0083743 seconds
[2021-07-20T13:41:57.820+0000][92.678s][2302588][2302601][info ] Entering safepoint region: ShenandoahInitMark
[2021-07-20T13:41:57.821+0000][92.679s][2302588][2302601][info ] GC(26) Pause Init Mark 0.636ms
[2021-07-20T13:41:57.821+0000][92.679s][2302588][2302601][info ] Leaving safepoint region
[2021-07-20T13:41:57.821+0000][92.679s][2302588][2302601][info ] Total time for which application threads were stopped: 0.0054193 seconds, Stopping threads took: 0.0043732 seconds
[2021-07-20T13:41:58.249+0000][93.107s][2302588][2302601][info ] Application time: 0.4277129 seconds
[2021-07-20T13:41:58.251+0000][93.109s][2302588][2302601][info ] Entering safepoint region: HandshakeFallback
[2021-07-20T13:41:58.252+0000][93.110s][2302588][2302601][info ] Leaving safepoint region
[2021-07-20T13:41:58.252+0000][93.110s][2302588][2302601][info ] Total time for which application threads were stopped: 0.0033089 seconds, Stopping threads took: 0.0026042 seconds
[2021-07-20T13:41:58.253+0000][93.111s][2302588][2302601][info ] Application time: 0.0004353 seconds
[2021-07-20T13:41:58.253+0000][93.111s][2302588][2302601][info ] Entering safepoint region: HandshakeFallback
[2021-07-20T13:41:58.253+0000][93.111s][2302588][2302601][info ] Leaving safepoint region
[2021-07-20T13:41:58.253+0000][93.111s][2302588][2302601][info ] Total time for which application threads were stopped: 0.0003504 seconds, Stopping threads took: 0.0000774 seconds
[2021-07-20T13:41:58.253+0000][93.111s][2302588][2302600][info ] GC(26) Concurrent marking 431.897ms
[2021-07-20T13:41:58.253+0000][93.111s][2302588][2302601][info ] Application time: 0.0000752 seconds
[2021-07-20T13:41:58.253+0000][93.111s][2302588][2302601][info ] Entering safepoint region: ShenandoahFinalMarkStartEvac
[2021-07-20T13:41:58.254+0000][93.112s][2302588][2302601][info ] GC(26) Pause Final Mark 1.025ms
[2021-07-20T13:41:58.254+0000][93.112s][2302588][2302601][info ] Leaving safepoint region
[2021-07-20T13:41:58.254+0000][93.112s][2302588][2302601][info ] Total time for which application threads were stopped: 0.0013013 seconds, Stopping threads took: 0.0000400 seconds
[2021-07-20T13:41:58.254+0000][93.112s][2302588][2302600][info ] GC(26) Concurrent cleanup 3968M->3974M(8192M) 0.030ms
[2021-07-20T13:41:58.275+0000][93.133s][2302588][2302600][info ] GC(26) Concurrent evacuation 20.615ms
[2021-07-20T13:41:58.275+0000][93.133s][2302588][2302601][info ] Application time: 0.0207518 seconds
[2021-07-20T13:41:58.275+0000][93.133s][2302588][2302601][info ] Entering safepoint region: ShenandoahInitUpdateRefs
[2021-07-20T13:41:58.276+0000][93.134s][2302588][2302601][info ] GC(26) Pause Init Update Refs 0.030ms
[2021-07-20T13:41:58.276+0000][93.134s][2302588][2302601][info ] Leaving safepoint region
[2021-07-20T13:41:58.276+0000][93.134s][2302588][2302601][info ] Total time for which application threads were stopped: 0.0006975 seconds, Stopping threads took: 0.0002241 seconds
[2021-07-20T13:41:59.144+0000][94.002s][2302588][2302600][info ] GC(26) Concurrent update references 868.083ms
[2021-07-20T13:41:59.144+0000][94.002s][2302588][2302601][info ] Application time: 0.8681793 seconds
[2021-07-20T13:41:59.145+0000][94.003s][2302588][2302601][info ] Entering safepoint region: ShenandoahFinalUpdateRefs
[2021-07-20T13:41:59.146+0000][94.004s][2302588][2302601][info ] GC(26) Pause Final Update Refs 0.460ms
[2021-07-20T13:41:59.146+0000][94.004s][2302588][2302601][info ] Leaving safepoint region
[2021-07-20T13:41:59.146+0000][94.004s][2302588][2302601][info ] Total time for which application threads were stopped: 0.0022452 seconds, Stopping threads took: 0.0013522 seconds
[2021-07-20T13:41:59.146+0000][94.004s][2302588][2302600][info ] GC(26) Concurrent cleanup 5468M->2674M(8192M) 0.098ms
[2021-07-20T13:41:59.228+0000][94.086s][2302588][2302600][info ] Trigger: Average GC time (1334.94 ms) is above the time for allocation rate (1770 MB/s) to deplete free headroom (2362M)
[2021-07-20T13:41:59.231+0000][94.089s][2302588][2302600][info ] GC(27) Concurrent reset 2.756ms
[2021-07-20T13:41:59.231+0000][94.089s][2302588][2302601][info ] Application time: 0.0847525 seconds
[2021-07-20T13:41:59.231+0000][94.089s][2302588][2302601][info ] Entering safepoint region: ShenandoahInitMark
[2021-07-20T13:41:59.232+0000][94.090s][2302588][2302601][info ] GC(27) Pause Init Mark 0.633ms
[2021-07-20T13:41:59.232+0000][94.090s][2302588][2302601][info ] Leaving safepoint region
[2021-07-20T13:41:59.232+0000][94.090s][2302588][2302601][info ] Total time for which application threads were stopped: 0.0013636 seconds, Stopping threads took: 0.0002971 seconds
[2021-07-20T13:41:59.784+0000][94.642s][2302588][2302601][info ] Application time: 0.5510625 seconds
[2021-07-20T13:41:59.784+0000][94.642s][2302588][2302601][info ] Entering safepoint region: HandshakeFallback
[2021-07-20T13:41:59.785+0000][94.643s][2302588][2302601][info ] Leaving safepoint region
[2021-07-20T13:41:59.785+0000][94.643s][2302588][2302601][info ] Total time for which application threads were stopped: 0.0009906 seconds, Stopping threads took: 0.0003224 seconds
[2021-07-20T13:41:59.785+0000][94.643s][2302588][2302601][info ] Application time: 0.0001802 seconds
[2021-07-20T13:41:59.785+0000][94.643s][2302588][2302601][info ] Entering safepoint region: HandshakeFallback
[2021-07-20T13:41:59.785+0000][94.643s][2302588][2302601][info ] Leaving safepoint region
[2021-07-20T13:41:59.785+0000][94.643s][2302588][2302601][info ] Total time for which application threads were stopped: 0.0003610 seconds, Stopping threads took: 0.0000798 seconds
[2021-07-20T13:41:59.785+0000][94.643s][2302588][2302600][info ] GC(27) Concurrent marking 552.688ms
[2021-07-20T13:41:59.785+0000][94.643s][2302588][2302601][info ] Application time: 0.0000574 seconds
[2021-07-20T13:41:59.785+0000][94.643s][2302588][2302601][info ] Entering safepoint region: ShenandoahFinalMarkStartEvac
[2021-07-20T13:41:59.787+0000][94.645s][2302588][2302601][info ] GC(27) Pause Final Mark 1.194ms
[2021-07-20T13:41:59.787+0000][94.645s][2302588][2302601][info ] Leaving safepoint region
[2021-07-20T13:41:59.787+0000][94.645s][2302588][2302601][info ] Total time for which application threads were stopped: 0.0015315 seconds, Stopping threads took: 0.0000753 seconds
[2021-07-20T13:41:59.787+0000][94.645s][2302588][2302600][info ] GC(27) Concurrent cleanup 3977M->3982M(8192M) 0.031ms
[2021-07-20T13:41:59.817+0000][94.675s][2302588][2302600][info ] GC(27) Concurrent evacuation 30.259ms
[2021-07-20T13:41:59.817+0000][94.675s][2302588][2302601][info ] Application time: 0.0304061 seconds
[2021-07-20T13:41:59.817+0000][94.675s][2302588][2302601][info ] Entering safepoint region: ShenandoahInitUpdateRefs
[2021-07-20T13:41:59.818+0000][94.676s][2302588][2302601][info ] GC(27) Pause Init Update Refs 0.037ms
[2021-07-20T13:41:59.818+0000][94.676s][2302588][2302601][info ] Leaving safepoint region
[2021-07-20T13:41:59.818+0000][94.676s][2302588][2302601][info ] Total time for which application threads were stopped: 0.0007208 seconds, Stopping threads took: 0.0002688 seconds
[2021-07-20T13:42:00.553+0000][95.411s][2302588][2302600][info ] GC(27) Concurrent update references 734.592ms
[2021-07-20T13:42:00.553+0000][95.411s][2302588][2302601][info ] Application time: 0.7346989 seconds
[2021-07-20T13:42:00.553+0000][95.411s][2302588][2302601][info ] Entering safepoint region: ShenandoahFinalUpdateRefs
[2021-07-20T13:42:00.554+0000][95.412s][2302588][2302601][info ] GC(27) Pause Final Update Refs 0.410ms
[2021-07-20T13:42:00.554+0000][95.412s][2302588][2302601][info ] Leaving safepoint region
[2021-07-20T13:42:00.554+0000][95.412s][2302588][2302601][info ] Total time for which application threads were stopped: 0.0015657 seconds, Stopping threads took: 0.0007508 seconds
[2021-07-20T13:42:00.554+0000][95.412s][2302588][2302600][info ] GC(27) Concurrent cleanup 5231M->2711M(8192M) 0.105ms
[2021-07-20T13:42:00.621+0000][95.479s][2302588][2302600][info ] Trigger: Average GC time (1363.53 ms) is above the time for allocation rate (1789 MB/s) to deplete free headroom (2439M)
[2021-07-20T13:42:00.623+0000][95.481s][2302588][2302600][info ] GC(28) Concurrent reset 2.396ms
[2021-07-20T13:42:00.623+0000][95.481s][2302588][2302601][info ] Application time: 0.0692670 seconds
[2021-07-20T13:42:00.624+0000][95.482s][2302588][2302601][info ] Entering safepoint region: ShenandoahInitMark
[2021-07-20T13:42:00.625+0000][95.483s][2302588][2302601][info ] GC(28) Pause Init Mark 0.585ms
[2021-07-20T13:42:00.625+0000][95.483s][2302588][2302601][info ] Leaving safepoint region
[2021-07-20T13:42:00.625+0000][95.483s][2302588][2302601][info ] Total time for which application threads were stopped: 0.0012400 seconds, Stopping threads took: 0.0002518 seconds
[2021-07-20T13:42:01.202+0000][96.059s][2302588][2302601][info ] Application time: 0.5767421 seconds
[2021-07-20T13:42:01.202+0000][96.060s][2302588][2302601][info ] Entering safepoint region: HandshakeFallback
[2021-07-20T13:42:01.202+0000][96.060s][2302588][2302601][info ] Leaving safepoint region
[2021-07-20T13:42:01.202+0000][96.060s][2302588][2302601][info ] Total time for which application threads were stopped: 0.0009240 seconds, Stopping threads took: 0.0002521 seconds
[2021-07-20T13:42:01.203+0000][96.061s][2302588][2302601][info ] Application time: 0.0001222 seconds
[2021-07-20T13:42:01.203+0000][96.061s][2302588][2302601][info ] Entering safepoint region: HandshakeFallback
[2021-07-20T13:42:01.203+0000][96.061s][2302588][2302601][info ] Leaving safepoint region
[2021-07-20T13:42:01.203+0000][96.061s][2302588][2302601][info ] Total time for which application threads were stopped: 0.0004036 seconds, Stopping threads took: 0.0001383 seconds
[2021-07-20T13:42:01.203+0000][96.061s][2302588][2302600][info ] GC(28) Concurrent marking 578.311ms
[2021-07-20T13:42:01.203+0000][96.061s][2302588][2302601][info ] Application time: 0.0000786 seconds
[2021-07-20T13:42:01.203+0000][96.061s][2302588][2302601][info ] Entering safepoint region: ShenandoahFinalMarkStartEvac
[2021-07-20T13:42:01.204+0000][96.062s][2302588][2302601][info ] GC(28) Pause Final Mark 1.099ms
[2021-07-20T13:42:01.205+0000][96.062s][2302588][2302601][info ] Leaving safepoint region
[2021-07-20T13:42:01.205+0000][96.063s][2302588][2302601][info ] Total time for which application threads were stopped: 0.0014136 seconds, Stopping threads took: 0.0000548 seconds
[2021-07-20T13:42:01.205+0000][96.063s][2302588][2302600][info ] GC(28) Concurrent cleanup 4045M->4040M(8192M) 0.031ms
[2021-07-20T13:42:01.243+0000][96.101s][2302588][2302600][info ] GC(28) Concurrent evacuation 38.764ms
[2021-07-20T13:42:01.243+0000][96.101s][2302588][2302601][info ] Application time: 0.0389077 seconds
[2021-07-20T13:42:01.244+0000][96.102s][2302588][2302601][info ] Entering safepoint region: ShenandoahInitUpdateRefs
[2021-07-20T13:42:01.244+0000][96.102s][2302588][2302601][info ] GC(28) Pause Init Update Refs 0.035ms
[2021-07-20T13:42:01.244+0000][96.102s][2302588][2302601][info ] Leaving safepoint region
[2021-07-20T13:42:01.244+0000][96.102s][2302588][2302601][info ] Total time for which application threads were stopped: 0.0006130 seconds, Stopping threads took: 0.0002113 seconds
[2021-07-20T13:42:02.233+0000][97.091s][2302588][2302600][info ] GC(28) Concurrent update references 989.279ms
[2021-07-20T13:42:02.233+0000][97.091s][2302588][2302601][info ] Application time: 0.9893687 seconds
[2021-07-20T13:42:02.234+0000][97.092s][2302588][2302601][info ] Entering safepoint region: ShenandoahFinalUpdateRefs
[2021-07-20T13:42:02.235+0000][97.093s][2302588][2302601][info ] GC(28) Pause Final Update Refs 0.497ms
[2021-07-20T13:42:02.235+0000][97.093s][2302588][2302601][info ] Leaving safepoint region
[2021-07-20T13:42:02.235+0000][97.093s][2302588][2302601][info ] Total time for which application threads were stopped: 0.0012151 seconds, Stopping threads took: 0.0002710 seconds
[2021-07-20T13:42:02.235+0000][97.093s][2302588][2302600][info ] GC(28) Concurrent cleanup 5575M->3082M(8192M) 0.086ms
[2021-07-20T13:42:02.236+0000][97.094s][2302588][2302600][info ] Trigger: Average GC time (1512.41 ms) is above the time for allocation rate (1661 MB/s) to deplete free headroom (2312M)
[2021-07-20T13:42:02.239+0000][97.097s][2302588][2302600][info ] GC(29) Concurrent reset 3.293ms
[2021-07-20T13:42:02.239+0000][97.097s][2302588][2302601][info ] Application time: 0.0046411 seconds
[2021-07-20T13:42:02.240+0000][97.098s][2302588][2302601][info ] Entering safepoint region: ShenandoahInitMark
[2021-07-20T13:42:02.241+0000][97.099s][2302588][2302601][info ] GC(29) Pause Init Mark 0.607ms
[2021-07-20T13:42:02.241+0000][97.099s][2302588][2302601][info ] Leaving safepoint region
[2021-07-20T13:42:02.241+0000][97.099s][2302588][2302601][info ] Total time for which application threads were stopped: 0.0019741 seconds, Stopping threads took: 0.0009779 seconds
[2021-07-20T13:42:02.984+0000][97.842s][2302588][2302601][info ] Application time: 0.7423899 seconds
[2021-07-20T13:42:02.984+0000][97.842s][2302588][2302601][info ] Entering safepoint region: HandshakeFallback
[2021-07-20T13:42:02.985+0000][97.843s][2302588][2302601][info ] Leaving safepoint region
[2021-07-20T13:42:02.985+0000][97.843s][2302588][2302601][info ] Total time for which application threads were stopped: 0.0013125 seconds, Stopping threads took: 0.0005856 seconds
[2021-07-20T13:42:02.986+0000][97.844s][2302588][2302601][info ] Application time: 0.0010307 seconds
[2021-07-20T13:42:02.986+0000][97.844s][2302588][2302601][info ] Entering safepoint region: HandshakeFallback
[2021-07-20T13:42:02.987+0000][97.845s][2302588][2302601][info ] Leaving safepoint region
[2021-07-20T13:42:02.987+0000][97.845s][2302588][2302601][info ] Total time for which application threads were stopped: 0.0004364 seconds, Stopping threads took: 0.0001321 seconds
[2021-07-20T13:42:02.987+0000][97.845s][2302588][2302600][info ] GC(29) Concurrent marking 745.241ms
[2021-07-20T13:42:02.987+0000][97.845s][2302588][2302601][info ] Application time: 0.0000591 seconds
[2021-07-20T13:42:02.987+0000][97.845s][2302588][2302601][info ] Entering safepoint region: ShenandoahFinalMarkStartEvac
[2021-07-20T13:42:02.988+0000][97.846s][2302588][2302601][info ] GC(29) Pause Final Mark 1.021ms
[2021-07-20T13:42:02.988+0000][97.846s][2302588][2302601][info ] Leaving safepoint region
[2021-07-20T13:42:02.988+0000][97.846s][2302588][2302601][info ] Total time for which application threads were stopped: 0.0012565 seconds, Stopping threads took: 0.0000312 seconds
[2021-07-20T13:42:02.988+0000][97.846s][2302588][2302600][info ] GC(29) Concurrent cleanup 4278M->4281M(8192M) 0.033ms
[2021-07-20T13:42:03.007+0000][97.865s][2302588][2302600][info ] GC(29) Concurrent evacuation 18.717ms
[2021-07-20T13:42:03.007+0000][97.865s][2302588][2302601][info ] Application time: 0.0188473 seconds
[2021-07-20T13:42:03.007+0000][97.865s][2302588][2302601][info ] Entering safepoint region: ShenandoahInitUpdateRefs
[2021-07-20T13:42:03.007+0000][97.865s][2302588][2302601][info ] GC(29) Pause Init Update Refs 0.030ms
[2021-07-20T13:42:03.007+0000][97.865s][2302588][2302601][info ] Leaving safepoint region
[2021-07-20T13:42:03.007+0000][97.865s][2302588][2302601][info ] Total time for which application threads were stopped: 0.0006143 seconds, Stopping threads took: 0.0001943 seconds
[2021-07-20T13:42:04.008+0000][98.865s][2302588][2302601][info ] Application time: 1.0000694 seconds
[2021-07-20T13:42:04.008+0000][98.866s][2302588][2302601][info ] Entering safepoint region: Cleanup
[2021-07-20T13:42:04.009+0000][98.867s][2302588][2302601][info ] Leaving safepoint region
[2021-07-20T13:42:04.009+0000][98.867s][2302588][2302601][info ] Total time for which application threads were stopped: 0.0013041 seconds, Stopping threads took: 0.0008813 seconds
[2021-07-20T13:42:04.203+0000][99.061s][2302588][2302600][info ] GC(29) Concurrent update references 1195.145ms
[2021-07-20T13:42:04.203+0000][99.061s][2302588][2302601][info ] Application time: 0.1937793 seconds
[2021-07-20T13:42:04.203+0000][99.061s][2302588][2302601][info ] Entering safepoint region: ShenandoahFinalUpdateRefs
[2021-07-20T13:42:04.204+0000][99.062s][2302588][2302601][info ] GC(29) Pause Final Update Refs 0.505ms
[2021-07-20T13:42:04.204+0000][99.062s][2302588][2302601][info ] Leaving safepoint region
[2021-07-20T13:42:04.204+0000][99.062s][2302588][2302601][info ] Total time for which application threads were stopped: 0.0016407 seconds, Stopping threads took: 0.0007262 seconds
[2021-07-20T13:42:04.204+0000][99.062s][2302588][2302600][info ] GC(29) Concurrent cleanup 6024M->3328M(8192M) 0.083ms
[2021-07-20T13:42:04.206+0000][99.064s][2302588][2302600][info ] Trigger: Average GC time (1581.29 ms) is above the time for allocation rate (1479 MB/s) to deplete free headroom (2146M)
[2021-07-20T13:42:04.209+0000][99.067s][2302588][2302600][info ] GC(30) Concurrent reset 3.247ms
[2021-07-20T13:42:04.209+0000][99.067s][2302588][2302601][info ] Application time: 0.0045700 seconds
[2021-07-20T13:42:04.213+0000][99.071s][2302588][2302601][info ] Entering safepoint region: ShenandoahInitMark
[2021-07-20T13:42:04.214+0000][99.072s][2302588][2302601][info ] GC(30) Pause Init Mark (process weakrefs) 0.716ms
[2021-07-20T13:42:04.214+0000][99.072s][2302588][2302601][info ] Leaving safepoint region
[2021-07-20T13:42:04.214+0000][99.072s][2302588][2302601][info ] Total time for which application threads were stopped: 0.0053945 seconds, Stopping threads took: 0.0042227 seconds
[2021-07-20T13:42:04.888+0000][99.746s][2302588][2302601][info ] Application time: 0.6735680 seconds
[2021-07-20T13:42:04.888+0000][99.746s][2302588][2302601][info ] Entering safepoint region: HandshakeFallback
[2021-07-20T13:42:04.889+0000][99.747s][2302588][2302601][info ] Leaving safepoint region
[2021-07-20T13:42:04.889+0000][99.747s][2302588][2302601][info ] Total time for which application threads were stopped: 0.0010917 seconds, Stopping threads took: 0.0003302 seconds
[2021-07-20T13:42:04.890+0000][99.748s][2302588][2302601][info ] Application time: 0.0009980 seconds
[2021-07-20T13:42:04.894+0000][99.752s][2302588][2302601][info ] Entering safepoint region: HandshakeFallback
[2021-07-20T13:42:04.895+0000][99.753s][2302588][2302601][info ] Leaving safepoint region
[2021-07-20T13:42:04.895+0000][99.753s][2302588][2302601][info ] Total time for which application threads were stopped: 0.0045399 seconds, Stopping threads took: 0.0041824 seconds
[2021-07-20T13:42:04.895+0000][99.753s][2302588][2302600][info ] GC(30) Concurrent marking (process weakrefs) 680.293ms
[2021-07-20T13:42:04.895+0000][99.753s][2302588][2302600][info ] GC(30) Concurrent precleaning 0.633ms
[2021-07-20T13:42:04.895+0000][99.753s][2302588][2302601][info ] Application time: 0.0007645 seconds
[2021-07-20T13:42:04.896+0000][99.754s][2302588][2302601][info ] Entering safepoint region: ShenandoahFinalMarkStartEvac
[2021-07-20T13:42:04.897+0000][99.755s][2302588][2302601][info ] GC(30) Pause Final Mark (process weakrefs) 1.391ms
[2021-07-20T13:42:04.897+0000][99.755s][2302588][2302601][info ] Leaving safepoint region
[2021-07-20T13:42:04.897+0000][99.755s][2302588][2302601][info ] Total time for which application threads were stopped: 0.0019141 seconds, Stopping threads took: 0.0001859 seconds
[2021-07-20T13:42:04.897+0000][99.755s][2302588][2302600][info ] GC(30) Concurrent cleanup 4607M->4238M(8192M) 0.041ms
[2021-07-20T13:42:04.922+0000][99.780s][2302588][2302600][info ] GC(30) Concurrent evacuation 24.597ms
[2021-07-20T13:42:04.922+0000][99.780s][2302588][2302601][info ] Application time: 0.0247466 seconds
[2021-07-20T13:42:04.922+0000][99.780s][2302588][2302601][info ] Entering safepoint region: ShenandoahInitUpdateRefs
[2021-07-20T13:42:04.923+0000][99.781s][2302588][2302601][info ] GC(30) Pause Init Update Refs 0.038ms
[2021-07-20T13:42:04.923+0000][99.781s][2302588][2302601][info ] Leaving safepoint region
[2021-07-20T13:42:04.923+0000][99.781s][2302588][2302601][info ] Total time for which application threads were stopped: 0.0006963 seconds, Stopping threads took: 0.0002557 seconds
[2021-07-20T13:42:05.923+0000][100.781s][2302588][2302601][info ] Application time: 1.0000738 seconds
[2021-07-20T13:42:05.927+0000][100.785s][2302588][2302601][info ] Entering safepoint region: Cleanup
[2021-07-20T13:42:05.928+0000][100.786s][2302588][2302601][info ] Leaving safepoint region
[2021-07-20T13:42:05.928+0000][100.786s][2302588][2302601][info ] Total time for which application threads were stopped: 0.0050779 seconds, Stopping threads took: 0.0045912 seconds
[2021-07-20T13:42:05.941+0000][100.799s][2302588][2302600][info ] GC(30) Concurrent update references 1018.160ms
[2021-07-20T13:42:05.941+0000][100.799s][2302588][2302601][info ] Application time: 0.0130512 seconds
[2021-07-20T13:42:05.941+0000][100.799s][2302588][2302601][info ] Entering safepoint region: ShenandoahFinalUpdateRefs
[2021-07-20T13:42:05.942+0000][100.800s][2302588][2302601][info ] GC(30) Pause Final Update Refs 0.405ms
[2021-07-20T13:42:05.942+0000][100.800s][2302588][2302601][info ] Leaving safepoint region
[2021-07-20T13:42:05.942+0000][100.800s][2302588][2302601][info ] Total time for which application threads were stopped: 0.0010186 seconds, Stopping threads took: 0.0002359 seconds
[2021-07-20T13:42:05.942+0000][100.800s][2302588][2302600][info ] GC(30) Concurrent cleanup 5929M->3350M(8192M) 0.097ms
[2021-07-20T13:42:05.943+0000][100.801s][2302588][2302600][info ] Trigger: Average GC time (1595.74 ms) is above the time for allocation rate (1688 MB/s) to deplete free headroom (2206M)
[2021-07-20T13:42:05.948+0000][100.806s][2302588][2302600][info ] GC(31) Concurrent reset 4.240ms
[2021-07-20T13:42:05.948+0000][100.806s][2302588][2302601][info ] Application time: 0.0056610 seconds
[2021-07-20T13:42:05.952+0000][100.810s][2302588][2302601][info ] Entering safepoint region: ShenandoahInitMark
[2021-07-20T13:42:05.953+0000][100.811s][2302588][2302601][info ] GC(31) Pause Init Mark 0.638ms
[2021-07-20T13:42:05.953+0000][100.811s][2302588][2302601][info ] Leaving safepoint region
[2021-07-20T13:42:05.953+0000][100.811s][2302588][2302601][info ] Total time for which application threads were stopped: 0.0053189 seconds, Stopping threads took: 0.0042507 seconds
[2021-07-20T13:42:06.549+0000][101.406s][2302588][2302601][info ] Application time: 0.5954159 seconds
[2021-07-20T13:42:06.549+0000][101.407s][2302588][2302601][info ] Entering safepoint region: HandshakeFallback
[2021-07-20T13:42:06.549+0000][101.407s][2302588][2302601][info ] Leaving safepoint region
[2021-07-20T13:42:06.549+0000][101.407s][2302588][2302601][info ] Total time for which application threads were stopped: 0.0008622 seconds, Stopping threads took: 0.0001947 seconds
[2021-07-20T13:42:06.551+0000][101.409s][2302588][2302601][info ] Application time: 0.0012361 seconds
[2021-07-20T13:42:06.551+0000][101.409s][2302588][2302601][info ] Entering safepoint region: HandshakeFallback
[2021-07-20T13:42:06.551+0000][101.409s][2302588][2302601][info ] Leaving safepoint region
[2021-07-20T13:42:06.551+0000][101.409s][2302588][2302601][info ] Total time for which application threads were stopped: 0.0004342 seconds, Stopping threads took: 0.0001206 seconds
[2021-07-20T13:42:06.551+0000][101.409s][2302588][2302600][info ] GC(31) Concurrent marking 598.044ms
[2021-07-20T13:42:06.551+0000][101.409s][2302588][2302601][info ] Application time: 0.0000442 seconds
[2021-07-20T13:42:06.551+0000][101.409s][2302588][2302601][info ] Entering safepoint region: ShenandoahFinalMarkStartEvac
[2021-07-20T13:42:06.553+0000][101.411s][2302588][2302601][info ] GC(31) Pause Final Mark 1.144ms
[2021-07-20T13:42:06.553+0000][101.411s][2302588][2302601][info ] Leaving safepoint region
[2021-07-20T13:42:06.553+0000][101.411s][2302588][2302601][info ] Total time for which application threads were stopped: 0.0014724 seconds, Stopping threads took: 0.0000942 seconds
[2021-07-20T13:42:06.553+0000][101.411s][2302588][2302600][info ] GC(31) Concurrent cleanup 4538M->4459M(8192M) 0.035ms
[2021-07-20T13:42:06.588+0000][101.446s][2302588][2302600][info ] GC(31) Concurrent evacuation 34.764ms
[2021-07-20T13:42:06.588+0000][101.446s][2302588][2302601][info ] Application time: 0.0349299 seconds
[2021-07-20T13:42:06.588+0000][101.446s][2302588][2302601][info ] Entering safepoint region: ShenandoahInitUpdateRefs
[2021-07-20T13:42:06.588+0000][101.446s][2302588][2302601][info ] GC(31) Pause Init Update Refs 0.036ms
[2021-07-20T13:42:06.588+0000][101.446s][2302588][2302601][info ] Leaving safepoint region
[2021-07-20T13:42:06.588+0000][101.446s][2302588][2302601][info ] Total time for which application threads were stopped: 0.0007461 seconds, Stopping threads took: 0.0002859 seconds
[2021-07-20T13:42:07.588+0000][102.446s][2302588][2302601][info ] Application time: 1.0000717 seconds
[2021-07-20T13:42:07.589+0000][102.447s][2302588][2302601][info ] Entering safepoint region: Cleanup
[2021-07-20T13:42:07.590+0000][102.448s][2302588][2302601][info ] Leaving safepoint region
[2021-07-20T13:42:07.590+0000][102.448s][2302588][2302601][info ] Total time for which application threads were stopped: 0.0012485 seconds, Stopping threads took: 0.0008875 seconds
[2021-07-20T13:42:07.596+0000][102.454s][2302588][2302600][info ] GC(31) Concurrent update references 1007.421ms
[2021-07-20T13:42:07.596+0000][102.454s][2302588][2302601][info ] Application time: 0.0061145 seconds
[2021-07-20T13:42:07.596+0000][102.454s][2302588][2302601][info ] Entering safepoint region: ShenandoahFinalUpdateRefs
[2021-07-20T13:42:07.597+0000][102.455s][2302588][2302601][info ] GC(31) Pause Final Update Refs 0.434ms
[2021-07-20T13:42:07.597+0000][102.455s][2302588][2302601][info ] Leaving safepoint region
[2021-07-20T13:42:07.597+0000][102.455s][2302588][2302601][info ] Total time for which application threads were stopped: 0.0009983 seconds, Stopping threads took: 0.0001770 seconds
[2021-07-20T13:42:07.597+0000][102.455s][2302588][2302600][info ] GC(31) Concurrent cleanup 6161M->3265M(8192M) 0.091ms
[2021-07-20T13:42:07.598+0000][102.456s][2302588][2302600][info ] Trigger: Average GC time (1659.74 ms) is above the time for allocation rate (1722 MB/s) to deplete free headroom (2373M)
[2021-07-20T13:42:07.602+0000][102.460s][2302588][2302600][info ] GC(32) Concurrent reset 3.114ms
[2021-07-20T13:42:07.603+0000][102.461s][2302588][2302601][info ] Application time: 0.0057928 seconds
[2021-07-20T13:42:07.603+0000][102.461s][2302588][2302601][info ] Entering safepoint region: ShenandoahInitMark
[2021-07-20T13:42:07.604+0000][102.462s][2302588][2302601][info ] GC(32) Pause Init Mark 0.583ms
[2021-07-20T13:42:07.604+0000][102.462s][2302588][2302601][info ] Leaving safepoint region
[2021-07-20T13:42:07.604+0000][102.462s][2302588][2302601][info ] Total time for which application threads were stopped: 0.0011700 seconds, Stopping threads took: 0.0001829 seconds
[2021-07-20T13:42:08.341+0000][103.199s][2302588][2302601][info ] Application time: 0.7375405 seconds
[2021-07-20T13:42:08.342+0000][103.200s][2302588][2302601][info ] Entering safepoint region: HandshakeFallback
[2021-07-20T13:42:08.342+0000][103.200s][2302588][2302601][info ] Leaving safepoint region
[2021-07-20T13:42:08.342+0000][103.200s][2302588][2302601][info ] Total time for which application threads were stopped: 0.0009575 seconds, Stopping threads took: 0.0002640 seconds
[2021-07-20T13:42:08.343+0000][103.201s][2302588][2302601][info ] Application time: 0.0009386 seconds
[2021-07-20T13:42:08.344+0000][103.201s][2302588][2302601][info ] Entering safepoint region: HandshakeFallback
[2021-07-20T13:42:08.344+0000][103.202s][2302588][2302601][info ] Leaving safepoint region
[2021-07-20T13:42:08.344+0000][103.202s][2302588][2302601][info ] Total time for which application threads were stopped: 0.0004202 seconds, Stopping threads took: 0.0001197 seconds
[2021-07-20T13:42:08.344+0000][103.202s][2302588][2302600][info ] GC(32) Concurrent marking 739.948ms
[2021-07-20T13:42:08.344+0000][103.202s][2302588][2302601][info ] Application time: 0.0000750 seconds
[2021-07-20T13:42:08.344+0000][103.202s][2302588][2302601][info ] Entering safepoint region: ShenandoahFinalMarkStartEvac
[2021-07-20T13:42:08.345+0000][103.203s][2302588][2302601][info ] GC(32) Pause Final Mark 1.223ms
[2021-07-20T13:42:08.345+0000][103.203s][2302588][2302601][info ] Leaving safepoint region
[2021-07-20T13:42:08.345+0000][103.203s][2302588][2302601][info ] Total time for which application threads were stopped: 0.0014969 seconds, Stopping threads took: 0.0000379 seconds
[2021-07-20T13:42:08.345+0000][103.203s][2302588][2302600][info ] GC(32) Concurrent cleanup 4758M->4762M(8192M) 0.030ms
[2021-07-20T13:42:08.380+0000][103.238s][2302588][2302600][info ] GC(32) Concurrent evacuation 34.191ms
[2021-07-20T13:42:08.380+0000][103.238s][2302588][2302601][info ] Application time: 0.0343224 seconds
[2021-07-20T13:42:08.380+0000][103.238s][2302588][2302601][info ] Entering safepoint region: ShenandoahInitUpdateRefs
[2021-07-20T13:42:08.380+0000][103.238s][2302588][2302601][info ] GC(32) Pause Init Update Refs 0.038ms
[2021-07-20T13:42:08.380+0000][103.238s][2302588][2302601][info ] Leaving safepoint region
[2021-07-20T13:42:08.380+0000][103.238s][2302588][2302601][info ] Total time for which application threads were stopped: 0.0006463 seconds, Stopping threads took: 0.0002267 seconds
[2021-07-20T13:42:09.380+0000][104.238s][2302588][2302601][info ] Application time: 1.0000712 seconds
[2021-07-20T13:42:09.381+0000][104.239s][2302588][2302601][info ] Entering safepoint region: Cleanup
[2021-07-20T13:42:09.382+0000][104.240s][2302588][2302601][info ] Leaving safepoint region
[2021-07-20T13:42:09.382+0000][104.240s][2302588][2302601][info ] Total time for which application threads were stopped: 0.0013790 seconds, Stopping threads took: 0.0009401 seconds
[2021-07-20T13:42:09.394+0000][104.252s][2302588][2302600][info ] GC(32) Concurrent update references 1013.293ms
[2021-07-20T13:42:09.394+0000][104.252s][2302588][2302601][info ] Application time: 0.0118866 seconds
[2021-07-20T13:42:09.394+0000][104.252s][2302588][2302601][info ] Entering safepoint region: ShenandoahFinalUpdateRefs
[2021-07-20T13:42:09.395+0000][104.253s][2302588][2302601][info ] GC(32) Pause Final Update Refs 0.373ms
[2021-07-20T13:42:09.395+0000][104.253s][2302588][2302601][info ] Leaving safepoint region
[2021-07-20T13:42:09.395+0000][104.253s][2302588][2302601][info ] Total time for which application threads were stopped: 0.0008571 seconds, Stopping threads took: 0.0001346 seconds
[2021-07-20T13:42:09.395+0000][104.253s][2302588][2302600][info ] GC(32) Concurrent cleanup 6405M->3510M(8192M) 0.089ms
[2021-07-20T13:42:09.396+0000][104.254s][2302588][2302600][info ] Trigger: Average GC time (1753.79 ms) is above the time for allocation rate (1723 MB/s) to deplete free headroom (2209M)
[2021-07-20T13:42:09.400+0000][104.258s][2302588][2302600][info ] GC(33) Concurrent reset 4.331ms
[2021-07-20T13:42:09.400+0000][104.258s][2302588][2302601][info ] Application time: 0.0056690 seconds
[2021-07-20T13:42:09.401+0000][104.258s][2302588][2302601][info ] Entering safepoint region: ShenandoahInitMark
[2021-07-20T13:42:09.401+0000][104.259s][2302588][2302601][info ] GC(33) Pause Init Mark 0.591ms
[2021-07-20T13:42:09.401+0000][104.259s][2302588][2302601][info ] Leaving safepoint region
[2021-07-20T13:42:09.401+0000][104.259s][2302588][2302601][info ] Total time for which application threads were stopped: 0.0011090 seconds, Stopping threads took: 0.0001670 seconds
[2021-07-20T13:42:09.807+0000][104.665s][2302588][2302601][info ] Application time: 0.4058019 seconds
[2021-07-20T13:42:09.808+0000][104.666s][2302588][2302601][info ] Entering safepoint region: HandshakeFallback
[2021-07-20T13:42:09.809+0000][104.667s][2302588][2302601][info ] Leaving safepoint region
[2021-07-20T13:42:09.809+0000][104.667s][2302588][2302601][info ] Total time for which application threads were stopped: 0.0017909 seconds, Stopping threads took: 0.0009488 seconds
[2021-07-20T13:42:09.810+0000][104.668s][2302588][2302601][info ] Application time: 0.0003948 seconds
[2021-07-20T13:42:09.810+0000][104.668s][2302588][2302601][info ] Entering safepoint region: HandshakeFallback
[2021-07-20T13:42:09.810+0000][104.668s][2302588][2302601][info ] Leaving safepoint region
[2021-07-20T13:42:09.810+0000][104.668s][2302588][2302601][info ] Total time for which application threads were stopped: 0.0003919 seconds, Stopping threads took: 0.0001384 seconds
[2021-07-20T13:42:09.810+0000][104.668s][2302588][2302600][info ] GC(33) Concurrent marking 408.491ms
[2021-07-20T13:42:09.810+0000][104.668s][2302588][2302601][info ] Application time: 0.0000754 seconds
[2021-07-20T13:42:09.810+0000][104.668s][2302588][2302601][info ] Entering safepoint region: ShenandoahFinalMarkStartEvac
[2021-07-20T13:42:09.811+0000][104.669s][2302588][2302601][info ] GC(33) Pause Final Mark 1.102ms
[2021-07-20T13:42:09.811+0000][104.669s][2302588][2302601][info ] Leaving safepoint region
[2021-07-20T13:42:09.811+0000][104.669s][2302588][2302601][info ] Total time for which application threads were stopped: 0.0014073 seconds, Stopping threads took: 0.0000666 seconds
[2021-07-20T13:42:09.811+0000][104.669s][2302588][2302600][info ] GC(33) Concurrent cleanup 4212M->4132M(8192M) 0.035ms
[2021-07-20T13:42:09.867+0000][104.725s][2302588][2302600][info ] GC(33) Concurrent evacuation 55.039ms
[2021-07-20T13:42:09.867+0000][104.725s][2302588][2302601][info ] Application time: 0.0551758 seconds
[2021-07-20T13:42:09.867+0000][104.725s][2302588][2302601][info ] Entering safepoint region: ShenandoahInitUpdateRefs
[2021-07-20T13:42:09.867+0000][104.725s][2302588][2302601][info ] GC(33) Pause Init Update Refs 0.034ms
[2021-07-20T13:42:09.867+0000][104.725s][2302588][2302601][info ] Leaving safepoint region
[2021-07-20T13:42:09.867+0000][104.725s][2302588][2302601][info ] Total time for which application threads were stopped: 0.0007301 seconds, Stopping threads took: 0.0002818 seconds
[2021-07-20T13:42:10.661+0000][105.519s][2302588][2302600][info ] GC(33) Concurrent update references 793.999ms
[2021-07-20T13:42:10.661+0000][105.519s][2302588][2302601][info ] Application time: 0.7940901 seconds
[2021-07-20T13:42:10.662+0000][105.520s][2302588][2302601][info ] Entering safepoint region: ShenandoahFinalUpdateRefs
[2021-07-20T13:42:10.663+0000][105.521s][2302588][2302601][info ] GC(33) Pause Final Update Refs 0.407ms
[2021-07-20T13:42:10.663+0000][105.521s][2302588][2302601][info ] Leaving safepoint region
[2021-07-20T13:42:10.663+0000][105.521s][2302588][2302601][info ] Total time for which application threads were stopped: 0.0015474 seconds, Stopping threads took: 0.0007130 seconds
[2021-07-20T13:42:10.663+0000][105.521s][2302588][2302600][info ] GC(33) Concurrent cleanup 5346M->2270M(8192M) 0.105ms
[2021-07-20T13:42:11.078+0000][105.936s][2302588][2302600][info ] Trigger: Average GC time (1684.47 ms) is above the time for allocation rate (1603 MB/s) to deplete free headroom (2695M)
[2021-07-20T13:42:11.081+0000][105.939s][2302588][2302600][info ] GC(34) Concurrent reset 2.721ms
[2021-07-20T13:42:11.081+0000][105.939s][2302588][2302601][info ] Application time: 0.4179840 seconds
[2021-07-20T13:42:11.082+0000][105.940s][2302588][2302601][info ] Entering safepoint region: ShenandoahInitMark
[2021-07-20T13:42:11.083+0000][105.941s][2302588][2302601][info ] GC(34) Pause Init Mark 0.662ms
[2021-07-20T13:42:11.084+0000][105.942s][2302588][2302601][info ] Leaving safepoint region
[2021-07-20T13:42:11.084+0000][105.942s][2302588][2302601][info ] Total time for which application threads were stopped: 0.0024954 seconds, Stopping threads took: 0.0013894 seconds
[2021-07-20T13:42:11.815+0000][106.673s][2302588][2302601][info ] Application time: 0.7319157 seconds
[2021-07-20T13:42:11.816+0000][106.674s][2302588][2302601][info ] Entering safepoint region: HandshakeFallback
[2021-07-20T13:42:11.817+0000][106.675s][2302588][2302601][info ] Leaving safepoint region
[2021-07-20T13:42:11.817+0000][106.675s][2302588][2302601][info ] Total time for which application threads were stopped: 0.0016169 seconds, Stopping threads took: 0.0008745 seconds
[2021-07-20T13:42:11.818+0000][106.676s][2302588][2302601][info ] Application time: 0.0004648 seconds
[2021-07-20T13:42:11.818+0000][106.676s][2302588][2302601][info ] Entering safepoint region: HandshakeFallback
[2021-07-20T13:42:11.818+0000][106.676s][2302588][2302601][info ] Leaving safepoint region
[2021-07-20T13:42:11.818+0000][106.676s][2302588][2302601][info ] Total time for which application threads were stopped: 0.0002778 seconds, Stopping threads took: 0.0000611 seconds
[2021-07-20T13:42:11.818+0000][106.676s][2302588][2302600][info ] GC(34) Concurrent marking 734.382ms
[2021-07-20T13:42:11.818+0000][106.676s][2302588][2302601][info ] Application time: 0.0000627 seconds
[2021-07-20T13:42:11.818+0000][106.676s][2302588][2302601][info ] Entering safepoint region: ShenandoahFinalMarkStartEvac
[2021-07-20T13:42:11.820+0000][106.678s][2302588][2302601][info ] GC(34) Pause Final Mark 1.199ms
[2021-07-20T13:42:11.820+0000][106.678s][2302588][2302601][info ] Leaving safepoint region
[2021-07-20T13:42:11.820+0000][106.678s][2302588][2302601][info ] Total time for which application threads were stopped: 0.0015781 seconds, Stopping threads took: 0.0001406 seconds
[2021-07-20T13:42:11.820+0000][106.678s][2302588][2302600][info ] GC(34) Concurrent cleanup 4586M->4565M(8192M) 0.043ms
[2021-07-20T13:42:11.862+0000][106.720s][2302588][2302600][info ] GC(34) Concurrent evacuation 42.116ms
[2021-07-20T13:42:11.862+0000][106.720s][2302588][2302601][info ] Application time: 0.0422741 seconds
[2021-07-20T13:42:11.862+0000][106.720s][2302588][2302601][info ] Entering safepoint region: ShenandoahInitUpdateRefs
[2021-07-20T13:42:11.863+0000][106.720s][2302588][2302601][info ] GC(34) Pause Init Update Refs 0.036ms
[2021-07-20T13:42:11.863+0000][106.721s][2302588][2302601][info ] Leaving safepoint region
[2021-07-20T13:42:11.863+0000][106.721s][2302588][2302601][info ] Total time for which application threads were stopped: 0.0006483 seconds, Stopping threads took: 0.0002164 seconds
[2021-07-20T13:42:12.863+0000][107.721s][2302588][2302601][info ] Application time: 1.0000824 seconds
[2021-07-20T13:42:12.863+0000][107.721s][2302588][2302601][info ] Entering safepoint region: Cleanup
[2021-07-20T13:42:12.863+0000][107.721s][2302588][2302601][info ] Leaving safepoint region
[2021-07-20T13:42:12.863+0000][107.721s][2302588][2302601][info ] Total time for which application threads were stopped: 0.0004846 seconds, Stopping threads took: 0.0001221 seconds
[2021-07-20T13:42:12.891+0000][107.749s][2302588][2302600][info ] GC(34) Concurrent update references 1028.474ms
[2021-07-20T13:42:12.891+0000][107.749s][2302588][2302601][info ] Application time: 0.0279471 seconds
[2021-07-20T13:42:12.891+0000][107.749s][2302588][2302601][info ] Entering safepoint region: ShenandoahFinalUpdateRefs
[2021-07-20T13:42:12.892+0000][107.750s][2302588][2302601][info ] GC(34) Pause Final Update Refs 0.484ms
[2021-07-20T13:42:12.892+0000][107.750s][2302588][2302601][info ] Leaving safepoint region
[2021-07-20T13:42:12.892+0000][107.750s][2302588][2302601][info ] Total time for which application threads were stopped: 0.0009888 seconds, Stopping threads took: 0.0001222 seconds
[2021-07-20T13:42:12.892+0000][107.750s][2302588][2302600][info ] GC(34) Concurrent cleanup 6228M->3496M(8192M) 0.082ms
[2021-07-20T13:42:12.893+0000][107.751s][2302588][2302600][info ] Trigger: Average GC time (1653.58 ms) is above the time for allocation rate (1699 MB/s) to deplete free headroom (2390M)
[2021-07-20T13:42:12.896+0000][107.754s][2302588][2302600][info ] GC(35) Concurrent reset 2.296ms
[2021-07-20T13:42:12.896+0000][107.754s][2302588][2302601][info ] Application time: 0.0035916 seconds
[2021-07-20T13:42:12.896+0000][107.754s][2302588][2302601][info ] Entering safepoint region: ShenandoahInitMark
[2021-07-20T13:42:12.897+0000][107.755s][2302588][2302601][info ] GC(35) Pause Init Mark (process weakrefs) 0.628ms
[2021-07-20T13:42:12.897+0000][107.755s][2302588][2302601][info ] Leaving safepoint region
[2021-07-20T13:42:12.897+0000][107.755s][2302588][2302601][info ] Total time for which application threads were stopped: 0.0011201 seconds, Stopping threads took: 0.0001161 seconds
[2021-07-20T13:42:13.096+0000][107.954s][2302588][2302601][info ] Application time: 0.1996436 seconds
[2021-07-20T13:42:13.097+0000][107.955s][2302588][2302601][info ] Entering safepoint region: HandshakeFallback
[2021-07-20T13:42:13.097+0000][107.955s][2302588][2302601][info ] Leaving safepoint region
[2021-07-20T13:42:13.097+0000][107.955s][2302588][2302601][info ] Total time for which application threads were stopped: 0.0005313 seconds, Stopping threads took: 0.0001220 seconds
[2021-07-20T13:42:13.097+0000][107.955s][2302588][2302601][info ] Application time: 0.0000993 seconds
[2021-07-20T13:42:13.097+0000][107.955s][2302588][2302601][info ] Entering safepoint region: HandshakeFallback
[2021-07-20T13:42:13.097+0000][107.955s][2302588][2302601][info ] Leaving safepoint region
[2021-07-20T13:42:13.097+0000][107.955s][2302588][2302601][info ] Total time for which application threads were stopped: 0.0002072 seconds, Stopping threads took: 0.0000337 seconds
[2021-07-20T13:42:13.097+0000][107.955s][2302588][2302600][info ] GC(35) Concurrent marking (process weakrefs) 200.527ms
[2021-07-20T13:42:13.098+0000][107.956s][2302588][2302600][info ] GC(35) Concurrent precleaning 0.410ms
[2021-07-20T13:42:13.098+0000][107.956s][2302588][2302601][info ] Application time: 0.0004597 seconds
[2021-07-20T13:42:13.098+0000][107.956s][2302588][2302601][info ] Entering safepoint region: ShenandoahFinalMarkStartEvac
[2021-07-20T13:42:13.099+0000][107.957s][2302588][2302601][info ] GC(35) Pause Final Mark (process weakrefs) 1.123ms
[2021-07-20T13:42:13.099+0000][107.957s][2302588][2302601][info ] Leaving safepoint region
[2021-07-20T13:42:13.099+0000][107.957s][2302588][2302601][info ] Total time for which application threads were stopped: 0.0013271 seconds, Stopping threads took: 0.0000396 seconds
[2021-07-20T13:42:13.099+0000][107.957s][2302588][2302600][info ] GC(35) Concurrent cleanup 3551M->3549M(8192M) 0.030ms
[2021-07-20T13:42:13.114+0000][107.972s][2302588][2302600][info ] GC(35) Concurrent evacuation 14.897ms
[2021-07-20T13:42:13.114+0000][107.972s][2302588][2302601][info ] Application time: 0.0150236 seconds
[2021-07-20T13:42:13.114+0000][107.972s][2302588][2302601][info ] Entering safepoint region: ShenandoahInitUpdateRefs
[2021-07-20T13:42:13.115+0000][107.973s][2302588][2302601][info ] GC(35) Pause Init Update Refs 0.028ms
[2021-07-20T13:42:13.115+0000][107.973s][2302588][2302601][info ] Leaving safepoint region
[2021-07-20T13:42:13.115+0000][107.973s][2302588][2302601][info ] Total time for which application threads were stopped: 0.0005402 seconds, Stopping threads took: 0.0001463 seconds
[2021-07-20T13:42:13.199+0000][108.057s][2302588][2302600][info ] GC(35) Concurrent update references 84.069ms
[2021-07-20T13:42:13.199+0000][108.057s][2302588][2302601][info ] Application time: 0.0841188 seconds
[2021-07-20T13:42:13.199+0000][108.057s][2302588][2302601][info ] Entering safepoint region: ShenandoahFinalUpdateRefs
[2021-07-20T13:42:13.200+0000][108.058s][2302588][2302601][info ] GC(35) Pause Final Update Refs 0.391ms
[2021-07-20T13:42:13.200+0000][108.058s][2302588][2302601][info ] Leaving safepoint region
[2021-07-20T13:42:13.200+0000][108.058s][2302588][2302601][info ] Total time for which application threads were stopped: 0.0008822 seconds, Stopping threads took: 0.0001151 seconds
[2021-07-20T13:42:13.200+0000][108.058s][2302588][2302600][info ] GC(35) Concurrent cleanup 3604M->498M(8192M) 0.089ms
[2021-07-20T13:42:14.200+0000][109.058s][2302588][2302601][info ] Application time: 1.0000822 seconds
[2021-07-20T13:42:14.200+0000][109.058s][2302588][2302601][info ] Entering safepoint region: Cleanup
[2021-07-20T13:42:14.200+0000][109.058s][2302588][2302601][info ] Leaving safepoint region
[2021-07-20T13:42:14.200+0000][109.058s][2302588][2302601][info ] Total time for which application threads were stopped: 0.0004445 seconds, Stopping threads took: 0.0001036 seconds
[2021-07-20T13:42:15.200+0000][110.058s][2302588][2302601][info ] Application time: 1.0000627 seconds
[2021-07-20T13:42:15.201+0000][110.059s][2302588][2302601][info ] Entering safepoint region: Cleanup
[2021-07-20T13:42:15.201+0000][110.059s][2302588][2302601][info ] Leaving safepoint region
[2021-07-20T13:42:15.201+0000][110.059s][2302588][2302601][info ] Total time for which application threads were stopped: 0.0004588 seconds, Stopping threads took: 0.0001283 seconds
[2021-07-20T13:42:16.201+0000][111.059s][2302588][2302601][info ] Application time: 1.0000867 seconds
[2021-07-20T13:42:16.201+0000][111.059s][2302588][2302601][info ] Entering safepoint region: Cleanup
[2021-07-20T13:42:16.201+0000][111.059s][2302588][2302601][info ] Leaving safepoint region
[2021-07-20T13:42:16.201+0000][111.059s][2302588][2302601][info ] Total time for which application threads were stopped: 0.0004600 seconds, Stopping threads took: 0.0001089 seconds
[2021-07-20T13:42:17.202+0000][112.060s][2302588][2302601][info ] Application time: 1.0000793 seconds
[2021-07-20T13:42:17.202+0000][112.060s][2302588][2302601][info ] Entering safepoint region: Cleanup
[2021-07-20T13:42:17.202+0000][112.060s][2302588][2302601][info ] Leaving safepoint region
[2021-07-20T13:42:17.202+0000][112.060s][2302588][2302601][info ] Total time for which application threads were stopped: 0.0004143 seconds, Stopping threads took: 0.0000980 seconds
[2021-07-20T13:42:18.202+0000][113.060s][2302588][2302601][info ] Application time: 1.0000799 seconds
[2021-07-20T13:42:18.202+0000][113.060s][2302588][2302601][info ] Entering safepoint region: Cleanup
[2021-07-20T13:42:18.203+0000][113.061s][2302588][2302601][info ] Leaving safepoint region
[2021-07-20T13:42:18.203+0000][113.061s][2302588][2302601][info ] Total time for which application threads were stopped: 0.0004620 seconds, Stopping threads took: 0.0001290 seconds
[2021-07-20T13:42:19.203+0000][114.061s][2302588][2302601][info ] Application time: 1.0000889 seconds
[2021-07-20T13:42:19.203+0000][114.061s][2302588][2302601][info ] Entering safepoint region: Cleanup
[2021-07-20T13:42:19.203+0000][114.061s][2302588][2302601][info ] Leaving safepoint region
[2021-07-20T13:42:19.203+0000][114.061s][2302588][2302601][info ] Total time for which application threads were stopped: 0.0004671 seconds, Stopping threads took: 0.0001044 seconds
[2021-07-20T13:42:20.203+0000][115.061s][2302588][2302601][info ] Application time: 1.0000807 seconds
[2021-07-20T13:42:20.203+0000][115.061s][2302588][2302601][info ] Entering safepoint region: Cleanup
[2021-07-20T13:42:20.204+0000][115.062s][2302588][2302601][info ] Leaving safepoint region
[2021-07-20T13:42:20.204+0000][115.062s][2302588][2302601][info ] Total time for which application threads were stopped: 0.0004558 seconds, Stopping threads took: 0.0001162 seconds
[2021-07-20T13:42:21.204+0000][116.062s][2302588][2302601][info ] Application time: 1.0001058 seconds
[2021-07-20T13:42:21.204+0000][116.062s][2302588][2302601][info ] Entering safepoint region: Cleanup
[2021-07-20T13:42:21.204+0000][116.062s][2302588][2302601][info ] Leaving safepoint region
[2021-07-20T13:42:21.204+0000][116.062s][2302588][2302601][info ] Total time for which application threads were stopped: 0.0004014 seconds, Stopping threads took: 0.0000793 seconds
[2021-07-20T13:42:21.977+0000][116.835s][2302588][2302601][info ] Application time: 0.7730915 seconds
[2021-07-20T13:42:21.978+0000][116.835s][2302588][2302601][info ] Entering safepoint region: ICBufferFull
[2021-07-20T13:42:21.978+0000][116.836s][2302588][2302601][info ] Leaving safepoint region
[2021-07-20T13:42:21.978+0000][116.836s][2302588][2302601][info ] Total time for which application threads were stopped: 0.0005827 seconds, Stopping threads took: 0.0000932 seconds
[2021-07-20T13:42:22.978+0000][117.836s][2302588][2302601][info ] Application time: 1.0000929 seconds
[2021-07-20T13:42:22.978+0000][117.836s][2302588][2302601][info ] Entering safepoint region: Cleanup
[2021-07-20T13:42:22.979+0000][117.837s][2302588][2302601][info ] Leaving safepoint region
[2021-07-20T13:42:22.979+0000][117.837s][2302588][2302601][info ] Total time for which application threads were stopped: 0.0004470 seconds, Stopping threads took: 0.0001115 seconds
[2021-07-20T13:42:23.759+0000][118.617s][2302588][2302601][info ] Application time: 0.7806338 seconds
[2021-07-20T13:42:23.759+0000][118.617s][2302588][2302601][info ] Entering safepoint region: ICBufferFull
[2021-07-20T13:42:23.760+0000][118.618s][2302588][2302601][info ] Leaving safepoint region
[2021-07-20T13:42:23.760+0000][118.618s][2302588][2302601][info ] Total time for which application threads were stopped: 0.0006153 seconds, Stopping threads took: 0.0001111 seconds
[2021-07-20T13:42:24.760+0000][119.618s][2302588][2302601][info ] Application time: 1.0000701 seconds
[2021-07-20T13:42:24.764+0000][119.622s][2302588][2302601][info ] Entering safepoint region: Cleanup
[2021-07-20T13:42:24.765+0000][119.623s][2302588][2302601][info ] Leaving safepoint region
[2021-07-20T13:42:24.765+0000][119.623s][2302588][2302601][info ] Total time for which application threads were stopped: 0.0048320 seconds, Stopping threads took: 0.0043814 seconds
[2021-07-20T13:42:25.765+0000][120.623s][2302588][2302601][info ] Application time: 1.0000671 seconds
[2021-07-20T13:42:25.769+0000][120.627s][2302588][2302601][info ] Entering safepoint region: Cleanup
[2021-07-20T13:42:25.770+0000][120.628s][2302588][2302601][info ] Leaving safepoint region
[2021-07-20T13:42:25.770+0000][120.628s][2302588][2302601][info ] Total time for which application threads were stopped: 0.0048188 seconds, Stopping threads took: 0.0043984 seconds
[2021-07-20T13:42:26.231+0000][121.089s][2302588][2302600][info ] Trigger: Average GC time (1367.56 ms) is above the time for allocation rate (377 MB/s) to deplete free headroom (514M)
[2021-07-20T13:42:26.234+0000][121.092s][2302588][2302600][info ] GC(36) Concurrent reset 2.804ms
[2021-07-20T13:42:26.234+0000][121.092s][2302588][2302601][info ] Application time: 0.4642818 seconds
[2021-07-20T13:42:26.239+0000][121.097s][2302588][2302601][info ] Entering safepoint region: ShenandoahInitMark
[2021-07-20T13:42:26.240+0000][121.098s][2302588][2302601][info ] GC(36) Pause Init Mark 0.609ms
[2021-07-20T13:42:26.240+0000][121.098s][2302588][2302601][info ] Leaving safepoint region
[2021-07-20T13:42:26.240+0000][121.098s][2302588][2302601][info ] Total time for which application threads were stopped: 0.0055088 seconds, Stopping threads took: 0.0044712 seconds
[2021-07-20T13:42:26.590+0000][121.448s][2302588][2302601][info ] Application time: 0.3506172 seconds
[2021-07-20T13:42:26.590+0000][121.448s][2302588][2302601][info ] Entering safepoint region: HandshakeFallback
[2021-07-20T13:42:26.591+0000][121.449s][2302588][2302601][info ] Leaving safepoint region
[2021-07-20T13:42:26.591+0000][121.449s][2302588][2302601][info ] Total time for which application threads were stopped: 0.0007864 seconds, Stopping threads took: 0.0001920 seconds
[2021-07-20T13:42:26.591+0000][121.449s][2302588][2302601][info ] Application time: 0.0001149 seconds
[2021-07-20T13:42:26.591+0000][121.449s][2302588][2302601][info ] Entering safepoint region: HandshakeFallback
[2021-07-20T13:42:26.592+0000][121.450s][2302588][2302601][info ] Leaving safepoint region
[2021-07-20T13:42:26.592+0000][121.450s][2302588][2302601][info ] Total time for which application threads were stopped: 0.0003397 seconds, Stopping threads took: 0.0001343 seconds
[2021-07-20T13:42:26.592+0000][121.450s][2302588][2302600][info ] GC(36) Concurrent marking 351.944ms
[2021-07-20T13:42:26.592+0000][121.450s][2302588][2302601][info ] Application time: 0.0000452 seconds
[2021-07-20T13:42:26.592+0000][121.450s][2302588][2302601][info ] Entering safepoint region: ShenandoahFinalMarkStartEvac
[2021-07-20T13:42:26.593+0000][121.451s][2302588][2302601][info ] GC(36) Pause Final Mark 1.153ms
[2021-07-20T13:42:26.593+0000][121.451s][2302588][2302601][info ] Leaving safepoint region
[2021-07-20T13:42:26.593+0000][121.451s][2302588][2302601][info ] Total time for which application threads were stopped: 0.0014398 seconds, Stopping threads took: 0.0000593 seconds
[2021-07-20T13:42:26.593+0000][121.451s][2302588][2302600][info ] GC(36) Concurrent cleanup 6042M->5971M(8192M) 0.035ms
[2021-07-20T13:42:26.764+0000][121.622s][2302588][2302600][info ] GC(36) Concurrent evacuation 170.748ms
[2021-07-20T13:42:26.764+0000][121.622s][2302588][2302601][info ] Application time: 0.1708968 seconds
[2021-07-20T13:42:26.768+0000][121.626s][2302588][2302601][info ] Entering safepoint region: ShenandoahInitUpdateRefs
[2021-07-20T13:42:26.769+0000][121.627s][2302588][2302601][info ] GC(36) Pause Init Update Refs 0.045ms
[2021-07-20T13:42:26.769+0000][121.627s][2302588][2302601][info ] Leaving safepoint region
[2021-07-20T13:42:26.769+0000][121.627s][2302588][2302601][info ] Total time for which application threads were stopped: 0.0050352 seconds, Stopping threads took: 0.0045054 seconds
[2021-07-20T13:42:27.304+0000][122.162s][2302588][2302600][info ] GC(36) Concurrent update references 535.117ms
[2021-07-20T13:42:27.304+0000][122.162s][2302588][2302601][info ] Application time: 0.5352305 seconds
[2021-07-20T13:42:27.305+0000][122.163s][2302588][2302601][info ] Entering safepoint region: ShenandoahFinalUpdateRefs
[2021-07-20T13:42:27.305+0000][122.163s][2302588][2302601][info ] GC(36) Pause Final Update Refs 0.473ms
[2021-07-20T13:42:27.305+0000][122.163s][2302588][2302601][info ] Leaving safepoint region
[2021-07-20T13:42:27.305+0000][122.163s][2302588][2302601][info ] Total time for which application threads were stopped: 0.0011879 seconds, Stopping threads took: 0.0003047 seconds
[2021-07-20T13:42:27.306+0000][122.164s][2302588][2302600][info ] GC(36) Concurrent cleanup 7193M->2033M(8192M) 0.147ms
[2021-07-20T13:42:28.019+0000][122.876s][2302588][2302600][info ] Trigger: Average GC time (1251.73 ms) is above the time for allocation rate (1864 MB/s) to deplete free headroom (2329M)
[2021-07-20T13:42:28.023+0000][122.881s][2302588][2302600][info ] GC(37) Concurrent reset 4.480ms
[2021-07-20T13:42:28.023+0000][122.881s][2302588][2302601][info ] Application time: 0.7176275 seconds
[2021-07-20T13:42:28.023+0000][122.881s][2302588][2302601][info ] Entering safepoint region: ShenandoahInitMark
[2021-07-20T13:42:28.024+0000][122.882s][2302588][2302601][info ] GC(37) Pause Init Mark 0.580ms
[2021-07-20T13:42:28.024+0000][122.882s][2302588][2302601][info ] Leaving safepoint region
[2021-07-20T13:42:28.024+0000][122.882s][2302588][2302601][info ] Total time for which application threads were stopped: 0.0012334 seconds, Stopping threads took: 0.0002131 seconds
[2021-07-20T13:42:28.523+0000][123.381s][2302588][2302601][info ] Application time: 0.4984939 seconds
[2021-07-20T13:42:28.523+0000][123.381s][2302588][2302601][info ] Entering safepoint region: HandshakeFallback
[2021-07-20T13:42:28.524+0000][123.382s][2302588][2302601][info ] Leaving safepoint region
[2021-07-20T13:42:28.524+0000][123.382s][2302588][2302601][info ] Total time for which application threads were stopped: 0.0010467 seconds, Stopping threads took: 0.0002128 seconds
[2021-07-20T13:42:28.525+0000][123.383s][2302588][2302601][info ] Application time: 0.0007863 seconds
[2021-07-20T13:42:28.525+0000][123.383s][2302588][2302601][info ] Entering safepoint region: HandshakeFallback
[2021-07-20T13:42:28.525+0000][123.383s][2302588][2302601][info ] Leaving safepoint region
[2021-07-20T13:42:28.525+0000][123.383s][2302588][2302601][info ] Total time for which application threads were stopped: 0.0003289 seconds, Stopping threads took: 0.0000786 seconds
[2021-07-20T13:42:28.525+0000][123.383s][2302588][2302600][info ] GC(37) Concurrent marking 500.752ms
[2021-07-20T13:42:28.525+0000][123.383s][2302588][2302601][info ] Application time: 0.0000452 seconds
[2021-07-20T13:42:28.525+0000][123.383s][2302588][2302601][info ] Entering safepoint region: ShenandoahFinalMarkStartEvac
[2021-07-20T13:42:28.527+0000][123.384s][2302588][2302601][info ] GC(37) Pause Final Mark 1.119ms
[2021-07-20T13:42:28.527+0000][123.385s][2302588][2302601][info ] Leaving safepoint region
[2021-07-20T13:42:28.527+0000][123.385s][2302588][2302601][info ] Total time for which application threads were stopped: 0.0014029 seconds, Stopping threads took: 0.0000495 seconds
[2021-07-20T13:42:28.527+0000][123.385s][2302588][2302600][info ] GC(37) Concurrent cleanup 4676M->4623M(8192M) 0.036ms
[2021-07-20T13:42:28.598+0000][123.456s][2302588][2302600][info ] GC(37) Concurrent evacuation 71.814ms
[2021-07-20T13:42:28.599+0000][123.457s][2302588][2302601][info ] Application time: 0.0719657 seconds
[2021-07-20T13:42:28.599+0000][123.457s][2302588][2302601][info ] Entering safepoint region: ShenandoahInitUpdateRefs
[2021-07-20T13:42:28.599+0000][123.457s][2302588][2302601][info ] GC(37) Pause Init Update Refs 0.040ms
[2021-07-20T13:42:28.599+0000][123.457s][2302588][2302601][info ] Leaving safepoint region
[2021-07-20T13:42:28.599+0000][123.457s][2302588][2302601][info ] Total time for which application threads were stopped: 0.0006792 seconds, Stopping threads took: 0.0002281 seconds
[2021-07-20T13:42:29.389+0000][124.247s][2302588][2302600][info ] GC(37) Concurrent update references 790.172ms
[2021-07-20T13:42:29.390+0000][124.248s][2302588][2302601][info ] Application time: 0.7902710 seconds
[2021-07-20T13:42:29.390+0000][124.248s][2302588][2302601][info ] Entering safepoint region: ShenandoahFinalUpdateRefs
[2021-07-20T13:42:29.391+0000][124.249s][2302588][2302601][info ] GC(37) Pause Final Update Refs 0.448ms
[2021-07-20T13:42:29.391+0000][124.249s][2302588][2302601][info ] Leaving safepoint region
[2021-07-20T13:42:29.391+0000][124.249s][2302588][2302601][info ] Total time for which application threads were stopped: 0.0011010 seconds, Stopping threads took: 0.0002323 seconds
[2021-07-20T13:42:29.391+0000][124.249s][2302588][2302600][info ] GC(37) Concurrent cleanup 5941M->2629M(8192M) 0.107ms
[2021-07-20T13:42:30.097+0000][124.955s][2302588][2302600][info ] Trigger: Average GC time (1166.90 ms) is above the time for allocation rate (1769 MB/s) to deplete free headroom (2061M)
[2021-07-20T13:42:30.100+0000][124.958s][2302588][2302600][info ] GC(38) Concurrent reset 2.899ms
[2021-07-20T13:42:30.100+0000][124.958s][2302588][2302601][info ] Application time: 0.7094273 seconds
[2021-07-20T13:42:30.102+0000][124.960s][2302588][2302601][info ] Entering safepoint region: ShenandoahInitMark
[2021-07-20T13:42:30.104+0000][124.961s][2302588][2302601][info ] GC(38) Pause Init Mark 0.624ms
[2021-07-20T13:42:30.104+0000][124.962s][2302588][2302601][info ] Leaving safepoint region
[2021-07-20T13:42:30.104+0000][124.962s][2302588][2302601][info ] Total time for which application threads were stopped: 0.0034377 seconds, Stopping threads took: 0.0023572 seconds
[2021-07-20T13:42:30.539+0000][125.397s][2302588][2302601][info ] Application time: 0.4354087 seconds
[2021-07-20T13:42:30.539+0000][125.397s][2302588][2302601][info ] Entering safepoint region: HandshakeFallback
[2021-07-20T13:42:30.540+0000][125.398s][2302588][2302601][info ] Leaving safepoint region
[2021-07-20T13:42:30.540+0000][125.398s][2302588][2302601][info ] Total time for which application threads were stopped: 0.0009738 seconds, Stopping threads took: 0.0002228 seconds
[2021-07-20T13:42:30.541+0000][125.399s][2302588][2302601][info ] Application time: 0.0008033 seconds
[2021-07-20T13:42:30.541+0000][125.399s][2302588][2302601][info ] Entering safepoint region: HandshakeFallback
[2021-07-20T13:42:30.541+0000][125.399s][2302588][2302601][info ] Leaving safepoint region
[2021-07-20T13:42:30.541+0000][125.399s][2302588][2302601][info ] Total time for which application threads were stopped: 0.0003186 seconds, Stopping threads took: 0.0000698 seconds
[2021-07-20T13:42:30.541+0000][125.399s][2302588][2302600][info ] GC(38) Concurrent marking 437.596ms
[2021-07-20T13:42:30.541+0000][125.399s][2302588][2302601][info ] Application time: 0.0000593 seconds
[2021-07-20T13:42:30.541+0000][125.399s][2302588][2302601][info ] Entering safepoint region: ShenandoahFinalMarkStartEvac
[2021-07-20T13:42:30.543+0000][125.401s][2302588][2302601][info ] GC(38) Pause Final Mark 1.120ms
[2021-07-20T13:42:30.543+0000][125.401s][2302588][2302601][info ] Leaving safepoint region
[2021-07-20T13:42:30.543+0000][125.401s][2302588][2302601][info ] Total time for which application threads were stopped: 0.0014403 seconds, Stopping threads took: 0.0000910 seconds
[2021-07-20T13:42:30.543+0000][125.401s][2302588][2302600][info ] GC(38) Concurrent cleanup 4875M->4877M(8192M) 0.033ms
[2021-07-20T13:42:30.556+0000][125.414s][2302588][2302600][info ] GC(38) Concurrent evacuation 13.142ms
[2021-07-20T13:42:30.556+0000][125.414s][2302588][2302601][info ] Application time: 0.0132676 seconds
[2021-07-20T13:42:30.556+0000][125.414s][2302588][2302601][info ] Entering safepoint region: ShenandoahInitUpdateRefs
[2021-07-20T13:42:30.557+0000][125.415s][2302588][2302601][info ] GC(38) Pause Init Update Refs 0.034ms
[2021-07-20T13:42:30.557+0000][125.415s][2302588][2302601][info ] Leaving safepoint region
[2021-07-20T13:42:30.557+0000][125.415s][2302588][2302601][info ] Total time for which application threads were stopped: 0.0006664 seconds, Stopping threads took: 0.0001977 seconds
[2021-07-20T13:42:31.049+0000][125.907s][2302588][2302600][info ] GC(38) Concurrent update references 492.206ms
[2021-07-20T13:42:31.049+0000][125.907s][2302588][2302601][info ] Application time: 0.4923002 seconds
[2021-07-20T13:42:31.051+0000][125.909s][2302588][2302601][info ] Entering safepoint region: ShenandoahFinalUpdateRefs
[2021-07-20T13:42:31.052+0000][125.910s][2302588][2302601][info ] GC(38) Pause Final Update Refs 0.528ms
[2021-07-20T13:42:31.052+0000][125.910s][2302588][2302601][info ] Leaving safepoint region
[2021-07-20T13:42:31.052+0000][125.910s][2302588][2302601][info ] Total time for which application threads were stopped: 0.0032475 seconds, Stopping threads took: 0.0022707 seconds
[2021-07-20T13:42:31.052+0000][125.910s][2302588][2302600][info ] GC(38) Concurrent cleanup 5654M->1958M(8192M) 0.109ms
[2021-07-20T13:42:31.897+0000][126.755s][2302588][2302600][info ] Trigger: Average GC time (1104.50 ms) is above the time for allocation rate (2003 MB/s) to deplete free headroom (2210M)
[2021-07-20T13:42:31.900+0000][126.758s][2302588][2302600][info ] GC(39) Concurrent reset 3.386ms
[2021-07-20T13:42:31.900+0000][126.758s][2302588][2302601][info ] Application time: 0.8482697 seconds
[2021-07-20T13:42:31.901+0000][126.759s][2302588][2302601][info ] Entering safepoint region: ShenandoahInitMark
[2021-07-20T13:42:31.902+0000][126.760s][2302588][2302601][info ] GC(39) Pause Init Mark 0.597ms
[2021-07-20T13:42:31.902+0000][126.760s][2302588][2302601][info ] Leaving safepoint region
[2021-07-20T13:42:31.902+0000][126.760s][2302588][2302601][info ] Total time for which application threads were stopped: 0.0018661 seconds, Stopping threads took: 0.0008765 seconds
[2021-07-20T13:42:32.421+0000][127.279s][2302588][2302601][info ] Application time: 0.5182640 seconds
[2021-07-20T13:42:32.421+0000][127.279s][2302588][2302601][info ] Entering safepoint region: HandshakeFallback
[2021-07-20T13:42:32.422+0000][127.280s][2302588][2302601][info ] Leaving safepoint region
[2021-07-20T13:42:32.422+0000][127.280s][2302588][2302601][info ] Total time for which application threads were stopped: 0.0009061 seconds, Stopping threads took: 0.0002097 seconds
[2021-07-20T13:42:32.422+0000][127.280s][2302588][2302601][info ] Application time: 0.0007312 seconds
[2021-07-20T13:42:32.422+0000][127.280s][2302588][2302601][info ] Entering safepoint region: HandshakeFallback
[2021-07-20T13:42:32.423+0000][127.281s][2302588][2302601][info ] Leaving safepoint region
[2021-07-20T13:42:32.423+0000][127.281s][2302588][2302601][info ] Total time for which application threads were stopped: 0.0003047 seconds, Stopping threads took: 0.0000578 seconds
[2021-07-20T13:42:32.423+0000][127.281s][2302588][2302600][info ] GC(39) Concurrent marking 520.294ms
[2021-07-20T13:42:32.423+0000][127.281s][2302588][2302601][info ] Application time: 0.0000559 seconds
[2021-07-20T13:42:32.423+0000][127.281s][2302588][2302601][info ] Entering safepoint region: ShenandoahFinalMarkStartEvac
[2021-07-20T13:42:32.424+0000][127.282s][2302588][2302601][info ] GC(39) Pause Final Mark 1.125ms
[2021-07-20T13:42:32.424+0000][127.282s][2302588][2302601][info ] Leaving safepoint region
[2021-07-20T13:42:32.424+0000][127.282s][2302588][2302601][info ] Total time for which application threads were stopped: 0.0014046 seconds, Stopping threads took: 0.0000595 seconds
[2021-07-20T13:42:32.424+0000][127.282s][2302588][2302600][info ] GC(39) Concurrent cleanup 4978M->4710M(8192M) 0.037ms
[2021-07-20T13:42:32.445+0000][127.303s][2302588][2302600][info ] GC(39) Concurrent evacuation 20.833ms
[2021-07-20T13:42:32.445+0000][127.303s][2302588][2302601][info ] Application time: 0.0209778 seconds
[2021-07-20T13:42:32.450+0000][127.308s][2302588][2302601][info ] Entering safepoint region: ShenandoahInitUpdateRefs
[2021-07-20T13:42:32.450+0000][127.308s][2302588][2302601][info ] GC(39) Pause Init Update Refs 0.056ms
[2021-07-20T13:42:32.450+0000][127.308s][2302588][2302601][info ] Leaving safepoint region
[2021-07-20T13:42:32.450+0000][127.308s][2302588][2302601][info ] Total time for which application threads were stopped: 0.0049167 seconds, Stopping threads took: 0.0044070 seconds
[2021-07-20T13:42:32.886+0000][127.744s][2302588][2302600][info ] GC(39) Concurrent update references 435.935ms
[2021-07-20T13:42:32.886+0000][127.744s][2302588][2302601][info ] Application time: 0.4360522 seconds
[2021-07-20T13:42:32.886+0000][127.744s][2302588][2302601][info ] Entering safepoint region: ShenandoahFinalUpdateRefs
[2021-07-20T13:42:32.887+0000][127.745s][2302588][2302601][info ] GC(39) Pause Final Update Refs 0.464ms
[2021-07-20T13:42:32.887+0000][127.745s][2302588][2302601][info ] Leaving safepoint region
[2021-07-20T13:42:32.887+0000][127.745s][2302588][2302601][info ] Total time for which application threads were stopped: 0.0011051 seconds, Stopping threads took: 0.0002129 seconds
[2021-07-20T13:42:32.887+0000][127.745s][2302588][2302600][info ] GC(39) Concurrent cleanup 5406M->2046M(8192M) 0.104ms
[2021-07-20T13:42:33.841+0000][128.699s][2302588][2302600][info ] Trigger: Average GC time (939.78 ms) is above the time for allocation rate (2046 MB/s) to deplete free headroom (1919M)
[2021-07-20T13:42:33.844+0000][128.702s][2302588][2302600][info ] GC(40) Concurrent reset 3.143ms
[2021-07-20T13:42:33.844+0000][128.702s][2302588][2302601][info ] Application time: 0.9566347 seconds
[2021-07-20T13:42:33.844+0000][128.702s][2302588][2302601][info ] Entering safepoint region: ShenandoahInitMark
[2021-07-20T13:42:33.845+0000][128.703s][2302588][2302601][info ] GC(40) Pause Init Mark (process weakrefs) 0.620ms
[2021-07-20T13:42:33.845+0000][128.703s][2302588][2302601][info ] Leaving safepoint region
[2021-07-20T13:42:33.845+0000][128.703s][2302588][2302601][info ] Total time for which application threads were stopped: 0.0012884 seconds, Stopping threads took: 0.0002452 seconds
[2021-07-20T13:42:34.257+0000][129.115s][2302588][2302601][info ] Application time: 0.4120906 seconds
[2021-07-20T13:42:34.258+0000][129.116s][2302588][2302601][info ] Entering safepoint region: HandshakeFallback
[2021-07-20T13:42:34.259+0000][129.117s][2302588][2302601][info ] Leaving safepoint region
[2021-07-20T13:42:34.259+0000][129.117s][2302588][2302601][info ] Total time for which application threads were stopped: 0.0017340 seconds, Stopping threads took: 0.0009833 seconds
[2021-07-20T13:42:34.260+0000][129.118s][2302588][2302601][info ] Application time: 0.0006489 seconds
[2021-07-20T13:42:34.260+0000][129.118s][2302588][2302601][info ] Entering safepoint region: HandshakeFallback
[2021-07-20T13:42:34.260+0000][129.118s][2302588][2302601][info ] Leaving safepoint region
[2021-07-20T13:42:34.260+0000][129.118s][2302588][2302601][info ] Total time for which application threads were stopped: 0.0003975 seconds, Stopping threads took: 0.0001278 seconds
[2021-07-20T13:42:34.260+0000][129.118s][2302588][2302600][info ] GC(40) Concurrent marking (process weakrefs) 414.991ms
[2021-07-20T13:42:34.261+0000][129.119s][2302588][2302600][info ] GC(40) Concurrent precleaning 0.670ms
[2021-07-20T13:42:34.261+0000][129.119s][2302588][2302601][info ] Application time: 0.0008053 seconds
[2021-07-20T13:42:34.262+0000][129.120s][2302588][2302601][info ] Entering safepoint region: ShenandoahFinalMarkStartEvac
[2021-07-20T13:42:34.264+0000][129.122s][2302588][2302601][info ] GC(40) Pause Final Mark (process weakrefs) 1.242ms
[2021-07-20T13:42:34.264+0000][129.122s][2302588][2302601][info ] Leaving safepoint region
[2021-07-20T13:42:34.264+0000][129.122s][2302588][2302601][info ] Total time for which application threads were stopped: 0.0030386 seconds, Stopping threads took: 0.0014497 seconds
[2021-07-20T13:42:34.264+0000][129.122s][2302588][2302600][info ] GC(40) Concurrent cleanup 5140M->4973M(8192M) 0.035ms
[2021-07-20T13:42:34.281+0000][129.139s][2302588][2302600][info ] GC(40) Concurrent evacuation 16.614ms
[2021-07-20T13:42:34.281+0000][129.139s][2302588][2302601][info ] Application time: 0.0167550 seconds
[2021-07-20T13:42:34.281+0000][129.139s][2302588][2302601][info ] Entering safepoint region: ShenandoahInitUpdateRefs
[2021-07-20T13:42:34.282+0000][129.139s][2302588][2302601][info ] GC(40) Pause Init Update Refs 0.033ms
[2021-07-20T13:42:34.282+0000][129.139s][2302588][2302601][info ] Leaving safepoint region
[2021-07-20T13:42:34.282+0000][129.140s][2302588][2302601][info ] Total time for which application threads were stopped: 0.0007183 seconds, Stopping threads took: 0.0002378 seconds
[2021-07-20T13:42:34.817+0000][129.675s][2302588][2302600][info ] GC(40) Concurrent update references 535.675ms
[2021-07-20T13:42:34.817+0000][129.675s][2302588][2302601][info ] Application time: 0.5357720 seconds
[2021-07-20T13:42:34.818+0000][129.676s][2302588][2302601][info ] Entering safepoint region: ShenandoahFinalUpdateRefs
[2021-07-20T13:42:34.819+0000][129.677s][2302588][2302601][info ] GC(40) Pause Final Update Refs 0.421ms
[2021-07-20T13:42:34.819+0000][129.677s][2302588][2302601][info ] Leaving safepoint region
[2021-07-20T13:42:34.819+0000][129.677s][2302588][2302601][info ] Total time for which application threads were stopped: 0.0018119 seconds, Stopping threads took: 0.0010233 seconds
[2021-07-20T13:42:34.819+0000][129.677s][2302588][2302600][info ] GC(40) Concurrent cleanup 5853M->2013M(8192M) 0.123ms
[2021-07-20T13:42:35.723+0000][130.581s][2302588][2302600][info ] Trigger: Average GC time (1074.20 ms) is above the time for allocation rate (2023 MB/s) to deplete free headroom (2169M)
[2021-07-20T13:42:35.727+0000][130.585s][2302588][2302600][info ] GC(41) Concurrent reset 3.355ms
[2021-07-20T13:42:35.727+0000][130.585s][2302588][2302601][info ] Application time: 0.9077765 seconds
[2021-07-20T13:42:35.727+0000][130.585s][2302588][2302601][info ] Entering safepoint region: ShenandoahInitMark
[2021-07-20T13:42:35.728+0000][130.586s][2302588][2302601][info ] GC(41) Pause Init Mark 0.587ms
[2021-07-20T13:42:35.728+0000][130.586s][2302588][2302601][info ] Leaving safepoint region
[2021-07-20T13:42:35.728+0000][130.586s][2302588][2302601][info ] Total time for which application threads were stopped: 0.0014441 seconds, Stopping threads took: 0.0004450 seconds
[2021-07-20T13:42:36.191+0000][131.049s][2302588][2302601][info ] Application time: 0.4624254 seconds
[2021-07-20T13:42:36.195+0000][131.053s][2302588][2302601][info ] Entering safepoint region: HandshakeFallback
[2021-07-20T13:42:36.196+0000][131.054s][2302588][2302601][info ] Leaving safepoint region
[2021-07-20T13:42:36.196+0000][131.054s][2302588][2302601][info ] Total time for which application threads were stopped: 0.0053563 seconds, Stopping threads took: 0.0045574 seconds
[2021-07-20T13:42:36.197+0000][131.055s][2302588][2302601][info ] Application time: 0.0011652 seconds
[2021-07-20T13:42:36.198+0000][131.055s][2302588][2302601][info ] Entering safepoint region: HandshakeFallback
[2021-07-20T13:42:36.198+0000][131.056s][2302588][2302601][info ] Leaving safepoint region
[2021-07-20T13:42:36.198+0000][131.056s][2302588][2302601][info ] Total time for which application threads were stopped: 0.0003839 seconds, Stopping threads took: 0.0001010 seconds
[2021-07-20T13:42:36.198+0000][131.056s][2302588][2302600][info ] GC(41) Concurrent marking 469.436ms
[2021-07-20T13:42:36.198+0000][131.056s][2302588][2302601][info ] Application time: 0.0000457 seconds
[2021-07-20T13:42:36.198+0000][131.056s][2302588][2302601][info ] Entering safepoint region: ShenandoahFinalMarkStartEvac
[2021-07-20T13:42:36.199+0000][131.057s][2302588][2302601][info ] GC(41) Pause Final Mark 1.063ms
[2021-07-20T13:42:36.199+0000][131.057s][2302588][2302601][info ] Leaving safepoint region
[2021-07-20T13:42:36.199+0000][131.057s][2302588][2302601][info ] Total time for which application threads were stopped: 0.0013141 seconds, Stopping threads took: 0.0000409 seconds
[2021-07-20T13:42:36.199+0000][131.057s][2302588][2302600][info ] GC(41) Concurrent cleanup 5061M->3729M(8192M) 0.068ms
[2021-07-20T13:42:36.209+0000][131.067s][2302588][2302600][info ] GC(41) Concurrent evacuation 9.557ms
[2021-07-20T13:42:36.209+0000][131.067s][2302588][2302601][info ] Application time: 0.0097393 seconds
[2021-07-20T13:42:36.209+0000][131.067s][2302588][2302601][info ] Entering safepoint region: ShenandoahInitUpdateRefs
[2021-07-20T13:42:36.210+0000][131.068s][2302588][2302601][info ] GC(41) Pause Init Update Refs 0.033ms
[2021-07-20T13:42:36.210+0000][131.068s][2302588][2302601][info ] Leaving safepoint region
[2021-07-20T13:42:36.210+0000][131.068s][2302588][2302601][info ] Total time for which application threads were stopped: 0.0006074 seconds, Stopping threads took: 0.0001788 seconds
[2021-07-20T13:42:36.845+0000][131.703s][2302588][2302600][info ] GC(41) Concurrent update references 634.924ms
[2021-07-20T13:42:36.845+0000][131.703s][2302588][2302601][info ] Application time: 0.6350200 seconds
[2021-07-20T13:42:36.845+0000][131.703s][2302588][2302601][info ] Entering safepoint region: ShenandoahFinalUpdateRefs
[2021-07-20T13:42:36.846+0000][131.704s][2302588][2302601][info ] GC(41) Pause Final Update Refs 0.437ms
[2021-07-20T13:42:36.846+0000][131.704s][2302588][2302601][info ] Leaving safepoint region
[2021-07-20T13:42:36.846+0000][131.704s][2302588][2302601][info ] Total time for which application threads were stopped: 0.0010857 seconds, Stopping threads took: 0.0002457 seconds
[2021-07-20T13:42:36.846+0000][131.704s][2302588][2302600][info ] GC(41) Concurrent cleanup 4723M->2239M(8192M) 0.087ms
[2021-07-20T13:42:37.704+0000][132.562s][2302588][2302600][info ] Trigger: Average GC time (1083.78 ms) is above the time for allocation rate (1980 MB/s) to deplete free headroom (2144M)
[2021-07-20T13:42:37.706+0000][132.564s][2302588][2302600][info ] GC(42) Concurrent reset 2.286ms
[2021-07-20T13:42:37.706+0000][132.564s][2302588][2302601][info ] Application time: 0.8604057 seconds
[2021-07-20T13:42:37.707+0000][132.565s][2302588][2302601][info ] Entering safepoint region: ShenandoahInitMark
[2021-07-20T13:42:37.708+0000][132.566s][2302588][2302601][info ] GC(42) Pause Init Mark 0.612ms
[2021-07-20T13:42:37.708+0000][132.566s][2302588][2302601][info ] Leaving safepoint region
[2021-07-20T13:42:37.708+0000][132.566s][2302588][2302601][info ] Total time for which application threads were stopped: 0.0023090 seconds, Stopping threads took: 0.0012719 seconds
[2021-07-20T13:42:38.232+0000][133.090s][2302588][2302601][info ] Application time: 0.5232803 seconds
[2021-07-20T13:42:38.232+0000][133.090s][2302588][2302601][info ] Entering safepoint region: HandshakeFallback
[2021-07-20T13:42:38.233+0000][133.091s][2302588][2302601][info ] Leaving safepoint region
[2021-07-20T13:42:38.233+0000][133.091s][2302588][2302601][info ] Total time for which application threads were stopped: 0.0008673 seconds, Stopping threads took: 0.0001828 seconds
[2021-07-20T13:42:38.233+0000][133.091s][2302588][2302601][info ] Application time: 0.0006032 seconds
[2021-07-20T13:42:38.233+0000][133.091s][2302588][2302601][info ] Entering safepoint region: HandshakeFallback
[2021-07-20T13:42:38.234+0000][133.092s][2302588][2302601][info ] Leaving safepoint region
[2021-07-20T13:42:38.234+0000][133.092s][2302588][2302601][info ] Total time for which application threads were stopped: 0.0004147 seconds, Stopping threads took: 0.0001471 seconds
[2021-07-20T13:42:38.234+0000][133.092s][2302588][2302600][info ] GC(42) Concurrent marking 525.281ms
[2021-07-20T13:42:38.234+0000][133.092s][2302588][2302601][info ] Application time: 0.0000587 seconds
[2021-07-20T13:42:38.234+0000][133.092s][2302588][2302601][info ] Entering safepoint region: ShenandoahFinalMarkStartEvac
[2021-07-20T13:42:38.235+0000][133.093s][2302588][2302601][info ] GC(42) Pause Final Mark 1.197ms
[2021-07-20T13:42:38.235+0000][133.093s][2302588][2302601][info ] Leaving safepoint region
[2021-07-20T13:42:38.235+0000][133.093s][2302588][2302601][info ] Total time for which application threads were stopped: 0.0014694 seconds, Stopping threads took: 0.0000524 seconds
[2021-07-20T13:42:38.235+0000][133.093s][2302588][2302600][info ] GC(42) Concurrent cleanup 5291M->4196M(8192M) 0.057ms
[2021-07-20T13:42:38.247+0000][133.105s][2302588][2302600][info ] GC(42) Concurrent evacuation 11.172ms
[2021-07-20T13:42:38.247+0000][133.105s][2302588][2302601][info ] Application time: 0.0113324 seconds
[2021-07-20T13:42:38.248+0000][133.106s][2302588][2302601][info ] Entering safepoint region: ShenandoahInitUpdateRefs
[2021-07-20T13:42:38.249+0000][133.107s][2302588][2302601][info ] GC(42) Pause Init Update Refs 0.030ms
[2021-07-20T13:42:38.249+0000][133.107s][2302588][2302601][info ] Leaving safepoint region
[2021-07-20T13:42:38.249+0000][133.107s][2302588][2302601][info ] Total time for which application threads were stopped: 0.0022878 seconds, Stopping threads took: 0.0017971 seconds
[2021-07-20T13:42:38.907+0000][133.764s][2302588][2302600][info ] GC(42) Concurrent update references 657.529ms
[2021-07-20T13:42:38.907+0000][133.765s][2302588][2302601][info ] Application time: 0.6576586 seconds
[2021-07-20T13:42:38.907+0000][133.765s][2302588][2302601][info ] Entering safepoint region: ShenandoahFinalUpdateRefs
[2021-07-20T13:42:38.908+0000][133.766s][2302588][2302601][info ] GC(42) Pause Final Update Refs 0.411ms
[2021-07-20T13:42:38.908+0000][133.766s][2302588][2302601][info ] Leaving safepoint region
[2021-07-20T13:42:38.908+0000][133.766s][2302588][2302601][info ] Total time for which application threads were stopped: 0.0015957 seconds, Stopping threads took: 0.0007855 seconds
[2021-07-20T13:42:38.908+0000][133.766s][2302588][2302600][info ] GC(42) Concurrent cleanup 5244M->2410M(8192M) 0.108ms
[2021-07-20T13:42:39.816+0000][134.674s][2302588][2302600][info ] Trigger: Average GC time (1050.25 ms) is above the time for allocation rate (1940 MB/s) to deplete free headroom (2037M)
[2021-07-20T13:42:39.819+0000][134.677s][2302588][2302600][info ] GC(43) Concurrent reset 2.705ms
[2021-07-20T13:42:39.819+0000][134.677s][2302588][2302601][info ] Application time: 0.9108945 seconds
[2021-07-20T13:42:39.824+0000][134.681s][2302588][2302601][info ] Entering safepoint region: ShenandoahInitMark
[2021-07-20T13:42:39.825+0000][134.683s][2302588][2302601][info ] GC(43) Pause Init Mark 0.630ms
[2021-07-20T13:42:39.825+0000][134.683s][2302588][2302601][info ] Leaving safepoint region
[2021-07-20T13:42:39.825+0000][134.683s][2302588][2302601][info ] Total time for which application threads were stopped: 0.0055120 seconds, Stopping threads took: 0.0044042 seconds
[2021-07-20T13:42:40.247+0000][135.105s][2302588][2302601][info ] Application time: 0.4224523 seconds
[2021-07-20T13:42:40.248+0000][135.106s][2302588][2302601][info ] Entering safepoint region: HandshakeFallback
[2021-07-20T13:42:40.249+0000][135.107s][2302588][2302601][info ] Leaving safepoint region
[2021-07-20T13:42:40.249+0000][135.107s][2302588][2302601][info ] Total time for which application threads were stopped: 0.0019608 seconds, Stopping threads took: 0.0012097 seconds
[2021-07-20T13:42:40.250+0000][135.108s][2302588][2302601][info ] Application time: 0.0009509 seconds
[2021-07-20T13:42:40.250+0000][135.108s][2302588][2302601][info ] Entering safepoint region: HandshakeFallback
[2021-07-20T13:42:40.250+0000][135.108s][2302588][2302601][info ] Leaving safepoint region
[2021-07-20T13:42:40.250+0000][135.108s][2302588][2302601][info ] Total time for which application threads were stopped: 0.0003099 seconds, Stopping threads took: 0.0000636 seconds
[2021-07-20T13:42:40.250+0000][135.108s][2302588][2302600][info ] GC(43) Concurrent marking 425.779ms
[2021-07-20T13:42:40.250+0000][135.108s][2302588][2302601][info ] Application time: 0.0000573 seconds
[2021-07-20T13:42:40.251+0000][135.109s][2302588][2302601][info ] Entering safepoint region: ShenandoahFinalMarkStartEvac
[2021-07-20T13:42:40.252+0000][135.110s][2302588][2302601][info ] GC(43) Pause Final Mark 1.067ms
[2021-07-20T13:42:40.252+0000][135.110s][2302588][2302601][info ] Leaving safepoint region
[2021-07-20T13:42:40.252+0000][135.110s][2302588][2302601][info ] Total time for which application threads were stopped: 0.0013307 seconds, Stopping threads took: 0.0000627 seconds
[2021-07-20T13:42:40.252+0000][135.110s][2302588][2302600][info ] GC(43) Concurrent cleanup 5277M->3701M(8192M) 0.088ms
[2021-07-20T13:42:40.263+0000][135.121s][2302588][2302600][info ] GC(43) Concurrent evacuation 10.766ms
[2021-07-20T13:42:40.263+0000][135.121s][2302588][2302601][info ] Application time: 0.0109897 seconds
[2021-07-20T13:42:40.263+0000][135.121s][2302588][2302601][info ] Entering safepoint region: ShenandoahInitUpdateRefs
[2021-07-20T13:42:40.264+0000][135.122s][2302588][2302601][info ] GC(43) Pause Init Update Refs 0.035ms
[2021-07-20T13:42:40.264+0000][135.122s][2302588][2302601][info ] Leaving safepoint region
[2021-07-20T13:42:40.264+0000][135.122s][2302588][2302601][info ] Total time for which application threads were stopped: 0.0010184 seconds, Stopping threads took: 0.0005391 seconds
[2021-07-20T13:42:40.915+0000][135.773s][2302588][2302600][info ] GC(43) Concurrent update references 650.738ms
[2021-07-20T13:42:40.915+0000][135.773s][2302588][2302601][info ] Application time: 0.6508558 seconds
[2021-07-20T13:42:40.915+0000][135.773s][2302588][2302601][info ] Entering safepoint region: ShenandoahFinalUpdateRefs
[2021-07-20T13:42:40.916+0000][135.774s][2302588][2302601][info ] GC(43) Pause Final Update Refs 0.425ms
[2021-07-20T13:42:40.916+0000][135.774s][2302588][2302601][info ] Leaving safepoint region
[2021-07-20T13:42:40.916+0000][135.774s][2302588][2302601][info ] Total time for which application threads were stopped: 0.0014579 seconds, Stopping threads took: 0.0006464 seconds
[2021-07-20T13:42:40.916+0000][135.774s][2302588][2302600][info ] GC(43) Concurrent cleanup 4741M->2209M(8192M) 0.112ms
[2021-07-20T13:42:41.865+0000][136.723s][2302588][2302600][info ] Trigger: Average GC time (1079.21 ms) is above the time for allocation rate (1990 MB/s) to deplete free headroom (2144M)
[2021-07-20T13:42:41.868+0000][136.726s][2302588][2302600][info ] GC(44) Concurrent reset 2.548ms
[2021-07-20T13:42:41.868+0000][136.726s][2302588][2302601][info ] Application time: 0.9517257 seconds
[2021-07-20T13:42:41.868+0000][136.726s][2302588][2302601][info ] Entering safepoint region: ShenandoahInitMark
[2021-07-20T13:42:41.869+0000][136.727s][2302588][2302601][info ] GC(44) Pause Init Mark 0.582ms
[2021-07-20T13:42:41.869+0000][136.727s][2302588][2302601][info ] Leaving safepoint region
[2021-07-20T13:42:41.869+0000][136.727s][2302588][2302601][info ] Total time for which application threads were stopped: 0.0011705 seconds, Stopping threads took: 0.0001904 seconds
[2021-07-20T13:42:42.350+0000][137.208s][2302588][2302601][info ] Application time: 0.4813268 seconds
[2021-07-20T13:42:42.355+0000][137.213s][2302588][2302601][info ] Entering safepoint region: HandshakeFallback
[2021-07-20T13:42:42.356+0000][137.214s][2302588][2302601][info ] Leaving safepoint region
[2021-07-20T13:42:42.356+0000][137.214s][2302588][2302601][info ] Total time for which application threads were stopped: 0.0053020 seconds, Stopping threads took: 0.0045506 seconds
[2021-07-20T13:42:42.357+0000][137.215s][2302588][2302601][info ] Application time: 0.0013349 seconds
[2021-07-20T13:42:42.357+0000][137.215s][2302588][2302601][info ] Entering safepoint region: HandshakeFallback
[2021-07-20T13:42:42.358+0000][137.216s][2302588][2302601][info ] Leaving safepoint region
[2021-07-20T13:42:42.358+0000][137.216s][2302588][2302601][info ] Total time for which application threads were stopped: 0.0005475 seconds, Stopping threads took: 0.0002014 seconds
[2021-07-20T13:42:42.358+0000][137.216s][2302588][2302600][info ] GC(44) Concurrent marking 488.605ms
[2021-07-20T13:42:42.358+0000][137.216s][2302588][2302601][info ] Application time: 0.0000446 seconds
[2021-07-20T13:42:42.358+0000][137.216s][2302588][2302601][info ] Entering safepoint region: ShenandoahFinalMarkStartEvac
[2021-07-20T13:42:42.359+0000][137.217s][2302588][2302601][info ] GC(44) Pause Final Mark 1.086ms
[2021-07-20T13:42:42.359+0000][137.217s][2302588][2302601][info ] Leaving safepoint region
[2021-07-20T13:42:42.359+0000][137.217s][2302588][2302601][info ] Total time for which application threads were stopped: 0.0013681 seconds, Stopping threads took: 0.0000448 seconds
[2021-07-20T13:42:42.359+0000][137.217s][2302588][2302600][info ] GC(44) Concurrent cleanup 5370M->5358M(8192M) 0.032ms
[2021-07-20T13:42:42.379+0000][137.237s][2302588][2302600][info ] GC(44) Concurrent evacuation 19.788ms
[2021-07-20T13:42:42.379+0000][137.237s][2302588][2302601][info ] Application time: 0.0199336 seconds
[2021-07-20T13:42:42.379+0000][137.237s][2302588][2302601][info ] Entering safepoint region: ShenandoahInitUpdateRefs
[2021-07-20T13:42:42.380+0000][137.238s][2302588][2302601][info ] GC(44) Pause Init Update Refs 0.036ms
[2021-07-20T13:42:42.380+0000][137.238s][2302588][2302601][info ] Leaving safepoint region
[2021-07-20T13:42:42.380+0000][137.238s][2302588][2302601][info ] Total time for which application threads were stopped: 0.0006747 seconds, Stopping threads took: 0.0002549 seconds
[2021-07-20T13:42:43.108+0000][137.966s][2302588][2302600][info ] GC(44) Concurrent update references 728.319ms
[2021-07-20T13:42:43.108+0000][137.966s][2302588][2302601][info ] Application time: 0.7284126 seconds
[2021-07-20T13:42:43.109+0000][137.967s][2302588][2302601][info ] Entering safepoint region: ShenandoahFinalUpdateRefs
[2021-07-20T13:42:43.110+0000][137.968s][2302588][2302601][info ] GC(44) Pause Final Update Refs 0.445ms
[2021-07-20T13:42:43.110+0000][137.968s][2302588][2302601][info ] Leaving safepoint region
[2021-07-20T13:42:43.110+0000][137.968s][2302588][2302601][info ] Total time for which application threads were stopped: 0.0020396 seconds, Stopping threads took: 0.0011586 seconds
[2021-07-20T13:42:43.110+0000][137.968s][2302588][2302600][info ] GC(44) Concurrent cleanup 6542M->2447M(8192M) 0.134ms
[2021-07-20T13:42:43.980+0000][138.838s][2302588][2302600][info ] Trigger: Average GC time (1130.16 ms) is above the time for allocation rate (1945 MB/s) to deplete free headroom (2193M)
[2021-07-20T13:42:43.983+0000][138.841s][2302588][2302600][info ] GC(45) Concurrent reset 3.615ms
[2021-07-20T13:42:43.983+0000][138.841s][2302588][2302601][info ] Application time: 0.8731157 seconds
[2021-07-20T13:42:43.984+0000][138.842s][2302588][2302601][info ] Entering safepoint region: ShenandoahInitMark
[2021-07-20T13:42:43.985+0000][138.843s][2302588][2302601][info ] GC(45) Pause Init Mark (process weakrefs) 0.593ms
[2021-07-20T13:42:43.985+0000][138.843s][2302588][2302601][info ] Leaving safepoint region
[2021-07-20T13:42:43.985+0000][138.843s][2302588][2302601][info ] Total time for which application threads were stopped: 0.0019628 seconds, Stopping threads took: 0.0009552 seconds
[2021-07-20T13:42:44.565+0000][139.422s][2302588][2302601][info ] Application time: 0.5790995 seconds
[2021-07-20T13:42:44.565+0000][139.423s][2302588][2302601][info ] Entering safepoint region: HandshakeFallback
[2021-07-20T13:42:44.566+0000][139.423s][2302588][2302601][info ] Leaving safepoint region
[2021-07-20T13:42:44.566+0000][139.424s][2302588][2302601][info ] Total time for which application threads were stopped: 0.0009769 seconds, Stopping threads took: 0.0002526 seconds
[2021-07-20T13:42:44.567+0000][139.425s][2302588][2302601][info ] Application time: 0.0010288 seconds
[2021-07-20T13:42:44.567+0000][139.425s][2302588][2302601][info ] Entering safepoint region: HandshakeFallback
[2021-07-20T13:42:44.567+0000][139.425s][2302588][2302601][info ] Leaving safepoint region
[2021-07-20T13:42:44.567+0000][139.425s][2302588][2302601][info ] Total time for which application threads were stopped: 0.0004916 seconds, Stopping threads took: 0.0001822 seconds
[2021-07-20T13:42:44.567+0000][139.425s][2302588][2302600][info ] GC(45) Concurrent marking (process weakrefs) 581.721ms
[2021-07-20T13:42:44.568+0000][139.426s][2302588][2302600][info ] GC(45) Concurrent precleaning 0.406ms
[2021-07-20T13:42:44.568+0000][139.426s][2302588][2302601][info ] Application time: 0.0005107 seconds
[2021-07-20T13:42:44.568+0000][139.426s][2302588][2302601][info ] Entering safepoint region: ShenandoahFinalMarkStartEvac
[2021-07-20T13:42:44.569+0000][139.427s][2302588][2302601][info ] GC(45) Pause Final Mark (process weakrefs) 1.169ms
[2021-07-20T13:42:44.569+0000][139.427s][2302588][2302601][info ] Leaving safepoint region
[2021-07-20T13:42:44.569+0000][139.427s][2302588][2302601][info ] Total time for which application threads were stopped: 0.0015883 seconds, Stopping threads took: 0.0001496 seconds
[2021-07-20T13:42:44.569+0000][139.427s][2302588][2302600][info ] GC(45) Concurrent cleanup 5607M->5324M(8192M) 0.046ms
[2021-07-20T13:42:44.610+0000][139.468s][2302588][2302600][info ] GC(45) Concurrent evacuation 40.892ms
[2021-07-20T13:42:44.610+0000][139.468s][2302588][2302601][info ] Application time: 0.0410627 seconds
[2021-07-20T13:42:44.611+0000][139.469s][2302588][2302601][info ] Entering safepoint region: ShenandoahInitUpdateRefs
[2021-07-20T13:42:44.612+0000][139.470s][2302588][2302601][info ] GC(45) Pause Init Update Refs 0.042ms
[2021-07-20T13:42:44.612+0000][139.470s][2302588][2302601][info ] Leaving safepoint region
[2021-07-20T13:42:44.612+0000][139.470s][2302588][2302601][info ] Total time for which application threads were stopped: 0.0015425 seconds, Stopping threads took: 0.0010773 seconds
[2021-07-20T13:42:45.309+0000][140.167s][2302588][2302600][info ] GC(45) Concurrent update references 697.504ms
[2021-07-20T13:42:45.309+0000][140.167s][2302588][2302601][info ] Application time: 0.6975922 seconds
[2021-07-20T13:42:45.310+0000][140.168s][2302588][2302601][info ] Entering safepoint region: ShenandoahFinalUpdateRefs
[2021-07-20T13:42:45.310+0000][140.168s][2302588][2302601][info ] GC(45) Pause Final Update Refs 0.374ms
[2021-07-20T13:42:45.310+0000][140.168s][2302588][2302601][info ] Leaving safepoint region
[2021-07-20T13:42:45.310+0000][140.168s][2302588][2302601][info ] Total time for which application threads were stopped: 0.0009070 seconds, Stopping threads took: 0.0001656 seconds
[2021-07-20T13:42:45.311+0000][140.168s][2302588][2302600][info ] GC(45) Concurrent cleanup 6471M->2615M(8192M) 0.105ms
[2021-07-20T13:42:46.310+0000][141.168s][2302588][2302601][info ] Application time: 1.0000933 seconds
[2021-07-20T13:42:46.311+0000][141.169s][2302588][2302601][info ] Entering safepoint region: Cleanup
[2021-07-20T13:42:46.311+0000][141.169s][2302588][2302601][info ] Leaving safepoint region
[2021-07-20T13:42:46.311+0000][141.169s][2302588][2302601][info ] Total time for which application threads were stopped: 0.0004342 seconds, Stopping threads took: 0.0001223 seconds
[2021-07-20T13:42:47.311+0000][142.169s][2302588][2302601][info ] Application time: 1.0000906 seconds
[2021-07-20T13:42:47.311+0000][142.169s][2302588][2302601][info ] Entering safepoint region: Cleanup
[2021-07-20T13:42:47.312+0000][142.170s][2302588][2302601][info ] Leaving safepoint region
[2021-07-20T13:42:47.312+0000][142.170s][2302588][2302601][info ] Total time for which application threads were stopped: 0.0006871 seconds, Stopping threads took: 0.0002783 seconds
[2021-07-20T13:42:48.312+0000][143.170s][2302588][2302601][info ] Application time: 1.0000953 seconds
[2021-07-20T13:42:48.312+0000][143.170s][2302588][2302601][info ] Entering safepoint region: Cleanup
[2021-07-20T13:42:48.312+0000][143.170s][2302588][2302601][info ] Leaving safepoint region
[2021-07-20T13:42:48.312+0000][143.170s][2302588][2302601][info ] Total time for which application threads were stopped: 0.0003266 seconds, Stopping threads took: 0.0000550 seconds
[2021-07-20T13:42:49.312+0000][144.170s][2302588][2302601][info ] Application time: 1.0000895 seconds
[2021-07-20T13:42:49.312+0000][144.170s][2302588][2302601][info ] Entering safepoint region: Cleanup
[2021-07-20T13:42:49.313+0000][144.171s][2302588][2302601][info ] Leaving safepoint region
[2021-07-20T13:42:49.313+0000][144.171s][2302588][2302601][info ] Total time for which application threads were stopped: 0.0004285 seconds, Stopping threads took: 0.0000658 seconds
[2021-07-20T13:42:50.313+0000][145.171s][2302588][2302601][info ] Application time: 1.0000876 seconds
[2021-07-20T13:42:50.313+0000][145.171s][2302588][2302601][info ] Entering safepoint region: Cleanup
[2021-07-20T13:42:50.313+0000][145.171s][2302588][2302601][info ] Leaving safepoint region
[2021-07-20T13:42:50.313+0000][145.171s][2302588][2302601][info ] Total time for which application threads were stopped: 0.0002156 seconds, Stopping threads took: 0.0000370 seconds
[2021-07-20T13:42:51.313+0000][146.171s][2302588][2302601][info ] Application time: 1.0001044 seconds
[2021-07-20T13:42:51.313+0000][146.171s][2302588][2302601][info ] Entering safepoint region: Cleanup
[2021-07-20T13:42:51.314+0000][146.172s][2302588][2302601][info ] Leaving safepoint region
[2021-07-20T13:42:51.314+0000][146.172s][2302588][2302601][info ] Total time for which application threads were stopped: 0.0004883 seconds, Stopping threads took: 0.0001130 seconds
[2021-07-20T13:42:52.314+0000][147.172s][2302588][2302601][info ] Application time: 1.0000867 seconds
[2021-07-20T13:42:52.314+0000][147.172s][2302588][2302601][info ] Entering safepoint region: Cleanup
[2021-07-20T13:42:52.314+0000][147.172s][2302588][2302601][info ] Leaving safepoint region
[2021-07-20T13:42:52.314+0000][147.172s][2302588][2302601][info ] Total time for which application threads were stopped: 0.0002590 seconds, Stopping threads took: 0.0000488 seconds
[2021-07-20T13:42:53.314+0000][148.172s][2302588][2302601][info ] Application time: 1.0000889 seconds
[2021-07-20T13:42:53.314+0000][148.172s][2302588][2302601][info ] Entering safepoint region: Cleanup
[2021-07-20T13:42:53.315+0000][148.173s][2302588][2302601][info ] Leaving safepoint region
[2021-07-20T13:42:53.315+0000][148.173s][2302588][2302601][info ] Total time for which application threads were stopped: 0.0003247 seconds, Stopping threads took: 0.0000953 seconds
[2021-07-20T13:42:54.315+0000][149.173s][2302588][2302601][info ] Application time: 1.0000951 seconds
[2021-07-20T13:42:54.315+0000][149.173s][2302588][2302601][info ] Entering safepoint region: Cleanup
[2021-07-20T13:42:54.315+0000][149.173s][2302588][2302601][info ] Leaving safepoint region
[2021-07-20T13:42:54.315+0000][149.173s][2302588][2302601][info ] Total time for which application threads were stopped: 0.0003956 seconds, Stopping threads took: 0.0000855 seconds
[2021-07-20T13:42:55.315+0000][150.173s][2302588][2302601][info ] Application time: 1.0000990 seconds
[2021-07-20T13:42:55.315+0000][150.173s][2302588][2302601][info ] Entering safepoint region: Cleanup
[2021-07-20T13:42:55.316+0000][150.174s][2302588][2302601][info ] Leaving safepoint region
[2021-07-20T13:42:55.316+0000][150.174s][2302588][2302601][info ] Total time for which application threads were stopped: 0.0004281 seconds, Stopping threads took: 0.0000782 seconds
[2021-07-20T13:42:56.316+0000][151.174s][2302588][2302601][info ] Application time: 1.0001003 seconds
[2021-07-20T13:42:56.316+0000][151.174s][2302588][2302601][info ] Entering safepoint region: Cleanup
[2021-07-20T13:42:56.316+0000][151.174s][2302588][2302601][info ] Leaving safepoint region
[2021-07-20T13:42:56.316+0000][151.174s][2302588][2302601][info ] Total time for which application threads were stopped: 0.0002383 seconds, Stopping threads took: 0.0000454 seconds
[2021-07-20T13:42:57.316+0000][152.174s][2302588][2302601][info ] Application time: 1.0000593 seconds
[2021-07-20T13:42:57.316+0000][152.174s][2302588][2302601][info ] Entering safepoint region: Cleanup
[2021-07-20T13:42:57.317+0000][152.175s][2302588][2302601][info ] Leaving safepoint region
[2021-07-20T13:42:57.317+0000][152.175s][2302588][2302601][info ] Total time for which application threads were stopped: 0.0006207 seconds, Stopping threads took: 0.0001219 seconds
[2021-07-20T13:42:58.317+0000][153.175s][2302588][2302601][info ] Application time: 1.0000694 seconds
[2021-07-20T13:42:58.318+0000][153.176s][2302588][2302601][info ] Entering safepoint region: Cleanup
[2021-07-20T13:42:58.319+0000][153.177s][2302588][2302601][info ] Leaving safepoint region
[2021-07-20T13:42:58.319+0000][153.177s][2302588][2302601][info ] Total time for which application threads were stopped: 0.0017835 seconds, Stopping threads took: 0.0014043 seconds
[2021-07-20T13:42:59.094+0000][153.952s][2302588][2302600][info ] Trigger: Average GC time (1200.59 ms) is above the time for allocation rate (391 MB/s) to deplete free headroom (467M)
[2021-07-20T13:42:59.098+0000][153.956s][2302588][2302600][info ] GC(46) Concurrent reset 3.307ms
[2021-07-20T13:42:59.098+0000][153.956s][2302588][2302601][info ] Application time: 0.7791225 seconds
[2021-07-20T13:42:59.098+0000][153.956s][2302588][2302601][info ] Entering safepoint region: ShenandoahInitMark
[2021-07-20T13:42:59.099+0000][153.957s][2302588][2302601][info ] GC(46) Pause Init Mark 0.636ms
[2021-07-20T13:42:59.099+0000][153.957s][2302588][2302601][info ] Leaving safepoint region
[2021-07-20T13:42:59.099+0000][153.957s][2302588][2302601][info ] Total time for which application threads were stopped: 0.0012649 seconds, Stopping threads took: 0.0002136 seconds
[2021-07-20T13:42:59.463+0000][154.321s][2302588][2302601][info ] Application time: 0.3642847 seconds
[2021-07-20T13:42:59.464+0000][154.322s][2302588][2302601][info ] Entering safepoint region: HandshakeFallback
[2021-07-20T13:42:59.464+0000][154.322s][2302588][2302601][info ] Leaving safepoint region
[2021-07-20T13:42:59.464+0000][154.322s][2302588][2302601][info ] Total time for which application threads were stopped: 0.0009745 seconds, Stopping threads took: 0.0002306 seconds
[2021-07-20T13:42:59.465+0000][154.323s][2302588][2302601][info ] Application time: 0.0006216 seconds
[2021-07-20T13:42:59.465+0000][154.323s][2302588][2302601][info ] Entering safepoint region: HandshakeFallback
[2021-07-20T13:42:59.465+0000][154.323s][2302588][2302601][info ] Leaving safepoint region
[2021-07-20T13:42:59.465+0000][154.323s][2302588][2302601][info ] Total time for which application threads were stopped: 0.0003267 seconds, Stopping threads took: 0.0000785 seconds
[2021-07-20T13:42:59.465+0000][154.323s][2302588][2302600][info ] GC(46) Concurrent marking 366.295ms
[2021-07-20T13:42:59.466+0000][154.323s][2302588][2302601][info ] Application time: 0.0000675 seconds
[2021-07-20T13:42:59.466+0000][154.324s][2302588][2302601][info ] Entering safepoint region: ShenandoahFinalMarkStartEvac
[2021-07-20T13:42:59.467+0000][154.325s][2302588][2302601][info ] GC(46) Pause Final Mark 1.245ms
[2021-07-20T13:42:59.467+0000][154.325s][2302588][2302601][info ] Leaving safepoint region
[2021-07-20T13:42:59.467+0000][154.325s][2302588][2302601][info ] Total time for which application threads were stopped: 0.0015644 seconds, Stopping threads took: 0.0000791 seconds
[2021-07-20T13:42:59.467+0000][154.325s][2302588][2302600][info ] GC(46) Concurrent cleanup 6968M->6905M(8192M) 0.035ms
[2021-07-20T13:42:59.517+0000][154.375s][2302588][2302600][info ] GC(46) Concurrent evacuation 50.014ms
[2021-07-20T13:42:59.517+0000][154.375s][2302588][2302601][info ] Application time: 0.0501732 seconds
[2021-07-20T13:42:59.518+0000][154.375s][2302588][2302601][info ] Entering safepoint region: ShenandoahInitUpdateRefs
[2021-07-20T13:42:59.518+0000][154.376s][2302588][2302601][info ] GC(46) Pause Init Update Refs 0.042ms
[2021-07-20T13:42:59.518+0000][154.376s][2302588][2302601][info ] Leaving safepoint region
[2021-07-20T13:42:59.518+0000][154.376s][2302588][2302601][info ] Total time for which application threads were stopped: 0.0006443 seconds, Stopping threads took: 0.0002142 seconds
[2021-07-20T13:42:59.845+0000][154.703s][2302588][2302600][info ] GC(46) Concurrent update references 326.616ms
[2021-07-20T13:42:59.845+0000][154.703s][2302588][2302601][info ] Application time: 0.3267043 seconds
[2021-07-20T13:42:59.845+0000][154.703s][2302588][2302601][info ] Entering safepoint region: ShenandoahFinalUpdateRefs
[2021-07-20T13:42:59.846+0000][154.704s][2302588][2302601][info ] GC(46) Pause Final Update Refs 0.365ms
[2021-07-20T13:42:59.846+0000][154.704s][2302588][2302601][info ] Leaving safepoint region
[2021-07-20T13:42:59.846+0000][154.704s][2302588][2302601][info ] Total time for which application threads were stopped: 0.0014829 seconds, Stopping threads took: 0.0007039 seconds
[2021-07-20T13:42:59.846+0000][154.704s][2302588][2302600][info ] GC(46) Concurrent cleanup 7497M->1597M(8192M) 0.166ms
[2021-07-20T13:43:00.846+0000][155.704s][2302588][2302601][info ] Application time: 1.0000895 seconds
[2021-07-20T13:43:00.847+0000][155.705s][2302588][2302601][info ] Entering safepoint region: Cleanup
[2021-07-20T13:43:00.847+0000][155.705s][2302588][2302601][info ] Leaving safepoint region
[2021-07-20T13:43:00.847+0000][155.705s][2302588][2302601][info ] Total time for which application threads were stopped: 0.0006235 seconds, Stopping threads took: 0.0002515 seconds
[2021-07-20T13:43:01.138+0000][155.996s][2302588][2302600][info ] Trigger: Average GC time (1126.51 ms) is above the time for allocation rate (2039 MB/s) to deplete free headroom (2293M)
[2021-07-20T13:43:01.143+0000][156.001s][2302588][2302600][info ] GC(47) Concurrent reset 4.895ms
[2021-07-20T13:43:01.143+0000][156.001s][2302588][2302601][info ] Application time: 0.2958357 seconds
[2021-07-20T13:43:01.143+0000][156.001s][2302588][2302601][info ] Entering safepoint region: ShenandoahInitMark
[2021-07-20T13:43:01.144+0000][156.002s][2302588][2302601][info ] GC(47) Pause Init Mark 0.582ms
[2021-07-20T13:43:01.144+0000][156.002s][2302588][2302601][info ] Leaving safepoint region
[2021-07-20T13:43:01.144+0000][156.002s][2302588][2302601][info ] Total time for which application threads were stopped: 0.0012276 seconds, Stopping threads took: 0.0002330 seconds
[2021-07-20T13:43:01.859+0000][156.717s][2302588][2302601][info ] Application time: 0.7151062 seconds
[2021-07-20T13:43:01.859+0000][156.717s][2302588][2302601][info ] Entering safepoint region: HandshakeFallback
[2021-07-20T13:43:01.860+0000][156.718s][2302588][2302601][info ] Leaving safepoint region
[2021-07-20T13:43:01.860+0000][156.718s][2302588][2302601][info ] Total time for which application threads were stopped: 0.0008388 seconds, Stopping threads took: 0.0001867 seconds
[2021-07-20T13:43:01.861+0000][156.719s][2302588][2302601][info ] Application time: 0.0007575 seconds
[2021-07-20T13:43:01.861+0000][156.719s][2302588][2302601][info ] Entering safepoint region: HandshakeFallback
[2021-07-20T13:43:01.861+0000][156.719s][2302588][2302601][info ] Leaving safepoint region
[2021-07-20T13:43:01.861+0000][156.719s][2302588][2302601][info ] Total time for which application threads were stopped: 0.0003359 seconds, Stopping threads took: 0.0000976 seconds
[2021-07-20T13:43:01.861+0000][156.719s][2302588][2302600][info ] GC(47) Concurrent marking 717.150ms
[2021-07-20T13:43:01.861+0000][156.719s][2302588][2302601][info ] Application time: 0.0000758 seconds
[2021-07-20T13:43:01.861+0000][156.719s][2302588][2302601][info ] Entering safepoint region: ShenandoahFinalMarkStartEvac
[2021-07-20T13:43:01.863+0000][156.721s][2302588][2302601][info ] GC(47) Pause Final Mark 1.092ms
[2021-07-20T13:43:01.863+0000][156.721s][2302588][2302601][info ] Leaving safepoint region
[2021-07-20T13:43:01.863+0000][156.721s][2302588][2302601][info ] Total time for which application threads were stopped: 0.0013428 seconds, Stopping threads took: 0.0000464 seconds
[2021-07-20T13:43:01.863+0000][156.721s][2302588][2302600][info ] GC(47) Concurrent cleanup 5983M->5988M(8192M) 0.032ms
[2021-07-20T13:43:01.895+0000][156.753s][2302588][2302600][info ] GC(47) Concurrent evacuation 32.745ms
[2021-07-20T13:43:01.896+0000][156.754s][2302588][2302601][info ] Application time: 0.0329131 seconds
[2021-07-20T13:43:01.896+0000][156.754s][2302588][2302601][info ] Entering safepoint region: ShenandoahInitUpdateRefs
[2021-07-20T13:43:01.897+0000][156.755s][2302588][2302601][info ] GC(47) Pause Init Update Refs 0.040ms
[2021-07-20T13:43:01.897+0000][156.755s][2302588][2302601][info ] Leaving safepoint region
[2021-07-20T13:43:01.897+0000][156.755s][2302588][2302601][info ] Total time for which application threads were stopped: 0.0012750 seconds, Stopping threads took: 0.0008210 seconds
[2021-07-20T13:43:02.897+0000][157.755s][2302588][2302601][info ] Application time: 1.0000724 seconds
[2021-07-20T13:43:02.897+0000][157.755s][2302588][2302601][info ] Entering safepoint region: Cleanup
[2021-07-20T13:43:02.898+0000][157.756s][2302588][2302601][info ] Leaving safepoint region
[2021-07-20T13:43:02.898+0000][157.756s][2302588][2302601][info ] Total time for which application threads were stopped: 0.0006464 seconds, Stopping threads took: 0.0002176 seconds
[2021-07-20T13:43:02.910+0000][157.768s][2302588][2302600][info ] GC(47) Concurrent update references 1013.432ms
[2021-07-20T13:43:02.910+0000][157.768s][2302588][2302601][info ] Application time: 0.0127437 seconds
[2021-07-20T13:43:02.911+0000][157.769s][2302588][2302601][info ] Entering safepoint region: ShenandoahFinalUpdateRefs
[2021-07-20T13:43:02.911+0000][157.769s][2302588][2302601][info ] GC(47) Pause Final Update Refs 0.458ms
[2021-07-20T13:43:02.912+0000][157.769s][2302588][2302601][info ] Leaving safepoint region
[2021-07-20T13:43:02.912+0000][157.770s][2302588][2302601][info ] Total time for which application threads were stopped: 0.0011545 seconds, Stopping threads took: 0.0002616 seconds
[2021-07-20T13:43:02.912+0000][157.770s][2302588][2302600][info ] GC(47) Concurrent cleanup 7637M->3425M(8192M) 0.111ms
[2021-07-20T13:43:03.422+0000][158.280s][2302588][2302600][info ] Trigger: Average GC time (1240.37 ms) is above the time for allocation rate (1860 MB/s) to deplete free headroom (2302M)
[2021-07-20T13:43:03.426+0000][158.284s][2302588][2302600][info ] GC(48) Concurrent reset 3.830ms
[2021-07-20T13:43:03.426+0000][158.284s][2302588][2302601][info ] Application time: 0.5140543 seconds
[2021-07-20T13:43:03.426+0000][158.284s][2302588][2302601][info ] Entering safepoint region: ShenandoahInitMark
[2021-07-20T13:43:03.427+0000][158.285s][2302588][2302601][info ] GC(48) Pause Init Mark 0.648ms
[2021-07-20T13:43:03.427+0000][158.285s][2302588][2302601][info ] Leaving safepoint region
[2021-07-20T13:43:03.427+0000][158.285s][2302588][2302601][info ] Total time for which application threads were stopped: 0.0018463 seconds, Stopping threads took: 0.0007841 seconds
[2021-07-20T13:43:04.012+0000][158.870s][2302588][2302601][info ] Application time: 0.5847910 seconds
[2021-07-20T13:43:04.012+0000][158.870s][2302588][2302601][info ] Entering safepoint region: HandshakeFallback
[2021-07-20T13:43:04.013+0000][158.871s][2302588][2302601][info ] Leaving safepoint region
[2021-07-20T13:43:04.013+0000][158.871s][2302588][2302601][info ] Total time for which application threads were stopped: 0.0008575 seconds, Stopping threads took: 0.0001775 seconds
[2021-07-20T13:43:04.014+0000][158.872s][2302588][2302601][info ] Application time: 0.0004915 seconds
[2021-07-20T13:43:04.014+0000][158.872s][2302588][2302601][info ] Entering safepoint region: HandshakeFallback
[2021-07-20T13:43:04.014+0000][158.872s][2302588][2302601][info ] Leaving safepoint region
[2021-07-20T13:43:04.014+0000][158.872s][2302588][2302601][info ] Total time for which application threads were stopped: 0.0003722 seconds, Stopping threads took: 0.0001241 seconds
[2021-07-20T13:43:04.014+0000][158.872s][2302588][2302600][info ] GC(48) Concurrent marking 586.602ms
[2021-07-20T13:43:04.014+0000][158.872s][2302588][2302601][info ] Application time: 0.0000462 seconds
[2021-07-20T13:43:04.014+0000][158.872s][2302588][2302601][info ] Entering safepoint region: ShenandoahFinalMarkStartEvac
[2021-07-20T13:43:04.016+0000][158.874s][2302588][2302601][info ] GC(48) Pause Final Mark 1.141ms
[2021-07-20T13:43:04.016+0000][158.874s][2302588][2302601][info ] Leaving safepoint region
[2021-07-20T13:43:04.016+0000][158.874s][2302588][2302601][info ] Total time for which application threads were stopped: 0.0014626 seconds, Stopping threads took: 0.0000846 seconds
[2021-07-20T13:43:04.016+0000][158.874s][2302588][2302600][info ] GC(48) Concurrent cleanup 5763M->4959M(8192M) 0.059ms
[2021-07-20T13:43:04.059+0000][158.917s][2302588][2302600][info ] GC(48) Concurrent evacuation 42.829ms
[2021-07-20T13:43:04.059+0000][158.917s][2302588][2302601][info ] Application time: 0.0430029 seconds
[2021-07-20T13:43:04.059+0000][158.917s][2302588][2302601][info ] Entering safepoint region: ShenandoahInitUpdateRefs
[2021-07-20T13:43:04.060+0000][158.918s][2302588][2302601][info ] GC(48) Pause Init Update Refs 0.047ms
[2021-07-20T13:43:04.060+0000][158.918s][2302588][2302601][info ] Leaving safepoint region
[2021-07-20T13:43:04.060+0000][158.918s][2302588][2302601][info ] Total time for which application threads were stopped: 0.0011605 seconds, Stopping threads took: 0.0007434 seconds
[2021-07-20T13:43:04.748+0000][159.606s][2302588][2302600][info ] GC(48) Concurrent update references 687.912ms
[2021-07-20T13:43:04.748+0000][159.606s][2302588][2302601][info ] Application time: 0.6880037 seconds
[2021-07-20T13:43:04.748+0000][159.606s][2302588][2302601][info ] Entering safepoint region: ShenandoahFinalUpdateRefs
[2021-07-20T13:43:04.749+0000][159.607s][2302588][2302601][info ] GC(48) Pause Final Update Refs 0.405ms
[2021-07-20T13:43:04.749+0000][159.607s][2302588][2302601][info ] Leaving safepoint region
[2021-07-20T13:43:04.749+0000][159.607s][2302588][2302601][info ] Total time for which application threads were stopped: 0.0014438 seconds, Stopping threads took: 0.0006118 seconds
[2021-07-20T13:43:04.749+0000][159.607s][2302588][2302600][info ] GC(48) Concurrent cleanup 6105M->2638M(8192M) 0.117ms
[2021-07-20T13:43:05.545+0000][160.403s][2302588][2302600][info ] Trigger: Average GC time (1285.91 ms) is above the time for allocation rate (1944 MB/s) to deplete free headroom (2499M)
[2021-07-20T13:43:05.548+0000][160.406s][2302588][2302600][info ] GC(49) Concurrent reset 3.432ms
[2021-07-20T13:43:05.548+0000][160.406s][2302588][2302601][info ] Application time: 0.7990964 seconds
[2021-07-20T13:43:05.549+0000][160.407s][2302588][2302601][info ] Entering safepoint region: ShenandoahInitMark
[2021-07-20T13:43:05.550+0000][160.408s][2302588][2302601][info ] GC(49) Pause Init Mark 0.582ms
[2021-07-20T13:43:05.550+0000][160.408s][2302588][2302601][info ] Leaving safepoint region
[2021-07-20T13:43:05.550+0000][160.408s][2302588][2302601][info ] Total time for which application threads were stopped: 0.0020244 seconds, Stopping threads took: 0.0010264 seconds
[2021-07-20T13:43:06.180+0000][161.038s][2302588][2302601][info ] Application time: 0.6292806 seconds
[2021-07-20T13:43:06.180+0000][161.038s][2302588][2302601][info ] Entering safepoint region: HandshakeFallback
[2021-07-20T13:43:06.181+0000][161.039s][2302588][2302601][info ] Leaving safepoint region
[2021-07-20T13:43:06.181+0000][161.039s][2302588][2302601][info ] Total time for which application threads were stopped: 0.0013357 seconds, Stopping threads took: 0.0006281 seconds
[2021-07-20T13:43:06.182+0000][161.040s][2302588][2302601][info ] Application time: 0.0007799 seconds
[2021-07-20T13:43:06.182+0000][161.040s][2302588][2302601][info ] Entering safepoint region: HandshakeFallback
[2021-07-20T13:43:06.182+0000][161.040s][2302588][2302601][info ] Leaving safepoint region
[2021-07-20T13:43:06.182+0000][161.040s][2302588][2302601][info ] Total time for which application threads were stopped: 0.0003512 seconds, Stopping threads took: 0.0000982 seconds
[2021-07-20T13:43:06.182+0000][161.040s][2302588][2302600][info ] GC(49) Concurrent marking 631.853ms
[2021-07-20T13:43:06.182+0000][161.040s][2302588][2302601][info ] Application time: 0.0000423 seconds
[2021-07-20T13:43:06.182+0000][161.040s][2302588][2302601][info ] Entering safepoint region: ShenandoahFinalMarkStartEvac
[2021-07-20T13:43:06.184+0000][161.042s][2302588][2302601][info ] GC(49) Pause Final Mark 1.045ms
[2021-07-20T13:43:06.184+0000][161.042s][2302588][2302601][info ] Leaving safepoint region
[2021-07-20T13:43:06.184+0000][161.042s][2302588][2302601][info ] Total time for which application threads were stopped: 0.0013405 seconds, Stopping threads took: 0.0000756 seconds
[2021-07-20T13:43:06.184+0000][161.042s][2302588][2302600][info ] GC(49) Concurrent cleanup 5769M->3229M(8192M) 0.098ms
[2021-07-20T13:43:06.192+0000][161.050s][2302588][2302600][info ] GC(49) Concurrent evacuation 8.198ms
[2021-07-20T13:43:06.192+0000][161.050s][2302588][2302601][info ] Application time: 0.0084370 seconds
[2021-07-20T13:43:06.192+0000][161.050s][2302588][2302601][info ] Entering safepoint region: ShenandoahInitUpdateRefs
[2021-07-20T13:43:06.193+0000][161.051s][2302588][2302601][info ] GC(49) Pause Init Update Refs 0.034ms
[2021-07-20T13:43:06.193+0000][161.051s][2302588][2302601][info ] Leaving safepoint region
[2021-07-20T13:43:06.193+0000][161.051s][2302588][2302601][info ] Total time for which application threads were stopped: 0.0006635 seconds, Stopping threads took: 0.0002036 seconds
[2021-07-20T13:43:07.113+0000][161.971s][2302588][2302600][info ] GC(49) Concurrent update references 920.057ms
[2021-07-20T13:43:07.113+0000][161.971s][2302588][2302601][info ] Application time: 0.9201558 seconds
[2021-07-20T13:43:07.113+0000][161.971s][2302588][2302601][info ] Entering safepoint region: ShenandoahFinalUpdateRefs
[2021-07-20T13:43:07.114+0000][161.972s][2302588][2302601][info ] GC(49) Pause Final Update Refs 0.416ms
[2021-07-20T13:43:07.114+0000][161.972s][2302588][2302601][info ] Leaving safepoint region
[2021-07-20T13:43:07.114+0000][161.972s][2302588][2302601][info ] Total time for which application threads were stopped: 0.0010507 seconds, Stopping threads took: 0.0002165 seconds
[2021-07-20T13:43:07.114+0000][161.972s][2302588][2302600][info ] GC(49) Concurrent cleanup 4656M->3068M(8192M) 0.075ms
[2021-07-20T13:43:07.739+0000][162.597s][2302588][2302600][info ] Trigger: Average GC time (1350.73 ms) is above the time for allocation rate (1895 MB/s) to deplete free headroom (2557M)
[2021-07-20T13:43:07.740+0000][162.598s][2302588][2302600][info ] GC(50) Concurrent reset 1.634ms
[2021-07-20T13:43:07.741+0000][162.598s][2302588][2302601][info ] Application time: 0.6264741 seconds
[2021-07-20T13:43:07.741+0000][162.599s][2302588][2302601][info ] Entering safepoint region: ShenandoahInitMark
[2021-07-20T13:43:07.742+0000][162.600s][2302588][2302601][info ] GC(50) Pause Init Mark (process weakrefs) 0.565ms
[2021-07-20T13:43:07.742+0000][162.600s][2302588][2302601][info ] Leaving safepoint region
[2021-07-20T13:43:07.742+0000][162.600s][2302588][2302601][info ] Total time for which application threads were stopped: 0.0017707 seconds, Stopping threads took: 0.0008122 seconds
[2021-07-20T13:43:08.370+0000][163.228s][2302588][2302601][info ] Application time: 0.6273398 seconds
[2021-07-20T13:43:08.370+0000][163.228s][2302588][2302601][info ] Entering safepoint region: HandshakeFallback
[2021-07-20T13:43:08.371+0000][163.229s][2302588][2302601][info ] Leaving safepoint region
[2021-07-20T13:43:08.371+0000][163.229s][2302588][2302601][info ] Total time for which application threads were stopped: 0.0013783 seconds, Stopping threads took: 0.0007014 seconds
[2021-07-20T13:43:08.372+0000][163.230s][2302588][2302601][info ] Application time: 0.0004734 seconds
[2021-07-20T13:43:08.372+0000][163.230s][2302588][2302601][info ] Entering safepoint region: HandshakeFallback
[2021-07-20T13:43:08.372+0000][163.230s][2302588][2302601][info ] Leaving safepoint region
[2021-07-20T13:43:08.372+0000][163.230s][2302588][2302601][info ] Total time for which application threads were stopped: 0.0002747 seconds, Stopping threads took: 0.0000564 seconds
[2021-07-20T13:43:08.372+0000][163.230s][2302588][2302600][info ] GC(50) Concurrent marking (process weakrefs) 629.532ms
[2021-07-20T13:43:08.373+0000][163.231s][2302588][2302600][info ] GC(50) Concurrent precleaning 0.645ms
[2021-07-20T13:43:08.373+0000][163.231s][2302588][2302601][info ] Application time: 0.0007277 seconds
[2021-07-20T13:43:08.373+0000][163.231s][2302588][2302601][info ] Entering safepoint region: ShenandoahFinalMarkStartEvac
[2021-07-20T13:43:08.374+0000][163.232s][2302588][2302601][info ] GC(50) Pause Final Mark (process weakrefs) 1.303ms
[2021-07-20T13:43:08.374+0000][163.232s][2302588][2302601][info ] Leaving safepoint region
[2021-07-20T13:43:08.374+0000][163.232s][2302588][2302601][info ] Total time for which application threads were stopped: 0.0017011 seconds, Stopping threads took: 0.0001456 seconds
[2021-07-20T13:43:08.374+0000][163.232s][2302588][2302600][info ] GC(50) Concurrent cleanup 5772M->5745M(8192M) 0.030ms
[2021-07-20T13:43:08.387+0000][163.245s][2302588][2302600][info ] GC(50) Concurrent evacuation 12.806ms
[2021-07-20T13:43:08.387+0000][163.245s][2302588][2302601][info ] Application time: 0.0129534 seconds
[2021-07-20T13:43:08.388+0000][163.246s][2302588][2302601][info ] Entering safepoint region: ShenandoahInitUpdateRefs
[2021-07-20T13:43:08.389+0000][163.247s][2302588][2302601][info ] GC(50) Pause Init Update Refs 0.032ms
[2021-07-20T13:43:08.389+0000][163.247s][2302588][2302601][info ] Leaving safepoint region
[2021-07-20T13:43:08.389+0000][163.247s][2302588][2302601][info ] Total time for which application threads were stopped: 0.0015647 seconds, Stopping threads took: 0.0011211 seconds
[2021-07-20T13:43:09.304+0000][164.162s][2302588][2302600][info ] GC(50) Concurrent update references 915.479ms
[2021-07-20T13:43:09.304+0000][164.162s][2302588][2302601][info ] Application time: 0.9155727 seconds
[2021-07-20T13:43:09.305+0000][164.163s][2302588][2302601][info ] Entering safepoint region: ShenandoahFinalUpdateRefs
[2021-07-20T13:43:09.306+0000][164.164s][2302588][2302601][info ] GC(50) Pause Final Update Refs 0.405ms
[2021-07-20T13:43:09.306+0000][164.164s][2302588][2302601][info ] Leaving safepoint region
[2021-07-20T13:43:09.306+0000][164.164s][2302588][2302601][info ] Total time for which application threads were stopped: 0.0017347 seconds, Stopping threads took: 0.0009298 seconds
[2021-07-20T13:43:09.306+0000][164.164s][2302588][2302600][info ] GC(50) Concurrent cleanup 7222M->3072M(8192M) 0.144ms
[2021-07-20T13:43:09.937+0000][164.795s][2302588][2302600][info ] Trigger: Average GC time (1398.09 ms) is above the time for allocation rate (1889 MB/s) to deplete free headroom (2638M)
[2021-07-20T13:43:09.941+0000][164.799s][2302588][2302600][info ] GC(51) Concurrent reset 3.592ms
[2021-07-20T13:43:09.941+0000][164.799s][2302588][2302601][info ] Application time: 0.6349795 seconds
[2021-07-20T13:43:09.942+0000][164.800s][2302588][2302601][info ] Entering safepoint region: ShenandoahInitMark
[2021-07-20T13:43:09.943+0000][164.801s][2302588][2302601][info ] GC(51) Pause Init Mark 0.590ms
[2021-07-20T13:43:09.943+0000][164.801s][2302588][2302601][info ] Leaving safepoint region
[2021-07-20T13:43:09.943+0000][164.801s][2302588][2302601][info ] Total time for which application threads were stopped: 0.0022108 seconds, Stopping threads took: 0.0012146 seconds
[2021-07-20T13:43:10.593+0000][165.451s][2302588][2302601][info ] Application time: 0.6496967 seconds
[2021-07-20T13:43:10.593+0000][165.451s][2302588][2302601][info ] Entering safepoint region: HandshakeFallback
[2021-07-20T13:43:10.594+0000][165.452s][2302588][2302601][info ] Leaving safepoint region
[2021-07-20T13:43:10.594+0000][165.452s][2302588][2302601][info ] Total time for which application threads were stopped: 0.0009975 seconds, Stopping threads took: 0.0002904 seconds
[2021-07-20T13:43:10.595+0000][165.453s][2302588][2302601][info ] Application time: 0.0006272 seconds
[2021-07-20T13:43:10.595+0000][165.453s][2302588][2302601][info ] Entering safepoint region: HandshakeFallback
[2021-07-20T13:43:10.595+0000][165.453s][2302588][2302601][info ] Leaving safepoint region
[2021-07-20T13:43:10.595+0000][165.453s][2302588][2302601][info ] Total time for which application threads were stopped: 0.0003983 seconds, Stopping threads took: 0.0001341 seconds
[2021-07-20T13:43:10.595+0000][165.453s][2302588][2302600][info ] GC(51) Concurrent marking 651.837ms
[2021-07-20T13:43:10.595+0000][165.453s][2302588][2302601][info ] Application time: 0.0000582 seconds
[2021-07-20T13:43:10.595+0000][165.453s][2302588][2302601][info ] Entering safepoint region: ShenandoahFinalMarkStartEvac
[2021-07-20T13:43:10.597+0000][165.455s][2302588][2302601][info ] GC(51) Pause Final Mark 1.177ms
[2021-07-20T13:43:10.597+0000][165.455s][2302588][2302601][info ] Leaving safepoint region
[2021-07-20T13:43:10.597+0000][165.455s][2302588][2302601][info ] Total time for which application threads were stopped: 0.0014770 seconds, Stopping threads took: 0.0000567 seconds
[2021-07-20T13:43:10.597+0000][165.455s][2302588][2302600][info ] GC(51) Concurrent cleanup 5812M->5566M(8192M) 0.040ms
[2021-07-20T13:43:10.611+0000][165.469s][2302588][2302600][info ] GC(51) Concurrent evacuation 14.203ms
[2021-07-20T13:43:10.611+0000][165.469s][2302588][2302601][info ] Application time: 0.0143567 seconds
[2021-07-20T13:43:10.612+0000][165.470s][2302588][2302601][info ] Entering safepoint region: ShenandoahInitUpdateRefs
[2021-07-20T13:43:10.613+0000][165.471s][2302588][2302601][info ] GC(51) Pause Init Update Refs 0.034ms
[2021-07-20T13:43:10.613+0000][165.471s][2302588][2302601][info ] Leaving safepoint region
[2021-07-20T13:43:10.613+0000][165.471s][2302588][2302601][info ] Total time for which application threads were stopped: 0.0017598 seconds, Stopping threads took: 0.0013086 seconds
[2021-07-20T13:43:11.393+0000][166.251s][2302588][2302600][info ] GC(51) Concurrent update references 780.232ms
[2021-07-20T13:43:11.393+0000][166.251s][2302588][2302601][info ] Application time: 0.7803533 seconds
[2021-07-20T13:43:11.398+0000][166.256s][2302588][2302601][info ] Entering safepoint region: ShenandoahFinalUpdateRefs
[2021-07-20T13:43:11.399+0000][166.257s][2302588][2302601][info ] GC(51) Pause Final Update Refs 0.471ms
[2021-07-20T13:43:11.399+0000][166.257s][2302588][2302601][info ] Leaving safepoint region
[2021-07-20T13:43:11.399+0000][166.257s][2302588][2302601][info ] Total time for which application threads were stopped: 0.0055060 seconds, Stopping threads took: 0.0045688 seconds
[2021-07-20T13:43:11.399+0000][166.257s][2302588][2302600][info ] GC(51) Concurrent cleanup 6818M->2895M(8192M) 0.114ms
[2021-07-20T13:43:12.017+0000][166.875s][2302588][2302600][info ] Trigger: Average GC time (1539.99 ms) is above the time for allocation rate (1899 MB/s) to deplete free headroom (2924M)
[2021-07-20T13:43:12.020+0000][166.878s][2302588][2302600][info ] GC(52) Concurrent reset 3.413ms
[2021-07-20T13:43:12.020+0000][166.878s][2302588][2302601][info ] Application time: 0.6216038 seconds
[2021-07-20T13:43:12.021+0000][166.879s][2302588][2302601][info ] Entering safepoint region: ShenandoahInitMark
[2021-07-20T13:43:12.022+0000][166.880s][2302588][2302601][info ] GC(52) Pause Init Mark 0.592ms
[2021-07-20T13:43:12.022+0000][166.880s][2302588][2302601][info ] Leaving safepoint region
[2021-07-20T13:43:12.022+0000][166.880s][2302588][2302601][info ] Total time for which application threads were stopped: 0.0019458 seconds, Stopping threads took: 0.0009395 seconds
[2021-07-20T13:43:12.581+0000][167.439s][2302588][2302601][info ] Application time: 0.5588664 seconds
[2021-07-20T13:43:12.582+0000][167.439s][2302588][2302601][info ] Entering safepoint region: HandshakeFallback
[2021-07-20T13:43:12.582+0000][167.440s][2302588][2302601][info ] Leaving safepoint region
[2021-07-20T13:43:12.582+0000][167.440s][2302588][2302601][info ] Total time for which application threads were stopped: 0.0008702 seconds, Stopping threads took: 0.0002069 seconds
[2021-07-20T13:43:12.583+0000][167.441s][2302588][2302601][info ] Application time: 0.0005559 seconds
[2021-07-20T13:43:12.583+0000][167.441s][2302588][2302601][info ] Entering safepoint region: HandshakeFallback
[2021-07-20T13:43:12.583+0000][167.441s][2302588][2302601][info ] Leaving safepoint region
[2021-07-20T13:43:12.583+0000][167.441s][2302588][2302601][info ] Total time for which application threads were stopped: 0.0003563 seconds, Stopping threads took: 0.0001108 seconds
[2021-07-20T13:43:12.583+0000][167.441s][2302588][2302600][info ] GC(52) Concurrent marking 560.751ms
[2021-07-20T13:43:12.583+0000][167.441s][2302588][2302601][info ] Application time: 0.0000513 seconds
[2021-07-20T13:43:12.583+0000][167.441s][2302588][2302601][info ] Entering safepoint region: ShenandoahFinalMarkStartEvac
[2021-07-20T13:43:12.585+0000][167.443s][2302588][2302601][info ] GC(52) Pause Final Mark 1.214ms
[2021-07-20T13:43:12.585+0000][167.443s][2302588][2302601][info ] Leaving safepoint region
[2021-07-20T13:43:12.585+0000][167.443s][2302588][2302601][info ] Total time for which application threads were stopped: 0.0015482 seconds, Stopping threads took: 0.0001006 seconds
[2021-07-20T13:43:12.585+0000][167.443s][2302588][2302600][info ] GC(52) Concurrent cleanup 5437M->5014M(8192M) 0.046ms
[2021-07-20T13:43:12.595+0000][167.453s][2302588][2302600][info ] GC(52) Concurrent evacuation 9.871ms
[2021-07-20T13:43:12.595+0000][167.453s][2302588][2302601][info ] Application time: 0.0100309 seconds
[2021-07-20T13:43:12.595+0000][167.453s][2302588][2302601][info ] Entering safepoint region: ShenandoahInitUpdateRefs
[2021-07-20T13:43:12.595+0000][167.453s][2302588][2302601][info ] GC(52) Pause Init Update Refs 0.033ms
[2021-07-20T13:43:12.595+0000][167.453s][2302588][2302601][info ] Leaving safepoint region
[2021-07-20T13:43:12.595+0000][167.453s][2302588][2302601][info ] Total time for which application threads were stopped: 0.0006409 seconds, Stopping threads took: 0.0001789 seconds
[2021-07-20T13:43:13.474+0000][168.332s][2302588][2302600][info ] GC(52) Concurrent update references 878.214ms
[2021-07-20T13:43:13.474+0000][168.332s][2302588][2302601][info ] Application time: 0.8783084 seconds
[2021-07-20T13:43:13.474+0000][168.332s][2302588][2302601][info ] Entering safepoint region: ShenandoahFinalUpdateRefs
[2021-07-20T13:43:13.475+0000][168.333s][2302588][2302601][info ] GC(52) Pause Final Update Refs 0.472ms
[2021-07-20T13:43:13.475+0000][168.333s][2302588][2302601][info ] Leaving safepoint region
[2021-07-20T13:43:13.475+0000][168.333s][2302588][2302601][info ] Total time for which application threads were stopped: 0.0011056 seconds, Stopping threads took: 0.0002138 seconds
[2021-07-20T13:43:13.475+0000][168.333s][2302588][2302600][info ] GC(52) Concurrent cleanup 6438M->2894M(8192M) 0.123ms
[2021-07-20T13:43:14.153+0000][169.011s][2302588][2302600][info ] Trigger: Average GC time (1476.85 ms) is above the time for allocation rate (1929 MB/s) to deplete free headroom (2843M)
[2021-07-20T13:43:14.156+0000][169.014s][2302588][2302600][info ] GC(53) Concurrent reset 3.145ms
[2021-07-20T13:43:14.156+0000][169.014s][2302588][2302601][info ] Application time: 0.6809709 seconds
[2021-07-20T13:43:14.158+0000][169.016s][2302588][2302601][info ] Entering safepoint region: ShenandoahInitMark
[2021-07-20T13:43:14.159+0000][169.017s][2302588][2302601][info ] GC(53) Pause Init Mark 0.612ms
[2021-07-20T13:43:14.159+0000][169.017s][2302588][2302601][info ] Leaving safepoint region
[2021-07-20T13:43:14.159+0000][169.017s][2302588][2302601][info ] Total time for which application threads were stopped: 0.0035656 seconds, Stopping threads took: 0.0025031 seconds
[2021-07-20T13:43:14.756+0000][169.614s][2302588][2302601][info ] Application time: 0.5966851 seconds
[2021-07-20T13:43:14.756+0000][169.614s][2302588][2302601][info ] Entering safepoint region: HandshakeFallback
[2021-07-20T13:43:14.757+0000][169.615s][2302588][2302601][info ] Leaving safepoint region
[2021-07-20T13:43:14.757+0000][169.615s][2302588][2302601][info ] Total time for which application threads were stopped: 0.0009306 seconds, Stopping threads took: 0.0002522 seconds
[2021-07-20T13:43:14.758+0000][169.616s][2302588][2302601][info ] Application time: 0.0007063 seconds
[2021-07-20T13:43:14.758+0000][169.616s][2302588][2302601][info ] Entering safepoint region: HandshakeFallback
[2021-07-20T13:43:14.758+0000][169.616s][2302588][2302601][info ] Leaving safepoint region
[2021-07-20T13:43:14.758+0000][169.616s][2302588][2302601][info ] Total time for which application threads were stopped: 0.0004106 seconds, Stopping threads took: 0.0001369 seconds
[2021-07-20T13:43:14.758+0000][169.616s][2302588][2302600][info ] GC(53) Concurrent marking 598.825ms
[2021-07-20T13:43:14.758+0000][169.616s][2302588][2302601][info ] Application time: 0.0000463 seconds
[2021-07-20T13:43:14.758+0000][169.616s][2302588][2302601][info ] Entering safepoint region: ShenandoahFinalMarkStartEvac
[2021-07-20T13:43:14.760+0000][169.618s][2302588][2302601][info ] GC(53) Pause Final Mark 1.116ms
[2021-07-20T13:43:14.760+0000][169.618s][2302588][2302601][info ] Leaving safepoint region
[2021-07-20T13:43:14.760+0000][169.618s][2302588][2302601][info ] Total time for which application threads were stopped: 0.0014119 seconds, Stopping threads took: 0.0000720 seconds
[2021-07-20T13:43:14.760+0000][169.618s][2302588][2302600][info ] GC(53) Concurrent cleanup 5659M->5602M(8192M) 0.032ms
[2021-07-20T13:43:14.769+0000][169.627s][2302588][2302600][info ] GC(53) Concurrent evacuation 8.733ms
[2021-07-20T13:43:14.769+0000][169.627s][2302588][2302601][info ] Application time: 0.0088712 seconds
[2021-07-20T13:43:14.769+0000][169.627s][2302588][2302601][info ] Entering safepoint region: ShenandoahInitUpdateRefs
[2021-07-20T13:43:14.769+0000][169.627s][2302588][2302601][info ] GC(53) Pause Init Update Refs 0.033ms
[2021-07-20T13:43:14.769+0000][169.627s][2302588][2302601][info ] Leaving safepoint region
[2021-07-20T13:43:14.769+0000][169.627s][2302588][2302601][info ] Total time for which application threads were stopped: 0.0007418 seconds, Stopping threads took: 0.0002159 seconds
[2021-07-20T13:43:15.617+0000][170.475s][2302588][2302600][info ] GC(53) Concurrent update references 847.714ms
[2021-07-20T13:43:15.617+0000][170.475s][2302588][2302601][info ] Application time: 0.8478082 seconds
[2021-07-20T13:43:15.618+0000][170.476s][2302588][2302601][info ] Entering safepoint region: ShenandoahFinalUpdateRefs
[2021-07-20T13:43:15.619+0000][170.477s][2302588][2302601][info ] GC(53) Pause Final Update Refs 0.422ms
[2021-07-20T13:43:15.619+0000][170.477s][2302588][2302601][info ] Leaving safepoint region
[2021-07-20T13:43:15.619+0000][170.477s][2302588][2302601][info ] Total time for which application threads were stopped: 0.0019530 seconds, Stopping threads took: 0.0011355 seconds
[2021-07-20T13:43:15.619+0000][170.477s][2302588][2302600][info ] GC(53) Concurrent cleanup 6950M->2878M(8192M) 0.128ms
[2021-07-20T13:43:16.299+0000][171.157s][2302588][2302600][info ] Trigger: Average GC time (1504.65 ms) is above the time for allocation rate (1907 MB/s) to deplete free headroom (2869M)
[2021-07-20T13:43:16.303+0000][171.161s][2302588][2302600][info ] GC(54) Concurrent reset 3.734ms
[2021-07-20T13:43:16.303+0000][171.161s][2302588][2302601][info ] Application time: 0.6836434 seconds
[2021-07-20T13:43:16.303+0000][171.161s][2302588][2302601][info ] Entering safepoint region: ShenandoahInitMark
[2021-07-20T13:43:16.304+0000][171.162s][2302588][2302601][info ] GC(54) Pause Init Mark 0.587ms
[2021-07-20T13:43:16.304+0000][171.162s][2302588][2302601][info ] Leaving safepoint region
[2021-07-20T13:43:16.304+0000][171.162s][2302588][2302601][info ] Total time for which application threads were stopped: 0.0012165 seconds, Stopping threads took: 0.0001991 seconds
[2021-07-20T13:43:16.922+0000][171.780s][2302588][2302601][info ] Application time: 0.6179271 seconds
[2021-07-20T13:43:16.927+0000][171.784s][2302588][2302601][info ] Entering safepoint region: HandshakeFallback
[2021-07-20T13:43:16.927+0000][171.785s][2302588][2302601][info ] Leaving safepoint region
[2021-07-20T13:43:16.927+0000][171.785s][2302588][2302601][info ] Total time for which application threads were stopped: 0.0051699 seconds, Stopping threads took: 0.0044359 seconds
[2021-07-20T13:43:16.928+0000][171.786s][2302588][2302601][info ] Application time: 0.0008276 seconds
[2021-07-20T13:43:16.928+0000][171.786s][2302588][2302601][info ] Entering safepoint region: HandshakeFallback
[2021-07-20T13:43:16.929+0000][171.787s][2302588][2302601][info ] Leaving safepoint region
[2021-07-20T13:43:16.929+0000][171.787s][2302588][2302601][info ] Total time for which application threads were stopped: 0.0004241 seconds, Stopping threads took: 0.0001382 seconds
[2021-07-20T13:43:16.929+0000][171.787s][2302588][2302600][info ] GC(54) Concurrent marking 624.464ms
[2021-07-20T13:43:16.929+0000][171.787s][2302588][2302601][info ] Application time: 0.0000465 seconds
[2021-07-20T13:43:16.929+0000][171.787s][2302588][2302601][info ] Entering safepoint region: ShenandoahFinalMarkStartEvac
[2021-07-20T13:43:16.930+0000][171.788s][2302588][2302601][info ] GC(54) Pause Final Mark 1.111ms
[2021-07-20T13:43:16.930+0000][171.788s][2302588][2302601][info ] Leaving safepoint region
[2021-07-20T13:43:16.930+0000][171.788s][2302588][2302601][info ] Total time for which application threads were stopped: 0.0013842 seconds, Stopping threads took: 0.0000456 seconds
[2021-07-20T13:43:16.930+0000][171.788s][2302588][2302600][info ] GC(54) Concurrent cleanup 5697M->5201M(8192M) 0.045ms
[2021-07-20T13:43:16.939+0000][171.797s][2302588][2302600][info ] GC(54) Concurrent evacuation 9.119ms
[2021-07-20T13:43:16.939+0000][171.797s][2302588][2302601][info ] Application time: 0.0092827 seconds
[2021-07-20T13:43:16.940+0000][171.797s][2302588][2302601][info ] Entering safepoint region: ShenandoahInitUpdateRefs
[2021-07-20T13:43:16.940+0000][171.798s][2302588][2302601][info ] GC(54) Pause Init Update Refs 0.030ms
[2021-07-20T13:43:16.940+0000][171.798s][2302588][2302601][info ] Leaving safepoint region
[2021-07-20T13:43:16.940+0000][171.798s][2302588][2302601][info ] Total time for which application threads were stopped: 0.0006545 seconds, Stopping threads took: 0.0001957 seconds
[2021-07-20T13:43:17.789+0000][172.647s][2302588][2302600][info ] GC(54) Concurrent update references 848.586ms
[2021-07-20T13:43:17.789+0000][172.647s][2302588][2302601][info ] Application time: 0.8486822 seconds
[2021-07-20T13:43:17.789+0000][172.647s][2302588][2302601][info ] Entering safepoint region: ShenandoahFinalUpdateRefs
[2021-07-20T13:43:17.790+0000][172.648s][2302588][2302601][info ] GC(54) Pause Final Update Refs 0.430ms
[2021-07-20T13:43:17.790+0000][172.648s][2302588][2302601][info ] Leaving safepoint region
[2021-07-20T13:43:17.790+0000][172.648s][2302588][2302601][info ] Total time for which application threads were stopped: 0.0011175 seconds, Stopping threads took: 0.0002619 seconds
[2021-07-20T13:43:17.790+0000][172.648s][2302588][2302600][info ] GC(54) Concurrent cleanup 6551M->2959M(8192M) 0.126ms
[2021-07-20T13:43:18.432+0000][173.290s][2302588][2302600][info ] Trigger: Average GC time (1488.97 ms) is above the time for allocation rate (1922 MB/s) to deplete free headroom (2859M)
[2021-07-20T13:43:18.435+0000][173.293s][2302588][2302600][info ] GC(55) Concurrent reset 3.145ms
[2021-07-20T13:43:18.435+0000][173.293s][2302588][2302601][info ] Application time: 0.6451181 seconds
[2021-07-20T13:43:18.439+0000][173.297s][2302588][2302601][info ] Entering safepoint region: ShenandoahInitMark
[2021-07-20T13:43:18.440+0000][173.298s][2302588][2302601][info ] GC(55) Pause Init Mark (process weakrefs) 0.643ms
[2021-07-20T13:43:18.441+0000][173.298s][2302588][2302601][info ] Leaving safepoint region
[2021-07-20T13:43:18.441+0000][173.298s][2302588][2302601][info ] Total time for which application threads were stopped: 0.0055862 seconds, Stopping threads took: 0.0044458 seconds
[2021-07-20T13:43:18.963+0000][173.821s][2302588][2302601][info ] Application time: 0.5229363 seconds
[2021-07-20T13:43:18.964+0000][173.822s][2302588][2302601][info ] Entering safepoint region: HandshakeFallback
[2021-07-20T13:43:18.964+0000][173.822s][2302588][2302601][info ] Leaving safepoint region
[2021-07-20T13:43:18.965+0000][173.822s][2302588][2302601][info ] Total time for which application threads were stopped: 0.0009986 seconds, Stopping threads took: 0.0002257 seconds
[2021-07-20T13:43:18.965+0000][173.823s][2302588][2302601][info ] Application time: 0.0008084 seconds
[2021-07-20T13:43:18.969+0000][173.827s][2302588][2302601][info ] Entering safepoint region: HandshakeFallback
[2021-07-20T13:43:18.970+0000][173.828s][2302588][2302601][info ] Leaving safepoint region
[2021-07-20T13:43:18.970+0000][173.828s][2302588][2302601][info ] Total time for which application threads were stopped: 0.0044380 seconds, Stopping threads took: 0.0040937 seconds
[2021-07-20T13:43:18.970+0000][173.828s][2302588][2302600][info ] GC(55) Concurrent marking (process weakrefs) 529.321ms
[2021-07-20T13:43:18.971+0000][173.829s][2302588][2302600][info ] GC(55) Concurrent precleaning 0.999ms
[2021-07-20T13:43:18.971+0000][173.829s][2302588][2302601][info ] Application time: 0.0011358 seconds
[2021-07-20T13:43:18.971+0000][173.829s][2302588][2302601][info ] Entering safepoint region: ShenandoahFinalMarkStartEvac
[2021-07-20T13:43:18.973+0000][173.831s][2302588][2302601][info ] GC(55) Pause Final Mark (process weakrefs) 1.188ms
[2021-07-20T13:43:18.973+0000][173.831s][2302588][2302601][info ] Leaving safepoint region
[2021-07-20T13:43:18.973+0000][173.831s][2302588][2302601][info ] Total time for which application threads were stopped: 0.0016466 seconds, Stopping threads took: 0.0001921 seconds
[2021-07-20T13:43:18.973+0000][173.831s][2302588][2302600][info ] GC(55) Concurrent cleanup 5489M->5051M(8192M) 0.048ms
[2021-07-20T13:43:18.987+0000][173.845s][2302588][2302600][info ] GC(55) Concurrent evacuation 13.829ms
[2021-07-20T13:43:18.987+0000][173.845s][2302588][2302601][info ] Application time: 0.0139991 seconds
[2021-07-20T13:43:18.987+0000][173.845s][2302588][2302601][info ] Entering safepoint region: ShenandoahInitUpdateRefs
[2021-07-20T13:43:18.988+0000][173.846s][2302588][2302601][info ] GC(55) Pause Init Update Refs 0.034ms
[2021-07-20T13:43:18.988+0000][173.846s][2302588][2302601][info ] Leaving safepoint region
[2021-07-20T13:43:18.988+0000][173.846s][2302588][2302601][info ] Total time for which application threads were stopped: 0.0012408 seconds, Stopping threads took: 0.0007541 seconds
[2021-07-20T13:43:19.463+0000][174.321s][2302588][2302600][info ] GC(55) Concurrent update references 474.898ms
[2021-07-20T13:43:19.463+0000][174.321s][2302588][2302601][info ] Application time: 0.4750076 seconds
[2021-07-20T13:43:19.463+0000][174.321s][2302588][2302601][info ] Entering safepoint region: ShenandoahFinalUpdateRefs
[2021-07-20T13:43:19.464+0000][174.322s][2302588][2302601][info ] GC(55) Pause Final Update Refs 0.320ms
[2021-07-20T13:43:19.464+0000][174.322s][2302588][2302601][info ] Leaving safepoint region
[2021-07-20T13:43:19.464+0000][174.322s][2302588][2302601][info ] Total time for which application threads were stopped: 0.0008178 seconds, Stopping threads took: 0.0001030 seconds
[2021-07-20T13:43:19.464+0000][174.322s][2302588][2302600][info ] GC(55) Concurrent cleanup 5729M->2059M(8192M) 0.109ms
[2021-07-20T13:43:20.464+0000][175.322s][2302588][2302601][info ] Application time: 1.0000983 seconds
[2021-07-20T13:43:20.464+0000][175.322s][2302588][2302601][info ] Entering safepoint region: Cleanup
[2021-07-20T13:43:20.464+0000][175.322s][2302588][2302601][info ] Leaving safepoint region
[2021-07-20T13:43:20.464+0000][175.322s][2302588][2302601][info ] Total time for which application threads were stopped: 0.0005679 seconds, Stopping threads took: 0.0001206 seconds
[2021-07-20T13:43:21.465+0000][176.323s][2302588][2302601][info ] Application time: 1.0000893 seconds
[2021-07-20T13:43:21.465+0000][176.323s][2302588][2302601][info ] Entering safepoint region: Cleanup
[2021-07-20T13:43:21.465+0000][176.323s][2302588][2302601][info ] Leaving safepoint region
[2021-07-20T13:43:21.465+0000][176.323s][2302588][2302601][info ] Total time for which application threads were stopped: 0.0003275 seconds, Stopping threads took: 0.0000633 seconds
[2021-07-20T13:43:22.465+0000][177.323s][2302588][2302601][info ] Application time: 1.0000791 seconds
[2021-07-20T13:43:22.465+0000][177.323s][2302588][2302601][info ] Entering safepoint region: Cleanup
[2021-07-20T13:43:22.465+0000][177.323s][2302588][2302601][info ] Leaving safepoint region
[2021-07-20T13:43:22.465+0000][177.323s][2302588][2302601][info ] Total time for which application threads were stopped: 0.0003740 seconds, Stopping threads took: 0.0000792 seconds
[2021-07-20T13:43:23.465+0000][178.323s][2302588][2302601][info ] Application time: 1.0000637 seconds
[2021-07-20T13:43:23.466+0000][178.324s][2302588][2302601][info ] Entering safepoint region: Cleanup
[2021-07-20T13:43:23.466+0000][178.324s][2302588][2302601][info ] Leaving safepoint region
[2021-07-20T13:43:23.466+0000][178.324s][2302588][2302601][info ] Total time for which application threads were stopped: 0.0004164 seconds, Stopping threads took: 0.0000999 seconds
[2021-07-20T13:43:24.466+0000][179.324s][2302588][2302601][info ] Application time: 1.0001014 seconds
[2021-07-20T13:43:24.466+0000][179.324s][2302588][2302601][info ] Entering safepoint region: Cleanup
[2021-07-20T13:43:24.467+0000][179.325s][2302588][2302601][info ] Leaving safepoint region
[2021-07-20T13:43:24.467+0000][179.325s][2302588][2302601][info ] Total time for which application threads were stopped: 0.0007511 seconds, Stopping threads took: 0.0002148 seconds
[2021-07-20T13:43:25.467+0000][180.325s][2302588][2302601][info ] Application time: 1.0001012 seconds
[2021-07-20T13:43:25.467+0000][180.325s][2302588][2302601][info ] Entering safepoint region: Cleanup
[2021-07-20T13:43:25.467+0000][180.325s][2302588][2302601][info ] Leaving safepoint region
[2021-07-20T13:43:25.467+0000][180.325s][2302588][2302601][info ] Total time for which application threads were stopped: 0.0003907 seconds, Stopping threads took: 0.0000743 seconds
[2021-07-20T13:43:26.467+0000][181.325s][2302588][2302601][info ] Application time: 1.0000878 seconds
[2021-07-20T13:43:26.468+0000][181.326s][2302588][2302601][info ] Entering safepoint region: Cleanup
[2021-07-20T13:43:26.468+0000][181.326s][2302588][2302601][info ] Leaving safepoint region
[2021-07-20T13:43:26.468+0000][181.326s][2302588][2302601][info ] Total time for which application threads were stopped: 0.0003875 seconds, Stopping threads took: 0.0000736 seconds
[2021-07-20T13:43:27.468+0000][182.326s][2302588][2302601][info ] Application time: 1.0000869 seconds
[2021-07-20T13:43:27.468+0000][182.326s][2302588][2302601][info ] Entering safepoint region: Cleanup
[2021-07-20T13:43:27.468+0000][182.326s][2302588][2302601][info ] Leaving safepoint region
[2021-07-20T13:43:27.468+0000][182.326s][2302588][2302601][info ] Total time for which application threads were stopped: 0.0004243 seconds, Stopping threads took: 0.0000982 seconds
[2021-07-20T13:43:28.469+0000][183.327s][2302588][2302601][info ] Application time: 1.0000938 seconds
[2021-07-20T13:43:28.469+0000][183.327s][2302588][2302601][info ] Entering safepoint region: Cleanup
[2021-07-20T13:43:28.469+0000][183.327s][2302588][2302601][info ] Leaving safepoint region
[2021-07-20T13:43:28.469+0000][183.327s][2302588][2302601][info ] Total time for which application threads were stopped: 0.0002825 seconds, Stopping threads took: 0.0000749 seconds
[2021-07-20T13:43:29.469+0000][184.327s][2302588][2302601][info ] Application time: 1.0000980 seconds
[2021-07-20T13:43:29.469+0000][184.327s][2302588][2302601][info ] Entering safepoint region: Cleanup
[2021-07-20T13:43:29.470+0000][184.328s][2302588][2302601][info ] Leaving safepoint region
[2021-07-20T13:43:29.470+0000][184.328s][2302588][2302601][info ] Total time for which application threads were stopped: 0.0005855 seconds, Stopping threads took: 0.0001267 seconds
[2021-07-20T13:43:30.470+0000][185.328s][2302588][2302601][info ] Application time: 1.0000859 seconds
[2021-07-20T13:43:30.470+0000][185.328s][2302588][2302601][info ] Entering safepoint region: Cleanup
[2021-07-20T13:43:30.470+0000][185.328s][2302588][2302601][info ] Leaving safepoint region
[2021-07-20T13:43:30.470+0000][185.328s][2302588][2302601][info ] Total time for which application threads were stopped: 0.0003983 seconds, Stopping threads took: 0.0000886 seconds
[2021-07-20T13:43:31.470+0000][186.328s][2302588][2302601][info ] Application time: 1.0000922 seconds
[2021-07-20T13:43:31.470+0000][186.328s][2302588][2302601][info ] Entering safepoint region: Cleanup
[2021-07-20T13:43:31.471+0000][186.329s][2302588][2302601][info ] Leaving safepoint region
[2021-07-20T13:43:31.471+0000][186.329s][2302588][2302601][info ] Total time for which application threads were stopped: 0.0005242 seconds, Stopping threads took: 0.0001161 seconds
[2021-07-20T13:43:32.471+0000][187.329s][2302588][2302601][info ] Application time: 1.0000619 seconds
[2021-07-20T13:43:32.471+0000][187.329s][2302588][2302601][info ] Entering safepoint region: Cleanup
[2021-07-20T13:43:32.471+0000][187.329s][2302588][2302601][info ] Leaving safepoint region
[2021-07-20T13:43:32.471+0000][187.329s][2302588][2302601][info ] Total time for which application threads were stopped: 0.0004183 seconds, Stopping threads took: 0.0001007 seconds
[2021-07-20T13:43:33.471+0000][188.329s][2302588][2302601][info ] Application time: 1.0000644 seconds
[2021-07-20T13:43:33.472+0000][188.330s][2302588][2302601][info ] Entering safepoint region: Cleanup
[2021-07-20T13:43:33.472+0000][188.330s][2302588][2302601][info ] Leaving safepoint region
[2021-07-20T13:43:33.472+0000][188.330s][2302588][2302601][info ] Total time for which application threads were stopped: 0.0004336 seconds, Stopping threads took: 0.0001229 seconds
[2021-07-20T13:43:34.472+0000][189.330s][2302588][2302601][info ] Application time: 1.0000679 seconds
[2021-07-20T13:43:34.472+0000][189.330s][2302588][2302601][info ] Entering safepoint region: Cleanup
[2021-07-20T13:43:34.473+0000][189.331s][2302588][2302601][info ] Leaving safepoint region
[2021-07-20T13:43:34.473+0000][189.331s][2302588][2302601][info ] Total time for which application threads were stopped: 0.0006155 seconds, Stopping threads took: 0.0003071 seconds
[2021-07-20T13:43:35.473+0000][190.331s][2302588][2302601][info ] Application time: 1.0000556 seconds
[2021-07-20T13:43:35.473+0000][190.331s][2302588][2302601][info ] Entering safepoint region: Cleanup
[2021-07-20T13:43:35.473+0000][190.331s][2302588][2302601][info ] Leaving safepoint region
[2021-07-20T13:43:35.473+0000][190.331s][2302588][2302601][info ] Total time for which application threads were stopped: 0.0004401 seconds, Stopping threads took: 0.0001039 seconds
[2021-07-20T13:43:36.473+0000][191.331s][2302588][2302601][info ] Application time: 1.0000623 seconds
[2021-07-20T13:43:36.473+0000][191.331s][2302588][2302601][info ] Entering safepoint region: Cleanup
[2021-07-20T13:43:36.474+0000][191.332s][2302588][2302601][info ] Leaving safepoint region
[2021-07-20T13:43:36.474+0000][191.332s][2302588][2302601][info ] Total time for which application threads were stopped: 0.0004471 seconds, Stopping threads took: 0.0001154 seconds
[2021-07-20T13:43:37.474+0000][192.332s][2302588][2302601][info ] Application time: 1.0000602 seconds
[2021-07-20T13:43:37.474+0000][192.332s][2302588][2302601][info ] Entering safepoint region: Cleanup
[2021-07-20T13:43:37.474+0000][192.332s][2302588][2302601][info ] Leaving safepoint region
[2021-07-20T13:43:37.474+0000][192.332s][2302588][2302601][info ] Total time for which application threads were stopped: 0.0004293 seconds, Stopping threads took: 0.0001247 seconds
[2021-07-20T13:43:38.474+0000][193.332s][2302588][2302601][info ] Application time: 1.0000640 seconds
[2021-07-20T13:43:38.474+0000][193.332s][2302588][2302601][info ] Entering safepoint region: Cleanup
[2021-07-20T13:43:38.475+0000][193.333s][2302588][2302601][info ] Leaving safepoint region
[2021-07-20T13:43:38.475+0000][193.333s][2302588][2302601][info ] Total time for which application threads were stopped: 0.0004281 seconds, Stopping threads took: 0.0001077 seconds
[2021-07-20T13:43:39.475+0000][194.333s][2302588][2302601][info ] Application time: 1.0000151 seconds
[2021-07-20T13:43:39.475+0000][194.333s][2302588][2302601][info ] Entering safepoint region: Cleanup
[2021-07-20T13:43:39.475+0000][194.333s][2302588][2302601][info ] Leaving safepoint region
[2021-07-20T13:43:39.475+0000][194.333s][2302588][2302601][info ] Total time for which application threads were stopped: 0.0004511 seconds, Stopping threads took: 0.0001187 seconds
[2021-07-20T13:43:40.475+0000][195.333s][2302588][2302601][info ] Application time: 1.0000651 seconds
[2021-07-20T13:43:40.476+0000][195.334s][2302588][2302601][info ] Entering safepoint region: Cleanup
[2021-07-20T13:43:40.476+0000][195.334s][2302588][2302601][info ] Leaving safepoint region
[2021-07-20T13:43:40.476+0000][195.334s][2302588][2302601][info ] Total time for which application threads were stopped: 0.0004066 seconds, Stopping threads took: 0.0001034 seconds
[2021-07-20T13:43:41.476+0000][196.334s][2302588][2302601][info ] Application time: 1.0000626 seconds
[2021-07-20T13:43:41.476+0000][196.334s][2302588][2302601][info ] Entering safepoint region: Cleanup
[2021-07-20T13:43:41.476+0000][196.334s][2302588][2302601][info ] Leaving safepoint region
[2021-07-20T13:43:41.476+0000][196.334s][2302588][2302601][info ] Total time for which application threads were stopped: 0.0004371 seconds, Stopping threads took: 0.0001117 seconds
[2021-07-20T13:43:42.476+0000][197.334s][2302588][2302601][info ] Application time: 1.0000636 seconds
[2021-07-20T13:43:42.477+0000][197.335s][2302588][2302601][info ] Entering safepoint region: Cleanup
[2021-07-20T13:43:42.477+0000][197.335s][2302588][2302601][info ] Leaving safepoint region
[2021-07-20T13:43:42.477+0000][197.335s][2302588][2302601][info ] Total time for which application threads were stopped: 0.0004750 seconds, Stopping threads took: 0.0001096 seconds
[2021-07-20T13:43:43.477+0000][198.335s][2302588][2302601][info ] Application time: 1.0000696 seconds
[2021-07-20T13:43:43.477+0000][198.335s][2302588][2302601][info ] Entering safepoint region: Cleanup
[2021-07-20T13:43:43.478+0000][198.335s][2302588][2302601][info ] Leaving safepoint region
[2021-07-20T13:43:43.478+0000][198.336s][2302588][2302601][info ] Total time for which application threads were stopped: 0.0004235 seconds, Stopping threads took: 0.0001064 seconds
[2021-07-20T13:43:43.591+0000][198.449s][2302588][2302600][info ] Trigger: Free (818M) is below minimum threshold (819M)
[2021-07-20T13:43:43.594+0000][198.452s][2302588][2302600][info ] GC(56) Concurrent reset 2.987ms
[2021-07-20T13:43:43.594+0000][198.452s][2302588][2302601][info ] Application time: 0.1161049 seconds
[2021-07-20T13:43:43.594+0000][198.452s][2302588][2302601][info ] Entering safepoint region: ShenandoahInitMark
[2021-07-20T13:43:43.595+0000][198.453s][2302588][2302601][info ] GC(56) Pause Init Mark 0.635ms
[2021-07-20T13:43:43.595+0000][198.453s][2302588][2302601][info ] Leaving safepoint region
[2021-07-20T13:43:43.595+0000][198.453s][2302588][2302601][info ] Total time for which application threads were stopped: 0.0011244 seconds, Stopping threads took: 0.0001391 seconds
[2021-07-20T13:43:43.850+0000][198.708s][2302588][2302601][info ] Application time: 0.2553210 seconds
[2021-07-20T13:43:43.850+0000][198.708s][2302588][2302601][info ] Entering safepoint region: HandshakeFallback
[2021-07-20T13:43:43.851+0000][198.709s][2302588][2302601][info ] Leaving safepoint region
[2021-07-20T13:43:43.851+0000][198.709s][2302588][2302601][info ] Total time for which application threads were stopped: 0.0005854 seconds, Stopping threads took: 0.0001254 seconds
[2021-07-20T13:43:43.851+0000][198.709s][2302588][2302601][info ] Application time: 0.0002178 seconds
[2021-07-20T13:43:43.851+0000][198.709s][2302588][2302601][info ] Entering safepoint region: HandshakeFallback
[2021-07-20T13:43:43.851+0000][198.709s][2302588][2302601][info ] Leaving safepoint region
[2021-07-20T13:43:43.851+0000][198.709s][2302588][2302601][info ] Total time for which application threads were stopped: 0.0003301 seconds, Stopping threads took: 0.0001036 seconds
[2021-07-20T13:43:43.851+0000][198.709s][2302588][2302600][info ] GC(56) Concurrent marking 256.539ms
[2021-07-20T13:43:43.851+0000][198.709s][2302588][2302601][info ] Application time: 0.0000441 seconds
[2021-07-20T13:43:43.851+0000][198.709s][2302588][2302601][info ] Entering safepoint region: ShenandoahFinalMarkStartEvac
[2021-07-20T13:43:43.853+0000][198.711s][2302588][2302601][info ] GC(56) Pause Final Mark 1.200ms
[2021-07-20T13:43:43.853+0000][198.711s][2302588][2302601][info ] Leaving safepoint region
[2021-07-20T13:43:43.853+0000][198.711s][2302588][2302601][info ] Total time for which application threads were stopped: 0.0014735 seconds, Stopping threads took: 0.0000670 seconds
[2021-07-20T13:43:43.853+0000][198.711s][2302588][2302600][info ] GC(56) Concurrent cleanup 7062M->6694M(8192M) 0.046ms
[2021-07-20T13:43:43.871+0000][198.729s][2302588][2302600][info ] GC(56) Concurrent evacuation 17.882ms
[2021-07-20T13:43:43.871+0000][198.729s][2302588][2302601][info ] Application time: 0.0180296 seconds
[2021-07-20T13:43:43.871+0000][198.729s][2302588][2302601][info ] Entering safepoint region: ShenandoahInitUpdateRefs
[2021-07-20T13:43:43.871+0000][198.729s][2302588][2302601][info ] GC(56) Pause Init Update Refs 0.034ms
[2021-07-20T13:43:43.871+0000][198.729s][2302588][2302601][info ] Leaving safepoint region
[2021-07-20T13:43:43.871+0000][198.729s][2302588][2302601][info ] Total time for which application threads were stopped: 0.0005214 seconds, Stopping threads took: 0.0001283 seconds
[2021-07-20T13:43:43.987+0000][198.845s][2302588][2302600][info ] GC(56) Concurrent update references 115.381ms
[2021-07-20T13:43:43.987+0000][198.845s][2302588][2302601][info ] Application time: 0.1154554 seconds
[2021-07-20T13:43:43.987+0000][198.845s][2302588][2302601][info ] Entering safepoint region: ShenandoahFinalUpdateRefs
[2021-07-20T13:43:43.988+0000][198.846s][2302588][2302601][info ] GC(56) Pause Final Update Refs 0.363ms
[2021-07-20T13:43:43.988+0000][198.846s][2302588][2302601][info ] Leaving safepoint region
[2021-07-20T13:43:43.988+0000][198.846s][2302588][2302601][info ] Total time for which application threads were stopped: 0.0008199 seconds, Stopping threads took: 0.0001084 seconds
[2021-07-20T13:43:43.988+0000][198.846s][2302588][2302600][info ] GC(56) Concurrent cleanup 6798M->608M(8192M) 0.179ms
[2021-07-20T13:43:44.988+0000][199.846s][2302588][2302601][info ] Application time: 1.0000644 seconds
[2021-07-20T13:43:44.988+0000][199.846s][2302588][2302601][info ] Entering safepoint region: Cleanup
[2021-07-20T13:43:44.988+0000][199.846s][2302588][2302601][info ] Leaving safepoint region
[2021-07-20T13:43:44.988+0000][199.846s][2302588][2302601][info ] Total time for which application threads were stopped: 0.0004696 seconds, Stopping threads took: 0.0001189 seconds
[2021-07-20T13:43:45.988+0000][200.846s][2302588][2302601][info ] Application time: 1.0000614 seconds
[2021-07-20T13:43:45.989+0000][200.846s][2302588][2302601][info ] Entering safepoint region: Cleanup
[2021-07-20T13:43:45.989+0000][200.847s][2302588][2302601][info ] Leaving safepoint region
[2021-07-20T13:43:45.989+0000][200.847s][2302588][2302601][info ] Total time for which application threads were stopped: 0.0004257 seconds, Stopping threads took: 0.0001041 seconds
[2021-07-20T13:43:46.989+0000][201.847s][2302588][2302601][info ] Application time: 1.0000652 seconds
[2021-07-20T13:43:46.989+0000][201.847s][2302588][2302601][info ] Entering safepoint region: Cleanup
[2021-07-20T13:43:46.989+0000][201.847s][2302588][2302601][info ] Leaving safepoint region
[2021-07-20T13:43:46.989+0000][201.847s][2302588][2302601][info ] Total time for which application threads were stopped: 0.0004294 seconds, Stopping threads took: 0.0001069 seconds
[2021-07-20T13:43:47.989+0000][202.847s][2302588][2302601][info ] Application time: 1.0000664 seconds
[2021-07-20T13:43:47.990+0000][202.848s][2302588][2302601][info ] Entering safepoint region: Cleanup
[2021-07-20T13:43:47.990+0000][202.848s][2302588][2302601][info ] Leaving safepoint region
[2021-07-20T13:43:47.990+0000][202.848s][2302588][2302601][info ] Total time for which application threads were stopped: 0.0004253 seconds, Stopping threads took: 0.0001165 seconds
[2021-07-20T13:43:48.990+0000][203.848s][2302588][2302601][info ] Application time: 1.0000360 seconds
[2021-07-20T13:43:48.990+0000][203.848s][2302588][2302601][info ] Entering safepoint region: Cleanup
[2021-07-20T13:43:48.990+0000][203.848s][2302588][2302601][info ] Leaving safepoint region
[2021-07-20T13:43:48.990+0000][203.848s][2302588][2302601][info ] Total time for which application threads were stopped: 0.0004282 seconds, Stopping threads took: 0.0001165 seconds
[2021-07-20T13:43:49.991+0000][204.849s][2302588][2302601][info ] Application time: 1.0000667 seconds
[2021-07-20T13:43:49.991+0000][204.849s][2302588][2302601][info ] Entering safepoint region: Cleanup
[2021-07-20T13:43:49.991+0000][204.849s][2302588][2302601][info ] Leaving safepoint region
[2021-07-20T13:43:49.991+0000][204.849s][2302588][2302601][info ] Total time for which application threads were stopped: 0.0004729 seconds, Stopping threads took: 0.0001404 seconds
[2021-07-20T13:43:50.991+0000][205.849s][2302588][2302601][info ] Application time: 1.0000652 seconds
[2021-07-20T13:43:50.991+0000][205.849s][2302588][2302601][info ] Entering safepoint region: Cleanup
[2021-07-20T13:43:50.992+0000][205.850s][2302588][2302601][info ] Leaving safepoint region
[2021-07-20T13:43:50.992+0000][205.850s][2302588][2302601][info ] Total time for which application threads were stopped: 0.0004456 seconds, Stopping threads took: 0.0001389 seconds
[2021-07-20T13:43:51.992+0000][206.850s][2302588][2302601][info ] Application time: 1.0000659 seconds
[2021-07-20T13:43:51.992+0000][206.850s][2302588][2302601][info ] Entering safepoint region: Cleanup
[2021-07-20T13:43:51.992+0000][206.850s][2302588][2302601][info ] Leaving safepoint region
[2021-07-20T13:43:51.992+0000][206.850s][2302588][2302601][info ] Total time for which application threads were stopped: 0.0004144 seconds, Stopping threads took: 0.0001066 seconds
[2021-07-20T13:43:52.992+0000][207.850s][2302588][2302601][info ] Application time: 1.0000378 seconds
[2021-07-20T13:43:52.992+0000][207.850s][2302588][2302601][info ] Entering safepoint region: Cleanup
[2021-07-20T13:43:52.993+0000][207.851s][2302588][2302601][info ] Leaving safepoint region
[2021-07-20T13:43:52.993+0000][207.851s][2302588][2302601][info ] Total time for which application threads were stopped: 0.0004303 seconds, Stopping threads took: 0.0001209 seconds
[2021-07-20T13:43:53.993+0000][208.851s][2302588][2302601][info ] Application time: 1.0000652 seconds
[2021-07-20T13:43:53.993+0000][208.851s][2302588][2302601][info ] Entering safepoint region: Cleanup
[2021-07-20T13:43:53.993+0000][208.851s][2302588][2302601][info ] Leaving safepoint region
[2021-07-20T13:43:53.993+0000][208.851s][2302588][2302601][info ] Total time for which application threads were stopped: 0.0004679 seconds, Stopping threads took: 0.0001256 seconds
[2021-07-20T13:43:54.993+0000][209.851s][2302588][2302601][info ] Application time: 1.0000157 seconds
[2021-07-20T13:43:54.994+0000][209.852s][2302588][2302601][info ] Entering safepoint region: Cleanup
[2021-07-20T13:43:54.994+0000][209.852s][2302588][2302601][info ] Leaving safepoint region
[2021-07-20T13:43:54.994+0000][209.852s][2302588][2302601][info ] Total time for which application threads were stopped: 0.0004672 seconds, Stopping threads took: 0.0001079 seconds
[2021-07-20T13:43:55.994+0000][210.852s][2302588][2302601][info ] Application time: 1.0000546 seconds
[2021-07-20T13:43:55.994+0000][210.852s][2302588][2302601][info ] Entering safepoint region: Cleanup
[2021-07-20T13:43:55.994+0000][210.852s][2302588][2302601][info ] Leaving safepoint region
[2021-07-20T13:43:55.995+0000][210.852s][2302588][2302601][info ] Total time for which application threads were stopped: 0.0004260 seconds, Stopping threads took: 0.0001065 seconds
[2021-07-20T13:43:56.995+0000][211.853s][2302588][2302601][info ] Application time: 1.0000651 seconds
[2021-07-20T13:43:56.995+0000][211.853s][2302588][2302601][info ] Entering safepoint region: Cleanup
[2021-07-20T13:43:56.995+0000][211.853s][2302588][2302601][info ] Leaving safepoint region
[2021-07-20T13:43:56.995+0000][211.853s][2302588][2302601][info ] Total time for which application threads were stopped: 0.0004605 seconds, Stopping threads took: 0.0001169 seconds
[2021-07-20T13:43:57.995+0000][212.853s][2302588][2302601][info ] Application time: 1.0000651 seconds
[2021-07-20T13:43:57.995+0000][212.853s][2302588][2302601][info ] Entering safepoint region: Cleanup
[2021-07-20T13:43:57.996+0000][212.854s][2302588][2302601][info ] Leaving safepoint region
[2021-07-20T13:43:57.996+0000][212.854s][2302588][2302601][info ] Total time for which application threads were stopped: 0.0004242 seconds, Stopping threads took: 0.0001261 seconds
[2021-07-20T13:43:58.996+0000][213.854s][2302588][2302601][info ] Application time: 1.0000653 seconds
[2021-07-20T13:43:58.996+0000][213.854s][2302588][2302601][info ] Entering safepoint region: Cleanup
[2021-07-20T13:43:58.996+0000][213.854s][2302588][2302601][info ] Leaving safepoint region
[2021-07-20T13:43:58.996+0000][213.854s][2302588][2302601][info ] Total time for which application threads were stopped: 0.0004457 seconds, Stopping threads took: 0.0001219 seconds
[2021-07-20T13:43:59.996+0000][214.854s][2302588][2302601][info ] Application time: 1.0000562 seconds
[2021-07-20T13:43:59.996+0000][214.854s][2302588][2302601][info ] Entering safepoint region: Cleanup
[2021-07-20T13:43:59.997+0000][214.855s][2302588][2302601][info ] Leaving safepoint region
[2021-07-20T13:43:59.997+0000][214.855s][2302588][2302601][info ] Total time for which application threads were stopped: 0.0004091 seconds, Stopping threads took: 0.0001072 seconds
[2021-07-20T13:44:00.997+0000][215.855s][2302588][2302601][info ] Application time: 1.0000624 seconds
[2021-07-20T13:44:00.997+0000][215.855s][2302588][2302601][info ] Entering safepoint region: Cleanup
[2021-07-20T13:44:00.997+0000][215.855s][2302588][2302601][info ] Leaving safepoint region
[2021-07-20T13:44:00.997+0000][215.855s][2302588][2302601][info ] Total time for which application threads were stopped: 0.0004545 seconds, Stopping threads took: 0.0001236 seconds
[2021-07-20T13:44:01.997+0000][216.855s][2302588][2302601][info ] Application time: 1.0000576 seconds
[2021-07-20T13:44:01.997+0000][216.855s][2302588][2302601][info ] Entering safepoint region: Cleanup
[2021-07-20T13:44:01.998+0000][216.856s][2302588][2302601][info ] Leaving safepoint region
[2021-07-20T13:44:01.998+0000][216.856s][2302588][2302601][info ] Total time for which application threads were stopped: 0.0004753 seconds, Stopping threads took: 0.0001250 seconds
[2021-07-20T13:44:02.106+0000][216.964s][2302588][2302600][info ] Trigger: Average GC time (1169.07 ms) is above the time for allocation rate (353 MB/s) to deplete free headroom (412M)
[2021-07-20T13:44:02.111+0000][216.969s][2302588][2302600][info ] GC(57) Concurrent reset 4.802ms
[2021-07-20T13:44:02.111+0000][216.969s][2302588][2302601][info ] Application time: 0.1131079 seconds
[2021-07-20T13:44:02.111+0000][216.969s][2302588][2302601][info ] Entering safepoint region: ShenandoahInitMark
[2021-07-20T13:44:02.112+0000][216.970s][2302588][2302601][info ] GC(57) Pause Init Mark 0.598ms
[2021-07-20T13:44:02.112+0000][216.970s][2302588][2302601][info ] Leaving safepoint region
[2021-07-20T13:44:02.112+0000][216.970s][2302588][2302601][info ] Total time for which application threads were stopped: 0.0010726 seconds, Stopping threads took: 0.0001259 seconds
[2021-07-20T13:44:02.383+0000][217.241s][2302588][2302601][info ] Application time: 0.2709788 seconds
[2021-07-20T13:44:02.383+0000][217.241s][2302588][2302601][info ] Entering safepoint region: HandshakeFallback
[2021-07-20T13:44:02.384+0000][217.242s][2302588][2302601][info ] Leaving safepoint region
[2021-07-20T13:44:02.384+0000][217.242s][2302588][2302601][info ] Total time for which application threads were stopped: 0.0005855 seconds, Stopping threads took: 0.0001227 seconds
[2021-07-20T13:44:02.384+0000][217.242s][2302588][2302601][info ] Application time: 0.0002016 seconds
[2021-07-20T13:44:02.384+0000][217.242s][2302588][2302601][info ] Entering safepoint region: HandshakeFallback
[2021-07-20T13:44:02.384+0000][217.242s][2302588][2302601][info ] Leaving safepoint region
[2021-07-20T13:44:02.384+0000][217.242s][2302588][2302601][info ] Total time for which application threads were stopped: 0.0003203 seconds, Stopping threads took: 0.0001065 seconds
[2021-07-20T13:44:02.384+0000][217.242s][2302588][2302600][info ] GC(57) Concurrent marking 272.174ms
[2021-07-20T13:44:02.384+0000][217.242s][2302588][2302601][info ] Application time: 0.0000552 seconds
[2021-07-20T13:44:02.384+0000][217.242s][2302588][2302601][info ] Entering safepoint region: ShenandoahFinalMarkStartEvac
[2021-07-20T13:44:02.386+0000][217.244s][2302588][2302601][info ] GC(57) Pause Final Mark 1.072ms
[2021-07-20T13:44:02.386+0000][217.244s][2302588][2302601][info ] Leaving safepoint region
[2021-07-20T13:44:02.386+0000][217.244s][2302588][2302601][info ] Total time for which application threads were stopped: 0.0013431 seconds, Stopping threads took: 0.0000595 seconds
[2021-07-20T13:44:02.386+0000][217.244s][2302588][2302600][info ] GC(57) Concurrent cleanup 7083M->5508M(8192M) 0.076ms
[2021-07-20T13:44:02.400+0000][217.258s][2302588][2302600][info ] GC(57) Concurrent evacuation 14.262ms
[2021-07-20T13:44:02.400+0000][217.258s][2302588][2302601][info ] Application time: 0.0144531 seconds
[2021-07-20T13:44:02.400+0000][217.258s][2302588][2302601][info ] Entering safepoint region: ShenandoahInitUpdateRefs
[2021-07-20T13:44:02.401+0000][217.259s][2302588][2302601][info ] GC(57) Pause Init Update Refs 0.037ms
[2021-07-20T13:44:02.401+0000][217.259s][2302588][2302601][info ] Leaving safepoint region
[2021-07-20T13:44:02.401+0000][217.259s][2302588][2302601][info ] Total time for which application threads were stopped: 0.0005099 seconds, Stopping threads took: 0.0001373 seconds
[2021-07-20T13:44:02.505+0000][217.363s][2302588][2302600][info ] GC(57) Concurrent update references 104.171ms
[2021-07-20T13:44:02.505+0000][217.363s][2302588][2302601][info ] Application time: 0.1042414 seconds
[2021-07-20T13:44:02.505+0000][217.363s][2302588][2302601][info ] Entering safepoint region: ShenandoahFinalUpdateRefs
[2021-07-20T13:44:02.506+0000][217.364s][2302588][2302601][info ] GC(57) Pause Final Update Refs 0.383ms
[2021-07-20T13:44:02.506+0000][217.364s][2302588][2302601][info ] Leaving safepoint region
[2021-07-20T13:44:02.506+0000][217.364s][2302588][2302601][info ] Total time for which application threads were stopped: 0.0008749 seconds, Stopping threads took: 0.0001297 seconds
[2021-07-20T13:44:02.506+0000][217.364s][2302588][2302600][info ] GC(57) Concurrent cleanup 5587M->615M(8192M) 0.157ms
[2021-07-20T13:44:03.506+0000][218.364s][2302588][2302601][info ] Application time: 1.0000657 seconds
[2021-07-20T13:44:03.506+0000][218.364s][2302588][2302601][info ] Entering safepoint region: Cleanup
[2021-07-20T13:44:03.506+0000][218.364s][2302588][2302601][info ] Leaving safepoint region
[2021-07-20T13:44:03.506+0000][218.364s][2302588][2302601][info ] Total time for which application threads were stopped: 0.0004244 seconds, Stopping threads took: 0.0001105 seconds
[2021-07-20T13:44:04.506+0000][219.364s][2302588][2302601][info ] Application time: 1.0000617 seconds
[2021-07-20T13:44:04.507+0000][219.364s][2302588][2302601][info ] Entering safepoint region: Cleanup
[2021-07-20T13:44:04.507+0000][219.365s][2302588][2302601][info ] Leaving safepoint region
[2021-07-20T13:44:04.507+0000][219.365s][2302588][2302601][info ] Total time for which application threads were stopped: 0.0004058 seconds, Stopping threads took: 0.0000990 seconds
[2021-07-20T13:44:05.507+0000][220.365s][2302588][2302601][info ] Application time: 1.0000658 seconds
[2021-07-20T13:44:05.507+0000][220.365s][2302588][2302601][info ] Entering safepoint region: Cleanup
[2021-07-20T13:44:05.507+0000][220.365s][2302588][2302601][info ] Leaving safepoint region
[2021-07-20T13:44:05.507+0000][220.365s][2302588][2302601][info ] Total time for which application threads were stopped: 0.0004603 seconds, Stopping threads took: 0.0001120 seconds
[2021-07-20T13:44:06.507+0000][221.365s][2302588][2302601][info ] Application time: 1.0000659 seconds
[2021-07-20T13:44:06.508+0000][221.366s][2302588][2302601][info ] Entering safepoint region: Cleanup
[2021-07-20T13:44:06.508+0000][221.366s][2302588][2302601][info ] Leaving safepoint region
[2021-07-20T13:44:06.508+0000][221.366s][2302588][2302601][info ] Total time for which application threads were stopped: 0.0004665 seconds, Stopping threads took: 0.0001166 seconds
[2021-07-20T13:44:07.508+0000][222.366s][2302588][2302601][info ] Application time: 1.0000629 seconds
[2021-07-20T13:44:07.508+0000][222.366s][2302588][2302601][info ] Entering safepoint region: Cleanup
[2021-07-20T13:44:07.509+0000][222.367s][2302588][2302601][info ] Leaving safepoint region
[2021-07-20T13:44:07.509+0000][222.367s][2302588][2302601][info ] Total time for which application threads were stopped: 0.0004076 seconds, Stopping threads took: 0.0001044 seconds
[2021-07-20T13:44:08.509+0000][223.367s][2302588][2302601][info ] Application time: 1.0000677 seconds
[2021-07-20T13:44:08.509+0000][223.367s][2302588][2302601][info ] Entering safepoint region: Cleanup
[2021-07-20T13:44:08.509+0000][223.367s][2302588][2302601][info ] Leaving safepoint region
[2021-07-20T13:44:08.509+0000][223.367s][2302588][2302601][info ] Total time for which application threads were stopped: 0.0004531 seconds, Stopping threads took: 0.0001113 seconds
[2021-07-20T13:44:09.509+0000][224.367s][2302588][2302601][info ] Application time: 1.0000647 seconds
[2021-07-20T13:44:09.510+0000][224.368s][2302588][2302601][info ] Entering safepoint region: Cleanup
[2021-07-20T13:44:09.510+0000][224.368s][2302588][2302601][info ] Leaving safepoint region
[2021-07-20T13:44:09.510+0000][224.368s][2302588][2302601][info ] Total time for which application threads were stopped: 0.0004158 seconds, Stopping threads took: 0.0001141 seconds
[2021-07-20T13:44:10.510+0000][225.368s][2302588][2302601][info ] Application time: 1.0000463 seconds
[2021-07-20T13:44:10.510+0000][225.368s][2302588][2302601][info ] Entering safepoint region: Cleanup
[2021-07-20T13:44:10.510+0000][225.368s][2302588][2302601][info ] Leaving safepoint region
[2021-07-20T13:44:10.510+0000][225.368s][2302588][2302601][info ] Total time for which application threads were stopped: 0.0004244 seconds, Stopping threads took: 0.0001095 seconds
[2021-07-20T13:44:11.510+0000][226.368s][2302588][2302601][info ] Application time: 1.0000646 seconds
[2021-07-20T13:44:11.511+0000][226.369s][2302588][2302601][info ] Entering safepoint region: Cleanup
[2021-07-20T13:44:11.511+0000][226.369s][2302588][2302601][info ] Leaving safepoint region
[2021-07-20T13:44:11.511+0000][226.369s][2302588][2302601][info ] Total time for which application threads were stopped: 0.0004134 seconds, Stopping threads took: 0.0001089 seconds
[2021-07-20T13:44:12.511+0000][227.369s][2302588][2302601][info ] Application time: 1.0000635 seconds
[2021-07-20T13:44:12.511+0000][227.369s][2302588][2302601][info ] Entering safepoint region: Cleanup
[2021-07-20T13:44:12.511+0000][227.369s][2302588][2302601][info ] Leaving safepoint region
[2021-07-20T13:44:12.511+0000][227.369s][2302588][2302601][info ] Total time for which application threads were stopped: 0.0004236 seconds, Stopping threads took: 0.0001064 seconds
[2021-07-20T13:44:13.512+0000][228.369s][2302588][2302601][info ] Application time: 1.0000628 seconds
[2021-07-20T13:44:13.512+0000][228.370s][2302588][2302601][info ] Entering safepoint region: Cleanup
[2021-07-20T13:44:13.512+0000][228.370s][2302588][2302601][info ] Leaving safepoint region
[2021-07-20T13:44:13.512+0000][228.370s][2302588][2302601][info ] Total time for which application threads were stopped: 0.0004229 seconds, Stopping threads took: 0.0001073 seconds
[2021-07-20T13:44:14.512+0000][229.370s][2302588][2302601][info ] Application time: 1.0000661 seconds
[2021-07-20T13:44:14.512+0000][229.370s][2302588][2302601][info ] Entering safepoint region: Cleanup
[2021-07-20T13:44:14.513+0000][229.370s][2302588][2302601][info ] Leaving safepoint region
[2021-07-20T13:44:14.513+0000][229.371s][2302588][2302601][info ] Total time for which application threads were stopped: 0.0004598 seconds, Stopping threads took: 0.0001105 seconds
[2021-07-20T13:44:15.513+0000][230.371s][2302588][2302601][info ] Application time: 1.0000491 seconds
[2021-07-20T13:44:15.513+0000][230.371s][2302588][2302601][info ] Entering safepoint region: Cleanup
[2021-07-20T13:44:15.513+0000][230.371s][2302588][2302601][info ] Leaving safepoint region
[2021-07-20T13:44:15.513+0000][230.371s][2302588][2302601][info ] Total time for which application threads were stopped: 0.0004192 seconds, Stopping threads took: 0.0001104 seconds
[2021-07-20T13:44:16.513+0000][231.371s][2302588][2302601][info ] Application time: 1.0000634 seconds
[2021-07-20T13:44:16.513+0000][231.371s][2302588][2302601][info ] Entering safepoint region: Cleanup
[2021-07-20T13:44:16.514+0000][231.372s][2302588][2302601][info ] Leaving safepoint region
[2021-07-20T13:44:16.514+0000][231.372s][2302588][2302601][info ] Total time for which application threads were stopped: 0.0004139 seconds, Stopping threads took: 0.0001060 seconds
[2021-07-20T13:44:17.514+0000][232.372s][2302588][2302601][info ] Application time: 1.0000633 seconds
[2021-07-20T13:44:17.514+0000][232.372s][2302588][2302601][info ] Entering safepoint region: Cleanup
[2021-07-20T13:44:17.514+0000][232.372s][2302588][2302601][info ] Leaving safepoint region
[2021-07-20T13:44:17.514+0000][232.372s][2302588][2302601][info ] Total time for which application threads were stopped: 0.0003887 seconds, Stopping threads took: 0.0000926 seconds
[2021-07-20T13:44:18.514+0000][233.372s][2302588][2302601][info ] Application time: 1.0000642 seconds
[2021-07-20T13:44:18.514+0000][233.372s][2302588][2302601][info ] Entering safepoint region: Cleanup
[2021-07-20T13:44:18.515+0000][233.373s][2302588][2302601][info ] Leaving safepoint region
[2021-07-20T13:44:18.515+0000][233.373s][2302588][2302601][info ] Total time for which application threads were stopped: 0.0004418 seconds, Stopping threads took: 0.0001276 seconds
[2021-07-20T13:44:19.515+0000][234.373s][2302588][2302601][info ] Application time: 1.0000635 seconds
[2021-07-20T13:44:19.515+0000][234.373s][2302588][2302601][info ] Entering safepoint region: Cleanup
[2021-07-20T13:44:19.515+0000][234.373s][2302588][2302601][info ] Leaving safepoint region
[2021-07-20T13:44:19.515+0000][234.373s][2302588][2302601][info ] Total time for which application threads were stopped: 0.0004044 seconds, Stopping threads took: 0.0001043 seconds
[2021-07-20T13:44:20.515+0000][235.373s][2302588][2302601][info ] Application time: 1.0000655 seconds
[2021-07-20T13:44:20.515+0000][235.373s][2302588][2302601][info ] Entering safepoint region: Cleanup
[2021-07-20T13:44:20.516+0000][235.374s][2302588][2302601][info ] Leaving safepoint region
[2021-07-20T13:44:20.516+0000][235.374s][2302588][2302601][info ] Total time for which application threads were stopped: 0.0004195 seconds, Stopping threads took: 0.0001085 seconds
[2021-07-20T13:44:20.603+0000][235.461s][2302588][2302600][info ] Trigger: Free (816M) is below minimum threshold (819M)
[2021-07-20T13:44:20.607+0000][235.465s][2302588][2302600][info ] GC(58) Concurrent reset 4.117ms
[2021-07-20T13:44:20.607+0000][235.465s][2302588][2302601][info ] Application time: 0.0913524 seconds
[2021-07-20T13:44:20.607+0000][235.465s][2302588][2302601][info ] Entering safepoint region: ShenandoahInitMark
[2021-07-20T13:44:20.608+0000][235.466s][2302588][2302601][info ] GC(58) Pause Init Mark 0.598ms
[2021-07-20T13:44:20.608+0000][235.466s][2302588][2302601][info ] Leaving safepoint region
[2021-07-20T13:44:20.608+0000][235.466s][2302588][2302601][info ] Total time for which application threads were stopped: 0.0010882 seconds, Stopping threads took: 0.0001237 seconds
[2021-07-20T13:44:20.857+0000][235.715s][2302588][2302601][info ] Application time: 0.2490685 seconds
[2021-07-20T13:44:20.857+0000][235.715s][2302588][2302601][info ] Entering safepoint region: HandshakeFallback
[2021-07-20T13:44:20.858+0000][235.716s][2302588][2302601][info ] Leaving safepoint region
[2021-07-20T13:44:20.858+0000][235.716s][2302588][2302601][info ] Total time for which application threads were stopped: 0.0005630 seconds, Stopping threads took: 0.0001121 seconds
[2021-07-20T13:44:20.858+0000][235.716s][2302588][2302601][info ] Application time: 0.0004520 seconds
[2021-07-20T13:44:20.858+0000][235.716s][2302588][2302601][info ] Entering safepoint region: HandshakeFallback
[2021-07-20T13:44:20.859+0000][235.717s][2302588][2302601][info ] Leaving safepoint region
[2021-07-20T13:44:20.859+0000][235.717s][2302588][2302601][info ] Total time for which application threads were stopped: 0.0003255 seconds, Stopping threads took: 0.0000786 seconds
[2021-07-20T13:44:20.859+0000][235.717s][2302588][2302600][info ] GC(58) Concurrent marking 250.508ms
[2021-07-20T13:44:20.859+0000][235.717s][2302588][2302601][info ] Application time: 0.0000552 seconds
[2021-07-20T13:44:20.859+0000][235.717s][2302588][2302601][info ] Entering safepoint region: ShenandoahFinalMarkStartEvac
[2021-07-20T13:44:20.860+0000][235.718s][2302588][2302601][info ] GC(58) Pause Final Mark 1.065ms
[2021-07-20T13:44:20.860+0000][235.718s][2302588][2302601][info ] Leaving safepoint region
[2021-07-20T13:44:20.860+0000][235.718s][2302588][2302601][info ] Total time for which application threads were stopped: 0.0013003 seconds, Stopping threads took: 0.0000398 seconds
[2021-07-20T13:44:20.860+0000][235.718s][2302588][2302600][info ] GC(58) Concurrent cleanup 7066M->5203M(8192M) 0.093ms
[2021-07-20T13:44:20.869+0000][235.727s][2302588][2302600][info ] GC(58) Concurrent evacuation 9.250ms
[2021-07-20T13:44:20.869+0000][235.727s][2302588][2302601][info ] Application time: 0.0094373 seconds
[2021-07-20T13:44:20.870+0000][235.728s][2302588][2302601][info ] Entering safepoint region: ShenandoahInitUpdateRefs
[2021-07-20T13:44:20.870+0000][235.728s][2302588][2302601][info ] GC(58) Pause Init Update Refs 0.033ms
[2021-07-20T13:44:20.870+0000][235.728s][2302588][2302601][info ] Leaving safepoint region
[2021-07-20T13:44:20.870+0000][235.728s][2302588][2302601][info ] Total time for which application threads were stopped: 0.0004892 seconds, Stopping threads took: 0.0001277 seconds
[2021-07-20T13:44:20.961+0000][235.819s][2302588][2302600][info ] GC(58) Concurrent update references 91.042ms
[2021-07-20T13:44:20.961+0000][235.819s][2302588][2302601][info ] Application time: 0.0911137 seconds
[2021-07-20T13:44:20.961+0000][235.819s][2302588][2302601][info ] Entering safepoint region: ShenandoahFinalUpdateRefs
[2021-07-20T13:44:20.962+0000][235.820s][2302588][2302601][info ] GC(58) Pause Final Update Refs 0.354ms
[2021-07-20T13:44:20.962+0000][235.820s][2302588][2302601][info ] Leaving safepoint region
[2021-07-20T13:44:20.962+0000][235.820s][2302588][2302601][info ] Total time for which application threads were stopped: 0.0008406 seconds, Stopping threads took: 0.0001160 seconds
[2021-07-20T13:44:20.962+0000][235.820s][2302588][2302600][info ] GC(58) Concurrent cleanup 5264M->596M(8192M) 0.140ms
[2021-07-20T13:44:21.962+0000][236.820s][2302588][2302601][info ] Application time: 1.0000298 seconds
[2021-07-20T13:44:21.962+0000][236.820s][2302588][2302601][info ] Entering safepoint region: Cleanup
[2021-07-20T13:44:21.962+0000][236.820s][2302588][2302601][info ] Leaving safepoint region
[2021-07-20T13:44:21.962+0000][236.820s][2302588][2302601][info ] Total time for which application threads were stopped: 0.0004211 seconds, Stopping threads took: 0.0001001 seconds
[2021-07-20T13:44:22.963+0000][237.821s][2302588][2302601][info ] Application time: 1.0000677 seconds
[2021-07-20T13:44:22.963+0000][237.821s][2302588][2302601][info ] Entering safepoint region: Cleanup
[2021-07-20T13:44:22.963+0000][237.821s][2302588][2302601][info ] Leaving safepoint region
[2021-07-20T13:44:22.963+0000][237.821s][2302588][2302601][info ] Total time for which application threads were stopped: 0.0004392 seconds, Stopping threads took: 0.0001149 seconds
[2021-07-20T13:44:23.963+0000][238.821s][2302588][2302601][info ] Application time: 1.0000664 seconds
[2021-07-20T13:44:23.963+0000][238.821s][2302588][2302601][info ] Entering safepoint region: Cleanup
[2021-07-20T13:44:23.964+0000][238.822s][2302588][2302601][info ] Leaving safepoint region
[2021-07-20T13:44:23.964+0000][238.822s][2302588][2302601][info ] Total time for which application threads were stopped: 0.0004715 seconds, Stopping threads took: 0.0001367 seconds
[2021-07-20T13:44:29.964+0000][244.822s][2302588][2302601][info ] Application time: 6.0003655 seconds
[2021-07-20T13:44:29.964+0000][244.822s][2302588][2302601][info ] Entering safepoint region: Cleanup
[2021-07-20T13:44:29.964+0000][244.822s][2302588][2302601][info ] Leaving safepoint region
[2021-07-20T13:44:29.964+0000][244.822s][2302588][2302601][info ] Total time for which application threads were stopped: 0.0004364 seconds, Stopping threads took: 0.0001039 seconds
[2021-07-20T13:44:31.965+0000][246.823s][2302588][2302601][info ] Application time: 2.0001302 seconds
[2021-07-20T13:44:31.965+0000][246.823s][2302588][2302601][info ] Entering safepoint region: Cleanup
[2021-07-20T13:44:31.965+0000][246.823s][2302588][2302601][info ] Leaving safepoint region
[2021-07-20T13:44:31.965+0000][246.823s][2302588][2302601][info ] Total time for which application threads were stopped: 0.0004459 seconds, Stopping threads took: 0.0001115 seconds
[2021-07-20T13:44:39.066+0000][253.924s][2302588][2302600][info ] Trigger: Free (815M) is below minimum threshold (819M)
[2021-07-20T13:44:39.070+0000][253.928s][2302588][2302600][info ] GC(59) Concurrent reset 3.693ms
[2021-07-20T13:44:39.070+0000][253.928s][2302588][2302601][info ] Application time: 7.1051876 seconds
[2021-07-20T13:44:39.070+0000][253.928s][2302588][2302601][info ] Entering safepoint region: ShenandoahInitMark
[2021-07-20T13:44:39.071+0000][253.929s][2302588][2302601][info ] GC(59) Pause Init Mark 0.567ms
[2021-07-20T13:44:39.071+0000][253.929s][2302588][2302601][info ] Leaving safepoint region
[2021-07-20T13:44:39.071+0000][253.929s][2302588][2302601][info ] Total time for which application threads were stopped: 0.0010399 seconds, Stopping threads took: 0.0001282 seconds
[2021-07-20T13:44:39.321+0000][254.179s][2302588][2302601][info ] Application time: 0.2498584 seconds
[2021-07-20T13:44:39.321+0000][254.179s][2302588][2302601][info ] Entering safepoint region: HandshakeFallback
[2021-07-20T13:44:39.322+0000][254.180s][2302588][2302601][info ] Leaving safepoint region
[2021-07-20T13:44:39.322+0000][254.180s][2302588][2302601][info ] Total time for which application threads were stopped: 0.0005961 seconds, Stopping threads took: 0.0001356 seconds
[2021-07-20T13:44:39.322+0000][254.180s][2302588][2302601][info ] Application time: 0.0003754 seconds
[2021-07-20T13:44:39.323+0000][254.181s][2302588][2302601][info ] Entering safepoint region: HandshakeFallback
[2021-07-20T13:44:39.324+0000][254.181s][2302588][2302601][info ] Leaving safepoint region
[2021-07-20T13:44:39.324+0000][254.181s][2302588][2302601][info ] Total time for which application threads were stopped: 0.0012288 seconds, Stopping threads took: 0.0010229 seconds
[2021-07-20T13:44:39.324+0000][254.182s][2302588][2302600][info ] GC(59) Concurrent marking 252.156ms
[2021-07-20T13:44:39.324+0000][254.182s][2302588][2302601][info ] Application time: 0.0000486 seconds
[2021-07-20T13:44:39.324+0000][254.182s][2302588][2302601][info ] Entering safepoint region: ShenandoahFinalMarkStartEvac
[2021-07-20T13:44:39.325+0000][254.183s][2302588][2302601][info ] GC(59) Pause Final Mark 1.104ms
[2021-07-20T13:44:39.325+0000][254.183s][2302588][2302601][info ] Leaving safepoint region
[2021-07-20T13:44:39.325+0000][254.183s][2302588][2302601][info ] Total time for which application threads were stopped: 0.0013598 seconds, Stopping threads took: 0.0000559 seconds
[2021-07-20T13:44:39.325+0000][254.183s][2302588][2302600][info ] GC(59) Concurrent cleanup 7066M->6173M(8192M) 0.064ms
[2021-07-20T13:44:39.340+0000][254.198s][2302588][2302600][info ] GC(59) Concurrent evacuation 14.709ms
[2021-07-20T13:44:39.340+0000][254.198s][2302588][2302601][info ] Application time: 0.0148774 seconds
[2021-07-20T13:44:39.340+0000][254.198s][2302588][2302601][info ] Entering safepoint region: ShenandoahInitUpdateRefs
[2021-07-20T13:44:39.340+0000][254.198s][2302588][2302601][info ] GC(59) Pause Init Update Refs 0.035ms
[2021-07-20T13:44:39.340+0000][254.198s][2302588][2302601][info ] Leaving safepoint region
[2021-07-20T13:44:39.340+0000][254.198s][2302588][2302601][info ] Total time for which application threads were stopped: 0.0005054 seconds, Stopping threads took: 0.0001331 seconds
[2021-07-20T13:44:39.440+0000][254.298s][2302588][2302600][info ] GC(59) Concurrent update references 100.101ms
[2021-07-20T13:44:39.441+0000][254.299s][2302588][2302601][info ] Application time: 0.1001894 seconds
[2021-07-20T13:44:39.441+0000][254.299s][2302588][2302601][info ] Entering safepoint region: ShenandoahFinalUpdateRefs
[2021-07-20T13:44:39.441+0000][254.299s][2302588][2302601][info ] GC(59) Pause Final Update Refs 0.365ms
[2021-07-20T13:44:39.441+0000][254.299s][2302588][2302601][info ] Leaving safepoint region
[2021-07-20T13:44:39.441+0000][254.299s][2302588][2302601][info ] Total time for which application threads were stopped: 0.0008422 seconds, Stopping threads took: 0.0001317 seconds
[2021-07-20T13:44:39.442+0000][254.300s][2302588][2302600][info ] GC(59) Concurrent cleanup 6266M->594M(8192M) 0.168ms
[2021-07-20T13:44:40.441+0000][255.299s][2302588][2302601][info ] Application time: 1.0000682 seconds
[2021-07-20T13:44:40.442+0000][255.300s][2302588][2302601][info ] Entering safepoint region: Cleanup
[2021-07-20T13:44:40.442+0000][255.300s][2302588][2302601][info ] Leaving safepoint region
[2021-07-20T13:44:40.442+0000][255.300s][2302588][2302601][info ] Total time for which application threads were stopped: 0.0004805 seconds, Stopping threads took: 0.0001070 seconds
[2021-07-20T13:44:45.442+0000][260.300s][2302588][2302601][info ] Application time: 5.0002977 seconds
[2021-07-20T13:44:45.442+0000][260.300s][2302588][2302601][info ] Entering safepoint region: Cleanup
[2021-07-20T13:44:45.443+0000][260.301s][2302588][2302601][info ] Leaving safepoint region
[2021-07-20T13:44:45.443+0000][260.301s][2302588][2302601][info ] Total time for which application threads were stopped: 0.0004305 seconds, Stopping threads took: 0.0001206 seconds
[2021-07-20T13:44:46.443+0000][261.301s][2302588][2302601][info ] Application time: 1.0000639 seconds
[2021-07-20T13:44:46.443+0000][261.301s][2302588][2302601][info ] Entering safepoint region: Cleanup
[2021-07-20T13:44:46.443+0000][261.301s][2302588][2302601][info ] Leaving safepoint region
[2021-07-20T13:44:46.443+0000][261.301s][2302588][2302601][info ] Total time for which application threads were stopped: 0.0004324 seconds, Stopping threads took: 0.0001138 seconds
[2021-07-20T13:44:47.443+0000][262.301s][2302588][2302601][info ] Application time: 1.0000679 seconds
[2021-07-20T13:44:47.444+0000][262.302s][2302588][2302601][info ] Entering safepoint region: Cleanup
[2021-07-20T13:44:47.444+0000][262.302s][2302588][2302601][info ] Leaving safepoint region
[2021-07-20T13:44:47.444+0000][262.302s][2302588][2302601][info ] Total time for which application threads were stopped: 0.0004505 seconds, Stopping threads took: 0.0001265 seconds
[2021-07-20T13:44:48.444+0000][263.302s][2302588][2302601][info ] Application time: 1.0000654 seconds
[2021-07-20T13:44:48.444+0000][263.302s][2302588][2302601][info ] Entering safepoint region: Cleanup
[2021-07-20T13:44:48.444+0000][263.302s][2302588][2302601][info ] Leaving safepoint region
[2021-07-20T13:44:48.444+0000][263.302s][2302588][2302601][info ] Total time for which application threads were stopped: 0.0004474 seconds, Stopping threads took: 0.0001209 seconds
[2021-07-20T13:44:50.445+0000][265.303s][2302588][2302601][info ] Application time: 2.0001392 seconds
[2021-07-20T13:44:50.445+0000][265.303s][2302588][2302601][info ] Entering safepoint region: Cleanup
[2021-07-20T13:44:50.445+0000][265.303s][2302588][2302601][info ] Leaving safepoint region
[2021-07-20T13:44:50.445+0000][265.303s][2302588][2302601][info ] Total time for which application threads were stopped: 0.0004153 seconds, Stopping threads took: 0.0001142 seconds
[2021-07-20T13:44:57.611+0000][272.469s][2302588][2302600][info ] Trigger: Free (817M) is below minimum threshold (819M)
[2021-07-20T13:44:57.615+0000][272.473s][2302588][2302600][info ] GC(60) Concurrent reset 4.435ms
[2021-07-20T13:44:57.616+0000][272.473s][2302588][2302601][info ] Application time: 7.1704345 seconds
[2021-07-20T13:44:57.616+0000][272.474s][2302588][2302601][info ] Entering safepoint region: ShenandoahInitMark
[2021-07-20T13:44:57.617+0000][272.475s][2302588][2302601][info ] GC(60) Pause Init Mark (process weakrefs) 0.576ms
[2021-07-20T13:44:57.617+0000][272.475s][2302588][2302601][info ] Leaving safepoint region
[2021-07-20T13:44:57.617+0000][272.475s][2302588][2302601][info ] Total time for which application threads were stopped: 0.0010467 seconds, Stopping threads took: 0.0001194 seconds
[2021-07-20T13:44:57.868+0000][272.726s][2302588][2302601][info ] Application time: 0.2513489 seconds
[2021-07-20T13:44:57.868+0000][272.726s][2302588][2302601][info ] Entering safepoint region: HandshakeFallback
[2021-07-20T13:44:57.869+0000][272.727s][2302588][2302601][info ] Leaving safepoint region
[2021-07-20T13:44:57.869+0000][272.727s][2302588][2302601][info ] Total time for which application threads were stopped: 0.0006164 seconds, Stopping threads took: 0.0001197 seconds
[2021-07-20T13:44:57.869+0000][272.727s][2302588][2302601][info ] Application time: 0.0002332 seconds
[2021-07-20T13:44:57.869+0000][272.727s][2302588][2302601][info ] Entering safepoint region: HandshakeFallback
[2021-07-20T13:44:57.869+0000][272.727s][2302588][2302601][info ] Leaving safepoint region
[2021-07-20T13:44:57.869+0000][272.727s][2302588][2302601][info ] Total time for which application threads were stopped: 0.0002560 seconds, Stopping threads took: 0.0000741 seconds
[2021-07-20T13:44:57.869+0000][272.727s][2302588][2302600][info ] GC(60) Concurrent marking (process weakrefs) 252.532ms
[2021-07-20T13:44:57.870+0000][272.728s][2302588][2302600][info ] GC(60) Concurrent precleaning 0.627ms
[2021-07-20T13:44:57.870+0000][272.728s][2302588][2302601][info ] Application time: 0.0006980 seconds
[2021-07-20T13:44:57.870+0000][272.728s][2302588][2302601][info ] Entering safepoint region: ShenandoahFinalMarkStartEvac
[2021-07-20T13:44:57.871+0000][272.729s][2302588][2302601][info ] GC(60) Pause Final Mark (process weakrefs) 1.123ms
[2021-07-20T13:44:57.871+0000][272.729s][2302588][2302601][info ] Leaving safepoint region
[2021-07-20T13:44:57.871+0000][272.729s][2302588][2302601][info ] Total time for which application threads were stopped: 0.0013699 seconds, Stopping threads took: 0.0000598 seconds
[2021-07-20T13:44:57.871+0000][272.729s][2302588][2302600][info ] GC(60) Concurrent cleanup 7066M->6030M(8192M) 0.063ms
[2021-07-20T13:44:57.884+0000][272.742s][2302588][2302600][info ] GC(60) Concurrent evacuation 12.272ms
[2021-07-20T13:44:57.884+0000][272.742s][2302588][2302601][info ] Application time: 0.0124466 seconds
[2021-07-20T13:44:57.884+0000][272.742s][2302588][2302601][info ] Entering safepoint region: ShenandoahInitUpdateRefs
[2021-07-20T13:44:57.884+0000][272.742s][2302588][2302601][info ] GC(60) Pause Init Update Refs 0.034ms
[2021-07-20T13:44:57.884+0000][272.742s][2302588][2302601][info ] Leaving safepoint region
[2021-07-20T13:44:57.884+0000][272.742s][2302588][2302601][info ] Total time for which application threads were stopped: 0.0004993 seconds, Stopping threads took: 0.0001283 seconds
[2021-07-20T13:44:57.978+0000][272.836s][2302588][2302600][info ] GC(60) Concurrent update references 94.252ms
[2021-07-20T13:44:57.979+0000][272.837s][2302588][2302601][info ] Application time: 0.0943405 seconds
[2021-07-20T13:44:57.979+0000][272.837s][2302588][2302601][info ] Entering safepoint region: ShenandoahFinalUpdateRefs
[2021-07-20T13:44:57.979+0000][272.837s][2302588][2302601][info ] GC(60) Pause Final Update Refs 0.378ms
[2021-07-20T13:44:57.979+0000][272.837s][2302588][2302601][info ] Leaving safepoint region
[2021-07-20T13:44:57.979+0000][272.837s][2302588][2302601][info ] Total time for which application threads were stopped: 0.0008414 seconds, Stopping threads took: 0.0001255 seconds
[2021-07-20T13:44:57.980+0000][272.838s][2302588][2302600][info ] GC(60) Concurrent cleanup 6123M->607M(8192M) 0.169ms
[2021-07-20T13:45:16.097+0000][290.955s][2302588][2302600][info ] Trigger: Free (817M) is below minimum threshold (819M)
[2021-07-20T13:45:16.102+0000][290.960s][2302588][2302600][info ] GC(61) Concurrent reset 4.577ms
[2021-07-20T13:45:16.102+0000][290.960s][2302588][2302601][info ] Application time: 18.1226241 seconds
[2021-07-20T13:45:16.102+0000][290.960s][2302588][2302601][info ] Entering safepoint region: ShenandoahInitMark
[2021-07-20T13:45:16.103+0000][290.961s][2302588][2302601][info ] GC(61) Pause Init Mark 0.586ms
[2021-07-20T13:45:16.103+0000][290.961s][2302588][2302601][info ] Leaving safepoint region
[2021-07-20T13:45:16.103+0000][290.961s][2302588][2302601][info ] Total time for which application threads were stopped: 0.0010261 seconds, Stopping threads took: 0.0001058 seconds
[2021-07-20T13:45:16.377+0000][291.235s][2302588][2302601][info ] Application time: 0.2736901 seconds
[2021-07-20T13:45:16.377+0000][291.235s][2302588][2302601][info ] Entering safepoint region: HandshakeFallback
[2021-07-20T13:45:16.377+0000][291.235s][2302588][2302601][info ] Leaving safepoint region
[2021-07-20T13:45:16.377+0000][291.235s][2302588][2302601][info ] Total time for which application threads were stopped: 0.0006049 seconds, Stopping threads took: 0.0001271 seconds
[2021-07-20T13:45:16.378+0000][291.236s][2302588][2302601][info ] Application time: 0.0002084 seconds
[2021-07-20T13:45:16.378+0000][291.236s][2302588][2302601][info ] Entering safepoint region: HandshakeFallback
[2021-07-20T13:45:16.378+0000][291.236s][2302588][2302601][info ] Leaving safepoint region
[2021-07-20T13:45:16.378+0000][291.236s][2302588][2302601][info ] Total time for which application threads were stopped: 0.0003462 seconds, Stopping threads took: 0.0001227 seconds
[2021-07-20T13:45:16.378+0000][291.236s][2302588][2302600][info ] GC(61) Concurrent marking 274.961ms
[2021-07-20T13:45:16.378+0000][291.236s][2302588][2302601][info ] Application time: 0.0000988 seconds
[2021-07-20T13:45:16.378+0000][291.236s][2302588][2302601][info ] Entering safepoint region: ShenandoahFinalMarkStartEvac
[2021-07-20T13:45:16.380+0000][291.238s][2302588][2302601][info ] GC(61) Pause Final Mark 1.206ms
[2021-07-20T13:45:16.380+0000][291.238s][2302588][2302601][info ] Leaving safepoint region
[2021-07-20T13:45:16.380+0000][291.238s][2302588][2302601][info ] Total time for which application threads were stopped: 0.0014965 seconds, Stopping threads took: 0.0000688 seconds
[2021-07-20T13:45:16.380+0000][291.238s][2302588][2302600][info ] GC(61) Concurrent cleanup 7070M->6018M(8192M) 0.060ms
[2021-07-20T13:45:16.392+0000][291.250s][2302588][2302600][info ] GC(61) Concurrent evacuation 12.008ms
[2021-07-20T13:45:16.392+0000][291.250s][2302588][2302601][info ] Application time: 0.0121803 seconds
[2021-07-20T13:45:16.392+0000][291.250s][2302588][2302601][info ] Entering safepoint region: ShenandoahInitUpdateRefs
[2021-07-20T13:45:16.392+0000][291.250s][2302588][2302601][info ] GC(61) Pause Init Update Refs 0.034ms
[2021-07-20T13:45:16.392+0000][291.250s][2302588][2302601][info ] Leaving safepoint region
[2021-07-20T13:45:16.392+0000][291.250s][2302588][2302601][info ] Total time for which application threads were stopped: 0.0004898 seconds, Stopping threads took: 0.0001239 seconds
[2021-07-20T13:45:16.499+0000][291.357s][2302588][2302600][info ] GC(61) Concurrent update references 107.042ms
[2021-07-20T13:45:16.499+0000][291.357s][2302588][2302601][info ] Application time: 0.1071182 seconds
[2021-07-20T13:45:16.500+0000][291.358s][2302588][2302601][info ] Entering safepoint region: ShenandoahFinalUpdateRefs
[2021-07-20T13:45:16.500+0000][291.358s][2302588][2302601][info ] GC(61) Pause Final Update Refs 0.357ms
[2021-07-20T13:45:16.500+0000][291.358s][2302588][2302601][info ] Leaving safepoint region
[2021-07-20T13:45:16.500+0000][291.358s][2302588][2302601][info ] Total time for which application threads were stopped: 0.0008457 seconds, Stopping threads took: 0.0001413 seconds
[2021-07-20T13:45:16.501+0000][291.358s][2302588][2302600][info ] GC(61) Concurrent cleanup 6099M->611M(8192M) 0.156ms
[2021-07-20T13:45:30.501+0000][305.359s][2302588][2302601][info ] Application time: 14.0008829 seconds
[2021-07-20T13:45:30.501+0000][305.359s][2302588][2302601][info ] Entering safepoint region: Cleanup
[2021-07-20T13:45:30.502+0000][305.360s][2302588][2302601][info ] Leaving safepoint region
[2021-07-20T13:45:30.502+0000][305.360s][2302588][2302601][info ] Total time for which application threads were stopped: 0.0004134 seconds, Stopping threads took: 0.0001053 seconds
[2021-07-20T13:45:42.503+0000][317.361s][2302588][2302601][info ] Application time: 12.0010800 seconds
[2021-07-20T13:45:42.503+0000][317.361s][2302588][2302601][info ] Entering safepoint region: Cleanup
[2021-07-20T13:45:42.503+0000][317.361s][2302588][2302601][info ] Leaving safepoint region
[2021-07-20T13:45:42.503+0000][317.361s][2302588][2302601][info ] Total time for which application threads were stopped: 0.0005681 seconds, Stopping threads took: 0.0001215 seconds
[2021-07-20T13:45:43.503+0000][318.361s][2302588][2302601][info ] Application time: 1.0000698 seconds
[2021-07-20T13:45:43.504+0000][318.362s][2302588][2302601][info ] Entering safepoint region: Cleanup
[2021-07-20T13:45:43.504+0000][318.362s][2302588][2302601][info ] Leaving safepoint region
[2021-07-20T13:45:43.504+0000][318.362s][2302588][2302601][info ] Total time for which application threads were stopped: 0.0005736 seconds, Stopping threads took: 0.0002048 seconds
[2021-07-20T13:45:44.504+0000][319.362s][2302588][2302601][info ] Application time: 1.0000398 seconds
[2021-07-20T13:45:44.504+0000][319.362s][2302588][2302601][info ] Entering safepoint region: Cleanup
[2021-07-20T13:45:44.505+0000][319.363s][2302588][2302601][info ] Leaving safepoint region
[2021-07-20T13:45:44.505+0000][319.363s][2302588][2302601][info ] Total time for which application threads were stopped: 0.0005034 seconds, Stopping threads took: 0.0001381 seconds
[2021-07-20T13:45:44.810+0000][319.668s][2302588][2302600][info ] Trigger: Free (817M) is below minimum threshold (819M)
[2021-07-20T13:45:44.815+0000][319.673s][2302588][2302600][info ] GC(62) Concurrent reset 4.520ms
[2021-07-20T13:45:44.815+0000][319.673s][2302588][2302601][info ] Application time: 0.3102383 seconds
[2021-07-20T13:45:44.815+0000][319.673s][2302588][2302601][info ] Entering safepoint region: ShenandoahInitMark
[2021-07-20T13:45:44.816+0000][319.674s][2302588][2302601][info ] GC(62) Pause Init Mark 0.558ms
[2021-07-20T13:45:44.816+0000][319.674s][2302588][2302601][info ] Leaving safepoint region
[2021-07-20T13:45:44.816+0000][319.674s][2302588][2302601][info ] Total time for which application threads were stopped: 0.0010361 seconds, Stopping threads took: 0.0001221 seconds
[2021-07-20T13:45:45.077+0000][319.935s][2302588][2302601][info ] Application time: 0.2610474 seconds
[2021-07-20T13:45:45.077+0000][319.935s][2302588][2302601][info ] Entering safepoint region: HandshakeFallback
[2021-07-20T13:45:45.078+0000][319.936s][2302588][2302601][info ] Leaving safepoint region
[2021-07-20T13:45:45.078+0000][319.936s][2302588][2302601][info ] Total time for which application threads were stopped: 0.0006171 seconds, Stopping threads took: 0.0001220 seconds
[2021-07-20T13:45:45.078+0000][319.936s][2302588][2302601][info ] Application time: 0.0003349 seconds
[2021-07-20T13:45:45.078+0000][319.936s][2302588][2302601][info ] Entering safepoint region: HandshakeFallback
[2021-07-20T13:45:45.078+0000][319.936s][2302588][2302601][info ] Leaving safepoint region
[2021-07-20T13:45:45.078+0000][319.936s][2302588][2302601][info ] Total time for which application threads were stopped: 0.0002973 seconds, Stopping threads took: 0.0000769 seconds
[2021-07-20T13:45:45.078+0000][319.936s][2302588][2302600][info ] GC(62) Concurrent marking 262.382ms
[2021-07-20T13:45:45.078+0000][319.936s][2302588][2302601][info ] Application time: 0.0000646 seconds
[2021-07-20T13:45:45.079+0000][319.937s][2302588][2302601][info ] Entering safepoint region: ShenandoahFinalMarkStartEvac
[2021-07-20T13:45:45.080+0000][319.938s][2302588][2302601][info ] GC(62) Pause Final Mark 1.046ms
[2021-07-20T13:45:45.080+0000][319.938s][2302588][2302601][info ] Leaving safepoint region
[2021-07-20T13:45:45.080+0000][319.938s][2302588][2302601][info ] Total time for which application threads were stopped: 0.0013159 seconds, Stopping threads took: 0.0000764 seconds
[2021-07-20T13:45:45.080+0000][319.938s][2302588][2302600][info ] GC(62) Concurrent cleanup 7070M->3566M(8192M) 0.153ms
[2021-07-20T13:45:45.090+0000][319.948s][2302588][2302600][info ] GC(62) Concurrent evacuation 9.545ms
[2021-07-20T13:45:45.090+0000][319.948s][2302588][2302601][info ] Application time: 0.0098013 seconds
[2021-07-20T13:45:45.090+0000][319.948s][2302588][2302601][info ] Entering safepoint region: ShenandoahInitUpdateRefs
[2021-07-20T13:45:45.090+0000][319.948s][2302588][2302601][info ] GC(62) Pause Init Update Refs 0.035ms
[2021-07-20T13:45:45.090+0000][319.948s][2302588][2302601][info ] Leaving safepoint region
[2021-07-20T13:45:45.090+0000][319.948s][2302588][2302601][info ] Total time for which application threads were stopped: 0.0004956 seconds, Stopping threads took: 0.0001219 seconds
[2021-07-20T13:45:45.183+0000][320.041s][2302588][2302600][info ] GC(62) Concurrent update references 92.394ms
[2021-07-20T13:45:45.183+0000][320.041s][2302588][2302601][info ] Application time: 0.0924802 seconds
[2021-07-20T13:45:45.183+0000][320.041s][2302588][2302601][info ] Entering safepoint region: ShenandoahFinalUpdateRefs
[2021-07-20T13:45:45.183+0000][320.041s][2302588][2302601][info ] GC(62) Pause Final Update Refs 0.319ms
[2021-07-20T13:45:45.183+0000][320.041s][2302588][2302601][info ] Leaving safepoint region
[2021-07-20T13:45:45.183+0000][320.041s][2302588][2302601][info ] Total time for which application threads were stopped: 0.0007888 seconds, Stopping threads took: 0.0001235 seconds
[2021-07-20T13:45:45.184+0000][320.042s][2302588][2302600][info ] GC(62) Concurrent cleanup 3609M->581M(8192M) 0.109ms
[2021-07-20T13:45:46.184+0000][321.041s][2302588][2302601][info ] Application time: 1.0000682 seconds
[2021-07-20T13:45:46.184+0000][321.042s][2302588][2302601][info ] Entering safepoint region: Cleanup
[2021-07-20T13:45:46.184+0000][321.042s][2302588][2302601][info ] Leaving safepoint region
[2021-07-20T13:45:46.184+0000][321.042s][2302588][2302601][info ] Total time for which application threads were stopped: 0.0004307 seconds, Stopping threads took: 0.0001190 seconds
[2021-07-20T13:45:47.184+0000][322.042s][2302588][2302601][info ] Application time: 1.0000617 seconds
[2021-07-20T13:45:47.184+0000][322.042s][2302588][2302601][info ] Entering safepoint region: Cleanup
[2021-07-20T13:45:47.185+0000][322.042s][2302588][2302601][info ] Leaving safepoint region
[2021-07-20T13:45:47.185+0000][322.042s][2302588][2302601][info ] Total time for which application threads were stopped: 0.0004404 seconds, Stopping threads took: 0.0001134 seconds
[2021-07-20T13:45:48.185+0000][323.043s][2302588][2302601][info ] Application time: 1.0000624 seconds
[2021-07-20T13:45:48.185+0000][323.043s][2302588][2302601][info ] Entering safepoint region: Cleanup
[2021-07-20T13:45:48.185+0000][323.043s][2302588][2302601][info ] Leaving safepoint region
[2021-07-20T13:45:48.185+0000][323.043s][2302588][2302601][info ] Total time for which application threads were stopped: 0.0004125 seconds, Stopping threads took: 0.0001036 seconds
[2021-07-20T13:45:49.185+0000][324.043s][2302588][2302601][info ] Application time: 1.0000685 seconds
[2021-07-20T13:45:49.185+0000][324.043s][2302588][2302601][info ] Entering safepoint region: Cleanup
[2021-07-20T13:45:49.186+0000][324.044s][2302588][2302601][info ] Leaving safepoint region
[2021-07-20T13:45:49.186+0000][324.044s][2302588][2302601][info ] Total time for which application threads were stopped: 0.0004535 seconds, Stopping threads took: 0.0001228 seconds
[2021-07-20T13:45:50.186+0000][325.044s][2302588][2302601][info ] Application time: 1.0000666 seconds
[2021-07-20T13:45:50.186+0000][325.044s][2302588][2302601][info ] Entering safepoint region: Cleanup
[2021-07-20T13:45:50.186+0000][325.044s][2302588][2302601][info ] Leaving safepoint region
[2021-07-20T13:45:50.186+0000][325.044s][2302588][2302601][info ] Total time for which application threads were stopped: 0.0004127 seconds, Stopping threads took: 0.0001068 seconds
[2021-07-20T13:45:51.186+0000][326.044s][2302588][2302601][info ] Application time: 1.0000642 seconds
[2021-07-20T13:45:51.186+0000][326.044s][2302588][2302601][info ] Entering safepoint region: Cleanup
[2021-07-20T13:45:51.187+0000][326.045s][2302588][2302601][info ] Leaving safepoint region
[2021-07-20T13:45:51.187+0000][326.045s][2302588][2302601][info ] Total time for which application threads were stopped: 0.0004412 seconds, Stopping threads took: 0.0001124 seconds
[2021-07-20T13:45:52.187+0000][327.045s][2302588][2302601][info ] Application time: 1.0000664 seconds
[2021-07-20T13:45:52.187+0000][327.045s][2302588][2302601][info ] Entering safepoint region: Cleanup
[2021-07-20T13:45:52.187+0000][327.045s][2302588][2302601][info ] Leaving safepoint region
[2021-07-20T13:45:52.187+0000][327.045s][2302588][2302601][info ] Total time for which application threads were stopped: 0.0004371 seconds, Stopping threads took: 0.0001066 seconds
[2021-07-20T13:45:53.187+0000][328.045s][2302588][2302601][info ] Application time: 1.0000648 seconds
[2021-07-20T13:45:53.188+0000][328.045s][2302588][2302601][info ] Entering safepoint region: Cleanup
[2021-07-20T13:45:53.188+0000][328.046s][2302588][2302601][info ] Leaving safepoint region
[2021-07-20T13:45:53.188+0000][328.046s][2302588][2302601][info ] Total time for which application threads were stopped: 0.0004541 seconds, Stopping threads took: 0.0001193 seconds
[2021-07-20T13:45:54.188+0000][329.046s][2302588][2302601][info ] Application time: 1.0000679 seconds
[2021-07-20T13:45:54.188+0000][329.046s][2302588][2302601][info ] Entering safepoint region: Cleanup
[2021-07-20T13:45:54.189+0000][329.047s][2302588][2302601][info ] Leaving safepoint region
[2021-07-20T13:45:54.189+0000][329.047s][2302588][2302601][info ] Total time for which application threads were stopped: 0.0005714 seconds, Stopping threads took: 0.0002406 seconds
[2021-07-20T13:45:55.189+0000][330.047s][2302588][2302601][info ] Application time: 1.0000644 seconds
[2021-07-20T13:45:55.189+0000][330.047s][2302588][2302601][info ] Entering safepoint region: Cleanup
[2021-07-20T13:45:55.189+0000][330.047s][2302588][2302601][info ] Leaving safepoint region
[2021-07-20T13:45:55.189+0000][330.047s][2302588][2302601][info ] Total time for which application threads were stopped: 0.0004749 seconds, Stopping threads took: 0.0001417 seconds
[2021-07-20T13:45:56.189+0000][331.047s][2302588][2302601][info ] Application time: 1.0000636 seconds
[2021-07-20T13:45:56.189+0000][331.047s][2302588][2302601][info ] Entering safepoint region: Cleanup
[2021-07-20T13:45:56.190+0000][331.048s][2302588][2302601][info ] Leaving safepoint region
[2021-07-20T13:45:56.190+0000][331.048s][2302588][2302601][info ] Total time for which application threads were stopped: 0.0004231 seconds, Stopping threads took: 0.0001208 seconds
[2021-07-20T13:45:57.190+0000][332.048s][2302588][2302601][info ] Application time: 1.0000461 seconds
[2021-07-20T13:45:57.190+0000][332.048s][2302588][2302601][info ] Entering safepoint region: Cleanup
[2021-07-20T13:45:57.190+0000][332.048s][2302588][2302601][info ] Leaving safepoint region
[2021-07-20T13:45:57.190+0000][332.048s][2302588][2302601][info ] Total time for which application threads were stopped: 0.0004108 seconds, Stopping threads took: 0.0001042 seconds
[2021-07-20T13:45:58.190+0000][333.048s][2302588][2302601][info ] Application time: 1.0000278 seconds
[2021-07-20T13:45:58.190+0000][333.048s][2302588][2302601][info ] Entering safepoint region: Cleanup
[2021-07-20T13:45:58.191+0000][333.049s][2302588][2302601][info ] Leaving safepoint region
[2021-07-20T13:45:58.191+0000][333.049s][2302588][2302601][info ] Total time for which application threads were stopped: 0.0004288 seconds, Stopping threads took: 0.0001083 seconds
[2021-07-20T13:45:59.191+0000][334.049s][2302588][2302601][info ] Application time: 1.0000648 seconds
[2021-07-20T13:45:59.191+0000][334.049s][2302588][2302601][info ] Entering safepoint region: Cleanup
[2021-07-20T13:45:59.191+0000][334.049s][2302588][2302601][info ] Leaving safepoint region
[2021-07-20T13:45:59.191+0000][334.049s][2302588][2302601][info ] Total time for which application threads were stopped: 0.0005268 seconds, Stopping threads took: 0.0001313 seconds
[2021-07-20T13:46:00.191+0000][335.049s][2302588][2302601][info ] Application time: 1.0000295 seconds
[2021-07-20T13:46:00.192+0000][335.050s][2302588][2302601][info ] Entering safepoint region: Cleanup
[2021-07-20T13:46:00.192+0000][335.050s][2302588][2302601][info ] Leaving safepoint region
[2021-07-20T13:46:00.192+0000][335.050s][2302588][2302601][info ] Total time for which application threads were stopped: 0.0004551 seconds, Stopping threads took: 0.0001123 seconds
[2021-07-20T13:46:01.192+0000][336.050s][2302588][2302601][info ] Application time: 1.0000664 seconds
[2021-07-20T13:46:01.192+0000][336.050s][2302588][2302601][info ] Entering safepoint region: Cleanup
[2021-07-20T13:46:01.192+0000][336.050s][2302588][2302601][info ] Leaving safepoint region
[2021-07-20T13:46:01.192+0000][336.050s][2302588][2302601][info ] Total time for which application threads were stopped: 0.0004660 seconds, Stopping threads took: 0.0001308 seconds
[2021-07-20T13:46:02.193+0000][337.051s][2302588][2302601][info ] Application time: 1.0000683 seconds
[2021-07-20T13:46:02.193+0000][337.051s][2302588][2302601][info ] Entering safepoint region: Cleanup
[2021-07-20T13:46:02.193+0000][337.051s][2302588][2302601][info ] Leaving safepoint region
[2021-07-20T13:46:02.193+0000][337.051s][2302588][2302601][info ] Total time for which application threads were stopped: 0.0004107 seconds, Stopping threads took: 0.0001055 seconds
[2021-07-20T13:46:03.193+0000][338.051s][2302588][2302601][info ] Application time: 1.0000302 seconds
[2021-07-20T13:46:03.193+0000][338.051s][2302588][2302601][info ] Entering safepoint region: Cleanup
[2021-07-20T13:46:03.194+0000][338.051s][2302588][2302601][info ] Leaving safepoint region
[2021-07-20T13:46:03.194+0000][338.051s][2302588][2302601][info ] Total time for which application threads were stopped: 0.0004294 seconds, Stopping threads took: 0.0001073 seconds
[2021-07-20T13:46:03.413+0000][338.271s][2302588][2302600][info ] Trigger: Free (817M) is below minimum threshold (819M)
[2021-07-20T13:46:03.416+0000][338.274s][2302588][2302600][info ] GC(63) Concurrent reset 2.535ms
[2021-07-20T13:46:03.416+0000][338.274s][2302588][2302601][info ] Application time: 0.2224844 seconds
[2021-07-20T13:46:03.416+0000][338.274s][2302588][2302601][info ] Entering safepoint region: ShenandoahInitMark
[2021-07-20T13:46:03.417+0000][338.275s][2302588][2302601][info ] GC(63) Pause Init Mark 0.599ms
[2021-07-20T13:46:03.417+0000][338.275s][2302588][2302601][info ] Leaving safepoint region
[2021-07-20T13:46:03.417+0000][338.275s][2302588][2302601][info ] Total time for which application threads were stopped: 0.0011001 seconds, Stopping threads took: 0.0001311 seconds
[2021-07-20T13:46:03.667+0000][338.525s][2302588][2302601][info ] Application time: 0.2498536 seconds
[2021-07-20T13:46:03.667+0000][338.525s][2302588][2302601][info ] Entering safepoint region: HandshakeFallback
[2021-07-20T13:46:03.668+0000][338.526s][2302588][2302601][info ] Leaving safepoint region
[2021-07-20T13:46:03.668+0000][338.526s][2302588][2302601][info ] Total time for which application threads were stopped: 0.0005298 seconds, Stopping threads took: 0.0001291 seconds
[2021-07-20T13:46:03.668+0000][338.526s][2302588][2302601][info ] Application time: 0.0002009 seconds
[2021-07-20T13:46:03.668+0000][338.526s][2302588][2302601][info ] Entering safepoint region: HandshakeFallback
[2021-07-20T13:46:03.668+0000][338.526s][2302588][2302601][info ] Leaving safepoint region
[2021-07-20T13:46:03.668+0000][338.526s][2302588][2302601][info ] Total time for which application threads were stopped: 0.0003491 seconds, Stopping threads took: 0.0001146 seconds
[2021-07-20T13:46:03.668+0000][338.526s][2302588][2302600][info ] GC(63) Concurrent marking 251.033ms
[2021-07-20T13:46:03.668+0000][338.526s][2302588][2302601][info ] Application time: 0.0000686 seconds
[2021-07-20T13:46:03.668+0000][338.526s][2302588][2302601][info ] Entering safepoint region: ShenandoahFinalMarkStartEvac
[2021-07-20T13:46:03.670+0000][338.528s][2302588][2302601][info ] GC(63) Pause Final Mark 1.182ms
[2021-07-20T13:46:03.670+0000][338.528s][2302588][2302601][info ] Leaving safepoint region
[2021-07-20T13:46:03.670+0000][338.528s][2302588][2302601][info ] Total time for which application threads were stopped: 0.0015264 seconds, Stopping threads took: 0.0000938 seconds
[2021-07-20T13:46:03.670+0000][338.528s][2302588][2302600][info ] GC(63) Concurrent cleanup 7070M->4826M(8192M) 0.104ms
[2021-07-20T13:46:03.687+0000][338.545s][2302588][2302600][info ] GC(63) Concurrent evacuation 17.041ms
[2021-07-20T13:46:03.687+0000][338.545s][2302588][2302601][info ] Application time: 0.0172531 seconds
[2021-07-20T13:46:03.687+0000][338.545s][2302588][2302601][info ] Entering safepoint region: ShenandoahInitUpdateRefs
[2021-07-20T13:46:03.688+0000][338.546s][2302588][2302601][info ] GC(63) Pause Init Update Refs 0.035ms
[2021-07-20T13:46:03.688+0000][338.546s][2302588][2302601][info ] Leaving safepoint region
[2021-07-20T13:46:03.688+0000][338.546s][2302588][2302601][info ] Total time for which application threads were stopped: 0.0005234 seconds, Stopping threads took: 0.0001341 seconds
[2021-07-20T13:46:03.796+0000][338.654s][2302588][2302600][info ] GC(63) Concurrent update references 108.869ms
[2021-07-20T13:46:03.797+0000][338.655s][2302588][2302601][info ] Application time: 0.1089431 seconds
[2021-07-20T13:46:03.797+0000][338.655s][2302588][2302601][info ] Entering safepoint region: ShenandoahFinalUpdateRefs
[2021-07-20T13:46:03.797+0000][338.655s][2302588][2302601][info ] GC(63) Pause Final Update Refs 0.436ms
[2021-07-20T13:46:03.797+0000][338.655s][2302588][2302601][info ] Leaving safepoint region
[2021-07-20T13:46:03.797+0000][338.655s][2302588][2302601][info ] Total time for which application threads were stopped: 0.0008766 seconds, Stopping threads took: 0.0001069 seconds
[2021-07-20T13:46:03.798+0000][338.656s][2302588][2302600][info ] GC(63) Concurrent cleanup 4918M->606M(8192M) 0.139ms
[2021-07-20T13:46:04.798+0000][339.656s][2302588][2302601][info ] Application time: 1.0000680 seconds
[2021-07-20T13:46:04.798+0000][339.656s][2302588][2302601][info ] Entering safepoint region: Cleanup
[2021-07-20T13:46:04.798+0000][339.656s][2302588][2302601][info ] Leaving safepoint region
[2021-07-20T13:46:04.798+0000][339.656s][2302588][2302601][info ] Total time for which application threads were stopped: 0.0004415 seconds, Stopping threads took: 0.0001213 seconds
[2021-07-20T13:46:05.798+0000][340.656s][2302588][2302601][info ] Application time: 1.0000647 seconds
[2021-07-20T13:46:05.798+0000][340.656s][2302588][2302601][info ] Entering safepoint region: Cleanup
[2021-07-20T13:46:05.799+0000][340.657s][2302588][2302601][info ] Leaving safepoint region
[2021-07-20T13:46:05.799+0000][340.657s][2302588][2302601][info ] Total time for which application threads were stopped: 0.0004605 seconds, Stopping threads took: 0.0001087 seconds
[2021-07-20T13:46:06.799+0000][341.657s][2302588][2302601][info ] Application time: 1.0000634 seconds
[2021-07-20T13:46:06.799+0000][341.657s][2302588][2302601][info ] Entering safepoint region: Cleanup
[2021-07-20T13:46:06.799+0000][341.657s][2302588][2302601][info ] Leaving safepoint region
[2021-07-20T13:46:06.799+0000][341.657s][2302588][2302601][info ] Total time for which application threads were stopped: 0.0004252 seconds, Stopping threads took: 0.0001111 seconds
[2021-07-20T13:46:07.799+0000][342.657s][2302588][2302601][info ] Application time: 1.0000639 seconds
[2021-07-20T13:46:07.799+0000][342.657s][2302588][2302601][info ] Entering safepoint region: Cleanup
[2021-07-20T13:46:07.800+0000][342.658s][2302588][2302601][info ] Leaving safepoint region
[2021-07-20T13:46:07.800+0000][342.658s][2302588][2302601][info ] Total time for which application threads were stopped: 0.0004598 seconds, Stopping threads took: 0.0001292 seconds
[2021-07-20T13:46:08.800+0000][343.658s][2302588][2302601][info ] Application time: 1.0000651 seconds
[2021-07-20T13:46:08.800+0000][343.658s][2302588][2302601][info ] Entering safepoint region: Cleanup
[2021-07-20T13:46:08.800+0000][343.658s][2302588][2302601][info ] Leaving safepoint region
[2021-07-20T13:46:08.800+0000][343.658s][2302588][2302601][info ] Total time for which application threads were stopped: 0.0004099 seconds, Stopping threads took: 0.0001057 seconds
[2021-07-20T13:46:09.800+0000][344.658s][2302588][2302601][info ] Application time: 1.0000322 seconds
[2021-07-20T13:46:09.800+0000][344.658s][2302588][2302601][info ] Entering safepoint region: Cleanup
[2021-07-20T13:46:09.801+0000][344.659s][2302588][2302601][info ] Leaving safepoint region
[2021-07-20T13:46:09.801+0000][344.659s][2302588][2302601][info ] Total time for which application threads were stopped: 0.0004211 seconds, Stopping threads took: 0.0001119 seconds
[2021-07-20T13:46:10.801+0000][345.659s][2302588][2302601][info ] Application time: 1.0000648 seconds
[2021-07-20T13:46:10.801+0000][345.659s][2302588][2302601][info ] Entering safepoint region: Cleanup
[2021-07-20T13:46:10.801+0000][345.659s][2302588][2302601][info ] Leaving safepoint region
[2021-07-20T13:46:10.801+0000][345.659s][2302588][2302601][info ] Total time for which application threads were stopped: 0.0004562 seconds, Stopping threads took: 0.0001090 seconds
[2021-07-20T13:46:11.801+0000][346.659s][2302588][2302601][info ] Application time: 1.0000252 seconds
[2021-07-20T13:46:11.801+0000][346.659s][2302588][2302601][info ] Entering safepoint region: Cleanup
[2021-07-20T13:46:11.802+0000][346.660s][2302588][2302601][info ] Leaving safepoint region
[2021-07-20T13:46:11.802+0000][346.660s][2302588][2302601][info ] Total time for which application threads were stopped: 0.0004287 seconds, Stopping threads took: 0.0001080 seconds
[2021-07-20T13:46:12.802+0000][347.660s][2302588][2302601][info ] Application time: 1.0000643 seconds
[2021-07-20T13:46:12.802+0000][347.660s][2302588][2302601][info ] Entering safepoint region: Cleanup
[2021-07-20T13:46:12.802+0000][347.660s][2302588][2302601][info ] Leaving safepoint region
[2021-07-20T13:46:12.802+0000][347.660s][2302588][2302601][info ] Total time for which application threads were stopped: 0.0004433 seconds, Stopping threads took: 0.0001201 seconds
[2021-07-20T13:46:13.802+0000][348.660s][2302588][2302601][info ] Application time: 1.0000633 seconds
[2021-07-20T13:46:13.803+0000][348.661s][2302588][2302601][info ] Entering safepoint region: Cleanup
[2021-07-20T13:46:13.803+0000][348.661s][2302588][2302601][info ] Leaving safepoint region
[2021-07-20T13:46:13.803+0000][348.661s][2302588][2302601][info ] Total time for which application threads were stopped: 0.0004381 seconds, Stopping threads took: 0.0001232 seconds
[2021-07-20T13:46:14.803+0000][349.661s][2302588][2302601][info ] Application time: 1.0000633 seconds
[2021-07-20T13:46:14.803+0000][349.661s][2302588][2302601][info ] Entering safepoint region: Cleanup
[2021-07-20T13:46:14.803+0000][349.661s][2302588][2302601][info ] Leaving safepoint region
[2021-07-20T13:46:14.803+0000][349.661s][2302588][2302601][info ] Total time for which application threads were stopped: 0.0004201 seconds, Stopping threads took: 0.0001017 seconds
[2021-07-20T13:46:15.804+0000][350.661s][2302588][2302601][info ] Application time: 1.0000633 seconds
[2021-07-20T13:46:15.804+0000][350.662s][2302588][2302601][info ] Entering safepoint region: Cleanup
[2021-07-20T13:46:15.804+0000][350.662s][2302588][2302601][info ] Leaving safepoint region
[2021-07-20T13:46:15.804+0000][350.662s][2302588][2302601][info ] Total time for which application threads were stopped: 0.0004143 seconds, Stopping threads took: 0.0001042 seconds
[2021-07-20T13:46:16.804+0000][351.662s][2302588][2302601][info ] Application time: 1.0000664 seconds
[2021-07-20T13:46:16.804+0000][351.662s][2302588][2302601][info ] Entering safepoint region: Cleanup
[2021-07-20T13:46:16.805+0000][351.663s][2302588][2302601][info ] Leaving safepoint region
[2021-07-20T13:46:16.805+0000][351.663s][2302588][2302601][info ] Total time for which application threads were stopped: 0.0006172 seconds, Stopping threads took: 0.0002916 seconds
[2021-07-20T13:46:17.805+0000][352.663s][2302588][2302601][info ] Application time: 1.0000299 seconds
[2021-07-20T13:46:17.805+0000][352.663s][2302588][2302601][info ] Entering safepoint region: Cleanup
[2021-07-20T13:46:17.805+0000][352.663s][2302588][2302601][info ] Leaving safepoint region
[2021-07-20T13:46:17.805+0000][352.663s][2302588][2302601][info ] Total time for which application threads were stopped: 0.0004121 seconds, Stopping threads took: 0.0001075 seconds
[2021-07-20T13:46:18.805+0000][353.663s][2302588][2302601][info ] Application time: 1.0000483 seconds
[2021-07-20T13:46:18.805+0000][353.663s][2302588][2302601][info ] Entering safepoint region: Cleanup
[2021-07-20T13:46:18.806+0000][353.664s][2302588][2302601][info ] Leaving safepoint region
[2021-07-20T13:46:18.806+0000][353.664s][2302588][2302601][info ] Total time for which application threads were stopped: 0.0004467 seconds, Stopping threads took: 0.0001086 seconds
[2021-07-20T13:46:19.806+0000][354.664s][2302588][2302601][info ] Application time: 1.0000171 seconds
[2021-07-20T13:46:19.806+0000][354.664s][2302588][2302601][info ] Entering safepoint region: Cleanup
[2021-07-20T13:46:19.806+0000][354.664s][2302588][2302601][info ] Leaving safepoint region
[2021-07-20T13:46:19.806+0000][354.664s][2302588][2302601][info ] Total time for which application threads were stopped: 0.0004366 seconds, Stopping threads took: 0.0001161 seconds
[2021-07-20T13:46:20.806+0000][355.664s][2302588][2302601][info ] Application time: 1.0000670 seconds
[2021-07-20T13:46:20.806+0000][355.664s][2302588][2302601][info ] Entering safepoint region: Cleanup
[2021-07-20T13:46:20.807+0000][355.665s][2302588][2302601][info ] Leaving safepoint region
[2021-07-20T13:46:20.807+0000][355.665s][2302588][2302601][info ] Total time for which application threads were stopped: 0.0004295 seconds, Stopping threads took: 0.0001233 seconds
[2021-07-20T13:46:21.807+0000][356.665s][2302588][2302601][info ] Application time: 1.0000622 seconds
[2021-07-20T13:46:21.807+0000][356.665s][2302588][2302601][info ] Entering safepoint region: Cleanup
[2021-07-20T13:46:21.807+0000][356.665s][2302588][2302601][info ] Leaving safepoint region
[2021-07-20T13:46:21.807+0000][356.665s][2302588][2302601][info ] Total time for which application threads were stopped: 0.0004376 seconds, Stopping threads took: 0.0001245 seconds
[2021-07-20T13:46:21.954+0000][356.812s][2302588][2302600][info ] Trigger: Free (817M) is below minimum threshold (819M)
[2021-07-20T13:46:21.958+0000][356.816s][2302588][2302600][info ] GC(64) Concurrent reset 3.622ms
[2021-07-20T13:46:21.958+0000][356.816s][2302588][2302601][info ] Application time: 0.1504969 seconds
[2021-07-20T13:46:21.958+0000][356.816s][2302588][2302601][info ] Entering safepoint region: ShenandoahInitMark
[2021-07-20T13:46:21.959+0000][356.817s][2302588][2302601][info ] GC(64) Pause Init Mark 0.583ms
[2021-07-20T13:46:21.959+0000][356.817s][2302588][2302601][info ] Leaving safepoint region
[2021-07-20T13:46:21.959+0000][356.817s][2302588][2302601][info ] Total time for which application threads were stopped: 0.0010569 seconds, Stopping threads took: 0.0001203 seconds
[2021-07-20T13:46:22.235+0000][357.093s][2302588][2302601][info ] Application time: 0.2763676 seconds
[2021-07-20T13:46:22.235+0000][357.093s][2302588][2302601][info ] Entering safepoint region: HandshakeFallback
[2021-07-20T13:46:22.236+0000][357.094s][2302588][2302601][info ] Leaving safepoint region
[2021-07-20T13:46:22.236+0000][357.094s][2302588][2302601][info ] Total time for which application threads were stopped: 0.0005688 seconds, Stopping threads took: 0.0001189 seconds
[2021-07-20T13:46:22.236+0000][357.094s][2302588][2302601][info ] Application time: 0.0002006 seconds
[2021-07-20T13:46:22.236+0000][357.094s][2302588][2302601][info ] Entering safepoint region: HandshakeFallback
[2021-07-20T13:46:22.236+0000][357.094s][2302588][2302601][info ] Leaving safepoint region
[2021-07-20T13:46:22.236+0000][357.094s][2302588][2302601][info ] Total time for which application threads were stopped: 0.0002395 seconds, Stopping threads took: 0.0000599 seconds
[2021-07-20T13:46:22.236+0000][357.094s][2302588][2302600][info ] GC(64) Concurrent marking 277.460ms
[2021-07-20T13:46:22.236+0000][357.094s][2302588][2302601][info ] Application time: 0.0000533 seconds
[2021-07-20T13:46:22.237+0000][357.095s][2302588][2302601][info ] Entering safepoint region: ShenandoahFinalMarkStartEvac
[2021-07-20T13:46:22.238+0000][357.096s][2302588][2302601][info ] GC(64) Pause Final Mark 1.105ms
[2021-07-20T13:46:22.238+0000][357.096s][2302588][2302601][info ] Leaving safepoint region
[2021-07-20T13:46:22.238+0000][357.096s][2302588][2302601][info ] Total time for which application threads were stopped: 0.0014275 seconds, Stopping threads took: 0.0001019 seconds
[2021-07-20T13:46:22.238+0000][357.096s][2302588][2302600][info ] GC(64) Concurrent cleanup 7074M->5458M(8192M) 0.083ms
[2021-07-20T13:46:22.257+0000][357.115s][2302588][2302600][info ] GC(64) Concurrent evacuation 19.161ms
[2021-07-20T13:46:22.257+0000][357.115s][2302588][2302601][info ] Application time: 0.0193573 seconds
[2021-07-20T13:46:22.257+0000][357.115s][2302588][2302601][info ] Entering safepoint region: ShenandoahInitUpdateRefs
[2021-07-20T13:46:22.258+0000][357.116s][2302588][2302601][info ] GC(64) Pause Init Update Refs 0.036ms
[2021-07-20T13:46:22.258+0000][357.116s][2302588][2302601][info ] Leaving safepoint region
[2021-07-20T13:46:22.258+0000][357.116s][2302588][2302601][info ] Total time for which application threads were stopped: 0.0004962 seconds, Stopping threads took: 0.0001264 seconds
[2021-07-20T13:46:22.374+0000][357.232s][2302588][2302600][info ] GC(64) Concurrent update references 116.183ms
[2021-07-20T13:46:22.374+0000][357.232s][2302588][2302601][info ] Application time: 0.1162601 seconds
[2021-07-20T13:46:22.374+0000][357.232s][2302588][2302601][info ] Entering safepoint region: ShenandoahFinalUpdateRefs
[2021-07-20T13:46:22.375+0000][357.233s][2302588][2302601][info ] GC(64) Pause Final Update Refs 0.341ms
[2021-07-20T13:46:22.375+0000][357.233s][2302588][2302601][info ] Leaving safepoint region
[2021-07-20T13:46:22.375+0000][357.233s][2302588][2302601][info ] Total time for which application threads were stopped: 0.0008151 seconds, Stopping threads took: 0.0001253 seconds
[2021-07-20T13:46:22.375+0000][357.233s][2302588][2302600][info ] GC(64) Concurrent cleanup 5536M->616M(8192M) 0.157ms
[2021-07-20T13:46:23.375+0000][358.233s][2302588][2302601][info ] Application time: 1.0000653 seconds
[2021-07-20T13:46:23.375+0000][358.233s][2302588][2302601][info ] Entering safepoint region: Cleanup
[2021-07-20T13:46:23.375+0000][358.233s][2302588][2302601][info ] Leaving safepoint region
[2021-07-20T13:46:23.375+0000][358.233s][2302588][2302601][info ] Total time for which application threads were stopped: 0.0004366 seconds, Stopping threads took: 0.0001221 seconds
[2021-07-20T13:46:24.376+0000][359.233s][2302588][2302601][info ] Application time: 1.0000677 seconds
[2021-07-20T13:46:24.376+0000][359.234s][2302588][2302601][info ] Entering safepoint region: Cleanup
[2021-07-20T13:46:24.376+0000][359.234s][2302588][2302601][info ] Leaving safepoint region
[2021-07-20T13:46:24.376+0000][359.234s][2302588][2302601][info ] Total time for which application threads were stopped: 0.0004273 seconds, Stopping threads took: 0.0001134 seconds
[2021-07-20T13:46:25.376+0000][360.234s][2302588][2302601][info ] Application time: 1.0000631 seconds
[2021-07-20T13:46:25.376+0000][360.234s][2302588][2302601][info ] Entering safepoint region: Cleanup
[2021-07-20T13:46:25.377+0000][360.235s][2302588][2302601][info ] Leaving safepoint region
[2021-07-20T13:46:25.377+0000][360.235s][2302588][2302601][info ] Total time for which application threads were stopped: 0.0005118 seconds, Stopping threads took: 0.0001287 seconds
[2021-07-20T13:46:26.377+0000][361.235s][2302588][2302601][info ] Application time: 1.0000626 seconds
[2021-07-20T13:46:26.377+0000][361.235s][2302588][2302601][info ] Entering safepoint region: Cleanup
[2021-07-20T13:46:26.377+0000][361.235s][2302588][2302601][info ] Leaving safepoint region
[2021-07-20T13:46:26.377+0000][361.235s][2302588][2302601][info ] Total time for which application threads were stopped: 0.0004974 seconds, Stopping threads took: 0.0001267 seconds
[2021-07-20T13:46:27.377+0000][362.235s][2302588][2302601][info ] Application time: 1.0000329 seconds
[2021-07-20T13:46:27.377+0000][362.235s][2302588][2302601][info ] Entering safepoint region: Cleanup
[2021-07-20T13:46:27.378+0000][362.236s][2302588][2302601][info ] Leaving safepoint region
[2021-07-20T13:46:27.378+0000][362.236s][2302588][2302601][info ] Total time for which application threads were stopped: 0.0004059 seconds, Stopping threads took: 0.0001037 seconds
[2021-07-20T13:46:28.378+0000][363.236s][2302588][2302601][info ] Application time: 1.0000657 seconds
[2021-07-20T13:46:28.378+0000][363.236s][2302588][2302601][info ] Entering safepoint region: Cleanup
[2021-07-20T13:46:28.378+0000][363.236s][2302588][2302601][info ] Leaving safepoint region
[2021-07-20T13:46:28.378+0000][363.236s][2302588][2302601][info ] Total time for which application threads were stopped: 0.0004414 seconds, Stopping threads took: 0.0001179 seconds
[2021-07-20T13:46:29.378+0000][364.236s][2302588][2302601][info ] Application time: 1.0000657 seconds
[2021-07-20T13:46:29.378+0000][364.236s][2302588][2302601][info ] Entering safepoint region: Cleanup
[2021-07-20T13:46:29.379+0000][364.237s][2302588][2302601][info ] Leaving safepoint region
[2021-07-20T13:46:29.379+0000][364.237s][2302588][2302601][info ] Total time for which application threads were stopped: 0.0004209 seconds, Stopping threads took: 0.0001100 seconds
[2021-07-20T13:46:30.379+0000][365.237s][2302588][2302601][info ] Application time: 1.0000210 seconds
[2021-07-20T13:46:30.379+0000][365.237s][2302588][2302601][info ] Entering safepoint region: Cleanup
[2021-07-20T13:46:30.379+0000][365.237s][2302588][2302601][info ] Leaving safepoint region
[2021-07-20T13:46:30.379+0000][365.237s][2302588][2302601][info ] Total time for which application threads were stopped: 0.0004372 seconds, Stopping threads took: 0.0001148 seconds
[2021-07-20T13:46:31.379+0000][366.237s][2302588][2302601][info ] Application time: 1.0000636 seconds
[2021-07-20T13:46:31.380+0000][366.238s][2302588][2302601][info ] Entering safepoint region: Cleanup
[2021-07-20T13:46:31.380+0000][366.238s][2302588][2302601][info ] Leaving safepoint region
[2021-07-20T13:46:31.380+0000][366.238s][2302588][2302601][info ] Total time for which application threads were stopped: 0.0004435 seconds, Stopping threads took: 0.0001284 seconds
[2021-07-20T13:46:32.380+0000][367.238s][2302588][2302601][info ] Application time: 1.0000629 seconds
[2021-07-20T13:46:32.380+0000][367.238s][2302588][2302601][info ] Entering safepoint region: Cleanup
[2021-07-20T13:46:32.380+0000][367.238s][2302588][2302601][info ] Leaving safepoint region
[2021-07-20T13:46:32.380+0000][367.238s][2302588][2302601][info ] Total time for which application threads were stopped: 0.0004586 seconds, Stopping threads took: 0.0001218 seconds
[2021-07-20T13:46:33.381+0000][368.238s][2302588][2302601][info ] Application time: 1.0000644 seconds
[2021-07-20T13:46:33.381+0000][368.239s][2302588][2302601][info ] Entering safepoint region: Cleanup
[2021-07-20T13:46:33.381+0000][368.239s][2302588][2302601][info ] Leaving safepoint region
[2021-07-20T13:46:33.381+0000][368.239s][2302588][2302601][info ] Total time for which application threads were stopped: 0.0004214 seconds, Stopping threads took: 0.0001018 seconds
[2021-07-20T13:46:34.381+0000][369.239s][2302588][2302601][info ] Application time: 1.0000650 seconds
[2021-07-20T13:46:34.381+0000][369.239s][2302588][2302601][info ] Entering safepoint region: Cleanup
[2021-07-20T13:46:34.382+0000][369.240s][2302588][2302601][info ] Leaving safepoint region
[2021-07-20T13:46:34.382+0000][369.240s][2302588][2302601][info ] Total time for which application threads were stopped: 0.0004495 seconds, Stopping threads took: 0.0001235 seconds
[2021-07-20T13:46:35.382+0000][370.240s][2302588][2302601][info ] Application time: 1.0000653 seconds
[2021-07-20T13:46:35.382+0000][370.240s][2302588][2302601][info ] Entering safepoint region: Cleanup
[2021-07-20T13:46:35.382+0000][370.240s][2302588][2302601][info ] Leaving safepoint region
[2021-07-20T13:46:35.382+0000][370.240s][2302588][2302601][info ] Total time for which application threads were stopped: 0.0004625 seconds, Stopping threads took: 0.0001333 seconds
[2021-07-20T13:46:36.382+0000][371.240s][2302588][2302601][info ] Application time: 1.0000670 seconds
[2021-07-20T13:46:36.382+0000][371.240s][2302588][2302601][info ] Entering safepoint region: Cleanup
[2021-07-20T13:46:36.383+0000][371.241s][2302588][2302601][info ] Leaving safepoint region
[2021-07-20T13:46:36.383+0000][371.241s][2302588][2302601][info ] Total time for which application threads were stopped: 0.0004758 seconds, Stopping threads took: 0.0001399 seconds
[2021-07-20T13:46:37.383+0000][372.241s][2302588][2302601][info ] Application time: 1.0000616 seconds
[2021-07-20T13:46:37.383+0000][372.241s][2302588][2302601][info ] Entering safepoint region: Cleanup
[2021-07-20T13:46:37.383+0000][372.241s][2302588][2302601][info ] Leaving safepoint region
[2021-07-20T13:46:37.383+0000][372.241s][2302588][2302601][info ] Total time for which application threads were stopped: 0.0004654 seconds, Stopping threads took: 0.0001092 seconds
[2021-07-20T13:46:38.383+0000][373.241s][2302588][2302601][info ] Application time: 1.0000681 seconds
[2021-07-20T13:46:38.384+0000][373.242s][2302588][2302601][info ] Entering safepoint region: Cleanup
[2021-07-20T13:46:38.384+0000][373.242s][2302588][2302601][info ] Leaving safepoint region
[2021-07-20T13:46:38.384+0000][373.242s][2302588][2302601][info ] Total time for which application threads were stopped: 0.0004245 seconds, Stopping threads took: 0.0001194 seconds
[2021-07-20T13:46:39.384+0000][374.242s][2302588][2302601][info ] Application time: 1.0000645 seconds
[2021-07-20T13:46:39.384+0000][374.242s][2302588][2302601][info ] Entering safepoint region: Cleanup
[2021-07-20T13:46:39.384+0000][374.242s][2302588][2302601][info ] Leaving safepoint region
[2021-07-20T13:46:39.384+0000][374.242s][2302588][2302601][info ] Total time for which application threads were stopped: 0.0004361 seconds, Stopping threads took: 0.0001238 seconds
[2021-07-20T13:46:40.384+0000][375.242s][2302588][2302601][info ] Application time: 1.0000624 seconds
[2021-07-20T13:46:40.385+0000][375.243s][2302588][2302601][info ] Entering safepoint region: Cleanup
[2021-07-20T13:46:40.385+0000][375.243s][2302588][2302601][info ] Leaving safepoint region
[2021-07-20T13:46:40.385+0000][375.243s][2302588][2302601][info ] Total time for which application threads were stopped: 0.0004270 seconds, Stopping threads took: 0.0001244 seconds
[2021-07-20T13:46:40.531+0000][375.389s][2302588][2302600][info ] Trigger: Free (817M) is below minimum threshold (819M)
[2021-07-20T13:46:40.535+0000][375.393s][2302588][2302600][info ] GC(65) Concurrent reset 4.080ms
[2021-07-20T13:46:40.535+0000][375.393s][2302588][2302601][info ] Application time: 0.1502537 seconds
[2021-07-20T13:46:40.535+0000][375.393s][2302588][2302601][info ] Entering safepoint region: ShenandoahInitMark
[2021-07-20T13:46:40.536+0000][375.394s][2302588][2302601][info ] GC(65) Pause Init Mark (process weakrefs) 0.588ms
[2021-07-20T13:46:40.536+0000][375.394s][2302588][2302601][info ] Leaving safepoint region
[2021-07-20T13:46:40.536+0000][375.394s][2302588][2302601][info ] Total time for which application threads were stopped: 0.0010806 seconds, Stopping threads took: 0.0001362 seconds
[2021-07-20T13:46:40.790+0000][375.648s][2302588][2302601][info ] Application time: 0.2534281 seconds
[2021-07-20T13:46:40.790+0000][375.648s][2302588][2302601][info ] Entering safepoint region: HandshakeFallback
[2021-07-20T13:46:40.790+0000][375.648s][2302588][2302601][info ] Leaving safepoint region
[2021-07-20T13:46:40.790+0000][375.648s][2302588][2302601][info ] Total time for which application threads were stopped: 0.0006238 seconds, Stopping threads took: 0.0001263 seconds
[2021-07-20T13:46:40.791+0000][375.649s][2302588][2302601][info ] Application time: 0.0001895 seconds
[2021-07-20T13:46:40.791+0000][375.649s][2302588][2302601][info ] Entering safepoint region: HandshakeFallback
[2021-07-20T13:46:40.791+0000][375.649s][2302588][2302601][info ] Leaving safepoint region
[2021-07-20T13:46:40.791+0000][375.649s][2302588][2302601][info ] Total time for which application threads were stopped: 0.0003762 seconds, Stopping threads took: 0.0001494 seconds
[2021-07-20T13:46:40.791+0000][375.649s][2302588][2302600][info ] GC(65) Concurrent marking (process weakrefs) 254.715ms
[2021-07-20T13:46:40.792+0000][375.650s][2302588][2302600][info ] GC(65) Concurrent precleaning 0.593ms
[2021-07-20T13:46:40.792+0000][375.650s][2302588][2302601][info ] Application time: 0.0006697 seconds
[2021-07-20T13:46:40.792+0000][375.650s][2302588][2302601][info ] Entering safepoint region: ShenandoahFinalMarkStartEvac
[2021-07-20T13:46:40.793+0000][375.651s][2302588][2302601][info ] GC(65) Pause Final Mark (process weakrefs) 1.229ms
[2021-07-20T13:46:40.793+0000][375.651s][2302588][2302601][info ] Leaving safepoint region
[2021-07-20T13:46:40.793+0000][375.651s][2302588][2302601][info ] Total time for which application threads were stopped: 0.0015411 seconds, Stopping threads took: 0.0000753 seconds
[2021-07-20T13:46:40.793+0000][375.651s][2302588][2302600][info ] GC(65) Concurrent cleanup 7058M->5100M(8192M) 0.091ms
[2021-07-20T13:46:40.809+0000][375.667s][2302588][2302600][info ] GC(65) Concurrent evacuation 15.812ms
[2021-07-20T13:46:40.809+0000][375.667s][2302588][2302601][info ] Application time: 0.0160171 seconds
[2021-07-20T13:46:40.809+0000][375.667s][2302588][2302601][info ] Entering safepoint region: ShenandoahInitUpdateRefs
[2021-07-20T13:46:40.810+0000][375.668s][2302588][2302601][info ] GC(65) Pause Init Update Refs 0.035ms
[2021-07-20T13:46:40.810+0000][375.668s][2302588][2302601][info ] Leaving safepoint region
[2021-07-20T13:46:40.810+0000][375.668s][2302588][2302601][info ] Total time for which application threads were stopped: 0.0005185 seconds, Stopping threads took: 0.0001339 seconds
[2021-07-20T13:46:40.928+0000][375.786s][2302588][2302600][info ] GC(65) Concurrent update references 117.702ms
[2021-07-20T13:46:40.928+0000][375.786s][2302588][2302601][info ] Application time: 0.1177807 seconds
[2021-07-20T13:46:40.928+0000][375.786s][2302588][2302601][info ] Entering safepoint region: ShenandoahFinalUpdateRefs
[2021-07-20T13:46:40.928+0000][375.786s][2302588][2302601][info ] GC(65) Pause Final Update Refs 0.384ms
[2021-07-20T13:46:40.928+0000][375.786s][2302588][2302601][info ] Leaving safepoint region
[2021-07-20T13:46:40.929+0000][375.786s][2302588][2302601][info ] Total time for which application threads were stopped: 0.0008751 seconds, Stopping threads took: 0.0001261 seconds
[2021-07-20T13:46:40.929+0000][375.787s][2302588][2302600][info ] GC(65) Concurrent cleanup 5182M->602M(8192M) 0.152ms
[2021-07-20T13:46:41.929+0000][376.787s][2302588][2302601][info ] Application time: 1.0000669 seconds
[2021-07-20T13:46:41.929+0000][376.787s][2302588][2302601][info ] Entering safepoint region: Cleanup
[2021-07-20T13:46:41.929+0000][376.787s][2302588][2302601][info ] Leaving safepoint region
[2021-07-20T13:46:41.929+0000][376.787s][2302588][2302601][info ] Total time for which application threads were stopped: 0.0004271 seconds, Stopping threads took: 0.0001123 seconds
[2021-07-20T13:46:42.929+0000][377.787s][2302588][2302601][info ] Application time: 1.0000627 seconds
[2021-07-20T13:46:42.929+0000][377.787s][2302588][2302601][info ] Entering safepoint region: Cleanup
[2021-07-20T13:46:42.930+0000][377.788s][2302588][2302601][info ] Leaving safepoint region
[2021-07-20T13:46:42.930+0000][377.788s][2302588][2302601][info ] Total time for which application threads were stopped: 0.0004529 seconds, Stopping threads took: 0.0001234 seconds
[2021-07-20T13:46:43.930+0000][378.788s][2302588][2302601][info ] Application time: 1.0000641 seconds
[2021-07-20T13:46:43.930+0000][378.788s][2302588][2302601][info ] Entering safepoint region: Cleanup
[2021-07-20T13:46:43.930+0000][378.788s][2302588][2302601][info ] Leaving safepoint region
[2021-07-20T13:46:43.930+0000][378.788s][2302588][2302601][info ] Total time for which application threads were stopped: 0.0004184 seconds, Stopping threads took: 0.0001045 seconds
[2021-07-20T13:46:44.930+0000][379.788s][2302588][2302601][info ] Application time: 1.0000628 seconds
[2021-07-20T13:46:44.930+0000][379.788s][2302588][2302601][info ] Entering safepoint region: Cleanup
[2021-07-20T13:46:44.931+0000][379.789s][2302588][2302601][info ] Leaving safepoint region
[2021-07-20T13:46:44.931+0000][379.789s][2302588][2302601][info ] Total time for which application threads were stopped: 0.0004418 seconds, Stopping threads took: 0.0001193 seconds
[2021-07-20T13:46:45.931+0000][380.789s][2302588][2302601][info ] Application time: 1.0000663 seconds
[2021-07-20T13:46:45.931+0000][380.789s][2302588][2302601][info ] Entering safepoint region: Cleanup
[2021-07-20T13:46:45.931+0000][380.789s][2302588][2302601][info ] Leaving safepoint region
[2021-07-20T13:46:45.931+0000][380.789s][2302588][2302601][info ] Total time for which application threads were stopped: 0.0004243 seconds, Stopping threads took: 0.0001065 seconds
[2021-07-20T13:46:46.931+0000][381.789s][2302588][2302601][info ] Application time: 1.0000621 seconds
[2021-07-20T13:46:46.931+0000][381.789s][2302588][2302601][info ] Entering safepoint region: Cleanup
[2021-07-20T13:46:46.932+0000][381.790s][2302588][2302601][info ] Leaving safepoint region
[2021-07-20T13:46:46.932+0000][381.790s][2302588][2302601][info ] Total time for which application threads were stopped: 0.0004518 seconds, Stopping threads took: 0.0001289 seconds
[2021-07-20T13:46:47.932+0000][382.790s][2302588][2302601][info ] Application time: 1.0000637 seconds
[2021-07-20T13:46:47.932+0000][382.790s][2302588][2302601][info ] Entering safepoint region: Cleanup
[2021-07-20T13:46:47.932+0000][382.790s][2302588][2302601][info ] Leaving safepoint region
[2021-07-20T13:46:47.932+0000][382.790s][2302588][2302601][info ] Total time for which application threads were stopped: 0.0004478 seconds, Stopping threads took: 0.0001251 seconds
[2021-07-20T13:46:48.932+0000][383.790s][2302588][2302601][info ] Application time: 1.0000625 seconds
[2021-07-20T13:46:48.933+0000][383.791s][2302588][2302601][info ] Entering safepoint region: Cleanup
[2021-07-20T13:46:48.933+0000][383.791s][2302588][2302601][info ] Leaving safepoint region
[2021-07-20T13:46:48.933+0000][383.791s][2302588][2302601][info ] Total time for which application threads were stopped: 0.0004210 seconds, Stopping threads took: 0.0001068 seconds
[2021-07-20T13:46:49.933+0000][384.791s][2302588][2302601][info ] Application time: 1.0000786 seconds
[2021-07-20T13:46:49.933+0000][384.791s][2302588][2302601][info ] Entering safepoint region: Cleanup
[2021-07-20T13:46:49.933+0000][384.791s][2302588][2302601][info ] Leaving safepoint region
[2021-07-20T13:46:49.933+0000][384.791s][2302588][2302601][info ] Total time for which application threads were stopped: 0.0004529 seconds, Stopping threads took: 0.0001220 seconds
[2021-07-20T13:46:50.934+0000][385.792s][2302588][2302601][info ] Application time: 1.0000624 seconds
[2021-07-20T13:46:50.934+0000][385.792s][2302588][2302601][info ] Entering safepoint region: Cleanup
[2021-07-20T13:46:50.934+0000][385.792s][2302588][2302601][info ] Leaving safepoint region
[2021-07-20T13:46:50.934+0000][385.792s][2302588][2302601][info ] Total time for which application threads were stopped: 0.0004069 seconds, Stopping threads took: 0.0001004 seconds
[2021-07-20T13:46:51.934+0000][386.792s][2302588][2302601][info ] Application time: 1.0000664 seconds
[2021-07-20T13:46:51.934+0000][386.792s][2302588][2302601][info ] Entering safepoint region: Cleanup
[2021-07-20T13:46:51.935+0000][386.793s][2302588][2302601][info ] Leaving safepoint region
[2021-07-20T13:46:51.935+0000][386.793s][2302588][2302601][info ] Total time for which application threads were stopped: 0.0004412 seconds, Stopping threads took: 0.0001370 seconds
[2021-07-20T13:46:52.935+0000][387.793s][2302588][2302601][info ] Application time: 1.0000654 seconds
[2021-07-20T13:46:52.935+0000][387.793s][2302588][2302601][info ] Entering safepoint region: Cleanup
[2021-07-20T13:46:52.935+0000][387.793s][2302588][2302601][info ] Leaving safepoint region
[2021-07-20T13:46:52.935+0000][387.793s][2302588][2302601][info ] Total time for which application threads were stopped: 0.0004138 seconds, Stopping threads took: 0.0001160 seconds
[2021-07-20T13:46:53.935+0000][388.793s][2302588][2302601][info ] Application time: 1.0000629 seconds
[2021-07-20T13:46:53.935+0000][388.793s][2302588][2302601][info ] Entering safepoint region: Cleanup
[2021-07-20T13:46:53.936+0000][388.794s][2302588][2302601][info ] Leaving safepoint region
[2021-07-20T13:46:53.936+0000][388.794s][2302588][2302601][info ] Total time for which application threads were stopped: 0.0004321 seconds, Stopping threads took: 0.0001254 seconds
[2021-07-20T13:46:54.936+0000][389.794s][2302588][2302601][info ] Application time: 1.0000185 seconds
[2021-07-20T13:46:54.936+0000][389.794s][2302588][2302601][info ] Entering safepoint region: Cleanup
[2021-07-20T13:46:54.936+0000][389.794s][2302588][2302601][info ] Leaving safepoint region
[2021-07-20T13:46:54.936+0000][389.794s][2302588][2302601][info ] Total time for which application threads were stopped: 0.0004613 seconds, Stopping threads took: 0.0001287 seconds
[2021-07-20T13:46:55.936+0000][390.794s][2302588][2302601][info ] Application time: 1.0000361 seconds
[2021-07-20T13:46:55.936+0000][390.794s][2302588][2302601][info ] Entering safepoint region: Cleanup
[2021-07-20T13:46:55.937+0000][390.795s][2302588][2302601][info ] Leaving safepoint region
[2021-07-20T13:46:55.937+0000][390.795s][2302588][2302601][info ] Total time for which application threads were stopped: 0.0004786 seconds, Stopping threads took: 0.0001128 seconds
[2021-07-20T13:46:56.937+0000][391.795s][2302588][2302601][info ] Application time: 1.0000638 seconds
[2021-07-20T13:46:56.937+0000][391.795s][2302588][2302601][info ] Entering safepoint region: Cleanup
[2021-07-20T13:46:56.937+0000][391.795s][2302588][2302601][info ] Leaving safepoint region
[2021-07-20T13:46:56.937+0000][391.795s][2302588][2302601][info ] Total time for which application threads were stopped: 0.0004617 seconds, Stopping threads took: 0.0001310 seconds
[2021-07-20T13:46:57.937+0000][392.795s][2302588][2302601][info ] Application time: 1.0000240 seconds
[2021-07-20T13:46:57.938+0000][392.796s][2302588][2302601][info ] Entering safepoint region: Cleanup
[2021-07-20T13:46:57.938+0000][392.796s][2302588][2302601][info ] Leaving safepoint region
[2021-07-20T13:46:57.938+0000][392.796s][2302588][2302601][info ] Total time for which application threads were stopped: 0.0004489 seconds, Stopping threads took: 0.0001324 seconds
[2021-07-20T13:46:58.938+0000][393.796s][2302588][2302601][info ] Application time: 1.0000710 seconds
[2021-07-20T13:46:58.938+0000][393.796s][2302588][2302601][info ] Entering safepoint region: Cleanup
[2021-07-20T13:46:58.938+0000][393.796s][2302588][2302601][info ] Leaving safepoint region
[2021-07-20T13:46:58.938+0000][393.796s][2302588][2302601][info ] Total time for which application threads were stopped: 0.0004341 seconds, Stopping threads took: 0.0001088 seconds
[2021-07-20T13:46:59.124+0000][393.982s][2302588][2302600][info ] Trigger: Free (817M) is below minimum threshold (819M)
[2021-07-20T13:46:59.128+0000][393.986s][2302588][2302600][info ] GC(66) Concurrent reset 3.827ms
[2021-07-20T13:46:59.128+0000][393.986s][2302588][2302601][info ] Application time: 0.1897549 seconds
[2021-07-20T13:46:59.128+0000][393.986s][2302588][2302601][info ] Entering safepoint region: ShenandoahInitMark
[2021-07-20T13:46:59.129+0000][393.987s][2302588][2302601][info ] GC(66) Pause Init Mark 0.603ms
[2021-07-20T13:46:59.129+0000][393.987s][2302588][2302601][info ] Leaving safepoint region
[2021-07-20T13:46:59.129+0000][393.987s][2302588][2302601][info ] Total time for which application threads were stopped: 0.0010732 seconds, Stopping threads took: 0.0001198 seconds
[2021-07-20T13:46:59.412+0000][394.270s][2302588][2302601][info ] Application time: 0.2823242 seconds
[2021-07-20T13:46:59.412+0000][394.270s][2302588][2302601][info ] Entering safepoint region: HandshakeFallback
[2021-07-20T13:46:59.412+0000][394.270s][2302588][2302601][info ] Leaving safepoint region
[2021-07-20T13:46:59.412+0000][394.270s][2302588][2302601][info ] Total time for which application threads were stopped: 0.0005915 seconds, Stopping threads took: 0.0001180 seconds
[2021-07-20T13:46:59.412+0000][394.270s][2302588][2302601][info ] Application time: 0.0001865 seconds
[2021-07-20T13:46:59.413+0000][394.270s][2302588][2302601][info ] Entering safepoint region: HandshakeFallback
[2021-07-20T13:46:59.413+0000][394.271s][2302588][2302601][info ] Leaving safepoint region
[2021-07-20T13:46:59.413+0000][394.271s][2302588][2302601][info ] Total time for which application threads were stopped: 0.0002564 seconds, Stopping threads took: 0.0000589 seconds
[2021-07-20T13:46:59.413+0000][394.271s][2302588][2302600][info ] GC(66) Concurrent marking 283.421ms
[2021-07-20T13:46:59.413+0000][394.271s][2302588][2302601][info ] Application time: 0.0000486 seconds
[2021-07-20T13:46:59.413+0000][394.271s][2302588][2302601][info ] Entering safepoint region: ShenandoahFinalMarkStartEvac
[2021-07-20T13:46:59.414+0000][394.272s][2302588][2302601][info ] GC(66) Pause Final Mark 1.135ms
[2021-07-20T13:46:59.414+0000][394.272s][2302588][2302601][info ] Leaving safepoint region
[2021-07-20T13:46:59.414+0000][394.272s][2302588][2302601][info ] Total time for which application threads were stopped: 0.0014056 seconds, Stopping threads took: 0.0000615 seconds
[2021-07-20T13:46:59.414+0000][394.272s][2302588][2302600][info ] GC(66) Concurrent cleanup 7074M->4796M(8192M) 0.105ms
[2021-07-20T13:46:59.425+0000][394.283s][2302588][2302600][info ] GC(66) Concurrent evacuation 10.419ms
[2021-07-20T13:46:59.425+0000][394.283s][2302588][2302601][info ] Application time: 0.0106401 seconds
[2021-07-20T13:46:59.425+0000][394.283s][2302588][2302601][info ] Entering safepoint region: ShenandoahInitUpdateRefs
[2021-07-20T13:46:59.425+0000][394.283s][2302588][2302601][info ] GC(66) Pause Init Update Refs 0.034ms
[2021-07-20T13:46:59.425+0000][394.283s][2302588][2302601][info ] Leaving safepoint region
[2021-07-20T13:46:59.425+0000][394.283s][2302588][2302601][info ] Total time for which application threads were stopped: 0.0005025 seconds, Stopping threads took: 0.0001182 seconds
[2021-07-20T13:46:59.517+0000][394.375s][2302588][2302600][info ] GC(66) Concurrent update references 91.604ms
[2021-07-20T13:46:59.517+0000][394.375s][2302588][2302601][info ] Application time: 0.0916833 seconds
[2021-07-20T13:46:59.517+0000][394.375s][2302588][2302601][info ] Entering safepoint region: ShenandoahFinalUpdateRefs
[2021-07-20T13:46:59.518+0000][394.376s][2302588][2302601][info ] GC(66) Pause Final Update Refs 0.331ms
[2021-07-20T13:46:59.518+0000][394.376s][2302588][2302601][info ] Leaving safepoint region
[2021-07-20T13:46:59.518+0000][394.376s][2302588][2302601][info ] Total time for which application threads were stopped: 0.0008243 seconds, Stopping threads took: 0.0001339 seconds
[2021-07-20T13:46:59.518+0000][394.376s][2302588][2302600][info ] GC(66) Concurrent cleanup 4839M->595M(8192M) 0.142ms
[2021-07-20T13:47:00.518+0000][395.376s][2302588][2302601][info ] Application time: 1.0000648 seconds
[2021-07-20T13:47:00.518+0000][395.376s][2302588][2302601][info ] Entering safepoint region: Cleanup
[2021-07-20T13:47:00.518+0000][395.376s][2302588][2302601][info ] Leaving safepoint region
[2021-07-20T13:47:00.518+0000][395.376s][2302588][2302601][info ] Total time for which application threads were stopped: 0.0004569 seconds, Stopping threads took: 0.0001281 seconds
[2021-07-20T13:47:01.519+0000][396.377s][2302588][2302601][info ] Application time: 1.0000652 seconds
[2021-07-20T13:47:01.519+0000][396.377s][2302588][2302601][info ] Entering safepoint region: Cleanup
[2021-07-20T13:47:01.519+0000][396.377s][2302588][2302601][info ] Leaving safepoint region
[2021-07-20T13:47:01.519+0000][396.377s][2302588][2302601][info ] Total time for which application threads were stopped: 0.0004651 seconds, Stopping threads took: 0.0001351 seconds
[2021-07-20T13:47:02.519+0000][397.377s][2302588][2302601][info ] Application time: 1.0000708 seconds
[2021-07-20T13:47:02.519+0000][397.377s][2302588][2302601][info ] Entering safepoint region: Cleanup
[2021-07-20T13:47:02.520+0000][397.378s][2302588][2302601][info ] Leaving safepoint region
[2021-07-20T13:47:02.520+0000][397.378s][2302588][2302601][info ] Total time for which application threads were stopped: 0.0004772 seconds, Stopping threads took: 0.0001279 seconds
[2021-07-20T13:47:03.520+0000][398.378s][2302588][2302601][info ] Application time: 1.0000638 seconds
[2021-07-20T13:47:03.520+0000][398.378s][2302588][2302601][info ] Entering safepoint region: Cleanup
[2021-07-20T13:47:03.520+0000][398.378s][2302588][2302601][info ] Leaving safepoint region
[2021-07-20T13:47:03.520+0000][398.378s][2302588][2302601][info ] Total time for which application threads were stopped: 0.0004342 seconds, Stopping threads took: 0.0001246 seconds
[2021-07-20T13:47:04.520+0000][399.378s][2302588][2302601][info ] Application time: 1.0000202 seconds
[2021-07-20T13:47:04.520+0000][399.378s][2302588][2302601][info ] Entering safepoint region: Cleanup
[2021-07-20T13:47:04.521+0000][399.379s][2302588][2302601][info ] Leaving safepoint region
[2021-07-20T13:47:04.521+0000][399.379s][2302588][2302601][info ] Total time for which application threads were stopped: 0.0004206 seconds, Stopping threads took: 0.0001053 seconds
[2021-07-20T13:47:05.521+0000][400.379s][2302588][2302601][info ] Application time: 1.0000707 seconds
[2021-07-20T13:47:05.521+0000][400.379s][2302588][2302601][info ] Entering safepoint region: Cleanup
[2021-07-20T13:47:05.521+0000][400.379s][2302588][2302601][info ] Leaving safepoint region
[2021-07-20T13:47:05.521+0000][400.379s][2302588][2302601][info ] Total time for which application threads were stopped: 0.0004323 seconds, Stopping threads took: 0.0001110 seconds
[2021-07-20T13:47:06.521+0000][401.379s][2302588][2302601][info ] Application time: 1.0000666 seconds
[2021-07-20T13:47:06.521+0000][401.379s][2302588][2302601][info ] Entering safepoint region: Cleanup
[2021-07-20T13:47:06.522+0000][401.380s][2302588][2302601][info ] Leaving safepoint region
[2021-07-20T13:47:06.522+0000][401.380s][2302588][2302601][info ] Total time for which application threads were stopped: 0.0004144 seconds, Stopping threads took: 0.0001070 seconds
[2021-07-20T13:47:07.522+0000][402.380s][2302588][2302601][info ] Application time: 1.0000639 seconds
[2021-07-20T13:47:07.522+0000][402.380s][2302588][2302601][info ] Entering safepoint region: Cleanup
[2021-07-20T13:47:07.522+0000][402.380s][2302588][2302601][info ] Leaving safepoint region
[2021-07-20T13:47:07.522+0000][402.380s][2302588][2302601][info ] Total time for which application threads were stopped: 0.0004258 seconds, Stopping threads took: 0.0001067 seconds
[2021-07-20T13:47:08.522+0000][403.380s][2302588][2302601][info ] Application time: 1.0000635 seconds
[2021-07-20T13:47:08.523+0000][403.381s][2302588][2302601][info ] Entering safepoint region: Cleanup
[2021-07-20T13:47:08.523+0000][403.381s][2302588][2302601][info ] Leaving safepoint region
[2021-07-20T13:47:08.523+0000][403.381s][2302588][2302601][info ] Total time for which application threads were stopped: 0.0004416 seconds, Stopping threads took: 0.0001265 seconds
[2021-07-20T13:47:09.523+0000][404.381s][2302588][2302601][info ] Application time: 1.0000640 seconds
[2021-07-20T13:47:09.523+0000][404.381s][2302588][2302601][info ] Entering safepoint region: Cleanup
[2021-07-20T13:47:09.523+0000][404.381s][2302588][2302601][info ] Leaving safepoint region
[2021-07-20T13:47:09.523+0000][404.381s][2302588][2302601][info ] Total time for which application threads were stopped: 0.0004364 seconds, Stopping threads took: 0.0001224 seconds
[2021-07-20T13:47:10.524+0000][405.381s][2302588][2302601][info ] Application time: 1.0000639 seconds
[2021-07-20T13:47:10.524+0000][405.382s][2302588][2302601][info ] Entering safepoint region: Cleanup
[2021-07-20T13:47:10.524+0000][405.382s][2302588][2302601][info ] Leaving safepoint region
[2021-07-20T13:47:10.524+0000][405.382s][2302588][2302601][info ] Total time for which application threads were stopped: 0.0004362 seconds, Stopping threads took: 0.0001154 seconds
[2021-07-20T13:47:11.524+0000][406.382s][2302588][2302601][info ] Application time: 1.0000703 seconds
[2021-07-20T13:47:11.524+0000][406.382s][2302588][2302601][info ] Entering safepoint region: Cleanup
[2021-07-20T13:47:11.525+0000][406.382s][2302588][2302601][info ] Leaving safepoint region
[2021-07-20T13:47:11.525+0000][406.383s][2302588][2302601][info ] Total time for which application threads were stopped: 0.0004431 seconds, Stopping threads took: 0.0001230 seconds
[2021-07-20T13:47:12.525+0000][407.383s][2302588][2302601][info ] Application time: 1.0000623 seconds
[2021-07-20T13:47:12.525+0000][407.383s][2302588][2302601][info ] Entering safepoint region: Cleanup
[2021-07-20T13:47:12.525+0000][407.383s][2302588][2302601][info ] Leaving safepoint region
[2021-07-20T13:47:12.525+0000][407.383s][2302588][2302601][info ] Total time for which application threads were stopped: 0.0004202 seconds, Stopping threads took: 0.0001055 seconds
[2021-07-20T13:47:13.525+0000][408.383s][2302588][2302601][info ] Application time: 1.0000638 seconds
[2021-07-20T13:47:13.525+0000][408.383s][2302588][2302601][info ] Entering safepoint region: Cleanup
[2021-07-20T13:47:13.526+0000][408.384s][2302588][2302601][info ] Leaving safepoint region
[2021-07-20T13:47:13.526+0000][408.384s][2302588][2302601][info ] Total time for which application threads were stopped: 0.0004176 seconds, Stopping threads took: 0.0001129 seconds
[2021-07-20T13:47:14.526+0000][409.384s][2302588][2302601][info ] Application time: 1.0000627 seconds
[2021-07-20T13:47:14.526+0000][409.384s][2302588][2302601][info ] Entering safepoint region: Cleanup
[2021-07-20T13:47:14.526+0000][409.384s][2302588][2302601][info ] Leaving safepoint region
[2021-07-20T13:47:14.526+0000][409.384s][2302588][2302601][info ] Total time for which application threads were stopped: 0.0004156 seconds, Stopping threads took: 0.0001086 seconds
[2021-07-20T13:47:15.526+0000][410.384s][2302588][2302601][info ] Application time: 1.0000662 seconds
[2021-07-20T13:47:15.526+0000][410.384s][2302588][2302601][info ] Entering safepoint region: Cleanup
[2021-07-20T13:47:15.527+0000][410.385s][2302588][2302601][info ] Leaving safepoint region
[2021-07-20T13:47:15.527+0000][410.385s][2302588][2302601][info ] Total time for which application threads were stopped: 0.0004361 seconds, Stopping threads took: 0.0001148 seconds
[2021-07-20T13:47:16.527+0000][411.385s][2302588][2302601][info ] Application time: 1.0000700 seconds
[2021-07-20T13:47:16.527+0000][411.385s][2302588][2302601][info ] Entering safepoint region: Cleanup
[2021-07-20T13:47:16.527+0000][411.385s][2302588][2302601][info ] Leaving safepoint region
[2021-07-20T13:47:16.527+0000][411.385s][2302588][2302601][info ] Total time for which application threads were stopped: 0.0004311 seconds, Stopping threads took: 0.0001179 seconds
[2021-07-20T13:47:17.527+0000][412.385s][2302588][2302601][info ] Application time: 1.0000394 seconds
[2021-07-20T13:47:17.527+0000][412.385s][2302588][2302601][info ] Entering safepoint region: Cleanup
[2021-07-20T13:47:17.528+0000][412.386s][2302588][2302601][info ] Leaving safepoint region
[2021-07-20T13:47:17.528+0000][412.386s][2302588][2302601][info ] Total time for which application threads were stopped: 0.0004493 seconds, Stopping threads took: 0.0001282 seconds
[2021-07-20T13:47:17.711+0000][412.569s][2302588][2302600][info ] Trigger: Free (817M) is below minimum threshold (819M)
[2021-07-20T13:47:17.714+0000][412.572s][2302588][2302600][info ] GC(67) Concurrent reset 3.409ms
[2021-07-20T13:47:17.715+0000][412.572s][2302588][2302601][info ] Application time: 0.1867484 seconds
[2021-07-20T13:47:17.715+0000][412.573s][2302588][2302601][info ] Entering safepoint region: ShenandoahInitMark
[2021-07-20T13:47:17.716+0000][412.574s][2302588][2302601][info ] GC(67) Pause Init Mark 0.592ms
[2021-07-20T13:47:17.716+0000][412.574s][2302588][2302601][info ] Leaving safepoint region
[2021-07-20T13:47:17.716+0000][412.574s][2302588][2302601][info ] Total time for which application threads were stopped: 0.0010775 seconds, Stopping threads took: 0.0001270 seconds
[2021-07-20T13:47:17.968+0000][412.826s][2302588][2302601][info ] Application time: 0.2521396 seconds
[2021-07-20T13:47:17.968+0000][412.826s][2302588][2302601][info ] Entering safepoint region: HandshakeFallback
[2021-07-20T13:47:17.968+0000][412.826s][2302588][2302601][info ] Leaving safepoint region
[2021-07-20T13:47:17.968+0000][412.826s][2302588][2302601][info ] Total time for which application threads were stopped: 0.0006035 seconds, Stopping threads took: 0.0001172 seconds
[2021-07-20T13:47:17.969+0000][412.827s][2302588][2302601][info ] Application time: 0.0001991 seconds
[2021-07-20T13:47:17.969+0000][412.827s][2302588][2302601][info ] Entering safepoint region: HandshakeFallback
[2021-07-20T13:47:17.969+0000][412.827s][2302588][2302601][info ] Leaving safepoint region
[2021-07-20T13:47:17.969+0000][412.827s][2302588][2302601][info ] Total time for which application threads were stopped: 0.0002932 seconds, Stopping threads took: 0.0000924 seconds
[2021-07-20T13:47:17.969+0000][412.827s][2302588][2302600][info ] GC(67) Concurrent marking 253.333ms
[2021-07-20T13:47:17.969+0000][412.827s][2302588][2302601][info ] Application time: 0.0000766 seconds
[2021-07-20T13:47:17.969+0000][412.827s][2302588][2302601][info ] Entering safepoint region: ShenandoahFinalMarkStartEvac
[2021-07-20T13:47:17.970+0000][412.828s][2302588][2302601][info ] GC(67) Pause Final Mark 1.161ms
[2021-07-20T13:47:17.971+0000][412.828s][2302588][2302601][info ] Leaving safepoint region
[2021-07-20T13:47:17.971+0000][412.829s][2302588][2302601][info ] Total time for which application threads were stopped: 0.0015001 seconds, Stopping threads took: 0.0001158 seconds
[2021-07-20T13:47:17.971+0000][412.829s][2302588][2302600][info ] GC(67) Concurrent cleanup 7068M->6097M(8192M) 0.063ms
[2021-07-20T13:47:17.986+0000][412.844s][2302588][2302600][info ] GC(67) Concurrent evacuation 14.986ms
[2021-07-20T13:47:17.986+0000][412.844s][2302588][2302601][info ] Application time: 0.0151468 seconds
[2021-07-20T13:47:17.986+0000][412.844s][2302588][2302601][info ] Entering safepoint region: ShenandoahInitUpdateRefs
[2021-07-20T13:47:17.986+0000][412.844s][2302588][2302601][info ] GC(67) Pause Init Update Refs 0.036ms
[2021-07-20T13:47:17.986+0000][412.844s][2302588][2302601][info ] Leaving safepoint region
[2021-07-20T13:47:17.986+0000][412.844s][2302588][2302601][info ] Total time for which application threads were stopped: 0.0005001 seconds, Stopping threads took: 0.0001225 seconds
[2021-07-20T13:47:18.100+0000][412.958s][2302588][2302600][info ] GC(67) Concurrent update references 113.363ms
[2021-07-20T13:47:18.100+0000][412.958s][2302588][2302601][info ] Application time: 0.1134369 seconds
[2021-07-20T13:47:18.100+0000][412.958s][2302588][2302601][info ] Entering safepoint region: ShenandoahFinalUpdateRefs
[2021-07-20T13:47:18.100+0000][412.958s][2302588][2302601][info ] GC(67) Pause Final Update Refs 0.369ms
[2021-07-20T13:47:18.101+0000][412.958s][2302588][2302601][info ] Leaving safepoint region
[2021-07-20T13:47:18.101+0000][412.958s][2302588][2302601][info ] Total time for which application threads were stopped: 0.0008531 seconds, Stopping threads took: 0.0001386 seconds
[2021-07-20T13:47:18.101+0000][412.959s][2302588][2302600][info ] GC(67) Concurrent cleanup 6187M->607M(8192M) 0.164ms
[2021-07-20T13:47:19.101+0000][413.959s][2302588][2302601][info ] Application time: 1.0000678 seconds
[2021-07-20T13:47:19.101+0000][413.959s][2302588][2302601][info ] Entering safepoint region: Cleanup
[2021-07-20T13:47:19.101+0000][413.959s][2302588][2302601][info ] Leaving safepoint region
[2021-07-20T13:47:19.101+0000][413.959s][2302588][2302601][info ] Total time for which application threads were stopped: 0.0004283 seconds, Stopping threads took: 0.0001225 seconds
[2021-07-20T13:47:20.101+0000][414.959s][2302588][2302601][info ] Application time: 1.0000173 seconds
[2021-07-20T13:47:20.101+0000][414.959s][2302588][2302601][info ] Entering safepoint region: Cleanup
[2021-07-20T13:47:20.102+0000][414.960s][2302588][2302601][info ] Leaving safepoint region
[2021-07-20T13:47:20.102+0000][414.960s][2302588][2302601][info ] Total time for which application threads were stopped: 0.0004379 seconds, Stopping threads took: 0.0001305 seconds
[2021-07-20T13:47:21.102+0000][415.960s][2302588][2302601][info ] Application time: 1.0000688 seconds
[2021-07-20T13:47:21.102+0000][415.960s][2302588][2302601][info ] Entering safepoint region: Cleanup
[2021-07-20T13:47:21.102+0000][415.960s][2302588][2302601][info ] Leaving safepoint region
[2021-07-20T13:47:21.102+0000][415.960s][2302588][2302601][info ] Total time for which application threads were stopped: 0.0004308 seconds, Stopping threads took: 0.0000993 seconds
[2021-07-20T13:47:22.102+0000][416.960s][2302588][2302601][info ] Application time: 1.0000471 seconds
[2021-07-20T13:47:22.102+0000][416.960s][2302588][2302601][info ] Entering safepoint region: Cleanup
[2021-07-20T13:47:22.103+0000][416.961s][2302588][2302601][info ] Leaving safepoint region
[2021-07-20T13:47:22.103+0000][416.961s][2302588][2302601][info ] Total time for which application threads were stopped: 0.0004545 seconds, Stopping threads took: 0.0001186 seconds
[2021-07-20T13:47:23.103+0000][417.961s][2302588][2302601][info ] Application time: 1.0000233 seconds
[2021-07-20T13:47:23.103+0000][417.961s][2302588][2302601][info ] Entering safepoint region: Cleanup
[2021-07-20T13:47:23.103+0000][417.961s][2302588][2302601][info ] Leaving safepoint region
[2021-07-20T13:47:23.103+0000][417.961s][2302588][2302601][info ] Total time for which application threads were stopped: 0.0004297 seconds, Stopping threads took: 0.0001208 seconds
[2021-07-20T13:47:24.103+0000][418.961s][2302588][2302601][info ] Application time: 1.0000625 seconds
[2021-07-20T13:47:24.103+0000][418.961s][2302588][2302601][info ] Entering safepoint region: Cleanup
[2021-07-20T13:47:24.104+0000][418.962s][2302588][2302601][info ] Leaving safepoint region
[2021-07-20T13:47:24.104+0000][418.962s][2302588][2302601][info ] Total time for which application threads were stopped: 0.0004157 seconds, Stopping threads took: 0.0001035 seconds
[2021-07-20T13:47:25.104+0000][419.962s][2302588][2302601][info ] Application time: 1.0000630 seconds
[2021-07-20T13:47:25.104+0000][419.962s][2302588][2302601][info ] Entering safepoint region: Cleanup
[2021-07-20T13:47:25.104+0000][419.962s][2302588][2302601][info ] Leaving safepoint region
[2021-07-20T13:47:25.104+0000][419.962s][2302588][2302601][info ] Total time for which application threads were stopped: 0.0004308 seconds, Stopping threads took: 0.0001216 seconds
[2021-07-20T13:47:26.104+0000][420.962s][2302588][2302601][info ] Application time: 1.0000647 seconds
[2021-07-20T13:47:26.104+0000][420.962s][2302588][2302601][info ] Entering safepoint region: Cleanup
[2021-07-20T13:47:26.105+0000][420.963s][2302588][2302601][info ] Leaving safepoint region
[2021-07-20T13:47:26.105+0000][420.963s][2302588][2302601][info ] Total time for which application threads were stopped: 0.0004082 seconds, Stopping threads took: 0.0001025 seconds
[2021-07-20T13:47:27.105+0000][421.963s][2302588][2302601][info ] Application time: 1.0000671 seconds
[2021-07-20T13:47:27.105+0000][421.963s][2302588][2302601][info ] Entering safepoint region: Cleanup
[2021-07-20T13:47:27.105+0000][421.963s][2302588][2302601][info ] Leaving safepoint region
[2021-07-20T13:47:27.105+0000][421.963s][2302588][2302601][info ] Total time for which application threads were stopped: 0.0004433 seconds, Stopping threads took: 0.0001028 seconds
[2021-07-20T13:47:28.105+0000][422.963s][2302588][2302601][info ] Application time: 1.0000677 seconds
[2021-07-20T13:47:28.106+0000][422.964s][2302588][2302601][info ] Entering safepoint region: Cleanup
[2021-07-20T13:47:28.106+0000][422.964s][2302588][2302601][info ] Leaving safepoint region
[2021-07-20T13:47:28.106+0000][422.964s][2302588][2302601][info ] Total time for which application threads were stopped: 0.0004193 seconds, Stopping threads took: 0.0001134 seconds
[2021-07-20T13:47:29.106+0000][423.964s][2302588][2302601][info ] Application time: 1.0000656 seconds
[2021-07-20T13:47:29.106+0000][423.964s][2302588][2302601][info ] Entering safepoint region: Cleanup
[2021-07-20T13:47:29.106+0000][423.964s][2302588][2302601][info ] Leaving safepoint region
[2021-07-20T13:47:29.106+0000][423.964s][2302588][2302601][info ] Total time for which application threads were stopped: 0.0004388 seconds, Stopping threads took: 0.0001156 seconds
[2021-07-20T13:47:30.106+0000][424.964s][2302588][2302601][info ] Application time: 1.0000633 seconds
[2021-07-20T13:47:30.107+0000][424.965s][2302588][2302601][info ] Entering safepoint region: Cleanup
[2021-07-20T13:47:30.107+0000][424.965s][2302588][2302601][info ] Leaving safepoint region
[2021-07-20T13:47:30.107+0000][424.965s][2302588][2302601][info ] Total time for which application threads were stopped: 0.0004438 seconds, Stopping threads took: 0.0001274 seconds
[2021-07-20T13:47:36.290+0000][431.148s][2302588][2302600][info ] Trigger: Free (815M) is below minimum threshold (819M)
[2021-07-20T13:47:36.294+0000][431.152s][2302588][2302600][info ] GC(68) Concurrent reset 4.346ms
[2021-07-20T13:47:36.294+0000][431.152s][2302588][2302601][info ] Application time: 6.1873737 seconds
[2021-07-20T13:47:36.294+0000][431.152s][2302588][2302601][info ] Entering safepoint region: ShenandoahInitMark
[2021-07-20T13:47:36.295+0000][431.153s][2302588][2302601][info ] GC(68) Pause Init Mark 0.579ms
[2021-07-20T13:47:36.295+0000][431.153s][2302588][2302601][info ] Leaving safepoint region
[2021-07-20T13:47:36.295+0000][431.153s][2302588][2302601][info ] Total time for which application threads were stopped: 0.0010354 seconds, Stopping threads took: 0.0001229 seconds
[2021-07-20T13:47:36.551+0000][431.409s][2302588][2302601][info ] Application time: 0.2556907 seconds
[2021-07-20T13:47:36.551+0000][431.409s][2302588][2302601][info ] Entering safepoint region: HandshakeFallback
[2021-07-20T13:47:36.552+0000][431.410s][2302588][2302601][info ] Leaving safepoint region
[2021-07-20T13:47:36.552+0000][431.410s][2302588][2302601][info ] Total time for which application threads were stopped: 0.0006330 seconds, Stopping threads took: 0.0001203 seconds
[2021-07-20T13:47:36.552+0000][431.410s][2302588][2302601][info ] Application time: 0.0001921 seconds
[2021-07-20T13:47:36.552+0000][431.410s][2302588][2302601][info ] Entering safepoint region: HandshakeFallback
[2021-07-20T13:47:36.552+0000][431.410s][2302588][2302601][info ] Leaving safepoint region
[2021-07-20T13:47:36.552+0000][431.410s][2302588][2302601][info ] Total time for which application threads were stopped: 0.0001935 seconds, Stopping threads took: 0.0000335 seconds
[2021-07-20T13:47:36.552+0000][431.410s][2302588][2302600][info ] GC(68) Concurrent marking 256.783ms
[2021-07-20T13:47:36.552+0000][431.410s][2302588][2302601][info ] Application time: 0.0000541 seconds
[2021-07-20T13:47:36.552+0000][431.410s][2302588][2302601][info ] Entering safepoint region: ShenandoahFinalMarkStartEvac
[2021-07-20T13:47:36.554+0000][431.412s][2302588][2302601][info ] GC(68) Pause Final Mark 1.148ms
[2021-07-20T13:47:36.554+0000][431.412s][2302588][2302601][info ] Leaving safepoint region
[2021-07-20T13:47:36.554+0000][431.412s][2302588][2302601][info ] Total time for which application threads were stopped: 0.0014249 seconds, Stopping threads took: 0.0000687 seconds
[2021-07-20T13:47:36.554+0000][431.412s][2302588][2302600][info ] GC(68) Concurrent cleanup 7072M->6048M(8192M) 0.063ms
[2021-07-20T13:47:36.575+0000][431.433s][2302588][2302600][info ] GC(68) Concurrent evacuation 21.011ms
[2021-07-20T13:47:36.575+0000][431.433s][2302588][2302601][info ] Application time: 0.0211744 seconds
[2021-07-20T13:47:36.575+0000][431.433s][2302588][2302601][info ] Entering safepoint region: ShenandoahInitUpdateRefs
[2021-07-20T13:47:36.575+0000][431.433s][2302588][2302601][info ] GC(68) Pause Init Update Refs 0.036ms
[2021-07-20T13:47:36.575+0000][431.433s][2302588][2302601][info ] Leaving safepoint region
[2021-07-20T13:47:36.575+0000][431.433s][2302588][2302601][info ] Total time for which application threads were stopped: 0.0004957 seconds, Stopping threads took: 0.0001153 seconds
[2021-07-20T13:47:36.684+0000][431.542s][2302588][2302600][info ] GC(68) Concurrent update references 108.624ms
[2021-07-20T13:47:36.684+0000][431.542s][2302588][2302601][info ] Application time: 0.1087000 seconds
[2021-07-20T13:47:36.684+0000][431.542s][2302588][2302601][info ] Entering safepoint region: ShenandoahFinalUpdateRefs
[2021-07-20T13:47:36.685+0000][431.543s][2302588][2302601][info ] GC(68) Pause Final Update Refs 0.376ms
[2021-07-20T13:47:36.685+0000][431.543s][2302588][2302601][info ] Leaving safepoint region
[2021-07-20T13:47:36.685+0000][431.543s][2302588][2302601][info ] Total time for which application threads were stopped: 0.0008641 seconds, Stopping threads took: 0.0001382 seconds
[2021-07-20T13:47:36.685+0000][431.543s][2302588][2302600][info ] GC(68) Concurrent cleanup 6128M->608M(8192M) 0.165ms
[2021-07-20T13:47:55.686+0000][450.544s][2302588][2302601][info ] Application time: 19.0014738 seconds
[2021-07-20T13:47:55.687+0000][450.545s][2302588][2302601][info ] Entering safepoint region: Cleanup
[2021-07-20T13:47:55.687+0000][450.545s][2302588][2302601][info ] Leaving safepoint region
[2021-07-20T13:47:55.687+0000][450.545s][2302588][2302601][info ] Total time for which application threads were stopped: 0.0004654 seconds, Stopping threads took: 0.0001263 seconds
[2021-07-20T13:47:56.687+0000][451.545s][2302588][2302601][info ] Application time: 1.0000615 seconds
[2021-07-20T13:47:56.687+0000][451.545s][2302588][2302601][info ] Entering safepoint region: Cleanup
[2021-07-20T13:47:56.688+0000][451.546s][2302588][2302601][info ] Leaving safepoint region
[2021-07-20T13:47:56.688+0000][451.546s][2302588][2302601][info ] Total time for which application threads were stopped: 0.0004857 seconds, Stopping threads took: 0.0001282 seconds
[2021-07-20T13:47:57.688+0000][452.546s][2302588][2302601][info ] Application time: 1.0000639 seconds
[2021-07-20T13:47:57.688+0000][452.546s][2302588][2302601][info ] Entering safepoint region: Cleanup
[2021-07-20T13:47:57.688+0000][452.546s][2302588][2302601][info ] Leaving safepoint region
[2021-07-20T13:47:57.688+0000][452.546s][2302588][2302601][info ] Total time for which application threads were stopped: 0.0004530 seconds, Stopping threads took: 0.0001209 seconds
[2021-07-20T13:47:58.688+0000][453.546s][2302588][2302601][info ] Application time: 1.0000627 seconds
[2021-07-20T13:47:58.688+0000][453.546s][2302588][2302601][info ] Entering safepoint region: Cleanup
[2021-07-20T13:47:58.689+0000][453.547s][2302588][2302601][info ] Leaving safepoint region
[2021-07-20T13:47:58.689+0000][453.547s][2302588][2302601][info ] Total time for which application threads were stopped: 0.0004382 seconds, Stopping threads took: 0.0001193 seconds
[2021-07-20T13:47:59.689+0000][454.547s][2302588][2302601][info ] Application time: 1.0000611 seconds
[2021-07-20T13:47:59.689+0000][454.547s][2302588][2302601][info ] Entering safepoint region: Cleanup
[2021-07-20T13:47:59.689+0000][454.547s][2302588][2302601][info ] Leaving safepoint region
[2021-07-20T13:47:59.689+0000][454.547s][2302588][2302601][info ] Total time for which application threads were stopped: 0.0004413 seconds, Stopping threads took: 0.0001224 seconds
[2021-07-20T13:48:00.689+0000][455.547s][2302588][2302601][info ] Application time: 1.0000295 seconds
[2021-07-20T13:48:00.689+0000][455.547s][2302588][2302601][info ] Entering safepoint region: Cleanup
[2021-07-20T13:48:00.690+0000][455.548s][2302588][2302601][info ] Leaving safepoint region
[2021-07-20T13:48:00.690+0000][455.548s][2302588][2302601][info ] Total time for which application threads were stopped: 0.0004280 seconds, Stopping threads took: 0.0001122 seconds
[2021-07-20T13:48:01.690+0000][456.548s][2302588][2302601][info ] Application time: 1.0000651 seconds
[2021-07-20T13:48:01.690+0000][456.548s][2302588][2302601][info ] Entering safepoint region: Cleanup
[2021-07-20T13:48:01.690+0000][456.548s][2302588][2302601][info ] Leaving safepoint region
[2021-07-20T13:48:01.690+0000][456.548s][2302588][2302601][info ] Total time for which application threads were stopped: 0.0004289 seconds, Stopping threads took: 0.0001106 seconds
[2021-07-20T13:48:02.690+0000][457.548s][2302588][2302601][info ] Application time: 1.0000628 seconds
[2021-07-20T13:48:02.691+0000][457.549s][2302588][2302601][info ] Entering safepoint region: Cleanup
[2021-07-20T13:48:02.691+0000][457.549s][2302588][2302601][info ] Leaving safepoint region
[2021-07-20T13:48:02.691+0000][457.549s][2302588][2302601][info ] Total time for which application threads were stopped: 0.0004243 seconds, Stopping threads took: 0.0001103 seconds
[2021-07-20T13:48:03.691+0000][458.549s][2302588][2302601][info ] Application time: 1.0000660 seconds
[2021-07-20T13:48:03.691+0000][458.549s][2302588][2302601][info ] Entering safepoint region: Cleanup
[2021-07-20T13:48:03.691+0000][458.549s][2302588][2302601][info ] Leaving safepoint region
[2021-07-20T13:48:03.691+0000][458.549s][2302588][2302601][info ] Total time for which application threads were stopped: 0.0004612 seconds, Stopping threads took: 0.0001257 seconds
[2021-07-20T13:48:04.692+0000][459.549s][2302588][2302601][info ] Application time: 1.0000634 seconds
[2021-07-20T13:48:04.692+0000][459.550s][2302588][2302601][info ] Entering safepoint region: Cleanup
[2021-07-20T13:48:04.692+0000][459.550s][2302588][2302601][info ] Leaving safepoint region
[2021-07-20T13:48:04.692+0000][459.550s][2302588][2302601][info ] Total time for which application threads were stopped: 0.0004354 seconds, Stopping threads took: 0.0001168 seconds
[2021-07-20T13:48:05.151+0000][460.009s][2302588][2302600][info ] Trigger: Free (819M) is below minimum threshold (819M)
[2021-07-20T13:48:05.156+0000][460.014s][2302588][2302600][info ] GC(69) Concurrent reset 4.333ms
[2021-07-20T13:48:05.156+0000][460.014s][2302588][2302601][info ] Application time: 0.4638965 seconds
[2021-07-20T13:48:05.156+0000][460.014s][2302588][2302601][info ] Entering safepoint region: ShenandoahInitMark
[2021-07-20T13:48:05.157+0000][460.015s][2302588][2302601][info ] GC(69) Pause Init Mark 0.598ms
[2021-07-20T13:48:05.157+0000][460.015s][2302588][2302601][info ] Leaving safepoint region
[2021-07-20T13:48:05.157+0000][460.015s][2302588][2302601][info ] Total time for which application threads were stopped: 0.0010845 seconds, Stopping threads took: 0.0001229 seconds
[2021-07-20T13:48:05.433+0000][460.291s][2302588][2302601][info ] Application time: 0.2764832 seconds
[2021-07-20T13:48:05.434+0000][460.292s][2302588][2302601][info ] Entering safepoint region: HandshakeFallback
[2021-07-20T13:48:05.434+0000][460.292s][2302588][2302601][info ] Leaving safepoint region
[2021-07-20T13:48:05.434+0000][460.292s][2302588][2302601][info ] Total time for which application threads were stopped: 0.0006349 seconds, Stopping threads took: 0.0001176 seconds
[2021-07-20T13:48:05.434+0000][460.292s][2302588][2302601][info ] Application time: 0.0002282 seconds
[2021-07-20T13:48:05.435+0000][460.292s][2302588][2302601][info ] Entering safepoint region: HandshakeFallback
[2021-07-20T13:48:05.435+0000][460.293s][2302588][2302601][info ] Leaving safepoint region
[2021-07-20T13:48:05.435+0000][460.293s][2302588][2302601][info ] Total time for which application threads were stopped: 0.0003065 seconds, Stopping threads took: 0.0001079 seconds
[2021-07-20T13:48:05.435+0000][460.293s][2302588][2302600][info ] GC(69) Concurrent marking 277.739ms
[2021-07-20T13:48:05.435+0000][460.293s][2302588][2302601][info ] Application time: 0.0000532 seconds
[2021-07-20T13:48:05.435+0000][460.293s][2302588][2302601][info ] Entering safepoint region: ShenandoahFinalMarkStartEvac
[2021-07-20T13:48:05.436+0000][460.294s][2302588][2302601][info ] GC(69) Pause Final Mark 1.205ms
[2021-07-20T13:48:05.436+0000][460.294s][2302588][2302601][info ] Leaving safepoint region
[2021-07-20T13:48:05.436+0000][460.294s][2302588][2302601][info ] Total time for which application threads were stopped: 0.0014942 seconds, Stopping threads took: 0.0000701 seconds
[2021-07-20T13:48:05.436+0000][460.294s][2302588][2302600][info ] GC(69) Concurrent cleanup 7074M->6314M(8192M) 0.063ms
[2021-07-20T13:48:05.451+0000][460.309s][2302588][2302600][info ] GC(69) Concurrent evacuation 14.303ms
[2021-07-20T13:48:05.451+0000][460.309s][2302588][2302601][info ] Application time: 0.0144611 seconds
[2021-07-20T13:48:05.451+0000][460.309s][2302588][2302601][info ] Entering safepoint region: ShenandoahInitUpdateRefs
[2021-07-20T13:48:05.451+0000][460.309s][2302588][2302601][info ] GC(69) Pause Init Update Refs 0.037ms
[2021-07-20T13:48:05.451+0000][460.309s][2302588][2302601][info ] Leaving safepoint region
[2021-07-20T13:48:05.451+0000][460.309s][2302588][2302601][info ] Total time for which application threads were stopped: 0.0005304 seconds, Stopping threads took: 0.0001333 seconds
[2021-07-20T13:48:05.556+0000][460.414s][2302588][2302600][info ] GC(69) Concurrent update references 104.881ms
[2021-07-20T13:48:05.556+0000][460.414s][2302588][2302601][info ] Application time: 0.1049617 seconds
[2021-07-20T13:48:05.556+0000][460.414s][2302588][2302601][info ] Entering safepoint region: ShenandoahFinalUpdateRefs
[2021-07-20T13:48:05.557+0000][460.415s][2302588][2302601][info ] GC(69) Pause Final Update Refs 0.344ms
[2021-07-20T13:48:05.557+0000][460.415s][2302588][2302601][info ] Leaving safepoint region
[2021-07-20T13:48:05.557+0000][460.415s][2302588][2302601][info ] Total time for which application threads were stopped: 0.0008121 seconds, Stopping threads took: 0.0001287 seconds
[2021-07-20T13:48:05.557+0000][460.415s][2302588][2302600][info ] GC(69) Concurrent cleanup 6402M->618M(8192M) 0.161ms
[2021-07-20T13:48:06.557+0000][461.415s][2302588][2302601][info ] Application time: 1.0000652 seconds
[2021-07-20T13:48:06.557+0000][461.415s][2302588][2302601][info ] Entering safepoint region: Cleanup
[2021-07-20T13:48:06.558+0000][461.416s][2302588][2302601][info ] Leaving safepoint region
[2021-07-20T13:48:06.558+0000][461.416s][2302588][2302601][info ] Total time for which application threads were stopped: 0.0004275 seconds, Stopping threads took: 0.0001166 seconds
[2021-07-20T13:48:07.558+0000][462.416s][2302588][2302601][info ] Application time: 1.0000656 seconds
[2021-07-20T13:48:07.558+0000][462.416s][2302588][2302601][info ] Entering safepoint region: Cleanup
[2021-07-20T13:48:07.558+0000][462.416s][2302588][2302601][info ] Leaving safepoint region
[2021-07-20T13:48:07.558+0000][462.416s][2302588][2302601][info ] Total time for which application threads were stopped: 0.0004396 seconds, Stopping threads took: 0.0001202 seconds
[2021-07-20T13:48:08.558+0000][463.416s][2302588][2302601][info ] Application time: 1.0000671 seconds
[2021-07-20T13:48:08.558+0000][463.416s][2302588][2302601][info ] Entering safepoint region: Cleanup
[2021-07-20T13:48:08.559+0000][463.417s][2302588][2302601][info ] Leaving safepoint region
[2021-07-20T13:48:08.559+0000][463.417s][2302588][2302601][info ] Total time for which application threads were stopped: 0.0004234 seconds, Stopping threads took: 0.0001098 seconds
[2021-07-20T13:48:09.559+0000][464.417s][2302588][2302601][info ] Application time: 1.0000632 seconds
[2021-07-20T13:48:09.559+0000][464.417s][2302588][2302601][info ] Entering safepoint region: Cleanup
[2021-07-20T13:48:09.559+0000][464.417s][2302588][2302601][info ] Leaving safepoint region
[2021-07-20T13:48:09.559+0000][464.417s][2302588][2302601][info ] Total time for which application threads were stopped: 0.0004364 seconds, Stopping threads took: 0.0001055 seconds
[2021-07-20T13:48:10.559+0000][465.417s][2302588][2302601][info ] Application time: 1.0000653 seconds
[2021-07-20T13:48:10.560+0000][465.418s][2302588][2302601][info ] Entering safepoint region: Cleanup
[2021-07-20T13:48:10.560+0000][465.418s][2302588][2302601][info ] Leaving safepoint region
[2021-07-20T13:48:10.560+0000][465.418s][2302588][2302601][info ] Total time for which application threads were stopped: 0.0004367 seconds, Stopping threads took: 0.0001144 seconds
[2021-07-20T13:48:11.560+0000][466.418s][2302588][2302601][info ] Application time: 1.0000617 seconds
[2021-07-20T13:48:11.560+0000][466.418s][2302588][2302601][info ] Entering safepoint region: Cleanup
[2021-07-20T13:48:11.560+0000][466.418s][2302588][2302601][info ] Leaving safepoint region
[2021-07-20T13:48:11.560+0000][466.418s][2302588][2302601][info ] Total time for which application threads were stopped: 0.0004602 seconds, Stopping threads took: 0.0001199 seconds
[2021-07-20T13:48:12.560+0000][467.418s][2302588][2302601][info ] Application time: 1.0000318 seconds
[2021-07-20T13:48:12.561+0000][467.419s][2302588][2302601][info ] Entering safepoint region: Cleanup
[2021-07-20T13:48:12.561+0000][467.419s][2302588][2302601][info ] Leaving safepoint region
[2021-07-20T13:48:12.561+0000][467.419s][2302588][2302601][info ] Total time for which application threads were stopped: 0.0005068 seconds, Stopping threads took: 0.0001323 seconds
[2021-07-20T13:48:13.561+0000][468.419s][2302588][2302601][info ] Application time: 1.0000640 seconds
[2021-07-20T13:48:13.561+0000][468.419s][2302588][2302601][info ] Entering safepoint region: Cleanup
[2021-07-20T13:48:13.562+0000][468.420s][2302588][2302601][info ] Leaving safepoint region
[2021-07-20T13:48:13.562+0000][468.420s][2302588][2302601][info ] Total time for which application threads were stopped: 0.0004370 seconds, Stopping threads took: 0.0001185 seconds
[2021-07-20T13:48:14.562+0000][469.420s][2302588][2302601][info ] Application time: 1.0000649 seconds
[2021-07-20T13:48:14.562+0000][469.420s][2302588][2302601][info ] Entering safepoint region: Cleanup
[2021-07-20T13:48:14.562+0000][469.420s][2302588][2302601][info ] Leaving safepoint region
[2021-07-20T13:48:14.562+0000][469.420s][2302588][2302601][info ] Total time for which application threads were stopped: 0.0004210 seconds, Stopping threads took: 0.0001184 seconds
[2021-07-20T13:48:15.562+0000][470.420s][2302588][2302601][info ] Application time: 1.0000639 seconds
[2021-07-20T13:48:15.562+0000][470.420s][2302588][2302601][info ] Entering safepoint region: Cleanup
[2021-07-20T13:48:15.563+0000][470.421s][2302588][2302601][info ] Leaving safepoint region
[2021-07-20T13:48:15.563+0000][470.421s][2302588][2302601][info ] Total time for which application threads were stopped: 0.0004288 seconds, Stopping threads took: 0.0001143 seconds
[2021-07-20T13:48:16.563+0000][471.421s][2302588][2302601][info ] Application time: 1.0000627 seconds
[2021-07-20T13:48:16.563+0000][471.421s][2302588][2302601][info ] Entering safepoint region: Cleanup
[2021-07-20T13:48:16.563+0000][471.421s][2302588][2302601][info ] Leaving safepoint region
[2021-07-20T13:48:16.563+0000][471.421s][2302588][2302601][info ] Total time for which application threads were stopped: 0.0004425 seconds, Stopping threads took: 0.0001244 seconds
[2021-07-20T13:48:17.563+0000][472.421s][2302588][2302601][info ] Application time: 1.0000374 seconds
[2021-07-20T13:48:17.563+0000][472.421s][2302588][2302601][info ] Entering safepoint region: Cleanup
[2021-07-20T13:48:17.564+0000][472.422s][2302588][2302601][info ] Leaving safepoint region
[2021-07-20T13:48:17.564+0000][472.422s][2302588][2302601][info ] Total time for which application threads were stopped: 0.0004445 seconds, Stopping threads took: 0.0001226 seconds
[2021-07-20T13:48:18.564+0000][473.422s][2302588][2302601][info ] Application time: 1.0000655 seconds
[2021-07-20T13:48:18.564+0000][473.422s][2302588][2302601][info ] Entering safepoint region: Cleanup
[2021-07-20T13:48:18.564+0000][473.422s][2302588][2302601][info ] Leaving safepoint region
[2021-07-20T13:48:18.564+0000][473.422s][2302588][2302601][info ] Total time for which application threads were stopped: 0.0004667 seconds, Stopping threads took: 0.0001315 seconds
[2021-07-20T13:48:19.564+0000][474.422s][2302588][2302601][info ] Application time: 1.0000638 seconds
[2021-07-20T13:48:19.565+0000][474.423s][2302588][2302601][info ] Entering safepoint region: Cleanup
[2021-07-20T13:48:19.565+0000][474.423s][2302588][2302601][info ] Leaving safepoint region
[2021-07-20T13:48:19.565+0000][474.423s][2302588][2302601][info ] Total time for which application threads were stopped: 0.0004263 seconds, Stopping threads took: 0.0001135 seconds
[2021-07-20T13:48:20.565+0000][475.423s][2302588][2302601][info ] Application time: 1.0000679 seconds
[2021-07-20T13:48:20.565+0000][475.423s][2302588][2302601][info ] Entering safepoint region: Cleanup
[2021-07-20T13:48:20.565+0000][475.423s][2302588][2302601][info ] Leaving safepoint region
[2021-07-20T13:48:20.565+0000][475.423s][2302588][2302601][info ] Total time for which application threads were stopped: 0.0004224 seconds, Stopping threads took: 0.0001062 seconds
[2021-07-20T13:48:21.565+0000][476.423s][2302588][2302601][info ] Application time: 1.0000698 seconds
[2021-07-20T13:48:21.566+0000][476.424s][2302588][2302601][info ] Entering safepoint region: Cleanup
[2021-07-20T13:48:21.566+0000][476.424s][2302588][2302601][info ] Leaving safepoint region
[2021-07-20T13:48:21.566+0000][476.424s][2302588][2302601][info ] Total time for which application threads were stopped: 0.0004361 seconds, Stopping threads took: 0.0001180 seconds
[2021-07-20T13:48:22.566+0000][477.424s][2302588][2302601][info ] Application time: 1.0000265 seconds
[2021-07-20T13:48:22.566+0000][477.424s][2302588][2302601][info ] Entering safepoint region: Cleanup
[2021-07-20T13:48:22.566+0000][477.424s][2302588][2302601][info ] Leaving safepoint region
[2021-07-20T13:48:22.566+0000][477.424s][2302588][2302601][info ] Total time for which application threads were stopped: 0.0004594 seconds, Stopping threads took: 0.0001252 seconds
[2021-07-20T13:48:23.567+0000][478.425s][2302588][2302601][info ] Application time: 1.0000784 seconds
[2021-07-20T13:48:23.567+0000][478.425s][2302588][2302601][info ] Entering safepoint region: Cleanup
[2021-07-20T13:48:23.567+0000][478.425s][2302588][2302601][info ] Leaving safepoint region
[2021-07-20T13:48:23.567+0000][478.425s][2302588][2302601][info ] Total time for which application threads were stopped: 0.0004493 seconds, Stopping threads took: 0.0001080 seconds
[2021-07-20T13:48:23.796+0000][478.654s][2302588][2302600][info ] Trigger: Free (817M) is below minimum threshold (819M)
[2021-07-20T13:48:23.801+0000][478.659s][2302588][2302600][info ] GC(70) Concurrent reset 4.490ms
[2021-07-20T13:48:23.801+0000][478.659s][2302588][2302601][info ] Application time: 0.2338441 seconds
[2021-07-20T13:48:23.801+0000][478.659s][2302588][2302601][info ] Entering safepoint region: ShenandoahInitMark
[2021-07-20T13:48:23.802+0000][478.660s][2302588][2302601][info ] GC(70) Pause Init Mark (process weakrefs) 0.574ms
[2021-07-20T13:48:23.802+0000][478.660s][2302588][2302601][info ] Leaving safepoint region
[2021-07-20T13:48:23.802+0000][478.660s][2302588][2302601][info ] Total time for which application threads were stopped: 0.0010477 seconds, Stopping threads took: 0.0001198 seconds
[2021-07-20T13:48:24.053+0000][478.911s][2302588][2302601][info ] Application time: 0.2514843 seconds
[2021-07-20T13:48:24.054+0000][478.912s][2302588][2302601][info ] Entering safepoint region: HandshakeFallback
[2021-07-20T13:48:24.054+0000][478.912s][2302588][2302601][info ] Leaving safepoint region
[2021-07-20T13:48:24.054+0000][478.912s][2302588][2302601][info ] Total time for which application threads were stopped: 0.0005070 seconds, Stopping threads took: 0.0001098 seconds
[2021-07-20T13:48:24.054+0000][478.912s][2302588][2302601][info ] Application time: 0.0001672 seconds
[2021-07-20T13:48:24.054+0000][478.912s][2302588][2302601][info ] Entering safepoint region: HandshakeFallback
[2021-07-20T13:48:24.054+0000][478.912s][2302588][2302601][info ] Leaving safepoint region
[2021-07-20T13:48:24.054+0000][478.912s][2302588][2302601][info ] Total time for which application threads were stopped: 0.0002753 seconds, Stopping threads took: 0.0000974 seconds
[2021-07-20T13:48:24.055+0000][478.912s][2302588][2302600][info ] GC(70) Concurrent marking (process weakrefs) 252.526ms
[2021-07-20T13:48:24.055+0000][478.913s][2302588][2302600][info ] GC(70) Concurrent precleaning 0.644ms
[2021-07-20T13:48:24.055+0000][478.913s][2302588][2302601][info ] Application time: 0.0007106 seconds
[2021-07-20T13:48:24.055+0000][478.913s][2302588][2302601][info ] Entering safepoint region: ShenandoahFinalMarkStartEvac
[2021-07-20T13:48:24.057+0000][478.914s][2302588][2302601][info ] GC(70) Pause Final Mark (process weakrefs) 1.078ms
[2021-07-20T13:48:24.057+0000][478.915s][2302588][2302601][info ] Leaving safepoint region
[2021-07-20T13:48:24.057+0000][478.915s][2302588][2302601][info ] Total time for which application threads were stopped: 0.0013461 seconds, Stopping threads took: 0.0000682 seconds
[2021-07-20T13:48:24.057+0000][478.915s][2302588][2302600][info ] GC(70) Concurrent cleanup 7067M->6087M(8192M) 0.066ms
[2021-07-20T13:48:24.071+0000][478.929s][2302588][2302600][info ] GC(70) Concurrent evacuation 14.619ms
[2021-07-20T13:48:24.071+0000][478.929s][2302588][2302601][info ] Application time: 0.0147837 seconds
[2021-07-20T13:48:24.072+0000][478.929s][2302588][2302601][info ] Entering safepoint region: ShenandoahInitUpdateRefs
[2021-07-20T13:48:24.072+0000][478.930s][2302588][2302601][info ] GC(70) Pause Init Update Refs 0.034ms
[2021-07-20T13:48:24.072+0000][478.930s][2302588][2302601][info ] Leaving safepoint region
[2021-07-20T13:48:24.072+0000][478.930s][2302588][2302601][info ] Total time for which application threads were stopped: 0.0005067 seconds, Stopping threads took: 0.0001369 seconds
[2021-07-20T13:48:24.173+0000][479.031s][2302588][2302600][info ] GC(70) Concurrent update references 101.358ms
[2021-07-20T13:48:24.173+0000][479.031s][2302588][2302601][info ] Application time: 0.1014588 seconds
[2021-07-20T13:48:24.174+0000][479.031s][2302588][2302601][info ] Entering safepoint region: ShenandoahFinalUpdateRefs
[2021-07-20T13:48:24.174+0000][479.032s][2302588][2302601][info ] GC(70) Pause Final Update Refs 0.337ms
[2021-07-20T13:48:24.174+0000][479.032s][2302588][2302601][info ] Leaving safepoint region
[2021-07-20T13:48:24.174+0000][479.032s][2302588][2302601][info ] Total time for which application threads were stopped: 0.0008217 seconds, Stopping threads took: 0.0001283 seconds
[2021-07-20T13:48:24.174+0000][479.032s][2302588][2302600][info ] GC(70) Concurrent cleanup 6170M->606M(8192M) 0.180ms
[2021-07-20T13:48:25.174+0000][480.032s][2302588][2302601][info ] Application time: 1.0000753 seconds
[2021-07-20T13:48:25.174+0000][480.032s][2302588][2302601][info ] Entering safepoint region: Cleanup
[2021-07-20T13:48:25.175+0000][480.033s][2302588][2302601][info ] Leaving safepoint region
[2021-07-20T13:48:25.175+0000][480.033s][2302588][2302601][info ] Total time for which application threads were stopped: 0.0004549 seconds, Stopping threads took: 0.0001214 seconds
[2021-07-20T13:48:26.175+0000][481.033s][2302588][2302601][info ] Application time: 1.0000823 seconds
[2021-07-20T13:48:26.175+0000][481.033s][2302588][2302601][info ] Entering safepoint region: Cleanup
[2021-07-20T13:48:26.175+0000][481.033s][2302588][2302601][info ] Leaving safepoint region
[2021-07-20T13:48:26.175+0000][481.033s][2302588][2302601][info ] Total time for which application threads were stopped: 0.0004421 seconds, Stopping threads took: 0.0000997 seconds
[2021-07-20T13:48:27.175+0000][482.033s][2302588][2302601][info ] Application time: 1.0000474 seconds
[2021-07-20T13:48:27.176+0000][482.034s][2302588][2302601][info ] Entering safepoint region: Cleanup
[2021-07-20T13:48:27.176+0000][482.034s][2302588][2302601][info ] Leaving safepoint region
[2021-07-20T13:48:27.176+0000][482.034s][2302588][2302601][info ] Total time for which application threads were stopped: 0.0004681 seconds, Stopping threads took: 0.0001289 seconds
[2021-07-20T13:48:28.176+0000][483.034s][2302588][2302601][info ] Application time: 1.0000652 seconds
[2021-07-20T13:48:28.176+0000][483.034s][2302588][2302601][info ] Entering safepoint region: Cleanup
[2021-07-20T13:48:28.176+0000][483.034s][2302588][2302601][info ] Leaving safepoint region
[2021-07-20T13:48:28.176+0000][483.034s][2302588][2302601][info ] Total time for which application threads were stopped: 0.0004559 seconds, Stopping threads took: 0.0001251 seconds
[2021-07-20T13:48:29.177+0000][484.035s][2302588][2302601][info ] Application time: 1.0000634 seconds
[2021-07-20T13:48:29.177+0000][484.035s][2302588][2302601][info ] Entering safepoint region: Cleanup
[2021-07-20T13:48:29.177+0000][484.035s][2302588][2302601][info ] Leaving safepoint region
[2021-07-20T13:48:29.177+0000][484.035s][2302588][2302601][info ] Total time for which application threads were stopped: 0.0004510 seconds, Stopping threads took: 0.0001248 seconds
[2021-07-20T13:48:30.177+0000][485.035s][2302588][2302601][info ] Application time: 1.0000633 seconds
[2021-07-20T13:48:30.177+0000][485.035s][2302588][2302601][info ] Entering safepoint region: Cleanup
[2021-07-20T13:48:30.178+0000][485.036s][2302588][2302601][info ] Leaving safepoint region
[2021-07-20T13:48:30.178+0000][485.036s][2302588][2302601][info ] Total time for which application threads were stopped: 0.0004375 seconds, Stopping threads took: 0.0001257 seconds
[2021-07-20T13:48:31.178+0000][486.036s][2302588][2302601][info ] Application time: 1.0000666 seconds
[2021-07-20T13:48:31.178+0000][486.036s][2302588][2302601][info ] Entering safepoint region: Cleanup
[2021-07-20T13:48:31.178+0000][486.036s][2302588][2302601][info ] Leaving safepoint region
[2021-07-20T13:48:31.178+0000][486.036s][2302588][2302601][info ] Total time for which application threads were stopped: 0.0004346 seconds, Stopping threads took: 0.0001265 seconds
[2021-07-20T13:48:32.178+0000][487.036s][2302588][2302601][info ] Application time: 1.0000724 seconds
[2021-07-20T13:48:32.178+0000][487.036s][2302588][2302601][info ] Entering safepoint region: Cleanup
[2021-07-20T13:48:32.179+0000][487.037s][2302588][2302601][info ] Leaving safepoint region
[2021-07-20T13:48:32.179+0000][487.037s][2302588][2302601][info ] Total time for which application threads were stopped: 0.0004420 seconds, Stopping threads took: 0.0001209 seconds
[2021-07-20T13:48:33.179+0000][488.037s][2302588][2302601][info ] Application time: 1.0000691 seconds
[2021-07-20T13:48:33.179+0000][488.037s][2302588][2302601][info ] Entering safepoint region: Cleanup
[2021-07-20T13:48:33.179+0000][488.037s][2302588][2302601][info ] Leaving safepoint region
[2021-07-20T13:48:33.179+0000][488.037s][2302588][2302601][info ] Total time for which application threads were stopped: 0.0004327 seconds, Stopping threads took: 0.0001074 seconds
[2021-07-20T13:48:34.179+0000][489.037s][2302588][2302601][info ] Application time: 1.0000683 seconds
[2021-07-20T13:48:34.180+0000][489.037s][2302588][2302601][info ] Entering safepoint region: Cleanup
[2021-07-20T13:48:34.180+0000][489.038s][2302588][2302601][info ] Leaving safepoint region
[2021-07-20T13:48:34.180+0000][489.038s][2302588][2302601][info ] Total time for which application threads were stopped: 0.0004322 seconds, Stopping threads took: 0.0001184 seconds
[2021-07-20T13:48:35.180+0000][490.038s][2302588][2302601][info ] Application time: 1.0000642 seconds
[2021-07-20T13:48:35.180+0000][490.038s][2302588][2302601][info ] Entering safepoint region: Cleanup
[2021-07-20T13:48:35.180+0000][490.038s][2302588][2302601][info ] Leaving safepoint region
[2021-07-20T13:48:35.180+0000][490.038s][2302588][2302601][info ] Total time for which application threads were stopped: 0.0004280 seconds, Stopping threads took: 0.0001192 seconds
[2021-07-20T13:48:36.180+0000][491.038s][2302588][2302601][info ] Application time: 1.0000659 seconds
[2021-07-20T13:48:36.181+0000][491.039s][2302588][2302601][info ] Entering safepoint region: Cleanup
[2021-07-20T13:48:36.181+0000][491.039s][2302588][2302601][info ] Leaving safepoint region
[2021-07-20T13:48:36.181+0000][491.039s][2302588][2302601][info ] Total time for which application threads were stopped: 0.0004258 seconds, Stopping threads took: 0.0001189 seconds
[2021-07-20T13:48:37.181+0000][492.039s][2302588][2302601][info ] Application time: 1.0000606 seconds
[2021-07-20T13:48:37.181+0000][492.039s][2302588][2302601][info ] Entering safepoint region: Cleanup
[2021-07-20T13:48:37.181+0000][492.039s][2302588][2302601][info ] Leaving safepoint region
[2021-07-20T13:48:37.181+0000][492.039s][2302588][2302601][info ] Total time for which application threads were stopped: 0.0004384 seconds, Stopping threads took: 0.0001134 seconds
[2021-07-20T13:48:38.182+0000][493.040s][2302588][2302601][info ] Application time: 1.0000655 seconds
[2021-07-20T13:48:38.182+0000][493.040s][2302588][2302601][info ] Entering safepoint region: Cleanup
[2021-07-20T13:48:38.182+0000][493.040s][2302588][2302601][info ] Leaving safepoint region
[2021-07-20T13:48:38.182+0000][493.040s][2302588][2302601][info ] Total time for which application threads were stopped: 0.0004221 seconds, Stopping threads took: 0.0001031 seconds
[2021-07-20T13:48:39.182+0000][494.040s][2302588][2302601][info ] Application time: 1.0000630 seconds
[2021-07-20T13:48:39.182+0000][494.040s][2302588][2302601][info ] Entering safepoint region: Cleanup
[2021-07-20T13:48:39.183+0000][494.041s][2302588][2302601][info ] Leaving safepoint region
[2021-07-20T13:48:39.183+0000][494.041s][2302588][2302601][info ] Total time for which application threads were stopped: 0.0004514 seconds, Stopping threads took: 0.0001328 seconds
[2021-07-20T13:48:40.183+0000][495.041s][2302588][2302601][info ] Application time: 1.0000830 seconds
[2021-07-20T13:48:40.183+0000][495.041s][2302588][2302601][info ] Entering safepoint region: Cleanup
[2021-07-20T13:48:40.183+0000][495.041s][2302588][2302601][info ] Leaving safepoint region
[2021-07-20T13:48:40.183+0000][495.041s][2302588][2302601][info ] Total time for which application threads were stopped: 0.0004244 seconds, Stopping threads took: 0.0001068 seconds
[2021-07-20T13:48:41.183+0000][496.041s][2302588][2302601][info ] Application time: 1.0000635 seconds
[2021-07-20T13:48:41.183+0000][496.041s][2302588][2302601][info ] Entering safepoint region: Cleanup
[2021-07-20T13:48:41.184+0000][496.042s][2302588][2302601][info ] Leaving safepoint region
[2021-07-20T13:48:41.184+0000][496.042s][2302588][2302601][info ] Total time for which application threads were stopped: 0.0004222 seconds, Stopping threads took: 0.0001104 seconds
[2021-07-20T13:48:42.184+0000][497.042s][2302588][2302601][info ] Application time: 1.0000401 seconds
[2021-07-20T13:48:42.184+0000][497.042s][2302588][2302601][info ] Entering safepoint region: Cleanup
[2021-07-20T13:48:42.184+0000][497.042s][2302588][2302601][info ] Leaving safepoint region
[2021-07-20T13:48:42.184+0000][497.042s][2302588][2302601][info ] Total time for which application threads were stopped: 0.0004789 seconds, Stopping threads took: 0.0001255 seconds
[2021-07-20T13:48:42.422+0000][497.280s][2302588][2302600][info ] Trigger: Free (816M) is below minimum threshold (819M)
[2021-07-20T13:48:42.427+0000][497.285s][2302588][2302600][info ] GC(71) Concurrent reset 4.368ms
[2021-07-20T13:48:42.427+0000][497.285s][2302588][2302601][info ] Application time: 0.2424571 seconds
[2021-07-20T13:48:42.427+0000][497.285s][2302588][2302601][info ] Entering safepoint region: ShenandoahInitMark
[2021-07-20T13:48:42.428+0000][497.286s][2302588][2302601][info ] GC(71) Pause Init Mark 0.581ms
[2021-07-20T13:48:42.428+0000][497.286s][2302588][2302601][info ] Leaving safepoint region
[2021-07-20T13:48:42.428+0000][497.286s][2302588][2302601][info ] Total time for which application threads were stopped: 0.0010583 seconds, Stopping threads took: 0.0001245 seconds
[2021-07-20T13:48:42.678+0000][497.536s][2302588][2302601][info ] Application time: 0.2497451 seconds
[2021-07-20T13:48:42.678+0000][497.536s][2302588][2302601][info ] Entering safepoint region: HandshakeFallback
[2021-07-20T13:48:42.678+0000][497.536s][2302588][2302601][info ] Leaving safepoint region
[2021-07-20T13:48:42.678+0000][497.536s][2302588][2302601][info ] Total time for which application threads were stopped: 0.0005782 seconds, Stopping threads took: 0.0001245 seconds
[2021-07-20T13:48:42.678+0000][497.536s][2302588][2302601][info ] Application time: 0.0002321 seconds
[2021-07-20T13:48:42.679+0000][497.537s][2302588][2302601][info ] Entering safepoint region: HandshakeFallback
[2021-07-20T13:48:42.679+0000][497.537s][2302588][2302601][info ] Leaving safepoint region
[2021-07-20T13:48:42.679+0000][497.537s][2302588][2302601][info ] Total time for which application threads were stopped: 0.0003290 seconds, Stopping threads took: 0.0001155 seconds
[2021-07-20T13:48:42.679+0000][497.537s][2302588][2302600][info ] GC(71) Concurrent marking 250.988ms
[2021-07-20T13:48:42.679+0000][497.537s][2302588][2302601][info ] Application time: 0.0000455 seconds
[2021-07-20T13:48:42.679+0000][497.537s][2302588][2302601][info ] Entering safepoint region: ShenandoahFinalMarkStartEvac
[2021-07-20T13:48:42.680+0000][497.538s][2302588][2302601][info ] GC(71) Pause Final Mark 1.140ms
[2021-07-20T13:48:42.680+0000][497.538s][2302588][2302601][info ] Leaving safepoint region
[2021-07-20T13:48:42.680+0000][497.538s][2302588][2302601][info ] Total time for which application threads were stopped: 0.0013986 seconds, Stopping threads took: 0.0000520 seconds
[2021-07-20T13:48:42.680+0000][497.538s][2302588][2302600][info ] GC(71) Concurrent cleanup 7071M->6419M(8192M) 0.053ms
[2021-07-20T13:48:42.695+0000][497.553s][2302588][2302600][info ] GC(71) Concurrent evacuation 14.644ms
[2021-07-20T13:48:42.695+0000][497.553s][2302588][2302601][info ] Application time: 0.0147926 seconds
[2021-07-20T13:48:42.695+0000][497.553s][2302588][2302601][info ] Entering safepoint region: ShenandoahInitUpdateRefs
[2021-07-20T13:48:42.696+0000][497.554s][2302588][2302601][info ] GC(71) Pause Init Update Refs 0.037ms
[2021-07-20T13:48:42.696+0000][497.554s][2302588][2302601][info ] Leaving safepoint region
[2021-07-20T13:48:42.696+0000][497.554s][2302588][2302601][info ] Total time for which application threads were stopped: 0.0005049 seconds, Stopping threads took: 0.0001153 seconds
[2021-07-20T13:48:42.813+0000][497.671s][2302588][2302600][info ] GC(71) Concurrent update references 117.051ms
[2021-07-20T13:48:42.813+0000][497.671s][2302588][2302601][info ] Application time: 0.1171205 seconds
[2021-07-20T13:48:42.813+0000][497.671s][2302588][2302601][info ] Entering safepoint region: ShenandoahFinalUpdateRefs
[2021-07-20T13:48:42.813+0000][497.671s][2302588][2302601][info ] GC(71) Pause Final Update Refs 0.337ms
[2021-07-20T13:48:42.814+0000][497.671s][2302588][2302601][info ] Leaving safepoint region
[2021-07-20T13:48:42.814+0000][497.671s][2302588][2302601][info ] Total time for which application threads were stopped: 0.0008048 seconds, Stopping threads took: 0.0001294 seconds
[2021-07-20T13:48:42.814+0000][497.672s][2302588][2302600][info ] GC(71) Concurrent cleanup 6503M->603M(8192M) 0.167ms
[2021-07-20T13:48:43.814+0000][498.672s][2302588][2302601][info ] Application time: 1.0000724 seconds
[2021-07-20T13:48:43.814+0000][498.672s][2302588][2302601][info ] Entering safepoint region: Cleanup
[2021-07-20T13:48:43.814+0000][498.672s][2302588][2302601][info ] Leaving safepoint region
[2021-07-20T13:48:43.814+0000][498.672s][2302588][2302601][info ] Total time for which application threads were stopped: 0.0004356 seconds, Stopping threads took: 0.0001099 seconds
[2021-07-20T13:48:44.814+0000][499.672s][2302588][2302601][info ] Application time: 1.0000570 seconds
[2021-07-20T13:48:44.814+0000][499.672s][2302588][2302601][info ] Entering safepoint region: Cleanup
[2021-07-20T13:48:44.815+0000][499.673s][2302588][2302601][info ] Leaving safepoint region
[2021-07-20T13:48:44.815+0000][499.673s][2302588][2302601][info ] Total time for which application threads were stopped: 0.0004308 seconds, Stopping threads took: 0.0001199 seconds
[2021-07-20T13:48:45.815+0000][500.673s][2302588][2302601][info ] Application time: 1.0000635 seconds
[2021-07-20T13:48:45.815+0000][500.673s][2302588][2302601][info ] Entering safepoint region: Cleanup
[2021-07-20T13:48:45.815+0000][500.673s][2302588][2302601][info ] Leaving safepoint region
[2021-07-20T13:48:45.815+0000][500.673s][2302588][2302601][info ] Total time for which application threads were stopped: 0.0004305 seconds, Stopping threads took: 0.0001090 seconds
[2021-07-20T13:48:46.815+0000][501.673s][2302588][2302601][info ] Application time: 1.0000641 seconds
[2021-07-20T13:48:46.815+0000][501.673s][2302588][2302601][info ] Entering safepoint region: Cleanup
[2021-07-20T13:48:46.816+0000][501.674s][2302588][2302601][info ] Leaving safepoint region
[2021-07-20T13:48:46.816+0000][501.674s][2302588][2302601][info ] Total time for which application threads were stopped: 0.0004314 seconds, Stopping threads took: 0.0001181 seconds
[2021-07-20T13:48:47.816+0000][502.674s][2302588][2302601][info ] Application time: 1.0000624 seconds
[2021-07-20T13:48:47.816+0000][502.674s][2302588][2302601][info ] Entering safepoint region: Cleanup
[2021-07-20T13:48:47.816+0000][502.674s][2302588][2302601][info ] Leaving safepoint region
[2021-07-20T13:48:47.816+0000][502.674s][2302588][2302601][info ] Total time for which application threads were stopped: 0.0004370 seconds, Stopping threads took: 0.0001170 seconds
[2021-07-20T13:48:48.816+0000][503.674s][2302588][2302601][info ] Application time: 1.0000649 seconds
[2021-07-20T13:48:48.816+0000][503.674s][2302588][2302601][info ] Entering safepoint region: Cleanup
[2021-07-20T13:48:48.817+0000][503.675s][2302588][2302601][info ] Leaving safepoint region
[2021-07-20T13:48:48.817+0000][503.675s][2302588][2302601][info ] Total time for which application threads were stopped: 0.0004290 seconds, Stopping threads took: 0.0001147 seconds
[2021-07-20T13:48:49.817+0000][504.675s][2302588][2302601][info ] Application time: 1.0000676 seconds
[2021-07-20T13:48:49.817+0000][504.675s][2302588][2302601][info ] Entering safepoint region: Cleanup
[2021-07-20T13:48:49.817+0000][504.675s][2302588][2302601][info ] Leaving safepoint region
[2021-07-20T13:48:49.817+0000][504.675s][2302588][2302601][info ] Total time for which application threads were stopped: 0.0004658 seconds, Stopping threads took: 0.0001232 seconds
[2021-07-20T13:48:50.817+0000][505.675s][2302588][2302601][info ] Application time: 1.0000654 seconds
[2021-07-20T13:48:50.818+0000][505.676s][2302588][2302601][info ] Entering safepoint region: Cleanup
[2021-07-20T13:48:50.818+0000][505.676s][2302588][2302601][info ] Leaving safepoint region
[2021-07-20T13:48:50.818+0000][505.676s][2302588][2302601][info ] Total time for which application threads were stopped: 0.0004670 seconds, Stopping threads took: 0.0001322 seconds
[2021-07-20T13:48:51.818+0000][506.676s][2302588][2302601][info ] Application time: 1.0000624 seconds
[2021-07-20T13:48:51.818+0000][506.676s][2302588][2302601][info ] Entering safepoint region: Cleanup
[2021-07-20T13:48:51.819+0000][506.676s][2302588][2302601][info ] Leaving safepoint region
[2021-07-20T13:48:51.819+0000][506.677s][2302588][2302601][info ] Total time for which application threads were stopped: 0.0004426 seconds, Stopping threads took: 0.0001131 seconds
[2021-07-20T13:48:52.819+0000][507.677s][2302588][2302601][info ] Application time: 1.0000636 seconds
[2021-07-20T13:48:52.819+0000][507.677s][2302588][2302601][info ] Entering safepoint region: Cleanup
[2021-07-20T13:48:52.819+0000][507.677s][2302588][2302601][info ] Leaving safepoint region
[2021-07-20T13:48:52.819+0000][507.677s][2302588][2302601][info ] Total time for which application threads were stopped: 0.0004555 seconds, Stopping threads took: 0.0001221 seconds
[2021-07-20T13:48:53.819+0000][508.677s][2302588][2302601][info ] Application time: 1.0000636 seconds
[2021-07-20T13:48:53.819+0000][508.677s][2302588][2302601][info ] Entering safepoint region: Cleanup
[2021-07-20T13:48:53.820+0000][508.678s][2302588][2302601][info ] Leaving safepoint region
[2021-07-20T13:48:53.820+0000][508.678s][2302588][2302601][info ] Total time for which application threads were stopped: 0.0004758 seconds, Stopping threads took: 0.0001471 seconds
[2021-07-20T13:48:54.820+0000][509.678s][2302588][2302601][info ] Application time: 1.0000658 seconds
[2021-07-20T13:48:54.820+0000][509.678s][2302588][2302601][info ] Entering safepoint region: Cleanup
[2021-07-20T13:48:54.820+0000][509.678s][2302588][2302601][info ] Leaving safepoint region
[2021-07-20T13:48:54.820+0000][509.678s][2302588][2302601][info ] Total time for which application threads were stopped: 0.0004424 seconds, Stopping threads took: 0.0001146 seconds
[2021-07-20T13:48:55.820+0000][510.678s][2302588][2302601][info ] Application time: 1.0000668 seconds
[2021-07-20T13:48:55.820+0000][510.678s][2302588][2302601][info ] Entering safepoint region: Cleanup
[2021-07-20T13:48:55.821+0000][510.679s][2302588][2302601][info ] Leaving safepoint region
[2021-07-20T13:48:55.821+0000][510.679s][2302588][2302601][info ] Total time for which application threads were stopped: 0.0004205 seconds, Stopping threads took: 0.0001092 seconds
[2021-07-20T13:48:56.821+0000][511.679s][2302588][2302601][info ] Application time: 1.0000661 seconds
[2021-07-20T13:48:56.821+0000][511.679s][2302588][2302601][info ] Entering safepoint region: Cleanup
[2021-07-20T13:48:56.821+0000][511.679s][2302588][2302601][info ] Leaving safepoint region
[2021-07-20T13:48:56.821+0000][511.679s][2302588][2302601][info ] Total time for which application threads were stopped: 0.0004473 seconds, Stopping threads took: 0.0001220 seconds
[2021-07-20T13:48:57.821+0000][512.679s][2302588][2302601][info ] Application time: 1.0000640 seconds
[2021-07-20T13:48:57.822+0000][512.680s][2302588][2302601][info ] Entering safepoint region: Cleanup
[2021-07-20T13:48:57.822+0000][512.680s][2302588][2302601][info ] Leaving safepoint region
[2021-07-20T13:48:57.822+0000][512.680s][2302588][2302601][info ] Total time for which application threads were stopped: 0.0004309 seconds, Stopping threads took: 0.0001180 seconds
[2021-07-20T13:48:58.822+0000][513.680s][2302588][2302601][info ] Application time: 1.0000661 seconds
[2021-07-20T13:48:58.822+0000][513.680s][2302588][2302601][info ] Entering safepoint region: Cleanup
[2021-07-20T13:48:58.822+0000][513.680s][2302588][2302601][info ] Leaving safepoint region
[2021-07-20T13:48:58.822+0000][513.680s][2302588][2302601][info ] Total time for which application threads were stopped: 0.0004477 seconds, Stopping threads took: 0.0001194 seconds
[2021-07-20T13:48:59.823+0000][514.680s][2302588][2302601][info ] Application time: 1.0000310 seconds
[2021-07-20T13:48:59.823+0000][514.681s][2302588][2302601][info ] Entering safepoint region: Cleanup
[2021-07-20T13:48:59.823+0000][514.681s][2302588][2302601][info ] Leaving safepoint region
[2021-07-20T13:48:59.823+0000][514.681s][2302588][2302601][info ] Total time for which application threads were stopped: 0.0005896 seconds, Stopping threads took: 0.0001312 seconds
[2021-07-20T13:49:00.823+0000][515.681s][2302588][2302601][info ] Application time: 1.0000624 seconds
[2021-07-20T13:49:00.823+0000][515.681s][2302588][2302601][info ] Entering safepoint region: Cleanup
[2021-07-20T13:49:00.824+0000][515.682s][2302588][2302601][info ] Leaving safepoint region
[2021-07-20T13:49:00.824+0000][515.682s][2302588][2302601][info ] Total time for which application threads were stopped: 0.0005087 seconds, Stopping threads took: 0.0001360 seconds
[2021-07-20T13:49:01.060+0000][515.918s][2302588][2302600][info ] Trigger: Free (817M) is below minimum threshold (819M)
[2021-07-20T13:49:01.064+0000][515.922s][2302588][2302600][info ] GC(72) Concurrent reset 4.610ms
[2021-07-20T13:49:01.064+0000][515.922s][2302588][2302601][info ] Application time: 0.2405690 seconds
[2021-07-20T13:49:01.064+0000][515.922s][2302588][2302601][info ] Entering safepoint region: ShenandoahInitMark
[2021-07-20T13:49:01.065+0000][515.923s][2302588][2302601][info ] GC(72) Pause Init Mark 0.606ms
[2021-07-20T13:49:01.065+0000][515.923s][2302588][2302601][info ] Leaving safepoint region
[2021-07-20T13:49:01.065+0000][515.923s][2302588][2302601][info ] Total time for which application threads were stopped: 0.0010981 seconds, Stopping threads took: 0.0001267 seconds
[2021-07-20T13:49:01.316+0000][516.174s][2302588][2302601][info ] Application time: 0.2501718 seconds
[2021-07-20T13:49:01.316+0000][516.174s][2302588][2302601][info ] Entering safepoint region: HandshakeFallback
[2021-07-20T13:49:01.316+0000][516.174s][2302588][2302601][info ] Leaving safepoint region
[2021-07-20T13:49:01.316+0000][516.174s][2302588][2302601][info ] Total time for which application threads were stopped: 0.0006134 seconds, Stopping threads took: 0.0001227 seconds
[2021-07-20T13:49:01.316+0000][516.174s][2302588][2302601][info ] Application time: 0.0001842 seconds
[2021-07-20T13:49:01.317+0000][516.175s][2302588][2302601][info ] Entering safepoint region: HandshakeFallback
[2021-07-20T13:49:01.317+0000][516.175s][2302588][2302601][info ] Leaving safepoint region
[2021-07-20T13:49:01.317+0000][516.175s][2302588][2302601][info ] Total time for which application threads were stopped: 0.0002634 seconds, Stopping threads took: 0.0000758 seconds
[2021-07-20T13:49:01.317+0000][516.175s][2302588][2302600][info ] GC(72) Concurrent marking 251.304ms
[2021-07-20T13:49:01.317+0000][516.175s][2302588][2302601][info ] Application time: 0.0000544 seconds
[2021-07-20T13:49:01.317+0000][516.175s][2302588][2302601][info ] Entering safepoint region: ShenandoahFinalMarkStartEvac
[2021-07-20T13:49:01.318+0000][516.176s][2302588][2302601][info ] GC(72) Pause Final Mark 1.133ms
[2021-07-20T13:49:01.318+0000][516.176s][2302588][2302601][info ] Leaving safepoint region
[2021-07-20T13:49:01.318+0000][516.176s][2302588][2302601][info ] Total time for which application threads were stopped: 0.0014390 seconds, Stopping threads took: 0.0000834 seconds
[2021-07-20T13:49:01.318+0000][516.176s][2302588][2302600][info ] GC(72) Concurrent cleanup 7074M->6090M(8192M) 0.063ms
[2021-07-20T13:49:01.332+0000][516.190s][2302588][2302600][info ] GC(72) Concurrent evacuation 13.365ms
[2021-07-20T13:49:01.332+0000][516.190s][2302588][2302601][info ] Application time: 0.0135326 seconds
[2021-07-20T13:49:01.332+0000][516.190s][2302588][2302601][info ] Entering safepoint region: ShenandoahInitUpdateRefs
[2021-07-20T13:49:01.332+0000][516.190s][2302588][2302601][info ] GC(72) Pause Init Update Refs 0.037ms
[2021-07-20T13:49:01.332+0000][516.190s][2302588][2302601][info ] Leaving safepoint region
[2021-07-20T13:49:01.332+0000][516.190s][2302588][2302601][info ] Total time for which application threads were stopped: 0.0005218 seconds, Stopping threads took: 0.0001260 seconds
[2021-07-20T13:49:01.435+0000][516.293s][2302588][2302600][info ] GC(72) Concurrent update references 102.602ms
[2021-07-20T13:49:01.435+0000][516.293s][2302588][2302601][info ] Application time: 0.1026748 seconds
[2021-07-20T13:49:01.435+0000][516.293s][2302588][2302601][info ] Entering safepoint region: ShenandoahFinalUpdateRefs
[2021-07-20T13:49:01.436+0000][516.294s][2302588][2302601][info ] GC(72) Pause Final Update Refs 0.341ms
[2021-07-20T13:49:01.436+0000][516.294s][2302588][2302601][info ] Leaving safepoint region
[2021-07-20T13:49:01.436+0000][516.294s][2302588][2302601][info ] Total time for which application threads were stopped: 0.0008138 seconds, Stopping threads took: 0.0001222 seconds
[2021-07-20T13:49:01.436+0000][516.294s][2302588][2302600][info ] GC(72) Concurrent cleanup 6162M->614M(8192M) 0.184ms
[2021-07-20T13:49:02.436+0000][517.294s][2302588][2302601][info ] Application time: 1.0000651 seconds
[2021-07-20T13:49:02.436+0000][517.294s][2302588][2302601][info ] Entering safepoint region: Cleanup
[2021-07-20T13:49:02.436+0000][517.294s][2302588][2302601][info ] Leaving safepoint region
[2021-07-20T13:49:02.436+0000][517.294s][2302588][2302601][info ] Total time for which application threads were stopped: 0.0004486 seconds, Stopping threads took: 0.0001283 seconds
[2021-07-20T13:49:03.437+0000][518.294s][2302588][2302601][info ] Application time: 1.0000628 seconds
[2021-07-20T13:49:03.437+0000][518.295s][2302588][2302601][info ] Entering safepoint region: Cleanup
[2021-07-20T13:49:03.437+0000][518.295s][2302588][2302601][info ] Leaving safepoint region
[2021-07-20T13:49:03.437+0000][518.295s][2302588][2302601][info ] Total time for which application threads were stopped: 0.0004201 seconds, Stopping threads took: 0.0001101 seconds
[2021-07-20T13:49:04.437+0000][519.295s][2302588][2302601][info ] Application time: 1.0000693 seconds
[2021-07-20T13:49:04.437+0000][519.295s][2302588][2302601][info ] Entering safepoint region: Cleanup
[2021-07-20T13:49:04.438+0000][519.295s][2302588][2302601][info ] Leaving safepoint region
[2021-07-20T13:49:04.438+0000][519.295s][2302588][2302601][info ] Total time for which application threads were stopped: 0.0004433 seconds, Stopping threads took: 0.0001217 seconds
[2021-07-20T13:49:05.438+0000][520.296s][2302588][2302601][info ] Application time: 1.0000627 seconds
[2021-07-20T13:49:05.438+0000][520.296s][2302588][2302601][info ] Entering safepoint region: Cleanup
[2021-07-20T13:49:05.438+0000][520.296s][2302588][2302601][info ] Leaving safepoint region
[2021-07-20T13:49:05.438+0000][520.296s][2302588][2302601][info ] Total time for which application threads were stopped: 0.0004131 seconds, Stopping threads took: 0.0001085 seconds
[2021-07-20T13:49:06.438+0000][521.296s][2302588][2302601][info ] Application time: 1.0000693 seconds
[2021-07-20T13:49:06.438+0000][521.296s][2302588][2302601][info ] Entering safepoint region: Cleanup
[2021-07-20T13:49:06.439+0000][521.297s][2302588][2302601][info ] Leaving safepoint region
[2021-07-20T13:49:06.439+0000][521.297s][2302588][2302601][info ] Total time for which application threads were stopped: 0.0004274 seconds, Stopping threads took: 0.0001146 seconds
[2021-07-20T13:49:07.439+0000][522.297s][2302588][2302601][info ] Application time: 1.0000243 seconds
[2021-07-20T13:49:07.439+0000][522.297s][2302588][2302601][info ] Entering safepoint region: Cleanup
[2021-07-20T13:49:07.439+0000][522.297s][2302588][2302601][info ] Leaving safepoint region
[2021-07-20T13:49:07.439+0000][522.297s][2302588][2302601][info ] Total time for which application threads were stopped: 0.0004547 seconds, Stopping threads took: 0.0001268 seconds
[2021-07-20T13:49:08.439+0000][523.297s][2302588][2302601][info ] Application time: 1.0000670 seconds
[2021-07-20T13:49:08.439+0000][523.297s][2302588][2302601][info ] Entering safepoint region: Cleanup
[2021-07-20T13:49:08.440+0000][523.298s][2302588][2302601][info ] Leaving safepoint region
[2021-07-20T13:49:08.440+0000][523.298s][2302588][2302601][info ] Total time for which application threads were stopped: 0.0004200 seconds, Stopping threads took: 0.0001056 seconds
[2021-07-20T13:49:09.440+0000][524.298s][2302588][2302601][info ] Application time: 1.0000624 seconds
[2021-07-20T13:49:09.440+0000][524.298s][2302588][2302601][info ] Entering safepoint region: Cleanup
[2021-07-20T13:49:09.440+0000][524.298s][2302588][2302601][info ] Leaving safepoint region
[2021-07-20T13:49:09.440+0000][524.298s][2302588][2302601][info ] Total time for which application threads were stopped: 0.0004295 seconds, Stopping threads took: 0.0001159 seconds
[2021-07-20T13:49:10.440+0000][525.298s][2302588][2302601][info ] Application time: 1.0000345 seconds
[2021-07-20T13:49:10.440+0000][525.298s][2302588][2302601][info ] Entering safepoint region: Cleanup
[2021-07-20T13:49:10.441+0000][525.299s][2302588][2302601][info ] Leaving safepoint region
[2021-07-20T13:49:10.441+0000][525.299s][2302588][2302601][info ] Total time for which application threads were stopped: 0.0004324 seconds, Stopping threads took: 0.0001070 seconds
[2021-07-20T13:49:11.441+0000][526.299s][2302588][2302601][info ] Application time: 1.0000664 seconds
[2021-07-20T13:49:11.441+0000][526.299s][2302588][2302601][info ] Entering safepoint region: Cleanup
[2021-07-20T13:49:11.441+0000][526.299s][2302588][2302601][info ] Leaving safepoint region
[2021-07-20T13:49:11.441+0000][526.299s][2302588][2302601][info ] Total time for which application threads were stopped: 0.0004596 seconds, Stopping threads took: 0.0001265 seconds
[2021-07-20T13:49:12.441+0000][527.299s][2302588][2302601][info ] Application time: 1.0000596 seconds
[2021-07-20T13:49:12.442+0000][527.299s][2302588][2302601][info ] Entering safepoint region: Cleanup
[2021-07-20T13:49:12.442+0000][527.300s][2302588][2302601][info ] Leaving safepoint region
[2021-07-20T13:49:12.442+0000][527.300s][2302588][2302601][info ] Total time for which application threads were stopped: 0.0004401 seconds, Stopping threads took: 0.0000988 seconds
[2021-07-20T13:49:13.442+0000][528.300s][2302588][2302601][info ] Application time: 1.0000658 seconds
[2021-07-20T13:49:13.442+0000][528.300s][2302588][2302601][info ] Entering safepoint region: Cleanup
[2021-07-20T13:49:13.442+0000][528.300s][2302588][2302601][info ] Leaving safepoint region
[2021-07-20T13:49:13.442+0000][528.300s][2302588][2302601][info ] Total time for which application threads were stopped: 0.0004538 seconds, Stopping threads took: 0.0001235 seconds
[2021-07-20T13:49:14.442+0000][529.300s][2302588][2302601][info ] Application time: 1.0000642 seconds
[2021-07-20T13:49:14.443+0000][529.301s][2302588][2302601][info ] Entering safepoint region: Cleanup
[2021-07-20T13:49:14.443+0000][529.301s][2302588][2302601][info ] Leaving safepoint region
[2021-07-20T13:49:14.443+0000][529.301s][2302588][2302601][info ] Total time for which application threads were stopped: 0.0004186 seconds, Stopping threads took: 0.0001037 seconds
[2021-07-20T13:49:15.443+0000][530.301s][2302588][2302601][info ] Application time: 1.0000642 seconds
[2021-07-20T13:49:15.443+0000][530.301s][2302588][2302601][info ] Entering safepoint region: Cleanup
[2021-07-20T13:49:15.443+0000][530.301s][2302588][2302601][info ] Leaving safepoint region
[2021-07-20T13:49:15.444+0000][530.301s][2302588][2302601][info ] Total time for which application threads were stopped: 0.0004504 seconds, Stopping threads took: 0.0001196 seconds
[2021-07-20T13:49:16.444+0000][531.302s][2302588][2302601][info ] Application time: 1.0000643 seconds
[2021-07-20T13:49:16.444+0000][531.302s][2302588][2302601][info ] Entering safepoint region: Cleanup
[2021-07-20T13:49:16.444+0000][531.302s][2302588][2302601][info ] Leaving safepoint region
[2021-07-20T13:49:16.444+0000][531.302s][2302588][2302601][info ] Total time for which application threads were stopped: 0.0005922 seconds, Stopping threads took: 0.0002746 seconds
[2021-07-20T13:49:17.444+0000][532.302s][2302588][2302601][info ] Application time: 1.0000677 seconds
[2021-07-20T13:49:17.444+0000][532.302s][2302588][2302601][info ] Entering safepoint region: Cleanup
[2021-07-20T13:49:17.445+0000][532.303s][2302588][2302601][info ] Leaving safepoint region
[2021-07-20T13:49:17.445+0000][532.303s][2302588][2302601][info ] Total time for which application threads were stopped: 0.0004464 seconds, Stopping threads took: 0.0001272 seconds
[2021-07-20T13:49:18.445+0000][533.303s][2302588][2302601][info ] Application time: 1.0000653 seconds
[2021-07-20T13:49:18.445+0000][533.303s][2302588][2302601][info ] Entering safepoint region: Cleanup
[2021-07-20T13:49:18.445+0000][533.303s][2302588][2302601][info ] Leaving safepoint region
[2021-07-20T13:49:18.445+0000][533.303s][2302588][2302601][info ] Total time for which application threads were stopped: 0.0004289 seconds, Stopping threads took: 0.0001075 seconds
[2021-07-20T13:49:19.445+0000][534.303s][2302588][2302601][info ] Application time: 1.0000618 seconds
[2021-07-20T13:49:19.446+0000][534.304s][2302588][2302601][info ] Entering safepoint region: Cleanup
[2021-07-20T13:49:19.446+0000][534.304s][2302588][2302601][info ] Leaving safepoint region
[2021-07-20T13:49:19.446+0000][534.304s][2302588][2302601][info ] Total time for which application threads were stopped: 0.0004678 seconds, Stopping threads took: 0.0001165 seconds
[2021-07-20T13:49:19.666+0000][534.524s][2302588][2302600][info ] Trigger: Free (817M) is below minimum threshold (819M)
[2021-07-20T13:49:19.671+0000][534.529s][2302588][2302600][info ] GC(73) Concurrent reset 4.579ms
[2021-07-20T13:49:19.671+0000][534.529s][2302588][2302601][info ] Application time: 0.2247138 seconds
[2021-07-20T13:49:19.671+0000][534.529s][2302588][2302601][info ] Entering safepoint region: ShenandoahInitMark
[2021-07-20T13:49:19.672+0000][534.530s][2302588][2302601][info ] GC(73) Pause Init Mark 0.573ms
[2021-07-20T13:49:19.672+0000][534.530s][2302588][2302601][info ] Leaving safepoint region
[2021-07-20T13:49:19.672+0000][534.530s][2302588][2302601][info ] Total time for which application threads were stopped: 0.0010268 seconds, Stopping threads took: 0.0001085 seconds
[2021-07-20T13:49:19.945+0000][534.803s][2302588][2302601][info ] Application time: 0.2733847 seconds
[2021-07-20T13:49:19.945+0000][534.803s][2302588][2302601][info ] Entering safepoint region: HandshakeFallback
[2021-07-20T13:49:19.946+0000][534.804s][2302588][2302601][info ] Leaving safepoint region
[2021-07-20T13:49:19.946+0000][534.804s][2302588][2302601][info ] Total time for which application threads were stopped: 0.0006115 seconds, Stopping threads took: 0.0001114 seconds
[2021-07-20T13:49:19.946+0000][534.804s][2302588][2302601][info ] Application time: 0.0002030 seconds
[2021-07-20T13:49:19.946+0000][534.804s][2302588][2302601][info ] Entering safepoint region: HandshakeFallback
[2021-07-20T13:49:19.946+0000][534.804s][2302588][2302601][info ] Leaving safepoint region
[2021-07-20T13:49:19.946+0000][534.804s][2302588][2302601][info ] Total time for which application threads were stopped: 0.0003105 seconds, Stopping threads took: 0.0000878 seconds
[2021-07-20T13:49:19.946+0000][534.804s][2302588][2302600][info ] GC(73) Concurrent marking 274.594ms
[2021-07-20T13:49:19.946+0000][534.804s][2302588][2302601][info ] Application time: 0.0000500 seconds
[2021-07-20T13:49:19.946+0000][534.804s][2302588][2302601][info ] Entering safepoint region: ShenandoahFinalMarkStartEvac
[2021-07-20T13:49:19.948+0000][534.806s][2302588][2302601][info ] GC(73) Pause Final Mark 1.096ms
[2021-07-20T13:49:19.948+0000][534.806s][2302588][2302601][info ] Leaving safepoint region
[2021-07-20T13:49:19.948+0000][534.806s][2302588][2302601][info ] Total time for which application threads were stopped: 0.0013308 seconds, Stopping threads took: 0.0000349 seconds
[2021-07-20T13:49:19.948+0000][534.806s][2302588][2302600][info ] GC(73) Concurrent cleanup 7078M->6278M(8192M) 0.059ms
[2021-07-20T13:49:19.962+0000][534.820s][2302588][2302600][info ] GC(73) Concurrent evacuation 13.933ms
[2021-07-20T13:49:19.962+0000][534.820s][2302588][2302601][info ] Application time: 0.0140965 seconds
[2021-07-20T13:49:19.962+0000][534.820s][2302588][2302601][info ] Entering safepoint region: ShenandoahInitUpdateRefs
[2021-07-20T13:49:19.962+0000][534.820s][2302588][2302601][info ] GC(73) Pause Init Update Refs 0.046ms
[2021-07-20T13:49:19.962+0000][534.820s][2302588][2302601][info ] Leaving safepoint region
[2021-07-20T13:49:19.962+0000][534.820s][2302588][2302601][info ] Total time for which application threads were stopped: 0.0005375 seconds, Stopping threads took: 0.0001361 seconds
[2021-07-20T13:49:20.063+0000][534.921s][2302588][2302600][info ] GC(73) Concurrent update references 100.948ms
[2021-07-20T13:49:20.063+0000][534.921s][2302588][2302601][info ] Application time: 0.1010222 seconds
[2021-07-20T13:49:20.063+0000][534.921s][2302588][2302601][info ] Entering safepoint region: ShenandoahFinalUpdateRefs
[2021-07-20T13:49:20.064+0000][534.922s][2302588][2302601][info ] GC(73) Pause Final Update Refs 0.326ms
[2021-07-20T13:49:20.064+0000][534.922s][2302588][2302601][info ] Leaving safepoint region
[2021-07-20T13:49:20.064+0000][534.922s][2302588][2302601][info ] Total time for which application threads were stopped: 0.0008126 seconds, Stopping threads took: 0.0001272 seconds
[2021-07-20T13:49:20.064+0000][534.922s][2302588][2302600][info ] GC(73) Concurrent cleanup 6358M->614M(8192M) 0.199ms
[2021-07-20T13:49:21.064+0000][535.922s][2302588][2302601][info ] Application time: 1.0000680 seconds
[2021-07-20T13:49:21.064+0000][535.922s][2302588][2302601][info ] Entering safepoint region: Cleanup
[2021-07-20T13:49:21.065+0000][535.923s][2302588][2302601][info ] Leaving safepoint region
[2021-07-20T13:49:21.065+0000][535.923s][2302588][2302601][info ] Total time for which application threads were stopped: 0.0004272 seconds, Stopping threads took: 0.0001117 seconds
[2021-07-20T13:49:22.065+0000][536.923s][2302588][2302601][info ] Application time: 1.0000647 seconds
[2021-07-20T13:49:22.065+0000][536.923s][2302588][2302601][info ] Entering safepoint region: Cleanup
[2021-07-20T13:49:22.065+0000][536.923s][2302588][2302601][info ] Leaving safepoint region
[2021-07-20T13:49:22.065+0000][536.923s][2302588][2302601][info ] Total time for which application threads were stopped: 0.0004526 seconds, Stopping threads took: 0.0001224 seconds
[2021-07-20T13:49:23.065+0000][537.923s][2302588][2302601][info ] Application time: 1.0000191 seconds
[2021-07-20T13:49:23.065+0000][537.923s][2302588][2302601][info ] Entering safepoint region: Cleanup
[2021-07-20T13:49:23.066+0000][537.924s][2302588][2302601][info ] Leaving safepoint region
[2021-07-20T13:49:23.066+0000][537.924s][2302588][2302601][info ] Total time for which application threads were stopped: 0.0004539 seconds, Stopping threads took: 0.0001316 seconds
[2021-07-20T13:49:24.066+0000][538.924s][2302588][2302601][info ] Application time: 1.0000670 seconds
[2021-07-20T13:49:24.066+0000][538.924s][2302588][2302601][info ] Entering safepoint region: Cleanup
[2021-07-20T13:49:24.066+0000][538.924s][2302588][2302601][info ] Leaving safepoint region
[2021-07-20T13:49:24.066+0000][538.924s][2302588][2302601][info ] Total time for which application threads were stopped: 0.0004319 seconds, Stopping threads took: 0.0001079 seconds
[2021-07-20T13:49:25.066+0000][539.924s][2302588][2302601][info ] Application time: 1.0000643 seconds
[2021-07-20T13:49:25.067+0000][539.925s][2302588][2302601][info ] Entering safepoint region: Cleanup
[2021-07-20T13:49:25.067+0000][539.925s][2302588][2302601][info ] Leaving safepoint region
[2021-07-20T13:49:25.067+0000][539.925s][2302588][2302601][info ] Total time for which application threads were stopped: 0.0004239 seconds, Stopping threads took: 0.0001115 seconds
[2021-07-20T13:49:26.067+0000][540.925s][2302588][2302601][info ] Application time: 1.0000632 seconds
[2021-07-20T13:49:26.067+0000][540.925s][2302588][2302601][info ] Entering safepoint region: Cleanup
[2021-07-20T13:49:26.067+0000][540.925s][2302588][2302601][info ] Leaving safepoint region
[2021-07-20T13:49:26.067+0000][540.925s][2302588][2302601][info ] Total time for which application threads were stopped: 0.0004379 seconds, Stopping threads took: 0.0001267 seconds
[2021-07-20T13:49:27.068+0000][541.925s][2302588][2302601][info ] Application time: 1.0000388 seconds
[2021-07-20T13:49:27.068+0000][541.926s][2302588][2302601][info ] Entering safepoint region: Cleanup
[2021-07-20T13:49:27.068+0000][541.926s][2302588][2302601][info ] Leaving safepoint region
[2021-07-20T13:49:27.068+0000][541.926s][2302588][2302601][info ] Total time for which application threads were stopped: 0.0004347 seconds, Stopping threads took: 0.0001200 seconds
[2021-07-20T13:49:28.068+0000][542.926s][2302588][2302601][info ] Application time: 1.0000650 seconds
[2021-07-20T13:49:28.068+0000][542.926s][2302588][2302601][info ] Entering safepoint region: Cleanup
[2021-07-20T13:49:28.069+0000][542.926s][2302588][2302601][info ] Leaving safepoint region
[2021-07-20T13:49:28.069+0000][542.927s][2302588][2302601][info ] Total time for which application threads were stopped: 0.0004352 seconds, Stopping threads took: 0.0001090 seconds
[2021-07-20T13:49:29.069+0000][543.927s][2302588][2302601][info ] Application time: 1.0000638 seconds
[2021-07-20T13:49:29.069+0000][543.927s][2302588][2302601][info ] Entering safepoint region: Cleanup
[2021-07-20T13:49:29.069+0000][543.927s][2302588][2302601][info ] Leaving safepoint region
[2021-07-20T13:49:29.069+0000][543.927s][2302588][2302601][info ] Total time for which application threads were stopped: 0.0004149 seconds, Stopping threads took: 0.0001087 seconds
[2021-07-20T13:49:30.069+0000][544.927s][2302588][2302601][info ] Application time: 1.0000612 seconds
[2021-07-20T13:49:30.069+0000][544.927s][2302588][2302601][info ] Entering safepoint region: Cleanup
[2021-07-20T13:49:30.070+0000][544.928s][2302588][2302601][info ] Leaving safepoint region
[2021-07-20T13:49:30.070+0000][544.928s][2302588][2302601][info ] Total time for which application threads were stopped: 0.0004465 seconds, Stopping threads took: 0.0001266 seconds
[2021-07-20T13:49:31.070+0000][545.928s][2302588][2302601][info ] Application time: 1.0000304 seconds
[2021-07-20T13:49:31.070+0000][545.928s][2302588][2302601][info ] Entering safepoint region: Cleanup
[2021-07-20T13:49:31.070+0000][545.928s][2302588][2302601][info ] Leaving safepoint region
[2021-07-20T13:49:31.070+0000][545.928s][2302588][2302601][info ] Total time for which application threads were stopped: 0.0004472 seconds, Stopping threads took: 0.0001279 seconds
[2021-07-20T13:49:32.070+0000][546.928s][2302588][2302601][info ] Application time: 1.0000628 seconds
[2021-07-20T13:49:32.070+0000][546.928s][2302588][2302601][info ] Entering safepoint region: Cleanup
[2021-07-20T13:49:32.071+0000][546.929s][2302588][2302601][info ] Leaving safepoint region
[2021-07-20T13:49:32.071+0000][546.929s][2302588][2302601][info ] Total time for which application threads were stopped: 0.0004194 seconds, Stopping threads took: 0.0001108 seconds
[2021-07-20T13:49:33.071+0000][547.929s][2302588][2302601][info ] Application time: 1.0000659 seconds
[2021-07-20T13:49:33.071+0000][547.929s][2302588][2302601][info ] Entering safepoint region: Cleanup
[2021-07-20T13:49:33.071+0000][547.929s][2302588][2302601][info ] Leaving safepoint region
[2021-07-20T13:49:33.071+0000][547.929s][2302588][2302601][info ] Total time for which application threads were stopped: 0.0004325 seconds, Stopping threads took: 0.0001063 seconds
[2021-07-20T13:49:34.071+0000][548.929s][2302588][2302601][info ] Application time: 1.0000629 seconds
[2021-07-20T13:49:34.072+0000][548.930s][2302588][2302601][info ] Entering safepoint region: Cleanup
[2021-07-20T13:49:34.072+0000][548.930s][2302588][2302601][info ] Leaving safepoint region
[2021-07-20T13:49:34.072+0000][548.930s][2302588][2302601][info ] Total time for which application threads were stopped: 0.0004467 seconds, Stopping threads took: 0.0001345 seconds
[2021-07-20T13:49:35.072+0000][549.930s][2302588][2302601][info ] Application time: 1.0000651 seconds
[2021-07-20T13:49:35.072+0000][549.930s][2302588][2302601][info ] Entering safepoint region: Cleanup
[2021-07-20T13:49:35.073+0000][549.931s][2302588][2302601][info ] Leaving safepoint region
[2021-07-20T13:49:35.073+0000][549.931s][2302588][2302601][info ] Total time for which application threads were stopped: 0.0004424 seconds, Stopping threads took: 0.0001308 seconds
[2021-07-20T13:49:36.073+0000][550.931s][2302588][2302601][info ] Application time: 1.0000668 seconds
[2021-07-20T13:49:36.073+0000][550.931s][2302588][2302601][info ] Entering safepoint region: Cleanup
[2021-07-20T13:49:36.073+0000][550.931s][2302588][2302601][info ] Leaving safepoint region
[2021-07-20T13:49:36.073+0000][550.931s][2302588][2302601][info ] Total time for which application threads were stopped: 0.0004493 seconds, Stopping threads took: 0.0001302 seconds
[2021-07-20T13:49:37.073+0000][551.931s][2302588][2302601][info ] Application time: 1.0000608 seconds
[2021-07-20T13:49:37.073+0000][551.931s][2302588][2302601][info ] Entering safepoint region: Cleanup
[2021-07-20T13:49:37.074+0000][551.932s][2302588][2302601][info ] Leaving safepoint region
[2021-07-20T13:49:37.074+0000][551.932s][2302588][2302601][info ] Total time for which application threads were stopped: 0.0004231 seconds, Stopping threads took: 0.0001164 seconds
[2021-07-20T13:49:38.074+0000][552.932s][2302588][2302601][info ] Application time: 1.0000660 seconds
[2021-07-20T13:49:38.074+0000][552.932s][2302588][2302601][info ] Entering safepoint region: Cleanup
[2021-07-20T13:49:38.074+0000][552.932s][2302588][2302601][info ] Leaving safepoint region
[2021-07-20T13:49:38.074+0000][552.932s][2302588][2302601][info ] Total time for which application threads were stopped: 0.0004894 seconds, Stopping threads took: 0.0001477 seconds
[2021-07-20T13:49:38.330+0000][553.188s][2302588][2302600][info ] Trigger: Free (817M) is below minimum threshold (819M)
[2021-07-20T13:49:38.335+0000][553.193s][2302588][2302600][info ] GC(74) Concurrent reset 4.513ms
[2021-07-20T13:49:38.335+0000][553.193s][2302588][2302601][info ] Application time: 0.2607499 seconds
[2021-07-20T13:49:38.335+0000][553.193s][2302588][2302601][info ] Entering safepoint region: ShenandoahInitMark
[2021-07-20T13:49:38.336+0000][553.194s][2302588][2302601][info ] GC(74) Pause Init Mark 0.588ms
[2021-07-20T13:49:38.336+0000][553.194s][2302588][2302601][info ] Leaving safepoint region
[2021-07-20T13:49:38.336+0000][553.194s][2302588][2302601][info ] Total time for which application threads were stopped: 0.0010540 seconds, Stopping threads took: 0.0001191 seconds
[2021-07-20T13:49:38.590+0000][553.448s][2302588][2302601][info ] Application time: 0.2537494 seconds
[2021-07-20T13:49:38.590+0000][553.448s][2302588][2302601][info ] Entering safepoint region: HandshakeFallback
[2021-07-20T13:49:38.591+0000][553.449s][2302588][2302601][info ] Leaving safepoint region
[2021-07-20T13:49:38.591+0000][553.449s][2302588][2302601][info ] Total time for which application threads were stopped: 0.0006321 seconds, Stopping threads took: 0.0001082 seconds
[2021-07-20T13:49:38.591+0000][553.449s][2302588][2302601][info ] Application time: 0.0002196 seconds
[2021-07-20T13:49:38.591+0000][553.449s][2302588][2302601][info ] Entering safepoint region: HandshakeFallback
[2021-07-20T13:49:38.591+0000][553.449s][2302588][2302601][info ] Leaving safepoint region
[2021-07-20T13:49:38.591+0000][553.449s][2302588][2302601][info ] Total time for which application threads were stopped: 0.0003675 seconds, Stopping threads took: 0.0001412 seconds
[2021-07-20T13:49:38.591+0000][553.449s][2302588][2302600][info ] GC(74) Concurrent marking 255.067ms
[2021-07-20T13:49:38.591+0000][553.449s][2302588][2302601][info ] Application time: 0.0000588 seconds
[2021-07-20T13:49:38.591+0000][553.449s][2302588][2302601][info ] Entering safepoint region: ShenandoahFinalMarkStartEvac
[2021-07-20T13:49:38.593+0000][553.451s][2302588][2302601][info ] GC(74) Pause Final Mark 1.195ms
[2021-07-20T13:49:38.593+0000][553.451s][2302588][2302601][info ] Leaving safepoint region
[2021-07-20T13:49:38.593+0000][553.451s][2302588][2302601][info ] Total time for which application threads were stopped: 0.0014727 seconds, Stopping threads took: 0.0000579 seconds
[2021-07-20T13:49:38.593+0000][553.451s][2302588][2302600][info ] GC(74) Concurrent cleanup 7070M->5959M(8192M) 0.062ms
[2021-07-20T13:49:38.605+0000][553.463s][2302588][2302600][info ] GC(74) Concurrent evacuation 12.430ms
[2021-07-20T13:49:38.605+0000][553.463s][2302588][2302601][info ] Application time: 0.0126109 seconds
[2021-07-20T13:49:38.606+0000][553.464s][2302588][2302601][info ] Entering safepoint region: ShenandoahInitUpdateRefs
[2021-07-20T13:49:38.606+0000][553.464s][2302588][2302601][info ] GC(74) Pause Init Update Refs 0.034ms
[2021-07-20T13:49:38.606+0000][553.464s][2302588][2302601][info ] Leaving safepoint region
[2021-07-20T13:49:38.606+0000][553.464s][2302588][2302601][info ] Total time for which application threads were stopped: 0.0005855 seconds, Stopping threads took: 0.0001755 seconds
[2021-07-20T13:49:38.708+0000][553.566s][2302588][2302600][info ] GC(74) Concurrent update references 102.058ms
[2021-07-20T13:49:38.708+0000][553.566s][2302588][2302601][info ] Application time: 0.1021399 seconds
[2021-07-20T13:49:38.708+0000][553.566s][2302588][2302601][info ] Entering safepoint region: ShenandoahFinalUpdateRefs
[2021-07-20T13:49:38.709+0000][553.567s][2302588][2302601][info ] GC(74) Pause Final Update Refs 0.341ms
[2021-07-20T13:49:38.709+0000][553.567s][2302588][2302601][info ] Leaving safepoint region
[2021-07-20T13:49:38.709+0000][553.567s][2302588][2302601][info ] Total time for which application threads were stopped: 0.0008353 seconds, Stopping threads took: 0.0001280 seconds
[2021-07-20T13:49:38.709+0000][553.567s][2302588][2302600][info ] GC(74) Concurrent cleanup 6039M->599M(8192M) 0.163ms
[2021-07-20T13:49:39.709+0000][554.567s][2302588][2302601][info ] Application time: 1.0000650 seconds
[2021-07-20T13:49:39.709+0000][554.567s][2302588][2302601][info ] Entering safepoint region: Cleanup
[2021-07-20T13:49:39.710+0000][554.568s][2302588][2302601][info ] Leaving safepoint region
[2021-07-20T13:49:39.710+0000][554.568s][2302588][2302601][info ] Total time for which application threads were stopped: 0.0004650 seconds, Stopping threads took: 0.0001173 seconds
[2021-07-20T13:49:40.710+0000][555.568s][2302588][2302601][info ] Application time: 1.0000634 seconds
[2021-07-20T13:49:40.710+0000][555.568s][2302588][2302601][info ] Entering safepoint region: Cleanup
[2021-07-20T13:49:40.710+0000][555.568s][2302588][2302601][info ] Leaving safepoint region
[2021-07-20T13:49:40.710+0000][555.568s][2302588][2302601][info ] Total time for which application threads were stopped: 0.0004202 seconds, Stopping threads took: 0.0001084 seconds
[2021-07-20T13:49:41.710+0000][556.568s][2302588][2302601][info ] Application time: 1.0000536 seconds
[2021-07-20T13:49:41.710+0000][556.568s][2302588][2302601][info ] Entering safepoint region: Cleanup
[2021-07-20T13:49:41.711+0000][556.569s][2302588][2302601][info ] Leaving safepoint region
[2021-07-20T13:49:41.711+0000][556.569s][2302588][2302601][info ] Total time for which application threads were stopped: 0.0004340 seconds, Stopping threads took: 0.0001244 seconds
[2021-07-20T13:49:59.712+0000][574.570s][2302588][2302601][info ] Application time: 18.0011341 seconds
[2021-07-20T13:49:59.712+0000][574.570s][2302588][2302601][info ] Entering safepoint region: Cleanup
[2021-07-20T13:49:59.712+0000][574.570s][2302588][2302601][info ] Leaving safepoint region
[2021-07-20T13:49:59.712+0000][574.570s][2302588][2302601][info ] Total time for which application threads were stopped: 0.0004587 seconds, Stopping threads took: 0.0000852 seconds
